# Oni combat log — 2026-09-02 20:09:43
# Unity 6000.2.7f2 | scene 'CaveScene_Oni_Boss1' | platform OSXEditor
# columns: [frame realSeconds timeScale] KIND message      (KIND: LOG WARN ERR EXC TEL)
#
[     0    0.000 x1.00] LOG  [OniLog] console + telemetry → /Users/asenahazal/Documents/Yoru/OniLogs/oni_2026-09-02_20-09-43.log
[     1    0.000 x1.00] LOG  [TailAirShot4Leg] Ready. drawState=shoot_4Leg castParam=Shoot4LegSpeed (found) readyFrame=5 fireFrame=10 frames=24 slowBudget=3s real damageMultiplier=2.00
  arrow leaves: PlayerYoru_1.1/Cat_All_10_Tails_v4/Group/DeformationSystem/root/Root_M/Tail15_R/Tail151_R/Tail152_R/Tail153_R/Tail154_R/Tail155_R/Tail156_R/Tail157_R/Tail158_R/Tail159_R/Tail1510_R/Tail1511_R/Tail1512_R/Tail6_R/Tail6_R_end/Tail6_R_end_end/Tail6_R_end_end_end/RightTailTip_Anchor
  aim VFX left:  PlayerYoru_1.1/Cat_All_10_Tails_v4/Group/DeformationSystem/root/Root_M/Tail15_L/Tail151_L/Tail152_L/Tail153_L/Tail154_L/Tail155_L/Tail156_L/Tail157_L/Tail158_L/Tail159_L/Tail1510_L/Tail1511_L/Tail1512_L/Tail6_L/Tail6_L_end/Tail6_L_end_end/Tail6_L_end_end_end/LeftTailTip_Anchor/Glow_4Leg_L
  aim VFX right: PlayerYoru_1.1/Cat_All_10_Tails_v4/Group/DeformationSystem/root/Root_M/Tail15_R/Tail151_R/Tail152_R/Tail153_R/Tail154_R/Tail155_R/Tail156_R/Tail157_R/Tail158_R/Tail159_R/Tail1510_R/Tail1511_R/Tail1512_R/Tail6_R/Tail6_R_end/Tail6_R_end_end/Tail6_R_end_end_end/RightTailTip_Anchor/Glow_4Leg_R
[     1    0.000 x1.00] LOG  [TailAirShot] Ready. drawState=RightTail_Fast castParam=TailCastSpeed (found)
  arrow leaves: PlayerYoru_1.1/Cat_All_10_Tails_v4/Group/DeformationSystem/root/Root_M/Tail15_R/Tail151_R/Tail152_R/Tail153_R/Tail154_R/Tail155_R/Tail156_R/Tail157_R/Tail158_R/Tail159_R/Tail1510_R/Tail1511_R/Tail1512_R/Tail6_R/Tail6_R_end/Tail6_R_end_end/Tail6_R_end_end_end/RightTailTip_Anchor
  aim VFX: PlayerYoru_1.1/Cat_All_10_Tails_v4/Group/DeformationSystem/root/Root_M/Tail15_R/Tail151_R/Tail152_R/Tail153_R/Tail154_R/Tail155_R/Tail156_R/Tail157_R/Tail158_R/Tail159_R/Tail1510_R/Tail1511_R/Tail1512_R/Tail6_R/Tail6_R_end/Tail6_R_end_end/Tail6_R_end_end_end/RightTailTip_Anchor/vfx_Muzzle_Fireball01Blue
[     1    0.000 x1.00] LOG  [PlayerCombat] Phase 2 form gate CONNECTED (FormController found on this GameObject).
[     1    0.000 x1.00] LOG  [Combat] PlayerCombat initialized — Phase 3C v27
[     1    0.000 x1.00] LOG  [RingMesh] VFX Status:
[     1    0.000 x1.00] LOG    Left: Prefab=✓, Spawn=Tail6_L_end_end_end
[     1    0.000 x1.00] LOG    Right: Prefab=✓, Spawn=Tail6_R_end_end_end
[     1    0.000 x1.00] LOG  === VFX MANAGER INITIALIZED ===
[     1    0.000 x1.00] LOG  Auto-detect animations: False
[     1    0.000 x1.00] LOG  Parent effects to tail: True
[     1    0.000 x1.00] LOG  Prefabs: Jump=True, Land=True, LTail=True, RTail=True
[     1    0.000 x1.00] LOG  ✅ Left Tail Tip: LeftTailVFX
[     1    0.000 x1.00] LOG  ✅ Right Tail Tip: RightTailTip_Anchor
[     1    0.000 x1.00] LOG  [StormWeather] layer 'TerrainLayer_Dirt_01' dry smoothness=0.00 (restore to this if a crash ever leaves it wet)
[     1    0.000 x1.00] LOG  [StormWeather] COZY bridge: Rain_Cave retired — COZY owns the rain now.
[     1    0.000 x1.00] LOG  [StormWeather] COZY → 'Receeding Storm' (phase 1 — dark clouds gather)
[     1    0.000 x1.00] LOG  [StormWeather] Ready. Rain on, floor drying... wait, soaking.
[     1    0.000 x1.00] LOG  [FreezeDebug v3] Armed. Manual=L. Auto=True. Buffer=60 snaps @ 0.1s = 6.0s history.
[     1    0.000 x1.00] LOG  [BossBar] BossHealthBarUI initialized
[     1    0.000 x1.00] LOG  OniBoss initialized with 500 HP
[     1    0.000 x1.00] LOG  [OniBoss] ANIMATOR SETUP: cullingMode=CullUpdateTransforms updateMode=Normal applyRootMotion=False speed=1
[     1    0.000 x1.00] LOG  [OniBoss] Initialized
[     1    0.000 x1.00] LOG  [OniBoss:Layer] facing: minFlat 1m, snapOnAttack off, trackInHitReact off
[     1    0.000 x1.00] LOG  [OniBoss:Layer] Yoru launch model ON: launches ALL THE WAY to an enemy within 4.7m of its surface at 10m/s (stop gap 0.00m, NO minimum distance), else steps 0.90m forward. Targeting cone left exactly as her prefab has it.
[     1    0.000 x1.00] LOG  [OniBoss:Layer] Yoru launch ROUND 9: airborne attacks launch too (ON), edge probe now runs on its OWN layer mask (Everything) instead of the line-of-sight mask - the Ground-only mask found no floor in this cave and was cancelling 100% of launches at 0.00m travelled.
[     1    0.000 x1.00] LOG  [OniBoss:Layer] animator speed x1.35 — his 1.13s swing now plays in 0.84s.
[     1    0.000 x1.00] LOG  [OniBoss:Layer] chase speed pushed: phase1 4.5, phase2 5.5 (Yoru runs at 7).
[     1    0.000 x1.00] LOG  [OniBoss:Layer] ground wave ON (round 38): half the club's damage on TOUCH, 12m/s x 6.0m from 1.6m in front at 0.35m height — a club hit cancels that swing's wave, jumping clears it. Per-attack effects come from the Swing Wave VFX By Attack rows. PlayerHealth found, PlayerMovement found.
[     1    0.000 x1.00] LOG  [StormWeather] storm break HELD (waiting for the lightning beat)
[     1    0.000 x1.00] LOG  [OniBoss:Layer] storm break HELD — it releases at the lightning-on-the-club beat.
[     1    0.000 x1.00] LOG  [OniBoss:Layer] club tracking ON — tip 'Kanabo3' (depth 4), shaft root 'kanabo'.
[     1    0.000 x1.00] LOG  [OniBoss:Layer] skinned meshes: 46 renderer(s), updateWhenOffscreen ON, body renderer 'Body' rootBone 'Hips'
[     1    0.000 x1.00] LOG  [OniBoss:Layer] charge travel bone: 'Hips' at depth 1 under 'OniBoss', rest local (0.00, 3.24, -0.24)
[     1    0.000 x1.00] LOG  [OniBoss:Layer] anti-kite ON: thrown swing after 4s of failed chase (within 7.6m), charge after 6s.
[     1    0.000 x1.00] LOG  [OniBoss:Layer] charge drive ON (windup to 0.40 at x1.3, rush 14m/s stops at 2.6m, steers 0.35s then commits, strike section from 0.58, strike moment 0.76, trail VFX off)
[     1    0.000 x1.00] LOG  [OniBoss:Layer] attack armor ON (his swings are not interrupted by light/medium hits; heavy hits and rapid-hit bursts still stop him)
[     1    0.000 x1.00] LOG  [OniBoss:Layer] strike moments overridden: Club_Swing=0.42 ClubSwing2=0.32 ClubSlam=0.85 KanaboSweep=0.48
[     1    0.000 x1.00] LOG  [OniBoss:Layer] club TOUCH hits ON (radius 0.70m, min tip speed 50m/s, armed from 0.20 of the clip): Club_Swing ClubSwing2 ClubSlam KanaboSweep. First touch wins — club full damage, wave half, one hit per swing.
[     1    0.000 x1.00] LOG  [OniBoss:Layer] combo damage ramp ON: mid x1.25, finisher x1.50 — finisher wave carries FULL damage at x2.0 size, x2.0 travel.
[     1    0.000 x1.00] LOG  [OniBoss:Layer] charge follow-up ON: 90 % of solo charges chain into a random melee finisher.
[     1    0.000 x1.00] LOG  [OniBoss:Layer] hold-ground ON (backstep 1.5m @ 1.6m/s after own attacks, watch 'Watch', attack facing LOCKED)
[     1    0.000 x1.00] LOG  [OniBoss:Layer] OniBoss layer ready (reactions, wake-on-hit, watch stance, boss bar). player=found
[     1    0.000 x1.00] LOG  [OniBoss:Layer] charge clip 'Oni Charge.fbx' imports with Root Motion Node = None (in place) — good.
[     1    0.000 x1.00] LOG  [OniBoss:Layer] clips importing with Root Transform Position (Y) NOT baked into pose (12): Oni_Alert(Oni Alert), Club_Slam(Oni Club Slam), Club_Swing(Oni Club Swing), Club_swing2(Oni Club Swing 2), Death(Oni Death Kneel), Hit_react_light(Oni Hit react lighter light), KanaboSweep(Oni Kanabo sweep), Phase_Transition(Oni Phase transition), run(Oni Run), Walk(Oni Walk), Watch(Oni Watch), Idle(Oni Idle) — their hips' up/down motion is stripped (see round notes; optional).
[     1    0.000 x1.00] LOG  [VolumetricFogController] Found VolumetricFog component on mainCamera (1)
[     1    0.000 x1.00] LOG  [VolumetricFogController] Reflection init: density=True, height=True, baselineHeight=True, alpha=True, noiseStrength=True, lightScatteringExposure=True
[     1    0.000 x1.00] LOG  [VolumetricFogController] Initialized with Neutral preset (height=60, baselineHeight=0)
[     1    0.000 x1.00] WARN [VolumetricFogController] WorldStateManager not found!
[     1    0.000 x1.00] LOG  [CameraGameFeel] CameraGameFeel initialized (shake + FOV)
[     1    2.503 x1.00] LOG  [OniBoss] Playing animation: Idle
[     1    2.503 x1.00] LOG  [OniBoss:Layer] watch stance ON (player 13.4m)
[    49    3.280 x1.00] LOG  💨 Landing VFX spawned!
[    49    3.280 x1.00] LOG  ✅ LANDED! (was jump #0)
[  2131   15.345 x1.00] LOG  
==================== [FREEZE-DEBUG v3] ====================
  Reason : WASD-NOMOVE: WASD recent + speed 0.00m/s for 0.40s
  Time   : 12.351s   Frame: 2131   Snaps: 60
===========================================================

--- CURRENT STATE ---
  Flags: atk=False hvy=False dod=False dsh=False
         grd=False hit=False aerial=False lockPos=False
         comboStep=0
  Anim : speed=1.00  combatLayer hash=-792875657 normT=12.347 weight=1.00 inTransition=False
  CC   : grounded=True  enabled=True  pos=(475.61, 1.38, 427.13)  vel=(0.00, 0.00, 0.00)
  Move : IsRunning=True
  Input: H=1.00 V=0.00  LMB=False MMB=False Q=False Sp=False Sh=True C=False
         WASD pressed in last 0.5s: True (last 0.00s ago)

--- FLIGHT RECORDER (60 snapshots, oldest first, dt=0.10s) ---
  Legend: flags = A(tk) H(vy) D(od) S(sh) G(rd) R(eact) Y(aerial) L(ock)   gnd/cc: Y/n
  t-now    flags     step gnd cc anSp normT layW tr | posX     posZ     spd   | H    V    LMB MMB Q  Sp Sh C
  ------   --------  ---- --- -- ---- ----- ---- -- | -----    -----    ----  | ---- ---- --- --- -- -- -- -
  - 6.18s  --------    0  Y   Y  1.00  6.16 1.00 -  |   474.5    427.2  0.00 |  0.0  0.0 0   0   0  0  0  0
  - 6.08s  --------    0  Y   Y  1.00  6.27 1.00 -  |   474.5    427.2  0.00 |  0.0  0.0 0   0   0  0  0  0
  - 5.98s  --------    0  Y   Y  1.00  6.37 1.00 -  |   474.5    427.2  0.00 |  0.0  0.0 0   0   0  0  0  0
  - 5.88s  --------    0  Y   Y  1.00  6.47 1.00 -  |   474.5    427.2  0.00 |  0.0  0.0 0   0   0  0  0  0
  - 5.77s  --------    0  Y   Y  1.00  6.57 1.00 -  |   474.5    427.2  0.00 |  0.0  0.0 0   0   0  0  0  0
  - 5.67s  --------    0  Y   Y  1.00  6.68 1.00 -  |   474.5    427.2  0.00 |  0.0  0.0 0   0   0  0  0  0
  - 5.57s  --------    0  Y   Y  1.00  6.78 1.00 -  |   474.5    427.2  0.00 |  0.0  0.0 0   0   0  0  0  0
  - 5.46s  --------    0  Y   Y  1.00  6.88 1.00 -  |   474.5    427.2  0.00 |  0.0  0.0 0   0   0  0  0  0
  - 5.36s  --------    0  Y   Y  1.00  6.98 1.00 -  |   474.5    427.2  0.00 |  0.0  0.0 0   0   0  0  0  0
  - 5.25s  --------    0  Y   Y  1.00  7.09 1.00 -  |   474.5    427.2  0.00 |  0.0  0.0 0   0   0  0  0  0
  - 5.15s  --------    0  Y   Y  1.00  7.19 1.00 -  |   474.5    427.2  0.00 |  0.0  0.0 0   0   0  0  0  0
  - 5.05s  --------    0  Y   Y  1.00  7.29 1.00 -  |   474.5    427.2  0.00 |  0.0  0.0 0   0   0  0  0  0
  - 4.94s  --------    0  Y   Y  1.00  7.40 1.00 -  |   474.5    427.2  0.00 |  0.0  0.0 0   0   0  0  0  0
  - 4.84s  --------    0  Y   Y  1.00  7.50 1.00 -  |   474.5    427.2  0.00 |  0.0  0.0 0   0   0  0  0  0
  - 4.74s  --------    0  Y   Y  1.00  7.60 1.00 -  |   474.5    427.2  0.00 |  0.0  0.0 0   0   0  0  0  0
  - 4.64s  --------    0  Y   Y  1.00  7.71 1.00 -  |   474.5    427.2  0.00 |  0.0  0.0 0   0   0  0  0  0
  - 4.54s  --------    0  Y   Y  1.00  7.81 1.00 -  |   474.5    427.2  0.00 |  0.0  0.0 0   0   0  0  0  0
  - 4.42s  --------    0  Y   Y  1.00  7.92 1.00 -  |   474.5    427.2  0.00 |  0.0  0.0 0   0   0  0  0  0
  - 4.30s  --------    0  Y   Y  1.00  8.03 1.00 -  |   474.5    427.2  0.00 |  0.0  0.0 0   0   0  0  0  0
  - 4.19s  --------    0  Y   Y  1.00  8.15 1.00 -  |   474.5    427.2  0.00 |  0.0  0.0 0   0   0  0  0  0
  - 4.08s  --------    0  Y   Y  1.00  8.26 1.00 -  |   474.5    427.2  0.00 |  0.0  0.0 0   0   0  0  0  0
  - 3.98s  --------    0  Y   Y  1.00  8.36 1.00 -  |   474.5    427.2  0.00 |  0.0  0.0 0   0   0  0  0  0
  - 3.87s  --------    0  Y   Y  1.00  8.47 1.00 -  |   474.5    427.2  0.00 |  0.0  0.0 0   0   0  0  0  0
  - 3.76s  --------    0  Y   Y  1.00  8.58 1.00 -  |   474.5    427.2  0.00 |  0.0  0.0 0   0   0  0  0  0
  - 3.66s  --------    0  Y   Y  1.00  8.69 1.00 -  |   474.5    427.2  0.00 |  0.0  0.0 0   0   0  0  0  0
  - 3.55s  --------    0  Y   Y  1.00  8.79 1.00 -  |   474.5    427.2  0.00 |  0.0  0.0 0   0   0  0  0  0
  - 3.45s  --------    0  Y   Y  1.00  8.89 1.00 -  |   474.5    427.2  0.00 |  0.0  0.0 0   0   0  0  0  0
  - 3.34s  --------    0  Y   Y  1.00  9.00 1.00 -  |   474.5    427.2  0.00 |  0.0  0.0 0   0   0  0  0  0
  - 3.24s  --------    0  Y   Y  1.00  9.10 1.00 -  |   474.5    427.2  0.00 |  0.0  0.0 0   0   0  0  0  0
  - 3.13s  --------    0  Y   Y  1.00  9.21 1.00 -  |   474.5    427.2  0.00 |  0.0  0.0 0   0   0  0  0  0
  - 3.03s  --------    0  Y   Y  1.00  9.31 1.00 -  |   474.5    427.2  0.00 |  0.0  0.0 0   0   0  0  0  0
  - 2.92s  --------    0  Y   Y  1.00  9.42 1.00 -  |   474.5    427.2  0.00 |  0.0  0.0 0   0   0  0  0  0
  - 2.82s  --------    0  Y   Y  1.00  9.52 1.00 -  |   474.5    427.2  0.00 |  0.0  0.0 0   0   0  0  0  0
  - 2.72s  --------    0  Y   Y  1.00  9.62 1.00 -  |   474.5    427.2  0.00 |  0.0  0.0 0   0   0  0  0  0
  - 2.61s  --------    0  Y   Y  1.00  9.73 1.00 -  |   474.5    427.2  0.00 |  0.0  0.0 0   0   0  0  0  0
  - 2.51s  --------    0  Y   Y  1.00  9.83 1.00 -  |   474.5    427.2  0.00 |  0.0  0.0 0   0   0  0  0  0
  - 2.41s  --------    0  Y   Y  1.00  9.93 1.00 -  |   474.5    427.2  0.00 |  0.0  0.0 0   0   0  0  0  0
  - 2.30s  --------    0  Y   Y  1.00 10.04 1.00 -  |   474.5    427.2  0.00 |  0.0  0.0 0   0   0  0  0  0
  - 2.19s  --------    0  Y   Y  1.00 10.15 1.00 -  |   474.5    427.2  0.00 |  0.0  0.0 0   0   0  0  0  0
  - 2.08s  --------    0  Y   Y  1.00 10.26 1.00 -  |   474.5    427.2  0.00 |  0.0  0.0 0   0   0  0  0  0
  - 1.98s  --------    0  Y   Y  1.00 10.36 1.00 -  |   474.5    427.2  0.00 |  0.0  0.0 0   0   0  0  0  0
  - 1.87s  --------    0  Y   Y  1.00 10.47 1.00 -  |   474.5    427.2  0.00 |  0.0  0.0 0   0   0  0  0  0
  - 1.76s  --------    0  Y   Y  1.00 10.58 1.00 -  |   474.5    427.2  0.00 |  0.0  0.0 0   0   0  0  0  0
  - 1.66s  --------    0  Y   Y  1.00 10.68 1.00 -  |   474.5    427.2  0.00 |  0.0  0.0 0   0   0  0  0  0
  - 1.55s  --------    0  Y   Y  1.00 10.79 1.00 -  |   474.5    427.2  0.00 |  0.0  0.0 0   0   0  0  0  0
  - 1.45s  --------    0  Y   Y  1.00 10.90 1.00 -  |   474.5    427.2  0.00 |  0.0  0.0 0   0   0  0  0  0
  - 1.35s  --------    0  Y   Y  1.00 11.00 1.00 -  |   474.5    427.2  0.00 |  0.0  0.0 0   0   0  0  0  0
  - 1.25s  --------    0  Y   Y  1.00 11.10 1.00 -  |   474.5    427.2  0.00 |  0.0  0.0 0   0   0  0  0  0
  - 1.14s  --------    0  Y   Y  1.00 11.20 1.00 -  |   474.5    427.2  0.00 |  0.0  0.0 0   0   0  0  0  0
  - 1.04s  --------    0  Y   Y  1.00 11.31 1.00 -  |   474.5    427.2  0.00 |  0.0  0.0 0   0   0  0  0  0
  - 0.94s  --------    0  Y   Y  1.00 11.41 1.00 -  |   474.5    427.2  0.00 |  0.0  0.0 0   0   0  0  0  0
  - 0.84s  --------    0  Y   Y  1.00 11.51 1.00 -  |   474.5    427.2  0.00 |  0.0  0.0 0   0   0  0  0  0
  - 0.73s  --------    0  Y   Y  1.00 11.62 1.00 -  |   474.5    427.2  0.00 |  0.0  0.0 0   0   0  0  0  0
  - 0.63s  --------    0  Y   Y  1.00 11.72 1.00 -  |   474.5    427.2  0.00 |  0.0  0.0 0   0   0  0  0  0
  - 0.53s  --------    0  Y   Y  1.00 11.82 1.00 -  |   474.5    427.2  0.00 |  0.0  0.0 0   0   0  0  0  0
  - 0.42s  --------    0  Y   Y  1.00 11.92 1.00 -  |   474.5    427.2  0.00 |  0.0  0.0 0   0   0  0  0  0
  - 0.32s  --------    0  Y   Y  1.00 12.03 1.00 -  |   474.6    427.2  0.00 |  1.0  0.0 0   0   0  0  0  0
  - 0.22s  --------    0  Y   Y  1.00 12.13 1.00 -  |   474.8    427.2  0.00 |  1.0  0.0 0   0   0  0  0  0
  - 0.11s  --------    0  Y   Y  1.00 12.23 1.00 -  |   475.0    427.2  0.00 |  1.0  0.0 0   0   0  0  0  0
  - 0.01s  --------    0  Y   Y  1.00 12.34 1.00 -  |   475.6    427.1  0.00 |  1.0  0.0 0   0   0  0  1  0
=========================================================== END

[  2248   15.857 x1.00] LOG  [OniBoss:Layer] watch stance OFF, back to Idle (player 16.5m)
[  3091   19.371 x1.00] LOG  
==================== [FREEZE-DEBUG v3] ====================
  Reason : WASD-NOMOVE: WASD recent + speed 0.00m/s for 0.40s
  Time   : 16.378s   Frame: 3091   Snaps: 60
===========================================================

--- CURRENT STATE ---
  Flags: atk=False hvy=False dod=False dsh=False
         grd=False hit=False aerial=False lockPos=False
         comboStep=0
  Anim : speed=1.00  combatLayer hash=-792875657 normT=16.373 weight=1.00 inTransition=False
  CC   : grounded=True  enabled=True  pos=(494.30, -0.02, 433.97)  vel=(0.00, 0.00, 0.00)
  Move : IsRunning=True
  Input: H=0.00 V=1.00  LMB=False MMB=False Q=False Sp=False Sh=True C=False
         WASD pressed in last 0.5s: True (last 0.00s ago)

--- FLIGHT RECORDER (60 snapshots, oldest first, dt=0.10s) ---
  Legend: flags = A(tk) H(vy) D(od) S(sh) G(rd) R(eact) Y(aerial) L(ock)   gnd/cc: Y/n
  t-now    flags     step gnd cc anSp normT layW tr | posX     posZ     spd   | H    V    LMB MMB Q  Sp Sh C
  ------   --------  ---- --- -- ---- ----- ---- -- | -----    -----    ----  | ---- ---- --- --- -- -- -- -
  - 6.11s  --------    0  Y   Y  1.00 10.26 1.00 -  |   474.5    427.2  0.00 |  0.0  0.0 0   0   0  0  0  0
  - 6.00s  --------    0  Y   Y  1.00 10.36 1.00 -  |   474.5    427.2  0.00 |  0.0  0.0 0   0   0  0  0  0
  - 5.90s  --------    0  Y   Y  1.00 10.47 1.00 -  |   474.5    427.2  0.00 |  0.0  0.0 0   0   0  0  0  0
  - 5.79s  --------    0  Y   Y  1.00 10.58 1.00 -  |   474.5    427.2  0.00 |  0.0  0.0 0   0   0  0  0  0
  - 5.69s  --------    0  Y   Y  1.00 10.68 1.00 -  |   474.5    427.2  0.00 |  0.0  0.0 0   0   0  0  0  0
  - 5.58s  --------    0  Y   Y  1.00 10.79 1.00 -  |   474.5    427.2  0.00 |  0.0  0.0 0   0   0  0  0  0
  - 5.48s  --------    0  Y   Y  1.00 10.90 1.00 -  |   474.5    427.2  0.00 |  0.0  0.0 0   0   0  0  0  0
  - 5.38s  --------    0  Y   Y  1.00 11.00 1.00 -  |   474.5    427.2  0.00 |  0.0  0.0 0   0   0  0  0  0
  - 5.27s  --------    0  Y   Y  1.00 11.10 1.00 -  |   474.5    427.2  0.00 |  0.0  0.0 0   0   0  0  0  0
  - 5.17s  --------    0  Y   Y  1.00 11.20 1.00 -  |   474.5    427.2  0.00 |  0.0  0.0 0   0   0  0  0  0
  - 5.07s  --------    0  Y   Y  1.00 11.31 1.00 -  |   474.5    427.2  0.00 |  0.0  0.0 0   0   0  0  0  0
  - 4.97s  --------    0  Y   Y  1.00 11.41 1.00 -  |   474.5    427.2  0.00 |  0.0  0.0 0   0   0  0  0  0
  - 4.86s  --------    0  Y   Y  1.00 11.51 1.00 -  |   474.5    427.2  0.00 |  0.0  0.0 0   0   0  0  0  0
  - 4.76s  --------    0  Y   Y  1.00 11.62 1.00 -  |   474.5    427.2  0.00 |  0.0  0.0 0   0   0  0  0  0
  - 4.66s  --------    0  Y   Y  1.00 11.72 1.00 -  |   474.5    427.2  0.00 |  0.0  0.0 0   0   0  0  0  0
  - 4.55s  --------    0  Y   Y  1.00 11.82 1.00 -  |   474.5    427.2  0.00 |  0.0  0.0 0   0   0  0  0  0
  - 4.45s  --------    0  Y   Y  1.00 11.92 1.00 -  |   474.5    427.2  0.00 |  0.0  0.0 0   0   0  0  0  0
  - 4.35s  --------    0  Y   Y  1.00 12.03 1.00 -  |   474.6    427.2  0.00 |  1.0  0.0 0   0   0  0  0  0
  - 4.24s  --------    0  Y   Y  1.00 12.13 1.00 -  |   474.8    427.2  0.00 |  1.0  0.0 0   0   0  0  0  0
  - 4.14s  --------    0  Y   Y  1.00 12.23 1.00 -  |   475.0    427.2  0.00 |  1.0  0.0 0   0   0  0  0  0
  - 4.04s  --------    0  Y   Y  1.00 12.34 1.00 -  |   475.6    427.1  0.00 |  1.0  0.0 0   0   0  0  1  0
  - 3.93s  --------    0  Y   Y  1.00 12.44 1.00 -  |   476.3    427.1  0.00 |  1.0  0.0 0   0   0  0  1  0
  - 3.83s  --------    0  Y   Y  1.00 12.54 1.00 -  |   477.0    427.0  0.00 |  1.0  0.0 0   0   0  0  1  0
  - 3.72s  --------    0  Y   Y  1.00 12.65 1.00 -  |   477.7    427.0  0.00 |  1.0  0.0 0   0   0  0  1  0
  - 3.62s  --------    0  Y   Y  1.00 12.75 1.00 -  |   478.4    426.9  0.00 |  1.0  0.0 0   0   0  0  1  0
  - 3.52s  --------    0  Y   Y  1.00 12.85 1.00 -  |   479.1    426.8  0.00 |  1.0  0.0 0   0   0  0  1  0
  - 3.42s  --------    0  Y   Y  1.00 12.96 1.00 -  |   479.9    426.8  0.00 |  1.0  0.0 0   0   0  0  1  0
  - 3.31s  --------    0  Y   Y  1.00 13.06 1.00 -  |   480.5    426.7  0.00 |  1.0  0.0 0   0   0  0  1  0
  - 3.21s  --------    0  Y   Y  1.00 13.16 1.00 -  |   481.2    426.7  0.00 |  1.0  0.0 0   0   0  0  1  0
  - 3.11s  --------    0  Y   Y  1.00 13.27 1.00 -  |   481.9    426.6  0.00 |  1.0  0.0 0   0   0  0  1  0
  - 3.00s  --------    0  Y   Y  1.00 13.37 1.00 -  |   482.6    426.6  0.00 |  1.0  0.0 0   0   0  0  1  0
  - 2.90s  --------    0  Y   Y  1.00 13.47 1.00 -  |   483.3    426.5  0.00 |  1.0  0.0 0   0   0  0  1  0
  - 2.80s  --------    0  Y   Y  1.00 13.57 1.00 -  |   484.0    426.4  0.00 |  1.0  0.0 0   0   0  0  1  0
  - 2.70s  --------    0  Y   Y  1.00 13.68 1.00 -  |   484.7    426.4  0.00 |  1.0  0.0 0   0   0  0  1  0
  - 2.60s  --------    0  Y   Y  1.00 13.77 1.00 -  |   485.5    426.3  0.00 |  1.0  0.0 0   0   0  0  1  0
  - 2.50s  --------    0  Y   Y  1.00 13.88 1.00 -  |   486.2    426.3  0.00 |  1.0  0.0 0   0   0  0  1  0
  - 2.39s  --------    0  Y   Y  1.00 13.98 1.00 -  |   486.9    426.2  0.00 |  1.0  0.0 0   0   0  0  1  0
  - 2.29s  --------    0  Y   Y  1.00 14.09 1.00 -  |   487.6    426.1  0.00 |  1.0  0.0 0   0   0  0  1  0
  - 2.19s  --------    0  Y   Y  1.00 14.18 1.00 -  |   488.3    426.1  0.00 |  1.0  0.0 0   0   0  0  1  0
  - 2.09s  --------    0  Y   Y  1.00 14.29 1.00 -  |   489.0    426.0  0.00 |  1.0  0.0 0   0   0  0  1  0
  - 1.99s  --------    0  Y   Y  1.00 14.39 1.00 -  |   489.7    426.0  0.00 |  1.0  0.0 0   0   0  0  1  0
  - 1.89s  --------    0  Y   Y  1.00 14.49 1.00 -  |   490.4    426.0  0.00 |  1.0  0.0 0   0   0  0  1  0
  - 1.78s  --------    0  Y   Y  1.00 14.59 1.00 -  |   491.1    426.1  0.00 |  1.0  0.0 0   0   0  0  1  0
  - 1.68s  --------    0  Y   Y  1.00 14.69 1.00 -  |   491.8    426.2  0.00 |  1.0  0.0 0   0   0  0  1  0
  - 1.58s  --------    0  Y   Y  1.00 14.80 1.00 -  |   492.5    426.4  0.00 |  1.0  0.0 0   0   0  0  1  0
  - 1.48s  --------    0  Y   Y  1.00 14.90 1.00 -  |   493.2    426.6  0.00 |  1.0  0.0 0   0   0  0  1  0
  - 1.37s  --------    0  Y   Y  1.00 15.00 1.00 -  |   493.9    426.9  0.00 |  1.0  0.0 0   0   0  0  1  0
  - 1.27s  --------    0  Y   Y  1.00 15.10 1.00 -  |   494.5    427.2  0.00 |  1.0  0.0 0   0   0  0  1  0
  - 1.17s  --------    0  Y   Y  1.00 15.20 1.00 -  |   495.1    427.6  0.00 |  1.0  0.0 0   0   0  0  1  0
  - 1.07s  --------    0  Y   Y  1.00 15.31 1.00 -  |   495.7    428.0  0.00 |  1.0  0.0 0   0   0  0  1  0
  - 0.96s  --------    0  Y   Y  1.00 15.41 1.00 -  |   496.3    428.4  0.00 |  0.0  0.0 0   0   0  0  1  0
  - 0.86s  --------    0  Y   Y  1.00 15.51 1.00 -  |   496.8    428.8  0.00 |  0.0  1.0 0   0   0  0  1  0
  - 0.76s  --------    0  Y   Y  1.00 15.61 1.00 -  |   497.1    429.5  0.00 |  0.0  1.0 0   0   0  0  1  0
  - 0.66s  --------    0  Y   Y  1.00 15.71 1.00 -  |   496.9    430.2  0.00 |  0.0  1.0 0   0   0  0  1  0
  - 0.56s  --------    0  Y   Y  1.00 15.82 1.00 -  |   496.5    430.7  0.00 |  0.0  1.0 0   0   0  0  1  0
  - 0.46s  --------    0  Y   Y  1.00 15.92 1.00 -  |   496.0    431.4  0.00 |  0.0  1.0 0   0   0  0  1  0
  - 0.35s  --------    0  Y   Y  1.00 16.02 1.00 -  |   495.6    432.0  0.00 |  0.0  1.0 0   0   0  0  1  0
  - 0.25s  --------    0  Y   Y  1.00 16.13 1.00 -  |   495.2    432.6  0.00 |  0.0  1.0 0   0   0  0  1  0
  - 0.15s  --------    0  Y   Y  1.00 16.23 1.00 -  |   494.8    433.2  0.00 |  0.0  1.0 0   0   0  0  1  0
  - 0.04s  --------    0  Y   Y  1.00 16.33 1.00 -  |   494.5    433.7  0.00 |  0.0  1.0 0   0   0  0  1  0
=========================================================== END

[  4043   23.755 x1.00] LOG  
==================== [FREEZE-DEBUG v3] ====================
  Reason : WASD-NOMOVE: WASD recent + speed 0.00m/s for 0.40s
  Time   : 20.761s   Frame: 4043   Snaps: 60
===========================================================

--- CURRENT STATE ---
  Flags: atk=False hvy=False dod=False dsh=False
         grd=False hit=False aerial=False lockPos=False
         comboStep=0
  Anim : speed=1.00  combatLayer hash=-792875657 normT=20.757 weight=1.00 inTransition=False
  CC   : grounded=True  enabled=True  pos=(485.73, 0.76, 447.90)  vel=(0.00, -1.25, 0.00)
  Move : IsRunning=True
  Input: H=0.00 V=1.00  LMB=False MMB=False Q=False Sp=False Sh=True C=False
         WASD pressed in last 0.5s: True (last 0.00s ago)

--- FLIGHT RECORDER (60 snapshots, oldest first, dt=0.10s) ---
  Legend: flags = A(tk) H(vy) D(od) S(sh) G(rd) R(eact) Y(aerial) L(ock)   gnd/cc: Y/n
  t-now    flags     step gnd cc anSp normT layW tr | posX     posZ     spd   | H    V    LMB MMB Q  Sp Sh C
  ------   --------  ---- --- -- ---- ----- ---- -- | -----    -----    ----  | ---- ---- --- --- -- -- -- -
  - 6.07s  --------    0  Y   Y  1.00 14.69 1.00 -  |   491.8    426.2  0.00 |  1.0  0.0 0   0   0  0  1  0
  - 5.96s  --------    0  Y   Y  1.00 14.80 1.00 -  |   492.5    426.4  0.00 |  1.0  0.0 0   0   0  0  1  0
  - 5.86s  --------    0  Y   Y  1.00 14.90 1.00 -  |   493.2    426.6  0.00 |  1.0  0.0 0   0   0  0  1  0
  - 5.76s  --------    0  Y   Y  1.00 15.00 1.00 -  |   493.9    426.9  0.00 |  1.0  0.0 0   0   0  0  1  0
  - 5.66s  --------    0  Y   Y  1.00 15.10 1.00 -  |   494.5    427.2  0.00 |  1.0  0.0 0   0   0  0  1  0
  - 5.55s  --------    0  Y   Y  1.00 15.20 1.00 -  |   495.1    427.6  0.00 |  1.0  0.0 0   0   0  0  1  0
  - 5.45s  --------    0  Y   Y  1.00 15.31 1.00 -  |   495.7    428.0  0.00 |  1.0  0.0 0   0   0  0  1  0
  - 5.35s  --------    0  Y   Y  1.00 15.41 1.00 -  |   496.3    428.4  0.00 |  0.0  0.0 0   0   0  0  1  0
  - 5.25s  --------    0  Y   Y  1.00 15.51 1.00 -  |   496.8    428.8  0.00 |  0.0  1.0 0   0   0  0  1  0
  - 5.15s  --------    0  Y   Y  1.00 15.61 1.00 -  |   497.1    429.5  0.00 |  0.0  1.0 0   0   0  0  1  0
  - 5.04s  --------    0  Y   Y  1.00 15.71 1.00 -  |   496.9    430.2  0.00 |  0.0  1.0 0   0   0  0  1  0
  - 4.94s  --------    0  Y   Y  1.00 15.82 1.00 -  |   496.5    430.7  0.00 |  0.0  1.0 0   0   0  0  1  0
  - 4.84s  --------    0  Y   Y  1.00 15.92 1.00 -  |   496.0    431.4  0.00 |  0.0  1.0 0   0   0  0  1  0
  - 4.73s  --------    0  Y   Y  1.00 16.02 1.00 -  |   495.6    432.0  0.00 |  0.0  1.0 0   0   0  0  1  0
  - 4.63s  --------    0  Y   Y  1.00 16.13 1.00 -  |   495.2    432.6  0.00 |  0.0  1.0 0   0   0  0  1  0
  - 4.53s  --------    0  Y   Y  1.00 16.23 1.00 -  |   494.8    433.2  0.00 |  0.0  1.0 0   0   0  0  1  0
  - 4.42s  --------    0  Y   Y  1.00 16.33 1.00 -  |   494.5    433.7  0.00 |  0.0  1.0 0   0   0  0  1  0
  - 4.32s  --------    0  Y   Y  1.00 16.44 1.00 -  |   494.0    434.4  0.00 |  0.0  1.0 0   0   0  0  1  0
  - 4.21s  --------    0  Y   Y  1.00 16.54 1.00 -  |   493.6    435.0  0.00 |  0.0  1.0 0   0   0  0  1  0
  - 4.11s  --------    0  Y   Y  1.00 16.64 1.00 -  |   493.3    435.7  0.00 |  0.0  1.0 0   0   0  0  1  0
  - 4.01s  --------    0  Y   Y  1.00 16.75 1.00 -  |   493.0    436.3  0.00 |  0.0  1.0 0   0   0  0  1  0
  - 3.90s  --------    0  Y   Y  1.00 16.86 1.00 -  |   492.7    436.9  0.00 |  0.0  1.0 0   0   0  0  1  0
  - 3.80s  --------    0  Y   Y  1.00 16.95 1.00 -  |   492.3    437.7  0.00 |  0.0  1.0 0   0   0  0  1  0
  - 3.69s  --------    0  Y   Y  1.00 17.06 1.00 -  |   492.0    438.3  0.00 |  0.0  1.0 0   0   0  0  1  0
  - 3.59s  --------    0  Y   Y  1.00 17.17 1.00 -  |   491.8    439.0  0.00 |  0.0  1.0 0   0   0  0  1  0
  - 3.49s  --------    0  Y   Y  1.00 17.27 1.00 -  |   491.5    439.6  0.00 |  0.0  1.0 0   0   0  0  1  0
  - 3.38s  --------    0  Y   Y  1.00 17.37 1.00 -  |   491.3    440.3  0.00 |  0.0  1.0 0   0   0  0  1  0
  - 3.28s  --------    0  Y   Y  1.00 17.48 1.00 -  |   491.0    441.1  0.00 |  0.0  1.0 0   0   0  0  1  0
  - 3.18s  --------    0  Y   Y  1.00 17.57 1.00 -  |   490.8    441.7  0.00 |  0.0  1.0 0   0   0  0  1  0
  - 3.07s  --------    0  Y   Y  1.00 17.68 1.00 -  |   490.6    442.4  0.00 |  0.0  1.0 0   0   0  0  1  0
  - 2.97s  --------    0  Y   Y  1.00 17.79 1.00 -  |   490.3    443.1  0.00 |  0.0  1.0 0   0   0  0  1  0
  - 2.86s  --------    0  Y   Y  1.00 17.89 1.00 -  |   490.1    443.7  0.00 |  0.0  1.0 0   0   0  0  1  0
  - 2.76s  --------    0  Y   Y  1.00 18.00 1.00 -  |   489.9    444.4  0.00 |  0.0  1.0 0   0   0  0  1  0
  - 2.66s  --------    0  Y   Y  1.00 18.10 1.00 -  |   489.5    445.1  0.00 |  0.0  1.0 0   0   0  0  1  0
  - 2.55s  --------    0  Y   Y  1.00 18.20 1.00 -  |   489.1    445.7  0.00 |  0.0  1.0 0   0   0  0  1  0
  - 2.45s  --------    0  Y   Y  1.00 18.31 1.00 -  |   488.7    446.2  0.00 |  0.0  1.0 0   0   0  0  1  0
  - 2.35s  --------    0  Y   Y  1.00 18.41 1.00 -  |   488.2    446.7  0.00 |  0.0  1.0 0   0   0  0  1  0
  - 2.25s  --------    0  Y   Y  1.00 18.51 1.00 -  |   487.8    447.2  0.00 |  0.0  1.0 0   0   0  0  1  0
  - 2.14s  --------    0  Y   Y  1.00 18.61 1.00 -  |   487.3    447.8  0.00 |  0.0  1.0 0   0   0  0  1  0
  - 2.04s  --------    0  Y   Y  1.00 18.71 1.00 -  |   486.8    448.3  0.00 |  0.0  0.0 0   0   0  0  1  0
  - 1.94s  --------    0  Y   Y  1.00 18.82 1.00 -  |   486.2    448.9  0.00 |  0.0  0.0 0   0   0  0  1  0
  - 1.84s  --------    0  Y   Y  1.00 18.92 1.00 -  |   485.7    449.4  0.00 |  0.0  0.0 0   0   0  0  1  0
  - 1.74s  --------    0  Y   Y  1.00 19.02 1.00 -  |   485.5    449.6  0.00 |  0.0  0.0 0   0   0  0  1  0
  - 1.64s  --------    0  Y   Y  1.00 19.12 1.00 -  |   485.5    449.6  0.00 |  0.0  0.0 0   0   0  0  1  0
  - 1.53s  --------    0  Y   Y  1.00 19.22 1.00 -  |   485.5    449.6  0.00 |  0.0  0.0 0   0   0  0  1  0
  - 1.43s  --------    0  Y   Y  1.00 19.32 1.00 -  |   485.5    449.6  0.00 |  0.0  0.0 0   0   0  0  0  0
  - 1.33s  --------    0  Y   Y  1.00 19.43 1.00 -  |   485.5    449.6  0.00 |  0.0  0.0 0   0   0  0  0  0
  - 1.23s  --------    0  Y   Y  1.00 19.53 1.00 -  |   485.5    449.6  0.00 |  0.0  0.0 0   0   0  0  0  0
  - 1.12s  --------    0  Y   Y  1.00 19.63 1.00 -  |   485.5    449.6  0.00 |  0.0  0.0 0   0   0  0  0  0
  - 1.02s  --------    0  Y   Y  1.00 19.73 1.00 -  |   485.5    449.6  0.00 |  0.0  0.0 0   0   0  0  0  0
  - 0.92s  --------    0  Y   Y  1.00 19.84 1.00 -  |   485.5    449.6  0.00 |  0.0  0.0 0   0   0  0  0  0
  - 0.82s  --------    0  Y   Y  1.00 19.94 1.00 -  |   485.5    449.6  0.00 |  0.0  0.0 0   0   0  0  0  0
  - 0.72s  --------    0  Y   Y  1.00 20.04 1.00 -  |   485.4    449.5  0.00 |  0.0 -1.0 0   0   0  0  0  0
  - 0.62s  --------    0  Y   Y  1.00 20.14 1.00 -  |   485.3    449.3  0.00 |  0.0 -1.0 0   0   0  0  0  0
  - 0.51s  --------    0  Y   Y  1.00 20.24 1.00 -  |   485.1    449.2  0.00 |  0.0  0.0 0   0   0  0  0  0
  - 0.41s  --------    0  n   Y  1.00 20.35 1.00 -  |   484.9    449.0  0.00 |  1.0  0.0 0   0   0  0  1  0
  - 0.31s  --------    0  n   Y  1.00 20.44 1.00 -  |   484.9    448.7  0.00 |  1.0  0.0 0   0   0  0  1  0
  - 0.21s  --------    0  n   Y  1.00 20.55 1.00 -  |   485.0    448.4  0.00 |  1.0  0.0 0   0   0  0  1  0
  - 0.11s  --------    0  n   Y  1.00 20.65 1.00 -  |   485.3    448.1  0.00 |  1.0  1.0 0   0   0  0  1  0
  - 0.01s  --------    0  n   Y  1.00 20.75 1.00 -  |   485.7    447.9  0.00 |  0.0  1.0 0   0   0  0  1  0
=========================================================== END

[  4573   26.107 x1.00] LOG  [StormWeather] ⚡ strike at (490.99, 45.00, 447.92)
[  4822   27.254 x1.00] LOG  [OniBoss:Layer] watch stance ON (player 15.0m)
[  4970   27.907 x1.00] LOG  
==================== [FREEZE-DEBUG v3] ====================
  Reason : WASD-NOMOVE: WASD recent + speed 0.00m/s for 0.40s
  Time   : 24.913s   Frame: 4970   Snaps: 60
===========================================================

--- CURRENT STATE ---
  Flags: atk=False hvy=False dod=False dsh=False
         grd=False hit=False aerial=False lockPos=False
         comboStep=0
  Anim : speed=1.00  combatLayer hash=-792875657 normT=24.905 weight=1.00 inTransition=False
  CC   : grounded=True  enabled=True  pos=(476.63, -0.02, 445.48)  vel=(0.00, 0.00, 0.00)
  Move : IsRunning=True
  Input: H=-1.00 V=0.00  LMB=False MMB=False Q=False Sp=False Sh=True C=False
         WASD pressed in last 0.5s: True (last 0.00s ago)

--- FLIGHT RECORDER (60 snapshots, oldest first, dt=0.10s) ---
  Legend: flags = A(tk) H(vy) D(od) S(sh) G(rd) R(eact) Y(aerial) L(ock)   gnd/cc: Y/n
  t-now    flags     step gnd cc anSp normT layW tr | posX     posZ     spd   | H    V    LMB MMB Q  Sp Sh C
  ------   --------  ---- --- -- ---- ----- ---- -- | -----    -----    ----  | ---- ---- --- --- -- -- -- -
  - 6.09s  --------    0  Y   Y  1.00 18.82 1.00 -  |   486.2    448.9  0.00 |  0.0  0.0 0   0   0  0  1  0
  - 5.99s  --------    0  Y   Y  1.00 18.92 1.00 -  |   485.7    449.4  0.00 |  0.0  0.0 0   0   0  0  1  0
  - 5.89s  --------    0  Y   Y  1.00 19.02 1.00 -  |   485.5    449.6  0.00 |  0.0  0.0 0   0   0  0  1  0
  - 5.79s  --------    0  Y   Y  1.00 19.12 1.00 -  |   485.5    449.6  0.00 |  0.0  0.0 0   0   0  0  1  0
  - 5.69s  --------    0  Y   Y  1.00 19.22 1.00 -  |   485.5    449.6  0.00 |  0.0  0.0 0   0   0  0  1  0
  - 5.59s  --------    0  Y   Y  1.00 19.32 1.00 -  |   485.5    449.6  0.00 |  0.0  0.0 0   0   0  0  0  0
  - 5.48s  --------    0  Y   Y  1.00 19.43 1.00 -  |   485.5    449.6  0.00 |  0.0  0.0 0   0   0  0  0  0
  - 5.38s  --------    0  Y   Y  1.00 19.53 1.00 -  |   485.5    449.6  0.00 |  0.0  0.0 0   0   0  0  0  0
  - 5.28s  --------    0  Y   Y  1.00 19.63 1.00 -  |   485.5    449.6  0.00 |  0.0  0.0 0   0   0  0  0  0
  - 5.18s  --------    0  Y   Y  1.00 19.73 1.00 -  |   485.5    449.6  0.00 |  0.0  0.0 0   0   0  0  0  0
  - 5.07s  --------    0  Y   Y  1.00 19.84 1.00 -  |   485.5    449.6  0.00 |  0.0  0.0 0   0   0  0  0  0
  - 4.97s  --------    0  Y   Y  1.00 19.94 1.00 -  |   485.5    449.6  0.00 |  0.0  0.0 0   0   0  0  0  0
  - 4.87s  --------    0  Y   Y  1.00 20.04 1.00 -  |   485.4    449.5  0.00 |  0.0 -1.0 0   0   0  0  0  0
  - 4.77s  --------    0  Y   Y  1.00 20.14 1.00 -  |   485.3    449.3  0.00 |  0.0 -1.0 0   0   0  0  0  0
  - 4.67s  --------    0  Y   Y  1.00 20.24 1.00 -  |   485.1    449.2  0.00 |  0.0  0.0 0   0   0  0  0  0
  - 4.56s  --------    0  n   Y  1.00 20.35 1.00 -  |   484.9    449.0  0.00 |  1.0  0.0 0   0   0  0  1  0
  - 4.46s  --------    0  n   Y  1.00 20.44 1.00 -  |   484.9    448.7  0.00 |  1.0  0.0 0   0   0  0  1  0
  - 4.36s  --------    0  n   Y  1.00 20.55 1.00 -  |   485.0    448.4  0.00 |  1.0  0.0 0   0   0  0  1  0
  - 4.26s  --------    0  n   Y  1.00 20.65 1.00 -  |   485.3    448.1  0.00 |  1.0  1.0 0   0   0  0  1  0
  - 4.16s  --------    0  n   Y  1.00 20.75 1.00 -  |   485.7    447.9  0.00 |  0.0  1.0 0   0   0  0  1  0
  - 4.06s  --------    0  Y   Y  1.00 20.85 1.00 -  |   486.3    447.9  0.00 |  0.0  1.0 0   0   0  0  1  0
  - 3.96s  --------    0  Y   Y  1.00 20.95 1.00 -  |   486.9    448.1  0.00 |  0.0  1.0 0   0   0  0  1  0
  - 3.85s  --------    0  Y   Y  1.00 21.06 1.00 -  |   487.5    448.6  0.00 |  0.0  1.0 0   0   0  0  1  0
  - 3.75s  --------    0  Y   Y  1.00 21.16 1.00 -  |   488.0    449.1  0.00 |  0.0  1.0 0   0   0  0  1  0
  - 3.65s  --------    0  Y   Y  1.00 21.26 1.00 -  |   488.5    449.6  0.00 |  0.0  1.0 0   0   0  0  1  0
  - 3.55s  --------    0  Y   Y  1.00 21.36 1.00 -  |   489.0    450.1  0.00 |  0.0  1.0 0   0   0  0  1  0
  - 3.45s  --------    0  Y   Y  1.00 21.46 1.00 -  |   489.5    450.5  0.00 |  0.0  0.0 0   0   0  0  1  0
  - 3.35s  --------    0  Y   Y  1.00 21.56 1.00 -  |   489.7    450.8  0.00 |  0.0  0.0 0   0   0  0  1  0
  - 3.25s  --------    0  Y   Y  1.00 21.66 1.00 -  |   489.7    450.8  0.00 |  0.0  0.0 0   0   0  0  0  0
  - 3.14s  --------    0  Y   Y  1.00 21.77 1.00 -  |   489.7    450.8  0.00 |  0.0  0.0 0   0   0  0  0  0
  - 3.04s  --------    0  Y   Y  1.00 21.87 1.00 -  |   489.7    450.8  0.00 |  0.0  0.0 0   0   0  0  0  0
  - 2.94s  --------    0  Y   Y  1.00 21.97 1.00 -  |   489.7    450.8  0.00 |  0.0  0.0 0   0   0  0  0  0
  - 2.84s  --------    0  Y   Y  1.00 22.07 1.00 -  |   489.7    450.8  0.00 |  0.0  0.0 0   0   0  0  0  0
  - 2.74s  --------    0  Y   Y  1.00 22.17 1.00 -  |   489.7    450.8  0.00 | -1.0  0.0 0   0   0  0  0  0
  - 2.63s  --------    0  Y   Y  1.00 22.27 1.00 -  |   489.5    450.7  0.00 | -1.0  0.0 0   0   0  0  0  0
  - 2.53s  --------    0  n   Y  1.00 22.38 1.00 -  |   489.1    450.5  0.00 | -1.0  0.0 0   0   0  0  1  0
  - 2.43s  --------    0  Y   Y  1.00 22.48 1.00 -  |   488.9    450.3  0.00 | -1.0  0.0 0   0   0  0  1  0
  - 2.33s  --------    0  Y   Y  1.00 22.58 1.00 -  |   488.5    450.0  0.00 | -1.0  0.0 0   0   0  0  1  0
  - 2.23s  --------    0  n   Y  1.00 22.68 1.00 -  |   488.1    449.8  0.00 | -1.0  0.0 0   0   0  0  1  0
  - 2.13s  --------    0  n   Y  1.00 22.78 1.00 -  |   487.7    449.5  0.00 | -1.0  0.0 0   0   0  0  1  0
  - 2.03s  --------    0  Y   Y  1.00 22.88 1.00 -  |   487.4    449.3  0.00 | -1.0  0.0 0   0   0  0  1  0
  - 1.92s  --------    0  n   Y  1.00 22.99 1.00 -  |   487.0    449.0  0.00 | -1.0  0.0 0   0   0  0  1  0
  - 1.82s  --------    0  n   Y  1.00 23.09 1.00 -  |   486.6    448.8  0.00 | -1.0  0.0 0   0   0  0  1  0
  - 1.72s  --------    0  Y   Y  1.00 23.19 1.00 -  |   486.3    448.6  0.00 | -1.0  0.0 0   0   0  0  1  0
  - 1.62s  --------    0  n   Y  1.00 23.29 1.00 -  |   485.9    448.3  0.00 | -1.0  0.0 0   0   0  0  1  0
  - 1.51s  --------    0  n   Y  1.00 23.40 1.00 -  |   485.5    448.0  0.00 | -1.0  0.0 0   0   0  0  1  0
  - 1.41s  --------    0  Y   Y  1.00 23.50 1.00 -  |   485.1    447.8  0.00 | -1.0  0.0 0   0   0  0  1  0
  - 1.31s  --------    0  n   Y  1.00 23.60 1.00 -  |   484.7    447.5  0.00 | -1.0  0.0 0   0   0  0  1  0
  - 1.20s  --------    0  Y   Y  1.00 23.70 1.00 -  |   484.2    447.3  0.00 | -1.0  0.0 0   0   0  0  1  0
  - 1.10s  --------    0  Y   Y  1.00 23.81 1.00 -  |   483.8    447.1  0.00 | -1.0  0.0 0   0   0  0  1  0
  - 1.00s  --------    0  Y   Y  1.00 23.91 1.00 -  |   483.1    446.8  0.00 | -1.0  0.0 0   0   0  0  1  0
  - 0.90s  --------    0  Y   Y  1.00 24.01 1.00 -  |   482.5    446.5  0.00 | -1.0  0.0 0   0   0  0  1  0
  - 0.80s  --------    0  Y   Y  1.00 24.11 1.00 -  |   481.8    446.2  0.00 | -1.0  0.0 0   0   0  0  1  0
  - 0.69s  --------    0  Y   Y  1.00 24.21 1.00 -  |   481.2    446.0  0.00 | -1.0  0.0 0   0   0  0  1  0
  - 0.59s  --------    0  Y   Y  1.00 24.32 1.00 -  |   480.4    445.7  0.00 | -1.0  0.0 0   0   0  0  1  0
  - 0.49s  --------    0  Y   Y  1.00 24.42 1.00 -  |   479.7    445.5  0.00 | -1.0  0.0 0   0   0  0  1  0
  - 0.39s  --------    0  Y   Y  1.00 24.52 1.00 -  |   479.0    445.4  0.00 | -1.0  0.0 0   0   0  0  1  0
  - 0.29s  --------    0  Y   Y  1.00 24.62 1.00 -  |   478.3    445.4  0.00 | -1.0  0.0 0   0   0  0  1  0
  - 0.19s  --------    0  Y   Y  1.00 24.72 1.00 -  |   477.7    445.5  0.00 | -1.0  0.0 0   0   0  0  1  0
  - 0.09s  --------    0  Y   Y  1.00 24.82 1.00 -  |   477.1    445.4  0.00 | -1.0  0.0 0   0   0  0  1  0
=========================================================== END

[  5769   31.576 x1.00] LOG  [OniBoss:Layer] watch stance OFF, back to Idle (player 16.6m)
[  5856   31.927 x1.00] LOG  
==================== [FREEZE-DEBUG v3] ====================
  Reason : WASD-NOMOVE: WASD recent + speed 0.00m/s for 0.40s
  Time   : 28.934s   Frame: 5856   Snaps: 60
===========================================================

--- CURRENT STATE ---
  Flags: atk=False hvy=False dod=False dsh=False
         grd=False hit=False aerial=False lockPos=False
         comboStep=0
  Anim : speed=1.00  combatLayer hash=-792875657 normT=28.930 weight=1.00 inTransition=False
  CC   : grounded=True  enabled=True  pos=(485.77, -0.02, 444.25)  vel=(0.00, 0.00, 0.00)
  Move : IsRunning=True
  Input: H=1.00 V=0.00  LMB=False MMB=False Q=False Sp=False Sh=True C=False
         WASD pressed in last 0.5s: True (last 0.00s ago)

--- FLIGHT RECORDER (60 snapshots, oldest first, dt=0.10s) ---
  Legend: flags = A(tk) H(vy) D(od) S(sh) G(rd) R(eact) Y(aerial) L(ock)   gnd/cc: Y/n
  t-now    flags     step gnd cc anSp normT layW tr | posX     posZ     spd   | H    V    LMB MMB Q  Sp Sh C
  ------   --------  ---- --- -- ---- ----- ---- -- | -----    -----    ----  | ---- ---- --- --- -- -- -- -
  - 6.15s  --------    0  n   Y  1.00 22.78 1.00 -  |   487.7    449.5  0.00 | -1.0  0.0 0   0   0  0  1  0
  - 6.05s  --------    0  Y   Y  1.00 22.88 1.00 -  |   487.4    449.3  0.00 | -1.0  0.0 0   0   0  0  1  0
  - 5.94s  --------    0  n   Y  1.00 22.99 1.00 -  |   487.0    449.0  0.00 | -1.0  0.0 0   0   0  0  1  0
  - 5.84s  --------    0  n   Y  1.00 23.09 1.00 -  |   486.6    448.8  0.00 | -1.0  0.0 0   0   0  0  1  0
  - 5.74s  --------    0  Y   Y  1.00 23.19 1.00 -  |   486.3    448.6  0.00 | -1.0  0.0 0   0   0  0  1  0
  - 5.64s  --------    0  n   Y  1.00 23.29 1.00 -  |   485.9    448.3  0.00 | -1.0  0.0 0   0   0  0  1  0
  - 5.53s  --------    0  n   Y  1.00 23.40 1.00 -  |   485.5    448.0  0.00 | -1.0  0.0 0   0   0  0  1  0
  - 5.43s  --------    0  Y   Y  1.00 23.50 1.00 -  |   485.1    447.8  0.00 | -1.0  0.0 0   0   0  0  1  0
  - 5.33s  --------    0  n   Y  1.00 23.60 1.00 -  |   484.7    447.5  0.00 | -1.0  0.0 0   0   0  0  1  0
  - 5.23s  --------    0  Y   Y  1.00 23.70 1.00 -  |   484.2    447.3  0.00 | -1.0  0.0 0   0   0  0  1  0
  - 5.12s  --------    0  Y   Y  1.00 23.81 1.00 -  |   483.8    447.1  0.00 | -1.0  0.0 0   0   0  0  1  0
  - 5.02s  --------    0  Y   Y  1.00 23.91 1.00 -  |   483.1    446.8  0.00 | -1.0  0.0 0   0   0  0  1  0
  - 4.92s  --------    0  Y   Y  1.00 24.01 1.00 -  |   482.5    446.5  0.00 | -1.0  0.0 0   0   0  0  1  0
  - 4.82s  --------    0  Y   Y  1.00 24.11 1.00 -  |   481.8    446.2  0.00 | -1.0  0.0 0   0   0  0  1  0
  - 4.72s  --------    0  Y   Y  1.00 24.21 1.00 -  |   481.2    446.0  0.00 | -1.0  0.0 0   0   0  0  1  0
  - 4.61s  --------    0  Y   Y  1.00 24.32 1.00 -  |   480.4    445.7  0.00 | -1.0  0.0 0   0   0  0  1  0
  - 4.51s  --------    0  Y   Y  1.00 24.42 1.00 -  |   479.7    445.5  0.00 | -1.0  0.0 0   0   0  0  1  0
  - 4.41s  --------    0  Y   Y  1.00 24.52 1.00 -  |   479.0    445.4  0.00 | -1.0  0.0 0   0   0  0  1  0
  - 4.31s  --------    0  Y   Y  1.00 24.62 1.00 -  |   478.3    445.4  0.00 | -1.0  0.0 0   0   0  0  1  0
  - 4.21s  --------    0  Y   Y  1.00 24.72 1.00 -  |   477.7    445.5  0.00 | -1.0  0.0 0   0   0  0  1  0
  - 4.11s  --------    0  Y   Y  1.00 24.82 1.00 -  |   477.1    445.4  0.00 | -1.0  0.0 0   0   0  0  1  0
  - 4.00s  --------    0  Y   Y  1.00 24.93 1.00 -  |   476.5    445.5  0.00 | -1.0  0.0 0   0   0  0  1  0
  - 3.90s  --------    0  Y   Y  1.00 25.03 1.00 -  |   475.9    445.9  0.00 | -1.0  0.0 0   0   0  0  1  0
  - 3.79s  --------    0  Y   Y  1.00 25.14 1.00 -  |   475.2    446.4  0.00 | -1.0  0.0 0   0   0  0  1  0
  - 3.69s  --------    0  Y   Y  1.00 25.24 1.00 -  |   474.7    446.8  0.00 | -1.0  0.0 0   0   0  0  1  0
  - 3.59s  --------    0  Y   Y  1.00 25.34 1.00 -  |   474.2    447.3  0.00 | -1.0  0.0 0   0   0  0  1  0
  - 3.48s  --------    0  Y   Y  1.00 25.44 1.00 -  |   473.7    447.8  0.00 | -1.0  0.0 0   0   0  0  1  0
  - 3.38s  --------    0  Y   Y  1.00 25.55 1.00 -  |   473.1    448.2  0.00 | -1.0  0.0 0   0   0  0  1  0
  - 3.27s  --------    0  Y   Y  1.00 25.65 1.00 -  |   472.6    448.7  0.00 | -1.0  0.0 0   0   0  0  1  0
  - 3.17s  --------    0  Y   Y  1.00 25.76 1.00 -  |   472.3    449.0  0.00 |  0.0  0.0 0   0   0  0  0  0
  - 3.07s  --------    0  Y   Y  1.00 25.86 1.00 -  |   472.2    449.2  0.00 |  0.0  0.0 0   0   0  0  0  0
  - 2.97s  --------    0  Y   Y  1.00 25.96 1.00 -  |   471.8    449.5  0.00 |  0.0  0.0 0   0   0  0  1  0
  - 2.87s  --------    0  Y   Y  1.00 26.06 1.00 -  |   471.8    449.5  0.00 |  0.0  0.0 0   0   0  0  1  0
  - 2.76s  --------    0  Y   Y  1.00 26.16 1.00 -  |   471.8    449.5  0.00 |  1.0  0.0 0   0   0  0  1  0
  - 2.66s  --------    0  Y   Y  1.00 26.26 1.00 -  |   472.3    449.2  0.00 |  1.0  0.0 0   0   0  0  1  0
  - 2.56s  --------    0  Y   Y  1.00 26.37 1.00 -  |   472.9    448.9  0.00 |  1.0  0.0 0   0   0  0  1  0
  - 2.46s  --------    0  Y   Y  1.00 26.47 1.00 -  |   473.5    448.5  0.00 |  1.0  0.0 0   0   0  0  1  0
  - 2.35s  --------    0  Y   Y  1.00 26.57 1.00 -  |   474.3    448.1  0.00 |  1.0  0.0 0   0   0  0  1  0
  - 2.25s  --------    0  Y   Y  1.00 26.68 1.00 -  |   474.9    447.8  0.00 |  1.0  0.0 0   0   0  0  1  0
  - 2.15s  --------    0  Y   Y  1.00 26.78 1.00 -  |   475.4    447.5  0.00 |  1.0  0.0 0   0   0  0  1  0
  - 2.04s  --------    0  Y   Y  1.00 26.88 1.00 -  |   475.4    447.3  0.00 |  1.0  0.0 0   0   0  0  1  0
  - 1.94s  --------    0  Y   Y  1.00 26.98 1.00 -  |   475.4    447.2  0.00 |  1.0  0.0 0   0   0  0  1  0
  - 1.84s  --------    0  Y   Y  1.00 27.09 1.00 -  |   475.4    447.0  0.00 |  1.0  0.0 0   0   0  0  1  0
  - 1.74s  --------    0  Y   Y  1.00 27.19 1.00 -  |   475.4    446.8  0.00 |  1.0  0.0 0   0   0  0  1  0
  - 1.63s  --------    0  Y   Y  1.00 27.29 1.00 -  |   475.5    446.5  0.00 |  1.0  0.0 0   0   0  0  1  0
  - 1.53s  --------    0  Y   Y  1.00 27.40 1.00 -  |   475.8    446.0  0.00 |  1.0  0.0 0   0   0  0  1  0
  - 1.43s  --------    0  Y   Y  1.00 27.50 1.00 -  |   476.3    445.6  0.00 |  1.0  0.0 0   0   0  0  1  0
  - 1.32s  --------    0  Y   Y  1.00 27.60 1.00 -  |   476.9    445.4  0.00 |  1.0  0.0 0   0   0  0  1  0
  - 1.22s  --------    0  Y   Y  1.00 27.70 1.00 -  |   477.6    445.2  0.00 |  1.0  0.0 0   0   0  0  1  0
  - 1.12s  --------    0  Y   Y  1.00 27.81 1.00 -  |   478.3    445.0  0.00 |  1.0  0.0 0   0   0  0  1  0
  - 1.02s  --------    0  Y   Y  1.00 27.91 1.00 -  |   478.9    444.8  0.00 |  1.0  0.0 0   0   0  0  1  0
  - 0.91s  --------    0  Y   Y  1.00 28.01 1.00 -  |   479.6    444.6  0.00 |  1.0  0.0 0   0   0  0  1  0
  - 0.81s  --------    0  Y   Y  1.00 28.12 1.00 -  |   480.4    444.3  0.00 |  1.0  0.0 0   0   0  0  1  0
  - 0.71s  --------    0  Y   Y  1.00 28.22 1.00 -  |   481.1    444.2  0.00 |  1.0  0.0 0   0   0  0  1  0
  - 0.60s  --------    0  Y   Y  1.00 28.32 1.00 -  |   481.8    444.0  0.00 |  1.0  0.0 0   0   0  0  1  0
  - 0.50s  --------    0  Y   Y  1.00 28.43 1.00 -  |   482.4    443.8  0.00 |  1.0  0.0 0   0   0  0  1  0
  - 0.40s  --------    0  Y   Y  1.00 28.53 1.00 -  |   483.1    443.6  0.00 |  1.0  0.0 0   0   0  0  1  0
  - 0.30s  --------    0  Y   Y  1.00 28.63 1.00 -  |   483.8    443.6  0.00 |  1.0  0.0 0   0   0  0  1  0
  - 0.20s  --------    0  Y   Y  1.00 28.73 1.00 -  |   484.5    443.7  0.00 |  1.0  0.0 0   0   0  0  1  0
  - 0.10s  --------    0  Y   Y  1.00 28.83 1.00 -  |   485.2    443.9  0.00 |  1.0  0.0 0   0   0  0  1  0
=========================================================== END

[  6610   35.032 x1.00] LOG  [StormWeather] terrain layers restored to dry values.
# end — 64 lines
