# Oni combat log — 2026-09-06 17:57:14
# Unity 6000.2.7f2 | scene 'CaveScene_Oni_Boss1' | platform OSXEditor
# columns: [frame realSeconds timeScale] KIND message      (KIND: LOG WARN ERR EXC TEL)
#
[     0    0.000 x1.00] LOG  [OniLog] console + telemetry → /Users/asenahazal/Documents/Yoru/OniLogs/oni_2026-09-06_17-57-14.log
[     1    0.000 x1.00] LOG  [BossBar] BossHealthBarUI initialized
[     1    0.000 x1.00] LOG  [TailAirShot4Leg] Ready. drawState=shoot_4Leg castParam=Shoot4LegSpeed (found) readyFrame=5 fireFrame=10 frames=24 slowBudget=3s real damageMultiplier=2.00
  arrow leaves: PlayerYoru_1.1/Cat_All_10_Tails_v4/Group/DeformationSystem/root/Root_M/Tail15_R/Tail151_R/Tail152_R/Tail153_R/Tail154_R/Tail155_R/Tail156_R/Tail157_R/Tail158_R/Tail159_R/Tail1510_R/Tail1511_R/Tail1512_R/Tail6_R/Tail6_R_end/Tail6_R_end_end/Tail6_R_end_end_end/RightTailTip_Anchor
  aim VFX left:  PlayerYoru_1.1/Cat_All_10_Tails_v4/Group/DeformationSystem/root/Root_M/Tail15_L/Tail151_L/Tail152_L/Tail153_L/Tail154_L/Tail155_L/Tail156_L/Tail157_L/Tail158_L/Tail159_L/Tail1510_L/Tail1511_L/Tail1512_L/Tail6_L/Tail6_L_end/Tail6_L_end_end/Tail6_L_end_end_end/LeftTailTip_Anchor/Glow_4Leg_L
  aim VFX right: PlayerYoru_1.1/Cat_All_10_Tails_v4/Group/DeformationSystem/root/Root_M/Tail15_R/Tail151_R/Tail152_R/Tail153_R/Tail154_R/Tail155_R/Tail156_R/Tail157_R/Tail158_R/Tail159_R/Tail1510_R/Tail1511_R/Tail1512_R/Tail6_R/Tail6_R_end/Tail6_R_end_end/Tail6_R_end_end_end/RightTailTip_Anchor/Glow_4Leg_R
[     1    0.000 x1.00] LOG  [TailAirShot] Ready. drawState=RightTail_Fast castParam=TailCastSpeed (found)
  arrow leaves: PlayerYoru_1.1/Cat_All_10_Tails_v4/Group/DeformationSystem/root/Root_M/Tail15_R/Tail151_R/Tail152_R/Tail153_R/Tail154_R/Tail155_R/Tail156_R/Tail157_R/Tail158_R/Tail159_R/Tail1510_R/Tail1511_R/Tail1512_R/Tail6_R/Tail6_R_end/Tail6_R_end_end/Tail6_R_end_end_end/RightTailTip_Anchor
  aim VFX: PlayerYoru_1.1/Cat_All_10_Tails_v4/Group/DeformationSystem/root/Root_M/Tail15_R/Tail151_R/Tail152_R/Tail153_R/Tail154_R/Tail155_R/Tail156_R/Tail157_R/Tail158_R/Tail159_R/Tail1510_R/Tail1511_R/Tail1512_R/Tail6_R/Tail6_R_end/Tail6_R_end_end/Tail6_R_end_end_end/RightTailTip_Anchor/vfx_Muzzle_Fireball01Blue
[     1    0.000 x1.00] LOG  [PlayerCombat] Phase 2 form gate CONNECTED (FormController found on this GameObject).
[     1    0.000 x1.00] LOG  [Combat] PlayerCombat initialized — Phase 3C v27
[     1    0.000 x1.00] LOG  [RingMesh] VFX Status:
[     1    0.000 x1.00] LOG    Left: Prefab=✓, Spawn=Tail6_L_end_end_end
[     1    0.000 x1.00] LOG    Right: Prefab=✓, Spawn=Tail6_R_end_end_end
[     1    0.000 x1.00] LOG  === VFX MANAGER INITIALIZED ===
[     1    0.000 x1.00] LOG  Auto-detect animations: False
[     1    0.000 x1.00] LOG  Parent effects to tail: True
[     1    0.000 x1.00] LOG  Prefabs: Jump=True, Land=True, LTail=True, RTail=True
[     1    0.000 x1.00] LOG  ✅ Left Tail Tip: LeftTailVFX
[     1    0.000 x1.00] LOG  ✅ Right Tail Tip: RightTailTip_Anchor
[     1    0.000 x1.00] LOG  [StormWeather] layer 'TerrainLayer_Dirt_01' dry smoothness=0.00 (restore to this if a crash ever leaves it wet)
[     1    0.000 x1.00] LOG  [StormWeather] post volumes ready on layer 9 (storm priority 10, flash priority 11).
[     1    0.000 x1.00] LOG  [StormWeather] COZY bridge: Rain_Cave retired — COZY owns the rain now.
[     1    0.000 x1.00] LOG  [StormWeather] COZY → 'Clear' (pre-fight - open sky, 0 s)
[     1    0.000 x1.00] LOG  [StormWeather] Ready. Open sky, dry floor. Waiting for the fight.
[     1    0.000 x1.00] LOG  [FreezeDebug v3] Armed. Manual=L. Auto=True. Buffer=60 snaps @ 0.1s = 6.0s history.
[     1    0.000 x1.00] LOG  OniBoss initialized with 500 HP
[     1    0.000 x1.00] LOG  [OniBoss] ANIMATOR SETUP: cullingMode=CullUpdateTransforms updateMode=Normal applyRootMotion=False speed=1
[     1    0.000 x1.00] LOG  [OniBoss] Initialized
[     1    0.000 x1.00] LOG  [OniBoss:Layer] facing: minFlat 1m, snapOnAttack off, trackInHitReact off
[     1    0.000 x1.00] LOG  [OniBoss:Layer] Yoru launch model ON: launches ALL THE WAY to an enemy within 4.7m of its surface at 10m/s (stop gap 0.00m, NO minimum distance), else steps 0.90m forward. Targeting cone left exactly as her prefab has it.
[     1    0.000 x1.00] LOG  [OniBoss:Layer] Yoru launch ROUND 9: airborne attacks launch too (ON), edge probe now runs on its OWN layer mask (Everything) instead of the line-of-sight mask - the Ground-only mask found no floor in this cave and was cancelling 100% of launches at 0.00m travelled.
[     1    0.000 x1.00] LOG  [OniBoss:Layer] animator speed x1.35 — his 1.13s swing now plays in 0.84s.
[     1    0.000 x1.00] LOG  [OniBoss:Layer] chase speed pushed: phase1 4.5, phase2 5.5 (Yoru runs at 7).
[     1    0.000 x1.00] LOG  [OniBoss:Layer] ground wave ON (round 38): half the club's damage on TOUCH, 12m/s x 6.0m from 1.6m in front at 0.35m height — a club hit cancels that swing's wave, jumping clears it. Per-attack effects come from the Swing Wave VFX By Attack rows. PlayerHealth found, PlayerMovement found.
[     1    0.000 x1.00] LOG  [StormWeather] storm break HELD (waiting for the lightning beat)
[     1    0.000 x1.00] LOG  [OniBoss:Layer] storm break HELD — it releases at the lightning-on-the-club beat.
[     1    0.000 x1.00] LOG  [OniBoss:Layer] club tracking ON — tip 'Kanabo3' (depth 4), shaft root 'kanabo'.
[     1    0.000 x1.00] LOG  [OniBoss:Layer] skinned meshes: 46 renderer(s), updateWhenOffscreen ON, body renderer 'Body' rootBone 'Hips'
[     1    0.000 x1.00] LOG  [OniBoss:Layer] charge travel bone: 'Hips' at depth 1 under 'OniBoss', rest local (0.00, 3.24, -0.24)
[     1    0.000 x1.00] LOG  [OniBoss:Layer] anti-kite ON: thrown swing after 4s of failed chase (within 7.6m), charge after 6s.
[     1    0.000 x1.00] LOG  [OniBoss:Layer] charge drive ON (windup to 0.40 at x1.3, rush 14m/s stops at 2.6m, steers 0.35s then commits, strike section from 0.58, strike moment 0.76, trail VFX off)
[     1    0.000 x1.00] LOG  [OniBoss:Layer] attack armor ON (his swings are not interrupted by light/medium hits; heavy hits and rapid-hit bursts still stop him)
[     1    0.000 x1.00] LOG  [OniBoss:Layer] strike moments overridden: Club_Swing=0.42 ClubSwing2=0.32 ClubSlam=0.85 KanaboSweep=0.48
[     1    0.000 x1.00] LOG  [OniBoss:Layer] club TOUCH hits ON (radius 0.70m, min tip speed 50m/s, armed from 0.20 of the clip): Club_Swing ClubSwing2 ClubSlam KanaboSweep. First touch wins — club full damage, wave half, one hit per swing.
[     1    0.000 x1.00] LOG  [OniBoss:Layer] combo damage ramp ON: mid x1.25, finisher x1.50 — finisher wave carries FULL damage at x2.0 size, x2.0 travel.
[     1    0.000 x1.00] LOG  [OniBoss:Layer] charge follow-up ON: 90 % of solo charges chain into a random melee finisher.
[     1    0.000 x1.00] LOG  [OniBoss:Layer] hold-ground ON (backstep 1.5m @ 1.6m/s after own attacks, watch 'Watch', attack facing LOCKED)
[     1    0.000 x1.00] LOG  [OniBoss:Layer] OniBoss layer ready (reactions, wake-on-hit, watch stance, boss bar). player=found
[     1    0.000 x1.00] LOG  [OniBoss:Layer] charge clip 'Oni Charge.fbx' imports with Root Motion Node = None (in place) — good.
[     1    0.000 x1.00] LOG  [OniBoss:Layer] clips importing with Root Transform Position (Y) NOT baked into pose (12): Oni_Alert(Oni Alert), Club_Slam(Oni Club Slam), Club_Swing(Oni Club Swing), Club_swing2(Oni Club Swing 2), Death(Oni Death Kneel), Hit_react_light(Oni Hit react lighter light), KanaboSweep(Oni Kanabo sweep), Phase_Transition(Oni Phase transition), run(Oni Run), Walk(Oni Walk), Watch(Oni Watch), Idle(Oni Idle) — their hips' up/down motion is stripped (see round notes; optional).
[     1    0.000 x1.00] LOG  [VolumetricFogController] Found VolumetricFog component on mainCamera (1)
[     1    0.000 x1.00] LOG  [VolumetricFogController] Reflection init: density=True, height=True, baselineHeight=True, alpha=True, noiseStrength=True, lightScatteringExposure=True
[     1    0.000 x1.00] LOG  [VolumetricFogController] Initialized with Neutral preset (height=60, baselineHeight=0)
[     1    0.000 x1.00] WARN [VolumetricFogController] WorldStateManager not found!
[     1    0.000 x1.00] LOG  [CameraGameFeel] CameraGameFeel initialized (shake + FOV)
[     1    2.425 x1.00] LOG  [OniBoss] Playing animation: Idle
[     1    2.425 x1.00] LOG  [OniBoss:Layer] watch stance ON (player 13.4m)
[    77    3.240 x1.00] LOG  💨 Landing VFX spawned!
[    77    3.240 x1.00] LOG  ✅ LANDED! (was jump #0)
[   174    3.731 x1.00] LOG  🐾 4-LEG JUMP #0
[   174    3.731 x1.00] LOG  🐾 Jump 1 VFX spawned!
[   247    4.073 x1.00] LOG  
==================== [FREEZE-DEBUG v3] ====================
  Reason : WASD-NOMOVE: WASD recent + speed 0.00m/s for 0.40s
  Time   : 1.255s   Frame: 247   Snaps: 13
===========================================================

--- CURRENT STATE ---
  Flags: atk=False hvy=False dod=False dsh=False
         grd=False hit=False aerial=False lockPos=False
         comboStep=0
  Anim : speed=1.00  combatLayer hash=-792875657 normT=1.251 weight=1.00 inTransition=False
  CC   : grounded=False  enabled=True  pos=(474.50, 1.70, 428.95)  vel=(0.00, 2.65, 0.00)
  Move : IsRunning=True
  Input: H=0.00 V=1.00  LMB=False MMB=False Q=False Sp=True Sh=True C=False
         WASD pressed in last 0.5s: True (last 0.00s ago)

--- FLIGHT RECORDER (13 snapshots, oldest first, dt=0.10s) ---
  Legend: flags = A(tk) H(vy) D(od) S(sh) G(rd) R(eact) Y(aerial) L(ock)   gnd/cc: Y/n
  t-now    flags     step gnd cc anSp normT layW tr | posX     posZ     spd   | H    V    LMB MMB Q  Sp Sh C
  ------   --------  ---- --- -- ---- ----- ---- -- | -----    -----    ----  | ---- ---- --- --- -- -- -- -
  - 1.26s  --------    0  n   Y  1.00  0.00 1.00 -  |   474.5    427.2  0.00 |  0.0  0.0 0   0   0  0  0  0
  - 1.15s  --------    0  n   Y  1.00  0.10 1.00 -  |   474.5    427.2  0.00 |  0.0  0.0 0   0   0  0  0  0
  - 1.05s  --------    0  n   Y  1.00  0.20 1.00 -  |   474.5    427.2  0.00 |  0.0  0.0 0   0   0  0  0  0
  - 0.95s  --------    0  n   Y  1.00  0.30 1.00 -  |   474.5    427.2  0.00 |  0.0  0.0 0   0   0  0  0  0
  - 0.84s  --------    0  n   Y  1.00  0.41 1.00 -  |   474.5    427.2  0.00 |  0.0  0.0 0   0   0  0  0  0
  - 0.74s  --------    0  Y   Y  1.00  0.51 1.00 -  |   474.5    427.2  0.00 |  0.0  0.0 0   0   0  0  0  0
  - 0.64s  --------    0  Y   Y  1.00  0.61 1.00 -  |   474.5    427.2  0.00 |  0.0  0.0 0   0   0  0  0  0
  - 0.54s  --------    0  Y   Y  1.00  0.71 1.00 -  |   474.5    427.2  0.00 |  0.0  0.0 0   0   0  0  1  0
  - 0.44s  --------    0  Y   Y  1.00  0.81 1.00 -  |   474.5    427.2  0.00 |  0.0  0.0 0   0   0  0  1  0
  - 0.34s  --------    0  Y   Y  1.00  0.91 1.00 -  |   474.5    427.4  0.00 |  0.0  1.0 0   0   0  1  1  0
  - 0.24s  --------    0  n   Y  1.00  1.01 1.00 -  |   474.5    427.9  0.00 |  0.0  1.0 0   0   0  1  1  0
  - 0.13s  --------    0  n   Y  1.00  1.12 1.00 -  |   474.5    428.4  0.00 |  0.0  1.0 0   0   0  1  1  0
  - 0.03s  --------    0  n   Y  1.00  1.22 1.00 -  |   474.5    428.9  0.00 |  0.0  1.0 0   0   0  1  1  0
=========================================================== END

[   288    4.288 x1.00] LOG  [ComboTrace] LAUNCH STEP (no enemy) dist=0.90m in 0.13s [AIRBORNE]
[   288    4.288 x1.00] LOG  [Combat] Aerial spin — 25 dmg
[   288    4.288 x1.00] LOG  [AirPosePin] engaged, holding body at 1.984m above the transform
[   314    4.421 x1.00] LOG  [ComboTrace] LAUNCH RESULT wanted=0.90m actually moved=1.53m — completed
[   361    4.660 x1.00] LOG  💨 Landing VFX spawned!
[   361    4.660 x1.00] LOG  ✅ LANDED! (was jump #1)
[   361    4.660 x1.00] LOG  [AirPosePin] released, peak correction was 1.200m
[   428    5.000 x1.00] LOG  [ComboTrace] END step=3 clipProgress=0.90 clipLen=0.79s queued=0 elapsed=0.71s
[   465    5.203 x1.00] LOG  🐾 4-LEG JUMP #0
[   465    5.203 x1.00] LOG  🐾 Jump 1 VFX spawned!
[   486    5.317 x1.00] LOG  [ComboTrace] LAUNCH OniBoss at 3.6m dist=3.20m in 0.32s (capped short) [AIRBORNE]
[   486    5.317 x1.00] LOG  [Combat] Aerial spin — 25 dmg
[   486    5.317 x1.00] LOG  [AirPosePin] engaged, holding body at 0.549m above the transform
[   517    5.471 x1.00] LOG  OniBoss took 10 damage. HP: 490/500
[   517    5.471 x1.00] LOG  [OniBoss] 🤕 Hit during LostSoul — flash only
[   517    5.471 x1.00] LOG  [OniBoss] LostSoul → Alert
[   517    5.471 x1.00] LOG  [OniBoss] Playing animation: Oni_Alert
[   517    5.471 x1.00] LOG  [OniBoss] Became HOSTILE
[   517    5.471 x1.00] LOG  [OniBoss:Layer] woken by damage (10) — back attacks count.
[   517    5.471 x1.00] LOG  [CameraGameFeel] Shake: intensity=0.50 duration=0.200s
[   517    5.471 x1.00] LOG  [CameraGameFeel] FOV punch: hit light (+1.5°)
[   518    5.479 x1.00] LOG  [StormWeather] COZY → 'Receeding Storm' (fight engaged - storm rolls in, 0 s)
[   518    5.479 x1.00] LOG  [StormWeather] FIGHT STARTED (he engaged) - storm on, floor starts to soak.
[   518    5.479 x1.00] LOG  [BossBar] Showing bar for: Oni (490/500)
[   518    5.479 x1.00] LOG  [OniBoss:Layer] boss bar shown
[   547    5.627 x1.00] LOG  OniBoss took 10 damage. HP: 480/500
[   547    5.627 x1.00] LOG  [OniBoss] 🤕 Hit during Alert — flash only
[   547    5.627 x1.00] LOG  [CameraGameFeel] Shake: intensity=0.18 duration=0.200s
[   549    5.638 x1.00] LOG  [ComboTrace] LAUNCH RESULT wanted=3.20m actually moved=3.18m — completed
[   578    5.777 x1.00] LOG  OniBoss took 10 damage. HP: 470/500
[   578    5.777 x1.00] LOG  [OniBoss] 🤕 Hit during Alert — flash only
[   578    5.777 x1.00] LOG  [CameraGameFeel] Shake: intensity=0.18 duration=0.200s
[   608    5.929 x1.00] LOG  OniBoss took 10 damage. HP: 460/500
[   608    5.929 x1.00] LOG  [OniBoss] 🤕 Hit during Alert — flash only
[   608    5.929 x1.00] LOG  [OniBoss] Alert → Stagger
[   608    5.929 x1.00] LOG  [OniBoss] Playing animation: Stagger
[   608    5.929 x1.00] LOG  [OniBoss] STAGGERED for 2.5s
[   608    5.929 x1.00] LOG  [OniBoss:Layer] heavy knock-back react (swirl burst, 3 hits / 30 dmg) → 'HitReact_Heavy', down for 1.80s
[   608    5.929 x1.00] LOG  [OniBoss:Layer] burst: 3 hits / 30 dmg inside 0.8s → knock-back + 0.90m push
[   608    5.929 x1.00] LOG  [CameraGameFeel] Shake: intensity=0.18 duration=0.200s
[   636    6.076 x1.00] LOG  [ComboTrace] END step=3 clipProgress=0.90 clipLen=0.79s queued=0 elapsed=0.76s
[   637    6.081 x1.00] LOG  [AirPosePin] released, peak correction was -0.137m
[   644    6.121 x1.00] LOG  💨 Landing VFX spawned!
[   644    6.121 x1.00] LOG  ✅ LANDED! (was jump #1)
[   674    6.277 x1.00] LOG  [StormWeather] storm post weight -> 0.40
[   882    7.285 x1.00] LOG  🐾 4-LEG JUMP #0
[   882    7.285 x1.00] LOG  🐾 Jump 1 VFX spawned!
[   911    7.423 x1.00] LOG  [ComboTrace] LAUNCH OniBoss at 2.3m dist=2.32m in 0.23s [AIRBORNE]
[   911    7.423 x1.00] LOG  [Combat] Aerial spin — 25 dmg
[   911    7.423 x1.00] LOG  [AirPosePin] engaged, holding body at 0.532m above the transform
[   943    7.575 x1.00] LOG  OniBoss punish window! 10 → 15 (x1.5)
[   943    7.575 x1.00] LOG  OniBoss took 15 damage. HP: 445/500
[   943    7.575 x1.00] LOG  [CameraGameFeel] Shake: intensity=0.50 duration=0.200s
[   943    7.575 x1.00] LOG  [CameraGameFeel] FOV punch: hit light (+1.5°)
[   960    7.662 x1.00] LOG  [ComboTrace] LAUNCH RESULT wanted=2.32m actually moved=1.82m — completed
[   973    7.731 x1.00] LOG  [OniBoss] Stagger → Chase
[   974    7.738 x1.00] LOG  [OniBoss] Pull-band decision: RUN-IN (dist 3.9m, pullRange 0m, chance 0.50)
[   974    7.738 x1.00] LOG  [OniBoss] Playing animation: run
[  1058    8.177 x1.00] LOG  [ComboTrace] END step=3 clipProgress=0.90 clipLen=0.79s queued=0 elapsed=0.75s
[  1059    8.181 x1.00] LOG  [AirPosePin] released, peak correction was -0.156m
[  1067    8.220 x1.00] LOG  💨 Landing VFX spawned!
[  1067    8.220 x1.00] LOG  ✅ LANDED! (was jump #1)
[  1112    8.458 x1.00] LOG  
==================== [FREEZE-DEBUG v3] ====================
  Reason : WASD-NOMOVE: WASD recent + speed 0.00m/s for 0.40s
  Time   : 5.640s   Frame: 1112   Snaps: 56
===========================================================

--- CURRENT STATE ---
  Flags: atk=False hvy=False dod=False dsh=False
         grd=False hit=False aerial=False lockPos=False
         comboStep=3
  Anim : speed=1.00  combatLayer hash=-792875657 normT=0.270 weight=1.00 inTransition=False
  CC   : grounded=True  enabled=True  pos=(467.62, -0.02, 433.55)  vel=(0.00, 0.00, 0.00)
  Move : IsRunning=False
  Input: H=0.00 V=0.00  LMB=False MMB=False Q=False Sp=False Sh=False C=False
         WASD pressed in last 0.5s: True (last 0.43s ago)

--- FLIGHT RECORDER (56 snapshots, oldest first, dt=0.10s) ---
  Legend: flags = A(tk) H(vy) D(od) S(sh) G(rd) R(eact) Y(aerial) L(ock)   gnd/cc: Y/n
  t-now    flags     step gnd cc anSp normT layW tr | posX     posZ     spd   | H    V    LMB MMB Q  Sp Sh C
  ------   --------  ---- --- -- ---- ----- ---- -- | -----    -----    ----  | ---- ---- --- --- -- -- -- -
  - 5.64s  --------    0  n   Y  1.00  0.00 1.00 -  |   474.5    427.2  0.00 |  0.0  0.0 0   0   0  0  0  0
  - 5.54s  --------    0  n   Y  1.00  0.10 1.00 -  |   474.5    427.2  0.00 |  0.0  0.0 0   0   0  0  0  0
  - 5.43s  --------    0  n   Y  1.00  0.20 1.00 -  |   474.5    427.2  0.00 |  0.0  0.0 0   0   0  0  0  0
  - 5.33s  --------    0  n   Y  1.00  0.30 1.00 -  |   474.5    427.2  0.00 |  0.0  0.0 0   0   0  0  0  0
  - 5.23s  --------    0  n   Y  1.00  0.41 1.00 -  |   474.5    427.2  0.00 |  0.0  0.0 0   0   0  0  0  0
  - 5.13s  --------    0  Y   Y  1.00  0.51 1.00 -  |   474.5    427.2  0.00 |  0.0  0.0 0   0   0  0  0  0
  - 5.03s  --------    0  Y   Y  1.00  0.61 1.00 -  |   474.5    427.2  0.00 |  0.0  0.0 0   0   0  0  0  0
  - 4.92s  --------    0  Y   Y  1.00  0.71 1.00 -  |   474.5    427.2  0.00 |  0.0  0.0 0   0   0  0  1  0
  - 4.82s  --------    0  Y   Y  1.00  0.81 1.00 -  |   474.5    427.2  0.00 |  0.0  0.0 0   0   0  0  1  0
  - 4.72s  --------    0  Y   Y  1.00  0.91 1.00 -  |   474.5    427.4  0.00 |  0.0  1.0 0   0   0  1  1  0
  - 4.62s  --------    0  n   Y  1.00  1.01 1.00 -  |   474.5    427.9  0.00 |  0.0  1.0 0   0   0  1  1  0
  - 4.52s  --------    0  n   Y  1.00  1.12 1.00 -  |   474.5    428.4  0.00 |  0.0  1.0 0   0   0  1  1  0
  - 4.41s  --------    0  n   Y  1.00  1.22 1.00 -  |   474.5    428.9  0.00 |  0.0  1.0 0   0   0  1  1  0
  - 4.31s  --------    0  n   Y  1.00  1.32 1.00 -  |   474.5    429.3  0.00 |  0.0  1.0 1   0   0  1  1  0
  - 4.21s  --------    0  n   Y  1.00  1.42 1.00 -  |   474.5    429.8  0.00 |  0.0  1.0 1   0   0  1  1  0
  - 4.11s  A-----Y-    3  n   Y  1.00  0.07 1.00 -  |   474.5    430.8  7.68 |  0.0  1.0 0   0   0  1  1  0
  - 4.01s  A-----Y-    3  n   Y  1.00  0.19 1.00 -  |   474.5    431.6  0.00 |  0.0  1.0 0   0   0  1  1  0
  - 3.91s  A-----Y-    3  n   Y  1.00  0.33 1.00 -  |   474.5    432.0  0.00 |  0.0  1.0 0   0   0  1  1  0
  - 3.80s  A-----Y-    3  n   Y  1.00  0.46 1.00 -  |   474.5    432.5  0.00 |  0.0  1.0 0   0   0  1  1  0
  - 3.70s  ------Y-    3  Y   Y  1.00  0.59 1.00 -  |   474.2    433.2  0.00 |  0.0  1.0 0   0   0  1  1  0
  - 3.59s  ------Y-    3  Y   Y  1.00  0.72 1.00 -  |   473.7    433.7  0.00 |  0.0  1.0 0   0   0  1  1  0
  - 3.49s  ------Y-    3  Y   Y  1.00  0.85 1.00 -  |   473.3    434.2  0.00 |  0.0  1.0 0   0   0  0  1  0
  - 3.39s  --------    3  Y   Y  1.00  0.98 1.00 T  |   472.8    434.8  0.00 |  0.0  1.0 0   0   0  0  1  0
  - 3.29s  --------    3  Y   Y  1.00  0.16 1.00 -  |   472.3    435.3  0.00 |  0.0  1.0 0   0   0  0  1  0
  - 3.19s  --------    3  n   Y  1.00  0.26 1.00 -  |   471.9    435.7  0.00 |  0.0  1.0 1   0   0  1  1  0
  - 3.08s  A-----Y-    3  n   Y  1.00  0.07 1.00 -  |   470.7    436.7  16.38 |  0.0  1.0 0   0   0  1  1  0
  - 2.98s  A-----Y-    3  n   Y  0.00  0.19 1.00 -  |   469.5    437.7  0.00 |  0.0  1.0 0   0   0  0  1  0
  - 2.88s  A-----Y-    3  n   Y  1.00  0.27 1.00 -  |   469.6    438.0  0.99 |  0.0  1.0 0   0   0  0  1  0
  - 2.77s  A-----Y-    3  n   Y  1.00  0.40 1.00 -  |   469.6    438.3  0.00 |  0.0  1.0 1   0   0  0  1  0
  - 2.67s  A-----Y-    3  n   Y  1.00  0.53 1.00 -  |   469.7    438.6  0.00 |  0.0  1.0 0   0   0  0  1  0
  - 2.57s  A-----Y-    3  n   Y  1.00  0.66 1.00 -  |   469.6    439.0  0.00 |  0.0  1.0 0   0   0  0  1  0
  - 2.47s  A-----Y-    3  n   Y  1.00  0.79 1.00 -  |   469.4    439.4  0.00 |  0.0  1.0 0   0   0  0  1  0
  - 2.37s  --------    3  n   Y  1.00  0.91 1.00 T  |   469.1    439.7  0.00 |  0.0  0.0 0   0   0  0  1  0
  - 2.26s  --------    3  Y   Y  1.00  0.11 1.00 -  |   468.9    439.9  0.00 |  0.0  0.0 0   0   0  0  0  0
  - 2.16s  --------    3  Y   Y  1.00  0.21 1.00 -  |   468.8    440.1  0.00 |  0.0 -1.0 0   0   0  0  0  0
  - 2.06s  --------    3  Y   Y  1.00  0.32 1.00 -  |   468.9    439.9  0.00 |  0.0 -1.0 0   0   0  0  0  0
  - 1.96s  --------    3  Y   Y  1.00  0.42 1.00 -  |   469.1    439.8  0.00 |  0.0 -1.0 0   0   0  0  0  0
  - 1.86s  --------    3  Y   Y  1.00  0.52 1.00 -  |   469.2    439.6  0.00 |  0.0 -1.0 0   0   0  0  0  0
  - 1.75s  --------    3  Y   Y  1.00  0.62 1.00 -  |   469.3    439.5  0.00 |  0.0 -1.0 0   0   0  0  0  0
  - 1.65s  --------    3  Y   Y  1.00  0.73 1.00 -  |   469.5    439.3  0.00 | -1.0 -1.0 0   0   0  0  0  0
  - 1.55s  --------    3  Y   Y  1.00  0.82 1.00 -  |   469.5    439.1  0.00 | -1.0 -1.0 0   0   0  0  1  0
  - 1.44s  --------    3  Y   Y  1.00  0.93 1.00 -  |   469.7    438.4  0.00 | -1.0 -1.0 0   0   0  0  1  0
  - 1.34s  --------    3  Y   Y  1.00  1.03 1.00 -  |   469.7    437.7  0.00 | -1.0 -1.0 0   0   0  0  1  0
  - 1.24s  --------    3  Y   Y  1.00  1.13 1.00 -  |   469.6    436.9  0.00 | -1.0 -1.0 0   0   0  0  1  0
  - 1.13s  --------    3  n   Y  1.00  1.24 1.00 -  |   469.6    436.2  0.00 | -1.0 -1.0 1   0   0  1  1  0
  - 1.03s  A-----Y-    3  n   Y  1.00  1.34 1.00 T  |   469.5    435.8  19.83 | -1.0 -1.0 0   0   0  0  1  0
  - 0.93s  A-----Y-    3  n   Y  1.00  0.13 1.00 -  |   468.3    436.5  11.14 | -1.0 -1.0 1   0   0  0  1  0
  - 0.83s  A-----Y-    3  n   Y  1.00  0.20 1.00 -  |   467.8    436.5  2.46 | -1.0 -1.0 0   0   0  1  1  0
  - 0.73s  A-----Y-    3  n   Y  1.00  0.33 1.00 -  |   467.8    436.0  0.00 | -1.0 -1.0 1   0   0  0  1  0
  - 0.62s  A-----Y-    3  n   Y  1.00  0.46 1.00 -  |   467.7    435.6  0.00 | -1.0 -1.0 0   0   0  0  1  0
  - 0.52s  A-----Y-    3  n   Y  1.00  0.59 1.00 -  |   467.7    435.0  0.00 | -1.0 -1.0 0   0   0  1  1  0
  - 0.41s  A-----Y-    3  n   Y  1.00  0.72 1.00 -  |   467.7    434.6  0.00 |  0.0  0.0 0   0   0  0  1  0
  - 0.31s  A-----Y-    3  n   Y  1.00  0.85 1.00 -  |   467.6    434.2  0.00 |  0.0  0.0 0   0   0  0  0  0
  - 0.21s  --------    3  Y   Y  1.00  0.99 1.00 T  |   467.6    433.8  0.00 |  0.0  0.0 0   0   0  0  0  0
  - 0.11s  --------    3  Y   Y  1.00  0.17 1.00 -  |   467.6    433.6  0.00 |  0.0  0.0 0   0   0  0  0  0
  - 0.00s  --------    3  Y   Y  1.00  0.27 1.00 -  |   467.6    433.6  0.00 |  0.0  0.0 0   0   0  0  0  0
=========================================================== END

[  1125    8.514 x1.00] LOG  [OniBoss] Playing animation: Idle
[  1125    8.514 x1.00] LOG  [OniBoss] Combo started: swing1-2 (2 steps remaining)
[  1125    8.514 x1.00] LOG  [OniBoss] Chase → Attack
[  1125    8.514 x1.00] LOG  [OniBoss] Attack: Club_Swing (16 dmg)
[  1125    8.514 x1.00] LOG  [OniBoss:Trail] Club_Swing trail START at clip 0.83 (transition done).
[  1146    8.615 x1.00] LOG  [OniBoss:Layer] step-in: 'Club_Swing' closed 0.49m, Yoru now 3.0m away (range 3.5)
[  1189    8.838 x1.00] LOG  [CameraGameFeel] Shake: intensity=0.20 duration=0.250s
[  1189    8.838 x1.00] LOG  [Combat] Hit react: HitReact_Light_2Leg (0.5s)
[  1189    8.838 x1.00] LOG  [HitReactTrace] asked for 'HitReact_Light_2Leg' (0.50s) — blend resolved after 0 ms, now playing a clip 1.00s long at speed 1.00, layer weight 1.00, animator.speed 1.00.
[  1189    8.838 x1.00] LOG  [CameraGameFeel] Shake: intensity=0.30 duration=0.200s
[  1189    8.838 x1.00] LOG  [CameraGameFeel] FOV punch: player damage (-2.0°)
[  1189    8.838 x1.00] LOG  [OniBoss] Hit player for 16 (Club_Swing)
[  1189    8.838 x1.00] LOG  [OniBoss:Touch] Club_Swing: club TOUCHED Yoru at clip 0.39 — shaft 0.65m from her body line, tip speed 167m/s, ONE FRAME EARLY (predicted). Full club hit delivered this frame.
[  1195    8.871 x1.00] LOG  [OniBoss:ClubPos] Club_Swing at strike: club tip 3.02m up, 2.68m in front, -2.86m to his right (3.92m out from his centre). Club faces -79deg from his forward, pitch 0.40. (the ground wave is born 1.6m in front of him at 0.35m.)
[  1195    8.871 x1.00] LOG  [OniBoss:Layer] Club_Swing: club already hit — ground wave released as VISUAL only (0 damage).
[  1287    9.351 x1.00] LOG  [OniBoss] Attack → Recovery
[  1287    9.351 x1.00] LOG  [OniBoss] Playing animation: Watch
[  1287    9.351 x1.00] LOG  [OniBoss:Trail] trail END at clip 1.00, fading over 0.40s.
[  1287    9.351 x1.00] LOG  [OniBoss:Strike] Club_Swing: club tip closest to Yoru at 1.49m, clip position 0.92 | damage fires at 0.42 | clip 0.84s => damage fires 415 ms BEFORE the club is closest
[  1316    9.501 x1.00] LOG  [OniBoss] Recovery → Attack
[  1316    9.501 x1.00] LOG  [OniBoss] Attack: ClubSwing2 (16 dmg)
[  1316    9.501 x1.00] LOG  [OniBoss:Trail] ClubSwing2 trail START at clip 1.00 (transition still blending).
[  1380    9.844 x1.00] LOG  [CameraGameFeel] Shake: intensity=0.20 duration=0.250s
[  1380    9.844 x1.00] LOG  [Combat] Hit react: HitReact_Heavy_2Leg (0.9s)
[  1380    9.844 x1.00] LOG  [HitReactTrace] asked for 'HitReact_Heavy_2Leg' (0.90s) — blend resolved after 0 ms, now playing a clip 1.00s long at speed 1.00, layer weight 1.00, animator.speed 1.00.
[  1380    9.844 x1.00] LOG  [CameraGameFeel] Shake: intensity=0.60 duration=0.200s
[  1380    9.844 x1.00] LOG  [CameraGameFeel] FOV punch: player damage (-3.0°)
[  1380    9.844 x1.00] LOG  [OniBoss] Hit player for 24 (ClubSwing2) [combo x1.50]
[  1380    9.844 x1.00] LOG  [OniBoss:Touch] ClubSwing2: club TOUCHED Yoru at clip 0.29 — shaft 0.56m from her body line, tip speed 102m/s. Full club hit delivered this frame.
[  1388    9.882 x1.00] LOG  [OniBoss:ClubPos] ClubSwing2 at strike: club tip 0.09m up, 1.82m in front, 2.41m to his right (3.02m out from his centre). Club faces 5deg from his forward, pitch -0.88. (the ground wave is born 1.6m in front of him at 0.35m.)
[  1388    9.882 x1.00] LOG  [OniBoss:Layer] ClubSwing2: club already hit — ground wave released as VISUAL only (0 damage), finisher size x2.0.
[  1456   10.245 x1.00] LOG  [StormWeather] terrain layers restored to dry values.
# end — 153 lines
