# Oni combat log — 2026-09-11 06:49:13
# Unity 6000.2.7f2 | scene 'CaveScene_Oni_Boss1' | platform OSXEditor
# columns: [frame realSeconds timeScale] KIND message      (KIND: LOG WARN ERR EXC TEL)
#
[     0    0.000 x1.00] LOG  [OniLog] console + telemetry → /Users/asenahazal/Documents/Yoru/OniLogs/oni_2026-09-11_06-49-13.log
[     0    0.000 x1.00] LOG  [RingMesh] Auto-found 11/11 left, 11/11 right meshes
[     1    0.000 x1.00] LOG  [BossBar] BossHealthBarUI initialized
[     1    0.000 x1.00] LOG  [StormWeather] layer 'TerrainLayer_Dirt_01' dry smoothness=0.00 (restore to this if a crash ever leaves it wet)
[     1    0.000 x1.00] LOG  [StormWeather] post volumes ready on layer 9 (storm priority 10, flash priority 11).
[     1    0.000 x1.00] LOG  [StormWeather] ROUND 80: fur weather ready on 'Weather Zone'. Rain 0, wind 0.50 in the open, sky check 30 m from 'PlayerYoru_1.1'.
[     1    0.000 x1.00] LOG  [StormWeather] COZY bridge: Rain_Cave retired, COZY owns the rain now.
[     1    0.000 x1.00] LOG  [StormWeather] COZY → 'Clear' (pre-fight - open sky, 0 s)
[     1    0.000 x1.00] LOG  [StormWeather] Ready. Open sky, dry floor. Waiting for the fight.
[     1    0.000 x1.00] LOG  OniBoss initialized with 500 HP
[     1    0.000 x1.00] LOG  [OniBoss] ANIMATOR SETUP: cullingMode=CullUpdateTransforms updateMode=Normal applyRootMotion=False speed=1
[     1    0.000 x1.00] LOG  [OniBoss] Initialized
[     1    0.000 x1.00] LOG  [OniBoss:Layer] facing: minFlat 1m, snapOnAttack off, trackInHitReact off
[     1    0.000 x1.00] LOG  [OniBoss:Layer] Yoru launch model ON: launches ALL THE WAY to an enemy within 4.7m of its surface at 10m/s (stop gap 0.00m, NO minimum distance), else steps 0.90m forward. Targeting cone left exactly as her prefab has it.
[     1    0.000 x1.00] LOG  [OniBoss:Layer] Yoru launch ROUND 9: airborne attacks launch too (ON), edge probe now runs on its OWN layer mask (Everything) instead of the line-of-sight mask - the Ground-only mask found no floor in this cave and was cancelling 100% of launches at 0.00m travelled.
[     1    0.000 x1.00] LOG  [OniBoss:Layer] animator speed x1.35 — his 1.13s swing now plays in 0.84s.
[     1    0.000 x1.00] LOG  [OniBoss:Layer] chase speed pushed: phase1 4.5, phase2 5.5 (Yoru runs at 7).
[     1    0.000 x1.00] LOG  [OniBoss:Layer] ground wave ON (round 38): half the club's damage on TOUCH, 12m/s x 6.0m from 1.6m in front at 0.35m height — a club hit cancels that swing's wave, jumping clears it. Per-attack effects come from the Swing Wave VFX By Attack rows. PlayerHealth found, PlayerMovement found.
[     1    0.000 x1.00] LOG  [StormWeather] storm break HELD (waiting for the lightning beat)
[     1    0.000 x1.00] LOG  [OniBoss:Layer] storm break HELD — it releases at the lightning-on-the-club beat.
[     1    0.000 x1.00] LOG  [OniBoss:Layer] club tracking ON — tip 'Kanabo3' (depth 4), shaft root 'kanabo'.
[     1    0.000 x1.00] LOG  [OniBoss:Layer] skinned meshes: 46 renderer(s), updateWhenOffscreen ON, body renderer 'Body' rootBone 'Hips'
[     1    0.000 x1.00] LOG  [OniBoss:Layer] charge travel bone: 'Hips' at depth 1 under 'OniBoss', rest local (0.00, 3.24, -0.24)
[     1    0.000 x1.00] LOG  [OniBoss:Layer] anti-kite ON: thrown swing after 4s of failed chase (within 7.6m), charge after 6s.
[     1    0.000 x1.00] LOG  [OniBoss:Layer] charge drive ON (windup to 0.40 at x1.3, rush 14m/s stops at 2.6m, steers 0.35s then commits, strike section from 0.58, strike moment 0.76, trail VFX off)
[     1    0.000 x1.00] LOG  [OniBoss:Layer] attack armor ON (his swings are not interrupted by light/medium hits; heavy hits and rapid-hit bursts still stop him)
[     1    0.000 x1.00] LOG  [OniBoss:Layer] strike moments overridden: Club_Swing=0.42 ClubSwing2=0.32 ClubSlam=0.85 KanaboSweep=0.48
[     1    0.000 x1.00] LOG  [OniBoss:Layer] club TOUCH hits ON (radius 0.70m, min tip speed 50m/s, armed from 0.20 of the clip): Club_Swing ClubSwing2 ClubSlam KanaboSweep. First touch wins — club full damage, wave half, one hit per swing.
[     1    0.000 x1.00] LOG  [OniBoss:Layer] combo damage ramp ON: mid x1.25, finisher x1.50 — finisher wave carries FULL damage at x2.0 size, x2.0 travel.
[     1    0.000 x1.00] LOG  [OniBoss:Layer] charge follow-up ON: 90 % of solo charges chain into a random melee finisher.
[     1    0.000 x1.00] LOG  [OniBoss:Layer] hold-ground ON (backstep 1.5m @ 1.6m/s after own attacks, watch 'Watch', attack facing LOCKED)
[     1    0.000 x1.00] LOG  [OniBoss:Layer] OniBoss layer ready (reactions, wake-on-hit, watch stance, boss bar). player=found
[     1    0.000 x1.00] LOG  [OniBoss:Layer] charge clip 'Oni Charge.fbx' imports with Root Motion Node = None (in place) — good.
[     1    0.000 x1.00] LOG  [OniBoss:Layer] clips importing with Root Transform Position (Y) NOT baked into pose (12): Oni_Alert(Oni Alert), Club_Slam(Oni Club Slam), Club_Swing(Oni Club Swing), Club_swing2(Oni Club Swing 2), Death(Oni Death Kneel), Hit_react_light(Oni Hit react lighter light), KanaboSweep(Oni Kanabo sweep), Phase_Transition(Oni Phase transition), run(Oni Run), Walk(Oni Walk), Watch(Oni Watch), Idle(Oni Idle) — their hips' up/down motion is stripped (see round notes; optional).
[     1    0.000 x1.00] LOG  === VFX MANAGER INITIALIZED ===
[     1    0.000 x1.00] LOG  Auto-detect animations: False
[     1    0.000 x1.00] LOG  Parent effects to tail: True
[     1    0.000 x1.00] LOG  Prefabs: Jump=True, Land=True, LTail=True, RTail=True
[     1    0.000 x1.00] LOG  ✅ Left Tail Tip: LeftTailVFX
[     1    0.000 x1.00] LOG  ✅ Right Tail Tip: RightTailTip_Anchor
[     1    0.000 x1.00] LOG  [VolumetricFogController] applyPresets is OFF in this scene. The Volumetric Fog component keeps its hand-set inspector values.
[     1    0.000 x1.00] LOG  [TailAirShot] Ready. drawState=RightTail_Fast castParam=TailCastSpeed (found)
  arrow leaves: PlayerYoru_1.1/Cat_All_10_Tails_v4/Group/DeformationSystem/root/Root_M/Tail15_R/Tail151_R/Tail152_R/Tail153_R/Tail154_R/Tail155_R/Tail156_R/Tail157_R/Tail158_R/Tail159_R/Tail1510_R/Tail1511_R/Tail1512_R/Tail6_R/Tail6_R_end/Tail6_R_end_end/Tail6_R_end_end_end/RightTailTip_Anchor
  aim VFX: PlayerYoru_1.1/Cat_All_10_Tails_v4/Group/DeformationSystem/root/Root_M/Tail15_R/Tail151_R/Tail152_R/Tail153_R/Tail154_R/Tail155_R/Tail156_R/Tail157_R/Tail158_R/Tail159_R/Tail1510_R/Tail1511_R/Tail1512_R/Tail6_R/Tail6_R_end/Tail6_R_end_end/Tail6_R_end_end_end/RightTailTip_Anchor/vfx_Muzzle_Fireball01Blue
[     1    0.000 x1.00] LOG  [RingMesh] VFX Status:
[     1    0.000 x1.00] LOG    Left: Prefab=✓, Spawn=Tail6_L_end_end_end
[     1    0.000 x1.00] LOG    Right: Prefab=✓, Spawn=Tail6_R_end_end_end
[     1    0.000 x1.00] LOG  [TailAirShot4Leg] Ready. drawState=shoot_4Leg castParam=Shoot4LegSpeed (found) readyFrame=5 fireFrame=10 frames=24 slowBudget=3s real damageMultiplier=2.00
  arrow leaves: PlayerYoru_1.1/Cat_All_10_Tails_v4/Group/DeformationSystem/root/Root_M/Tail15_R/Tail151_R/Tail152_R/Tail153_R/Tail154_R/Tail155_R/Tail156_R/Tail157_R/Tail158_R/Tail159_R/Tail1510_R/Tail1511_R/Tail1512_R/Tail6_R/Tail6_R_end/Tail6_R_end_end/Tail6_R_end_end_end/RightTailTip_Anchor
  aim VFX left:  PlayerYoru_1.1/Cat_All_10_Tails_v4/Group/DeformationSystem/root/Root_M/Tail15_L/Tail151_L/Tail152_L/Tail153_L/Tail154_L/Tail155_L/Tail156_L/Tail157_L/Tail158_L/Tail159_L/Tail1510_L/Tail1511_L/Tail1512_L/Tail6_L/Tail6_L_end/Tail6_L_end_end/Tail6_L_end_end_end/LeftTailTip_Anchor/Glow_4Leg_L
  aim VFX right: PlayerYoru_1.1/Cat_All_10_Tails_v4/Group/DeformationSystem/root/Root_M/Tail15_R/Tail151_R/Tail152_R/Tail153_R/Tail154_R/Tail155_R/Tail156_R/Tail157_R/Tail158_R/Tail159_R/Tail1510_R/Tail1511_R/Tail1512_R/Tail6_R/Tail6_R_end/Tail6_R_end_end/Tail6_R_end_end_end/RightTailTip_Anchor/Glow_4Leg_R
[     1    0.000 x1.00] LOG  [PlayerCombat] Phase 2 form gate CONNECTED (FormController found on this GameObject).
[     1    0.000 x1.00] LOG  [Combat] PlayerCombat initialized, Phase 3C v27
[     1    0.000 x1.00] LOG  [CameraGameFeel] CameraGameFeel initialized (shake + FOV)
[     1    2.831 x1.00] LOG  [OniBoss] Playing animation: Idle
[     1    2.831 x1.00] LOG  [OniBoss:Layer] watch stance ON (player 13.4m)
[   109    3.793 x1.00] LOG  💨 Landing VFX spawned!
[   109    3.793 x1.00] LOG  ✅ LANDED! (was jump #0)
[   722    5.811 x1.00] LOG  🐾 4-LEG JUMP #0
[   722    5.811 x1.00] LOG  🐾 Jump 1 VFX spawned!
[   827    6.161 x1.00] LOG  [TailAirShot] entry refused: this airtime is not a 2 leg jump | y=1.74 ts=1.00 fdt=0.0200
[   827    6.161 x0.10] LOG  [TailAirShot4Leg] ENTER 4 leg, slow on for up to 3s real, waiting for the fire button, drawState=shoot_4Leg | y=1.74 ts=0.10 fdt=0.0020
[   827    6.161 x0.10] LOG  [AirPosePin] engaged, holding body at 1.241m above the transform
[   844    6.222 x0.10] LOG  [TailAirShot4Leg] DRAW started | y=1.77 ts=0.10 fdt=0.0020
[   894    6.396 x0.10] LOG  [TailAirShot4Leg] READY, frozen on frame 5 | y=1.81 ts=0.10 fdt=0.0020
[  1404    8.256 x0.10] LOG  [TailAirShot4Leg] SHOT released (released from ready pose) | y=1.88 ts=0.10 fdt=0.0020
[  1452    8.423 x0.10] LOG  [TailAirShot4Leg] FIRE, arrow away, dir=(-0.74, -0.16, 0.66) damage=40 (20 x 2.00) | y=1.85 ts=0.10 fdt=0.0020
[  1462    8.463 x1.00] LOG  [TailAirShot4Leg] FINISHER (R released mid motion), motion completes and fires | y=1.85 ts=1.00 fdt=0.0200
[  1551    8.798 x1.00] LOG  OniBoss took 40 damage. HP: 460/500
[  1551    8.798 x1.00] LOG  [OniBoss] LostSoul → Stagger
[  1551    8.798 x1.00] LOG  [OniBoss] Playing animation: Stagger
[  1551    8.798 x1.00] LOG  [OniBoss] STAGGERED for 2.5s
[  1551    8.798 x1.00] LOG  [OniBoss:Layer] heavy knock-back react (40 dmg) → 'HitReact_Heavy', down for 1.80s
[  1552    8.806 x1.00] LOG  [BossBar] Showing bar for: Oni (460/500)
[  1552    8.806 x1.00] LOG  [OniBoss:Layer] boss bar shown
[  1552    8.806 x1.00] LOG  💨 Landing VFX spawned!
[  1552    8.806 x1.00] LOG  ✅ LANDED! (was jump #1)
[  1552    8.806 x1.00] LOG  [AirPosePin] released, peak correction was 0.474m
[  1571    8.886 x1.00] LOG  [TailAirShot4Leg] finisher done, fully idle | y=-0.02 ts=1.00 fdt=0.0200
[  2043   10.598 x1.00] LOG  [OniBoss] Stagger → Chase
[  2044   10.601 x1.00] LOG  [StormWeather] COZY → 'Yoru_Oni_Phase1_Storm' (fight engaged - storm rolls in, 0 s)
[  2044   10.601 x1.00] LOG  [StormWeather] FIGHT STARTED (he engaged) - storm on, floor starts to soak.
[  2044   10.601 x1.00] LOG  [OniBoss] Ranged attack: Oni_Charge (dist 17.2m)
[  2044   10.601 x1.00] LOG  [OniBoss] Chase → Attack
[  2044   10.601 x1.00] LOG  [OniBoss] charge follow-up armed: ClubSwing2 chains after the charge.
[  2044   10.601 x1.00] LOG  [OniBoss] Attack: Oni_Charge (18 dmg)

[  2044   10.601 x1.00] TEL ────────── CHARGE ──────────
[  2044   10.601 x1.00] LOG  [OniBoss:Layer] charge begin: travel bone 'Hips' depth 1, local now (0.00, 3.24, -0.24) vs rest (0.00, 3.24, -0.24); pin ON; drive windup→rush→strike; engine Attack, AnimSpeed 1.30, clip at 0.00, dist 17.2m
[  2044   10.601 x1.00] TEL charge Windup n=0.00 spd=1.30 mult=1.00 st=Attack anim=h-1757638897/Charge drift=0.00 cut=0.00 meshOff=0.24m vis bounds+0.1m pos=(467.1,439.3) dist=17.2 vel=0.0
[  2045   10.610 x1.00] WARN The referenced script on this Behaviour (Game Object '<null>') is missing!
[  2045   10.610 x1.00] WARN The referenced script on this Behaviour (Game Object 'Lightning Light') is missing!
[  2045   10.610 x1.00] WARN The referenced script on this Behaviour (Game Object 'Lightning Light') is missing!
[  2063   10.685 x1.00] TEL charge Windup n=0.07 spd=1.30 mult=1.00 st=Attack anim=h-1757638897/Charge drift=0.25 cut=0.25 meshOff=0.24m vis bounds+0.1m pos=(467.1,439.3) dist=17.7 vel=0.0
[  2086   10.772 x1.00] TEL charge Windup n=0.14 spd=1.30 mult=1.30 st=Attack anim=Charge/- drift=0.92 cut=0.92 meshOff=0.24m vis bounds+0.3m pos=(467.1,439.3) dist=18.3 vel=0.0
[  2103   10.856 x1.00] TEL charge Windup n=0.21 spd=1.30 mult=1.30 st=Attack anim=Charge/- drift=1.14 cut=1.14 meshOff=0.24m vis bounds+0.3m pos=(467.1,439.3) dist=18.8 vel=0.0
[  2111   10.894 x1.00] LOG  [StormWeather] fur: rain reaching the coat (intensity 0.01, follows floor wetness).
[  2120   10.942 x1.00] TEL charge Windup n=0.29 spd=1.30 mult=1.30 st=Attack anim=Charge/- drift=0.62 cut=0.62 meshOff=0.24m vis bounds+0.3m pos=(467.1,439.3) dist=19.5 vel=0.0
[  2138   11.030 x1.00] TEL charge Windup n=0.36 spd=1.30 mult=1.30 st=Attack anim=Charge/- drift=4.35 cut=4.35 meshOff=0.24m vis bounds+0.1m pos=(467.1,439.3) dist=20.0 vel=0.0
[  2149   11.079 x1.00] LOG  [OniBoss:Layer] charge RUSH: clip frozen at 0.40, 20.3m to go at 14m/s
[  2150   11.084 x1.00] LOG  [OniBoss:Layer] charge fire trail: 'ToonFireTrail' attached to his feet for the rush.
[  2155   11.117 x1.00] TEL charge Rush   n=0.40 spd=0.00 mult=0.00 st=Attack anim=Charge/- drift=7.57 cut=7.57 meshOff=0.24m vis bounds+0.5m pos=(467.1,438.8) dist=20.1 vel=0.0
[  2178   11.203 x1.00] TEL charge Rush   n=0.40 spd=0.00 mult=0.00 st=Attack anim=Charge/- drift=7.57 cut=7.57 meshOff=0.24m vis bounds+0.5m pos=(467.2,437.6) dist=19.5 vel=0.0
[  2201   11.290 x1.00] TEL charge Rush   n=0.40 spd=0.00 mult=0.00 st=Attack anim=Charge/- drift=7.57 cut=7.57 meshOff=0.24m vis bounds+0.5m pos=(467.2,436.3) dist=18.8 vel=0.0
[  2225   11.376 x1.00] TEL charge Rush   n=0.40 spd=0.00 mult=0.00 st=Attack anim=Charge/- drift=7.57 cut=7.57 meshOff=0.24m vis bounds+0.5m pos=(467.2,435.1) dist=17.7 vel=0.0
[  2232   11.401 x1.00] LOG  [StormWeather] storm post weight -> 0.40
[  2248   11.463 x1.00] TEL charge Rush   n=0.40 spd=0.00 mult=0.00 st=Attack anim=Charge/- drift=7.57 cut=7.57 meshOff=0.24m vis bounds+0.5m pos=(467.2,433.9) dist=16.5 vel=0.0
[  2271   11.546 x1.00] TEL charge Rush   n=0.40 spd=0.00 mult=0.00 st=Attack anim=Charge/- drift=7.57 cut=7.57 meshOff=0.24m vis bounds+0.5m pos=(467.2,432.7) dist=15.4 vel=0.0
[  2294   11.630 x1.00] TEL charge Rush   n=0.40 spd=0.00 mult=0.00 st=Attack anim=Charge/- drift=7.57 cut=7.57 meshOff=0.24m vis bounds+0.5m pos=(467.2,431.6) dist=14.2 vel=0.0
[  2310   11.716 x1.00] TEL charge Rush   n=0.40 spd=0.00 mult=0.00 st=Attack anim=Charge/- drift=7.57 cut=7.57 meshOff=0.24m vis bounds+0.5m pos=(467.2,430.4) dist=13.0 vel=0.0
[  2334   11.801 x1.00] TEL charge Rush   n=0.40 spd=0.00 mult=0.00 st=Attack anim=Charge/- drift=7.57 cut=7.57 meshOff=0.24m vis bounds+0.5m pos=(467.2,429.2) dist=11.8 vel=0.0
[  2356   11.885 x1.00] TEL charge Rush   n=0.40 spd=0.00 mult=0.00 st=Attack anim=Charge/- drift=7.57 cut=7.57 meshOff=0.24m vis bounds+0.5m pos=(467.2,428.0) dist=10.6 vel=0.0
[  2379   11.970 x1.00] TEL charge Rush   n=0.40 spd=0.00 mult=0.00 st=Attack anim=Charge/- drift=7.57 cut=7.57 meshOff=0.24m vis bounds+0.5m pos=(467.2,426.8) dist=9.4 vel=0.0
[  2403   12.057 x1.00] TEL charge Rush   n=0.40 spd=0.00 mult=0.00 st=Attack anim=Charge/- drift=7.57 cut=7.57 meshOff=0.24m vis bounds+0.5m pos=(467.2,425.6) dist=8.2 vel=0.0
[  2428   12.142 x1.00] TEL charge Rush   n=0.40 spd=0.00 mult=0.00 st=Attack anim=Charge/- drift=7.57 cut=7.57 meshOff=0.24m vis bounds+0.5m pos=(467.2,424.4) dist=7.0 vel=0.0
[  2451   12.226 x1.00] TEL charge Rush   n=0.40 spd=0.00 mult=0.00 st=Attack anim=Charge/- drift=7.57 cut=7.57 meshOff=0.24m vis bounds+0.5m pos=(467.2,423.2) dist=5.8 vel=0.0
[  2474   12.311 x1.00] TEL charge Rush   n=0.40 spd=0.00 mult=0.00 st=Attack anim=Charge/- drift=7.57 cut=7.57 meshOff=0.24m vis bounds+0.5m pos=(467.2,422.0) dist=4.7 vel=0.0
[  2496   12.395 x1.00] TEL charge Rush   n=0.40 spd=0.00 mult=0.00 st=Attack anim=Charge/- drift=7.57 cut=7.57 meshOff=0.24m vis bounds+0.5m pos=(467.2,420.9) dist=3.4 vel=0.0
[  2514   12.462 x1.00] LOG  [OniBoss:Layer] charge STRIKE: arrived 2.6m from the lock point after 1.38s real — clip 0.40 → 0.58 (blend 0.10s), strike moment 0.76, Yoru 2.5m away
[  2519   12.481 x1.00] TEL charge Strike n=0.59 spd=1.00 mult=1.00 st=Attack anim=Charge/Charge drift=9.72 cut=9.72 meshOff=0.24m vis bounds+0.3m pos=(467.2,420.0) dist=2.5 vel=0.0
[  2543   12.566 x1.00] TEL charge Strike n=0.64 spd=1.00 mult=1.00 st=Attack anim=Charge/- drift=15.44 cut=15.44 meshOff=0.24m vis bounds+0.4m pos=(467.2,420.0) dist=2.4 vel=0.0
[  2566   12.653 x1.00] TEL charge Strike n=0.70 spd=1.00 mult=1.00 st=Attack anim=Charge/- drift=16.25 cut=16.25 meshOff=0.24m vis bounds+0.4m pos=(467.2,420.0) dist=2.4 vel=0.0
[  2589   12.736 x1.00] TEL charge Strike n=0.75 spd=1.00 mult=1.00 st=Attack anim=Charge/- drift=16.80 cut=16.80 meshOff=0.24m vis bounds+0.4m pos=(467.2,420.0) dist=2.4 vel=0.0
[  2593   12.751 x1.00] LOG  [CameraGameFeel] Shake: intensity=0.45 duration=0.350s
[  2593   12.751 x1.00] LOG  [Combat] Hit react: HitReact_Heavy_2Leg (0.9s, clip starts at 0.35s)
[  2593   12.751 x1.00] LOG  [CameraGameFeel] Shake: intensity=0.60 duration=0.200s
[  2593   12.751 x1.00] LOG  [CameraGameFeel] FOV punch: player damage (-3.0°)
[  2593   12.751 x1.00] LOG  [OniBoss] Hit player for 18 (Oni_Charge)
[  2597   12.775 x1.00] LOG  [HitReactTrace] asked for 'HitReact_Heavy_2Leg' (0.90s, clip start 0.35s): playing it, blend resolved after 24 ms, state 1.21s long at speed 1.00, now at 0.37s, layer weight 1.00, animator.speed 1.00.
[  2609   12.821 x1.00] TEL charge Strike n=0.81 spd=1.00 mult=1.00 st=Attack anim=Charge/- drift=17.27 cut=17.27 meshOff=0.24m vis bounds+0.4m pos=(467.2,420.0) dist=2.4 vel=0.0
[  2632   12.909 x1.00] TEL charge Strike n=0.87 spd=1.00 mult=1.00 st=Attack anim=Charge/- drift=17.67 cut=17.67 meshOff=0.24m vis bounds+0.2m pos=(467.2,420.0) dist=2.4 vel=0.0
[  2655   12.993 x1.00] TEL charge Strike n=0.92 spd=1.00 mult=1.00 st=Attack anim=Charge/- drift=17.93 cut=17.93 meshOff=0.24m vis bounds+0.1m pos=(467.2,420.0) dist=2.4 vel=0.0
[  2675   13.076 x1.00] TEL charge Strike n=0.98 spd=1.00 mult=1.00 st=Attack anim=Charge/- drift=18.06 cut=18.06 meshOff=0.24m vis bounds+0.1m pos=(467.2,420.0) dist=2.4 vel=0.0
[  2683   13.106 x1.00] LOG  [OniBoss] Attack → Recovery
[  2683   13.106 x1.00] LOG  [OniBoss] Playing animation: Watch
[  2683   13.106 x1.00] LOG  [OniBoss:Layer] charge fire trail: released — burns out over 3.8s where the rush ended.
[  2683   13.106 x1.00] LOG  [OniBoss:Layer] charge complete: engine left Attack (now Recovery) during Strike
[  2699   13.161 x1.00] TEL charge None   n=1.03 spd=1.00 mult=1.00 st=Recovery anim=Charge/h-1849006814 drift=12.39 cut=12.39 meshOff=0.24m vis bounds+0.1m pos=(467.2,420.0) dist=2.4 vel=0.0
[  2720   13.248 x1.00] TEL charge None   n=1.09 spd=1.00 mult=1.00 st=Recovery anim=Charge/h-1849006814 drift=3.85 cut=3.85 meshOff=0.24m vis bounds+0.2m pos=(467.2,420.0) dist=2.4 vel=0.0
[  2723   13.258 x1.00] LOG  [OniBoss] Recovery → Attack
[  2723   13.258 x1.00] LOG  [OniBoss] Attack: ClubSwing2 (16 dmg)
[  2723   13.258 x1.00] LOG  [OniBoss:Trail] ClubSwing2 trail START at clip 1.00 (transition still blending).
[  2742   13.332 x1.00] TEL charge None   n=1.09 spd=1.40 mult=1.40 st=Attack anim=Charge/h853091085 drift=1.73 cut=1.73 meshOff=0.24m vis bounds+0.1m pos=(467.2,420.0) dist=2.4 vel=0.0
[  2750   13.371 x1.00] LOG  [OniBoss:Layer] charge end (clip left the animator) after 2.77s real: pin measured 706 frames, cancelled on 701, max raw drift 18.07m, max cancelled 18.07m — travel WAS baked in, pin held it
[  2805   13.582 x1.00] LOG  [CameraGameFeel] Shake: intensity=0.20 duration=0.250s
[  2805   13.582 x1.00] LOG  [Combat] Hit react: HitReact_Heavy_2Leg (0.9s, clip starts at 0.35s)
[  2805   13.582 x1.00] LOG  [CameraGameFeel] Shake: intensity=0.60 duration=0.200s
[  2805   13.582 x1.00] LOG  [CameraGameFeel] FOV punch: player damage (-3.0°)
[  2805   13.582 x1.00] LOG  [OniBoss] Hit player for 24 (ClubSwing2) [combo x1.50]
[  2805   13.582 x1.00] LOG  [OniBoss:Touch] ClubSwing2: club TOUCHED Yoru at clip 0.28 — shaft 0.70m from her body line, tip speed 90m/s, ONE FRAME EARLY (predicted). Full club hit delivered this frame.
[  2806   13.588 x1.00] LOG  [HitReactTrace] asked for 'HitReact_Heavy_2Leg' (0.90s, clip start 0.35s): playing it, blend resolved after 6 ms, state 1.21s long at speed 1.00, now at 1.18s, layer weight 1.00, animator.speed 1.00.
[  2818   13.636 x1.00] LOG  [OniBoss:ClubPos] ClubSwing2 at strike: club tip 0.04m up, 1.98m in front, 2.22m to his right (2.97m out from his centre). Club faces -3deg from his forward, pitch -0.86. (the ground wave is born 1.6m in front of him at 0.35m.)
[  2818   13.636 x1.00] LOG  [OniBoss:Layer] ClubSwing2: club already hit — ground wave released as VISUAL only (0 damage), finisher size x2.0.
[  3025   14.421 x1.00] LOG  [OniBoss] Attack → Recovery
[  3025   14.421 x1.00] LOG  [OniBoss] Playing animation: Watch
[  3025   14.421 x1.00] LOG  [OniBoss:Trail] trail END at clip 0.99, fading over 0.40s.
[  3025   14.421 x1.00] LOG  [OniBoss:Strike] ClubSwing2: club tip closest to Yoru at 1.08m, clip position 0.30 | damage fires at 0.32 | clip 1.17s => MATCHED (within one or two frames)
[  3061   14.571 x1.00] LOG  [OniBoss] Recovery → Chase
[  3062   14.576 x1.00] LOG  [OniBoss] hold-ground: BACKSTEP 1.5m (player 2.4m)
[  3320   15.513 x1.00] LOG  [OniBoss] hold-ground: backstep done (1.50m), WATCH (player 3.9m, cooldown 0.9s)
[  3320   15.513 x1.00] LOG  [OniBoss] Playing animation: Watch
[  3321   15.517 x1.00] LOG  [OniBoss] Playing animation: Walk
[  3453   15.971 x1.00] LOG  [OniBoss] Playing animation: Watch
[  3567   16.374 x1.00] LOG  [OniBoss] hold-ground: cooldown over, player 3.6m > 3.5m — APPROACH
[  3567   16.374 x1.00] LOG  [OniBoss] Playing animation: Walk
[  3660   16.725 x1.00] LOG  [OniBoss] Chase → Attack
[  3660   16.725 x1.00] LOG  [OniBoss] Attack: Club_Swing (16 dmg)
[  3660   16.725 x1.00] LOG  [OniBoss:Trail] Club_Swing trail START at clip 0.19 (transition done).
[  3664   16.740 x1.00] LOG  [OniBoss:Layer] step-in: 'Club_Swing' closed 0.08m, Yoru now 3.0m away (range 3.5)
[  3762   17.083 x1.00] LOG  [OniBoss:ClubPos] Club_Swing at strike: club tip 3.02m up, 2.55m in front, -2.93m to his right (3.88m out from his centre). Club faces -81deg from his forward, pitch 0.40. (the ground wave is born 1.6m in front of him at 0.35m.)
[  3762   17.083 x1.00] LOG  [OniBoss:Layer] Club_Swing: club has not connected — ground wave released ARMED, 1.6m in front, 12m/s x 6.0m = 0.50s, carrying 8 (half of the club's 16).
[  3763   17.087 x1.00] LOG  [Combat] Hit react: HitReact_Light_2Leg (0.5s, clip starts at 0.35s)
[  3763   17.087 x1.00] LOG  [CameraGameFeel] Shake: intensity=0.30 duration=0.200s
[  3763   17.087 x1.00] LOG  [CameraGameFeel] FOV punch: player damage (-2.0°)
[  3763   17.087 x1.00] LOG  [OniBoss:Wave] wave TOUCHED Yoru (grounded) for 8 after 0.1m / 0.00s of travel.
[  3768   17.108 x1.00] LOG  [HitReactTrace] asked for 'HitReact_Light_2Leg' (0.50s, clip start 0.35s): playing it, blend resolved after 21 ms, state 1.21s long at speed 1.00, now at 0.37s, layer weight 1.00, animator.speed 1.00.
[  3900   17.561 x1.00] LOG  [OniBoss] Attack → Recovery
[  3900   17.561 x1.00] LOG  [OniBoss] Playing animation: Watch
[  3900   17.561 x1.00] LOG  [OniBoss:Trail] trail END at clip 0.99, fading over 0.40s.
[  3900   17.561 x1.00] LOG  [OniBoss:Strike] Club_Swing: club tip closest to Yoru at 1.50m, clip position 0.91 | damage fires at 0.42 | clip 0.84s => damage fires 413 ms BEFORE the club is closest
[  3942   17.712 x1.00] LOG  [OniBoss] Recovery → Chase
[  3943   17.715 x1.00] LOG  [OniBoss] hold-ground: BACKSTEP 1.5m (player 3.0m)
[  4124   18.303 x1.00] LOG  [OniBoss] hold-ground: backstep done (0.94m), WATCH (player 4.3m, cooldown 1.2s)
[  4124   18.303 x1.00] LOG  [OniBoss] Playing animation: Watch
[  4125   18.306 x1.00] LOG  [OniBoss] Playing animation: Walk
[  4360   19.113 x1.00] LOG  [OniBoss] Playing animation: Watch
[  4458   19.514 x1.00] LOG  [OniBoss] hold-ground: cooldown over, player 3.8m > 3.5m — APPROACH
[  4458   19.514 x1.00] LOG  [OniBoss] Playing animation: Walk
[  4522   19.812 x1.00] LOG  [OniBoss] Chase → Attack
[  4522   19.812 x1.00] LOG  [OniBoss] Attack: Club_Swing (16 dmg)
[  4522   19.812 x1.00] LOG  [OniBoss:Trail] Club_Swing trail START at clip 0.16 (transition done).
[  4562   19.963 x1.00] LOG  [OniBoss:Layer] step-in: 'Club_Swing' closed 0.08m, Yoru now 3.0m away (range 3.5)
[  4568   19.988 x1.00] LOG  [OniBoss:Layer] step-in: 'Club_Swing' closed 0.12m, Yoru now 3.0m away (range 3.5)
[  4573   20.008 x1.00] LOG  [OniBoss:Layer] step-in: 'Club_Swing' closed 0.15m, Yoru now 3.0m away (range 3.5)
[  4574   20.013 x1.00] WARN The referenced script on this Behaviour (Game Object '<null>') is missing!
[  4574   20.013 x1.00] WARN The referenced script on this Behaviour (Game Object 'Lightning Light') is missing!
[  4574   20.013 x1.00] WARN The referenced script on this Behaviour (Game Object 'Lightning Light') is missing!
[  4579   20.034 x1.00] LOG  [OniBoss:Layer] step-in: 'Club_Swing' closed 0.19m, Yoru now 3.0m away (range 3.5)
[  4580   20.042 x1.00] LOG  [OniBoss:Layer] step-in: 'Club_Swing' closed 0.23m, Yoru now 3.0m away (range 3.5)
[  4613   20.175 x1.00] LOG  [OniBoss:ClubPos] Club_Swing at strike: club tip 3.04m up, 1.87m in front, -3.20m to his right (3.71m out from his centre). Club faces -96deg from his forward, pitch 0.41. (the ground wave is born 1.6m in front of him at 0.35m.)
[  4613   20.175 x1.00] LOG  [OniBoss:Layer] Club_Swing: club has not connected — ground wave released ARMED, 1.6m in front, 12m/s x 6.0m = 0.50s, carrying 8 (half of the club's 16).
[  4614   20.181 x1.00] LOG  [Combat] Hit react: HitReact_Light_2Leg (0.5s, clip starts at 0.35s)
[  4614   20.181 x1.00] LOG  [CameraGameFeel] Shake: intensity=0.30 duration=0.200s
[  4614   20.181 x1.00] LOG  [CameraGameFeel] FOV punch: player damage (-2.0°)
[  4614   20.181 x1.00] LOG  [OniBoss:Wave] wave TOUCHED Yoru (grounded) for 8 after 0.1m / 0.01s of travel.
[  4617   20.210 x1.00] LOG  [HitReactTrace] asked for 'HitReact_Light_2Leg' (0.50s, clip start 0.35s): playing it, blend resolved after 28 ms, state 1.21s long at speed 1.00, now at 0.37s, layer weight 1.00, animator.speed 1.00.
[  4700   20.647 x1.00] LOG  [OniBoss] Attack → Recovery
[  4700   20.647 x1.00] LOG  [OniBoss] Playing animation: Watch
[  4700   20.647 x1.00] LOG  [OniBoss:Trail] trail END at clip 0.99, fading over 0.40s.
[  4700   20.647 x1.00] LOG  [OniBoss:Strike] Club_Swing: club tip closest to Yoru at 1.73m, clip position 0.92 | damage fires at 0.42 | clip 0.84s => damage fires 417 ms BEFORE the club is closest
[  4736   20.799 x1.00] LOG  [OniBoss] Recovery → Chase
[  4737   20.805 x1.00] LOG  [OniBoss] hold-ground: BACKSTEP 1.5m (player 4.1m)
[  4746   20.842 x1.00] LOG  [OniBoss] hold-ground: backstep done (0.06m), WATCH (player 4.4m, cooldown 1.8s)
[  4746   20.842 x1.00] LOG  [OniBoss] Playing animation: Watch
[  4763   20.902 x1.00] LOG  [OniBoss] Playing animation: run
[  5590   23.942 x1.00] LOG  [OniBoss] Ranged attack: Oni_Charge (dist 13.0m)
[  5590   23.942 x1.00] LOG  [OniBoss] Chase → Attack
[  5590   23.942 x1.00] LOG  [OniBoss] Attack: Oni_Charge (18 dmg)

[  5590   23.942 x1.00] TEL ────────── CHARGE ──────────
[  5590   23.942 x1.00] LOG  [OniBoss:Layer] charge begin: travel bone 'Hips' depth 1, local now (-0.21, 2.70, -0.24) vs rest (0.00, 3.24, -0.24); pin ON; drive windup→rush→strike; engine Attack, AnimSpeed 1.30, clip at 0.00, dist 13.0m
[  5590   23.942 x1.00] TEL charge Windup n=0.00 spd=1.30 mult=1.00 st=Attack anim=h1349952704/Charge drift=0.21 cut=0.21 meshOff=0.24m CULLED bounds+0.3m pos=(463.9,408.6) dist=13.0 vel=4.5
[  5613   24.026 x1.00] TEL charge Windup n=0.07 spd=1.30 mult=1.00 st=Attack anim=h1349952704/Charge drift=0.00 cut=0.00 meshOff=0.24m CULLED bounds+0.3m pos=(463.9,408.6) dist=13.6 vel=0.0
[  5636   24.110 x1.00] TEL charge Windup n=0.14 spd=1.30 mult=1.30 st=Attack anim=Charge/- drift=0.00 cut=0.00 meshOff=0.24m CULLED bounds+0.3m pos=(463.9,408.6) dist=14.1 vel=0.0
[  5658   24.195 x1.00] TEL charge Windup n=0.21 spd=1.30 mult=1.30 st=Attack anim=Charge/- drift=0.00 cut=0.00 meshOff=0.24m CULLED bounds+0.3m pos=(463.9,408.6) dist=14.7 vel=0.0
[  5681   24.281 x1.00] TEL charge Windup n=0.29 spd=1.30 mult=1.30 st=Attack anim=Charge/- drift=0.00 cut=0.00 meshOff=0.24m CULLED bounds+0.3m pos=(463.9,408.6) dist=15.4 vel=0.0
[  5705   24.366 x1.00] TEL charge Windup n=0.36 spd=1.30 mult=1.30 st=Attack anim=Charge/- drift=0.00 cut=0.00 meshOff=0.24m CULLED bounds+0.3m pos=(463.9,408.6) dist=15.9 vel=0.0
[  5718   24.417 x1.00] LOG  [OniBoss:Layer] charge RUSH: clip frozen at 0.40, 16.2m to go at 14m/s
[  5719   24.420 x1.00] LOG  [OniBoss:Layer] charge fire trail: 'ToonFireTrail' attached to his feet for the rush.
[  5727   24.450 x1.00] TEL charge Rush   n=0.40 spd=0.00 mult=0.00 st=Attack anim=Charge/- drift=0.00 cut=0.00 meshOff=0.24m CULLED bounds+0.3m pos=(463.6,408.2) dist=16.0 vel=0.0
[  5751   24.536 x1.00] TEL charge Rush   n=0.40 spd=0.00 mult=0.00 st=Attack anim=Charge/- drift=0.00 cut=0.00 meshOff=0.24m CULLED bounds+0.3m pos=(463.0,407.2) dist=15.4 vel=0.0
[  5771   24.620 x1.00] TEL charge Rush   n=0.40 spd=0.00 mult=0.00 st=Attack anim=Charge/- drift=0.00 cut=0.00 meshOff=0.24m CULLED bounds+0.3m pos=(462.4,406.2) dist=14.7 vel=0.0
[  5797   24.707 x1.00] TEL charge Rush   n=0.40 spd=0.00 mult=0.00 st=Attack anim=Charge/- drift=0.00 cut=0.00 meshOff=0.24m CULLED bounds+0.3m pos=(461.7,405.2) dist=14.2 vel=0.0
[  5819   24.792 x1.00] TEL charge Rush   n=0.40 spd=0.00 mult=0.00 st=Attack anim=Charge/- drift=7.43 cut=7.43 meshOff=0.24m vis bounds+0.1m pos=(461.0,404.2) dist=13.5 vel=0.0
[  5844   24.879 x1.00] TEL charge Rush   n=0.40 spd=0.00 mult=0.00 st=Attack anim=Charge/- drift=7.43 cut=7.43 meshOff=0.24m vis bounds+0.1m pos=(460.3,403.2) dist=12.9 vel=0.0
[  5867   24.965 x1.00] TEL charge Rush   n=0.40 spd=0.00 mult=0.00 st=Attack anim=Charge/- drift=7.43 cut=7.43 meshOff=0.24m vis bounds+0.1m pos=(459.6,402.2) dist=12.3 vel=0.0
[  5890   25.051 x1.00] TEL charge Rush   n=0.40 spd=0.00 mult=0.00 st=Attack anim=Charge/- drift=7.43 cut=7.43 meshOff=0.24m vis bounds+0.1m pos=(459.0,401.2) dist=11.6 vel=0.0
[  5914   25.135 x1.00] TEL charge Rush   n=0.40 spd=0.00 mult=0.00 st=Attack anim=Charge/- drift=7.43 cut=7.43 meshOff=0.24m vis bounds+0.1m pos=(458.3,400.3) dist=11.0 vel=0.0
[  5938   25.221 x1.00] TEL charge Rush   n=0.40 spd=0.00 mult=0.00 st=Attack anim=Charge/- drift=7.43 cut=7.43 meshOff=0.24m vis bounds+0.1m pos=(457.6,399.3) dist=10.5 vel=0.0
[  5962   25.307 x1.00] TEL charge Rush   n=0.40 spd=0.00 mult=0.00 st=Attack anim=Charge/- drift=7.43 cut=7.43 meshOff=0.24m vis bounds+0.1m pos=(456.9,398.3) dist=9.8 vel=0.0
[  5983   25.391 x1.00] TEL charge Rush   n=0.40 spd=0.00 mult=0.00 st=Attack anim=Charge/- drift=7.43 cut=7.43 meshOff=0.24m vis bounds+0.1m pos=(456.3,397.3) dist=9.2 vel=0.0
[  6009   25.476 x1.00] TEL charge Rush   n=0.40 spd=0.00 mult=0.00 st=Attack anim=Charge/- drift=7.43 cut=7.43 meshOff=0.24m vis bounds+0.1m pos=(455.6,396.3) dist=8.6 vel=0.0
[  6032   25.563 x1.00] TEL charge Rush   n=0.40 spd=0.00 mult=0.00 st=Attack anim=Charge/- drift=7.43 cut=7.43 meshOff=0.24m vis bounds+0.1m pos=(454.9,395.3) dist=8.1 vel=0.0
[  6033   25.566 x1.00] LOG  [OniBoss:Layer] charge STRIKE: arrived 2.6m from the lock point after 1.15s real — clip 0.40 → 0.58 (blend 0.10s), strike moment 0.76, Yoru 8.1m away
[  6055   25.647 x1.00] TEL charge Strike n=0.63 spd=1.00 mult=1.00 st=Attack anim=Charge/- drift=15.16 cut=15.16 meshOff=0.24m vis bounds+0.5m pos=(454.9,395.3) dist=8.6 vel=0.0
[  6079   25.733 x1.00] TEL charge Strike n=0.68 spd=1.00 mult=1.00 st=Attack anim=Charge/- drift=16.05 cut=16.05 meshOff=0.24m CULLED bounds+0.6m pos=(454.9,395.3) dist=9.2 vel=0.0
[  6103   25.818 x1.00] TEL charge Strike n=0.74 spd=1.00 mult=1.00 st=Attack anim=Charge/- drift=16.67 cut=16.67 meshOff=0.24m CULLED bounds+0.7m pos=(454.9,395.3) dist=9.8 vel=0.0
[  6110   25.853 x1.00] LOG  [CameraGameFeel] Shake: intensity=0.45 duration=0.350s
[  6110   25.853 x1.00] LOG  [OniBoss] Attack missed, player out of range (10.0m > 3.5m)
[  6126   25.904 x1.00] TEL charge Strike n=0.80 spd=1.00 mult=1.00 st=Attack anim=Charge/- drift=0.00 cut=0.00 meshOff=0.24m CULLED bounds+0.5m pos=(454.9,395.3) dist=10.5 vel=0.0
[  6148   25.990 x1.00] TEL charge Strike n=0.85 spd=1.00 mult=1.00 st=Attack anim=Charge/- drift=0.00 cut=0.00 meshOff=0.24m CULLED bounds+0.5m pos=(454.9,395.3) dist=11.0 vel=0.0
[  6174   26.074 x1.00] TEL charge Strike n=0.91 spd=1.00 mult=1.00 st=Attack anim=Charge/- drift=0.00 cut=0.00 meshOff=0.24m CULLED bounds+0.5m pos=(454.9,395.3) dist=11.6 vel=0.0
[  6195   26.159 x1.00] TEL charge Strike n=0.96 spd=1.00 mult=1.00 st=Attack anim=Charge/- drift=0.00 cut=0.00 meshOff=0.24m CULLED bounds+0.5m pos=(454.9,395.3) dist=12.1 vel=0.0
[  6210   26.210 x1.00] LOG  [OniBoss] Attack → Recovery
[  6210   26.210 x1.00] LOG  [OniBoss] Playing animation: Watch
[  6210   26.210 x1.00] LOG  [OniBoss:Layer] charge fire trail: released — burns out over 3.8s where the rush ended.
[  6210   26.210 x1.00] LOG  [OniBoss:Layer] charge complete: engine left Attack (now Recovery) during Strike
[  6221   26.243 x1.00] TEL charge None   n=1.02 spd=1.00 mult=1.00 st=Recovery anim=Charge/h-1849006814 drift=0.00 cut=0.00 meshOff=0.24m CULLED bounds+0.5m pos=(454.9,395.3) dist=12.8 vel=0.0
[  6246   26.329 x1.00] TEL charge None   n=1.07 spd=1.00 mult=1.00 st=Recovery anim=Charge/h-1849006814 drift=0.00 cut=0.00 meshOff=0.24m CULLED bounds+0.5m pos=(454.9,395.3) dist=13.4 vel=0.0
[  6256   26.363 x1.00] LOG  [OniBoss] Recovery → Chase
[  6257   26.366 x1.00] LOG  [OniBoss] Playing animation: run
[  6272   26.415 x1.00] TEL charge None   n=1.10 spd=1.00 mult=1.00 st=Chase anim=Charge/h1349952704 drift=0.00 cut=0.00 meshOff=0.24m CULLED bounds+0.5m pos=(454.9,395.3) dist=13.9 vel=0.4
[  6296   26.502 x1.00] TEL charge None   n=1.10 spd=1.00 mult=1.00 st=Chase anim=Charge/h1349952704 drift=0.00 cut=0.00 meshOff=0.24m CULLED bounds+0.5m pos=(454.9,395.3) dist=14.5 vel=1.1
[  6310   26.552 x1.00] LOG  [OniBoss:Layer] charge end (clip left the animator) after 2.61s real: pin measured 720 frames, cancelled on 326, max raw drift 17.11m, max cancelled 17.11m — travel WAS baked in, pin held it
[  6923   28.748 x1.00] LOG  [OniBoss] Pull-band decision: RUN-IN (dist 9.0m, pullRange 0m, chance 0.50)
[  7214   29.957 x1.00] LOG  [OniBoss] hold-ground: BACKSTEP 1.5m (player 3.5m)
[  7409   30.711 x1.00] WARN The referenced script on this Behaviour (Game Object '<null>') is missing!
[  7409   30.711 x1.00] WARN The referenced script on this Behaviour (Game Object 'Lightning Light') is missing!
[  7409   30.711 x1.00] WARN The referenced script on this Behaviour (Game Object 'Lightning Light') is missing!
[  7450   30.896 x1.00] LOG  [OniBoss] hold-ground: backstep done (1.50m), WATCH (player 3.7m, cooldown 0.0s)
[  7450   30.896 x1.00] LOG  [OniBoss] Playing animation: Watch
[  7451   30.903 x1.00] LOG  [OniBoss] hold-ground: cooldown over, player 3.7m > 3.5m — APPROACH
[  7451   30.903 x1.00] LOG  [OniBoss] Playing animation: Walk
[  7528   31.332 x1.00] LOG  [OniBoss] Combo started: ClubSwing1 → ClubSwing2 → ClubSlam (3 steps remaining)
[  7528   31.332 x1.00] LOG  [OniBoss] Chase → Attack
[  7528   31.332 x1.00] LOG  [OniBoss] Attack: Club_Swing (16 dmg)
[  7528   31.332 x1.00] LOG  [OniBoss:Trail] Club_Swing trail START at clip 0.23 (transition done).
[  7530   31.343 x1.00] LOG  [OniBoss:Layer] step-in: 'Club_Swing' closed 0.07m, Yoru now 3.0m away (range 3.5)
[  7613   31.690 x1.00] LOG  [OniBoss:ClubPos] Club_Swing at strike: club tip 3.02m up, 2.49m in front, -2.96m to his right (3.87m out from his centre). Club faces -82deg from his forward, pitch 0.41. (the ground wave is born 1.6m in front of him at 0.35m.)
[  7613   31.690 x1.00] LOG  [OniBoss:Layer] Club_Swing: club has not connected — ground wave released ARMED, 1.6m in front, 12m/s x 6.0m = 0.50s, carrying 8 (half of the club's 16).
[  7614   31.694 x1.00] LOG  [Combat] Hit react: HitReact_Light_2Leg (0.5s, clip starts at 0.35s)
[  7614   31.694 x1.00] LOG  [CameraGameFeel] Shake: intensity=0.30 duration=0.200s
[  7614   31.694 x1.00] LOG  [CameraGameFeel] FOV punch: player damage (-2.0°)
[  7614   31.694 x1.00] LOG  [OniBoss:Wave] wave TOUCHED Yoru (grounded) for 8 after 0.1m / 0.00s of travel.
[  7620   31.717 x1.00] LOG  [HitReactTrace] asked for 'HitReact_Light_2Leg' (0.50s, clip start 0.35s): playing it, blend resolved after 22 ms, state 1.21s long at speed 1.00, now at 0.37s, layer weight 1.00, animator.speed 1.00.
[  7730   32.171 x1.00] LOG  [OniBoss] Attack → Recovery
[  7730   32.171 x1.00] LOG  [OniBoss] Playing animation: Watch
[  7730   32.171 x1.00] LOG  [OniBoss:Trail] trail END at clip 0.99, fading over 0.40s.
[  7730   32.171 x1.00] LOG  [OniBoss:Strike] Club_Swing: club tip closest to Yoru at 1.49m, clip position 0.91 | damage fires at 0.42 | clip 0.84s => damage fires 412 ms BEFORE the club is closest
[  7761   32.327 x1.00] LOG  [OniBoss] Recovery → Attack
[  7761   32.327 x1.00] LOG  [OniBoss] Attack: ClubSwing2 (16 dmg)
[  7761   32.327 x1.00] LOG  [OniBoss:Trail] ClubSwing2 trail START at clip 1.00 (transition still blending).
[  7854   32.662 x1.00] LOG  [CameraGameFeel] Shake: intensity=0.20 duration=0.250s
[  7854   32.662 x1.00] LOG  [Combat] Hit react: HitReact_Light_2Leg (0.5s, clip starts at 0.35s)
[  7854   32.662 x1.00] LOG  [CameraGameFeel] Shake: intensity=0.30 duration=0.200s
[  7854   32.662 x1.00] LOG  [CameraGameFeel] FOV punch: player damage (-2.0°)
[  7854   32.662 x1.00] LOG  [OniBoss] Hit player for 20 (ClubSwing2) [combo x1.25]
[  7854   32.662 x1.00] LOG  [OniBoss:Touch] ClubSwing2: club TOUCHED Yoru at clip 0.29 — shaft 0.69m from her body line, tip speed 97m/s. Full club hit delivered this frame.
[  7855   32.667 x1.00] LOG  [HitReactTrace] asked for 'HitReact_Light_2Leg' (0.50s, clip start 0.35s): NOT playing it, another state took the combat layer, blend resolved after 5 ms, state 1.00s long at speed 1.00, now at 0.47s, layer weight 1.00, animator.speed 1.00.
[  7865   32.707 x1.00] LOG  [OniBoss:ClubPos] ClubSwing2 at strike: club tip 0.09m up, 1.83m in front, 2.40m to his right (3.01m out from his centre). Club faces 4deg from his forward, pitch -0.88. (the ground wave is born 1.6m in front of him at 0.35m.)
[  7865   32.707 x1.00] LOG  [OniBoss:Layer] ClubSwing2: club already hit — ground wave released as VISUAL only (0 damage).
[  8081   33.491 x1.00] LOG  [OniBoss] Attack → Recovery
[  8081   33.491 x1.00] LOG  [OniBoss] Playing animation: Watch
[  8081   33.491 x1.00] LOG  [OniBoss:Trail] trail END at clip 0.99, fading over 0.40s.
[  8081   33.491 x1.00] LOG  [OniBoss:Strike] ClubSwing2: club tip closest to Yoru at 1.09m, clip position 0.30 | damage fires at 0.32 | clip 1.17s => MATCHED (within one or two frames)
[  8121   33.643 x1.00] LOG  [OniBoss] Recovery → Attack
[  8121   33.643 x1.00] LOG  [OniBoss] Attack: ClubSlam (20 dmg)
[  8121   33.643 x1.00] LOG  [OniBoss:Trail] ClubSlam trail START at clip 1.00 (transition still blending).
[  8227   34.045 x1.00] LOG  [CameraGameFeel] Shake: intensity=0.50 duration=0.400s
[  8227   34.045 x1.00] LOG  [Combat] Hit react: HitReact_Heavy_2Leg (0.9s, clip starts at 0.35s)
[  8227   34.045 x1.00] LOG  [CameraGameFeel] Shake: intensity=0.60 duration=0.200s
[  8227   34.045 x1.00] LOG  [CameraGameFeel] FOV punch: player damage (-3.0°)
[  8227   34.045 x1.00] LOG  [OniBoss] Hit player for 30 (ClubSlam) [combo x1.50]
[  8227   34.045 x1.00] LOG  [OniBoss:Touch] ClubSlam: club TOUCHED Yoru at clip 0.43 — shaft 0.64m from her body line, tip speed 119m/s, ONE FRAME EARLY (predicted). Full club hit delivered this frame.
[  8228   34.050 x1.00] LOG  [HitReactTrace] asked for 'HitReact_Heavy_2Leg' (0.90s, clip start 0.35s): NOT playing it, another state took the combat layer, blend resolved after 5 ms, state 1.00s long at speed 1.00, now at 0.88s, layer weight 1.00, animator.speed 1.00.
[  8323   34.437 x1.00] LOG  [OniBoss:ClubPos] ClubSlam at strike: club tip 0.58m up, 2.90m in front, -0.23m to his right (2.91m out from his centre). Club faces 5deg from his forward, pitch -0.25. (the ground wave is born 1.6m in front of him at 0.35m.)
[  8323   34.437 x1.00] LOG  [OniBoss:Layer] ClubSlam: club already hit — ground wave released as VISUAL only (0 damage), finisher size x2.0.
[  8353   34.563 x1.00] LOG  [OniBoss] Attack → Recovery
[  8353   34.563 x1.00] LOG  [OniBoss] Playing animation: Watch
[  8353   34.563 x1.00] LOG  [OniBoss:Trail] trail END at clip 0.99, fading over 0.40s.
[  8353   34.563 x1.00] LOG  [OniBoss:Strike] ClubSlam: club tip closest to Yoru at 0.39m, clip position 0.94 | damage fires at 0.85 | clip 0.93s => damage fires 81 ms BEFORE the club is closest
[  8393   34.714 x1.00] LOG  [OniBoss] Recovery → Chase
[  8394   34.718 x1.00] LOG  [OniBoss] hold-ground: BACKSTEP 1.5m (player 2.2m)
[  8579   35.468 x1.00] LOG  [StormWeather] ⚡ strike at (485.19, 45.00, 447.25)
[  8620   35.658 x1.00] LOG  [OniBoss] hold-ground: backstep done (1.50m), WATCH (player 4.0m, cooldown 0.9s)
[  8620   35.658 x1.00] LOG  [OniBoss] Playing animation: Idle
[  8621   35.663 x1.00] LOG  [OniBoss] Playing animation: Walk
[  8730   36.116 x1.00] LOG  [OniBoss] Playing animation: Idle
[  8823   36.515 x1.00] LOG  [OniBoss] hold-ground: cooldown over, player 4.5m > 3.5m — APPROACH
[  8823   36.515 x1.00] LOG  [OniBoss] Playing animation: Walk
[  8989   37.304 x1.00] LOG  [OniBoss] Chase → Attack
[  8989   37.304 x1.00] LOG  [OniBoss] Attack: ClubSwing2 (16 dmg)
[  8989   37.304 x1.00] LOG  [OniBoss:Trail] ClubSwing2 trail START at clip 0.42 (transition done).
[  8993   37.324 x1.00] LOG  [OniBoss:Layer] step-in: 'ClubSwing2' closed 0.07m, Yoru now 3.0m away (range 3.5)
[  9058   37.641 x1.00] LOG  [CameraGameFeel] Shake: intensity=0.20 duration=0.250s
[  9058   37.641 x1.00] LOG  [Combat] Hit react: HitReact_Light_2Leg (0.5s, clip starts at 0.35s)
[  9058   37.641 x1.00] LOG  [CameraGameFeel] Shake: intensity=0.30 duration=0.200s
[  9058   37.641 x1.00] LOG  [CameraGameFeel] FOV punch: player damage (-2.0°)
[  9058   37.641 x1.00] LOG  [OniBoss] Hit player for 16 (ClubSwing2)
[  9058   37.641 x1.00] LOG  [OniBoss:Touch] ClubSwing2: club TOUCHED Yoru at clip 0.29 — shaft 0.65m from her body line, tip speed 100m/s, ONE FRAME EARLY (predicted). Full club hit delivered this frame.
[  9059   37.646 x1.00] LOG  [HitReactTrace] asked for 'HitReact_Light_2Leg' (0.50s, clip start 0.35s): NOT playing it, another state took the combat layer, blend resolved after 5 ms, state 1.00s long at speed 1.00, now at 2.73s, layer weight 1.00, animator.speed 1.00.
[  9070   37.685 x1.00] LOG  [OniBoss:ClubPos] ClubSwing2 at strike: club tip 0.12m up, 1.75m in front, 2.49m to his right (3.04m out from his centre). Club faces 8deg from his forward, pitch -0.88. (the ground wave is born 1.6m in front of him at 0.35m.)
[  9070   37.685 x1.00] LOG  [OniBoss:Layer] ClubSwing2: club already hit — ground wave released as VISUAL only (0 damage).
[  9268   38.470 x1.00] LOG  [OniBoss] Attack → Recovery
[  9268   38.470 x1.00] LOG  [OniBoss] Playing animation: Watch
[  9268   38.470 x1.00] LOG  [OniBoss:Trail] trail END at clip 0.99, fading over 0.40s.
[  9268   38.470 x1.00] LOG  [OniBoss:Strike] ClubSwing2: club tip closest to Yoru at 0.44m, clip position 0.30 | damage fires at 0.32 | clip 1.17s => MATCHED (within one or two frames)
[  9301   38.623 x1.00] LOG  [OniBoss] Recovery → Chase
[  9302   38.630 x1.00] LOG  [OniBoss] hold-ground: BACKSTEP 1.5m (player 3.0m)
[  9499   39.455 x1.00] LOG  [OniBoss] hold-ground: backstep done (1.32m), WATCH (player 4.3m, cooldown 1.0s)
[  9499   39.455 x1.00] LOG  [OniBoss] Playing animation: Watch
[  9763   40.426 x1.00] LOG  [OniBoss] hold-ground: cooldown over, player 4.3m > 3.5m — APPROACH
[  9763   40.426 x1.00] LOG  [OniBoss] Playing animation: Walk
[  9930   41.125 x1.00] LOG  [OniBoss] Combo started: swing1-2 (2 steps remaining)
[  9930   41.125 x1.00] LOG  [OniBoss] Chase → Attack
[  9930   41.125 x1.00] LOG  [OniBoss] Attack: Club_Swing (16 dmg)
[  9930   41.125 x1.00] LOG  [OniBoss:Trail] Club_Swing trail START at clip 0.38 (transition done).
[  9934   41.146 x1.00] LOG  [OniBoss:Layer] step-in: 'Club_Swing' closed 0.08m, Yoru now 3.0m away (range 3.5)
[ 10002   41.485 x1.00] LOG  [OniBoss:ClubPos] Club_Swing at strike: club tip 3.02m up, 2.73m in front, -2.82m to his right (3.93m out from his centre). Club faces -77deg from his forward, pitch 0.40. (the ground wave is born 1.6m in front of him at 0.35m.)
[ 10002   41.485 x1.00] LOG  [OniBoss:Layer] Club_Swing: club has not connected — ground wave released ARMED, 1.6m in front, 12m/s x 6.0m = 0.50s, carrying 8 (half of the club's 16).
[ 10003   41.489 x1.00] LOG  [Combat] Hit react: HitReact_Light_2Leg (0.5s, clip starts at 0.35s)
[ 10003   41.489 x1.00] LOG  [CameraGameFeel] Shake: intensity=0.30 duration=0.200s
[ 10003   41.489 x1.00] LOG  [CameraGameFeel] FOV punch: player damage (-2.0°)
[ 10003   41.489 x1.00] LOG  [OniBoss:Wave] wave TOUCHED Yoru (grounded) for 8 after 0.1m / 0.00s of travel.
[ 10006   41.510 x1.00] LOG  [HitReactTrace] asked for 'HitReact_Light_2Leg' (0.50s, clip start 0.35s): playing it, blend resolved after 20 ms, state 1.21s long at speed 1.00, now at 0.37s, layer weight 1.00, animator.speed 1.00.
[ 10110   41.963 x1.00] LOG  [OniBoss] Attack → Recovery
[ 10110   41.963 x1.00] LOG  [OniBoss] Playing animation: Watch
[ 10110   41.963 x1.00] LOG  [OniBoss:Trail] trail END at clip 0.99, fading over 0.40s.
[ 10110   41.963 x1.00] LOG  [OniBoss:Strike] Club_Swing: club tip closest to Yoru at 1.49m, clip position 0.91 | damage fires at 0.42 | clip 0.84s => damage fires 411 ms BEFORE the club is closest
[ 10116   41.989 x1.00] WARN The referenced script on this Behaviour (Game Object '<null>') is missing!
[ 10116   41.989 x1.00] WARN The referenced script on this Behaviour (Game Object 'Lightning Light') is missing!
[ 10116   41.989 x1.00] WARN The referenced script on this Behaviour (Game Object 'Lightning Light') is missing!
[ 10144   42.116 x1.00] LOG  [OniBoss] Recovery → Attack
[ 10144   42.116 x1.00] LOG  [OniBoss] Attack: ClubSwing2 (16 dmg)
[ 10144   42.116 x1.00] LOG  [OniBoss:Trail] ClubSwing2 trail START at clip 1.00 (transition still blending).
[ 10169   42.274 x1.00] LOG  [OniBoss:Layer] step-in: 'ClubSwing2' closed 0.04m, Yoru now 3.0m away (range 3.5)
[ 10170   42.284 x1.00] LOG  [OniBoss:Layer] step-in: 'ClubSwing2' closed 0.08m, Yoru now 3.0m away (range 3.5)
[ 10175   42.308 x1.00] LOG  [OniBoss:Layer] step-in: 'ClubSwing2' closed 0.11m, Yoru now 3.0m away (range 3.5)
[ 10178   42.327 x1.00] LOG  [OniBoss:Layer] step-in: 'ClubSwing2' closed 0.15m, Yoru now 3.0m away (range 3.5)
[ 10182   42.350 x1.00] LOG  [OniBoss:Layer] step-in: 'ClubSwing2' closed 0.19m, Yoru now 3.0m away (range 3.5)
[ 10186   42.376 x1.00] LOG  [OniBoss:Layer] step-in: 'ClubSwing2' closed 0.23m, Yoru now 3.0m away (range 3.5)
[ 10189   42.395 x1.00] LOG  [OniBoss:Layer] step-in: 'ClubSwing2' closed 0.27m, Yoru now 3.0m away (range 3.5)
[ 10192   42.410 x1.00] LOG  [OniBoss:Layer] step-in: 'ClubSwing2' closed 0.31m, Yoru now 3.0m away (range 3.5)
[ 10193   42.425 x1.00] LOG  [OniBoss:Layer] step-in: 'ClubSwing2' closed 0.34m, Yoru now 3.0m away (range 3.5)
[ 10197   42.449 x1.00] LOG  [OniBoss:Layer] step-in: 'ClubSwing2' closed 0.38m, Yoru now 3.0m away (range 3.5)
[ 10198   42.455 x1.00] LOG  [CameraGameFeel] Shake: intensity=0.20 duration=0.250s
[ 10198   42.455 x1.00] LOG  [Combat] Hit react: HitReact_Heavy_2Leg (0.9s, clip starts at 0.35s)
[ 10198   42.455 x1.00] LOG  [CameraGameFeel] Shake: intensity=0.60 duration=0.200s
[ 10198   42.455 x1.00] LOG  [CameraGameFeel] FOV punch: player damage (-3.0°)
[ 10198   42.455 x1.00] LOG  [OniBoss] Hit player for 24 (ClubSwing2) [combo x1.50]
[ 10198   42.455 x1.00] LOG  [OniBoss:Touch] ClubSwing2: club TOUCHED Yoru at clip 0.29 — shaft 0.62m from her body line, tip speed 101m/s. Full club hit delivered this frame.
[ 10199   42.460 x1.00] LOG  [HitReactTrace] asked for 'HitReact_Heavy_2Leg' (0.90s, clip start 0.35s): NOT playing it, another state took the combat layer, blend resolved after 5 ms, state 1.00s long at speed 1.00, now at 0.46s, layer weight 1.00, animator.speed 1.00.
[ 10206   42.499 x1.00] LOG  [OniBoss:ClubPos] ClubSwing2 at strike: club tip 0.18m up, 1.63m in front, 2.63m to his right (3.10m out from his centre). Club faces 15deg from his forward, pitch -0.89. (the ground wave is born 1.6m in front of him at 0.35m.)
[ 10206   42.499 x1.00] LOG  [OniBoss:Layer] ClubSwing2: club already hit — ground wave released as VISUAL only (0 damage), finisher size x2.0.
[ 10374   43.277 x1.00] LOG  [OniBoss] Attack → Recovery
[ 10374   43.277 x1.00] LOG  [OniBoss] Playing animation: Watch
[ 10374   43.277 x1.00] LOG  [OniBoss:Trail] trail END at clip 0.99, fading over 0.40s.
[ 10374   43.277 x1.00] LOG  [OniBoss:Strike] ClubSwing2: club tip closest to Yoru at 0.46m, clip position 0.30 | damage fires at 0.32 | clip 1.17s => MATCHED (within one or two frames)
[ 10410   43.429 x1.00] LOG  [OniBoss] Recovery → Chase
[ 10411   43.433 x1.00] LOG  [OniBoss] hold-ground: BACKSTEP 1.5m (player 2.9m)
[ 10608   44.308 x1.00] LOG  [OniBoss] hold-ground: backstep done (1.40m), WATCH (player 4.3m, cooldown 0.9s)
[ 10608   44.308 x1.00] LOG  [OniBoss] Playing animation: Watch
[ 10741   44.903 x1.00] LOG  [OniBoss] Playing animation: run
[ 10815   45.232 x1.00] LOG  [OniBoss] Pull-band decision: RUN-IN (dist 4.8m, pullRange 0m, chance 0.50)
[ 11363   47.506 x1.00] LOG  [OniBoss] Playing animation: Idle
[ 11363   47.506 x1.00] LOG  [OniBoss] Combo started: swing1-2 (2 steps remaining)
[ 11363   47.506 x1.00] LOG  [OniBoss] Chase → Attack
[ 11363   47.506 x1.00] LOG  [OniBoss] Attack: Club_Swing (16 dmg)
[ 11363   47.506 x1.00] LOG  [OniBoss:Trail] Club_Swing trail START at clip 1.00 (transition done).
[ 11381   47.605 x1.00] LOG  [OniBoss:Layer] step-in: 'Club_Swing' closed 0.48m, Yoru now 3.0m away (range 3.5)
[ 11440   47.866 x1.00] LOG  [OniBoss:ClubPos] Club_Swing at strike: club tip 3.02m up, 2.60m in front, -2.90m to his right (3.90m out from his centre). Club faces -80deg from his forward, pitch 0.40. (the ground wave is born 1.6m in front of him at 0.35m.)
[ 11440   47.866 x1.00] LOG  [OniBoss:Layer] Club_Swing: club has not connected — ground wave released ARMED, 1.6m in front, 12m/s x 6.0m = 0.50s, carrying 8 (half of the club's 16).
[ 11441   47.871 x1.00] LOG  [Combat] Hit react: HitReact_Light_2Leg (0.5s, clip starts at 0.35s)
[ 11441   47.871 x1.00] LOG  [CameraGameFeel] Shake: intensity=0.30 duration=0.200s
[ 11441   47.871 x1.00] LOG  [CameraGameFeel] FOV punch: player damage (-2.0°)
[ 11441   47.871 x1.00] LOG  [OniBoss:Wave] wave TOUCHED Yoru (grounded) for 8 after 0.1m / 0.00s of travel.
[ 11445   47.891 x1.00] LOG  [HitReactTrace] asked for 'HitReact_Light_2Leg' (0.50s, clip start 0.35s): playing it, blend resolved after 20 ms, state 1.21s long at speed 1.00, now at 0.37s, layer weight 1.00, animator.speed 1.00.
[ 11545   48.340 x1.00] LOG  [OniBoss] Attack → Recovery
[ 11545   48.340 x1.00] LOG  [OniBoss] Playing animation: Watch
[ 11545   48.340 x1.00] LOG  [OniBoss:Trail] trail END at clip 0.99, fading over 0.40s.
[ 11545   48.340 x1.00] LOG  [OniBoss:Strike] Club_Swing: club tip closest to Yoru at 1.49m, clip position 0.91 | damage fires at 0.42 | clip 0.84s => damage fires 414 ms BEFORE the club is closest
[ 11582   48.493 x1.00] LOG  [OniBoss] Recovery → Attack
[ 11582   48.493 x1.00] LOG  [OniBoss] Attack: ClubSwing2 (16 dmg)
[ 11582   48.493 x1.00] LOG  [OniBoss:Trail] ClubSwing2 trail START at clip 1.00 (transition still blending).
[ 11661   48.829 x1.00] LOG  [CameraGameFeel] Shake: intensity=0.20 duration=0.250s
[ 11661   48.829 x1.00] LOG  [Combat] Hit react: HitReact_Heavy_2Leg (0.9s, clip starts at 0.35s)
[ 11661   48.829 x1.00] LOG  [CameraGameFeel] Shake: intensity=0.60 duration=0.200s
[ 11661   48.829 x1.00] LOG  [CameraGameFeel] FOV punch: player damage (-3.0°)
[ 11661   48.829 x1.00] LOG  [OniBoss] Hit player for 24 (ClubSwing2) [combo x1.50]
[ 11661   48.829 x1.00] LOG  [OniBoss:Touch] ClubSwing2: club TOUCHED Yoru at clip 0.29 — shaft 0.67m from her body line, tip speed 98m/s, ONE FRAME EARLY (predicted). Full club hit delivered this frame.
[ 11662   48.835 x1.00] LOG  [HitReactTrace] asked for 'HitReact_Heavy_2Leg' (0.90s, clip start 0.35s): NOT playing it, another state took the combat layer, blend resolved after 6 ms, state 1.00s long at speed 1.00, now at 0.46s, layer weight 1.00, animator.speed 1.00.
[ 11671   48.875 x1.00] LOG  [OniBoss:ClubPos] ClubSwing2 at strike: club tip 0.11m up, 1.76m in front, 2.48m to his right (3.04m out from his centre). Club faces 7deg from his forward, pitch -0.88. (the ground wave is born 1.6m in front of him at 0.35m.)
[ 11671   48.875 x1.00] LOG  [OniBoss:Layer] ClubSwing2: club already hit — ground wave released as VISUAL only (0 damage), finisher size x2.0.
[ 11720   49.088 x1.00] WARN The referenced script on this Behaviour (Game Object '<null>') is missing!
[ 11720   49.088 x1.00] WARN The referenced script on this Behaviour (Game Object 'Lightning Light') is missing!
[ 11720   49.088 x1.00] WARN The referenced script on this Behaviour (Game Object 'Lightning Light') is missing!
[ 11792   49.428 x1.00] LOG  [StormWeather] terrain layers restored to dry values.
# end — 430 lines
