# Oni combat log — 2026-09-25 11:00:12
# Unity 6000.2.7f2 | scene 'CaveScene_Oni_Boss1' | platform OSXEditor
# columns: [frame realSeconds timeScale] KIND message      (KIND: LOG WARN ERR EXC TEL)
#
[     0    0.000 x1.00] LOG  [OniLog] console + telemetry → /Users/asenahazal/Documents/Yoru/OniLogs/oni_2026-09-25_11-00-12.log
[     0    0.000 x1.00] LOG  [OniHairShadows] shadow casting off on 27 hair renderers
[     1    0.000 x1.00] LOG  [TailAirShot4Leg] Ready. drawState=shoot_4Leg castParam=Shoot4LegSpeed (found) readyFrame=5 fireFrame=10 frames=24 slowBudget=3s real damageMultiplier=2.00
  arrow leaves: PlayerYoru_1.1/Cat_All_10_Tails_v4/Group/DeformationSystem/root/Root_M/Tail15_R/Tail151_R/Tail152_R/Tail153_R/Tail154_R/Tail155_R/Tail156_R/Tail157_R/Tail158_R/Tail159_R/Tail1510_R/Tail1511_R/Tail1512_R/Tail6_R/Tail6_R_end/Tail6_R_end_end/Tail6_R_end_end_end/RightTailTip_Anchor
  aim VFX left:  PlayerYoru_1.1/Cat_All_10_Tails_v4/Group/DeformationSystem/root/Root_M/Tail15_L/Tail151_L/Tail152_L/Tail153_L/Tail154_L/Tail155_L/Tail156_L/Tail157_L/Tail158_L/Tail159_L/Tail1510_L/Tail1511_L/Tail1512_L/Tail6_L/Tail6_L_end/Tail6_L_end_end/Tail6_L_end_end_end/LeftTailTip_Anchor/Glow_4Leg_L
  aim VFX right: PlayerYoru_1.1/Cat_All_10_Tails_v4/Group/DeformationSystem/root/Root_M/Tail15_R/Tail151_R/Tail152_R/Tail153_R/Tail154_R/Tail155_R/Tail156_R/Tail157_R/Tail158_R/Tail159_R/Tail1510_R/Tail1511_R/Tail1512_R/Tail6_R/Tail6_R_end/Tail6_R_end_end/Tail6_R_end_end_end/RightTailTip_Anchor/Glow_4Leg_R
[     1    0.000 x1.00] LOG  [TailAirShot] Ready. drawState=RightTail_Fast castParam=TailCastSpeed (found)
  arrow leaves: PlayerYoru_1.1/Cat_All_10_Tails_v4/Group/DeformationSystem/root/Root_M/Tail15_R/Tail151_R/Tail152_R/Tail153_R/Tail154_R/Tail155_R/Tail156_R/Tail157_R/Tail158_R/Tail159_R/Tail1510_R/Tail1511_R/Tail1512_R/Tail6_R/Tail6_R_end/Tail6_R_end_end/Tail6_R_end_end_end/RightTailTip_Anchor
  aim VFX: PlayerYoru_1.1/Cat_All_10_Tails_v4/Group/DeformationSystem/root/Root_M/Tail15_R/Tail151_R/Tail152_R/Tail153_R/Tail154_R/Tail155_R/Tail156_R/Tail157_R/Tail158_R/Tail159_R/Tail1510_R/Tail1511_R/Tail1512_R/Tail6_R/Tail6_R_end/Tail6_R_end_end/Tail6_R_end_end_end/RightTailTip_Anchor/vfx_Muzzle_Fireball01Blue
[     1    0.000 x1.00] LOG  [PlayerCombat] Phase 2 form gate CONNECTED (FormController found on this GameObject).
[     1    0.000 x1.00] LOG  [Combat] PlayerCombat initialized, Phase 3C v27
[     1    0.000 x1.00] LOG  [RingMesh] VFX Status:
[     1    0.000 x1.00] LOG    Left: Prefab=✓, Spawn=Tail6_L_end_end_end
[     1    0.000 x1.00] LOG    Right: Prefab=✓, Spawn=Tail6_R_end_end_end
[     1    0.000 x1.00] LOG  === VFX MANAGER INITIALIZED ===
[     1    0.000 x1.00] LOG  Auto-detect animations: False
[     1    0.000 x1.00] LOG  Parent effects to tail: True
[     1    0.000 x1.00] LOG  Prefabs: Jump=True, Land=True, LTail=True, RTail=True
[     1    0.000 x1.00] LOG  ✅ Left Tail Tip: LeftTailTip_Anchor
[     1    0.000 x1.00] LOG  ✅ Right Tail Tip: RightTailTip_Anchor
[     1    0.000 x1.00] LOG  [Pause] ready: key Escape, paper shader ok, paper set, kanji set, font YujiSyuku-Regular SDF, capture ScreenGrab, Main Menu faint (no scene set)
[     1    0.000 x1.00] LOG  [PeachUI] row ready: 4 peaches, 64 px, TopLeft, bleed sprite set, PlayerHealth found
[     1    0.000 x1.00] LOG  [GameOver] ready (sumi-e): PlayerCombat found, ink shader ok, paper set, kanji set, font YujiSyuku-Regular SDF, Main Menu faint (no scene set)
[     1    0.000 x1.00] LOG  [BossBar] BossHealthBarUI initialized
[     1    0.000 x1.00] LOG  [StormWeather] layer 'TerrainLayer_Dirt_01' dry smoothness=0.00 (restore to this if a crash ever leaves it wet)
[     1    0.000 x1.00] LOG  [StormWeather] post volumes ready on layer 9 (storm priority 10, flash priority 11).
[     1    0.000 x1.00] LOG  [StormWeather] COZY bridge: Rain_Cave retired, COZY owns the rain now.
[     1    0.000 x1.00] LOG  [StormWeather] COZY → 'Clear' (pre-fight - open sky, 0 s)
[     1    0.000 x1.00] LOG  [StormWeather] Ready. Open sky, dry floor. Waiting for the fight.
[     1    0.000 x1.00] LOG  OniBoss initialized with 2500 HP
[     1    0.000 x1.00] LOG  [OniBoss] ANIMATOR SETUP: cullingMode=CullUpdateTransforms updateMode=Normal applyRootMotion=False speed=1
[     1    0.000 x1.00] LOG  [OniBoss] Initialized
[     1    0.000 x1.00] LOG  [OniBoss:Layer] facing: minFlat 1m, snapOnAttack off, trackInHitReact off, aimTurn 540 deg/s for the first 0.20 of the swing
[     1    0.000 x1.00] LOG  [OniBoss:Layer] animator speed x1.35 — his 1.13s swing now plays in 0.84s.
[     1    0.000 x1.00] LOG  [OniBoss:Layer] chase speed pushed: phase1 4.5, phase2 5.5 (Yoru runs at 7).
[     1    0.000 x1.00] LOG  [OniBoss:Layer] ground wave ON (round 38): half the club's damage on TOUCH, 12m/s x 6.0m from 1.6m in front at 0.35m height — a club hit cancels that swing's wave, jumping clears it. Per-attack effects come from the Swing Wave VFX By Attack rows. PlayerHealth found, PlayerMovement found.
[     1    0.000 x1.00] LOG  [StormWeather] storm break HELD (waiting for the lightning beat)
[     1    0.000 x1.00] LOG  [OniBoss:Layer] storm break HELD — it releases at the lightning-on-the-club beat.
[     1    0.000 x1.00] LOG  [OniBoss:Layer] club tracking ON — tip 'Kanabo3' (depth 4), shaft root 'kanabo'.
[     1    0.000 x1.00] LOG  [OniBoss:Layer] skinned meshes: 46 renderer(s), updateWhenOffscreen ON, body renderer 'Body' rootBone 'Hips'
[     1    0.000 x1.00] LOG  [OniBoss:Layer] charge travel bone: 'Hips' at depth 1 under 'OniBoss', rest local (0.00, 3.24, -0.24)
[     1    0.000 x1.00] LOG  [OniBoss:Layer] anti-kite ON: thrown swing after 4s of failed chase (within 7.6m), charge after 6s.
[     1    0.000 x1.00] LOG  [OniBoss:Layer] charge drive ON (windup to 0.40 at x1.3, rush 14m/s stops at 2.6m, steers 0.35s then commits, strike section from 0.58, strike moment 0.76, trail VFX off)
[     1    0.000 x1.00] LOG  [OniBoss:Layer] attack armor ON (his swings are not interrupted by light/medium hits; heavy hits and rapid-hit bursts still stop him)
[     1    0.000 x1.00] LOG  [OniBoss:Layer] strike moments overridden: Club_Swing=0.42 ClubSwing2=0.32 ClubSlam=0.85 KanaboSweep=0.48
[     1    0.000 x1.00] LOG  [OniBoss:Layer] club TOUCH hits ON (radius 0.70m, min tip speed 50m/s, armed from 0.20 of the clip): Club_Swing ClubSwing2 ClubSlam KanaboSweep. First touch wins — club full damage, wave half, one hit per swing.
[     1    0.000 x1.00] LOG  [OniBoss:Layer] combo damage ramp ON: mid x1.25, finisher x1.50 — finisher wave carries FULL damage at x2.0 size, x2.0 travel.
[     1    0.000 x1.00] LOG  [OniBoss:Layer] charge follow-up ON: 90 % of solo charges chain into a random melee finisher.
[     1    0.000 x1.00] LOG  [OniBoss:Layer] hold-ground ON (backstep 1.5m @ 1.6m/s after own attacks, watch 'Watch', attack facing LOCKED)
[     1    0.000 x1.00] LOG  [OniBoss:Layer] OniBoss layer ready (reactions, wake-on-hit, watch stance, boss bar). player=found
[     1    0.000 x1.00] LOG  [OniBoss:Layer] charge clip 'Oni Charge.fbx' imports with Root Motion Node = None (in place) — good.
[     1    0.000 x1.00] LOG  [OniBoss:Layer] clips importing with Root Transform Position (Y) NOT baked into pose (12): Oni_Alert(Oni Alert), Club_Slam(Oni Club Slam), Club_Swing(Oni Club Swing), Club_swing2(Oni Club Swing 2), Death(Oni Death Kneel), KanaboSweep(Oni Kanabo sweep), Phase_Transition(Oni Phase transition), run(Oni Run), Walk(Oni Walk), Watch(Oni Watch), Idle(Oni Idle), Hit_react_light(Oni NEWHit react light) — their hips' up/down motion is stripped (see round notes; optional).
[     1    0.000 x1.00] LOG  [VolumetricFogController] applyPresets is OFF in this scene. The Volumetric Fog component keeps its hand-set inspector values.
[     1    0.000 x1.00] LOG  [Camera] DOF auto-control: no depth of field switched on in this scene, nothing to control.
[     1    0.000 x1.00] LOG  [YoruFurWeather] fur weather ready on 'Weather Zone'. Rain 0, wind 0.50 in the open, roof check 30 m above her. Wind level and floor from StormWeather on 'StormWeather'.
[     1    0.000 x1.00] LOG  [CameraGameFeel] CameraGameFeel initialized (shake + FOV)
[     1    9.122 x1.00] LOG  [OniBoss] Playing animation: Idle
[    77   11.752 x1.00] LOG  💨 Landing VFX spawned!
[    77   11.752 x1.00] LOG  ✅ LANDED! (was jump #0)
[  5329   30.575 x1.00] LOG  [OniBoss:Layer] watch stance ON (player 15.0m)
[  5536   31.434 x1.00] LOG  [OniBoss] LostSoul → Alert
[  5536   31.434 x1.00] LOG  [OniBoss] Playing animation: Oni_Alert
[  5536   31.434 x1.00] LOG  [BossBar] Showing bar for: Oni (2500/2500)
[  5536   31.434 x1.00] LOG  [OniBoss:Layer] boss bar shown
[  5537   31.441 x1.00] LOG  [StormWeather] COZY → 'Yoru_Oni_Phase1_Storm' (fight engaged - storm rolls in, 0 s)
[  5537   31.441 x1.00] LOG  [StormWeather] FIGHT STARTED (he engaged) - storm on, floor starts to soak.
[  5538   31.447 x1.00] EXC  NullReferenceException: Object reference not set to an instance of an object
        at DistantLands.Cozy.Data.ThunderFX.InitializeEffect (DistantLands.Cozy.CozyWeather weather) (at ./Packages/com.distantlands.cozy.core/Runtime/Data/FX/ThunderFX.cs:52)
        at DistantLands.Cozy.Data.ThunderFX.PlayEffect (System.Single weight) (at ./Packages/com.distantlands.cozy.core/Runtime/Data/FX/ThunderFX.cs:36)
        at DistantLands.Cozy.Data.WeatherProfile.SetWeatherWeight (System.Single weightVal) (at ./Packages/com.distantlands.cozy.core/Runtime/Data/WeatherProfile.cs:44)
        at DistantLands.Cozy.CozyWeatherModule.UpdateFXWeights () (at ./Packages/com.distantlands.cozy.core/Runtime/Modules/CozyWeatherModule.cs:129)
[  5539   31.451 x1.00] WARN The referenced script on this Behaviour (Game Object '<null>') is missing!
[  5539   31.451 x1.00] WARN The referenced script on this Behaviour (Game Object 'Lightning Light') is missing!
[  5539   31.451 x1.00] WARN The referenced script on this Behaviour (Game Object 'Lightning Light') is missing!
[  5595   31.745 x1.00] LOG  [YoruFurWeather] rain reaching the coat (intensity 0.01, follows floor wetness).
[  5624   31.910 x1.00] LOG  🐾 4-LEG JUMP #0
[  5624   31.910 x1.00] LOG  🐾 Jump 1 VFX spawned!
[  5630   31.935 x1.00] LOG  [OniBoss] Alert → Chase
[  5631   31.939 x1.00] LOG  [OniBoss] Pull-band decision: RUN-IN (dist 5.5m, pullRange 0m, chance 0.50)
[  5631   31.939 x1.00] LOG  [OniBoss] Playing animation: run
[  5696   32.240 x1.00] LOG  [StormWeather] storm post weight -> 0.40
[  5719   32.349 x1.00] LOG  [OniBoss] Playing animation: Watch
[  5719   32.349 x1.00] LOG  [OniBoss] Chase → Attack
[  5719   32.349 x1.00] LOG  [OniBoss] Attack: Club_Swing (16 dmg)
[  5719   32.349 x1.00] LOG  [OniBoss:Trail] Club_Swing trail START at clip 0.43 (transition done).
[  5727   32.386 x1.00] LOG  [ComboTrace] LAUNCH OniBoss at 1.5m dist=1.50m in 0.15s [AIRBORNE]
[  5727   32.386 x1.00] LOG  [Combat] Aerial spin, 25 dmg
[  5727   32.386 x1.00] LOG  [YoruVFX] Air spin: 'VFX_Void_Burst_AirSpinYoru' at CenterVFX, 46 systems, longest 1.00s fitted to 0.79s at speed 1.27, 8 forced Local, 38 delays zeroed, tail 2.37s
[  5727   32.386 x1.00] LOG  OniBoss took 10 damage. HP: 2490/2500
[  5727   32.386 x1.00] LOG  [OniBoss] 🤕 Hit during Attack — flash only
[  5727   32.386 x1.00] LOG  [Momentum] 0 -> 1 (hit), speed x1.05, damage x1.05, impact x1.05
[  5727   32.386 x1.00] LOG  [CameraGameFeel] Shake: intensity=0.06 duration=0.080s
[  5727   32.386 x1.00] LOG  [CameraGameFeel] Shake: intensity=0.53 duration=0.200s
[  5727   32.386 x1.00] LOG  [CameraGameFeel] FOV punch: hit light (+1.5°)
[  5727   32.386 x1.00] LOG  [AirPosePin] engaged, holding body at 2.098m above the transform
[  5755   32.537 x1.00] LOG  [ComboTrace] LAUNCH RESULT wanted=1.50m actually moved=0.93m, completed
[  5755   32.537 x1.00] LOG  OniBoss took 10 damage. HP: 2480/2500
[  5755   32.537 x1.00] LOG  [OniBoss] 🤕 Hit during Attack — flash only
[  5755   32.537 x1.00] LOG  [CameraGameFeel] Shake: intensity=0.18 duration=0.200s
[  5784   32.689 x1.00] LOG  OniBoss took 10 damage. HP: 2470/2500
[  5784   32.689 x1.00] LOG  [OniBoss] 🤕 Hit during Attack — flash only
[  5784   32.689 x1.00] LOG  [OniBoss] Attack → Stagger
[  5784   32.689 x1.00] LOG  [OniBoss] Playing animation: Stagger
[  5784   32.689 x1.00] LOG  [OniBoss] STAGGERED for 2.5s
[  5784   32.689 x1.00] LOG  [OniBoss:Layer] heavy knock-back react (swirl burst, 3 hits / 30 dmg) → 'HitReact_Heavy', down for 1.80s
[  5784   32.689 x1.00] LOG  [OniReactTrace] #1 HEAVY (0 dmg) asked for 'HitReact_Heavy': crossfade 0.08s, animator speed 1.35, world x1.00
[  5784   32.689 x1.00] LOG  [OniBoss:Layer] burst: 3 hits / 30 dmg inside 0.8s → knock-back + 0.90m push
[  5784   32.689 x1.00] LOG  [Momentum] 1 -> 2 (hit), speed x1.10, damage x1.10, impact x1.10
[  5784   32.689 x1.00] LOG  [CameraGameFeel] Shake: intensity=0.06 duration=0.080s
[  5784   32.689 x1.00] LOG  [CameraGameFeel] Shake: intensity=0.19 duration=0.200s
[  5784   32.689 x1.00] LOG  [OniBoss:Touch] Club_Swing: no touch this swing, closest 2.20m at clip 0.33 (head 0.07 along the club), fastest tip 158m/s (radius 0.70, min speed 50, max tip height 2.5m).
[  5784   32.689 x1.00] LOG  [OniBoss:Strike] Club_Swing: club tip closest to Yoru at 5.06m, clip position 0.12 | damage fires at 0.42 | clip 0.84s => damage fires 248 ms AFTER the club is closest — it lands once the club has passed her
[  5785   32.696 x1.00] LOG  [OniBoss:Trail] trail END at clip 0.34, fading over 0.40s.
[  5785   32.696 x1.00] LOG  [OniReactTrace] #1 +0.01s state SOMETHING ELSE, clip on his bones 'Take 001' weight 0.92, blending INTO 'HitReact_Heavy', layer weight 1.00, animator speed 1.35, world x1.00, engine Stagger
[  5804   32.790 x1.00] LOG  [OniReactTrace] #1 +0.10s state 'HitReact_Heavy' at 9 % of its 1.11s, clip on his bones 'Take 001' weight 1.00, layer weight 1.00, animator speed 1.35, world x1.00, engine Stagger
[  5805   32.795 x1.00] LOG  💨 Landing VFX spawned!
[  5805   32.795 x1.00] LOG  ✅ LANDED! (was jump #1)
[  5805   32.795 x1.00] LOG  [AirPosePin] released, peak correction was 0.060m
[  5812   32.839 x1.00] LOG  OniBoss punish window! 11 → 16 (x1.5)
[  5812   32.839 x1.00] LOG  OniBoss took 16 damage. HP: 2454/2500
[  5812   32.839 x1.00] LOG  [CameraGameFeel] Shake: intensity=0.19 duration=0.200s
[  5832   32.942 x1.00] LOG  [OniReactTrace] #1 +0.25s state 'HitReact_Heavy' at 22 % of its 1.11s, clip on his bones 'Take 001' weight 1.00, layer weight 1.00, animator speed 1.35, world x1.00, engine Stagger
[  5841   32.990 x1.00] LOG  OniBoss punish window! 11 → 16 (x1.5)
[  5841   32.990 x1.00] LOG  OniBoss took 16 damage. HP: 2438/2500
[  5841   32.990 x1.00] LOG  [Momentum] 2 -> 3 (hit), speed x1.15, damage x1.15, impact x1.15
[  5841   32.990 x1.00] LOG  [CameraGameFeel] Shake: intensity=0.06 duration=0.080s
[  5841   32.990 x1.00] LOG  [CameraGameFeel] Shake: intensity=0.20 duration=0.200s
[  5866   33.124 x1.00] LOG  [YoruVFX] Spin VFX stopped, fading for 2.37s
[  5870   33.140 x1.00] LOG  [OniReactTrace] #1 +0.45s state 'HitReact_Heavy' at 40 % of its 1.11s, clip on his bones 'Take 001' weight 1.00, layer weight 1.00, animator speed 1.35, world x1.00, engine Stagger
[  5872   33.149 x1.00] LOG  [ComboTrace] END step=3 clipProgress=0.90 clipLen=0.79s queued=0 elapsed=0.76s
[  5921   33.389 x1.00] LOG  [OniReactTrace] #1 +0.70s state 'HitReact_Heavy' at 63 % of its 1.11s, clip on his bones 'Take 001' weight 1.00, layer weight 1.00, animator speed 1.35, world x1.00, engine Stagger
[  5974   33.641 x1.00] LOG  [OniReactTrace] #1 +0.95s state 'HitReact_Heavy' at 85 % of its 1.11s, clip on his bones 'Take 001' weight 1.00, layer weight 1.00, animator speed 1.35, world x1.00, engine Stagger
[  5974   33.641 x1.00] LOG  [OniReactTrace] #1 HEAVY verdict: played to 85 % of the clip, so the reaction IS on screen and what is missing is movement inside the clip itself
[  6046   33.999 x1.00] LOG  [Combat] Combo 1: 10 dmg
[  6046   33.999 x1.00] LOG  [ComboTrace] START step=1 state='Combo1' queued=0 target='OniBoss' at 3.4m
[  6046   33.999 x1.00] LOG  [ComboTrace] LAUNCH OniBoss at 2.0m dist=2.03m in 0.20s
[  6091   34.209 x1.00] LOG  [ComboTrace] LAUNCH RESULT wanted=2.03m actually moved=1.40m, completed
[  6139   34.408 x1.00] LOG  OniBoss punish window! 12 → 18 (x1.5)
[  6139   34.408 x1.00] LOG  OniBoss took 18 damage. HP: 2420/2500
[  6139   34.408 x1.00] LOG  [Momentum] 3 -> 4 (hit), speed x1.20, damage x1.20, impact x1.20
[  6139   34.408 x1.00] LOG  [CameraGameFeel] Shake: intensity=0.06 duration=0.080s
[  6139   34.408 x1.00] LOG  [Combat] Hit OniBoss for 12
[  6139   34.408 x1.00] LOG  [CameraGameFeel] Shake: intensity=0.60 duration=0.200s
[  6139   34.408 x1.00] LOG  [CameraGameFeel] FOV punch: hit light (+1.5°)
[  6156   34.490 x1.00] LOG  [OniBoss] Stagger → Chase
[  6157   34.494 x1.00] LOG  [OniBoss] Playing animation: Watch
[  6157   34.494 x1.00] LOG  [OniBoss] Chase → Attack
[  6157   34.494 x1.00] LOG  [OniBoss] Attack: ClubSlam (20 dmg)
[  6157   34.494 x1.00] LOG  [OniBoss:Trail] ClubSlam trail START at clip 1.00 (transition done).
[  6171   34.566 x1.00] LOG  🐾 VFX_AttackPaw triggered!
[  6213   34.746 x1.00] LOG  [ComboTrace] END step=1 clipProgress=0.85 clipLen=0.82s queued=0 elapsed=0.75s
[  6246   34.926 x1.00] LOG  [CameraGameFeel] Shake: intensity=0.50 duration=0.400s
[  6246   34.926 x1.00] LOG  [Peach] heavy hit 20 dmg: 3 bites. 13/16 bites = 3.25 of 4 peaches
[  6246   34.926 x1.00] LOG  [Momentum] 4 -> 0 (heavy hit taken, reset), speed x1.00, damage x1.00, impact x1.00
[  6246   34.926 x1.00] LOG  [Combat] Hit react: HitReact_Heavy_2Leg (0.9s, clip starts at 0.35s)
[  6246   34.926 x1.00] LOG  [CameraGameFeel] Shake: intensity=0.60 duration=0.200s
[  6246   34.926 x1.00] LOG  [CameraGameFeel] FOV punch: player damage (-3.0°)
[  6246   34.926 x1.00] LOG  [OniBoss] Hit player for 20 (ClubSlam)
[  6246   34.926 x1.00] LOG  [OniBoss:Touch] ClubSlam: club TOUCHED Yoru at clip 0.47, shaft 0.25m from her body line, head 0.66 along the club, tip 1.52m up, tip speed 96m/s. Full club hit delivered this frame.
[  6247   34.935 x1.00] LOG  [HitReactTrace] asked for 'HitReact_Heavy_2Leg' (0.90s, clip start 0.35s): NOT playing it, another state took the combat layer, blend resolved after 9 ms, state 1.00s long at speed 1.00, now at 0.18s, layer weight 1.00, animator.speed 1.00.
[  6305   35.287 x1.00] LOG  [OniBoss:ClubPos] ClubSlam at strike: club tip 0.54m up, 2.91m in front, -0.14m to his right (2.91m out from his centre). Club faces 7deg from his forward, pitch -0.26. (the ground wave is born 1.6m in front of him at 0.35m.)
[  6305   35.287 x1.00] LOG  [OniBoss:Layer] ClubSlam: club already hit — ground wave released as VISUAL only (0 damage).
[  6328   35.420 x1.00] LOG  [OniBoss] Attack → Recovery
[  6328   35.420 x1.00] LOG  [OniBoss] Playing animation: Watch
[  6328   35.420 x1.00] LOG  [OniBoss:Trail] trail END at clip 1.00, fading over 0.40s.
[  6328   35.420 x1.00] LOG  [OniBoss:Strike] ClubSlam: club tip closest to Yoru at 0.46m, clip position 0.85 | damage fires at 0.85 | clip 0.93s => MATCHED (within one or two frames)
[  6359   35.572 x1.00] LOG  [OniBoss] Recovery → Chase
[  6360   35.577 x1.00] LOG  [OniBoss] hold-ground: BACKSTEP 1.5m (player 2.9m)
[  6471   36.090 x1.00] LOG  [Combat] Combo 1: 10 dmg
[  6471   36.090 x1.00] LOG  [ComboTrace] START step=1 state='Combo1' queued=0 target='OniBoss' at 3.7m
[  6471   36.090 x1.00] LOG  [ComboTrace] LAUNCH OniBoss at 2.3m dist=2.35m in 0.23s
[  6471   36.090 x1.00] LOG  [AirPosePin] engaged, holding body at 0.655m above the transform
[  6489   36.173 x1.00] LOG  [AirPosePin] released, peak correction was 0.000m
[  6523   36.329 x1.00] LOG  [ComboTrace] LAUNCH RESULT wanted=2.35m actually moved=2.05m, completed
[  6563   36.526 x1.00] LOG  [OniBoss] hold-ground: backstep done (1.51m), WATCH (player 2.3m, cooldown 0.8s)
[  6563   36.526 x1.00] LOG  [OniBoss] Playing animation: Watch
[  6571   36.559 x1.00] LOG  OniBoss took 10 damage. HP: 2410/2500
[  6571   36.559 x1.00] LOG  [OniBoss] Chase → HitReact
[  6571   36.559 x1.00] LOG  [OniBoss:Layer] react tier: LIGHT (10 dmg) → 'Hit_react_light'
[  6571   36.559 x1.00] LOG  [OniReactTrace] #2 LIGHT (10 dmg) asked for 'Hit_react_light': crossfade 0.08s, animator speed 1.35, world x1.00
[  6571   36.559 x1.00] LOG  [Momentum] 0 -> 1 (hit), speed x1.05, damage x1.05, impact x1.05
[  6571   36.559 x1.00] LOG  [CameraGameFeel] Shake: intensity=0.06 duration=0.080s
[  6571   36.559 x1.00] LOG  [Combat] Hit OniBoss for 10
[  6571   36.559 x1.00] LOG  [CameraGameFeel] Shake: intensity=0.53 duration=0.200s
[  6571   36.559 x1.00] LOG  [CameraGameFeel] FOV punch: hit light (+1.5°)
[  6572   36.566 x1.00] LOG  [OniReactTrace] #2 +0.01s state SOMETHING ELSE, clip on his bones 'Take 001' weight 0.76, blending into a DIFFERENT state, layer weight 1.00, animator speed 0.00, world x1.00, engine HitReact
[  6594   36.666 x1.00] LOG  [OniReactTrace] #2 +0.11s state SOMETHING ELSE, clip on his bones '?' weight 0.00, blending INTO 'Hit_react_light', layer weight 1.00, animator speed 1.35, world x1.00, engine HitReact
[  6605   36.726 x1.00] LOG  🐾 VFX_AttackPaw triggered!
[  6623   36.816 x1.00] LOG  [OniReactTrace] #2 +0.26s state 'Hit_react_light' at 34 % of its 0.62s, clip on his bones 'Take 001' weight 1.00, layer weight 1.00, animator speed 1.35, world x1.00, engine HitReact
[  6646   36.935 x1.00] LOG  [ComboTrace] END step=1 clipProgress=0.85 clipLen=0.95s queued=0 elapsed=0.85s
[  6664   37.010 x1.00] LOG  [OniReactTrace] #2 +0.45s state 'Hit_react_light' at 66 % of its 0.62s, clip on his bones 'Take 001' weight 1.00, layer weight 1.00, animator speed 1.35, world x1.00, engine HitReact
[  6717   37.260 x1.00] LOG  [OniReactTrace] #2 +0.70s state 'Hit_react_light' at 100 % of its 0.62s, clip on his bones 'Take 001' weight 1.00, layer weight 1.00, animator speed 1.35, world x1.00, engine HitReact
[  6740   37.366 x1.00] LOG  [OniBoss] HitReact → Chase
[  6741   37.376 x1.00] LOG  [OniBoss] Playing animation: Watch
[  6741   37.376 x1.00] LOG  [OniBoss] Chase → Attack
[  6741   37.376 x1.00] LOG  [OniBoss] Attack: ClubSwing2 (16 dmg)
[  6741   37.376 x1.00] LOG  [OniBoss:Trail] ClubSwing2 trail START at clip 1.00 (transition done).
[  6774   37.516 x1.00] LOG  [OniReactTrace] #2 +0.96s state SOMETHING ELSE, clip on his bones 'Take 001' weight 1.00, layer weight 1.00, animator speed 1.35, world x1.00, engine Attack
[  6774   37.516 x1.00] LOG  [OniReactTrace] #2 LIGHT verdict: played to 100 % of the clip, so the reaction IS on screen and what is missing is movement inside the clip itself
[  6776   37.530 x1.00] LOG  [Combat] Combo 2: 20 dmg
[  6776   37.530 x1.00] LOG  [ComboTrace] START step=2 state='Combo2' queued=0 target='OniBoss' at 2.3m
[  6776   37.530 x1.00] LOG  [ComboTrace] LAUNCH OniBoss at 1.1m dist=1.10m in 0.13s
[  6776   37.530 x1.00] LOG  [AirPosePin] engaged, holding body at 0.656m above the transform
[  6782   37.558 x1.00] LOG  [AirPosePin] released, peak correction was 0.000m
[  6809   37.661 x1.00] LOG  [ComboTrace] LAUNCH RESULT wanted=1.10m actually moved=0.36m, completed
[  6818   37.706 x1.00] LOG  [CameraGameFeel] Shake: intensity=0.20 duration=0.250s
[  6818   37.706 x1.00] LOG  [Peach] light hit 16 dmg: 2 bites. 11/16 bites = 2.75 of 4 peaches
[  6818   37.706 x1.00] LOG  [Momentum] 1 -> 0 (light hit taken, 50% = -1), speed x1.00, damage x1.00, impact x1.00
[  6818   37.706 x1.00] LOG  [Combat] Combo memory: light hit, keeping step 2
[  6818   37.706 x1.00] LOG  [Combat] Hit react: HitReact_Light_2Leg (0.5s, clip starts at 0.35s)
[  6818   37.706 x1.00] LOG  [CameraGameFeel] Shake: intensity=0.30 duration=0.200s
[  6818   37.706 x1.00] LOG  [CameraGameFeel] FOV punch: player damage (-2.0°)
[  6818   37.706 x1.00] LOG  [OniBoss] Hit player for 16 (ClubSwing2)
[  6818   37.706 x1.00] LOG  [OniBoss:Touch] ClubSwing2: club TOUCHED Yoru at clip 0.28, shaft 0.68m from her body line, head 0.48 along the club, tip 1.65m up, tip speed 93m/s, ONE FRAME EARLY (predicted). Full club hit delivered this frame.
[  6819   37.716 x1.00] LOG  [HitReactTrace] asked for 'HitReact_Light_2Leg' (0.50s, clip start 0.35s): NOT playing it, another state took the combat layer, blend resolved after 10 ms, state 1.28s long at speed 1.60, now at 0.18s, layer weight 1.00, animator.speed 1.00.
[  6830   37.760 x1.00] LOG  [OniBoss:ClubPos] ClubSwing2 at strike: club tip 0.19m up, 1.59m in front, 2.67m to his right (3.11m out from his centre). Club faces 16deg from his forward, pitch -0.89. (the ground wave is born 1.6m in front of him at 0.35m.)
[  6830   37.760 x1.00] LOG  [OniBoss:Layer] ClubSwing2: club already hit — ground wave released as VISUAL only (0 damage).
[  7007   38.539 x1.00] LOG  [OniBoss] Attack → Recovery
[  7007   38.539 x1.00] LOG  [OniBoss] Playing animation: Watch
[  7007   38.539 x1.00] LOG  [OniBoss:Trail] trail END at clip 0.99, fading over 0.40s.
[  7007   38.539 x1.00] LOG  [OniBoss:Strike] ClubSwing2: club tip closest to Yoru at 1.31m, clip position 0.30 | damage fires at 0.32 | clip 1.17s => MATCHED (within one or two frames)
[  7022   38.608 x1.00] LOG  [Combat] Combo 3: 35 dmg
[  7022   38.608 x1.00] LOG  [ComboTrace] START step=3 state='Combo3' queued=0 target='OniBoss' at 2.0m
[  7022   38.608 x1.00] LOG  [ComboTrace] LAUNCH OniBoss at 0.8m dist=0.81m in 0.13s
[  7022   38.608 x1.00] LOG  [YoruVFX] Ground hazard: 'VFX_Void_Area_GroundSpinYORU' laid at GroundVFX ((484.79, 0.43, 402.44)), floor tilt 6.4 deg, 17 delays shifted by 2.00s, own lifetime 8.98s
[  7022   38.608 x1.00] LOG  [Combat] Hazard zone tick: OniBoss for 25
[  7022   38.608 x1.00] LOG  [Combat] Hazard zone laid: 8.98s, 25 dmg every 0.50s in 2.00m
[  7034   38.671 x1.00] LOG  OniBoss took 35 damage. HP: 2350/2500
[  7034   38.671 x1.00] LOG  [OniBoss] Recovery → Stagger
[  7034   38.671 x1.00] LOG  [OniBoss] Playing animation: Stagger
[  7034   38.671 x1.00] LOG  [OniBoss] STAGGERED for 2.5s
[  7034   38.671 x1.00] LOG  [OniBoss:Layer] heavy knock-back react (35 dmg) → 'HitReact_Heavy', down for 1.80s
[  7034   38.671 x1.00] LOG  [OniReactTrace] #3 HEAVY (0 dmg) asked for 'HitReact_Heavy': crossfade 0.08s, animator speed 1.35, world x1.00
[  7034   38.671 x1.00] LOG  [Momentum] 0 -> 1 (hit), speed x1.05, damage x1.05, impact x1.05
[  7034   38.671 x1.00] LOG  [CameraGameFeel] Shake: intensity=0.06 duration=0.080s
[  7034   38.671 x1.00] LOG  [CameraGameFeel] Shake: intensity=0.53 duration=0.200s
[  7034   38.671 x1.00] LOG  [CameraGameFeel] FOV punch: hit light (+1.5°)
[  7035   38.677 x1.00] LOG  [OniReactTrace] #3 +0.01s state SOMETHING ELSE, clip on his bones '?' weight 0.00, blending INTO 'HitReact_Heavy', layer weight 1.00, animator speed 0.00, world x1.00, engine Stagger
[  7047   38.734 x1.00] LOG  [ComboTrace] LAUNCH RESULT wanted=0.81m actually moved=0.07m, completed
[  7055   38.774 x1.00] LOG  [OniReactTrace] #3 +0.10s state 'HitReact_Heavy' at 5 % of its 1.11s, clip on his bones 'Take 001' weight 1.00, layer weight 1.00, animator speed 1.35, world x1.00, engine Stagger
[  7069   38.841 x1.00] LOG  [ComboTrace] CLICK IGNORED (step=3 queued=0)
[  7083   38.922 x1.00] LOG  [OniReactTrace] #3 +0.25s state 'HitReact_Heavy' at 19 % of its 1.11s, clip on his bones 'Take 001' weight 1.00, layer weight 1.00, animator speed 1.35, world x1.00, engine Stagger
[  7119   39.092 x1.00] LOG  [ComboTrace] CLICK IGNORED (step=3 queued=0)
[  7122   39.109 x1.00] LOG  [Combat] Hazard zone tick: OniBoss for 25
[  7126   39.123 x1.00] LOG  [OniReactTrace] #3 +0.45s state 'HitReact_Heavy' at 37 % of its 1.11s, clip on his bones 'Take 001' weight 1.00, layer weight 1.00, animator speed 1.35, world x1.00, engine Stagger
[  7178   39.372 x1.00] LOG  [OniReactTrace] #3 +0.70s state 'HitReact_Heavy' at 59 % of its 1.11s, clip on his bones 'Take 001' weight 1.00, layer weight 1.00, animator speed 1.35, world x1.00, engine Stagger
[  7186   39.417 x1.00] LOG  [ComboTrace] END step=3 clipProgress=0.95 clipLen=0.79s queued=0 elapsed=0.81s
[  7226   39.617 x1.00] LOG  [Combat] Hazard zone tick: OniBoss for 25
[  7228   39.625 x1.00] LOG  [OniReactTrace] #3 +0.95s state 'HitReact_Heavy' at 82 % of its 1.11s, clip on his bones 'Take 001' weight 1.00, layer weight 1.00, animator speed 1.35, world x1.00, engine Stagger
[  7228   39.625 x1.00] LOG  [OniReactTrace] #3 HEAVY verdict: played to 82 % of the clip, so the reaction IS on screen and what is missing is movement inside the clip itself
[  7271   39.840 x1.00] LOG  [Combat] Combo 1: 10 dmg
[  7271   39.840 x1.00] LOG  [ComboTrace] START step=1 state='Combo1' queued=0 target='OniBoss' at 2.8m
[  7271   39.840 x1.00] LOG  [ComboTrace] LAUNCH OniBoss at 1.5m dist=1.54m in 0.15s
[  7305   40.001 x1.00] LOG  [ComboTrace] LAUNCH RESULT wanted=1.54m actually moved=0.83m, completed
[  7332   40.118 x1.00] LOG  [Combat] Hazard zone tick: OniBoss for 25
[  7335   40.130 x1.00] LOG  [Combat] Queued click #1 (combo 1)
[  7335   40.130 x1.00] LOG  [ComboTrace] QUEUED #1 during step 1
[  7368   40.289 x1.00] LOG  OniBoss punish window! 10 → 15 (x1.5)
[  7368   40.289 x1.00] LOG  OniBoss took 15 damage. HP: 2260/2500
[  7368   40.289 x1.00] LOG  [Momentum] 1 -> 2 (hit), speed x1.10, damage x1.10, impact x1.10
[  7368   40.289 x1.00] LOG  [CameraGameFeel] Shake: intensity=0.06 duration=0.080s
[  7368   40.289 x1.00] LOG  [Combat] Hit OniBoss for 10
[  7368   40.289 x1.00] LOG  [CameraGameFeel] Shake: intensity=0.55 duration=0.200s
[  7368   40.289 x1.00] LOG  [CameraGameFeel] FOV punch: hit light (+1.5°)
[  7399   40.448 x1.00] LOG  🐾 VFX_AttackPaw triggered!
[  7404   40.475 x1.00] LOG  [OniBoss] Stagger → Chase
[  7405   40.479 x1.00] LOG  [OniBoss] Playing animation: Watch
[  7405   40.479 x1.00] LOG  [OniBoss] Chase → Attack
[  7405   40.479 x1.00] LOG  [OniBoss] Attack: Club_Swing (16 dmg)
[  7405   40.479 x1.00] LOG  [OniBoss:Trail] Club_Swing trail START at clip 1.00 (transition done).
[  7421   40.551 x1.00] LOG  [Combat] Combo 2: 20 dmg
[  7421   40.551 x1.00] LOG  [ComboTrace] START step=2 state='Combo2' queued=0 target='OniBoss' at 2.9m
[  7421   40.551 x1.00] LOG  [ComboTrace] LAUNCH OniBoss at 1.6m dist=1.62m in 0.16s
[  7456   40.712 x1.00] LOG  [ComboTrace] LAUNCH RESULT wanted=1.62m actually moved=0.90m, completed
[  7459   40.723 x1.00] LOG  [Combat] Queued click #1 (combo 2)
[  7459   40.723 x1.00] LOG  [ComboTrace] QUEUED #1 during step 2
[  7484   40.834 x1.00] LOG  [OniBoss:ClubPos] Club_Swing at strike: club tip 3.02m up, 2.81m in front, -2.77m to his right (3.95m out from his centre). Club faces -76deg from his forward, pitch 0.40. (the ground wave is born 1.6m in front of him at 0.35m.)
[  7484   40.834 x1.00] LOG  [OniBoss:Layer] Club_Swing: club has not connected — ground wave released ARMED, 1.6m in front, 12m/s x 6.0m = 0.50s, carrying 8 (half of the club's 16).
[  7485   40.838 x1.00] LOG  [Peach] light hit 8 dmg: 1 bite. 10/16 bites = 2.5 of 4 peaches
[  7485   40.838 x1.00] LOG  [Momentum] 2 -> 1 (light hit taken, 50% = -1), speed x1.05, damage x1.05, impact x1.05
[  7485   40.838 x1.00] LOG  [Combat] Combo memory: light hit, keeping step 2
[  7485   40.838 x1.00] LOG  [Combat] Hit react: HitReact_Light_2Leg (0.5s, clip starts at 0.35s)
[  7485   40.838 x1.00] LOG  [CameraGameFeel] Shake: intensity=0.30 duration=0.200s
[  7485   40.838 x1.00] LOG  [CameraGameFeel] FOV punch: player damage (-2.0°)
[  7485   40.838 x1.00] LOG  [OniBoss:Wave] wave TOUCHED Yoru (grounded) for 8 after 0.1m / 0.00s of travel.
[  7490   40.867 x1.00] LOG  [HitReactTrace] asked for 'HitReact_Light_2Leg' (0.50s, clip start 0.35s): playing it, blend resolved after 29 ms, state 1.21s long at speed 1.00, now at 0.37s, layer weight 1.00, animator.speed 1.00.
[  7586   41.314 x1.00] LOG  [OniBoss] Attack → Recovery
[  7586   41.314 x1.00] LOG  [OniBoss] Playing animation: Watch
[  7586   41.314 x1.00] LOG  [OniBoss:Trail] trail END at clip 0.99, fading over 0.40s.
[  7586   41.314 x1.00] LOG  [OniBoss:Strike] Club_Swing: club tip closest to Yoru at 0.48m, clip position 0.91 | damage fires at 0.42 | clip 0.84s => damage fires 412 ms BEFORE the club is closest
[  7617   41.467 x1.00] LOG  [OniBoss] Recovery → Chase
[  7618   41.471 x1.00] LOG  [OniBoss] hold-ground: BACKSTEP 1.5m (player 2.0m)
[  7634   41.542 x1.00] LOG  [Combat] Combo 3: 35 dmg
[  7634   41.542 x1.00] LOG  [ComboTrace] START step=3 state='Combo3' queued=0 target='OniBoss' at 2.1m
[  7634   41.542 x1.00] LOG  [ComboTrace] LAUNCH OniBoss at 0.9m dist=0.93m in 0.13s
[  7634   41.542 x1.00] LOG  [YoruVFX] Ground hazard: 'VFX_Void_Area_GroundSpinYORU' laid at GroundVFX ((485.97, 0.20, 401.01)), floor tilt 0.0 deg, 17 delays shifted by 2.00s, own lifetime 8.98s
[  7634   41.542 x1.00] LOG  [Combat] Hazard zone tick: OniBoss for 25
[  7634   41.542 x1.00] LOG  [Combat] Hazard zone laid: 8.98s, 25 dmg every 0.50s in 2.00m
[  7646   41.607 x1.00] LOG  OniBoss took 37 damage. HP: 2198/2500
[  7646   41.607 x1.00] LOG  [OniBoss] Chase → Stagger
[  7646   41.607 x1.00] LOG  [OniBoss] Playing animation: Stagger
[  7646   41.607 x1.00] LOG  [OniBoss] STAGGERED for 2.5s
[  7646   41.607 x1.00] LOG  [OniBoss:Layer] heavy knock-back react (37 dmg) → 'HitReact_Heavy', down for 1.80s
[  7646   41.607 x1.00] LOG  [OniReactTrace] #4 HEAVY (0 dmg) asked for 'HitReact_Heavy': crossfade 0.08s, animator speed 1.35, world x1.00
[  7646   41.607 x1.00] LOG  [Momentum] 1 -> 2 (hit), speed x1.10, damage x1.10, impact x1.10
[  7646   41.607 x1.00] LOG  [CameraGameFeel] Shake: intensity=0.06 duration=0.080s
[  7646   41.607 x1.00] LOG  [CameraGameFeel] Shake: intensity=0.55 duration=0.200s
[  7646   41.607 x1.00] LOG  [CameraGameFeel] FOV punch: hit light (+1.5°)
[  7647   41.617 x1.00] LOG  [OniReactTrace] #4 +0.01s state SOMETHING ELSE, clip on his bones 'Take 001' weight 1.00, blending INTO 'HitReact_Heavy', layer weight 1.00, animator speed 0.00, world x1.00, engine Stagger
[  7658   41.676 x1.00] LOG  [ComboTrace] LAUNCH RESULT wanted=0.93m actually moved=0.39m, completed
[  7665   41.707 x1.00] LOG  [OniReactTrace] #4 +0.10s state 'HitReact_Heavy' at 5 % of its 1.11s, clip on his bones 'Take 001' weight 1.00, layer weight 1.00, animator speed 1.35, world x1.00, engine Stagger
[  7694   41.857 x1.00] LOG  [OniReactTrace] #4 +0.25s state 'HitReact_Heavy' at 18 % of its 1.11s, clip on his bones 'Take 001' weight 1.00, layer weight 1.00, animator speed 1.35, world x1.00, engine Stagger
[  7729   42.047 x1.00] LOG  [Combat] Hazard zone tick: OniBoss for 25
[  7732   42.067 x1.00] LOG  [OniReactTrace] #4 +0.46s state 'HitReact_Heavy' at 37 % of its 1.11s, clip on his bones 'Take 001' weight 1.00, layer weight 1.00, animator speed 1.35, world x1.00, engine Stagger
[  7740   42.106 x1.00] LOG  [ComboTrace] CLICK IGNORED (step=3 queued=0)
[  7779   42.309 x1.00] LOG  [OniReactTrace] #4 +0.70s state 'HitReact_Heavy' at 59 % of its 1.11s, clip on his bones 'Take 001' weight 1.00, layer weight 1.00, animator speed 1.35, world x1.00, engine Stagger
[  7789   42.350 x1.00] LOG  [ComboTrace] END step=3 clipProgress=0.95 clipLen=0.79s queued=0 elapsed=0.81s
[  7797   42.390 x1.00] WARN The referenced script on this Behaviour (Game Object '<null>') is missing!
[  7797   42.390 x1.00] WARN The referenced script on this Behaviour (Game Object 'Lightning Light') is missing!
[  7797   42.390 x1.00] WARN The referenced script on this Behaviour (Game Object 'Lightning Light') is missing!
[  7828   42.549 x1.00] LOG  [Combat] Hazard zone tick: OniBoss for 25
[  7829   42.568 x1.00] LOG  [OniReactTrace] #4 +0.96s state 'HitReact_Heavy' at 81 % of its 1.11s, clip on his bones 'Take 001' weight 1.00, layer weight 1.00, animator speed 1.35, world x1.00, engine Stagger
[  7829   42.568 x1.00] LOG  [OniReactTrace] #4 HEAVY verdict: played to 81 % of the clip, so the reaction IS on screen and what is missing is movement inside the clip itself
[  7881   42.909 x1.00] LOG  [Combat] Combo 1: 10 dmg
[  7881   42.909 x1.00] LOG  [ComboTrace] START step=1 state='Combo1' queued=0 target='OniBoss' at 2.7m
[  7881   42.909 x1.00] LOG  [ComboTrace] LAUNCH OniBoss at 1.5m dist=1.47m in 0.15s
[  7910   43.051 x1.00] LOG  [Combat] Hazard zone tick: OniBoss for 25
[  7912   43.061 x1.00] LOG  [ComboTrace] LAUNCH RESULT wanted=1.47m actually moved=0.73m, completed
[  7970   43.338 x1.00] LOG  OniBoss punish window! 11 → 16 (x1.5)
[  7970   43.338 x1.00] LOG  OniBoss took 16 damage. HP: 2107/2500
[  7970   43.338 x1.00] LOG  [Momentum] 2 -> 3 (hit), speed x1.15, damage x1.15, impact x1.15
[  7970   43.338 x1.00] LOG  [CameraGameFeel] Shake: intensity=0.06 duration=0.080s
[  7970   43.338 x1.00] LOG  [Combat] Hit OniBoss for 11
[  7970   43.338 x1.00] LOG  [CameraGameFeel] Shake: intensity=0.58 duration=0.200s
[  7970   43.338 x1.00] LOG  [CameraGameFeel] FOV punch: hit light (+1.5°)
[  7986   43.407 x1.00] LOG  [OniBoss] Stagger → Chase
[  7987   43.417 x1.00] LOG  [OniBoss] Playing animation: Watch
[  7987   43.417 x1.00] LOG  [OniBoss] Combo started: ClubSwing1 → ClubSwing2 → ClubSlam (3 steps remaining)
[  7987   43.417 x1.00] LOG  [OniBoss] Chase → Attack
[  7987   43.417 x1.00] LOG  [OniBoss] Attack: Club_Swing (16 dmg)
[  7987   43.417 x1.00] LOG  [OniBoss:Trail] Club_Swing trail START at clip 1.00 (transition done).
[  8002   43.498 x1.00] LOG  🐾 VFX_AttackPaw triggered!
[  8040   43.685 x1.00] LOG  [ComboTrace] END step=1 clipProgress=0.85 clipLen=0.86s queued=0 elapsed=0.78s
[  8059   43.775 x1.00] LOG  [OniBoss:ClubPos] Club_Swing at strike: club tip 3.02m up, 2.62m in front, -2.89m to his right (3.90m out from his centre). Club faces -80deg from his forward, pitch 0.40. (the ground wave is born 1.6m in front of him at 0.35m.)
[  8059   43.775 x1.00] LOG  [OniBoss:Layer] Club_Swing: club has not connected — ground wave released ARMED, 1.6m in front, 12m/s x 6.0m = 0.50s, carrying 8 (half of the club's 16).
[  8060   43.779 x1.00] LOG  [Peach] light hit 8 dmg: 1 bite. 9/16 bites = 2.25 of 4 peaches
[  8060   43.779 x1.00] LOG  [Momentum] 3 -> 1 (light hit taken, 50% = -2), speed x1.05, damage x1.05, impact x1.05
[  8060   43.779 x1.00] LOG  [Combat] Combo memory: light hit, keeping step 1
[  8060   43.779 x1.00] LOG  [Combat] Hit react: HitReact_Light_2Leg (0.5s, clip starts at 0.35s)
[  8060   43.779 x1.00] LOG  [CameraGameFeel] Shake: intensity=0.30 duration=0.200s
[  8060   43.779 x1.00] LOG  [CameraGameFeel] FOV punch: player damage (-2.0°)
[  8060   43.779 x1.00] LOG  [OniBoss:Wave] wave TOUCHED Yoru (grounded) for 8 after 0.1m / 0.00s of travel.
[  8064   43.802 x1.00] LOG  [HitReactTrace] asked for 'HitReact_Light_2Leg' (0.50s, clip start 0.35s): playing it, blend resolved after 23 ms, state 1.21s long at speed 1.00, now at 0.37s, layer weight 1.00, animator.speed 1.00.
[  8156   44.259 x1.00] LOG  [OniBoss] Attack → Recovery
[  8156   44.259 x1.00] LOG  [OniBoss] Playing animation: Watch
[  8156   44.259 x1.00] LOG  [OniBoss:Trail] trail END at clip 0.99, fading over 0.40s.
[  8156   44.259 x1.00] LOG  [OniBoss:Strike] Club_Swing: club tip closest to Yoru at 1.37m, clip position 0.91 | damage fires at 0.42 | clip 0.84s => damage fires 411 ms BEFORE the club is closest
[  8178   44.364 x1.00] LOG  [Combat] Combo 2: 20 dmg
[  8178   44.364 x1.00] LOG  [ComboTrace] START step=2 state='Combo2' queued=0 target='OniBoss' at 2.9m
[  8178   44.364 x1.00] LOG  [ComboTrace] LAUNCH OniBoss at 1.6m dist=1.62m in 0.16s
[  8188   44.410 x1.00] LOG  [OniBoss] Recovery → Attack
[  8188   44.410 x1.00] LOG  [OniBoss] Attack: ClubSwing2 (16 dmg)
[  8188   44.410 x1.00] LOG  [OniBoss:Trail] ClubSwing2 trail START at clip 1.00 (transition still blending).
[  8212   44.525 x1.00] LOG  [ComboTrace] LAUNCH RESULT wanted=1.62m actually moved=0.90m, completed
[  8223   44.588 x1.00] LOG  [Combat] Queued click #1 (combo 2)
[  8223   44.588 x1.00] LOG  [ComboTrace] QUEUED #1 during step 2
[  8256   44.743 x1.00] LOG  [CameraGameFeel] Shake: intensity=0.20 duration=0.250s
[  8256   44.743 x1.00] LOG  [Peach] light hit 20 dmg: 2 bites. 7/16 bites = 1.75 of 4 peaches
[  8256   44.743 x1.00] LOG  [Momentum] light hit inside the 1.0s grace, no cost (count 1)
[  8256   44.743 x1.00] LOG  [Combat] Combo memory: light hit, keeping step 2
[  8256   44.743 x1.00] LOG  [Combat] Hit react: HitReact_Light_2Leg (0.5s, clip starts at 0.35s)
[  8256   44.743 x1.00] LOG  [CameraGameFeel] Shake: intensity=0.30 duration=0.200s
[  8256   44.743 x1.00] LOG  [CameraGameFeel] FOV punch: player damage (-2.0°)
[  8256   44.743 x1.00] LOG  [OniBoss] Hit player for 20 (ClubSwing2) [combo x1.25]
[  8256   44.743 x1.00] LOG  [OniBoss:Touch] ClubSwing2: club TOUCHED Yoru at clip 0.28, shaft 0.59m from her body line, head 0.50 along the club, tip 1.51m up, tip speed 94m/s, ONE FRAME EARLY (predicted). Full club hit delivered this frame.
[  8257   44.749 x1.00] LOG  [HitReactTrace] asked for 'HitReact_Light_2Leg' (0.50s, clip start 0.35s): NOT playing it, another state took the combat layer, blend resolved after 6 ms, state 1.28s long at speed 1.60, now at 0.38s, layer weight 1.00, animator.speed 1.00.
[  8268   44.791 x1.00] LOG  [OniBoss:ClubPos] ClubSwing2 at strike: club tip 0.12m up, 1.74m in front, 2.50m to his right (3.05m out from his centre). Club faces 8deg from his forward, pitch -0.88. (the ground wave is born 1.6m in front of him at 0.35m.)
[  8268   44.791 x1.00] LOG  [OniBoss:Layer] ClubSwing2: club already hit — ground wave released as VISUAL only (0 damage).
[  8369   45.292 x1.00] LOG  [Combat] Combo 3: 35 dmg
[  8369   45.292 x1.00] LOG  [ComboTrace] START step=3 state='Combo3' queued=0 target='OniBoss' at 2.0m
[  8369   45.292 x1.00] LOG  [ComboTrace] LAUNCH OniBoss at 0.8m dist=0.83m in 0.13s
[  8369   45.292 x1.00] LOG  [YoruVFX] Ground hazard: 'VFX_Void_Area_GroundSpinYORU' laid at GroundVFX ((487.22, 0.05, 399.49)), floor tilt 0.0 deg, 17 delays shifted by 2.00s, own lifetime 8.98s
[  8369   45.292 x1.00] LOG  [Combat] Hazard zone tick: OniBoss for 25
[  8369   45.292 x1.00] LOG  [Combat] Hazard zone laid: 8.98s, 25 dmg every 0.50s in 2.00m
[  8381   45.355 x1.00] LOG  OniBoss took 37 damage. HP: 2045/2500
[  8381   45.355 x1.00] LOG  [OniBoss] Attack → Stagger
[  8381   45.355 x1.00] LOG  [OniBoss] Playing animation: Stagger
[  8381   45.355 x1.00] LOG  [OniBoss] STAGGERED for 2.5s
[  8381   45.355 x1.00] LOG  [OniBoss:Layer] heavy knock-back react (37 dmg) → 'HitReact_Heavy', down for 1.80s
[  8381   45.355 x1.00] LOG  [OniReactTrace] #5 HEAVY (0 dmg) asked for 'HitReact_Heavy': crossfade 0.08s, animator speed 1.35, world x1.00
[  8381   45.355 x1.00] LOG  [Momentum] 1 -> 2 (hit), speed x1.10, damage x1.10, impact x1.10
[  8381   45.355 x1.00] LOG  [CameraGameFeel] Shake: intensity=0.06 duration=0.080s
[  8381   45.355 x1.00] LOG  [CameraGameFeel] Shake: intensity=0.55 duration=0.200s
[  8381   45.355 x1.00] LOG  [CameraGameFeel] FOV punch: hit light (+1.5°)
[  8381   45.355 x1.00] LOG  [OniBoss:Strike] ClubSwing2: club tip closest to Yoru at 1.28m, clip position 0.30 | damage fires at 0.32 | clip 1.17s => MATCHED (within one or two frames)
[  8382   45.361 x1.00] LOG  [OniBoss:Trail] trail END at clip 0.81, fading over 0.40s.
[  8382   45.361 x1.00] LOG  [OniReactTrace] #5 +0.01s state SOMETHING ELSE, clip on his bones 'Take 001' weight 1.00, blending INTO 'HitReact_Heavy', layer weight 1.00, animator speed 0.00, world x1.00, engine Stagger
[  8395   45.425 x1.00] LOG  [ComboTrace] LAUNCH RESULT wanted=0.83m actually moved=0.12m, completed
[  8401   45.458 x1.00] LOG  [OniReactTrace] #5 +0.10s state 'HitReact_Heavy' at 5 % of its 1.11s, clip on his bones 'Take 001' weight 1.00, layer weight 1.00, animator speed 1.35, world x1.00, engine Stagger
[  8413   45.516 x1.00] LOG  [ComboTrace] CLICK IGNORED (step=3 queued=0)
[  8431   45.609 x1.00] LOG  [OniReactTrace] #5 +0.25s state 'HitReact_Heavy' at 19 % of its 1.11s, clip on his bones 'Take 001' weight 1.00, layer weight 1.00, animator speed 1.35, world x1.00, engine Stagger
[  8457   45.758 x1.00] LOG  [ComboTrace] CLICK IGNORED (step=3 queued=0)
[  8462   45.796 x1.00] LOG  [Combat] Hazard zone tick: OniBoss for 25
[  8464   45.810 x1.00] LOG  [OniReactTrace] #5 +0.45s state 'HitReact_Heavy' at 37 % of its 1.11s, clip on his bones 'Take 001' weight 1.00, layer weight 1.00, animator speed 1.35, world x1.00, engine Stagger
[  8516   46.058 x1.00] LOG  [OniReactTrace] #5 +0.70s state 'HitReact_Heavy' at 59 % of its 1.11s, clip on his bones 'Take 001' weight 1.00, layer weight 1.00, animator speed 1.35, world x1.00, engine Stagger
[  8523   46.096 x1.00] LOG  [ComboTrace] END step=3 clipProgress=0.96 clipLen=0.79s queued=0 elapsed=0.80s
[  8563   46.298 x1.00] LOG  [Combat] Hazard zone tick: OniBoss for 25
[  8564   46.308 x1.00] LOG  [OniReactTrace] #5 +0.95s state 'HitReact_Heavy' at 82 % of its 1.11s, clip on his bones 'Take 001' weight 1.00, layer weight 1.00, animator speed 1.35, world x1.00, engine Stagger
[  8564   46.308 x1.00] LOG  [OniReactTrace] #5 HEAVY verdict: played to 82 % of the clip, so the reaction IS on screen and what is missing is movement inside the clip itself
[  8627   46.634 x1.00] LOG  [Combat] Combo 1: 10 dmg
[  8627   46.634 x1.00] LOG  [ComboTrace] START step=1 state='Combo1' queued=0 target='OniBoss' at 2.8m
[  8627   46.634 x1.00] LOG  [ComboTrace] LAUNCH OniBoss at 1.5m dist=1.51m in 0.15s
[  8656   46.788 x1.00] LOG  [ComboTrace] LAUNCH RESULT wanted=1.51m actually moved=0.78m, completed
[  8658   46.802 x1.00] LOG  [Combat] Hazard zone tick: OniBoss for 25
[  8691   46.952 x1.00] LOG  [Combat] Queued click #1 (combo 1)
[  8691   46.952 x1.00] LOG  [ComboTrace] QUEUED #1 during step 1
[  8711   47.068 x1.00] LOG  OniBoss punish window! 11 → 16 (x1.5)
[  8711   47.068 x1.00] LOG  OniBoss took 16 damage. HP: 1954/2500
[  8711   47.068 x1.00] LOG  [Momentum] 2 -> 3 (hit), speed x1.15, damage x1.15, impact x1.15
[  8711   47.068 x1.00] LOG  [CameraGameFeel] Shake: intensity=0.06 duration=0.080s
[  8711   47.068 x1.00] LOG  [Combat] Hit OniBoss for 11
[  8711   47.068 x1.00] LOG  [CameraGameFeel] Shake: intensity=0.58 duration=0.200s
[  8711   47.068 x1.00] LOG  [CameraGameFeel] FOV punch: hit light (+1.5°)
[  8728   47.158 x1.00] LOG  [OniBoss] Stagger → Chase
[  8729   47.162 x1.00] LOG  [OniBoss] Playing animation: Idle
[  8729   47.162 x1.00] LOG  [OniBoss] Combo started: ClubSwing1 → ClubSwing2 → ClubSlam (3 steps remaining)
[  8729   47.162 x1.00] LOG  [OniBoss] Chase → Attack
[  8729   47.162 x1.00] LOG  [OniBoss] Attack: Club_Swing (16 dmg)
[  8729   47.162 x1.00] LOG  [OniBoss:Trail] Club_Swing trail START at clip 1.00 (transition done).
[  8734   47.191 x1.00] LOG  [Combat] Queued click #2 (combo 1)
[  8734   47.191 x1.00] LOG  [ComboTrace] QUEUED #2 during step 1
[  8738   47.212 x1.00] LOG  🐾 VFX_AttackPaw triggered!
[  8757   47.318 x1.00] LOG  [Combat] Combo 2: 20 dmg
[  8757   47.318 x1.00] LOG  [ComboTrace] START step=2 state='Combo2' queued=1 target='OniBoss' at 2.9m
[  8757   47.318 x1.00] LOG  [ComboTrace] LAUNCH OniBoss at 1.6m dist=1.62m in 0.16s
[  8776   47.416 x1.00] LOG  [ComboTrace] CLICK DROPPED by attackCooldown (0.10s, 0.10s since last attack) step=2
[  8788   47.477 x1.00] LOG  [ComboTrace] LAUNCH RESULT wanted=1.62m actually moved=0.90m, completed
[  8796   47.519 x1.00] LOG  [OniBoss:ClubPos] Club_Swing at strike: club tip 3.02m up, 2.66m in front, -2.87m to his right (3.91m out from his centre). Club faces -79deg from his forward, pitch 0.40. (the ground wave is born 1.6m in front of him at 0.35m.)
[  8796   47.519 x1.00] LOG  [OniBoss:Layer] Club_Swing: club has not connected — ground wave released ARMED, 1.6m in front, 12m/s x 6.0m = 0.50s, carrying 8 (half of the club's 16).
[  8797   47.523 x1.00] LOG  [Peach] light hit 8 dmg: 1 bite. 6/16 bites = 1.5 of 4 peaches
[  8797   47.523 x1.00] LOG  [Momentum] 3 -> 1 (light hit taken, 50% = -2), speed x1.05, damage x1.05, impact x1.05
[  8797   47.523 x1.00] LOG  [Combat] Combo memory: light hit, keeping step 2
[  8797   47.523 x1.00] LOG  [Combat] Hit react: HitReact_Light_2Leg (0.5s, clip starts at 0.35s)
[  8797   47.523 x1.00] LOG  [CameraGameFeel] Shake: intensity=0.30 duration=0.200s
[  8797   47.523 x1.00] LOG  [CameraGameFeel] FOV punch: player damage (-2.0°)
[  8797   47.523 x1.00] LOG  [OniBoss:Wave] wave TOUCHED Yoru (grounded) for 8 after 0.1m / 0.00s of travel.
[  8802   47.548 x1.00] LOG  [HitReactTrace] asked for 'HitReact_Light_2Leg' (0.50s, clip start 0.35s): playing it, blend resolved after 25 ms, state 1.21s long at speed 1.00, now at 0.37s, layer weight 1.00, animator.speed 1.00.
[  8893   47.998 x1.00] LOG  [OniBoss] Attack → Recovery
[  8893   47.998 x1.00] LOG  [OniBoss] Playing animation: Watch
[  8893   47.998 x1.00] LOG  [OniBoss:Trail] trail END at clip 0.99, fading over 0.40s.
[  8893   47.998 x1.00] LOG  [OniBoss:Strike] Club_Swing: club tip closest to Yoru at 0.48m, clip position 0.91 | damage fires at 0.42 | clip 0.84s => damage fires 411 ms BEFORE the club is closest
[  8903   48.054 x1.00] LOG  [Combat] Combo 3: 35 dmg
[  8903   48.054 x1.00] LOG  [ComboTrace] START step=3 state='Combo3' queued=0 target='OniBoss' at 2.0m
[  8903   48.054 x1.00] LOG  [ComboTrace] LAUNCH OniBoss at 0.8m dist=0.83m in 0.13s
[  8903   48.054 x1.00] LOG  [YoruVFX] Ground hazard: 'VFX_Void_Area_GroundSpinYORU' laid at GroundVFX ((488.36, 0.05, 398.10)), floor tilt 0.0 deg, 17 delays shifted by 2.00s, own lifetime 8.98s
[  8903   48.054 x1.00] LOG  [Combat] Hazard zone tick: OniBoss for 25
[  8903   48.054 x1.00] LOG  [Combat] Hazard zone laid: 8.98s, 25 dmg every 0.50s in 2.00m
[  8914   48.117 x1.00] LOG  OniBoss took 37 damage. HP: 1892/2500
[  8914   48.117 x1.00] LOG  [OniBoss] Recovery → Stagger
[  8914   48.117 x1.00] LOG  [OniBoss] Playing animation: Stagger
[  8914   48.117 x1.00] LOG  [OniBoss] STAGGERED for 2.5s
[  8914   48.117 x1.00] LOG  [OniBoss:Layer] heavy knock-back react (37 dmg) → 'HitReact_Heavy', down for 1.80s
[  8914   48.117 x1.00] LOG  [OniReactTrace] #6 HEAVY (0 dmg) asked for 'HitReact_Heavy': crossfade 0.08s, animator speed 1.35, world x1.00
[  8914   48.117 x1.00] LOG  [Momentum] 1 -> 2 (hit), speed x1.10, damage x1.10, impact x1.10
[  8914   48.117 x1.00] LOG  [CameraGameFeel] Shake: intensity=0.06 duration=0.080s
[  8914   48.117 x1.00] LOG  [CameraGameFeel] Shake: intensity=0.55 duration=0.200s
[  8914   48.117 x1.00] LOG  [CameraGameFeel] FOV punch: hit light (+1.5°)
[  8915   48.123 x1.00] LOG  [OniReactTrace] #6 +0.01s state SOMETHING ELSE, clip on his bones '?' weight 0.00, blending INTO 'HitReact_Heavy', layer weight 1.00, animator speed 0.00, world x1.00, engine Stagger
[  8925   48.179 x1.00] LOG  [ComboTrace] LAUNCH RESULT wanted=0.83m actually moved=0.09m, completed
[  8933   48.219 x1.00] LOG  [OniReactTrace] #6 +0.10s state 'HitReact_Heavy' at 5 % of its 1.11s, clip on his bones 'Take 001' weight 1.00, layer weight 1.00, animator speed 1.35, world x1.00, engine Stagger
[  8938   48.251 x1.00] LOG  [ComboTrace] CLICK IGNORED (step=3 queued=0)
[  8961   48.368 x1.00] LOG  [OniReactTrace] #6 +0.25s state 'HitReact_Heavy' at 18 % of its 1.11s, clip on his bones 'Take 001' weight 1.00, layer weight 1.00, animator speed 1.35, world x1.00, engine Stagger
[  8968   48.410 x1.00] LOG  [ComboTrace] CLICK IGNORED (step=3 queued=0)
[  8994   48.558 x1.00] LOG  [Combat] Hazard zone tick: OniBoss for 25
[  8995   48.567 x1.00] LOG  [OniReactTrace] #6 +0.45s state 'HitReact_Heavy' at 36 % of its 1.11s, clip on his bones 'Take 001' weight 1.00, layer weight 1.00, animator speed 1.35, world x1.00, engine Stagger
[  8999   48.585 x1.00] LOG  [ComboTrace] CLICK IGNORED (step=3 queued=0)
[  9039   48.788 x1.00] LOG  [ComboTrace] CLICK IGNORED (step=3 queued=0)
[  9045   48.819 x1.00] LOG  [OniReactTrace] #6 +0.70s state 'HitReact_Heavy' at 59 % of its 1.11s, clip on his bones 'Take 001' weight 1.00, layer weight 1.00, animator speed 1.35, world x1.00, engine Stagger
[  9054   48.864 x1.00] LOG  [ComboTrace] END step=3 clipProgress=0.96 clipLen=0.79s queued=0 elapsed=0.81s
[  9084   49.009 x1.00] LOG  [Combat] Combo 1: 10 dmg
[  9084   49.009 x1.00] LOG  [ComboTrace] START step=1 state='Combo1' queued=0 target='OniBoss' at 2.8m
[  9084   49.009 x1.00] LOG  [ComboTrace] LAUNCH OniBoss at 1.5m dist=1.54m in 0.15s
[  9094   49.060 x1.00] LOG  [Combat] Hazard zone tick: OniBoss for 25
[  9096   49.068 x1.00] LOG  [OniReactTrace] #6 +0.95s state 'HitReact_Heavy' at 81 % of its 1.11s, clip on his bones 'Take 001' weight 1.00, layer weight 1.00, animator speed 1.35, world x1.00, engine Stagger
[  9096   49.068 x1.00] LOG  [OniReactTrace] #6 HEAVY verdict: played to 81 % of the clip, so the reaction IS on screen and what is missing is movement inside the clip itself
[  9115   49.163 x1.00] LOG  [ComboTrace] LAUNCH RESULT wanted=1.54m actually moved=0.81m, completed
[  9137   49.261 x1.00] LOG  [Combat] Queued click #1 (combo 1)
[  9137   49.261 x1.00] LOG  [ComboTrace] QUEUED #1 during step 1
[  9173   49.438 x1.00] LOG  OniBoss punish window! 11 → 16 (x1.5)
[  9173   49.438 x1.00] LOG  OniBoss took 16 damage. HP: 1826/2500
[  9173   49.438 x1.00] LOG  [Momentum] 2 -> 3 (hit), speed x1.15, damage x1.15, impact x1.15
[  9173   49.438 x1.00] LOG  [CameraGameFeel] Shake: intensity=0.06 duration=0.080s
[  9173   49.438 x1.00] LOG  [Combat] Hit OniBoss for 11
[  9173   49.438 x1.00] LOG  [CameraGameFeel] Shake: intensity=0.58 duration=0.200s
[  9173   49.438 x1.00] LOG  [CameraGameFeel] FOV punch: hit light (+1.5°)
[  9180   49.479 x1.00] LOG  [Combat] Queued click #2 (combo 1)
[  9180   49.479 x1.00] LOG  [ComboTrace] QUEUED #2 during step 1
[  9202   49.592 x1.00] LOG  🐾 VFX_AttackPaw triggered!
[  9214   49.665 x1.00] LOG  [ComboTrace] CLICK IGNORED (step=1 queued=2)
[  9220   49.693 x1.00] LOG  [Combat] Combo 2: 20 dmg
[  9220   49.693 x1.00] LOG  [ComboTrace] START step=2 state='Combo2' queued=1 target='OniBoss' at 2.9m
[  9220   49.693 x1.00] LOG  [ComboTrace] LAUNCH OniBoss at 1.6m dist=1.62m in 0.16s
[  9233   49.764 x1.00] WARN The referenced script on this Behaviour (Game Object '<null>') is missing!
[  9233   49.764 x1.00] WARN The referenced script on this Behaviour (Game Object 'Lightning Light') is missing!
[  9233   49.764 x1.00] WARN The referenced script on this Behaviour (Game Object 'Lightning Light') is missing!
[  9250   49.863 x1.00] LOG  [ComboTrace] LAUNCH RESULT wanted=1.62m actually moved=0.90m, completed
[  9251   49.867 x1.00] LOG  [Combat] Queued click #2 (combo 2)
[  9251   49.867 x1.00] LOG  [ComboTrace] QUEUED #2 during step 2
[  9262   49.920 x1.00] LOG  [OniBoss] Stagger → Chase
[  9263   49.929 x1.00] LOG  [OniBoss] Playing animation: Idle
[  9263   49.929 x1.00] LOG  [OniBoss] Combo started: swing1-2 (2 steps remaining)
[  9263   49.929 x1.00] LOG  [OniBoss] Chase → Attack
[  9263   49.929 x1.00] LOG  [OniBoss] Attack: Club_Swing (16 dmg)
[  9263   49.929 x1.00] LOG  [OniBoss:Trail] Club_Swing trail START at clip 1.00 (transition done).
[  9286   50.088 x1.00] LOG  [ComboTrace] CLICK IGNORED (step=2 queued=2)
[  9307   50.243 x1.00] LOG  🐾🐾 VFX_TowPaw triggered!
[  9309   50.257 x1.00] LOG  OniBoss took 23 damage. HP: 1803/2500
[  9309   50.257 x1.00] LOG  [OniBoss] 🤕 Hit during Attack — flash only
[  9309   50.257 x1.00] LOG  [Momentum] 3 -> 4 (hit), speed x1.20, damage x1.20, impact x1.20
[  9309   50.257 x1.00] LOG  [CameraGameFeel] Shake: intensity=0.06 duration=0.080s
[  9309   50.257 x1.00] LOG  [Combat] Hit OniBoss for 23
[  9309   50.257 x1.00] LOG  [CameraGameFeel] Shake: intensity=0.60 duration=0.200s
[  9309   50.257 x1.00] LOG  [CameraGameFeel] FOV punch: hit light (+1.5°)
[  9320   50.313 x1.00] LOG  [ComboTrace] CLICK IGNORED (step=2 queued=2)
[  9324   50.329 x1.00] LOG  [OniBoss:ClubPos] Club_Swing at strike: club tip 3.02m up, 2.67m in front, -2.87m to his right (3.91m out from his centre). Club faces -79deg from his forward, pitch 0.40. (the ground wave is born 1.6m in front of him at 0.35m.)
[  9324   50.329 x1.00] LOG  [OniBoss:Layer] Club_Swing: club has not connected — ground wave released ARMED, 1.6m in front, 12m/s x 6.0m = 0.50s, carrying 8 (half of the club's 16).
[  9325   50.333 x1.00] LOG  [Peach] light hit 8 dmg: 1 bite. 5/16 bites = 1.25 of 4 peaches
[  9325   50.333 x1.00] LOG  [Momentum] 4 -> 2 (light hit taken, 50% = -2), speed x1.10, damage x1.10, impact x1.10
[  9325   50.333 x1.00] LOG  [Combat] Combo memory: light hit, keeping step 2
[  9325   50.333 x1.00] LOG  [Combat] Hit react: HitReact_Light_2Leg (0.5s, clip starts at 0.35s)
[  9325   50.333 x1.00] LOG  [CameraGameFeel] Shake: intensity=0.30 duration=0.200s
[  9325   50.333 x1.00] LOG  [CameraGameFeel] FOV punch: player damage (-2.0°)
[  9325   50.333 x1.00] LOG  [OniBoss:Wave] wave TOUCHED Yoru (grounded) for 8 after 0.1m / 0.00s of travel.
[  9329   50.359 x1.00] LOG  [HitReactTrace] asked for 'HitReact_Light_2Leg' (0.50s, clip start 0.35s): playing it, blend resolved after 26 ms, state 1.21s long at speed 1.00, now at 0.37s, layer weight 1.00, animator.speed 1.00.
[  9419   50.813 x1.00] LOG  [OniBoss] Attack → Recovery
[  9419   50.813 x1.00] LOG  [OniBoss] Playing animation: Watch
[  9419   50.813 x1.00] LOG  [OniBoss:Trail] trail END at clip 1.00, fading over 0.40s.
[  9419   50.813 x1.00] LOG  [OniBoss:Strike] Club_Swing: club tip closest to Yoru at 0.83m, clip position 0.91 | damage fires at 0.42 | clip 0.84s => damage fires 410 ms BEFORE the club is closest
[  9449   50.967 x1.00] LOG  [OniBoss] Recovery → Attack
[  9449   50.967 x1.00] LOG  [OniBoss] Attack: ClubSwing2 (16 dmg)
[  9449   50.967 x1.00] LOG  [OniBoss:Trail] ClubSwing2 trail START at clip 1.00 (transition still blending).
[  9453   50.983 x1.00] LOG  [Combat] Combo 3: 35 dmg
[  9453   50.983 x1.00] LOG  [ComboTrace] START step=3 state='Combo3' queued=0 target='OniBoss' at 2.3m
[  9453   50.983 x1.00] LOG  [ComboTrace] LAUNCH OniBoss at 1.1m dist=1.12m in 0.13s
[  9453   50.983 x1.00] LOG  [YoruVFX] Ground hazard: 'VFX_Void_Area_GroundSpinYORU' laid at GroundVFX ((489.55, 0.05, 396.66)), floor tilt 0.0 deg, 17 delays shifted by 2.00s, own lifetime 8.98s
[  9453   50.983 x1.00] LOG  [Combat] Hazard zone tick: OniBoss for 25
[  9453   50.983 x1.00] LOG  [Combat] Hazard zone laid: 8.98s, 25 dmg every 0.50s in 2.00m
[  9464   51.044 x1.00] LOG  OniBoss took 38 damage. HP: 1740/2500
[  9464   51.044 x1.00] LOG  [OniBoss] Attack → Stagger
[  9464   51.044 x1.00] LOG  [OniBoss] Playing animation: Stagger
[  9464   51.044 x1.00] LOG  [OniBoss] STAGGERED for 2.5s
[  9464   51.044 x1.00] LOG  [OniBoss:Layer] heavy knock-back react (38 dmg) → 'HitReact_Heavy', down for 1.80s
[  9464   51.044 x1.00] LOG  [OniReactTrace] #7 HEAVY (0 dmg) asked for 'HitReact_Heavy': crossfade 0.08s, animator speed 1.35, world x1.00
[  9464   51.044 x1.00] LOG  [Momentum] 2 -> 3 (hit), speed x1.15, damage x1.15, impact x1.15
[  9464   51.044 x1.00] LOG  [CameraGameFeel] Shake: intensity=0.06 duration=0.080s
[  9464   51.044 x1.00] LOG  [CameraGameFeel] Shake: intensity=0.58 duration=0.200s
[  9464   51.044 x1.00] LOG  [CameraGameFeel] FOV punch: hit light (+1.5°)
[  9465   51.050 x1.00] LOG  [OniBoss:Trail] trail END at clip 1.00, fading over 0.40s.
[  9465   51.050 x1.00] LOG  [OniReactTrace] #7 +0.01s state SOMETHING ELSE, clip on his bones '?' weight 0.00, blending INTO 'HitReact_Heavy', layer weight 1.00, animator speed 0.00, world x1.00, engine Stagger
[  9477   51.117 x1.00] LOG  [ComboTrace] LAUNCH RESULT wanted=1.12m actually moved=0.58m, completed
[  9484   51.149 x1.00] LOG  [OniReactTrace] #7 +0.10s state 'HitReact_Heavy' at 5 % of its 1.11s, clip on his bones 'Take 001' weight 1.00, layer weight 1.00, animator speed 1.35, world x1.00, engine Stagger
[  9495   51.214 x1.00] LOG  [ComboTrace] CLICK IGNORED (step=3 queued=0)
[  9511   51.299 x1.00] LOG  [OniReactTrace] #7 +0.25s state 'HitReact_Heavy' at 18 % of its 1.11s, clip on his bones 'Take 001' weight 1.00, layer weight 1.00, animator speed 1.35, world x1.00, engine Stagger
[  9532   51.421 x1.00] LOG  [ComboTrace] CLICK IGNORED (step=3 queued=0)
[  9542   51.495 x1.00] LOG  [OniReactTrace] #7 +0.45s state 'HitReact_Heavy' at 36 % of its 1.11s, clip on his bones 'Take 001' weight 1.00, layer weight 1.00, animator speed 1.35, world x1.00, engine Stagger
[  9567   51.627 x1.00] LOG  [ComboTrace] CLICK IGNORED (step=3 queued=0)
[  9591   51.749 x1.00] LOG  [OniReactTrace] #7 +0.70s state 'HitReact_Heavy' at 59 % of its 1.11s, clip on his bones 'Take 001' weight 1.00, layer weight 1.00, animator speed 1.35, world x1.00, engine Stagger
[  9598   51.794 x1.00] LOG  [ComboTrace] END step=3 clipProgress=0.96 clipLen=0.79s queued=0 elapsed=0.81s
[  9610   51.854 x1.00] LOG  🚶 2-LEG JUMP
[  9610   51.854 x1.00] LOG  🐾 Jump 1 VFX spawned!
[  9638   51.999 x1.00] LOG  [OniReactTrace] #7 +0.95s state 'HitReact_Heavy' at 81 % of its 1.11s, clip on his bones 'Take 001' weight 1.00, layer weight 1.00, animator speed 1.35, world x1.00, engine Stagger
[  9638   51.999 x1.00] LOG  [OniReactTrace] #7 HEAVY verdict: played to 81 % of the clip, so the reaction IS on screen and what is missing is movement inside the clip itself
[  9679   52.209 x1.00] LOG  [ComboTrace] LAUNCH OniBoss at 1.1m dist=1.10m in 0.13s [AIRBORNE]
[  9679   52.209 x1.00] LOG  [Combat] Aerial spin, 25 dmg
[  9679   52.209 x1.00] LOG  [YoruVFX] Air spin: 'VFX_Void_Burst_AirSpinYoru' at CenterVFX, 46 systems, longest 1.00s fitted to 0.79s at speed 1.27, 8 forced Local, 38 delays zeroed, tail 2.37s
[  9679   52.209 x1.00] LOG  OniBoss punish window! 12 → 18 (x1.5)
[  9679   52.209 x1.00] LOG  OniBoss took 18 damage. HP: 1722/2500
[  9679   52.209 x1.00] LOG  [Momentum] 3 -> 4 (hit), speed x1.20, damage x1.20, impact x1.20
[  9679   52.209 x1.00] LOG  [CameraGameFeel] Shake: intensity=0.06 duration=0.080s
[  9679   52.209 x1.00] LOG  [CameraGameFeel] Shake: intensity=0.60 duration=0.200s
[  9679   52.209 x1.00] LOG  [CameraGameFeel] FOV punch: hit light (+1.5°)
[  9679   52.209 x1.00] LOG  [AirPosePin] engaged, holding body at 1.823m above the transform
[  9701   52.333 x1.00] LOG  [ComboTrace] LAUNCH RESULT wanted=1.10m actually moved=1.17m, completed
[  9705   52.363 x1.00] LOG  OniBoss punish window! 12 → 18 (x1.5)
[  9705   52.363 x1.00] LOG  OniBoss took 18 damage. HP: 1704/2500
[  9705   52.363 x1.00] LOG  [CameraGameFeel] Shake: intensity=0.21 duration=0.200s
[  9729   52.514 x1.00] LOG  OniBoss punish window! 12 → 18 (x1.5)
[  9729   52.514 x1.00] LOG  OniBoss took 18 damage. HP: 1686/2500
[  9729   52.514 x1.00] LOG  [Momentum] 4 -> 5 (hit), speed x1.25, damage x1.25, impact x1.25
[  9729   52.514 x1.00] LOG  [CameraGameFeel] Shake: intensity=0.14 duration=0.080s
[  9729   52.514 x1.00] LOG  [CameraGameFeel] Shake: intensity=0.22 duration=0.200s
[  9774   52.799 x1.00] LOG  💨 Landing VFX spawned!
[  9774   52.799 x1.00] LOG  ✅ LANDED! (was jump #1)
[  9774   52.799 x1.00] LOG  [AirPosePin] released, peak correction was 0.000m
[  9782   52.851 x1.00] LOG  [OniBoss] Stagger → Chase
[  9783   52.856 x1.00] LOG  [OniBoss] Playing animation: Watch
[  9783   52.856 x1.00] LOG  [OniBoss] Combo started: ClubSwing1 → ClubSwing2 → ClubSlam (3 steps remaining)
[  9783   52.856 x1.00] LOG  [OniBoss] Chase → Attack
[  9783   52.856 x1.00] LOG  [OniBoss] Attack: Club_Swing (16 dmg)
[  9783   52.856 x1.00] LOG  [OniBoss:Trail] Club_Swing trail START at clip 1.00 (transition done).
[  9799   52.939 x1.00] LOG  [YoruVFX] Spin VFX stopped, fading for 2.37s
[  9804   52.967 x1.00] LOG  [ComboTrace] END step=3 clipProgress=0.90 clipLen=0.79s queued=0 elapsed=0.76s
[  9841   53.161 x1.00] LOG  🚶 2-LEG JUMP
[  9841   53.161 x1.00] LOG  🐾 Jump 1 VFX spawned!
[  9851   53.213 x1.00] LOG  [OniBoss:ClubPos] Club_Swing at strike: club tip 3.02m up, 2.72m in front, -2.83m to his right (3.93m out from his centre). Club faces -78deg from his forward, pitch 0.40. (the ground wave is born 1.6m in front of him at 0.35m.)
[  9851   53.213 x1.00] LOG  [OniBoss:Layer] Club_Swing: club has not connected — ground wave released ARMED, 1.6m in front, 12m/s x 6.0m = 0.50s, carrying 8 (half of the club's 16).
[  9925   53.574 x1.00] LOG  [ComboTrace] LAUNCH OniBoss at 1.3m dist=1.35m in 0.13s [AIRBORNE]
[  9925   53.574 x1.00] LOG  [Combat] Aerial spin, 25 dmg
[  9925   53.574 x1.00] LOG  [YoruVFX] Air spin: 'VFX_Void_Burst_AirSpinYoru' at CenterVFX, 46 systems, longest 1.00s fitted to 0.79s at speed 1.27, 8 forced Local, 38 delays zeroed, tail 2.37s
[  9925   53.574 x1.00] LOG  OniBoss took 12 damage. HP: 1674/2500
[  9925   53.574 x1.00] LOG  [OniBoss] 🤕 Hit during Attack — flash only
[  9925   53.574 x1.00] LOG  [Momentum] 5 -> 6 (hit), speed x1.30, damage x1.30, impact x1.30
[  9925   53.574 x1.00] LOG  [CameraGameFeel] Shake: intensity=0.06 duration=0.080s
[  9925   53.574 x1.00] LOG  [CameraGameFeel] Shake: intensity=0.65 duration=0.200s
[  9925   53.574 x1.00] LOG  [CameraGameFeel] FOV punch: hit light (+1.5°)
[  9925   53.574 x1.00] LOG  [AirPosePin] engaged, holding body at 2.125m above the transform
[  9950   53.712 x1.00] LOG  [ComboTrace] LAUNCH RESULT wanted=1.35m actually moved=0.77m, completed
[  9951   53.717 x1.00] LOG  [OniBoss:Wave] armed wave expired UNTOUCHED — closest 0.00m to Yoru (hit width 1.60), she was AIRBORNE at the closest moment.
[  9953   53.725 x1.00] LOG  OniBoss took 13 damage. HP: 1661/2500
[  9953   53.725 x1.00] LOG  [OniBoss] 🤕 Hit during Attack — flash only
[  9953   53.725 x1.00] LOG  [CameraGameFeel] Shake: intensity=0.23 duration=0.200s
[  9957   53.750 x1.00] LOG  [OniBoss] Attack → Recovery
[  9957   53.750 x1.00] LOG  [OniBoss] Playing animation: Watch
[  9957   53.750 x1.00] LOG  [OniBoss:Trail] trail END at clip 0.99, fading over 0.40s.
[  9957   53.750 x1.00] LOG  [OniBoss:Touch] Club_Swing: no touch this swing, closest 0.70m at clip 0.39 (head 0.56 along the club), fastest tip 191m/s (radius 0.70, min speed 50, max tip height 2.5m).
[  9957   53.750 x1.00] LOG  [OniBoss:Strike] Club_Swing: club tip closest to Yoru at 1.91m, clip position 0.90 | damage fires at 0.42 | clip 0.84s => damage fires 405 ms BEFORE the club is closest
[  9978   53.875 x1.00] LOG  OniBoss took 13 damage. HP: 1648/2500
[  9978   53.875 x1.00] LOG  [OniBoss] Recovery → HitReact
[  9978   53.875 x1.00] LOG  [OniBoss] HitReact → Stagger
[  9978   53.875 x1.00] LOG  [OniBoss] Playing animation: Stagger
[  9978   53.875 x1.00] LOG  [OniBoss] STAGGERED for 2.5s
[  9978   53.875 x1.00] LOG  [OniBoss:Layer] heavy knock-back react (swirl burst, 3 hits / 38 dmg) → 'HitReact_Heavy', down for 1.80s
[  9978   53.875 x1.00] LOG  [OniReactTrace] #8 HEAVY (0 dmg) asked for 'HitReact_Heavy': crossfade 0.08s, animator speed 1.35, world x1.00
[  9978   53.875 x1.00] LOG  [OniBoss:Layer] burst: 3 hits / 38 dmg inside 0.8s → knock-back + 0.90m push
[  9978   53.875 x1.00] LOG  [Momentum] 6 -> 7 (hit), speed x1.35, damage x1.35, impact x1.35
[  9978   53.875 x1.00] LOG  [CameraGameFeel] Shake: intensity=0.06 duration=0.080s
[  9978   53.875 x1.00] LOG  [CameraGameFeel] Shake: intensity=0.24 duration=0.200s
[  9979   53.881 x1.00] LOG  [OniReactTrace] #8 +0.01s state SOMETHING ELSE, clip on his bones '?' weight 0.00, blending INTO 'HitReact_Heavy', layer weight 1.00, animator speed 1.35, world x1.00, engine Stagger
[  9995   53.979 x1.00] LOG  [OniReactTrace] #8 +0.10s state 'HitReact_Heavy' at 9 % of its 1.11s, clip on his bones 'Take 001' weight 1.00, layer weight 1.00, animator speed 1.35, world x1.00, engine Stagger
[ 10003   54.027 x1.00] LOG  OniBoss punish window! 14 → 21 (x1.5)
[ 10003   54.027 x1.00] LOG  OniBoss took 21 damage. HP: 1627/2500
[ 10003   54.027 x1.00] LOG  [CameraGameFeel] Shake: intensity=0.24 duration=0.200s
[ 10012   54.091 x1.00] LOG  💨 Landing VFX spawned!
[ 10012   54.091 x1.00] LOG  ✅ LANDED! (was jump #1)
[ 10012   54.091 x1.00] LOG  [AirPosePin] released, peak correction was 0.000m
[ 10020   54.130 x1.00] LOG  [OniReactTrace] #8 +0.25s state 'HitReact_Heavy' at 22 % of its 1.11s, clip on his bones 'Take 001' weight 1.00, layer weight 1.00, animator speed 1.35, world x1.00, engine Stagger
[ 10051   54.312 x1.00] LOG  [YoruVFX] Spin VFX stopped, fading for 2.37s
[ 10055   54.329 x1.00] LOG  [OniReactTrace] #8 +0.45s state 'HitReact_Heavy' at 40 % of its 1.11s, clip on his bones 'Take 001' weight 1.00, layer weight 1.00, animator speed 1.35, world x1.00, engine Stagger
[ 10056   54.333 x1.00] LOG  [ComboTrace] END step=3 clipProgress=0.90 clipLen=0.79s queued=0 elapsed=0.76s
[ 10101   54.575 x1.00] LOG  [OniReactTrace] #8 +0.70s state 'HitReact_Heavy' at 63 % of its 1.11s, clip on his bones 'Take 001' weight 1.00, layer weight 1.00, animator speed 1.35, world x1.00, engine Stagger
[ 10150   54.829 x1.00] LOG  [OniReactTrace] #8 +0.95s state 'HitReact_Heavy' at 85 % of its 1.11s, clip on his bones 'Take 001' weight 1.00, layer weight 1.00, animator speed 1.35, world x1.00, engine Stagger
[ 10150   54.829 x1.00] LOG  [OniReactTrace] #8 HEAVY verdict: played to 85 % of the clip, so the reaction IS on screen and what is missing is movement inside the clip itself
[ 10261   55.400 x1.00] LOG  [Combat] Dodge: Dodge_4Leg (3m, 4leg)
[ 10261   55.400 x1.00] LOG  [AirPosePin] engaged, holding body at 0.664m above the transform
[ 10317   55.680 x1.00] LOG  [OniBoss] Stagger → Chase
[ 10318   55.684 x1.00] LOG  [OniBoss] Pull-band decision: RUN-IN (dist 6.0m, pullRange 0m, chance 0.50)
[ 10318   55.684 x1.00] LOG  [OniBoss] Playing animation: run
[ 10360   55.911 x1.00] LOG  [Combat] Dodge early exit at 86% (movement input)
[ 10360   55.911 x1.00] LOG  [DodgeTrace] 4leg flip: clip 0.59s, ran 0.52s, asked 3.0m, actually moved 2.61m forward and rose 2.20m at the peak (Dodge Height 1.5), travel never completed (cut short).
[ 10360   55.911 x1.00] LOG  [ComboTrace] move ended, combo kept at step 3, window restarted
[ 10360   55.911 x1.00] LOG  [Combat] Dodge ended
[ 10360   55.911 x1.00] LOG  [AirPosePin] released, peak correction was -0.283m
[ 10377   55.993 x1.00] LOG  💨 Landing VFX spawned!
[ 10377   55.993 x1.00] LOG  ✅ LANDED! (was jump #0)
[ 10457   56.384 x1.00] LOG  [Combat] Dash: DodgeDash_2Leg (4m, 20 dmg, 2leg)
[ 10457   56.384 x1.00] LOG  [YoruVFX] dash trail 'LightningFloorPurpleTrail 1' started, riding with her
[ 10457   56.384 x1.00] LOG  [Combat] Dash movement: 4.0m over 0.40s (Dash Move Duration) = 10.0 m/s
[ 10484   56.526 x1.00] WARN The referenced script on this Behaviour (Game Object '<null>') is missing!
[ 10484   56.526 x1.00] WARN The referenced script on this Behaviour (Game Object 'Lightning Light') is missing!
[ 10484   56.526 x1.00] WARN The referenced script on this Behaviour (Game Object 'Lightning Light') is missing!
[ 10485   56.530 x1.00] LOG  [Momentum] 7 -> 6 (drain), speed x1.30, damage x1.30, impact x1.30
[ 10536   56.784 x1.00] LOG  [Combat] Dash done: ground dash, grounded 79/79 frames, pose pin off, pin correction now 0.000m, manual lift 0.150m, controller height wobble 0.0cm
[ 10536   56.784 x1.00] LOG  [ComboTrace] move ended, combo kept at step 3, window restarted
[ 10536   56.784 x1.00] LOG  [Combat] Dash ended
[ 10579   57.034 x1.00] LOG  [Momentum] 6 -> 5 (drain), speed x1.25, damage x1.25, impact x1.25
[ 10608   57.168 x1.00] LOG  [Combat] Dodge: Dodge_2Leg (4m, 2leg)
[ 10608   57.168 x1.00] LOG  [AirPosePin] engaged, holding body at 0.594m above the transform
[ 10609   57.172 x1.00] LOG  [AirPosePin] released, peak correction was 0.000m
[ 10610   57.176 x1.00] LOG  [AirPosePin] engaged, holding body at 0.595m above the transform
[ 10691   57.540 x1.00] LOG  [Momentum] 5 -> 4 (drain), speed x1.20, damage x1.20, impact x1.20
[ 10713   57.630 x1.00] LOG  [Combat] Dodge early exit at 86% (movement input)
[ 10713   57.630 x1.00] LOG  [DodgeTrace] 2leg flip: clip 0.53s, ran 0.47s, asked 4.0m, actually moved 3.60m forward and rose 1.50m at the peak (Dodge Height 1.5), travel never completed (cut short).
[ 10713   57.630 x1.00] LOG  [ComboTrace] move ended, combo kept at step 3, window restarted
[ 10713   57.630 x1.00] LOG  [Combat] Dodge ended
[ 10713   57.630 x1.00] LOG  [AirPosePin] released, peak correction was -0.034m
[ 10729   57.700 x1.00] LOG  💨 Landing VFX spawned!
[ 10729   57.700 x1.00] LOG  ✅ LANDED! (was jump #0)
[ 10770   57.884 x1.00] LOG  [Combat] Dash: DodgeDash_2Leg (4m, 20 dmg, 2leg)
[ 10770   57.884 x1.00] LOG  [YoruVFX] dash trail 'LightningFloorPurpleTrail 1' started, riding with her
[ 10770   57.884 x1.00] LOG  [Combat] Dash movement: 4.0m over 0.40s (Dash Move Duration) = 10.0 m/s
[ 10803   58.042 x1.00] LOG  [Momentum] 4 -> 3 (drain), speed x1.15, damage x1.15, impact x1.15
[ 10857   58.283 x1.00] LOG  [Combat] Dash done: ground dash, grounded 87/87 frames, pose pin off, pin correction now 0.000m, manual lift 0.150m, controller height wobble 0.0cm
[ 10857   58.283 x1.00] LOG  [ComboTrace] move ended, combo kept at step 3, window restarted
[ 10857   58.283 x1.00] LOG  [Combat] Dash ended
[ 10915   58.550 x1.00] LOG  [Momentum] 3 -> 2 (drain), speed x1.10, damage x1.10, impact x1.10
[ 10978   58.858 x1.00] LOG  🐾 4-LEG JUMP #0
[ 10978   58.858 x1.00] LOG  🐾 Jump 1 VFX spawned!
[ 10989   58.914 x1.00] LOG  [OniBoss] Playing animation: Watch
[ 10989   58.914 x1.00] LOG  [OniBoss] Chase → Attack
[ 10989   58.914 x1.00] LOG  [OniBoss] Attack: ClubSlam (20 dmg)
[ 10989   58.914 x1.00] LOG  [OniBoss:Trail] ClubSlam trail START at clip 1.00 (transition done).
[ 11010   59.024 x1.00] LOG  [ComboTrace] LAUNCH OniBoss at 1.4m dist=1.37m in 0.14s [AIRBORNE]
[ 11010   59.024 x1.00] LOG  [Combat] Aerial spin, 25 dmg
[ 11010   59.024 x1.00] LOG  [YoruVFX] Air spin: 'VFX_Void_Burst_AirSpinYoru' at CenterVFX, 46 systems, longest 1.00s fitted to 0.79s at speed 1.27, 8 forced Local, 38 delays zeroed, tail 2.37s
[ 11010   59.024 x1.00] LOG  OniBoss took 11 damage. HP: 1616/2500
[ 11010   59.024 x1.00] LOG  [OniBoss] 🤕 Hit during Attack — flash only
[ 11010   59.024 x1.00] LOG  [Momentum] 2 -> 3 (hit), speed x1.15, damage x1.15, impact x1.15
[ 11010   59.024 x1.00] LOG  [CameraGameFeel] Shake: intensity=0.06 duration=0.080s
[ 11010   59.024 x1.00] LOG  [CameraGameFeel] Shake: intensity=0.58 duration=0.200s
[ 11010   59.024 x1.00] LOG  [CameraGameFeel] FOV punch: hit light (+1.5°)
[ 11010   59.024 x1.00] LOG  [AirPosePin] engaged, holding body at 0.512m above the transform
[ 11037   59.161 x1.00] LOG  [ComboTrace] LAUNCH RESULT wanted=1.37m actually moved=0.82m, completed
[ 11040   59.176 x1.00] LOG  OniBoss took 12 damage. HP: 1604/2500
[ 11040   59.176 x1.00] LOG  [OniBoss] 🤕 Hit during Attack — flash only
[ 11040   59.176 x1.00] LOG  [CameraGameFeel] Shake: intensity=0.20 duration=0.200s
[ 11067   59.327 x1.00] LOG  OniBoss took 12 damage. HP: 1592/2500
[ 11067   59.327 x1.00] LOG  [OniBoss] 🤕 Hit during Attack — flash only
[ 11067   59.327 x1.00] LOG  [OniBoss] Attack → Stagger
[ 11067   59.327 x1.00] LOG  [OniBoss] Playing animation: Stagger
[ 11067   59.327 x1.00] LOG  [OniBoss] STAGGERED for 2.5s
[ 11067   59.327 x1.00] LOG  [OniBoss:Layer] heavy knock-back react (swirl burst, 3 hits / 35 dmg) → 'HitReact_Heavy', down for 1.80s
[ 11067   59.327 x1.00] LOG  [OniReactTrace] #9 HEAVY (0 dmg) asked for 'HitReact_Heavy': crossfade 0.08s, animator speed 1.35, world x1.00
[ 11067   59.327 x1.00] LOG  [OniBoss:Layer] burst: 3 hits / 35 dmg inside 0.8s → knock-back + 0.90m push
[ 11067   59.327 x1.00] LOG  [Momentum] 3 -> 4 (hit), speed x1.20, damage x1.20, impact x1.20
[ 11067   59.327 x1.00] LOG  [CameraGameFeel] Shake: intensity=0.06 duration=0.080s
[ 11067   59.327 x1.00] LOG  [CameraGameFeel] Shake: intensity=0.21 duration=0.200s
[ 11067   59.327 x1.00] LOG  [OniBoss:Touch] ClubSlam: no touch this swing, closest 1.87m at clip 0.20 (head 0.40 along the club), fastest tip 136m/s (radius 0.70, min speed 50, max tip height 2.5m).
[ 11067   59.327 x1.00] LOG  [OniBoss:Strike] ClubSlam: club tip closest to Yoru at 4.31m, clip position 0.12 | damage fires at 0.85 | clip 0.93s => damage fires 677 ms AFTER the club is closest — it lands once the club has passed her
[ 11068   59.333 x1.00] LOG  [OniBoss:Trail] trail END at clip 0.39, fading over 0.40s.
[ 11068   59.333 x1.00] LOG  [OniReactTrace] #9 +0.01s state SOMETHING ELSE, clip on his bones 'Take 001' weight 0.91, blending INTO 'HitReact_Heavy', layer weight 1.00, animator speed 1.35, world x1.00, engine Stagger
[ 11085   59.429 x1.00] LOG  [OniReactTrace] #9 +0.10s state 'HitReact_Heavy' at 8 % of its 1.11s, clip on his bones 'Take 001' weight 1.00, layer weight 1.00, animator speed 1.35, world x1.00, engine Stagger
[ 11096   59.481 x1.00] LOG  OniBoss punish window! 12 → 18 (x1.5)
[ 11096   59.481 x1.00] LOG  OniBoss took 18 damage. HP: 1574/2500
[ 11096   59.481 x1.00] LOG  [CameraGameFeel] Shake: intensity=0.21 duration=0.200s
[ 11115   59.579 x1.00] LOG  [OniReactTrace] #9 +0.25s state 'HitReact_Heavy' at 22 % of its 1.11s, clip on his bones 'Take 001' weight 1.00, layer weight 1.00, animator speed 1.35, world x1.00, engine Stagger
[ 11127   59.634 x1.00] LOG  OniBoss punish window! 12 → 18 (x1.5)
[ 11127   59.634 x1.00] LOG  OniBoss took 18 damage. HP: 1556/2500
[ 11127   59.634 x1.00] LOG  [Momentum] 4 -> 5 (hit), speed x1.25, damage x1.25, impact x1.25
[ 11127   59.634 x1.00] LOG  [CameraGameFeel] Shake: intensity=0.14 duration=0.080s
[ 11127   59.634 x1.00] LOG  [CameraGameFeel] Shake: intensity=0.22 duration=0.200s
[ 11150   59.755 x1.00] LOG  [YoruVFX] Spin VFX stopped, fading for 2.37s
[ 11155   59.779 x1.00] LOG  [OniReactTrace] #9 +0.45s state 'HitReact_Heavy' at 40 % of its 1.11s, clip on his bones 'Take 001' weight 1.00, layer weight 1.00, animator speed 1.35, world x1.00, engine Stagger
[ 11156   59.783 x1.00] LOG  [ComboTrace] END step=3 clipProgress=0.90 clipLen=0.79s queued=0 elapsed=0.76s
[ 11157   59.790 x1.00] LOG  [AirPosePin] released, peak correction was 0.000m
[ 11158   59.802 x1.00] LOG  💨 Landing VFX spawned!
[ 11158   59.802 x1.00] LOG  ✅ LANDED! (was jump #1)
[ 11209   60.030 x1.00] LOG  [OniReactTrace] #9 +0.70s state 'HitReact_Heavy' at 63 % of its 1.11s, clip on his bones 'Take 001' weight 1.00, layer weight 1.00, animator speed 1.35, world x1.00, engine Stagger
[ 11263   60.280 x1.00] LOG  [OniReactTrace] #9 +0.95s state 'HitReact_Heavy' at 85 % of its 1.11s, clip on his bones 'Take 001' weight 1.00, layer weight 1.00, animator speed 1.35, world x1.00, engine Stagger
[ 11263   60.280 x1.00] LOG  [OniReactTrace] #9 HEAVY verdict: played to 85 % of the clip, so the reaction IS on screen and what is missing is movement inside the clip itself
[ 11418   61.008 x1.00] LOG  🐾⚡ Heavy charge buildup spawned at LeftPawVFX (pos (479.55, 0.55, 391.79)). PS found: True
[ 11418   61.008 x1.00] LOG  [Combat] Charging heavy...
[ 11422   61.024 x1.00] LOG  [Combat] Heavy 1% = 11 dmg
[ 11422   61.024 x1.00] LOG  [ComboTrace] LAUNCH OniBoss at 1.3m dist=1.27m in 0.13s
[ 11422   61.024 x1.00] LOG  🐾⚡ Heavy charge buildup stopped
[ 11422   61.024 x1.00] LOG  🐾⚡ Heavy release VFX spawned at RightPawVFX. PS found: True
[ 11442   61.130 x1.00] LOG  [OniBoss] Stagger → Chase
[ 11443   61.134 x1.00] LOG  [OniBoss] Playing animation: Idle
[ 11443   61.134 x1.00] LOG  [OniBoss] Combo started: ClubSwing1 → ClubSwing2 → ClubSlam (3 steps remaining)
[ 11443   61.134 x1.00] LOG  [OniBoss] Chase → Attack
[ 11443   61.134 x1.00] LOG  [OniBoss] Attack: Club_Swing (16 dmg)
[ 11443   61.134 x1.00] LOG  [OniBoss:Trail] Club_Swing trail START at clip 1.00 (transition done).
[ 11448   61.155 x1.00] LOG  [ComboTrace] LAUNCH RESULT wanted=1.27m actually moved=0.52m, completed
[ 11466   61.231 x1.00] LOG  OniBoss took 14 damage (HEAVY). HP: 1542/2500
[ 11466   61.231 x1.00] LOG  [OniBoss] Attack → Stagger
[ 11466   61.231 x1.00] LOG  [OniBoss] Playing animation: Stagger
[ 11466   61.231 x1.00] LOG  [OniBoss] STAGGERED for 2.5s
[ 11466   61.231 x1.00] LOG  [OniBoss:Layer] heavy knock-back react (14 dmg HEAVY) → 'HitReact_Heavy', down for 1.80s
[ 11466   61.231 x1.00] LOG  [OniReactTrace] #10 HEAVY (0 dmg) asked for 'HitReact_Heavy': crossfade 0.08s, animator speed 1.35, world x1.00
[ 11466   61.231 x1.00] LOG  [Momentum] 5 -> 6 (hit), speed x1.30, damage x1.30, impact x1.30
[ 11466   61.231 x1.00] LOG  [CameraGameFeel] Shake: intensity=0.06 duration=0.080s
[ 11466   61.231 x1.00] LOG  [Combat] Hit OniBoss for 14 (heavy)
[ 11466   61.231 x1.00] LOG  [CameraGameFeel] Shake: intensity=0.98 duration=0.200s
[ 11466   61.231 x1.00] LOG  [CameraGameFeel] FOV punch: hit heavy (+4.0°)
[ 11467   61.237 x1.00] LOG  [OniBoss:Trail] trail END at clip 1.00, fading over 0.40s.
[ 11467   61.237 x1.00] LOG  [OniReactTrace] #10 +0.01s state 'HitReact_Heavy' at 100 % of its 1.11s, clip on his bones 'Take 001' weight 0.10, blending into a DIFFERENT state, layer weight 1.00, animator speed 0.00, world x1.00, engine Stagger
[ 11490   61.334 x1.00] LOG  [OniReactTrace] #10 +0.10s state 'HitReact_Heavy' at 100 % of its Infinitys, clip on his bones '?' weight 0.00, blending INTO 'HitReact_Heavy', layer weight 1.00, animator speed 0.00, world x1.00, engine Stagger
[ 11521   61.481 x1.00] LOG  [OniReactTrace] #10 +0.25s state 'HitReact_Heavy' at 13 % of its 1.11s, clip on his bones 'Take 001' weight 1.00, layer weight 1.00, animator speed 1.35, world x1.00, engine Stagger
[ 11551   61.616 x1.00] LOG  [ComboTrace] END step=0 clipProgress=0.81 clipLen=0.60s queued=0 elapsed=0.59s
[ 11567   61.684 x1.00] LOG  [OniReactTrace] #10 +0.45s state 'HitReact_Heavy' at 31 % of its 1.11s, clip on his bones 'Take 001' weight 1.00, layer weight 1.00, animator speed 1.35, world x1.00, engine Stagger
[ 11618   61.931 x1.00] LOG  [OniReactTrace] #10 +0.70s state 'HitReact_Heavy' at 53 % of its 1.11s, clip on his bones 'Take 001' weight 1.00, layer weight 1.00, animator speed 1.35, world x1.00, engine Stagger
[ 11671   62.182 x1.00] LOG  [OniReactTrace] #10 +0.95s state 'HitReact_Heavy' at 75 % of its 1.11s, clip on his bones 'Take 001' weight 1.00, layer weight 1.00, animator speed 1.35, world x1.00, engine Stagger
[ 11671   62.182 x1.00] LOG  [OniReactTrace] #10 HEAVY verdict: played to 100 % of the clip, so the reaction IS on screen and what is missing is movement inside the clip itself
[ 11759   62.584 x1.00] WARN The referenced script on this Behaviour (Game Object '<null>') is missing!
[ 11759   62.584 x1.00] WARN The referenced script on this Behaviour (Game Object 'Lightning Light') is missing!
[ 11759   62.584 x1.00] WARN The referenced script on this Behaviour (Game Object 'Lightning Light') is missing!
[ 11841   63.031 x1.00] LOG  [OniBoss] Stagger → Chase
[ 11842   63.041 x1.00] LOG  [OniBoss] Playing animation: Watch
[ 11842   63.041 x1.00] LOG  [OniBoss] Chase → Attack
[ 11842   63.041 x1.00] LOG  [OniBoss] Attack: ClubSlam (20 dmg)
[ 11842   63.041 x1.00] LOG  [OniBoss:Trail] ClubSlam trail START at clip 1.00 (transition done).
[ 11910   63.351 x1.00] LOG  [StormWeather] ⚡ strike at (490.69, 45.00, 453.64)
[ 11936   63.467 x1.00] LOG  [CameraGameFeel] Shake: intensity=0.50 duration=0.400s
[ 11936   63.467 x1.00] LOG  [Peach] heavy hit 20 dmg: 3 bites. 2/16 bites = 0.5 of 4 peaches
[ 11936   63.467 x1.00] LOG  [Momentum] 6 -> 0 (heavy hit taken, reset), speed x1.00, damage x1.00, impact x1.00
[ 11936   63.467 x1.00] LOG  [Combat] Hit react: HitReact_Heavy_2Leg (0.9s, clip starts at 0.35s)
[ 11936   63.467 x1.00] LOG  [CameraGameFeel] Shake: intensity=0.60 duration=0.200s
[ 11936   63.467 x1.00] LOG  [CameraGameFeel] FOV punch: player damage (-3.0°)
[ 11936   63.467 x1.00] LOG  [OniBoss] Hit player for 20 (ClubSlam)
[ 11936   63.467 x1.00] LOG  [OniBoss:Touch] ClubSlam: club TOUCHED Yoru at clip 0.46, shaft 0.23m from her body line, head 0.64 along the club, tip 2.40m up, tip speed 100m/s. Full club hit delivered this frame.
[ 11937   63.473 x1.00] LOG  [PeachUI] LOW HEALTH cue ON: 2 bites left, heartbeat 1.00s, bleed on, sound set
[ 11937   63.473 x1.00] LOG  [HitReactTrace] asked for 'HitReact_Heavy_2Leg' (0.90s, clip start 0.35s): NOT playing it, another state took the combat layer, blend resolved after 6 ms, state 1.00s long at speed 1.00, now at 1.85s, layer weight 1.00, animator.speed 1.00.
[ 12008   63.841 x1.00] LOG  [OniBoss:ClubPos] ClubSlam at strike: club tip 0.57m up, 2.90m in front, -0.20m to his right (2.91m out from his centre). Club faces 5deg from his forward, pitch -0.25. (the ground wave is born 1.6m in front of him at 0.35m.)
[ 12008   63.841 x1.00] LOG  [OniBoss:Layer] ClubSlam: club already hit — ground wave released as VISUAL only (0 damage).
[ 12033   63.965 x1.00] LOG  [OniBoss] Attack → Recovery
[ 12033   63.965 x1.00] LOG  [OniBoss] Playing animation: Watch
[ 12033   63.965 x1.00] LOG  [OniBoss:Trail] trail END at clip 0.99, fading over 0.40s.
[ 12033   63.965 x1.00] LOG  [OniBoss:Strike] ClubSlam: club tip closest to Yoru at 0.19m, clip position 0.84 | damage fires at 0.85 | clip 0.93s => MATCHED (within one or two frames)
[ 12062   64.116 x1.00] LOG  [OniBoss] Recovery → Chase
[ 12063   64.121 x1.00] LOG  [OniBoss] hold-ground: BACKSTEP 1.5m (player 2.9m)
[ 12126   64.426 x0.00] LOG  [Pause] screen frozen: 1426 x 802 from screen copy, turned the right way up (Auto), levels 0.14 to 0.54 (measured), world 0.58, blur mip 3.0
[ 12222   64.876 x0.00] LOG  [Pause] paused: world clock was x1.00, screen frozen and blurred, up in 0.45s real
[ 12451   65.957 x0.00] LOG  [StormWeather] terrain layers restored to dry values.
# end — 803 lines
