# Oni combat log — 2026-09-26 16:02:08
# Unity 6000.2.7f2 | scene 'DemoScene_BlueNight' | platform OSXEditor
# columns: [frame realSeconds timeScale] KIND message      (KIND: LOG WARN ERR EXC TEL)
#
[     0    0.000 x1.00] LOG  [OniLog] console + telemetry → /Users/asenahazal/Documents/Yoru/OniLogs/oni_2026-09-26_16-02-08.log
[     1    0.000 x1.00] LOG  [TailAirShot4Leg] Ready. drawState=shoot_4Leg castParam=Shoot4LegSpeed (found) readyFrame=5 fireFrame=10 frames=24 slowBudget=3s real damageMultiplier=2.00
  arrow leaves: PlayerYoru_1.1/Cat_All_10_Tails_v4/Group/DeformationSystem/root/Root_M/Tail15_R/Tail151_R/Tail152_R/Tail153_R/Tail154_R/Tail155_R/Tail156_R/Tail157_R/Tail158_R/Tail159_R/Tail1510_R/Tail1511_R/Tail1512_R/Tail6_R/Tail6_R_end/Tail6_R_end_end/Tail6_R_end_end_end/RightTailTip_Anchor
  aim VFX left:  PlayerYoru_1.1/Cat_All_10_Tails_v4/Group/DeformationSystem/root/Root_M/Tail15_L/Tail151_L/Tail152_L/Tail153_L/Tail154_L/Tail155_L/Tail156_L/Tail157_L/Tail158_L/Tail159_L/Tail1510_L/Tail1511_L/Tail1512_L/Tail6_L/Tail6_L_end/Tail6_L_end_end/Tail6_L_end_end_end/LeftTailTip_Anchor/Glow_4Leg_L
  aim VFX right: PlayerYoru_1.1/Cat_All_10_Tails_v4/Group/DeformationSystem/root/Root_M/Tail15_R/Tail151_R/Tail152_R/Tail153_R/Tail154_R/Tail155_R/Tail156_R/Tail157_R/Tail158_R/Tail159_R/Tail1510_R/Tail1511_R/Tail1512_R/Tail6_R/Tail6_R_end/Tail6_R_end_end/Tail6_R_end_end_end/RightTailTip_Anchor/Glow_4Leg_R
[     1    0.000 x1.00] LOG  [TailAirShot] Ready. drawState=RightTail_Fast castParam=TailCastSpeed (found)
  arrow leaves: PlayerYoru_1.1/Cat_All_10_Tails_v4/Group/DeformationSystem/root/Root_M/Tail15_R/Tail151_R/Tail152_R/Tail153_R/Tail154_R/Tail155_R/Tail156_R/Tail157_R/Tail158_R/Tail159_R/Tail1510_R/Tail1511_R/Tail1512_R/Tail6_R/Tail6_R_end/Tail6_R_end_end/Tail6_R_end_end_end/RightTailTip_Anchor
  aim VFX: PlayerYoru_1.1/Cat_All_10_Tails_v4/Group/DeformationSystem/root/Root_M/Tail15_R/Tail151_R/Tail152_R/Tail153_R/Tail154_R/Tail155_R/Tail156_R/Tail157_R/Tail158_R/Tail159_R/Tail1510_R/Tail1511_R/Tail1512_R/Tail6_R/Tail6_R_end/Tail6_R_end_end/Tail6_R_end_end_end/RightTailTip_Anchor/vfx_Muzzle_Fireball01Blue
[     1    0.000 x1.00] LOG  [PlayerCombat] Phase 2 form gate CONNECTED (FormController found on this GameObject).
[     1    0.000 x1.00] LOG  [Combat] PlayerCombat initialized, Phase 3C v27
[     1    0.000 x1.00] LOG  [RingMesh] VFX Status:
[     1    0.000 x1.00] LOG    Left: Prefab=✓, Spawn=Tail6_L_end_end_end
[     1    0.000 x1.00] LOG    Right: Prefab=✓, Spawn=Tail6_R_end_end_end
[     1    0.000 x1.00] LOG  === VFX MANAGER INITIALIZED ===
[     1    0.000 x1.00] LOG  Auto-detect animations: False
[     1    0.000 x1.00] LOG  Parent effects to tail: True
[     1    0.000 x1.00] LOG  Prefabs: Jump=True, Land=True, LTail=True, RTail=True
[     1    0.000 x1.00] LOG  ✅ Left Tail Tip: LeftTailTip_Anchor
[     1    0.000 x1.00] LOG  ✅ Right Tail Tip: RightTailTip_Anchor
[     1    0.000 x1.00] LOG  [VolumetricFogController] Found VolumetricFog component on mainCamera (1)
[     1    0.000 x1.00] LOG  [VolumetricFogController] Reflection init: density=True, height=True, baselineHeight=True, alpha=True, noiseStrength=True, lightScatteringExposure=True
[     1    0.000 x1.00] LOG  [VolumetricFogController] Initialized with Neutral preset (height=6, baselineHeight=0)
[     1    0.000 x1.00] WARN [VolumetricFogController] WorldStateManager not found!
[     1    0.000 x1.00] LOG  [Camera] DOF auto-control on 1 volume(s): Post-Processing Volume. Off below 4 m, on above. Focus follows Yoru (1 m above her feet).
[     1    0.000 x1.00] LOG  GhostEffect3D: Setup complete - 1 materials prepared
[     1    0.000 x1.00] LOG  GhostEffect3D Setup: Renderers: 1, Materials: 1
[     1    0.000 x1.00] LOG  Yuki Setup: Found 1 hiding spots
[     1    0.000 x1.00] LOG  === APPEARING NEAR ELEMENT 0 === Distance 6.2m from PF_EastLands_Lamp_Tall_Moss (22)
[     1    0.000 x1.00] LOG  === GAME STARTED === Element 0, Round 1
[     1    0.000 x1.00] WARN [YoruFurWeather] no XFur Weather Manager in this scene, made a runtime one at rain 0 so her fur cannot soak by default.
[     1    0.000 x1.00] LOG  [YoruFurWeather] fur weather ready on 'XFur Weather (runtime fallback)'. Rain 0, wind 0.50 in the open, roof check 30 m above her. No StormWeather in this scene: calm wind and a dry floor.
[     1   12.472 x1.00] LOG  [EyeGlow] first reading: light on her 0.24 (sun 0.14 clear, sky 0.10 open, the scene's sun 'Directional Light') -> eyes x1.00
[     1   12.472 x1.00] LOG  [EyeGlow] last 10 s: 1 readings, light on her 0.24 to 0.24 (sun 0.14 clear 100%, sky 0.10 open 100%), eyes x1.00
[   147   16.367 x1.00] LOG  === NOW WAITING === Near Element 0 for player to get close (detection range: 8)
[  1064   22.631 x1.00] LOG  [EyeGlow] last 10 s: 31 readings, light on her 0.24 to 0.24 (sun 0.14 clear 100%, sky 0.10 open 100%), eyes x1.00
[  1209   23.541 x1.00] LOG  🐾 4-LEG JUMP #0
[  1209   23.541 x1.00] LOG  🐾 Jump 1 VFX spawned!
[  1258   23.841 x1.00] LOG  🐾 4-LEG JUMP #1
[  1258   23.841 x1.00] LOG  🐾 Jump 2 VFX spawned!
[  1307   24.164 x1.00] LOG  🐾 4-LEG JUMP #2
[  1307   24.164 x1.00] LOG  🐾 Jump 3 VFX spawned!
[  1307   24.164 x1.00] LOG  🚫 Max jumps reached!
[  1447   25.105 x1.00] LOG  💨 Landing VFX spawned!
[  1447   25.105 x1.00] LOG  ✅ LANDED! (was jump #3)
[  1619   26.176 x1.00] LOG  🐾 4-LEG JUMP #0
[  1619   26.176 x1.00] LOG  🐾 Jump 1 VFX spawned!
[  1745   27.084 x1.00] LOG  💨 Landing VFX spawned!
[  1745   27.084 x1.00] LOG  ✅ LANDED! (was jump #1)
[  2045   29.560 x1.00] LOG  🐾 4-LEG JUMP #0
[  2045   29.560 x1.00] LOG  🐾 Jump 1 VFX spawned!
[  2118   30.167 x1.00] LOG  === YUKI RUNNING TO SPOT === Element 0: PF_EastLands_Lamp_Tall_Moss (22)
[  2123   30.212 x1.00] LOG  [ComboTrace] LAUNCH STEP (no enemy) dist=0.90m in 0.13s [AIRBORNE]
[  2123   30.212 x1.00] LOG  [Combat] Aerial spin, 25 dmg
[  2123   30.212 x1.00] LOG  [YoruVFX] Air spin: 'VFX_Void_Burst_AirSpinYoru' at CenterVFX, 46 systems, longest 1.00s fitted to 0.79s at speed 1.27, 8 forced Local, 38 delays zeroed, tail 2.37s
[  2123   30.212 x1.00] LOG  [AirPosePin] engaged, holding body at 1.763m above the transform
[  2126   30.558 x1.00] LOG  [ComboTrace] LAUNCH RESULT wanted=0.90m actually moved=2.43m, completed
[  2128   30.610 x1.00] LOG  💨 Landing VFX spawned!
[  2128   30.610 x1.00] LOG  ✅ LANDED! (was jump #1)
[  2128   30.610 x1.00] LOG  [AirPosePin] released, peak correction was 0.012m
[  2161   30.898 x1.00] LOG  [YoruVFX] Spin VFX stopped, fading for 2.37s
[  2164   30.939 x1.00] LOG  [ComboTrace] END step=3 clipProgress=0.92 clipLen=0.79s queued=0 elapsed=0.73s
[  2229   31.461 x1.00] LOG  🐾 4-LEG JUMP #0
[  2229   31.461 x1.00] LOG  🐾 Jump 1 VFX spawned!
[  2289   31.930 x1.00] LOG  [ComboTrace] LAUNCH STEP (no enemy) dist=0.90m in 0.13s [AIRBORNE]
[  2289   31.930 x1.00] LOG  [Combat] Aerial spin, 25 dmg
[  2289   31.930 x1.00] LOG  [YoruVFX] Air spin: 'VFX_Void_Burst_AirSpinYoru' at CenterVFX, 46 systems, longest 1.00s fitted to 0.79s at speed 1.27, 8 forced Local, 38 delays zeroed, tail 2.37s
[  2289   31.930 x1.00] LOG  [AirPosePin] engaged, holding body at 1.866m above the transform
[  2304   32.065 x1.00] LOG  [ComboTrace] LAUNCH RESULT wanted=0.90m actually moved=1.53m, completed
[  2333   32.306 x1.00] LOG  💨 Landing VFX spawned!
[  2333   32.306 x1.00] LOG  ✅ LANDED! (was jump #1)
[  2333   32.306 x1.00] LOG  [AirPosePin] released, peak correction was 0.037m
[  2369   32.620 x1.00] LOG  🐾 4-LEG JUMP #0
[  2369   32.620 x1.00] LOG  🐾 Jump 1 VFX spawned!
[  2369   32.620 x1.00] LOG  [YoruVFX] Spin VFX stopped, fading for 2.37s
[  2370   32.627 x1.00] LOG  [AirPosePin] engaged, holding body at 0.697m above the transform
[  2372   32.641 x1.00] LOG  [ComboTrace] END step=3 clipProgress=0.90 clipLen=0.79s queued=0 elapsed=0.71s
[  2373   32.648 x1.00] LOG  [AirPosePin] released, peak correction was 0.010m
[  2400   32.860 x1.00] LOG  [EyeGlow] last 10 s: 40 readings, light on her 0.24 to 0.24 (sun 0.14 clear 100%, sky 0.10 open 100%), eyes x1.00
[  2471   33.445 x1.00] LOG  💨 Landing VFX spawned!
[  2471   33.445 x1.00] LOG  ✅ LANDED! (was jump #1)
[  2537   33.944 x1.00] LOG  🐾 4-LEG JUMP #0
[  2537   33.944 x1.00] LOG  🐾 Jump 1 VFX spawned!
[  2588   34.364 x1.00] LOG  [ComboTrace] LAUNCH STEP (no enemy) dist=0.90m in 0.13s [AIRBORNE]
[  2588   34.364 x1.00] LOG  [Combat] Aerial spin, 25 dmg
[  2588   34.364 x1.00] LOG  [YoruVFX] Air spin: 'VFX_Void_Burst_AirSpinYoru' at CenterVFX, 46 systems, longest 1.00s fitted to 0.79s at speed 1.27, 8 forced Local, 38 delays zeroed, tail 2.37s
[  2588   34.364 x1.00] LOG  [AirPosePin] engaged, holding body at 1.499m above the transform
[  2603   34.495 x1.00] LOG  [ComboTrace] LAUNCH RESULT wanted=0.90m actually moved=1.44m, completed
[  2640   34.803 x1.00] LOG  💨 Landing VFX spawned!
[  2640   34.803 x1.00] LOG  ✅ LANDED! (was jump #1)
[  2640   34.803 x1.00] LOG  [AirPosePin] released, peak correction was 0.037m
[  2669   35.053 x1.00] LOG  [YoruVFX] Spin VFX stopped, fading for 2.37s
[  2672   35.077 x1.00] LOG  [ComboTrace] END step=3 clipProgress=0.90 clipLen=0.79s queued=0 elapsed=0.71s
[  2676   35.113 x1.00] LOG  🐾 4-LEG JUMP #0
[  2676   35.113 x1.00] LOG  🐾 Jump 1 VFX spawned!
[  2737   35.586 x1.00] LOG  [ComboTrace] LAUNCH STEP (no enemy) dist=0.90m in 0.13s [AIRBORNE]
[  2737   35.586 x1.00] LOG  [Combat] Aerial spin, 25 dmg
[  2737   35.586 x1.00] LOG  [YoruVFX] Air spin: 'VFX_Void_Burst_AirSpinYoru' at CenterVFX, 46 systems, longest 1.00s fitted to 0.79s at speed 1.27, 8 forced Local, 38 delays zeroed, tail 2.37s
[  2737   35.586 x1.00] LOG  [AirPosePin] engaged, holding body at 1.854m above the transform
[  2751   35.720 x1.00] LOG  [ComboTrace] LAUNCH RESULT wanted=0.90m actually moved=1.44m, completed
[  2787   36.030 x1.00] LOG  💨 Landing VFX spawned!
[  2787   36.030 x1.00] LOG  ✅ LANDED! (was jump #1)
[  2787   36.030 x1.00] LOG  === REACHED FINAL SPOT === Element 0, waiting for discovery
[  2787   36.030 x1.00] LOG  [AirPosePin] released, peak correction was 0.040m
[  2817   36.269 x1.00] LOG  [YoruVFX] Spin VFX stopped, fading for 2.37s
[  2820   36.303 x1.00] LOG  [ComboTrace] END step=3 clipProgress=0.91 clipLen=0.79s queued=0 elapsed=0.72s
[  2823   36.325 x1.00] LOG  🐾 4-LEG JUMP #0
[  2823   36.325 x1.00] LOG  🐾 Jump 1 VFX spawned!
[  2881   36.764 x1.00] LOG  [ComboTrace] LAUNCH STEP (no enemy) dist=0.90m in 0.13s [AIRBORNE]
[  2881   36.764 x1.00] LOG  [Combat] Aerial spin, 25 dmg
[  2881   36.764 x1.00] LOG  [YoruVFX] Air spin: 'VFX_Void_Burst_AirSpinYoru' at CenterVFX, 46 systems, longest 1.00s fitted to 0.79s at speed 1.27, 8 forced Local, 38 delays zeroed, tail 2.37s
[  2881   36.764 x1.00] LOG  [AirPosePin] engaged, holding body at 1.649m above the transform
[  2897   36.903 x1.00] LOG  [ComboTrace] LAUNCH RESULT wanted=0.90m actually moved=1.53m, completed
[  2935   37.228 x1.00] LOG  💨 Landing VFX spawned!
[  2935   37.228 x1.00] LOG  ✅ LANDED! (was jump #1)
[  2935   37.228 x1.00] LOG  [AirPosePin] released, peak correction was 0.078m
[  2962   37.449 x1.00] LOG  [YoruVFX] Spin VFX stopped, fading for 2.37s
[  2966   37.477 x1.00] LOG  [ComboTrace] END step=3 clipProgress=0.90 clipLen=0.79s queued=0 elapsed=0.71s
[  2979   37.587 x1.00] LOG  🐾 4-LEG JUMP #0
[  2979   37.587 x1.00] LOG  🐾 Jump 1 VFX spawned!
[  3035   38.012 x1.00] LOG  [ComboTrace] LAUNCH STEP (no enemy) dist=0.90m in 0.13s [AIRBORNE]
[  3035   38.012 x1.00] LOG  [Combat] Aerial spin, 25 dmg
[  3035   38.012 x1.00] LOG  [YoruVFX] Air spin: 'VFX_Void_Burst_AirSpinYoru' at CenterVFX, 46 systems, longest 1.00s fitted to 0.79s at speed 1.27, 8 forced Local, 38 delays zeroed, tail 2.37s
[  3035   38.012 x1.00] LOG  [AirPosePin] engaged, holding body at 1.647m above the transform
[  3052   38.154 x1.00] LOG  [ComboTrace] LAUNCH RESULT wanted=0.90m actually moved=1.53m, completed
[  3097   38.526 x1.00] LOG  💨 Landing VFX spawned!
[  3097   38.526 x1.00] LOG  ✅ LANDED! (was jump #1)
[  3097   38.526 x1.00] LOG  [AirPosePin] released, peak correction was 0.000m
[  3116   38.694 x1.00] LOG  [YoruVFX] Spin VFX stopped, fading for 2.37s
[  3120   38.724 x1.00] LOG  [ComboTrace] END step=3 clipProgress=0.90 clipLen=0.79s queued=0 elapsed=0.71s
[  3171   39.157 x1.00] LOG  [Combat] Combo 1: 10 dmg
[  3171   39.157 x1.00] LOG  [ComboTrace] START step=1 state='Combo1' queued=0 target=none: no collider on enemyLayer within 8m
[  3171   39.157 x1.00] LOG  [ComboTrace] LAUNCH STEP (no enemy) dist=0.90m in 0.13s
[  3186   39.288 x1.00] LOG  [ComboTrace] LAUNCH RESULT wanted=0.90m actually moved=0.90m, completed
[  3246   39.749 x1.00] LOG  🐾 VFX_AttackPaw triggered!
[  3274   39.961 x1.00] LOG  [ComboTrace] END step=1 clipProgress=0.85 clipLen=0.95s queued=0 elapsed=0.80s
[  3346   40.563 x1.00] LOG  [Combat] Combo 2: 20 dmg
[  3346   40.563 x1.00] LOG  [ComboTrace] START step=2 state='Combo2' queued=0 target=none: no collider on enemyLayer within 8m
[  3346   40.563 x1.00] LOG  [ComboTrace] LAUNCH STEP (no enemy) dist=0.90m in 0.13s
[  3361   40.694 x1.00] LOG  [ComboTrace] LAUNCH RESULT wanted=0.90m actually moved=0.90m, completed
[  3388   40.912 x1.00] LOG  [Combat] Queued click #1 (combo 2)
[  3388   40.912 x1.00] LOG  [ComboTrace] QUEUED #1 during step 2
[  3407   41.083 x1.00] LOG  [Combat] Queued click #2 (combo 2)
[  3407   41.083 x1.00] LOG  [ComboTrace] QUEUED #2 during step 2
[  3420   41.183 x1.00] LOG  🐾🐾 VFX_TowPaw triggered!
[  3428   41.253 x1.00] LOG  [ComboTrace] CLICK IGNORED (step=2 queued=2)
[  3447   41.409 x1.00] LOG  [ComboTrace] CLICK IGNORED (step=2 queued=2)
[  3465   41.557 x1.00] LOG  🐾🐾 VFX_TowPaw triggered!
[  3466   41.568 x1.00] LOG  [ComboTrace] CLICK IGNORED (step=2 queued=2)
[  3469   41.588 x1.00] LOG  [Combat] Combo 3: 35 dmg
[  3469   41.588 x1.00] LOG  [ComboTrace] START step=3 state='Combo3' queued=1 target=none: no collider on enemyLayer within 8m
[  3469   41.588 x1.00] LOG  [ComboTrace] LAUNCH STEP (no enemy) dist=0.90m in 0.13s
[  3469   41.588 x1.00] LOG  [YoruVFX] Ground hazard: 'VFX_Void_Area_GroundSpinYORU' laid at GroundVFX ((856.85, 101.81, 1041.15)), floor tilt 2.4 deg, 17 delays shifted by 2.00s, own lifetime 8.98s
[  3469   41.588 x1.00] LOG  [Combat] Hazard zone laid: 8.98s, 25 dmg every 0.50s in 2.00m
[  3474   41.800 x1.00] LOG  [ComboTrace] CLICK IGNORED (step=3 queued=1)
[  3474   41.800 x1.00] LOG  [ComboTrace] LAUNCH RESULT wanted=0.90m actually moved=0.90m, completed
[  3485   41.912 x1.00] LOG  [ComboTrace] CLICK IGNORED (step=3 queued=1)
[  3540   42.366 x1.00] LOG  [ComboTrace] END step=3 clipProgress=0.95 clipLen=0.79s queued=0 elapsed=0.78s
[  3553   42.468 x1.00] LOG  [Combat] Combo 1: 10 dmg
[  3553   42.468 x1.00] LOG  [ComboTrace] START step=1 state='Combo1' queued=0 target=none: no collider on enemyLayer within 8m
[  3553   42.468 x1.00] LOG  [ComboTrace] LAUNCH STEP (no enemy) dist=0.90m in 0.13s
[  3569   42.599 x1.00] LOG  [ComboTrace] LAUNCH RESULT wanted=0.90m actually moved=0.90m, completed
[  3573   42.631 x1.00] LOG  [Combat] Queued click #1 (combo 1)
[  3573   42.631 x1.00] LOG  [ComboTrace] QUEUED #1 during step 1
[  3595   42.813 x1.00] LOG  [Combat] Queued click #2 (combo 1)
[  3595   42.813 x1.00] LOG  [ComboTrace] QUEUED #2 during step 1
[  3616   42.998 x1.00] LOG  [ComboTrace] CLICK IGNORED (step=1 queued=2)
[  3625   43.065 x1.00] LOG  🐾 VFX_AttackPaw triggered!
[  3625   43.065 x1.00] LOG  [EyeGlow] last 10 s: 40 readings, light on her 0.24 to 0.24 (sun 0.14 clear 100%, sky 0.10 open 100%), eyes x1.00
[  3635   43.156 x1.00] LOG  [ComboTrace] CLICK IGNORED (step=1 queued=2)
[  3637   43.171 x1.00] LOG  [Combat] Combo 2: 20 dmg
[  3637   43.171 x1.00] LOG  [ComboTrace] START step=2 state='Combo2' queued=1 target=none: no collider on enemyLayer within 8m
[  3637   43.171 x1.00] LOG  [ComboTrace] LAUNCH STEP (no enemy) dist=0.90m in 0.13s
[  3652   43.301 x1.00] LOG  [ComboTrace] LAUNCH RESULT wanted=0.90m actually moved=0.90m, completed
[  3656   43.334 x1.00] LOG  [Combat] Queued click #2 (combo 2)
[  3656   43.334 x1.00] LOG  [ComboTrace] QUEUED #2 during step 2
[  3677   43.516 x1.00] LOG  [ComboTrace] CLICK IGNORED (step=2 queued=2)
[  3709   43.799 x1.00] LOG  🐾🐾 VFX_TowPaw triggered!
[  3754   44.172 x1.00] LOG  🐾🐾 VFX_TowPaw triggered!
[  3758   44.209 x1.00] LOG  [Combat] Combo 3: 35 dmg
[  3758   44.209 x1.00] LOG  [ComboTrace] START step=3 state='Combo3' queued=1 target=none: no collider on enemyLayer within 8m
[  3758   44.209 x1.00] LOG  [ComboTrace] LAUNCH STEP (no enemy) dist=0.90m in 0.13s
[  3758   44.209 x1.00] LOG  [YoruVFX] Ground hazard: 'VFX_Void_Area_GroundSpinYORU' laid at GroundVFX ((854.11, 101.77, 1040.67)), floor tilt 3.5 deg, 17 delays shifted by 2.00s, own lifetime 8.98s
[  3758   44.209 x1.00] LOG  [Combat] Hazard zone laid: 8.98s, 25 dmg every 0.50s in 2.00m
[  3773   44.347 x1.00] LOG  [ComboTrace] LAUNCH RESULT wanted=0.90m actually moved=0.90m, completed
[  3846   45.005 x1.00] LOG  [ComboTrace] END step=3 clipProgress=0.97 clipLen=0.79s queued=0 elapsed=0.80s
[  3863   45.145 x1.00] LOG  [Combat] Combo 1: 10 dmg
[  3863   45.145 x1.00] LOG  [ComboTrace] START step=1 state='Combo1' queued=0 target=none: no collider on enemyLayer within 8m
[  3863   45.145 x1.00] LOG  [ComboTrace] LAUNCH STEP (no enemy) dist=0.90m in 0.13s
[  3877   45.271 x1.00] LOG  [ComboTrace] LAUNCH RESULT wanted=0.90m actually moved=0.90m, completed
[  3881   45.327 x1.00] LOG  [Combat] Queued click #1 (combo 1)
[  3881   45.327 x1.00] LOG  [ComboTrace] QUEUED #1 during step 1
[  3898   45.464 x1.00] LOG  [Combat] Queued click #2 (combo 1)
[  3898   45.464 x1.00] LOG  [ComboTrace] QUEUED #2 during step 1
[  3920   45.645 x1.00] LOG  [ComboTrace] CLICK IGNORED (step=1 queued=2)
[  3929   45.738 x1.00] LOG  🐾 VFX_AttackPaw triggered!
[  3938   45.819 x1.00] LOG  [ComboTrace] CLICK IGNORED (step=1 queued=2)
[  3942   45.849 x1.00] LOG  [Combat] Combo 2: 20 dmg
[  3942   45.849 x1.00] LOG  [ComboTrace] START step=2 state='Combo2' queued=1 target=none: no collider on enemyLayer within 8m
[  3942   45.849 x1.00] LOG  [ComboTrace] LAUNCH STEP (no enemy) dist=0.90m in 0.13s
[  3958   45.984 x1.00] LOG  [ComboTrace] LAUNCH RESULT wanted=0.90m actually moved=0.90m, completed
[  3960   45.999 x1.00] LOG  [Combat] Queued click #2 (combo 2)
[  3960   45.999 x1.00] LOG  [ComboTrace] QUEUED #2 during step 2
[  3977   46.157 x1.00] LOG  [ComboTrace] CLICK IGNORED (step=2 queued=2)
[  3999   46.346 x1.00] LOG  [ComboTrace] CLICK IGNORED (step=2 queued=2)
[  4014   46.478 x1.00] LOG  🐾🐾 VFX_TowPaw triggered!
[  4019   46.532 x1.00] LOG  [ComboTrace] CLICK IGNORED (step=2 queued=2)
[  4040   46.711 x1.00] LOG  [ComboTrace] CLICK IGNORED (step=2 queued=2)
[  4056   46.858 x1.00] LOG  🐾🐾 VFX_TowPaw triggered!
[  4059   46.880 x1.00] LOG  [Combat] Combo 3: 35 dmg
[  4059   46.880 x1.00] LOG  [ComboTrace] START step=3 state='Combo3' queued=1 target=none: no collider on enemyLayer within 8m
[  4059   46.880 x1.00] LOG  [ComboTrace] LAUNCH STEP (no enemy) dist=0.90m in 0.13s
[  4059   46.880 x1.00] LOG  [YoruVFX] Ground hazard: 'VFX_Void_Area_GroundSpinYORU' laid at GroundVFX ((851.53, 101.66, 1040.23)), floor tilt 1.3 deg, 17 delays shifted by 2.00s, own lifetime 8.98s
[  4059   46.880 x1.00] LOG  [Combat] Hazard zone laid: 8.98s, 25 dmg every 0.50s in 2.00m
[  4062   46.904 x1.00] LOG  [ComboTrace] CLICK DROPPED by attackCooldown (0.10s, 0.02s since last attack) step=3
[  4073   47.027 x1.00] LOG  [ComboTrace] LAUNCH RESULT wanted=0.90m actually moved=0.90m, completed
[  4081   47.090 x1.00] LOG  [ComboTrace] CLICK IGNORED (step=3 queued=1)
[  4104   47.296 x1.00] LOG  [ComboTrace] CLICK IGNORED (step=3 queued=1)
[  4141   47.650 x1.00] LOG  [ComboTrace] END step=3 clipProgress=0.95 clipLen=0.79s queued=0 elapsed=0.77s
[  4237   48.505 x1.00] LOG  🐾 4-LEG JUMP #0
[  4237   48.505 x1.00] LOG  🐾 Jump 1 VFX spawned!
[  4270   48.787 x1.00] LOG  🐾 4-LEG JUMP #1
[  4270   48.787 x1.00] LOG  🐾 Jump 2 VFX spawned!
[  4296   49.031 x1.00] LOG  🐾 4-LEG JUMP #2
[  4296   49.031 x1.00] LOG  🐾 Jump 3 VFX spawned!
[  4296   49.031 x1.00] LOG  🚫 Max jumps reached!
[  4324   49.271 x1.00] LOG  [ComboTrace] LAUNCH STEP (no enemy) dist=0.90m in 0.13s [AIRBORNE]
[  4324   49.271 x1.00] LOG  [Combat] Aerial spin, 25 dmg
[  4324   49.271 x1.00] LOG  [YoruVFX] Air spin: 'VFX_Void_Burst_AirSpinYoru' at CenterVFX, 46 systems, longest 1.00s fitted to 0.79s at speed 1.27, 8 forced Local, 38 delays zeroed, tail 2.37s
[  4324   49.271 x1.00] LOG  [AirPosePin] engaged, holding body at 0.641m above the transform
[  4338   49.407 x1.00] LOG  [ComboTrace] LAUNCH RESULT wanted=0.90m actually moved=1.53m, completed
[  4393   49.957 x1.00] LOG  [YoruVFX] Spin VFX stopped, fading for 2.37s
[  4396   49.982 x1.00] LOG  [ComboTrace] END step=3 clipProgress=0.90 clipLen=0.79s queued=0 elapsed=0.71s
[  4397   49.991 x1.00] LOG  [AirPosePin] released, peak correction was -0.025m
[  4409   50.089 x1.00] LOG  💨 Landing VFX spawned!
[  4409   50.089 x1.00] LOG  ✅ LANDED! (was jump #3)
[  4501   50.865 x1.00] LOG  🐾 4-LEG JUMP #0
[  4501   50.865 x1.00] LOG  🐾 Jump 1 VFX spawned!
[  4618   51.886 x1.00] LOG  💨 Landing VFX spawned!
[  4618   51.886 x1.00] LOG  ✅ LANDED! (was jump #1)
[  4635   52.026 x1.00] LOG  [Combat] Dodge: Dodge_4Leg (3m, 4leg)
[  4635   52.026 x1.00] LOG  [AirPosePin] engaged, holding body at 0.717m above the transform
[  4717   52.720 x1.00] LOG  [Combat] Dodge early exit at 86% (movement input)
[  4717   52.720 x1.00] LOG  [DodgeTrace] 4leg flip: clip 0.80s, ran 0.70s, asked 3.0m, actually moved 2.61m forward and rose 2.20m at the peak (Dodge Height 1.5), travel never completed (cut short).
[  4717   52.720 x1.00] LOG  [ComboTrace] move ended, combo kept at step 3, window restarted
[  4717   52.720 x1.00] LOG  [Combat] Dodge ended
[  4717   52.720 x1.00] LOG  [AirPosePin] released, peak correction was -0.926m
[  4735   52.866 x1.00] LOG  💨 Landing VFX spawned!
[  4735   52.866 x1.00] LOG  ✅ LANDED! (was jump #0)
[  4737   52.882 x1.00] LOG  [Combat] Dash: DodgeDash_4Leg (4.5m, 20 dmg, 4leg)
[  4737   52.882 x1.00] LOG  [YoruVFX] dash trail 'LightningFloorPurpleTrail 1' started, riding with her
[  4737   52.882 x1.00] LOG  [Combat] Dash movement: 4.5m over 0.40s (Dash Move Duration) = 11.3 m/s
[  4737   52.882 x1.00] LOG  [AirPosePin] engaged, holding body at 0.926m above the transform
[  4771   53.279 x1.00] LOG  [EyeGlow] last 10 s: 40 readings, light on her 0.24 to 0.24 (sun 0.14 clear 100%, sky 0.10 open 100%), eyes x1.00
[  4772   53.287 x1.00] LOG  [Combat] Dash done: ground dash, grounded 0/35 frames, pose pin off, pin correction now 0.190m, manual lift 0.150m, controller height wobble 40.5cm
[  4772   53.287 x1.00] LOG  [ComboTrace] move ended, combo kept at step 3, window restarted
[  4772   53.287 x1.00] LOG  [Combat] Dash ended
[  4772   53.287 x1.00] LOG  [AirPosePin] released, peak correction was 0.190m
[  4786   53.403 x1.00] LOG  💨 Landing VFX spawned!
[  4786   53.403 x1.00] LOG  ✅ LANDED! (was jump #0)
[  4804   53.557 x1.00] LOG  [Combat] Dash: DodgeDash_4Leg (4.5m, 20 dmg, 4leg)
[  4804   53.557 x1.00] LOG  [YoruVFX] dash trail 'LightningFloorPurpleTrail 1' started, riding with her
[  4804   53.557 x1.00] LOG  [Combat] Dash movement: 4.5m over 0.40s (Dash Move Duration) = 11.3 m/s
[  4809   53.598 x1.00] LOG  [AirPosePin] engaged, holding body at 0.509m above the transform
[  4811   53.614 x1.00] LOG  [AirPosePin] released, peak correction was 0.000m
[  4814   53.639 x1.00] LOG  [AirPosePin] engaged, holding body at 0.453m above the transform
[  4852   53.954 x1.00] LOG  [Combat] Dash done: ground dash, grounded 8/48 frames, pose pin off, pin correction now -0.009m, manual lift 0.150m, controller height wobble 35.9cm
[  4852   53.954 x1.00] LOG  [ComboTrace] move ended, combo kept at step 3, window restarted
[  4852   53.954 x1.00] LOG  [Combat] Dash ended
[  4852   53.954 x1.00] LOG  [AirPosePin] released, peak correction was -0.009m
[  4869   54.089 x1.00] LOG  💨 Landing VFX spawned!
[  4869   54.089 x1.00] LOG  ✅ LANDED! (was jump #0)
[  4927   54.561 x1.00] LOG  🐾 4-LEG JUMP #0
[  4927   54.561 x1.00] LOG  🐾 Jump 1 VFX spawned!
[  4965   54.868 x1.00] LOG  🐾 4-LEG JUMP #1
[  4965   54.868 x1.00] LOG  🐾 Jump 2 VFX spawned!
[  5017   55.299 x1.00] LOG  [ComboTrace] LAUNCH STEP (no enemy) dist=0.90m in 0.13s [AIRBORNE]
[  5017   55.299 x1.00] LOG  [Combat] Aerial spin, 25 dmg
[  5017   55.299 x1.00] LOG  [YoruVFX] Air spin: 'VFX_Void_Burst_AirSpinYoru' at CenterVFX, 46 systems, longest 1.00s fitted to 0.79s at speed 1.27, 8 forced Local, 38 delays zeroed, tail 2.37s
[  5017   55.299 x1.00] LOG  [AirPosePin] engaged, holding body at 1.624m above the transform
[  5032   55.436 x1.00] LOG  [ComboTrace] LAUNCH RESULT wanted=0.90m actually moved=1.53m, completed
[  5081   55.908 x1.00] LOG  💨 Landing VFX spawned!
[  5081   55.908 x1.00] LOG  ✅ LANDED! (was jump #2)
[  5081   55.908 x1.00] LOG  [AirPosePin] released, peak correction was 0.011m
[  5090   55.988 x1.00] LOG  [YoruVFX] Spin VFX stopped, fading for 2.37s
[  5092   56.011 x1.00] LOG  [ComboTrace] END step=3 clipProgress=0.90 clipLen=0.79s queued=0 elapsed=0.71s
[  5140   56.417 x1.00] LOG  🐾 4-LEG JUMP #0
[  5140   56.417 x1.00] LOG  🐾 Jump 1 VFX spawned!
[  5179   56.734 x1.00] LOG  [ComboTrace] LAUNCH STEP (no enemy) dist=0.90m in 0.13s [AIRBORNE]
[  5179   56.734 x1.00] LOG  [Combat] Aerial spin, 25 dmg
[  5179   56.734 x1.00] LOG  [YoruVFX] Air spin: 'VFX_Void_Burst_AirSpinYoru' at CenterVFX, 46 systems, longest 1.00s fitted to 0.79s at speed 1.27, 8 forced Local, 38 delays zeroed, tail 2.37s
[  5179   56.734 x1.00] LOG  [AirPosePin] engaged, holding body at 0.954m above the transform
[  5193   56.865 x1.00] LOG  [ComboTrace] LAUNCH RESULT wanted=0.90m actually moved=1.53m, completed
[  5243   57.327 x1.00] LOG  💨 Landing VFX spawned!
[  5243   57.327 x1.00] LOG  ✅ LANDED! (was jump #1)
[  5243   57.327 x1.00] LOG  [AirPosePin] released, peak correction was 0.008m
[  5254   57.420 x1.00] LOG  [YoruVFX] Spin VFX stopped, fading for 2.37s
[  5258   57.454 x1.00] LOG  [ComboTrace] END step=3 clipProgress=0.91 clipLen=0.79s queued=0 elapsed=0.72s
[  5274   57.573 x1.00] LOG  🐾 4-LEG JUMP #0
[  5274   57.573 x1.00] LOG  🐾 Jump 1 VFX spawned!
[  5390   58.508 x1.00] LOG  💨 Landing VFX spawned!
[  5390   58.508 x1.00] LOG  ✅ LANDED! (was jump #1)
[  5500   59.362 x1.00] LOG  [YoruVFX] guard bubble on at y=94.666 (floor 94.592, her root y=94.572, lift 0.05, floor tilt 0 deg)
[  5500   59.362 x1.00] LOG  [Combat] Guard START (perfect parry window: 0.2s)
[  5987   63.485 x1.00] LOG  [EyeGlow] last 10 s: 40 readings, light on her 0.24 to 0.24 (sun 0.14 clear 100%, sky 0.10 open 100%), eyes x1.00
[  6425   67.156 x1.00] LOG  [Combat] Guard END
[  7180   73.225 x1.00] LOG  === FINAL DISCOVERY === Summoning devil!
[  7180   73.225 x1.00] LOG  === DEVIL SUMMON SEQUENCE === Starting...
[  7180   73.225 x1.00] LOG  === GAME PHASE COMPLETE === Devil has been summoned!
[  7233   73.632 x1.00] LOG  [EyeGlow] last 10 s: 40 readings, light on her 0.24 to 0.24 (sun 0.14 clear 100%, sky 0.10 open 100%), eyes x1.00
[  7437   75.269 x1.00] LOG  🚶 2-LEG JUMP
[  7437   75.269 x1.00] LOG  🐾 Jump 1 VFX spawned!
[  7551   76.229 x1.00] LOG  💨 Landing VFX spawned!
[  7551   76.229 x1.00] LOG  ✅ LANDED! (was jump #1)
# end — 308 lines
