# Oni combat log — 2026-09-17 16:14:14
# Unity 6000.2.7f2 | scene 'CaveScene_Oni_Boss1' | platform OSXEditor
# columns: [frame realSeconds timeScale] KIND message      (KIND: LOG WARN ERR EXC TEL)
#
[     0    0.000 x1.00] LOG  [OniLog] console + telemetry → /Users/asenahazal/Documents/Yoru/OniLogs/oni_2026-09-17_16-14-14.log
[     0    0.000 x1.00] LOG  [OniHairShadows] shadow casting off on 27 hair renderers
[     0    0.000 x1.00] LOG  [RingMesh] Auto-found 11/11 left, 11/11 right meshes
[     0    0.000 x1.00] EXC  MissingReferenceException: The object of type 'PlayerInteraction' has been destroyed but you are still trying to access it.
Your script should either check if it is null or you should not destroy the object.
        at UnityEngine.Object+MarshalledUnityObject.TryThrowEditorNullExceptionObject (UnityEngine.Object unityObj, System.String parameterName) (at /Users/bokken/build/output/unity/unity/Runtime/Export/Scripting/UnityEngineObject.bindings.cs:1063)
        at UnityEngine.Bindings.ThrowHelper.ThrowNullReferenceException (System.Object obj) (at /Users/bokken/build/output/unity/unity/Runtime/Export/Scripting/BindingsHelpers.cs:61)
        at UnityEngine.Behaviour.get_enabled () (at <e748b65af617494383b6e0a5b201a25d>:0)
        at UnityEditor.EditorGUI.DoInspectorTitlebar (UnityEngine.Rect position, System.Int32 id, System.Boolean foldout, UnityEngine.Object[] targetObjs, UnityEditor.SerializedProperty enabledProperty, UnityEngine.GUIStyle baseStyle) (at /Users/bokken/build/output/unity/unity/Editor/Mono/EditorGUI.cs:6116)
[     0    0.000 x1.00] EXC  MissingReferenceException: The object of type 'PlayerHealth' has been destroyed but you are still trying to access it.
Your script should either check if it is null or you should not destroy the object.
        at UnityEngine.Object+MarshalledUnityObject.TryThrowEditorNullExceptionObject (UnityEngine.Object unityObj, System.String parameterName) (at /Users/bokken/build/output/unity/unity/Runtime/Export/Scripting/UnityEngineObject.bindings.cs:1063)
        at UnityEngine.Bindings.ThrowHelper.ThrowNullReferenceException (System.Object obj) (at /Users/bokken/build/output/unity/unity/Runtime/Export/Scripting/BindingsHelpers.cs:61)
        at UnityEngine.Behaviour.get_enabled () (at <e748b65af617494383b6e0a5b201a25d>:0)
        at UnityEditor.EditorGUI.DoInspectorTitlebar (UnityEngine.Rect position, System.Int32 id, System.Boolean foldout, UnityEngine.Object[] targetObjs, UnityEditor.SerializedProperty enabledProperty, UnityEngine.GUIStyle baseStyle) (at /Users/bokken/build/output/unity/unity/Editor/Mono/EditorGUI.cs:6116)
[     0    0.000 x1.00] EXC  MissingReferenceException: The object of type 'SoulManager' has been destroyed but you are still trying to access it.
Your script should either check if it is null or you should not destroy the object.
        at UnityEngine.Object+MarshalledUnityObject.TryThrowEditorNullExceptionObject (UnityEngine.Object unityObj, System.String parameterName) (at /Users/bokken/build/output/unity/unity/Runtime/Export/Scripting/UnityEngineObject.bindings.cs:1063)
        at UnityEngine.Bindings.ThrowHelper.ThrowNullReferenceException (System.Object obj) (at /Users/bokken/build/output/unity/unity/Runtime/Export/Scripting/BindingsHelpers.cs:61)
        at UnityEngine.Behaviour.get_enabled () (at <e748b65af617494383b6e0a5b201a25d>:0)
        at UnityEditor.EditorGUI.DoInspectorTitlebar (UnityEngine.Rect position, System.Int32 id, System.Boolean foldout, UnityEngine.Object[] targetObjs, UnityEditor.SerializedProperty enabledProperty, UnityEngine.GUIStyle baseStyle) (at /Users/bokken/build/output/unity/unity/Editor/Mono/EditorGUI.cs:6116)
[     0    0.000 x1.00] EXC  MissingReferenceException: The object of type 'PlayerMovement' has been destroyed but you are still trying to access it.
Your script should either check if it is null or you should not destroy the object.
        at UnityEngine.Object+MarshalledUnityObject.TryThrowEditorNullExceptionObject (UnityEngine.Object unityObj, System.String parameterName) (at /Users/bokken/build/output/unity/unity/Runtime/Export/Scripting/UnityEngineObject.bindings.cs:1063)
        at UnityEngine.Bindings.ThrowHelper.ThrowNullReferenceException (System.Object obj) (at /Users/bokken/build/output/unity/unity/Runtime/Export/Scripting/BindingsHelpers.cs:61)
        at UnityEngine.Behaviour.get_enabled () (at <e748b65af617494383b6e0a5b201a25d>:0)
        at UnityEditor.EditorGUI.DoInspectorTitlebar (UnityEngine.Rect position, System.Int32 id, System.Boolean foldout, UnityEngine.Object[] targetObjs, UnityEditor.SerializedProperty enabledProperty, UnityEngine.GUIStyle baseStyle) (at /Users/bokken/build/output/unity/unity/Editor/Mono/EditorGUI.cs:6116)
[     0    0.000 x1.00] EXC  MissingReferenceException: The object of type 'YoruVFXManager' has been destroyed but you are still trying to access it.
Your script should either check if it is null or you should not destroy the object.
        at UnityEngine.Object+MarshalledUnityObject.TryThrowEditorNullExceptionObject (UnityEngine.Object unityObj, System.String parameterName) (at /Users/bokken/build/output/unity/unity/Runtime/Export/Scripting/UnityEngineObject.bindings.cs:1063)
        at UnityEngine.Bindings.ThrowHelper.ThrowNullReferenceException (System.Object obj) (at /Users/bokken/build/output/unity/unity/Runtime/Export/Scripting/BindingsHelpers.cs:61)
        at UnityEngine.Behaviour.get_enabled () (at <e748b65af617494383b6e0a5b201a25d>:0)
        at UnityEditor.EditorGUI.DoInspectorTitlebar (UnityEngine.Rect position, System.Int32 id, System.Boolean foldout, UnityEngine.Object[] targetObjs, UnityEditor.SerializedProperty enabledProperty, UnityEngine.GUIStyle baseStyle) (at /Users/bokken/build/output/unity/unity/Editor/Mono/EditorGUI.cs:6116)
[     0    0.000 x1.00] EXC  MissingReferenceException: The object of type 'RingMeshController' has been destroyed but you are still trying to access it.
Your script should either check if it is null or you should not destroy the object.
        at UnityEngine.Object+MarshalledUnityObject.TryThrowEditorNullExceptionObject (UnityEngine.Object unityObj, System.String parameterName) (at /Users/bokken/build/output/unity/unity/Runtime/Export/Scripting/UnityEngineObject.bindings.cs:1063)
        at UnityEngine.Bindings.ThrowHelper.ThrowNullReferenceException (System.Object obj) (at /Users/bokken/build/output/unity/unity/Runtime/Export/Scripting/BindingsHelpers.cs:61)
        at UnityEngine.Behaviour.get_enabled () (at <e748b65af617494383b6e0a5b201a25d>:0)
        at UnityEditor.EditorGUI.DoInspectorTitlebar (UnityEngine.Rect position, System.Int32 id, System.Boolean foldout, UnityEngine.Object[] targetObjs, UnityEditor.SerializedProperty enabledProperty, UnityEngine.GUIStyle baseStyle) (at /Users/bokken/build/output/unity/unity/Editor/Mono/EditorGUI.cs:6116)
[     0    0.000 x1.00] EXC  MissingReferenceException: The object of type 'PlayerCombat' has been destroyed but you are still trying to access it.
Your script should either check if it is null or you should not destroy the object.
        at UnityEngine.Object+MarshalledUnityObject.TryThrowEditorNullExceptionObject (UnityEngine.Object unityObj, System.String parameterName) (at /Users/bokken/build/output/unity/unity/Runtime/Export/Scripting/UnityEngineObject.bindings.cs:1063)
        at UnityEngine.Bindings.ThrowHelper.ThrowNullReferenceException (System.Object obj) (at /Users/bokken/build/output/unity/unity/Runtime/Export/Scripting/BindingsHelpers.cs:61)
        at UnityEngine.Behaviour.get_enabled () (at <e748b65af617494383b6e0a5b201a25d>:0)
        at UnityEditor.EditorGUI.DoInspectorTitlebar (UnityEngine.Rect position, System.Int32 id, System.Boolean foldout, UnityEngine.Object[] targetObjs, UnityEditor.SerializedProperty enabledProperty, UnityEngine.GUIStyle baseStyle) (at /Users/bokken/build/output/unity/unity/Editor/Mono/EditorGUI.cs:6116)
[     0    0.000 x1.00] EXC  MissingReferenceException: The object of type 'YoruSleepIntro' has been destroyed but you are still trying to access it.
Your script should either check if it is null or you should not destroy the object.
        at UnityEngine.Object+MarshalledUnityObject.TryThrowEditorNullExceptionObject (UnityEngine.Object unityObj, System.String parameterName) (at /Users/bokken/build/output/unity/unity/Runtime/Export/Scripting/UnityEngineObject.bindings.cs:1063)
        at UnityEngine.Bindings.ThrowHelper.ThrowNullReferenceException (System.Object obj) (at /Users/bokken/build/output/unity/unity/Runtime/Export/Scripting/BindingsHelpers.cs:61)
        at UnityEngine.Behaviour.get_enabled () (at <e748b65af617494383b6e0a5b201a25d>:0)
        at UnityEditor.EditorGUI.DoInspectorTitlebar (UnityEngine.Rect position, System.Int32 id, System.Boolean foldout, UnityEngine.Object[] targetObjs, UnityEditor.SerializedProperty enabledProperty, UnityEngine.GUIStyle baseStyle) (at /Users/bokken/build/output/unity/unity/Editor/Mono/EditorGUI.cs:6116)
[     0    0.000 x1.00] EXC  MissingReferenceException: The object of type 'GuardMovementController' has been destroyed but you are still trying to access it.
Your script should either check if it is null or you should not destroy the object.
        at UnityEngine.Object+MarshalledUnityObject.TryThrowEditorNullExceptionObject (UnityEngine.Object unityObj, System.String parameterName) (at /Users/bokken/build/output/unity/unity/Runtime/Export/Scripting/UnityEngineObject.bindings.cs:1063)
        at UnityEngine.Bindings.ThrowHelper.ThrowNullReferenceException (System.Object obj) (at /Users/bokken/build/output/unity/unity/Runtime/Export/Scripting/BindingsHelpers.cs:61)
        at UnityEngine.Behaviour.get_enabled () (at <e748b65af617494383b6e0a5b201a25d>:0)
        at UnityEditor.EditorGUI.DoInspectorTitlebar (UnityEngine.Rect position, System.Int32 id, System.Boolean foldout, UnityEngine.Object[] targetObjs, UnityEditor.SerializedProperty enabledProperty, UnityEngine.GUIStyle baseStyle) (at /Users/bokken/build/output/unity/unity/Editor/Mono/EditorGUI.cs:6116)
[     0    0.000 x1.00] EXC  MissingReferenceException: The object of type 'FormController' has been destroyed but you are still trying to access it.
Your script should either check if it is null or you should not destroy the object.
        at UnityEngine.Object+MarshalledUnityObject.TryThrowEditorNullExceptionObject (UnityEngine.Object unityObj, System.String parameterName) (at /Users/bokken/build/output/unity/unity/Runtime/Export/Scripting/UnityEngineObject.bindings.cs:1063)
        at UnityEngine.Bindings.ThrowHelper.ThrowNullReferenceException (System.Object obj) (at /Users/bokken/build/output/unity/unity/Runtime/Export/Scripting/BindingsHelpers.cs:61)
        at UnityEngine.Behaviour.get_enabled () (at <e748b65af617494383b6e0a5b201a25d>:0)
        at UnityEditor.EditorGUI.DoInspectorTitlebar (UnityEngine.Rect position, System.Int32 id, System.Boolean foldout, UnityEngine.Object[] targetObjs, UnityEditor.SerializedProperty enabledProperty, UnityEngine.GUIStyle baseStyle) (at /Users/bokken/build/output/unity/unity/Editor/Mono/EditorGUI.cs:6116)
[     0    0.000 x1.00] EXC  MissingReferenceException: The object of type 'ClimbController' has been destroyed but you are still trying to access it.
Your script should either check if it is null or you should not destroy the object.
        at UnityEngine.Object+MarshalledUnityObject.TryThrowEditorNullExceptionObject (UnityEngine.Object unityObj, System.String parameterName) (at /Users/bokken/build/output/unity/unity/Runtime/Export/Scripting/UnityEngineObject.bindings.cs:1063)
        at UnityEngine.Bindings.ThrowHelper.ThrowNullReferenceException (System.Object obj) (at /Users/bokken/build/output/unity/unity/Runtime/Export/Scripting/BindingsHelpers.cs:61)
        at UnityEngine.Behaviour.get_enabled () (at <e748b65af617494383b6e0a5b201a25d>:0)
        at UnityEditor.EditorGUI.DoInspectorTitlebar (UnityEngine.Rect position, System.Int32 id, System.Boolean foldout, UnityEngine.Object[] targetObjs, UnityEditor.SerializedProperty enabledProperty, UnityEngine.GUIStyle baseStyle) (at /Users/bokken/build/output/unity/unity/Editor/Mono/EditorGUI.cs:6116)
[     0    0.000 x1.00] EXC  MissingReferenceException: The object of type 'ClimbFX' has been destroyed but you are still trying to access it.
Your script should either check if it is null or you should not destroy the object.
        at UnityEngine.Object+MarshalledUnityObject.TryThrowEditorNullExceptionObject (UnityEngine.Object unityObj, System.String parameterName) (at /Users/bokken/build/output/unity/unity/Runtime/Export/Scripting/UnityEngineObject.bindings.cs:1063)
        at UnityEngine.Bindings.ThrowHelper.ThrowNullReferenceException (System.Object obj) (at /Users/bokken/build/output/unity/unity/Runtime/Export/Scripting/BindingsHelpers.cs:61)
        at UnityEngine.Behaviour.get_enabled () (at <e748b65af617494383b6e0a5b201a25d>:0)
        at UnityEditor.EditorGUI.DoInspectorTitlebar (UnityEngine.Rect position, System.Int32 id, System.Boolean foldout, UnityEngine.Object[] targetObjs, UnityEditor.SerializedProperty enabledProperty, UnityEngine.GUIStyle baseStyle) (at /Users/bokken/build/output/unity/unity/Editor/Mono/EditorGUI.cs:6116)
[     0    0.000 x1.00] EXC  MissingReferenceException: The object of type 'TailAimController' has been destroyed but you are still trying to access it.
Your script should either check if it is null or you should not destroy the object.
        at UnityEngine.Object+MarshalledUnityObject.TryThrowEditorNullExceptionObject (UnityEngine.Object unityObj, System.String parameterName) (at /Users/bokken/build/output/unity/unity/Runtime/Export/Scripting/UnityEngineObject.bindings.cs:1063)
        at UnityEngine.Bindings.ThrowHelper.ThrowNullReferenceException (System.Object obj) (at /Users/bokken/build/output/unity/unity/Runtime/Export/Scripting/BindingsHelpers.cs:61)
        at UnityEngine.Behaviour.get_enabled () (at <e748b65af617494383b6e0a5b201a25d>:0)
        at UnityEditor.EditorGUI.DoInspectorTitlebar (UnityEngine.Rect position, System.Int32 id, System.Boolean foldout, UnityEngine.Object[] targetObjs, UnityEditor.SerializedProperty enabledProperty, UnityEngine.GUIStyle baseStyle) (at /Users/bokken/build/output/unity/unity/Editor/Mono/EditorGUI.cs:6116)
[     0    0.000 x1.00] EXC  MissingReferenceException: The object of type 'TailAimController4Leg' has been destroyed but you are still trying to access it.
Your script should either check if it is null or you should not destroy the object.
        at UnityEngine.Object+MarshalledUnityObject.TryThrowEditorNullExceptionObject (UnityEngine.Object unityObj, System.String parameterName) (at /Users/bokken/build/output/unity/unity/Runtime/Export/Scripting/UnityEngineObject.bindings.cs:1063)
        at UnityEngine.Bindings.ThrowHelper.ThrowNullReferenceException (System.Object obj) (at /Users/bokken/build/output/unity/unity/Runtime/Export/Scripting/BindingsHelpers.cs:61)
        at UnityEngine.Behaviour.get_enabled () (at <e748b65af617494383b6e0a5b201a25d>:0)
        at UnityEditor.EditorGUI.DoInspectorTitlebar (UnityEngine.Rect position, System.Int32 id, System.Boolean foldout, UnityEngine.Object[] targetObjs, UnityEditor.SerializedProperty enabledProperty, UnityEngine.GUIStyle baseStyle) (at /Users/bokken/build/output/unity/unity/Editor/Mono/EditorGUI.cs:6116)
[     0    0.000 x1.00] EXC  MissingReferenceException: The object of type 'YoruLightRig' has been destroyed but you are still trying to access it.
Your script should either check if it is null or you should not destroy the object.
        at UnityEngine.Object+MarshalledUnityObject.TryThrowEditorNullExceptionObject (UnityEngine.Object unityObj, System.String parameterName) (at /Users/bokken/build/output/unity/unity/Runtime/Export/Scripting/UnityEngineObject.bindings.cs:1063)
        at UnityEngine.Bindings.ThrowHelper.ThrowNullReferenceException (System.Object obj) (at /Users/bokken/build/output/unity/unity/Runtime/Export/Scripting/BindingsHelpers.cs:61)
        at UnityEngine.Behaviour.get_enabled () (at <e748b65af617494383b6e0a5b201a25d>:0)
        at UnityEditor.EditorGUI.DoInspectorTitlebar (UnityEngine.Rect position, System.Int32 id, System.Boolean foldout, UnityEngine.Object[] targetObjs, UnityEditor.SerializedProperty enabledProperty, UnityEngine.GUIStyle baseStyle) (at /Users/bokken/build/output/unity/unity/Editor/Mono/EditorGUI.cs:6116)
[     0    0.000 x1.00] EXC  MissingReferenceException: The object of type 'NightVision' has been destroyed but you are still trying to access it.
Your script should either check if it is null or you should not destroy the object.
        at UnityEngine.Object+MarshalledUnityObject.TryThrowEditorNullExceptionObject (UnityEngine.Object unityObj, System.String parameterName) (at /Users/bokken/build/output/unity/unity/Runtime/Export/Scripting/UnityEngineObject.bindings.cs:1063)
        at UnityEngine.Bindings.ThrowHelper.ThrowNullReferenceException (System.Object obj) (at /Users/bokken/build/output/unity/unity/Runtime/Export/Scripting/BindingsHelpers.cs:61)
        at UnityEngine.Behaviour.get_enabled () (at <e748b65af617494383b6e0a5b201a25d>:0)
        at UnityEditor.EditorGUI.DoInspectorTitlebar (UnityEngine.Rect position, System.Int32 id, System.Boolean foldout, UnityEngine.Object[] targetObjs, UnityEditor.SerializedProperty enabledProperty, UnityEngine.GUIStyle baseStyle) (at /Users/bokken/build/output/unity/unity/Editor/Mono/EditorGUI.cs:6116)
[     0    0.000 x1.00] EXC  MissingReferenceException: The object of type 'CombatFloatingText' has been destroyed but you are still trying to access it.
Your script should either check if it is null or you should not destroy the object.
        at UnityEngine.Object+MarshalledUnityObject.TryThrowEditorNullExceptionObject (UnityEngine.Object unityObj, System.String parameterName) (at /Users/bokken/build/output/unity/unity/Runtime/Export/Scripting/UnityEngineObject.bindings.cs:1063)
        at UnityEngine.Bindings.ThrowHelper.ThrowNullReferenceException (System.Object obj) (at /Users/bokken/build/output/unity/unity/Runtime/Export/Scripting/BindingsHelpers.cs:61)
        at UnityEngine.Behaviour.get_enabled () (at <e748b65af617494383b6e0a5b201a25d>:0)
        at UnityEditor.EditorGUI.DoInspectorTitlebar (UnityEngine.Rect position, System.Int32 id, System.Boolean foldout, UnityEngine.Object[] targetObjs, UnityEditor.SerializedProperty enabledProperty, UnityEngine.GUIStyle baseStyle) (at /Users/bokken/build/output/unity/unity/Editor/Mono/EditorGUI.cs:6116)
[     0    0.000 x1.00] EXC  MissingReferenceException: The object of type 'CombatMomentum' has been destroyed but you are still trying to access it.
Your script should either check if it is null or you should not destroy the object.
        at UnityEngine.Object+MarshalledUnityObject.TryThrowEditorNullExceptionObject (UnityEngine.Object unityObj, System.String parameterName) (at /Users/bokken/build/output/unity/unity/Runtime/Export/Scripting/UnityEngineObject.bindings.cs:1063)
        at UnityEngine.Bindings.ThrowHelper.ThrowNullReferenceException (System.Object obj) (at /Users/bokken/build/output/unity/unity/Runtime/Export/Scripting/BindingsHelpers.cs:61)
        at UnityEngine.Behaviour.get_enabled () (at <e748b65af617494383b6e0a5b201a25d>:0)
        at UnityEditor.EditorGUI.DoInspectorTitlebar (UnityEngine.Rect position, System.Int32 id, System.Boolean foldout, UnityEngine.Object[] targetObjs, UnityEditor.SerializedProperty enabledProperty, UnityEngine.GUIStyle baseStyle) (at /Users/bokken/build/output/unity/unity/Editor/Mono/EditorGUI.cs:6116)
[     1    0.000 x1.00] LOG  [BossBar] BossHealthBarUI initialized
[     1    0.000 x1.00] LOG  [StormWeather] layer 'TerrainLayer_Dirt_01' dry smoothness=0.00 (restore to this if a crash ever leaves it wet)
[     1    0.000 x1.00] LOG  [StormWeather] post volumes ready on layer 9 (storm priority 10, flash priority 11).
[     1    0.000 x1.00] LOG  [StormWeather] ROUND 80: fur weather ready on 'Weather Zone'. Rain 0, wind 0.50 in the open, sky check 30 m from 'PlayerYoru_1.1'.
[     1    0.000 x1.00] LOG  [StormWeather] COZY bridge: Rain_Cave retired, COZY owns the rain now.
[     1    0.000 x1.00] LOG  [StormWeather] COZY → 'Clear' (pre-fight - open sky, 0 s)
[     1    0.000 x1.00] LOG  [StormWeather] Ready. Open sky, dry floor. Waiting for the fight.
[     1    0.000 x1.00] LOG  OniBoss initialized with 2500 HP
[     1    0.000 x1.00] LOG  [OniBoss] ANIMATOR SETUP: cullingMode=CullUpdateTransforms updateMode=Normal applyRootMotion=False speed=1
[     1    0.000 x1.00] LOG  [OniBoss] Initialized
[     1    0.000 x1.00] LOG  [OniBoss:Layer] facing: minFlat 1m, snapOnAttack off, trackInHitReact off, aimTurn 540 deg/s for the first 0.20 of the swing
[     1    0.000 x1.00] LOG  [OniBoss:Layer] Yoru launch model ON: launches ALL THE WAY to an enemy within 4.7m of its surface at 10m/s (stop gap 0.00m, NO minimum distance), else steps 0.90m forward. Targeting cone left exactly as her prefab has it.
[     1    0.000 x1.00] LOG  [OniBoss:Layer] Yoru launch ROUND 9: airborne attacks launch too (ON), edge probe now runs on its OWN layer mask (Everything) instead of the line-of-sight mask - the Ground-only mask found no floor in this cave and was cancelling 100% of launches at 0.00m travelled.
[     1    0.000 x1.00] LOG  [OniBoss:Layer] animator speed x1.35 — his 1.13s swing now plays in 0.84s.
[     1    0.000 x1.00] LOG  [OniBoss:Layer] chase speed pushed: phase1 4.5, phase2 5.5 (Yoru runs at 7).
[     1    0.000 x1.00] LOG  [OniBoss:Layer] ground wave ON (round 38): half the club's damage on TOUCH, 12m/s x 6.0m from 1.6m in front at 0.35m height — a club hit cancels that swing's wave, jumping clears it. Per-attack effects come from the Swing Wave VFX By Attack rows. PlayerHealth found, PlayerMovement found.
[     1    0.000 x1.00] LOG  [StormWeather] storm break HELD (waiting for the lightning beat)
[     1    0.000 x1.00] LOG  [OniBoss:Layer] storm break HELD — it releases at the lightning-on-the-club beat.
[     1    0.000 x1.00] LOG  [OniBoss:Layer] club tracking ON — tip 'Kanabo3' (depth 4), shaft root 'kanabo'.
[     1    0.000 x1.00] LOG  [OniBoss:Layer] skinned meshes: 46 renderer(s), updateWhenOffscreen ON, body renderer 'Body' rootBone 'Hips'
[     1    0.000 x1.00] LOG  [OniBoss:Layer] charge travel bone: 'Hips' at depth 1 under 'OniBoss', rest local (0.00, 3.24, -0.24)
[     1    0.000 x1.00] LOG  [OniBoss:Layer] anti-kite ON: thrown swing after 4s of failed chase (within 7.6m), charge after 6s.
[     1    0.000 x1.00] LOG  [OniBoss:Layer] charge drive ON (windup to 0.40 at x1.3, rush 14m/s stops at 2.6m, steers 0.35s then commits, strike section from 0.58, strike moment 0.76, trail VFX off)
[     1    0.000 x1.00] LOG  [OniBoss:Layer] attack armor ON (his swings are not interrupted by light/medium hits; heavy hits and rapid-hit bursts still stop him)
[     1    0.000 x1.00] LOG  [OniBoss:Layer] strike moments overridden: Club_Swing=0.42 ClubSwing2=0.32 ClubSlam=0.85 KanaboSweep=0.48
[     1    0.000 x1.00] LOG  [OniBoss:Layer] club TOUCH hits ON (radius 0.70m, min tip speed 50m/s, armed from 0.20 of the clip): Club_Swing ClubSwing2 ClubSlam KanaboSweep. First touch wins — club full damage, wave half, one hit per swing.
[     1    0.000 x1.00] LOG  [OniBoss:Layer] combo damage ramp ON: mid x1.25, finisher x1.50 — finisher wave carries FULL damage at x2.0 size, x2.0 travel.
[     1    0.000 x1.00] LOG  [OniBoss:Layer] charge follow-up ON: 90 % of solo charges chain into a random melee finisher.
[     1    0.000 x1.00] LOG  [OniBoss:Layer] hold-ground ON (backstep 1.5m @ 1.6m/s after own attacks, watch 'Watch', attack facing LOCKED)
[     1    0.000 x1.00] LOG  [OniBoss:Layer] OniBoss layer ready (reactions, wake-on-hit, watch stance, boss bar). player=found
[     1    0.000 x1.00] LOG  [OniBoss:Layer] charge clip 'Oni Charge.fbx' imports with Root Motion Node = None (in place) — good.
[     1    0.000 x1.00] LOG  [OniBoss:Layer] clips importing with Root Transform Position (Y) NOT baked into pose (12): Oni_Alert(Oni Alert), Club_Slam(Oni Club Slam), Club_Swing(Oni Club Swing), Club_swing2(Oni Club Swing 2), Death(Oni Death Kneel), Hit_react_light(Oni Hit react lighter light), KanaboSweep(Oni Kanabo sweep), Phase_Transition(Oni Phase transition), run(Oni Run), Walk(Oni Walk), Watch(Oni Watch), Idle(Oni Idle) — their hips' up/down motion is stripped (see round notes; optional).
[     1    0.000 x1.00] LOG  === VFX MANAGER INITIALIZED ===
[     1    0.000 x1.00] LOG  Auto-detect animations: False
[     1    0.000 x1.00] LOG  Parent effects to tail: True
[     1    0.000 x1.00] LOG  Prefabs: Jump=True, Land=True, LTail=True, RTail=True
[     1    0.000 x1.00] LOG  ✅ Left Tail Tip: LeftTailTip_Anchor
[     1    0.000 x1.00] LOG  ✅ Right Tail Tip: RightTailTip_Anchor
[     1    0.000 x1.00] LOG  [VolumetricFogController] applyPresets is OFF in this scene. The Volumetric Fog component keeps its hand-set inspector values.
[     1    0.000 x1.00] LOG  [TailAirShot] Ready. drawState=RightTail_Fast castParam=TailCastSpeed (found)
  arrow leaves: PlayerYoru_1.1/Cat_All_10_Tails_v4/Group/DeformationSystem/root/Root_M/Tail15_R/Tail151_R/Tail152_R/Tail153_R/Tail154_R/Tail155_R/Tail156_R/Tail157_R/Tail158_R/Tail159_R/Tail1510_R/Tail1511_R/Tail1512_R/Tail6_R/Tail6_R_end/Tail6_R_end_end/Tail6_R_end_end_end/RightTailTip_Anchor
  aim VFX: PlayerYoru_1.1/Cat_All_10_Tails_v4/Group/DeformationSystem/root/Root_M/Tail15_R/Tail151_R/Tail152_R/Tail153_R/Tail154_R/Tail155_R/Tail156_R/Tail157_R/Tail158_R/Tail159_R/Tail1510_R/Tail1511_R/Tail1512_R/Tail6_R/Tail6_R_end/Tail6_R_end_end/Tail6_R_end_end_end/RightTailTip_Anchor/vfx_Muzzle_Fireball01Blue
[     1    0.000 x1.00] LOG  [RingMesh] VFX Status:
[     1    0.000 x1.00] LOG    Left: Prefab=✓, Spawn=Tail6_L_end_end_end
[     1    0.000 x1.00] LOG    Right: Prefab=✓, Spawn=Tail6_R_end_end_end
[     1    0.000 x1.00] LOG  [TailAirShot4Leg] Ready. drawState=shoot_4Leg castParam=Shoot4LegSpeed (found) readyFrame=5 fireFrame=10 frames=24 slowBudget=3s real damageMultiplier=2.00
  arrow leaves: PlayerYoru_1.1/Cat_All_10_Tails_v4/Group/DeformationSystem/root/Root_M/Tail15_R/Tail151_R/Tail152_R/Tail153_R/Tail154_R/Tail155_R/Tail156_R/Tail157_R/Tail158_R/Tail159_R/Tail1510_R/Tail1511_R/Tail1512_R/Tail6_R/Tail6_R_end/Tail6_R_end_end/Tail6_R_end_end_end/RightTailTip_Anchor
  aim VFX left:  PlayerYoru_1.1/Cat_All_10_Tails_v4/Group/DeformationSystem/root/Root_M/Tail15_L/Tail151_L/Tail152_L/Tail153_L/Tail154_L/Tail155_L/Tail156_L/Tail157_L/Tail158_L/Tail159_L/Tail1510_L/Tail1511_L/Tail1512_L/Tail6_L/Tail6_L_end/Tail6_L_end_end/Tail6_L_end_end_end/LeftTailTip_Anchor/Glow_4Leg_L
  aim VFX right: PlayerYoru_1.1/Cat_All_10_Tails_v4/Group/DeformationSystem/root/Root_M/Tail15_R/Tail151_R/Tail152_R/Tail153_R/Tail154_R/Tail155_R/Tail156_R/Tail157_R/Tail158_R/Tail159_R/Tail1510_R/Tail1511_R/Tail1512_R/Tail6_R/Tail6_R_end/Tail6_R_end_end/Tail6_R_end_end_end/RightTailTip_Anchor/Glow_4Leg_R
[     1    0.000 x1.00] LOG  [PlayerCombat] Phase 2 form gate CONNECTED (FormController found on this GameObject).
[     1    0.000 x1.00] LOG  [Combat] PlayerCombat initialized, Phase 3C v27
[     1    0.000 x1.00] LOG  [CameraGameFeel] CameraGameFeel initialized (shake + FOV)
[     1    3.314 x1.00] LOG  [OniBoss] Playing animation: Idle
[     1    3.314 x1.00] LOG  [OniBoss:Layer] watch stance ON (player 13.4m)
[    17    4.493 x1.00] LOG  💨 Landing VFX spawned!
[    17    4.493 x1.00] LOG  ✅ LANDED! (was jump #0)
[    95    4.932 x1.00] LOG  [Combat] Dash: DodgeDash_2Leg (4m, 20 dmg, 2leg)
[    95    4.932 x1.00] LOG  [Combat] Dash movement: 4.0m over 0.40s (Dash Move Duration) = 10.0 m/s
[   139    5.332 x1.00] LOG  [Combat] Dash done: ground dash, grounded 44/44 frames, pose pin off, pin correction now 0.000m, manual lift 0.150m, controller height wobble 0.0cm
[   139    5.332 x1.00] LOG  [Combat] Dash ended
[   243    5.804 x1.00] LOG  [Combat] Dash: DodgeDash_2Leg (4m, 20 dmg, 2leg)
[   243    5.804 x1.00] LOG  [Combat] Dash movement: 4.0m over 0.40s (Dash Move Duration) = 10.0 m/s
[   245    5.820 x1.00] LOG  [OniBoss:Layer] watch stance OFF, back to Idle (player 16.5m)
[   291    6.207 x1.00] LOG  [Combat] Dash done: ground dash, grounded 48/48 frames, pose pin off, pin correction now 0.000m, manual lift 0.150m, controller height wobble 0.0cm
[   291    6.207 x1.00] LOG  [Combat] Dash ended
[   437    6.912 x1.00] LOG  [Combat] Dash: DodgeDash_2Leg (4m, 20 dmg, 2leg)
[   437    6.912 x1.00] LOG  [Combat] Dash movement: 4.0m over 0.40s (Dash Move Duration) = 10.0 m/s
[   485    7.307 x1.00] LOG  [Combat] Dash done: ground dash, grounded 48/48 frames, pose pin off, pin correction now 0.000m, manual lift 0.150m, controller height wobble 0.0cm
[   485    7.307 x1.00] LOG  [Combat] Dash ended
[   507    7.414 x1.00] LOG  [Combat] Dash: DodgeDash_2Leg (4m, 20 dmg, 2leg)
[   507    7.414 x1.00] LOG  [Combat] Dash movement: 4.0m over 0.40s (Dash Move Duration) = 10.0 m/s
[   554    7.816 x1.00] LOG  [Combat] Dash done: ground dash, grounded 47/47 frames, pose pin off, pin correction now 0.000m, manual lift 0.150m, controller height wobble 0.0cm
[   554    7.816 x1.00] LOG  [Combat] Dash ended
[   567    7.873 x1.00] LOG  [Combat] Dash: DodgeDash_2Leg (4m, 20 dmg, 2leg)
[   567    7.873 x1.00] LOG  [Combat] Dash movement: 4.0m over 0.40s (Dash Move Duration) = 10.0 m/s
[   614    8.273 x1.00] LOG  [Combat] Dash done: ground dash, grounded 47/47 frames, pose pin off, pin correction now 0.000m, manual lift 0.150m, controller height wobble 0.0cm
[   614    8.273 x1.00] LOG  [Combat] Dash ended
[   638    8.410 x1.00] LOG  [Combat] Dash: DodgeDash_2Leg (4m, 20 dmg, 2leg)
[   638    8.410 x1.00] LOG  [Combat] Dash movement: 4.0m over 0.40s (Dash Move Duration) = 10.0 m/s
[   685    8.802 x1.00] LOG  [Combat] Dash done: ground dash, grounded 47/47 frames, pose pin off, pin correction now 0.000m, manual lift 0.150m, controller height wobble 0.0cm
[   685    8.802 x1.00] LOG  [Combat] Dash ended
[   753    9.160 x1.00] LOG  [Combat] Dash: DodgeDash_2Leg (4m, 20 dmg, 2leg)
[   753    9.160 x1.00] LOG  [Combat] Dash movement: 4.0m over 0.40s (Dash Move Duration) = 10.0 m/s
[   799    9.553 x1.00] LOG  [Combat] Dash done: ground dash, grounded 46/46 frames, pose pin off, pin correction now 0.000m, manual lift 0.150m, controller height wobble 0.0cm
[   799    9.553 x1.00] LOG  [Combat] Dash ended
[   837    9.791 x1.00] LOG  [Combat] Dash: DodgeDash_2Leg (4m, 20 dmg, 2leg)
[   837    9.791 x1.00] LOG  [Combat] Dash movement: 4.0m over 0.40s (Dash Move Duration) = 10.0 m/s
[   883   10.192 x1.00] LOG  [Combat] Dash done: ground dash, grounded 46/46 frames, pose pin off, pin correction now 0.000m, manual lift 0.150m, controller height wobble 0.0cm
[   883   10.192 x1.00] LOG  [Combat] Dash ended
[   998   10.821 x1.00] LOG  [Combat] Dash: DodgeDash_2Leg (4m, 20 dmg, 2leg)
[   998   10.821 x1.00] LOG  [Combat] Dash movement: 4.0m over 0.40s (Dash Move Duration) = 10.0 m/s
[  1044   11.217 x1.00] LOG  [Combat] Dash done: ground dash, grounded 46/46 frames, pose pin off, pin correction now 0.000m, manual lift 0.150m, controller height wobble 0.0cm
[  1044   11.217 x1.00] LOG  [Combat] Dash ended
[  1090   11.509 x1.00] LOG  [Combat] Dash: DodgeDash_2Leg (4m, 20 dmg, 2leg)
[  1090   11.509 x1.00] LOG  [Combat] Dash movement: 4.0m over 0.40s (Dash Move Duration) = 10.0 m/s
[  1127   11.907 x1.00] LOG  [Combat] Dash done: ground dash, grounded 37/37 frames, pose pin off, pin correction now 0.000m, manual lift 0.150m, controller height wobble 0.0cm
[  1127   11.907 x1.00] LOG  [Combat] Dash ended
[  1187   12.257 x1.00] LOG  [Combat] Dash: DodgeDash_2Leg (4m, 20 dmg, 2leg)
[  1187   12.257 x1.00] LOG  [Combat] Dash movement: 4.0m over 0.40s (Dash Move Duration) = 10.0 m/s
[  1233   12.661 x1.00] LOG  [Combat] Dash done: ground dash, grounded 46/46 frames, pose pin off, pin correction now 0.000m, manual lift 0.150m, controller height wobble 0.0cm
[  1233   12.661 x1.00] LOG  [Combat] Dash ended
[  1274   12.911 x1.00] LOG  [OniBoss:Layer] watch stance ON (player 15.0m)
[  1289   13.026 x1.00] LOG  [Combat] Dash: DodgeDash_2Leg (4m, 20 dmg, 2leg)
[  1289   13.026 x1.00] LOG  [Combat] Dash movement: 4.0m over 0.40s (Dash Move Duration) = 10.0 m/s
[  1333   13.428 x1.00] LOG  [Combat] Dash done: ground dash, grounded 44/44 frames, pose pin off, pin correction now 0.000m, manual lift 0.150m, controller height wobble 0.0cm
[  1333   13.428 x1.00] LOG  [Combat] Dash ended
[  1417   13.931 x1.00] LOG  [Combat] Dash: DodgeDash_2Leg (4m, 20 dmg, 2leg)
[  1417   13.931 x1.00] LOG  [Combat] Dash movement: 4.0m over 0.40s (Dash Move Duration) = 10.0 m/s
[  1463   14.333 x1.00] LOG  [Combat] Dash done: ground dash, grounded 46/46 frames, pose pin off, pin correction now 0.000m, manual lift 0.150m, controller height wobble 0.0cm
[  1463   14.333 x1.00] LOG  [Combat] Dash ended
[  1529   14.713 x1.00] LOG  [Combat] Dash: DodgeDash_2Leg (4m, 20 dmg, 2leg)
[  1529   14.713 x1.00] LOG  [Combat] Dash movement: 4.0m over 0.40s (Dash Move Duration) = 10.0 m/s
[  1575   15.114 x1.00] LOG  [Combat] Dash done: ground dash, grounded 46/46 frames, pose pin off, pin correction now 0.000m, manual lift 0.150m, controller height wobble 0.0cm
[  1575   15.114 x1.00] LOG  [Combat] Dash ended
[  1602   15.274 x1.00] LOG  [Combat] Dash: DodgeDash_2Leg (4m, 20 dmg, 2leg)
[  1602   15.274 x1.00] LOG  [Combat] Dash movement: 4.0m over 0.40s (Dash Move Duration) = 10.0 m/s
[  1647   15.667 x1.00] LOG  [Combat] Dash done: ground dash, grounded 45/45 frames, pose pin off, pin correction now 0.000m, manual lift 0.150m, controller height wobble 0.0cm
[  1647   15.667 x1.00] LOG  [Combat] Dash ended
[  1682   15.853 x1.00] LOG  [Combat] Dash: DodgeDash_2Leg (4m, 20 dmg, 2leg)
[  1682   15.853 x1.00] LOG  [Combat] Dash movement: 4.0m over 0.40s (Dash Move Duration) = 10.0 m/s
[  1688   15.912 x1.00] LOG  [OniBoss:Layer] watch stance OFF, back to Idle (player 16.5m)
[  1727   16.255 x1.00] LOG  [Combat] Dash done: ground dash, grounded 45/45 frames, pose pin off, pin correction now 0.000m, manual lift 0.150m, controller height wobble 0.0cm
[  1727   16.255 x1.00] LOG  [Combat] Dash ended
[  2060   18.170 x1.00] LOG  [OniBoss:Layer] watch stance ON (player 15.0m)
[  2127   18.556 x1.00] LOG  [Combat] Dodge: Dodge_4Leg (3m, 4leg)
[  2127   18.556 x1.00] LOG  [AirPosePin] engaged, holding body at 0.785m above the transform
[  2128   18.563 x1.00] LOG  [AirPosePin] released, peak correction was 0.000m
[  2129   18.571 x1.00] LOG  [AirPosePin] engaged, holding body at 0.763m above the transform
[  2204   19.252 x1.00] LOG  [Combat] Dodge early exit at 86% (movement input)
[  2204   19.252 x1.00] LOG  [DodgeTrace] 4leg flip: clip 0.80s, ran 0.70s, asked 3.0m, actually moved 2.62m forward and rose 2.20m at the peak (Dodge Height 1.5), travel never completed (cut short).
[  2204   19.252 x1.00] LOG  [Combat] Dodge ended
[  2204   19.252 x1.00] LOG  [AirPosePin] released, peak correction was -0.647m
[  2220   19.350 x1.00] LOG  💨 Landing VFX spawned!
[  2220   19.350 x1.00] LOG  ✅ LANDED! (was jump #0)
[  2240   19.465 x1.00] LOG  [Combat] Dodge: Dodge_4Leg (3m, 4leg)
[  2240   19.465 x1.00] LOG  [Combat] Dodge early exit at 100% (movement input)
[  2240   19.465 x1.00] LOG  [DodgeTrace] 4leg flip: clip 0.80s, ran 0.01s, asked 3.0m, actually moved 0.13m forward and rose 0.00m at the peak (Dodge Height 1.5), travel finished at 0.01s, leaving 0.00s of clip with nothing moving.
[  2240   19.465 x1.00] LOG  [Combat] Dodge ended
[  2348   20.107 x1.00] LOG  [Combat] Dodge: Dodge_4Leg (3m, 4leg)
[  2348   20.107 x1.00] LOG  [AirPosePin] engaged, holding body at 0.723m above the transform
[  2349   20.111 x1.00] LOG  [AirPosePin] released, peak correction was 0.000m
[  2350   20.120 x1.00] LOG  [AirPosePin] engaged, holding body at 0.707m above the transform
[  2424   20.804 x1.00] LOG  [Combat] Dodge early exit at 86% (movement input)
[  2424   20.804 x1.00] LOG  [DodgeTrace] 4leg flip: clip 0.80s, ran 0.70s, asked 3.0m, actually moved 2.60m forward and rose 2.20m at the peak (Dodge Height 1.5), travel never completed (cut short).
[  2424   20.804 x1.00] LOG  [Combat] Dodge ended
[  2424   20.804 x1.00] LOG  [AirPosePin] released, peak correction was -0.626m
[  2442   20.909 x1.00] LOG  💨 Landing VFX spawned!
[  2442   20.909 x1.00] LOG  ✅ LANDED! (was jump #0)
[  2523   21.425 x1.00] LOG  [Combat] Dash: DodgeDash_4Leg (4.5m, 20 dmg, 4leg)
[  2523   21.425 x1.00] LOG  [Combat] Dash movement: 4.5m over 0.40s (Dash Move Duration) = 11.3 m/s
[  2528   21.475 x1.00] LOG  [OniBoss:Layer] watch stance OFF, back to Idle (player 16.5m)
[  2567   21.817 x1.00] LOG  [Combat] Dash done: ground dash, grounded 44/44 frames, pose pin off, pin correction now 0.000m, manual lift 0.150m, controller height wobble 0.0cm
[  2567   21.817 x1.00] LOG  [Combat] Dash ended
[  2741   22.775 x1.00] LOG  [Combat] Dodge: Dodge_4Leg (3m, 4leg)
[  2741   22.775 x1.00] LOG  [AirPosePin] engaged, holding body at 0.794m above the transform
[  2742   22.785 x1.00] LOG  [AirPosePin] released, peak correction was 0.000m
[  2743   22.793 x1.00] LOG  [AirPosePin] engaged, holding body at 0.769m above the transform
[  2819   23.466 x1.00] LOG  [Combat] Dodge early exit at 85% (movement input)
[  2819   23.466 x1.00] LOG  [DodgeTrace] 4leg flip: clip 0.80s, ran 0.70s, asked 3.0m, actually moved 2.58m forward and rose 2.20m at the peak (Dodge Height 1.5), travel never completed (cut short).
[  2819   23.466 x1.00] LOG  [Combat] Dodge ended
[  2819   23.466 x1.00] LOG  [AirPosePin] released, peak correction was -0.600m
[  2835   23.551 x1.00] LOG  💨 Landing VFX spawned!
[  2835   23.551 x1.00] LOG  ✅ LANDED! (was jump #0)
[  2900   23.974 x1.00] LOG  [Combat] Dodge: Dodge_4Leg (3m, 4leg)
[  2900   23.974 x1.00] LOG  [AirPosePin] engaged, holding body at 0.528m above the transform
[  2980   24.670 x1.00] LOG  [Combat] Dodge early exit at 86% (movement input)
[  2980   24.670 x1.00] LOG  [DodgeTrace] 4leg flip: clip 0.80s, ran 0.70s, asked 3.0m, actually moved 2.60m forward and rose 2.20m at the peak (Dodge Height 1.5), travel never completed (cut short).
[  2980   24.670 x1.00] LOG  [Combat] Dodge ended
[  2980   24.670 x1.00] LOG  [AirPosePin] released, peak correction was -0.604m
[  2999   24.792 x1.00] LOG  💨 Landing VFX spawned!
[  2999   24.792 x1.00] LOG  ✅ LANDED! (was jump #0)
[  3374   26.542 x1.00] LOG  [StormWeather] terrain layers restored to dry values.
# end — 188 lines
