# Oni combat log — 2026-09-02 18:37:29
# Unity 6000.2.7f2 | scene 'CaveScene_Oni_Boss1' | platform OSXEditor
# columns: [frame realSeconds timeScale] KIND message      (KIND: LOG WARN ERR EXC TEL)
#
[     0    0.000 x1.00] LOG  [OniLog] console + telemetry → /Users/asenahazal/Documents/Yoru/OniLogs/oni_2026-09-02_18-37-29.log
[     1    0.000 x1.00] LOG  [TailAirShot4Leg] Ready. drawState=shoot_4Leg castParam=Shoot4LegSpeed (found) readyFrame=5 fireFrame=10 frames=24 slowBudget=3s real damageMultiplier=2.00
  arrow leaves: PlayerYoru_1.1/Cat_All_10_Tails_v4/Group/DeformationSystem/root/Root_M/Tail15_R/Tail151_R/Tail152_R/Tail153_R/Tail154_R/Tail155_R/Tail156_R/Tail157_R/Tail158_R/Tail159_R/Tail1510_R/Tail1511_R/Tail1512_R/Tail6_R/Tail6_R_end/Tail6_R_end_end/Tail6_R_end_end_end/RightTailTip_Anchor
  aim VFX left:  PlayerYoru_1.1/Cat_All_10_Tails_v4/Group/DeformationSystem/root/Root_M/Tail15_L/Tail151_L/Tail152_L/Tail153_L/Tail154_L/Tail155_L/Tail156_L/Tail157_L/Tail158_L/Tail159_L/Tail1510_L/Tail1511_L/Tail1512_L/Tail6_L/Tail6_L_end/Tail6_L_end_end/Tail6_L_end_end_end/LeftTailTip_Anchor/Glow_4Leg_L
  aim VFX right: PlayerYoru_1.1/Cat_All_10_Tails_v4/Group/DeformationSystem/root/Root_M/Tail15_R/Tail151_R/Tail152_R/Tail153_R/Tail154_R/Tail155_R/Tail156_R/Tail157_R/Tail158_R/Tail159_R/Tail1510_R/Tail1511_R/Tail1512_R/Tail6_R/Tail6_R_end/Tail6_R_end_end/Tail6_R_end_end_end/RightTailTip_Anchor/Glow_4Leg_R
[     1    0.000 x1.00] LOG  [TailAirShot] Ready. drawState=RightTail_Fast castParam=TailCastSpeed (found)
  arrow leaves: PlayerYoru_1.1/Cat_All_10_Tails_v4/Group/DeformationSystem/root/Root_M/Tail15_R/Tail151_R/Tail152_R/Tail153_R/Tail154_R/Tail155_R/Tail156_R/Tail157_R/Tail158_R/Tail159_R/Tail1510_R/Tail1511_R/Tail1512_R/Tail6_R/Tail6_R_end/Tail6_R_end_end/Tail6_R_end_end_end/RightTailTip_Anchor
  aim VFX: PlayerYoru_1.1/Cat_All_10_Tails_v4/Group/DeformationSystem/root/Root_M/Tail15_R/Tail151_R/Tail152_R/Tail153_R/Tail154_R/Tail155_R/Tail156_R/Tail157_R/Tail158_R/Tail159_R/Tail1510_R/Tail1511_R/Tail1512_R/Tail6_R/Tail6_R_end/Tail6_R_end_end/Tail6_R_end_end_end/RightTailTip_Anchor/vfx_Muzzle_Fireball01Blue
[     1    0.000 x1.00] LOG  [PlayerCombat] Phase 2 form gate CONNECTED (FormController found on this GameObject).
[     1    0.000 x1.00] LOG  [Combat] PlayerCombat initialized — Phase 3C v27
[     1    0.000 x1.00] LOG  [RingMesh] VFX Status:
[     1    0.000 x1.00] LOG    Left: Prefab=✓, Spawn=Tail6_L_end_end_end
[     1    0.000 x1.00] LOG    Right: Prefab=✓, Spawn=Tail6_R_end_end_end
[     1    0.000 x1.00] LOG  === VFX MANAGER INITIALIZED ===
[     1    0.000 x1.00] LOG  Auto-detect animations: False
[     1    0.000 x1.00] LOG  Parent effects to tail: True
[     1    0.000 x1.00] LOG  Prefabs: Jump=True, Land=True, LTail=True, RTail=True
[     1    0.000 x1.00] LOG  ✅ Left Tail Tip: LeftTailVFX
[     1    0.000 x1.00] LOG  ✅ Right Tail Tip: RightTailTip_Anchor
[     1    0.000 x1.00] LOG  [StormWeather] layer 'TerrainLayer_Dirt_01' dry smoothness=0.00 (restore to this if a crash ever leaves it wet)
[     1    0.000 x1.00] LOG  [StormWeather] COZY bridge: Rain_Cave retired — COZY owns the rain now.
[     1    0.000 x1.00] LOG  [StormWeather] COZY → 'Receeding Storm' (phase 1 — dark clouds gather)
[     1    0.000 x1.00] LOG  [StormWeather] Ready. Rain on, floor drying... wait, soaking.
[     1    0.000 x1.00] LOG  [FreezeDebug v3] Armed. Manual=L. Auto=True. Buffer=60 snaps @ 0.1s = 6.0s history.
[     1    0.000 x1.00] LOG  [BossBar] BossHealthBarUI initialized
[     1    0.000 x1.00] LOG  OniBoss initialized with 500 HP
[     1    0.000 x1.00] LOG  [OniBoss] ANIMATOR SETUP: cullingMode=CullUpdateTransforms updateMode=Normal applyRootMotion=False speed=1
[     1    0.000 x1.00] LOG  [OniBoss] Initialized
[     1    0.000 x1.00] LOG  [OniBoss:Layer] facing: minFlat 1m, snapOnAttack off, trackInHitReact off
[     1    0.000 x1.00] LOG  [OniBoss:Layer] Yoru launch model ON: launches ALL THE WAY to an enemy within 4.7m of its surface at 10m/s (stop gap 0.00m, NO minimum distance), else steps 0.90m forward. Targeting cone left exactly as her prefab has it.
[     1    0.000 x1.00] LOG  [OniBoss:Layer] Yoru launch ROUND 9: airborne attacks launch too (ON), edge probe now runs on its OWN layer mask (Everything) instead of the line-of-sight mask - the Ground-only mask found no floor in this cave and was cancelling 100% of launches at 0.00m travelled.
[     1    0.000 x1.00] LOG  [OniBoss:Layer] animator speed x1.35 — his 1.13s swing now plays in 0.84s.
[     1    0.000 x1.00] LOG  [OniBoss:Layer] chase speed pushed: phase1 4.5, phase2 5.5 (Yoru runs at 7).
[     1    0.000 x1.00] LOG  [OniBoss:Layer] ground wave ON (round 38): half the club's damage on TOUCH, 12m/s x 6.0m from 1.6m in front at 0.35m height — a club hit cancels that swing's wave, jumping clears it. Per-attack effects come from the Swing Wave VFX By Attack rows. PlayerHealth found, PlayerMovement found.
[     1    0.000 x1.00] LOG  [StormWeather] storm break HELD (waiting for the lightning beat)
[     1    0.000 x1.00] LOG  [OniBoss:Layer] storm break HELD — it releases at the lightning-on-the-club beat.
[     1    0.000 x1.00] LOG  [OniBoss:Layer] club tracking ON — tip 'Kanabo3' (depth 4), shaft root 'kanabo'.
[     1    0.000 x1.00] LOG  [OniBoss:Layer] skinned meshes: 46 renderer(s), updateWhenOffscreen ON, body renderer 'Body' rootBone 'Hips'
[     1    0.000 x1.00] LOG  [OniBoss:Layer] charge travel bone: 'Hips' at depth 1 under 'OniBoss', rest local (0.00, 3.24, -0.24)
[     1    0.000 x1.00] LOG  [OniBoss:Layer] anti-kite ON: thrown swing after 4s of failed chase (within 7.6m), charge after 6s.
[     1    0.000 x1.00] LOG  [OniBoss:Layer] charge drive ON (windup to 0.40 at x1.3, rush 14m/s stops at 2.6m, steers 0.35s then commits, strike section from 0.58, strike moment 0.76, trail VFX off)
[     1    0.000 x1.00] LOG  [OniBoss:Layer] attack armor ON (his swings are not interrupted by light/medium hits; heavy hits and rapid-hit bursts still stop him)
[     1    0.000 x1.00] LOG  [OniBoss:Layer] strike moments overridden: Club_Swing=0.42 ClubSwing2=0.32 ClubSlam=0.85 KanaboSweep=0.48
[     1    0.000 x1.00] LOG  [OniBoss:Layer] club TOUCH hits ON (radius 0.70m, min tip speed 50m/s, armed from 0.20 of the clip): Club_Swing ClubSwing2 ClubSlam KanaboSweep. First touch wins — club full damage, wave half, one hit per swing.
[     1    0.000 x1.00] LOG  [OniBoss:Layer] combo damage ramp ON: mid x1.25, finisher x1.50 — finisher wave carries FULL damage at x2.0 size, x2.0 travel.
[     1    0.000 x1.00] LOG  [OniBoss:Layer] charge follow-up ON: 90 % of solo charges chain into a random melee finisher.
[     1    0.000 x1.00] LOG  [OniBoss:Layer] hold-ground ON (backstep 1.5m @ 1.6m/s after own attacks, watch 'Watch', attack facing LOCKED)
[     1    0.000 x1.00] LOG  [OniBoss:Layer] OniBoss layer ready (reactions, wake-on-hit, watch stance, boss bar). player=found
[     1    0.000 x1.00] LOG  [OniBoss:Layer] charge clip 'Oni Charge.fbx' imports with Root Motion Node = None (in place) — good.
[     1    0.000 x1.00] LOG  [OniBoss:Layer] clips importing with Root Transform Position (Y) NOT baked into pose (12): Oni_Alert(Oni Alert), Club_Slam(Oni Club Slam), Club_Swing(Oni Club Swing), Club_swing2(Oni Club Swing 2), Death(Oni Death Kneel), Hit_react_light(Oni Hit react lighter light), KanaboSweep(Oni Kanabo sweep), Phase_Transition(Oni Phase transition), run(Oni Run), Walk(Oni Walk), Watch(Oni Watch), Idle(Oni Idle) — their hips' up/down motion is stripped (see round notes; optional).
[     1    0.000 x1.00] LOG  [VolumetricFogController] Found VolumetricFog component on mainCamera (1)
[     1    0.000 x1.00] LOG  [VolumetricFogController] Reflection init: density=True, height=True, baselineHeight=True, alpha=True, noiseStrength=True, lightScatteringExposure=True
[     1    0.000 x1.00] LOG  [VolumetricFogController] Initialized with Neutral preset (height=60, baselineHeight=0)
[     1    0.000 x1.00] WARN [VolumetricFogController] WorldStateManager not found!
[     1    0.000 x1.00] LOG  [CameraGameFeel] CameraGameFeel initialized (shake + FOV)
[     1    2.608 x1.00] LOG  [OniBoss] Playing animation: Idle
[     1    2.608 x1.00] LOG  [OniBoss:Layer] watch stance ON (player 13.4m)
[    11    3.430 x1.00] LOG  💨 Landing VFX spawned!
[    11    3.430 x1.00] LOG  ✅ LANDED! (was jump #0)
[   149    5.585 x1.00] LOG  
==================== [FREEZE-DEBUG v3] ====================
  Reason : WASD-NOMOVE: WASD recent + speed 0.00m/s for 0.41s
  Time   : 2.451s   Frame: 149   Snaps: 23
===========================================================

--- CURRENT STATE ---
  Flags: atk=False hvy=False dod=False dsh=False
         grd=False hit=False aerial=False lockPos=False
         comboStep=0
  Anim : speed=1.00  combatLayer hash=-792875657 normT=2.437 weight=1.00 inTransition=False
  CC   : grounded=True  enabled=True  pos=(475.04, 1.01, 427.76)  vel=(0.00, -0.19, 0.00)
  Move : IsRunning=False
  Input: H=0.00 V=1.00  LMB=False MMB=False Q=False Sp=False Sh=False C=False
         WASD pressed in last 0.5s: True (last 0.00s ago)

--- FLIGHT RECORDER (23 snapshots, oldest first, dt=0.10s) ---
  Legend: flags = A(tk) H(vy) D(od) S(sh) G(rd) R(eact) Y(aerial) L(ock)   gnd/cc: Y/n
  t-now    flags     step gnd cc anSp normT layW tr | posX     posZ     spd   | H    V    LMB MMB Q  Sp Sh C
  ------   --------  ---- --- -- ---- ----- ---- -- | -----    -----    ----  | ---- ---- --- --- -- -- -- -
  - 2.45s  --------    0  n   Y  1.00  0.00 1.00 -  |   474.5    427.2  0.00 |  0.0  0.0 0   0   0  0  0  0
  - 2.33s  --------    0  n   Y  1.00  0.02 1.00 -  |   474.5    427.2  0.00 |  0.0  0.0 0   0   0  0  0  0
  - 2.21s  --------    0  n   Y  1.00  0.22 1.00 -  |   474.5    427.2  0.00 |  0.0  0.0 0   0   0  0  0  0
  - 2.09s  --------    0  Y   Y  1.00  0.34 1.00 -  |   474.5    427.2  0.00 |  0.0  0.0 0   0   0  0  0  0
  - 1.98s  --------    0  Y   Y  1.00  0.45 1.00 -  |   474.5    427.2  0.00 |  0.0  0.0 0   0   0  0  0  0
  - 1.87s  --------    0  Y   Y  1.00  0.56 1.00 -  |   474.5    427.2  0.00 |  0.0  0.0 0   0   0  0  0  0
  - 1.76s  --------    0  Y   Y  1.00  0.67 1.00 -  |   474.5    427.2  0.00 |  0.0  0.0 0   0   0  0  0  0
  - 1.64s  --------    0  Y   Y  1.00  0.79 1.00 -  |   474.5    427.2  0.00 |  0.0  0.0 0   0   0  0  0  0
  - 1.53s  --------    0  Y   Y  1.00  0.91 1.00 -  |   474.5    427.2  0.00 |  0.0  0.0 0   0   0  0  0  0
  - 1.43s  --------    0  Y   Y  1.00  1.01 1.00 -  |   474.5    427.2  0.00 |  0.0  0.0 0   0   0  0  0  0
  - 1.33s  --------    0  Y   Y  1.00  1.11 1.00 -  |   474.5    427.2  0.00 |  0.0  0.0 0   0   0  0  0  0
  - 1.23s  --------    0  Y   Y  1.00  1.21 1.00 -  |   474.5    427.2  0.00 |  0.0  0.0 0   0   0  0  0  0
  - 1.12s  --------    0  Y   Y  1.00  1.31 1.00 -  |   474.5    427.2  0.00 |  0.0  0.0 0   0   0  0  0  0
  - 1.02s  --------    0  Y   Y  1.00  1.41 1.00 -  |   474.5    427.2  0.00 |  0.0  0.0 0   0   0  0  0  0
  - 0.91s  --------    0  Y   Y  1.00  1.52 1.00 -  |   474.5    427.2  0.00 |  0.0  0.0 0   0   0  0  0  0
  - 0.81s  --------    0  Y   Y  1.00  1.63 1.00 -  |   474.5    427.2  0.00 |  0.0  0.0 0   0   0  0  0  0
  - 0.71s  --------    0  Y   Y  1.00  1.73 1.00 -  |   474.5    427.2  0.00 |  0.0  0.0 0   0   0  0  0  0
  - 0.61s  --------    0  Y   Y  1.00  1.83 1.00 -  |   474.5    427.2  0.00 |  0.0  0.0 0   0   0  0  0  0
  - 0.50s  --------    0  Y   Y  1.00  1.94 1.00 -  |   474.5    427.2  0.00 |  0.0  0.0 0   0   0  0  0  0
  - 0.39s  --------    0  Y   Y  1.00  2.04 1.00 -  |   474.5    427.2  0.00 |  0.0  1.0 0   0   0  0  0  0
  - 0.28s  --------    0  Y   Y  1.00  2.15 1.00 -  |   474.6    427.4  0.00 |  0.0  1.0 0   0   0  0  0  0
  - 0.17s  --------    0  Y   Y  1.00  2.26 1.00 -  |   474.8    427.5  0.00 |  0.0  1.0 0   0   0  0  0  0
  - 0.07s  --------    0  Y   Y  1.00  2.36 1.00 -  |   474.9    427.6  0.00 |  0.0  1.0 0   0   0  0  0  0
=========================================================== END

[   242    6.922 x1.00] LOG  [OniBoss:Layer] watch stance OFF, back to Idle (player 16.6m)
[   443    9.894 x1.00] LOG  
==================== [FREEZE-DEBUG v3] ====================
  Reason : WASD-NOMOVE: WASD recent + speed 0.00m/s for 0.40s
  Time   : 6.760s   Frame: 443   Snaps: 60
===========================================================

--- CURRENT STATE ---
  Flags: atk=False hvy=False dod=False dsh=False
         grd=False hit=False aerial=False lockPos=False
         comboStep=0
  Anim : speed=1.00  combatLayer hash=-792875657 normT=6.746 weight=1.00 inTransition=False
  CC   : grounded=False  enabled=True  pos=(474.12, 1.25, 424.98)  vel=(0.00, -2.45, 0.00)
  Move : IsRunning=True
  Input: H=0.00 V=1.00  LMB=False MMB=False Q=False Sp=False Sh=True C=False
         WASD pressed in last 0.5s: True (last 0.00s ago)

--- FLIGHT RECORDER (60 snapshots, oldest first, dt=0.10s) ---
  Legend: flags = A(tk) H(vy) D(od) S(sh) G(rd) R(eact) Y(aerial) L(ock)   gnd/cc: Y/n
  t-now    flags     step gnd cc anSp normT layW tr | posX     posZ     spd   | H    V    LMB MMB Q  Sp Sh C
  ------   --------  ---- --- -- ---- ----- ---- -- | -----    -----    ----  | ---- ---- --- --- -- -- -- -
  - 6.40s  --------    0  Y   Y  1.00  0.34 1.00 -  |   474.5    427.2  0.00 |  0.0  0.0 0   0   0  0  0  0
  - 6.29s  --------    0  Y   Y  1.00  0.45 1.00 -  |   474.5    427.2  0.00 |  0.0  0.0 0   0   0  0  0  0
  - 6.18s  --------    0  Y   Y  1.00  0.56 1.00 -  |   474.5    427.2  0.00 |  0.0  0.0 0   0   0  0  0  0
  - 6.07s  --------    0  Y   Y  1.00  0.67 1.00 -  |   474.5    427.2  0.00 |  0.0  0.0 0   0   0  0  0  0
  - 5.95s  --------    0  Y   Y  1.00  0.79 1.00 -  |   474.5    427.2  0.00 |  0.0  0.0 0   0   0  0  0  0
  - 5.84s  --------    0  Y   Y  1.00  0.91 1.00 -  |   474.5    427.2  0.00 |  0.0  0.0 0   0   0  0  0  0
  - 5.74s  --------    0  Y   Y  1.00  1.01 1.00 -  |   474.5    427.2  0.00 |  0.0  0.0 0   0   0  0  0  0
  - 5.64s  --------    0  Y   Y  1.00  1.11 1.00 -  |   474.5    427.2  0.00 |  0.0  0.0 0   0   0  0  0  0
  - 5.54s  --------    0  Y   Y  1.00  1.21 1.00 -  |   474.5    427.2  0.00 |  0.0  0.0 0   0   0  0  0  0
  - 5.43s  --------    0  Y   Y  1.00  1.31 1.00 -  |   474.5    427.2  0.00 |  0.0  0.0 0   0   0  0  0  0
  - 5.33s  --------    0  Y   Y  1.00  1.41 1.00 -  |   474.5    427.2  0.00 |  0.0  0.0 0   0   0  0  0  0
  - 5.22s  --------    0  Y   Y  1.00  1.52 1.00 -  |   474.5    427.2  0.00 |  0.0  0.0 0   0   0  0  0  0
  - 5.12s  --------    0  Y   Y  1.00  1.63 1.00 -  |   474.5    427.2  0.00 |  0.0  0.0 0   0   0  0  0  0
  - 5.02s  --------    0  Y   Y  1.00  1.73 1.00 -  |   474.5    427.2  0.00 |  0.0  0.0 0   0   0  0  0  0
  - 4.92s  --------    0  Y   Y  1.00  1.83 1.00 -  |   474.5    427.2  0.00 |  0.0  0.0 0   0   0  0  0  0
  - 4.81s  --------    0  Y   Y  1.00  1.94 1.00 -  |   474.5    427.2  0.00 |  0.0  0.0 0   0   0  0  0  0
  - 4.70s  --------    0  Y   Y  1.00  2.04 1.00 -  |   474.5    427.2  0.00 |  0.0  1.0 0   0   0  0  0  0
  - 4.59s  --------    0  Y   Y  1.00  2.15 1.00 -  |   474.6    427.4  0.00 |  0.0  1.0 0   0   0  0  0  0
  - 4.48s  --------    0  Y   Y  1.00  2.26 1.00 -  |   474.8    427.5  0.00 |  0.0  1.0 0   0   0  0  0  0
  - 4.38s  --------    0  Y   Y  1.00  2.36 1.00 -  |   474.9    427.6  0.00 |  0.0  1.0 0   0   0  0  0  0
  - 4.27s  --------    0  Y   Y  1.00  2.47 1.00 -  |   475.1    427.8  0.00 |  0.0  1.0 0   0   0  0  0  0
  - 4.17s  --------    0  Y   Y  1.00  2.57 1.00 -  |   475.3    428.0  0.00 |  0.0  1.0 0   0   0  0  1  0
  - 4.07s  --------    0  Y   Y  1.00  2.68 1.00 -  |   475.8    428.6  0.00 |  0.0  1.0 0   0   0  0  1  0
  - 3.96s  --------    0  Y   Y  1.00  2.78 1.00 -  |   476.2    429.1  0.00 |  0.0  1.0 0   0   0  0  1  0
  - 3.86s  --------    0  Y   Y  1.00  2.89 1.00 -  |   476.8    429.7  0.00 |  0.0  1.0 0   0   0  0  1  0
  - 3.75s  --------    0  Y   Y  1.00  3.00 1.00 -  |   477.3    430.2  0.00 |  0.0  1.0 0   0   0  0  1  0
  - 3.64s  --------    0  Y   Y  1.00  3.11 1.00 -  |   477.9    430.7  0.00 |  0.0  1.0 0   0   0  0  1  0
  - 3.52s  --------    0  Y   Y  1.00  3.22 1.00 -  |   478.6    431.0  0.00 |  0.0  1.0 0   0   0  0  1  0
  - 3.42s  --------    0  Y   Y  1.00  3.33 1.00 -  |   479.4    431.3  0.00 |  0.0  1.0 0   0   0  0  1  0
  - 3.30s  --------    0  Y   Y  1.00  3.44 1.00 -  |   480.1    431.3  0.00 |  0.0  1.0 0   0   0  0  1  0
  - 3.20s  --------    0  Y   Y  1.00  3.54 1.00 -  |   480.8    431.3  0.00 |  0.0  1.0 0   0   0  0  1  0
  - 3.10s  --------    0  Y   Y  1.00  3.65 1.00 -  |   481.6    431.1  0.00 |  0.0  1.0 0   0   0  0  1  0
  - 2.98s  --------    0  Y   Y  1.00  3.76 1.00 -  |   482.2    430.7  0.00 |  0.0  1.0 0   0   0  0  1  0
  - 2.88s  --------    0  Y   Y  1.00  3.87 1.00 -  |   482.7    430.0  0.00 |  0.0  1.0 0   0   0  0  1  0
  - 2.77s  --------    0  Y   Y  1.00  3.98 1.00 -  |   483.1    429.5  0.00 |  0.0  1.0 0   0   0  0  1  0
  - 2.65s  --------    0  Y   Y  1.00  4.09 1.00 -  |   483.6    428.8  0.00 |  0.0  0.0 0   0   0  0  1  0
  - 2.54s  --------    0  Y   Y  1.00  4.20 1.00 -  |   484.0    428.2  0.00 |  0.0  0.0 0   0   0  0  1  0
  - 2.43s  --------    0  Y   Y  1.00  4.31 1.00 -  |   484.4    427.5  0.00 |  0.0  0.0 0   0   0  0  1  0
  - 2.32s  --------    0  Y   Y  1.00  4.42 1.00 -  |   484.6    427.1  0.00 |  0.0  0.0 0   0   0  0  1  0
  - 2.22s  --------    0  Y   Y  1.00  4.52 1.00 -  |   484.6    427.1  0.00 |  0.0  0.0 0   0   0  0  1  0
  - 2.11s  --------    0  Y   Y  1.00  4.63 1.00 -  |   484.6    427.1  0.00 |  0.0  0.0 0   0   0  0  1  0
  - 2.01s  --------    0  Y   Y  1.00  4.74 1.00 -  |   484.6    427.1  0.00 |  0.0  0.0 0   0   0  0  1  0
  - 1.89s  --------    0  Y   Y  1.00  4.85 1.00 -  |   484.6    427.1  0.00 |  0.0  0.0 0   0   0  0  1  0
  - 1.79s  --------    0  Y   Y  1.00  4.96 1.00 -  |   484.6    427.1  0.00 |  0.0  0.0 0   0   0  0  1  0
  - 1.68s  --------    0  Y   Y  1.00  5.07 1.00 -  |   484.6    427.1  0.00 |  0.0  0.0 0   0   0  0  1  0
  - 1.56s  --------    0  Y   Y  1.00  5.18 1.00 -  |   484.5    427.1  0.00 |  0.0  1.0 0   0   0  0  1  0
  - 1.46s  --------    0  Y   Y  1.00  5.29 1.00 -  |   483.7    427.0  0.00 |  0.0  1.0 0   0   0  0  1  0
  - 1.35s  --------    0  Y   Y  1.00  5.39 1.00 -  |   483.0    426.8  0.00 |  0.0  1.0 0   0   0  0  1  0
  - 1.24s  --------    0  Y   Y  1.00  5.50 1.00 -  |   482.3    426.7  0.00 |  0.0  1.0 0   0   0  0  1  0
  - 1.14s  --------    0  Y   Y  1.00  5.61 1.00 -  |   481.5    426.6  0.00 |  0.0  1.0 0   0   0  0  1  0
  - 1.03s  --------    0  Y   Y  1.00  5.71 1.00 -  |   480.8    426.4  0.00 |  0.0  1.0 0   0   0  0  1  0
  - 0.93s  --------    0  Y   Y  1.00  5.82 1.00 -  |   480.1    426.3  0.00 |  0.0  1.0 0   0   0  0  1  0
  - 0.82s  --------    0  Y   Y  1.00  5.93 1.00 -  |   479.3    426.2  0.00 |  0.0  1.0 0   0   0  0  1  0
  - 0.70s  --------    0  Y   Y  1.00  6.04 1.00 -  |   478.6    426.1  0.00 |  0.0  1.0 0   0   0  0  1  0
  - 0.59s  --------    0  Y   Y  1.00  6.16 1.00 -  |   477.7    425.9  0.00 |  0.0  1.0 0   0   0  0  1  0
  - 0.48s  --------    0  Y   Y  1.00  6.26 1.00 -  |   477.1    425.8  0.00 |  0.0  1.0 0   0   0  0  1  0
  - 0.37s  --------    0  Y   Y  1.00  6.37 1.00 -  |   476.2    425.6  0.00 |  0.0  1.0 0   0   0  0  1  0
  - 0.27s  --------    0  Y   Y  1.00  6.48 1.00 -  |   475.7    425.5  0.00 |  0.0  1.0 0   0   0  0  1  0
  - 0.16s  --------    0  Y   Y  1.00  6.58 1.00 -  |   475.2    425.3  0.00 |  0.0  1.0 0   0   0  0  1  0
  - 0.06s  --------    0  Y   Y  1.00  6.69 1.00 -  |   474.4    425.1  0.00 |  0.0  1.0 0   0   0  0  1  0
=========================================================== END

[   626   12.483 x1.00] LOG  [OniBoss:Layer] watch stance ON (player 14.9m)
[   693   13.454 x1.00] LOG  [OniBoss:Layer] watch stance OFF, back to Idle (player 16.6m)
[   728   13.959 x1.00] LOG  
==================== [FREEZE-DEBUG v3] ====================
  Reason : WASD-NOMOVE: WASD recent + speed 0.00m/s for 0.41s
  Time   : 10.825s   Frame: 728   Snaps: 60
===========================================================

--- CURRENT STATE ---
  Flags: atk=False hvy=False dod=False dsh=False
         grd=False hit=False aerial=False lockPos=False
         comboStep=0
  Anim : speed=1.00  combatLayer hash=-792875657 normT=10.807 weight=1.00 inTransition=False
  CC   : grounded=True  enabled=True  pos=(476.09, 0.89, 421.76)  vel=(0.00, 0.00, 0.00)
  Move : IsRunning=True
  Input: H=-1.00 V=1.00  LMB=False MMB=False Q=False Sp=False Sh=True C=False
         WASD pressed in last 0.5s: True (last 0.00s ago)

--- FLIGHT RECORDER (60 snapshots, oldest first, dt=0.10s) ---
  Legend: flags = A(tk) H(vy) D(od) S(sh) G(rd) R(eact) Y(aerial) L(ock)   gnd/cc: Y/n
  t-now    flags     step gnd cc anSp normT layW tr | posX     posZ     spd   | H    V    LMB MMB Q  Sp Sh C
  ------   --------  ---- --- -- ---- ----- ---- -- | -----    -----    ----  | ---- ---- --- --- -- -- -- -
  - 6.39s  --------    0  Y   Y  1.00  4.42 1.00 -  |   484.6    427.1  0.00 |  0.0  0.0 0   0   0  0  1  0
  - 6.29s  --------    0  Y   Y  1.00  4.52 1.00 -  |   484.6    427.1  0.00 |  0.0  0.0 0   0   0  0  1  0
  - 6.18s  --------    0  Y   Y  1.00  4.63 1.00 -  |   484.6    427.1  0.00 |  0.0  0.0 0   0   0  0  1  0
  - 6.07s  --------    0  Y   Y  1.00  4.74 1.00 -  |   484.6    427.1  0.00 |  0.0  0.0 0   0   0  0  1  0
  - 5.96s  --------    0  Y   Y  1.00  4.85 1.00 -  |   484.6    427.1  0.00 |  0.0  0.0 0   0   0  0  1  0
  - 5.85s  --------    0  Y   Y  1.00  4.96 1.00 -  |   484.6    427.1  0.00 |  0.0  0.0 0   0   0  0  1  0
  - 5.74s  --------    0  Y   Y  1.00  5.07 1.00 -  |   484.6    427.1  0.00 |  0.0  0.0 0   0   0  0  1  0
  - 5.63s  --------    0  Y   Y  1.00  5.18 1.00 -  |   484.5    427.1  0.00 |  0.0  1.0 0   0   0  0  1  0
  - 5.52s  --------    0  Y   Y  1.00  5.29 1.00 -  |   483.7    427.0  0.00 |  0.0  1.0 0   0   0  0  1  0
  - 5.42s  --------    0  Y   Y  1.00  5.39 1.00 -  |   483.0    426.8  0.00 |  0.0  1.0 0   0   0  0  1  0
  - 5.31s  --------    0  Y   Y  1.00  5.50 1.00 -  |   482.3    426.7  0.00 |  0.0  1.0 0   0   0  0  1  0
  - 5.21s  --------    0  Y   Y  1.00  5.61 1.00 -  |   481.5    426.6  0.00 |  0.0  1.0 0   0   0  0  1  0
  - 5.10s  --------    0  Y   Y  1.00  5.71 1.00 -  |   480.8    426.4  0.00 |  0.0  1.0 0   0   0  0  1  0
  - 4.99s  --------    0  Y   Y  1.00  5.82 1.00 -  |   480.1    426.3  0.00 |  0.0  1.0 0   0   0  0  1  0
  - 4.88s  --------    0  Y   Y  1.00  5.93 1.00 -  |   479.3    426.2  0.00 |  0.0  1.0 0   0   0  0  1  0
  - 4.77s  --------    0  Y   Y  1.00  6.04 1.00 -  |   478.6    426.1  0.00 |  0.0  1.0 0   0   0  0  1  0
  - 4.65s  --------    0  Y   Y  1.00  6.16 1.00 -  |   477.7    425.9  0.00 |  0.0  1.0 0   0   0  0  1  0
  - 4.55s  --------    0  Y   Y  1.00  6.26 1.00 -  |   477.1    425.8  0.00 |  0.0  1.0 0   0   0  0  1  0
  - 4.44s  --------    0  Y   Y  1.00  6.37 1.00 -  |   476.2    425.6  0.00 |  0.0  1.0 0   0   0  0  1  0
  - 4.34s  --------    0  Y   Y  1.00  6.48 1.00 -  |   475.7    425.5  0.00 |  0.0  1.0 0   0   0  0  1  0
  - 4.23s  --------    0  Y   Y  1.00  6.58 1.00 -  |   475.2    425.3  0.00 |  0.0  1.0 0   0   0  0  1  0
  - 4.12s  --------    0  Y   Y  1.00  6.69 1.00 -  |   474.4    425.1  0.00 |  0.0  1.0 0   0   0  0  1  0
  - 4.02s  --------    0  n   Y  1.00  6.79 1.00 -  |   473.9    424.9  0.00 |  0.0  1.0 0   0   0  0  1  0
  - 3.92s  --------    0  Y   Y  1.00  6.89 1.00 -  |   473.4    424.7  0.00 |  0.0  1.0 0   0   0  0  1  0
  - 3.81s  --------    0  Y   Y  1.00  7.00 1.00 -  |   472.7    424.4  0.00 |  0.0  1.0 0   0   0  0  1  0
  - 3.70s  --------    0  Y   Y  1.00  7.11 1.00 -  |   471.9    424.1  0.00 |  0.0  1.0 0   0   0  0  1  0
  - 3.59s  --------    0  Y   Y  1.00  7.22 1.00 -  |   471.3    423.8  0.00 |  0.0  1.0 0   0   0  0  1  0
  - 3.48s  --------    0  Y   Y  1.00  7.33 1.00 -  |   470.5    423.5  0.00 |  0.0  1.0 0   0   0  0  1  0
  - 3.37s  --------    0  Y   Y  1.00  7.44 1.00 -  |   469.9    423.3  0.00 |  0.0  1.0 0   0   0  0  1  0
  - 3.26s  --------    0  Y   Y  1.00  7.55 1.00 -  |   469.1    423.0  0.00 |  0.0  1.0 0   0   0  0  1  0
  - 3.14s  --------    0  Y   Y  1.00  7.67 1.00 -  |   468.3    422.7  0.00 |  0.0  1.0 0   0   0  0  1  0
  - 3.03s  --------    0  Y   Y  1.00  7.78 1.00 -  |   467.6    422.5  0.00 |  0.0  1.0 0   0   0  0  1  0
  - 2.92s  --------    0  Y   Y  1.00  7.89 1.00 -  |   466.8    422.2  0.00 |  0.0  1.0 0   0   0  0  1  0
  - 2.82s  --------    0  Y   Y  1.00  8.00 1.00 -  |   466.2    421.9  0.00 |  0.0  1.0 0   0   0  0  1  0
  - 2.71s  --------    0  Y   Y  1.00  8.11 1.00 -  |   465.5    421.7  0.00 |  0.0  1.0 0   0   0  0  1  0
  - 2.60s  --------    0  Y   Y  1.00  8.21 1.00 -  |   464.7    421.4  0.00 |  0.0  1.0 0   0   0  0  1  0
  - 2.49s  --------    0  Y   Y  1.00  8.32 1.00 -  |   464.1    421.1  0.00 |  0.0  1.0 0   0   0  0  1  0
  - 2.39s  --------    0  Y   Y  1.00  8.42 1.00 -  |   463.7    420.5  0.00 |  0.0  1.0 0   0   0  0  1  0
  - 2.28s  --------    0  Y   Y  1.00  8.53 1.00 -  |   463.9    419.8  0.00 |  0.0  0.0 0   0   0  0  1  0
  - 2.18s  --------    0  Y   Y  1.00  8.63 1.00 -  |   464.5    419.5  0.00 | -1.0  0.0 0   0   0  0  1  0
  - 2.07s  --------    0  Y   Y  1.00  8.75 1.00 -  |   465.1    419.8  0.00 | -1.0  0.0 0   0   0  0  1  0
  - 1.97s  --------    0  Y   Y  1.00  8.84 1.00 -  |   465.4    420.6  0.00 | -1.0  0.0 0   0   0  0  1  0
  - 1.86s  --------    0  Y   Y  1.00  8.95 1.00 -  |   465.7    421.3  0.00 | -1.0  0.0 0   0   0  0  1  0
  - 1.75s  --------    0  Y   Y  1.00  9.06 1.00 -  |   466.0    421.9  0.00 | -1.0  0.0 0   0   0  0  1  0
  - 1.64s  --------    0  Y   Y  1.00  9.18 1.00 -  |   466.3    422.7  0.00 | -1.0  0.0 0   0   0  0  1  0
  - 1.53s  --------    0  Y   Y  1.00  9.29 1.00 -  |   466.6    423.3  0.00 | -1.0  0.0 0   0   0  0  1  0
  - 1.42s  --------    0  Y   Y  1.00  9.39 1.00 -  |   467.0    424.1  0.00 |  0.0  1.0 0   0   0  0  1  0
  - 1.32s  --------    0  Y   Y  1.00  9.50 1.00 -  |   467.5    424.5  0.00 |  0.0  1.0 0   0   0  0  1  0
  - 1.20s  --------    0  Y   Y  1.00  9.61 1.00 -  |   468.3    424.7  0.00 |  0.0  1.0 0   0   0  0  1  0
  - 1.09s  --------    0  Y   Y  1.00  9.72 1.00 -  |   469.0    424.5  0.00 |  0.0  1.0 0   0   0  0  1  0
  - 0.99s  --------    0  Y   Y  1.00  9.82 1.00 -  |   469.6    424.2  0.00 |  0.0  1.0 0   0   0  0  1  0
  - 0.87s  --------    0  Y   Y  1.00  9.93 1.00 -  |   470.4    423.9  0.00 |  0.0  1.0 0   0   0  0  1  0
  - 0.77s  --------    0  Y   Y  1.00 10.04 1.00 -  |   471.0    423.6  0.00 |  0.0  1.0 0   0   0  0  1  0
  - 0.67s  --------    0  Y   Y  1.00 10.14 1.00 -  |   471.6    423.3  0.00 |  0.0  1.0 0   0   0  0  1  0
  - 0.55s  --------    0  Y   Y  1.00 10.26 1.00 -  |   472.4    423.0  0.00 |  0.0  1.0 0   0   0  0  1  0
  - 0.45s  --------    0  Y   Y  1.00 10.36 1.00 -  |   473.1    422.7  0.00 |  0.0  1.0 0   0   0  0  1  0
  - 0.34s  --------    0  Y   Y  1.00 10.47 1.00 -  |   473.8    422.4  0.00 |  0.0  1.0 0   0   0  0  1  0
  - 0.23s  --------    0  Y   Y  1.00 10.59 1.00 -  |   474.5    422.1  0.00 |  0.0  1.0 0   0   0  0  1  0
  - 0.12s  --------    0  Y   Y  1.00 10.69 1.00 -  |   475.3    421.8  0.00 | -1.0  1.0 0   0   0  0  1  0
  - 0.00s  --------    0  Y   Y  1.00 10.81 1.00 -  |   476.1    421.8  0.00 | -1.0  1.0 0   0   0  0  1  0
=========================================================== END

[  1008   18.022 x1.00] LOG  
==================== [FREEZE-DEBUG v3] ====================
  Reason : WASD-NOMOVE: WASD recent + speed 0.00m/s for 0.41s
  Time   : 14.888s   Frame: 1008   Snaps: 60
===========================================================

--- CURRENT STATE ---
  Flags: atk=False hvy=False dod=False dsh=False
         grd=False hit=False aerial=False lockPos=False
         comboStep=0
  Anim : speed=1.00  combatLayer hash=-792875657 normT=14.876 weight=1.00 inTransition=False
  CC   : grounded=True  enabled=True  pos=(496.21, -0.02, 430.47)  vel=(0.00, 0.00, 0.00)
  Move : IsRunning=True
  Input: H=0.00 V=1.00  LMB=False MMB=False Q=False Sp=False Sh=True C=False
         WASD pressed in last 0.5s: True (last 0.00s ago)

--- FLIGHT RECORDER (60 snapshots, oldest first, dt=0.10s) ---
  Legend: flags = A(tk) H(vy) D(od) S(sh) G(rd) R(eact) Y(aerial) L(ock)   gnd/cc: Y/n
  t-now    flags     step gnd cc anSp normT layW tr | posX     posZ     spd   | H    V    LMB MMB Q  Sp Sh C
  ------   --------  ---- --- -- ---- ----- ---- -- | -----    -----    ----  | ---- ---- --- --- -- -- -- -
  - 6.45s  --------    0  Y   Y  1.00  8.42 1.00 -  |   463.7    420.5  0.00 |  0.0  1.0 0   0   0  0  1  0
  - 6.34s  --------    0  Y   Y  1.00  8.53 1.00 -  |   463.9    419.8  0.00 |  0.0  0.0 0   0   0  0  1  0
  - 6.24s  --------    0  Y   Y  1.00  8.63 1.00 -  |   464.5    419.5  0.00 | -1.0  0.0 0   0   0  0  1  0
  - 6.13s  --------    0  Y   Y  1.00  8.75 1.00 -  |   465.1    419.8  0.00 | -1.0  0.0 0   0   0  0  1  0
  - 6.03s  --------    0  Y   Y  1.00  8.84 1.00 -  |   465.4    420.6  0.00 | -1.0  0.0 0   0   0  0  1  0
  - 5.92s  --------    0  Y   Y  1.00  8.95 1.00 -  |   465.7    421.3  0.00 | -1.0  0.0 0   0   0  0  1  0
  - 5.81s  --------    0  Y   Y  1.00  9.06 1.00 -  |   466.0    421.9  0.00 | -1.0  0.0 0   0   0  0  1  0
  - 5.70s  --------    0  Y   Y  1.00  9.18 1.00 -  |   466.3    422.7  0.00 | -1.0  0.0 0   0   0  0  1  0
  - 5.59s  --------    0  Y   Y  1.00  9.29 1.00 -  |   466.6    423.3  0.00 | -1.0  0.0 0   0   0  0  1  0
  - 5.48s  --------    0  Y   Y  1.00  9.39 1.00 -  |   467.0    424.1  0.00 |  0.0  1.0 0   0   0  0  1  0
  - 5.38s  --------    0  Y   Y  1.00  9.50 1.00 -  |   467.5    424.5  0.00 |  0.0  1.0 0   0   0  0  1  0
  - 5.26s  --------    0  Y   Y  1.00  9.61 1.00 -  |   468.3    424.7  0.00 |  0.0  1.0 0   0   0  0  1  0
  - 5.15s  --------    0  Y   Y  1.00  9.72 1.00 -  |   469.0    424.5  0.00 |  0.0  1.0 0   0   0  0  1  0
  - 5.05s  --------    0  Y   Y  1.00  9.82 1.00 -  |   469.6    424.2  0.00 |  0.0  1.0 0   0   0  0  1  0
  - 4.93s  --------    0  Y   Y  1.00  9.93 1.00 -  |   470.4    423.9  0.00 |  0.0  1.0 0   0   0  0  1  0
  - 4.83s  --------    0  Y   Y  1.00 10.04 1.00 -  |   471.0    423.6  0.00 |  0.0  1.0 0   0   0  0  1  0
  - 4.73s  --------    0  Y   Y  1.00 10.14 1.00 -  |   471.6    423.3  0.00 |  0.0  1.0 0   0   0  0  1  0
  - 4.62s  --------    0  Y   Y  1.00 10.26 1.00 -  |   472.4    423.0  0.00 |  0.0  1.0 0   0   0  0  1  0
  - 4.51s  --------    0  Y   Y  1.00 10.36 1.00 -  |   473.1    422.7  0.00 |  0.0  1.0 0   0   0  0  1  0
  - 4.40s  --------    0  Y   Y  1.00 10.47 1.00 -  |   473.8    422.4  0.00 |  0.0  1.0 0   0   0  0  1  0
  - 4.29s  --------    0  Y   Y  1.00 10.59 1.00 -  |   474.5    422.1  0.00 |  0.0  1.0 0   0   0  0  1  0
  - 4.18s  --------    0  Y   Y  1.00 10.69 1.00 -  |   475.3    421.8  0.00 | -1.0  1.0 0   0   0  0  1  0
  - 4.06s  --------    0  Y   Y  1.00 10.81 1.00 -  |   476.1    421.8  0.00 | -1.0  1.0 0   0   0  0  1  0
  - 3.96s  --------    0  Y   Y  1.00 10.92 1.00 -  |   476.8    421.9  0.00 | -1.0  1.0 0   0   0  0  1  0
  - 3.85s  --------    0  Y   Y  1.00 11.02 1.00 -  |   477.4    422.1  0.00 | -1.0  1.0 0   0   0  0  1  0
  - 3.75s  --------    0  Y   Y  1.00 11.13 1.00 -  |   478.2    422.5  0.00 | -1.0  1.0 0   0   0  0  1  0
  - 3.63s  --------    0  Y   Y  1.00 11.24 1.00 -  |   478.9    422.7  0.00 | -1.0  1.0 0   0   0  0  1  0
  - 3.53s  --------    0  Y   Y  1.00 11.35 1.00 -  |   479.5    423.0  0.00 | -1.0  1.0 0   0   0  0  1  0
  - 3.42s  --------    0  Y   Y  1.00 11.46 1.00 -  |   480.3    423.2  0.00 |  0.0  1.0 0   0   0  0  1  0
  - 3.31s  --------    0  Y   Y  1.00 11.57 1.00 -  |   481.0    423.3  0.00 |  0.0  1.0 0   0   0  0  1  0
  - 3.21s  --------    0  Y   Y  1.00 11.66 1.00 -  |   481.7    423.3  0.00 |  0.0  1.0 0   0   0  0  1  0
  - 3.10s  --------    0  Y   Y  1.00 11.77 1.00 -  |   482.5    423.0  0.00 |  0.0  1.0 0   0   0  0  1  0
  - 3.00s  --------    0  Y   Y  1.00 11.88 1.00 -  |   483.1    422.7  0.00 |  0.0  1.0 0   0   0  0  1  0
  - 2.88s  --------    0  Y   Y  1.00 11.99 1.00 -  |   483.9    422.3  0.00 |  0.0  1.0 0   0   0  0  1  0
  - 2.78s  --------    0  Y   Y  1.00 12.10 1.00 -  |   484.5    422.1  0.00 |  0.0  1.0 0   0   0  0  1  0
  - 2.68s  --------    0  Y   Y  1.00 12.20 1.00 -  |   485.2    421.8  0.00 |  0.0  1.0 0   0   0  0  1  0
  - 2.57s  --------    0  Y   Y  1.00 12.30 1.00 -  |   485.8    421.5  0.00 |  0.0  1.0 0   0   0  0  1  0
  - 2.46s  --------    0  Y   Y  1.00 12.41 1.00 -  |   486.6    421.2  0.00 |  0.0  1.0 0   0   0  0  1  0
  - 2.36s  --------    0  Y   Y  1.00 12.52 1.00 -  |   487.2    420.9  0.00 |  0.0  1.0 0   0   0  0  1  0
  - 2.25s  --------    0  Y   Y  1.00 12.62 1.00 -  |   487.9    420.6  0.00 |  0.0  1.0 0   0   0  0  1  0
  - 2.14s  --------    0  Y   Y  1.00 12.73 1.00 -  |   488.6    420.3  0.00 |  0.0  1.0 0   0   0  0  1  0
  - 2.03s  --------    0  Y   Y  1.00 12.84 1.00 -  |   489.3    420.1  0.00 |  0.0  1.0 0   0   0  0  1  0
  - 1.92s  --------    0  Y   Y  1.00 12.95 1.00 -  |   490.1    420.2  0.00 |  0.0  1.0 0   0   0  0  1  0
  - 1.81s  --------    0  Y   Y  1.00 13.06 1.00 -  |   490.8    420.4  0.00 |  0.0  1.0 0   0   0  0  1  0
  - 1.71s  --------    0  Y   Y  1.00 13.16 1.00 -  |   491.4    420.7  0.00 |  0.0  1.0 0   0   0  0  1  0
  - 1.60s  --------    0  Y   Y  1.00 13.27 1.00 -  |   492.1    421.3  0.00 | -1.0  1.0 0   0   0  0  1  0
  - 1.49s  --------    0  Y   Y  1.00 13.38 1.00 -  |   492.3    421.9  0.00 | -1.0  1.0 0   0   0  0  1  0
  - 1.39s  --------    0  Y   Y  1.00 13.49 1.00 -  |   492.4    422.6  0.00 | -1.0  1.0 0   0   0  0  1  0
  - 1.28s  --------    0  Y   Y  1.00 13.60 1.00 -  |   492.3    423.5  0.00 | -1.0  1.0 0   0   0  0  1  0
  - 1.17s  --------    0  Y   Y  1.00 13.70 1.00 -  |   492.2    424.1  0.00 |  0.0  1.0 0   0   0  0  1  0
  - 1.06s  --------    0  Y   Y  1.00 13.81 1.00 -  |   492.2    425.0  0.00 |  0.0  1.0 0   0   0  0  1  0
  - 0.95s  --------    0  Y   Y  1.00 13.92 1.00 -  |   492.4    425.7  0.00 |  0.0  1.0 0   0   0  0  1  0
  - 0.84s  --------    0  Y   Y  1.00 14.03 1.00 -  |   492.6    426.5  0.00 |  0.0  1.0 0   0   0  0  1  0
  - 0.73s  --------    0  Y   Y  1.00 14.14 1.00 -  |   492.8    427.1  0.00 |  0.0  1.0 0   0   0  0  1  0
  - 0.63s  --------    0  Y   Y  1.00 14.24 1.00 -  |   493.1    427.8  0.00 |  0.0  1.0 0   0   0  0  1  0
  - 0.53s  --------    0  Y   Y  1.00 14.35 1.00 -  |   493.3    428.5  0.00 |  0.0  1.0 0   0   0  0  1  0
  - 0.42s  --------    0  Y   Y  1.00 14.45 1.00 -  |   493.7    429.2  0.00 |  0.0  1.0 0   0   0  0  1  0
  - 0.31s  --------    0  Y   Y  1.00 14.56 1.00 -  |   494.1    429.7  0.00 |  0.0  1.0 0   0   0  0  1  0
  - 0.21s  --------    0  Y   Y  1.00 14.66 1.00 -  |   494.7    430.1  0.00 |  0.0  1.0 0   0   0  0  1  0
  - 0.10s  --------    0  Y   Y  1.00 14.77 1.00 -  |   495.5    430.4  0.00 |  0.0  1.0 0   0   0  0  1  0
=========================================================== END

[  1267   21.900 x1.00] LOG  [OniBoss:Layer] watch stance ON (player 14.9m)
[  1279   22.090 x1.00] LOG  
==================== [FREEZE-DEBUG v3] ====================
  Reason : WASD-NOMOVE: WASD recent + speed 0.00m/s for 0.41s
  Time   : 18.956s   Frame: 1279   Snaps: 60
===========================================================

--- CURRENT STATE ---
  Flags: atk=False hvy=False dod=False dsh=False
         grd=False hit=False aerial=False lockPos=False
         comboStep=0
  Anim : speed=1.00  combatLayer hash=-792875657 normT=18.942 weight=1.00 inTransition=False
  CC   : grounded=True  enabled=True  pos=(481.34, -0.02, 437.36)  vel=(0.00, 0.00, 0.00)
  Move : IsRunning=True
  Input: H=0.00 V=1.00  LMB=False MMB=False Q=False Sp=False Sh=True C=False
         WASD pressed in last 0.5s: True (last 0.00s ago)

--- FLIGHT RECORDER (60 snapshots, oldest first, dt=0.10s) ---
  Legend: flags = A(tk) H(vy) D(od) S(sh) G(rd) R(eact) Y(aerial) L(ock)   gnd/cc: Y/n
  t-now    flags     step gnd cc anSp normT layW tr | posX     posZ     spd   | H    V    LMB MMB Q  Sp Sh C
  ------   --------  ---- --- -- ---- ----- ---- -- | -----    -----    ----  | ---- ---- --- --- -- -- -- -
  - 6.43s  --------    0  Y   Y  1.00 12.52 1.00 -  |   487.2    420.9  0.00 |  0.0  1.0 0   0   0  0  1  0
  - 6.32s  --------    0  Y   Y  1.00 12.62 1.00 -  |   487.9    420.6  0.00 |  0.0  1.0 0   0   0  0  1  0
  - 6.21s  --------    0  Y   Y  1.00 12.73 1.00 -  |   488.6    420.3  0.00 |  0.0  1.0 0   0   0  0  1  0
  - 6.10s  --------    0  Y   Y  1.00 12.84 1.00 -  |   489.3    420.1  0.00 |  0.0  1.0 0   0   0  0  1  0
  - 5.99s  --------    0  Y   Y  1.00 12.95 1.00 -  |   490.1    420.2  0.00 |  0.0  1.0 0   0   0  0  1  0
  - 5.88s  --------    0  Y   Y  1.00 13.06 1.00 -  |   490.8    420.4  0.00 |  0.0  1.0 0   0   0  0  1  0
  - 5.78s  --------    0  Y   Y  1.00 13.16 1.00 -  |   491.4    420.7  0.00 |  0.0  1.0 0   0   0  0  1  0
  - 5.67s  --------    0  Y   Y  1.00 13.27 1.00 -  |   492.1    421.3  0.00 | -1.0  1.0 0   0   0  0  1  0
  - 5.56s  --------    0  Y   Y  1.00 13.38 1.00 -  |   492.3    421.9  0.00 | -1.0  1.0 0   0   0  0  1  0
  - 5.46s  --------    0  Y   Y  1.00 13.49 1.00 -  |   492.4    422.6  0.00 | -1.0  1.0 0   0   0  0  1  0
  - 5.35s  --------    0  Y   Y  1.00 13.60 1.00 -  |   492.3    423.5  0.00 | -1.0  1.0 0   0   0  0  1  0
  - 5.24s  --------    0  Y   Y  1.00 13.70 1.00 -  |   492.2    424.1  0.00 |  0.0  1.0 0   0   0  0  1  0
  - 5.13s  --------    0  Y   Y  1.00 13.81 1.00 -  |   492.2    425.0  0.00 |  0.0  1.0 0   0   0  0  1  0
  - 5.02s  --------    0  Y   Y  1.00 13.92 1.00 -  |   492.4    425.7  0.00 |  0.0  1.0 0   0   0  0  1  0
  - 4.91s  --------    0  Y   Y  1.00 14.03 1.00 -  |   492.6    426.5  0.00 |  0.0  1.0 0   0   0  0  1  0
  - 4.80s  --------    0  Y   Y  1.00 14.14 1.00 -  |   492.8    427.1  0.00 |  0.0  1.0 0   0   0  0  1  0
  - 4.70s  --------    0  Y   Y  1.00 14.24 1.00 -  |   493.1    427.8  0.00 |  0.0  1.0 0   0   0  0  1  0
  - 4.60s  --------    0  Y   Y  1.00 14.35 1.00 -  |   493.3    428.5  0.00 |  0.0  1.0 0   0   0  0  1  0
  - 4.49s  --------    0  Y   Y  1.00 14.45 1.00 -  |   493.7    429.2  0.00 |  0.0  1.0 0   0   0  0  1  0
  - 4.38s  --------    0  Y   Y  1.00 14.56 1.00 -  |   494.1    429.7  0.00 |  0.0  1.0 0   0   0  0  1  0
  - 4.28s  --------    0  Y   Y  1.00 14.66 1.00 -  |   494.7    430.1  0.00 |  0.0  1.0 0   0   0  0  1  0
  - 4.17s  --------    0  Y   Y  1.00 14.77 1.00 -  |   495.5    430.4  0.00 |  0.0  1.0 0   0   0  0  1  0
  - 4.06s  --------    0  Y   Y  1.00 14.89 1.00 -  |   496.2    430.5  0.00 |  0.0  1.0 0   0   0  0  1  0
  - 3.95s  --------    0  Y   Y  1.00 14.99 1.00 -  |   497.1    430.5  0.00 |  0.0  1.0 0   0   0  0  1  0
  - 3.85s  --------    0  Y   Y  1.00 15.10 1.00 -  |   497.8    430.5  0.00 |  0.0  1.0 0   0   0  0  1  0
  - 3.74s  --------    0  Y   Y  1.00 15.20 1.00 -  |   498.5    430.5  0.00 |  0.0  1.0 0   0   0  0  1  0
  - 3.64s  --------    0  Y   Y  1.00 15.31 1.00 -  |   499.3    430.5  0.00 |  0.0  1.0 0   0   0  0  1  0
  - 3.53s  --------    0  Y   Y  1.00 15.42 1.00 -  |   499.9    430.8  0.00 |  0.0  1.0 0   0   0  0  1  0
  - 3.42s  --------    0  Y   Y  1.00 15.53 1.00 -  |   500.3    431.4  0.00 |  0.0  1.0 0   0   0  0  1  0
  - 3.30s  --------    0  Y   Y  1.00 15.64 1.00 -  |   500.2    432.2  0.00 |  0.0  1.0 0   0   0  0  1  0
  - 3.20s  --------    0  Y   Y  1.00 15.74 1.00 -  |   499.9    432.9  0.00 |  0.0  1.0 0   0   0  0  1  0
  - 3.09s  --------    0  Y   Y  1.00 15.85 1.00 -  |   499.5    433.6  0.00 |  0.0  1.0 0   0   0  0  1  0
  - 2.99s  --------    0  Y   Y  1.00 15.96 1.00 -  |   499.1    434.1  0.00 |  0.0  1.0 0   0   0  0  1  0
  - 2.89s  --------    0  Y   Y  1.00 16.06 1.00 -  |   498.6    434.6  0.00 |  0.0  1.0 0   0   0  0  1  0
  - 2.77s  --------    0  Y   Y  1.00 16.17 1.00 -  |   497.9    435.2  0.00 |  0.0  1.0 0   0   0  0  1  0
  - 2.66s  --------    0  Y   Y  1.00 16.28 1.00 -  |   497.4    435.6  0.00 |  0.0  1.0 0   0   0  0  1  0
  - 2.55s  --------    0  Y   Y  1.00 16.39 1.00 -  |   496.7    436.1  0.00 |  0.0  1.0 0   0   0  0  1  0
  - 2.45s  --------    0  Y   Y  1.00 16.50 1.00 -  |   496.1    436.5  0.00 |  0.0  1.0 0   0   0  0  1  0
  - 2.34s  --------    0  Y   Y  1.00 16.60 1.00 -  |   495.6    437.0  0.00 |  0.0  1.0 0   0   0  0  1  0
  - 2.23s  --------    0  Y   Y  1.00 16.71 1.00 -  |   494.9    437.5  0.00 |  0.0  1.0 0   0   0  0  1  0
  - 2.12s  --------    0  Y   Y  1.00 16.82 1.00 -  |   494.3    437.8  0.00 |  0.0  1.0 0   0   0  0  1  0
  - 2.01s  --------    0  Y   Y  1.00 16.93 1.00 -  |   493.6    438.3  0.00 |  0.0  1.0 0   0   0  0  1  0
  - 1.90s  --------    0  Y   Y  1.00 17.04 1.00 -  |   493.0    438.7  0.00 |  0.0  1.0 0   0   0  0  1  0
  - 1.80s  --------    0  Y   Y  1.00 17.14 1.00 -  |   492.4    439.0  0.00 |  0.0  1.0 0   0   0  0  1  0
  - 1.69s  --------    0  Y   Y  1.00 17.25 1.00 -  |   491.7    439.4  0.00 |  0.0  1.0 0   0   0  0  1  0
  - 1.59s  --------    0  Y   Y  1.00 17.35 1.00 -  |   491.1    439.7  0.00 |  0.0  1.0 0   0   0  0  1  0
  - 1.47s  --------    0  Y   Y  1.00 17.47 1.00 -  |   490.3    440.1  0.00 |  0.0  1.0 0   0   0  0  1  0
  - 1.37s  --------    0  Y   Y  1.00 17.57 1.00 -  |   489.7    440.4  0.00 |  0.0  1.0 0   0   0  0  1  0
  - 1.26s  --------    0  Y   Y  1.00 17.68 1.00 -  |   489.1    440.7  0.00 |  0.0  1.0 0   0   0  0  1  0
  - 1.14s  --------    0  Y   Y  1.00 17.80 1.00 -  |   488.3    441.0  0.00 |  0.0  1.0 0   0   0  0  1  0
  - 1.04s  --------    0  Y   Y  1.00 17.91 1.00 -  |   487.4    440.9  0.00 |  0.0  1.0 0   0   0  0  1  0
  - 0.92s  --------    0  Y   Y  1.00 18.02 1.00 -  |   486.8    440.6  0.00 |  0.0  1.0 0   0   0  0  1  0
  - 0.81s  --------    0  Y   Y  1.00 18.13 1.00 -  |   486.1    440.1  0.00 |  0.0  1.0 0   0   0  0  1  0
  - 0.70s  --------    0  Y   Y  1.00 18.24 1.00 -  |   485.6    439.7  0.00 |  0.0  1.0 0   0   0  0  1  0
  - 0.60s  --------    0  Y   Y  1.00 18.34 1.00 -  |   485.0    439.3  0.00 |  0.0  1.0 0   0   0  0  1  0
  - 0.50s  --------    0  Y   Y  1.00 18.45 1.00 -  |   484.3    438.8  0.00 |  0.0  1.0 0   0   0  0  1  0
  - 0.39s  --------    0  Y   Y  1.00 18.55 1.00 -  |   483.7    438.4  0.00 |  0.0  1.0 0   0   0  0  1  0
  - 0.28s  --------    0  Y   Y  1.00 18.66 1.00 -  |   483.2    438.0  0.00 |  0.0  1.0 0   0   0  0  1  0
  - 0.18s  --------    0  Y   Y  1.00 18.77 1.00 -  |   482.6    437.6  0.00 |  0.0  1.0 0   0   0  0  1  0
  - 0.07s  --------    0  Y   Y  1.00 18.87 1.00 -  |   481.8    437.4  0.00 |  0.0  1.0 0   0   0  0  1  0
=========================================================== END

[  1375   23.582 x1.00] LOG  [OniBoss] LostSoul → Alert
[  1375   23.582 x1.00] LOG  [OniBoss] Playing animation: Oni_Alert
[  1375   23.582 x1.00] LOG  [BossBar] Showing bar for: Oni (500/500)
[  1375   23.582 x1.00] LOG  [OniBoss:Layer] boss bar shown
[  1409   24.094 x1.00] LOG  [OniBoss] Alert → Chase
[  1410   24.107 x1.00] LOG  [OniBoss] Pull-band decision: RUN-IN (dist 4.9m, pullRange 0m, chance 0.50)
[  1410   24.107 x1.00] LOG  [OniBoss] Playing animation: run
[  1544   26.151 x1.00] LOG  
==================== [FREEZE-DEBUG v3] ====================
  Reason : WASD-NOMOVE: WASD recent + speed 0.00m/s for 0.41s
  Time   : 23.017s   Frame: 1544   Snaps: 60
===========================================================

--- CURRENT STATE ---
  Flags: atk=False hvy=False dod=False dsh=False
         grd=False hit=False aerial=False lockPos=False
         comboStep=0
  Anim : speed=1.00  combatLayer hash=-792875657 normT=23.001 weight=1.00 inTransition=False
  CC   : grounded=True  enabled=True  pos=(468.00, -0.02, 450.49)  vel=(0.00, 0.00, 0.00)
  Move : IsRunning=True
  Input: H=0.00 V=-1.00  LMB=False MMB=False Q=False Sp=False Sh=True C=False
         WASD pressed in last 0.5s: True (last 0.00s ago)

--- FLIGHT RECORDER (60 snapshots, oldest first, dt=0.10s) ---
  Legend: flags = A(tk) H(vy) D(od) S(sh) G(rd) R(eact) Y(aerial) L(ock)   gnd/cc: Y/n
  t-now    flags     step gnd cc anSp normT layW tr | posX     posZ     spd   | H    V    LMB MMB Q  Sp Sh C
  ------   --------  ---- --- -- ---- ----- ---- -- | -----    -----    ----  | ---- ---- --- --- -- -- -- -
  - 6.40s  --------    0  Y   Y  1.00 16.60 1.00 -  |   495.6    437.0  0.00 |  0.0  1.0 0   0   0  0  1  0
  - 6.29s  --------    0  Y   Y  1.00 16.71 1.00 -  |   494.9    437.5  0.00 |  0.0  1.0 0   0   0  0  1  0
  - 6.18s  --------    0  Y   Y  1.00 16.82 1.00 -  |   494.3    437.8  0.00 |  0.0  1.0 0   0   0  0  1  0
  - 6.07s  --------    0  Y   Y  1.00 16.93 1.00 -  |   493.6    438.3  0.00 |  0.0  1.0 0   0   0  0  1  0
  - 5.97s  --------    0  Y   Y  1.00 17.04 1.00 -  |   493.0    438.7  0.00 |  0.0  1.0 0   0   0  0  1  0
  - 5.86s  --------    0  Y   Y  1.00 17.14 1.00 -  |   492.4    439.0  0.00 |  0.0  1.0 0   0   0  0  1  0
  - 5.75s  --------    0  Y   Y  1.00 17.25 1.00 -  |   491.7    439.4  0.00 |  0.0  1.0 0   0   0  0  1  0
  - 5.65s  --------    0  Y   Y  1.00 17.35 1.00 -  |   491.1    439.7  0.00 |  0.0  1.0 0   0   0  0  1  0
  - 5.54s  --------    0  Y   Y  1.00 17.47 1.00 -  |   490.3    440.1  0.00 |  0.0  1.0 0   0   0  0  1  0
  - 5.43s  --------    0  Y   Y  1.00 17.57 1.00 -  |   489.7    440.4  0.00 |  0.0  1.0 0   0   0  0  1  0
  - 5.32s  --------    0  Y   Y  1.00 17.68 1.00 -  |   489.1    440.7  0.00 |  0.0  1.0 0   0   0  0  1  0
  - 5.21s  --------    0  Y   Y  1.00 17.80 1.00 -  |   488.3    441.0  0.00 |  0.0  1.0 0   0   0  0  1  0
  - 5.10s  --------    0  Y   Y  1.00 17.91 1.00 -  |   487.4    440.9  0.00 |  0.0  1.0 0   0   0  0  1  0
  - 4.99s  --------    0  Y   Y  1.00 18.02 1.00 -  |   486.8    440.6  0.00 |  0.0  1.0 0   0   0  0  1  0
  - 4.87s  --------    0  Y   Y  1.00 18.13 1.00 -  |   486.1    440.1  0.00 |  0.0  1.0 0   0   0  0  1  0
  - 4.76s  --------    0  Y   Y  1.00 18.24 1.00 -  |   485.6    439.7  0.00 |  0.0  1.0 0   0   0  0  1  0
  - 4.66s  --------    0  Y   Y  1.00 18.34 1.00 -  |   485.0    439.3  0.00 |  0.0  1.0 0   0   0  0  1  0
  - 4.56s  --------    0  Y   Y  1.00 18.45 1.00 -  |   484.3    438.8  0.00 |  0.0  1.0 0   0   0  0  1  0
  - 4.45s  --------    0  Y   Y  1.00 18.55 1.00 -  |   483.7    438.4  0.00 |  0.0  1.0 0   0   0  0  1  0
  - 4.34s  --------    0  Y   Y  1.00 18.66 1.00 -  |   483.2    438.0  0.00 |  0.0  1.0 0   0   0  0  1  0
  - 4.24s  --------    0  Y   Y  1.00 18.77 1.00 -  |   482.6    437.6  0.00 |  0.0  1.0 0   0   0  0  1  0
  - 4.13s  --------    0  Y   Y  1.00 18.87 1.00 -  |   481.8    437.4  0.00 |  0.0  1.0 0   0   0  0  1  0
  - 4.02s  --------    0  Y   Y  1.00 18.99 1.00 -  |   481.1    437.3  0.00 |  0.0  1.0 0   0   0  0  1  0
  - 3.91s  --------    0  Y   Y  1.00 19.09 1.00 -  |   480.2    437.3  0.00 |  0.0  1.0 0   0   0  0  1  0
  - 3.80s  --------    0  Y   Y  1.00 19.20 1.00 -  |   479.5    437.3  0.00 |  0.0  1.0 0   0   0  0  1  0
  - 3.69s  --------    0  Y   Y  1.00 19.31 1.00 -  |   478.7    437.3  0.00 |  0.0  1.0 0   0   0  0  1  0
  - 3.58s  --------    0  Y   Y  1.00 19.42 1.00 -  |   478.0    437.3  0.00 |  0.0  1.0 0   0   0  0  1  0
  - 3.48s  --------    0  Y   Y  1.00 19.52 1.00 -  |   477.3    437.4  0.00 |  0.0  1.0 0   0   0  0  1  0
  - 3.36s  --------    0  Y   Y  1.00 19.64 1.00 -  |   476.5    437.8  0.00 |  0.0  1.0 0   0   0  0  1  0
  - 3.26s  --------    0  Y   Y  1.00 19.75 1.00 -  |   475.8    438.2  0.00 |  0.0  1.0 0   0   0  0  1  0
  - 3.15s  --------    0  Y   Y  1.00 19.85 1.00 -  |   475.3    438.7  0.00 |  0.0  1.0 0   0   0  0  1  0
  - 3.05s  --------    0  Y   Y  1.00 19.95 1.00 -  |   474.7    439.1  0.00 |  0.0  1.0 0   0   0  0  1  0
  - 2.94s  --------    0  Y   Y  1.00 20.06 1.00 -  |   474.2    439.5  0.00 |  0.0  1.0 0   0   0  0  1  0
  - 2.83s  --------    0  Y   Y  1.00 20.17 1.00 -  |   473.5    440.0  0.00 |  0.0  1.0 0   0   0  0  1  0
  - 2.72s  --------    0  Y   Y  1.00 20.27 1.00 -  |   472.9    440.4  0.00 |  0.0  1.0 0   0   0  0  1  0
  - 2.62s  --------    0  Y   Y  1.00 20.35 1.00 -  |   472.4    440.9  0.00 |  0.0  1.0 0   0   0  0  1  0
  - 2.51s  --------    0  Y   Y  1.00 20.49 1.00 -  |   471.7    441.4  0.00 |  0.0  1.0 0   0   0  0  1  0
  - 2.40s  --------    0  Y   Y  1.00 20.60 1.00 -  |   471.1    441.8  0.00 |  0.0  1.0 0   0   0  0  1  0
  - 2.30s  --------    0  Y   Y  1.00 20.71 1.00 -  |   470.5    442.3  0.00 |  0.0  1.0 0   0   0  0  1  0
  - 2.19s  --------    0  Y   Y  1.00 20.81 1.00 -  |   469.9    442.7  0.00 |  0.0  1.0 0   0   0  0  1  0
  - 2.09s  --------    0  Y   Y  1.00 20.92 1.00 -  |   469.3    443.1  0.00 |  0.0  1.0 0   0   0  0  1  0
  - 1.98s  --------    0  Y   Y  1.00 21.02 1.00 -  |   468.8    443.5  0.00 |  0.0  1.0 0   0   0  0  1  0
  - 1.88s  --------    0  Y   Y  1.00 21.12 1.00 -  |   468.2    443.9  0.00 |  0.0  1.0 0   0   0  0  1  0
  - 1.76s  --------    0  Y   Y  1.00 21.24 1.00 -  |   467.5    444.4  0.00 |  0.0  1.0 0   0   0  0  1  0
  - 1.65s  --------    0  Y   Y  1.00 21.35 1.00 -  |   467.0    445.1  0.00 |  0.0  0.0 0   0   0  0  1  0
  - 1.55s  --------    0  Y   Y  1.00 21.46 1.00 -  |   467.0    445.7  0.00 |  0.0  0.0 0   0   0  0  1  0
  - 1.44s  --------    0  Y   Y  1.00 21.56 1.00 -  |   467.5    446.1  0.00 |  0.0  0.0 0   0   0  0  1  0
  - 1.33s  --------    0  Y   Y  1.00 21.67 1.00 -  |   468.1    446.1  0.00 |  0.0  0.0 0   0   0  0  1  0
  - 1.23s  --------    0  Y   Y  1.00 21.78 1.00 -  |   468.1    446.1  0.00 |  0.0  0.0 0   0   0  0  1  0
  - 1.12s  --------    0  Y   Y  1.00 21.88 1.00 -  |   468.2    446.4  0.00 | -1.0  0.0 0   0   0  0  1  0
  - 1.02s  --------    0  Y   Y  1.00 21.98 1.00 -  |   468.4    447.1  0.00 | -1.0 -1.0 0   0   0  0  1  0
  - 0.91s  --------    0  Y   Y  1.00 22.09 1.00 -  |   468.5    447.9  0.00 | -1.0 -1.0 0   0   0  0  1  0
  - 0.80s  --------    0  Y   Y  1.00 22.20 1.00 -  |   468.5    448.6  0.00 | -1.0  0.0 0   0   0  0  1  0
  - 0.69s  --------    0  Y   Y  1.00 22.31 1.00 -  |   468.8    449.4  0.00 | -1.0  0.0 0   0   0  0  1  0
  - 0.59s  --------    0  Y   Y  1.00 22.41 1.00 -  |   469.0    450.0  0.00 | -1.0  0.0 0   0   0  0  1  0
  - 0.49s  --------    0  Y   Y  1.00 22.52 1.00 -  |   469.3    450.7  0.00 |  0.0  0.0 0   0   0  0  1  0
  - 0.39s  --------    0  Y   Y  1.00 22.62 1.00 -  |   469.3    450.8  0.00 |  1.0 -1.0 0   0   0  0  1  0
  - 0.28s  --------    0  Y   Y  1.00 22.73 1.00 -  |   468.7    450.3  0.00 |  0.0 -1.0 0   0   0  0  0  0
  - 0.16s  --------    0  Y   Y  1.00 22.84 1.00 -  |   468.5    450.3  0.00 |  0.0 -1.0 0   0   0  0  0  0
  - 0.06s  --------    0  Y   Y  1.00 22.95 1.00 -  |   468.3    450.4  0.00 |  0.0 -1.0 0   0   0  0  1  0
=========================================================== END

[  1627   27.373 x1.00] LOG  [OniBoss] Playing animation: Idle
[  1627   27.373 x1.00] LOG  [OniBoss] Combo started: swing1-2 (2 steps remaining)
[  1627   27.373 x1.00] LOG  [OniBoss] Chase → Attack
[  1627   27.373 x1.00] LOG  [OniBoss] Attack: Club_Swing (16 dmg)
[  1627   27.373 x1.00] LOG  [OniBoss:Trail] Club_Swing trail START at clip 1.00 (transition done).
[  1649   27.705 x1.00] LOG  [CameraGameFeel] Shake: intensity=0.20 duration=0.250s
[  1649   27.705 x1.00] LOG  [HitReactTrace] 4-leg LIGHT hit at 8.90 m/s (running threshold 3.00) → RUNNING reaction.
[  1649   27.705 x1.00] LOG  [Combat] Hit react: HitReact_Running_4Leg (0.5s)
[  1649   27.705 x1.00] LOG  [HitReactTrace] asked for 'HitReact_Running_4Leg' (0.50s) — blend resolved after 0 ms, now playing a clip 1.00s long at speed 1.00, layer weight 1.00, animator.speed 1.00.
[  1649   27.705 x1.00] LOG  [CameraGameFeel] Shake: intensity=0.30 duration=0.200s
[  1649   27.705 x1.00] LOG  [CameraGameFeel] FOV punch: player damage (-2.0°)
[  1649   27.705 x1.00] LOG  [OniBoss] Hit player for 16 (Club_Swing)
[  1649   27.705 x1.00] LOG  [OniBoss:Touch] Club_Swing: club TOUCHED Yoru at clip 0.40 — shaft 0.56m from her body line, tip speed 160m/s, ONE FRAME EARLY (predicted). Full club hit delivered this frame.
[  1652   27.754 x1.00] LOG  [OniBoss:ClubPos] Club_Swing at strike: club tip 3.05m up, 0.85m in front, -3.29m to his right (3.40m out from his centre). Club faces -118deg from his forward, pitch 0.40. (the ground wave is born 1.6m in front of him at 0.35m.)
[  1652   27.754 x1.00] LOG  [OniBoss:Layer] Club_Swing: club already hit — ground wave released as VISUAL only (0 damage).
[  1683   28.224 x1.00] LOG  [OniBoss] Attack → Recovery
[  1683   28.224 x1.00] LOG  [OniBoss] Playing animation: Watch
[  1683   28.224 x1.00] LOG  [OniBoss:Trail] trail END at clip 0.99, fading over 0.40s.
[  1683   28.224 x1.00] LOG  [OniBoss:Strike] Club_Swing: club tip closest to Yoru at 2.03m, clip position 0.88 | damage fires at 0.42 | clip 0.84s => damage fires 385 ms BEFORE the club is closest
[  1693   28.385 x1.00] LOG  🐾 4-LEG JUMP #0
[  1693   28.385 x1.00] LOG  🐾 Jump 1 VFX spawned!
[  1693   28.385 x1.00] LOG  [OniBoss] Recovery → Attack
[  1693   28.385 x1.00] LOG  [OniBoss] Attack: ClubSwing2 (16 dmg)
[  1693   28.385 x1.00] LOG  [OniBoss:Trail] ClubSwing2 trail START at clip 1.00 (transition still blending).
[  1713   28.700 x1.00] LOG  [CameraGameFeel] Shake: intensity=0.20 duration=0.250s
[  1713   28.700 x1.00] LOG  [Combat] Hit react: Bhit_run_reaction_4 (2.5s)
[  1713   28.700 x1.00] LOG  [HitReactTrace] asked for 'Bhit_run_reaction_4' (2.50s) — blend resolved after 0 ms, now playing a clip 1.00s long at speed 1.00, layer weight 1.00, animator.speed 1.00.
[  1713   28.700 x1.00] LOG  [CameraGameFeel] Shake: intensity=0.60 duration=0.200s
[  1713   28.700 x1.00] LOG  [CameraGameFeel] FOV punch: player damage (-3.0°)
[  1713   28.700 x1.00] LOG  [OniBoss] Hit player for 24 (ClubSwing2) [combo x1.50]
[  1713   28.700 x1.00] LOG  [OniBoss:Touch] ClubSwing2: club TOUCHED Yoru at clip 0.27 — shaft 0.61m from her body line, tip speed 73m/s. Full club hit delivered this frame.
[  1714   28.716 x1.00] LOG  [AirPosePin] engaged, holding body at 0.868m above the transform
[  1718   28.782 x1.00] LOG  [OniBoss:ClubPos] ClubSwing2 at strike: club tip 0.20m up, 1.58m in front, 2.69m to his right (3.12m out from his centre). Club faces 17deg from his forward, pitch -0.89. (the ground wave is born 1.6m in front of him at 0.35m.)
[  1718   28.782 x1.00] LOG  [OniBoss:Layer] ClubSwing2: club already hit — ground wave released as VISUAL only (0 damage), finisher size x2.0.
[  1751   29.296 x1.00] LOG  💨 Landing VFX spawned!
[  1751   29.296 x1.00] LOG  [AirPosePin] released, peak correction was 0.250m
[  1768   29.555 x1.00] LOG  [OniBoss] Attack → Recovery
[  1768   29.555 x1.00] LOG  [OniBoss] Playing animation: Watch
[  1768   29.555 x1.00] LOG  [OniBoss:Trail] trail END at clip 0.99, fading over 0.40s.
[  1768   29.555 x1.00] LOG  [OniBoss:Strike] ClubSwing2: club tip closest to Yoru at 0.65m, clip position 0.27 | damage fires at 0.32 | clip 1.17s => damage fires 59 ms AFTER the club is closest — it lands once the club has passed her
[  1778   29.716 x1.00] LOG  [OniBoss] Recovery → Chase
[  1779   29.730 x1.00] LOG  [OniBoss] Playing animation: run
[  1813   30.239 x1.00] LOG  
==================== [FREEZE-DEBUG v3] ====================
  Reason : WASD-NOMOVE: WASD recent + speed 0.00m/s for 0.41s
  Time   : 27.105s   Frame: 1813   Snaps: 60
===========================================================

--- CURRENT STATE ---
  Flags: atk=False hvy=False dod=False dsh=False
         grd=False hit=True aerial=False lockPos=False
         comboStep=0
  Anim : speed=1.00  combatLayer hash=-175703321 normT=0.635 weight=1.00 inTransition=False
  CC   : grounded=True  enabled=True  pos=(462.44, 0.11, 441.35)  vel=(0.00, 0.00, 0.00)
  Move : IsRunning=True
  Input: H=1.00 V=0.00  LMB=False MMB=False Q=False Sp=False Sh=True C=False
         WASD pressed in last 0.5s: True (last 0.00s ago)

--- FLIGHT RECORDER (60 snapshots, oldest first, dt=0.10s) ---
  Legend: flags = A(tk) H(vy) D(od) S(sh) G(rd) R(eact) Y(aerial) L(ock)   gnd/cc: Y/n
  t-now    flags     step gnd cc anSp normT layW tr | posX     posZ     spd   | H    V    LMB MMB Q  Sp Sh C
  ------   --------  ---- --- -- ---- ----- ---- -- | -----    -----    ----  | ---- ---- --- --- -- -- -- -
  - 6.38s  --------    0  Y   Y  1.00 20.71 1.00 -  |   470.5    442.3  0.00 |  0.0  1.0 0   0   0  0  1  0
  - 6.28s  --------    0  Y   Y  1.00 20.81 1.00 -  |   469.9    442.7  0.00 |  0.0  1.0 0   0   0  0  1  0
  - 6.18s  --------    0  Y   Y  1.00 20.92 1.00 -  |   469.3    443.1  0.00 |  0.0  1.0 0   0   0  0  1  0
  - 6.07s  --------    0  Y   Y  1.00 21.02 1.00 -  |   468.8    443.5  0.00 |  0.0  1.0 0   0   0  0  1  0
  - 5.97s  --------    0  Y   Y  1.00 21.12 1.00 -  |   468.2    443.9  0.00 |  0.0  1.0 0   0   0  0  1  0
  - 5.85s  --------    0  Y   Y  1.00 21.24 1.00 -  |   467.5    444.4  0.00 |  0.0  1.0 0   0   0  0  1  0
  - 5.74s  --------    0  Y   Y  1.00 21.35 1.00 -  |   467.0    445.1  0.00 |  0.0  0.0 0   0   0  0  1  0
  - 5.63s  --------    0  Y   Y  1.00 21.46 1.00 -  |   467.0    445.7  0.00 |  0.0  0.0 0   0   0  0  1  0
  - 5.53s  --------    0  Y   Y  1.00 21.56 1.00 -  |   467.5    446.1  0.00 |  0.0  0.0 0   0   0  0  1  0
  - 5.42s  --------    0  Y   Y  1.00 21.67 1.00 -  |   468.1    446.1  0.00 |  0.0  0.0 0   0   0  0  1  0
  - 5.31s  --------    0  Y   Y  1.00 21.78 1.00 -  |   468.1    446.1  0.00 |  0.0  0.0 0   0   0  0  1  0
  - 5.21s  --------    0  Y   Y  1.00 21.88 1.00 -  |   468.2    446.4  0.00 | -1.0  0.0 0   0   0  0  1  0
  - 5.11s  --------    0  Y   Y  1.00 21.98 1.00 -  |   468.4    447.1  0.00 | -1.0 -1.0 0   0   0  0  1  0
  - 5.00s  --------    0  Y   Y  1.00 22.09 1.00 -  |   468.5    447.9  0.00 | -1.0 -1.0 0   0   0  0  1  0
  - 4.89s  --------    0  Y   Y  1.00 22.20 1.00 -  |   468.5    448.6  0.00 | -1.0  0.0 0   0   0  0  1  0
  - 4.78s  --------    0  Y   Y  1.00 22.31 1.00 -  |   468.8    449.4  0.00 | -1.0  0.0 0   0   0  0  1  0
  - 4.68s  --------    0  Y   Y  1.00 22.41 1.00 -  |   469.0    450.0  0.00 | -1.0  0.0 0   0   0  0  1  0
  - 4.58s  --------    0  Y   Y  1.00 22.52 1.00 -  |   469.3    450.7  0.00 |  0.0  0.0 0   0   0  0  1  0
  - 4.47s  --------    0  Y   Y  1.00 22.62 1.00 -  |   469.3    450.8  0.00 |  1.0 -1.0 0   0   0  0  1  0
  - 4.36s  --------    0  Y   Y  1.00 22.73 1.00 -  |   468.7    450.3  0.00 |  0.0 -1.0 0   0   0  0  0  0
  - 4.25s  --------    0  Y   Y  1.00 22.84 1.00 -  |   468.5    450.3  0.00 |  0.0 -1.0 0   0   0  0  0  0
  - 4.15s  --------    0  Y   Y  1.00 22.95 1.00 -  |   468.3    450.4  0.00 |  0.0 -1.0 0   0   0  0  1  0
  - 4.04s  --------    0  Y   Y  1.00 23.05 1.00 -  |   467.6    450.6  0.00 |  0.0 -1.0 0   0   0  0  1  0
  - 3.93s  --------    0  Y   Y  1.00 23.16 1.00 -  |   466.9    450.8  0.00 |  0.0 -1.0 0   0   0  0  1  0
  - 3.82s  --------    0  Y   Y  1.00 23.27 1.00 -  |   466.1    451.1  0.00 |  0.0 -1.0 0   0   0  0  1  0
  - 3.71s  --------    0  Y   Y  1.00 23.38 1.00 -  |   465.4    451.2  0.00 |  0.0 -1.0 0   0   0  0  1  0
  - 3.61s  --------    0  Y   Y  1.00 23.48 1.00 -  |   464.8    451.4  0.00 |  0.0 -1.0 0   0   0  0  1  0
  - 3.51s  --------    0  Y   Y  1.00 23.58 1.00 -  |   464.1    451.5  0.00 |  0.0 -1.0 0   0   0  0  1  0
  - 3.40s  --------    0  Y   Y  1.00 23.69 1.00 -  |   463.3    451.6  0.00 |  1.0 -1.0 0   0   0  0  1  0
  - 3.29s  --------    0  Y   Y  1.00 23.79 1.00 -  |   462.6    451.5  0.00 |  1.0 -1.0 0   0   0  0  1  0
  - 3.18s  --------    0  Y   Y  1.00 23.91 1.00 -  |   461.9    451.0  0.00 |  1.0  0.0 0   0   0  0  1  0
  - 3.07s  --------    0  Y   Y  1.00 24.02 1.00 -  |   461.5    450.5  0.00 |  1.0  0.0 0   0   0  0  1  0
  - 2.96s  --------    0  Y   Y  1.00 24.14 1.00 -  |   461.2    449.7  0.00 |  1.0  0.0 0   0   0  0  1  0
  - 2.85s  --------    0  Y   Y  1.00 24.24 1.00 -  |   461.1    449.0  0.00 |  1.0  0.0 0   0   0  0  1  0
  - 2.74s  --------    0  Y   Y  1.00 24.35 1.00 -  |   461.1    448.1  0.00 |  1.0  0.0 0   0   0  0  1  0
  - 2.64s  --------    0  Y   Y  1.00 24.45 1.00 -  |   461.1    447.4  0.00 |  1.0  0.0 0   0   0  0  1  0
  - 2.53s  --------    0  Y   Y  1.00 24.56 1.00 -  |   461.0    446.7  0.00 |  1.0  0.0 0   0   0  0  1  0
  - 2.42s  -----R--    0  Y   Y  1.00  0.28 1.00 -  |   461.0    446.6  0.00 |  1.0  0.0 0   0   0  0  1  0
  - 2.32s  -----R--    0  Y   Y  1.00  0.43 1.00 -  |   461.0    446.6  0.00 |  1.0  0.0 0   0   0  1  1  0
  - 2.20s  -----R--    0  Y   Y  1.00  0.62 1.00 -  |   461.0    446.6  0.00 |  1.0  0.0 0   0   0  1  1  0
  - 2.10s  -----R--    0  Y   Y  1.00  0.79 1.00 -  |   461.0    446.6  0.00 |  1.0  0.0 0   0   0  0  1  0
  - 2.00s  --------    0  Y   Y  1.00  0.95 1.00 T  |   461.1    446.3  0.00 |  1.0  0.0 0   0   0  0  1  0
  - 1.89s  --------    0  Y   Y  1.00  0.13 1.00 -  |   461.2    445.6  0.00 |  1.0  0.0 0   0   0  0  1  0
  - 1.78s  --------    0  n   Y  1.00  0.24 1.00 -  |   461.3    445.0  0.00 |  1.0  0.0 0   0   0  1  1  0
  - 1.67s  --------    0  n   Y  1.00  0.35 1.00 -  |   461.4    444.5  0.00 |  1.0  0.0 0   0   0  0  1  0
  - 1.56s  --------    0  n   Y  1.00  0.46 1.00 -  |   461.5    444.0  0.00 |  1.0  0.0 0   0   0  0  1  0
  - 1.46s  -----R--    0  n   Y  1.00  0.06 1.00 -  |   461.7    443.6  0.00 |  1.0  0.0 1   0   0  0  1  0
  - 1.35s  -----R--    0  n   Y  1.00  0.10 1.00 -  |   461.8    443.1  0.00 |  1.0  0.0 0   0   0  0  1  0
  - 1.24s  -----R--    0  n   Y  1.00  0.14 1.00 -  |   462.0    442.6  0.00 |  1.0  0.0 1   0   0  0  1  0
  - 1.14s  -----R--    0  n   Y  1.00  0.19 1.00 -  |   462.1    442.2  0.00 |  1.0  0.0 0   0   0  0  1  0
  - 1.04s  -----R--    0  n   Y  1.00  0.23 1.00 -  |   462.3    441.8  0.00 |  1.0  0.0 1   0   0  0  1  0
  - 0.93s  -----R--    0  Y   Y  1.00  0.27 1.00 -  |   462.4    441.4  0.00 |  1.0  0.0 0   0   0  0  1  0
  - 0.82s  -----R--    0  Y   Y  1.00  0.31 1.00 -  |   462.4    441.4  0.00 |  1.0  0.0 0   0   0  1  1  0
  - 0.71s  -----R--    0  Y   Y  1.00  0.35 1.00 -  |   462.4    441.4  0.00 |  1.0  0.0 0   0   0  0  1  0
  - 0.60s  -----R--    0  Y   Y  1.00  0.39 1.00 -  |   462.4    441.4  0.00 |  1.0  0.0 1   0   0  0  1  0
  - 0.50s  -----R--    0  Y   Y  1.00  0.44 1.00 -  |   462.4    441.4  0.00 |  1.0  0.0 0   0   0  0  1  0
  - 0.38s  -----R--    0  Y   Y  1.00  0.48 1.00 -  |   462.4    441.4  0.00 |  1.0  0.0 0   0   0  1  1  0
  - 0.27s  -----R--    0  Y   Y  1.00  0.53 1.00 -  |   462.4    441.4  0.00 |  1.0  0.0 0   0   0  1  1  0
  - 0.16s  -----R--    0  Y   Y  1.00  0.57 1.00 -  |   462.4    441.4  0.00 |  1.0  0.0 0   0   0  0  1  0
  - 0.06s  -----R--    0  Y   Y  1.00  0.61 1.00 -  |   462.4    441.4  0.00 |  1.0  0.0 0   0   0  0  1  0
=========================================================== END

[  1832   30.526 x1.00] LOG  ✅ LANDED! (was jump #0)
[  1835   30.570 x1.00] LOG  🐾 4-LEG JUMP #0
[  1835   30.570 x1.00] LOG  🐾 Jump 1 VFX spawned!
[  1851   30.813 x1.00] LOG  🐾 4-LEG JUMP #1
[  1851   30.813 x1.00] LOG  🐾 Jump 2 VFX spawned!
[  1864   31.016 x1.00] LOG  [ComboTrace] LAUNCH OniBoss at 2.5m dist=2.47m in 0.25s [AIRBORNE]
[  1864   31.016 x1.00] LOG  [Combat] Aerial spin — 25 dmg
[  1864   31.016 x1.00] LOG  [AirPosePin] engaged, holding body at 0.593m above the transform
[  1871   31.117 x1.00] LOG  [OniBoss] hold-ground: BACKSTEP 1.5m (player 3.5m)
[  1874   31.168 x1.00] LOG  OniBoss took 10 damage. HP: 490/500
[  1874   31.168 x1.00] LOG  [OniBoss] Chase → HitReact
[  1874   31.168 x1.00] LOG  [OniBoss:Layer] react tier: LIGHT (10 dmg) → 'Hit_react_light'
[  1874   31.168 x1.00] LOG  [CameraGameFeel] Shake: intensity=0.50 duration=0.200s
[  1874   31.168 x1.00] LOG  [CameraGameFeel] FOV punch: hit light (+1.5°)
[  1880   31.263 x1.00] LOG  [ComboTrace] LAUNCH RESULT wanted=2.47m actually moved=1.10m — completed
[  1884   31.328 x1.00] LOG  OniBoss took 10 damage. HP: 480/500
[  1884   31.328 x1.00] LOG  [OniBoss:Layer] burst: 2 hits / 20 dmg → flinch upgraded to 'HitReact_medium'
[  1884   31.328 x1.00] LOG  [CameraGameFeel] Shake: intensity=0.18 duration=0.200s
[  1912   31.767 x1.00] LOG  💨 Landing VFX spawned!
[  1912   31.767 x1.00] LOG  ✅ LANDED! (was jump #2)
[  1912   31.767 x1.00] LOG  [AirPosePin] released, peak correction was -0.110m
[  1913   31.786 x1.00] LOG  [ComboTrace] END step=3 clipProgress=0.91 clipLen=0.79s queued=0 elapsed=0.77s
[  1924   31.956 x1.00] LOG  🐾 4-LEG JUMP #0
[  1924   31.956 x1.00] LOG  🐾 Jump 1 VFX spawned!
[  1925   31.974 x1.00] LOG  [OniBoss] HitReact → Chase
[  1926   31.990 x1.00] LOG  [OniBoss] Pull-band decision: RUN-IN (dist 6.0m, pullRange 0m, chance 0.50)
[  1926   31.990 x1.00] LOG  [OniBoss] Playing animation: run
[  1945   32.275 x1.00] LOG  🐾 4-LEG JUMP #1
[  1945   32.275 x1.00] LOG  🐾 Jump 2 VFX spawned!
[  1969   32.666 x1.00] LOG  [ComboTrace] LAUNCH STEP (too far: OniBoss at 5.9m > engage 4.7m) dist=0.90m in 0.13s [AIRBORNE]
[  1969   32.666 x1.00] LOG  [Combat] Aerial spin — 25 dmg
[  1969   32.666 x1.00] LOG  [AirPosePin] engaged, holding body at 1.173m above the transform
[  1978   32.806 x1.00] LOG  [ComboTrace] LAUNCH RESULT wanted=0.90m actually moved=0.27m — completed
[  2007   33.256 x1.00] LOG  💨 Landing VFX spawned!
[  2007   33.256 x1.00] LOG  ✅ LANDED! (was jump #2)
[  2007   33.256 x1.00] LOG  [AirPosePin] released, peak correction was 0.395m
[  2015   33.386 x1.00] LOG  [ComboTrace] END step=3 clipProgress=0.91 clipLen=0.79s queued=0 elapsed=0.72s
[  2030   33.614 x1.00] LOG  [Combat] Combo 1: 10 dmg
[  2030   33.614 x1.00] LOG  [ComboTrace] START step=1 state='Combo1' queued=0 target='OniBoss' at 10.5m
[  2030   33.614 x1.00] LOG  [ComboTrace] LAUNCH STEP (too far: OniBoss at 6.0m > engage 4.7m) dist=0.90m in 0.13s
[  2039   33.760 x1.00] LOG  [ComboTrace] LAUNCH RESULT wanted=0.90m actually moved=0.90m — completed
[  2040   33.774 x1.00] LOG  [StormWeather] ⚡ strike at (477.35, 45.00, 439.93)
[  2073   34.278 x1.00] LOG  [OniBoss] Playing animation: Idle
[  2073   34.278 x1.00] LOG  [OniBoss] Chase → Attack
[  2073   34.278 x1.00] LOG  [OniBoss] Attack: ClubSlam (20 dmg)
[  2073   34.278 x1.00] LOG  [OniBoss:Trail] ClubSlam trail START at clip 1.00 (transition done).
[  2079   34.376 x1.00] LOG  [OniBoss:Layer] step-in: 'ClubSlam' closed 0.44m, Yoru now 3.0m away (range 3.5)
[  2080   34.396 x1.00] LOG  🐾 VFX_AttackPaw triggered!
[  2097   34.659 x1.00] LOG  [ComboTrace] END step=1 clipProgress=0.85 clipLen=1.23s queued=0 elapsed=1.05s
[  2098   34.676 x1.00] LOG  [CameraGameFeel] Shake: intensity=0.50 duration=0.400s
[  2098   34.676 x1.00] LOG  [Combat] Hit react: HitReact_Heavy_2Leg (0.9s)
[  2098   34.676 x1.00] LOG  [CameraGameFeel] Shake: intensity=0.60 duration=0.200s
[  2098   34.676 x1.00] LOG  [CameraGameFeel] FOV punch: player damage (-3.0°)
[  2098   34.676 x1.00] LOG  [OniBoss] Hit player for 20 (ClubSlam)
[  2098   34.676 x1.00] LOG  [OniBoss:Touch] ClubSlam: club TOUCHED Yoru at clip 0.43 — shaft 0.69m from her body line, tip speed 120m/s, ONE FRAME EARLY (predicted). Full club hit delivered this frame.
[  2101   34.723 x1.00] LOG  [HitReactTrace] asked for 'HitReact_Heavy_2Leg' (0.90s) — blend resolved after 48 ms, now playing a clip 1.21s long at speed 1.00, layer weight 1.00, animator.speed 1.00.
[  2124   35.083 x1.00] LOG  [OniBoss:ClubPos] ClubSlam at strike: club tip 0.53m up, 2.91m in front, -0.12m to his right (2.91m out from his centre). Club faces 8deg from his forward, pitch -0.26. (the ground wave is born 1.6m in front of him at 0.35m.)
[  2124   35.083 x1.00] LOG  [OniBoss:Layer] ClubSlam: club already hit — ground wave released as VISUAL only (0 damage).
[  2133   35.220 x1.00] LOG  [OniBoss] Attack → Recovery
[  2133   35.220 x1.00] LOG  [OniBoss] Playing animation: Watch
[  2133   35.220 x1.00] LOG  [OniBoss:Trail] trail END at clip 1.00, fading over 0.40s.
[  2133   35.220 x1.00] LOG  [OniBoss:Strike] ClubSlam: club tip closest to Yoru at 0.19m, clip position 0.85 | damage fires at 0.85 | clip 0.93s => MATCHED (within one or two frames)
[  2143   35.379 x1.00] LOG  [OniBoss] Recovery → Chase
[  2144   35.394 x1.00] LOG  [OniBoss] hold-ground: BACKSTEP 1.5m (player 3.0m)
[  2164   35.708 x1.00] LOG  🚶 2-LEG JUMP
[  2164   35.708 x1.00] LOG  🐾 Jump 1 VFX spawned!
[  2192   36.127 x1.00] LOG  [OniBoss] hold-ground: backstep done (1.17m), WATCH (player 4.3m, cooldown 1.1s)
[  2192   36.127 x1.00] LOG  [OniBoss] Playing animation: Watch
[  2197   36.195 x1.00] LOG  [ComboTrace] LAUNCH OniBoss at 2.6m dist=2.56m in 0.26s [AIRBORNE]
[  2197   36.195 x1.00] LOG  [Combat] Aerial spin — 25 dmg
[  2197   36.195 x1.00] LOG  [AirPosePin] engaged, holding body at 1.930m above the transform
[  2206   36.346 x1.00] LOG  OniBoss took 10 damage. HP: 470/500
[  2206   36.346 x1.00] LOG  [OniBoss] Chase → HitReact
[  2206   36.346 x1.00] LOG  [OniBoss:Layer] react tier: LIGHT (10 dmg) → 'Hit_react_light'
[  2206   36.346 x1.00] LOG  [CameraGameFeel] Shake: intensity=0.50 duration=0.200s
[  2206   36.346 x1.00] LOG  [CameraGameFeel] FOV punch: hit light (+1.5°)
[  2213   36.476 x1.00] LOG  [ComboTrace] LAUNCH RESULT wanted=2.56m actually moved=1.98m — completed
[  2215   36.506 x1.00] LOG  OniBoss took 10 damage. HP: 460/500
[  2215   36.506 x1.00] LOG  [OniBoss:Layer] burst: 2 hits / 20 dmg → flinch upgraded to 'HitReact_medium'
[  2215   36.506 x1.00] LOG  [CameraGameFeel] Shake: intensity=0.18 duration=0.200s
[  2221   36.615 x1.00] LOG  💨 Landing VFX spawned!
[  2221   36.615 x1.00] LOG  ✅ LANDED! (was jump #1)
[  2221   36.615 x1.00] LOG  [AirPosePin] released, peak correction was 1.147m
[  2224   36.670 x1.00] LOG  OniBoss took 10 damage. HP: 450/500
[  2224   36.670 x1.00] LOG  [OniBoss] HitReact → Stagger
[  2224   36.670 x1.00] LOG  [OniBoss] Playing animation: Stagger
[  2224   36.670 x1.00] LOG  [OniBoss] STAGGERED for 2.5s
[  2224   36.670 x1.00] LOG  [OniBoss:Layer] heavy knock-back react (swirl burst, 3 hits / 30 dmg) → 'HitReact_Heavy', down for 1.80s
[  2224   36.670 x1.00] LOG  [OniBoss:Layer] burst: 3 hits / 30 dmg inside 0.8s → knock-back + 0.90m push
[  2224   36.670 x1.00] LOG  [CameraGameFeel] Shake: intensity=0.18 duration=0.200s
[  2225   36.684 x1.00] LOG  🚶 2-LEG JUMP
[  2225   36.684 x1.00] LOG  🐾 Jump 1 VFX spawned!
[  2226   36.701 x1.00] LOG  [AirPosePin] engaged, holding body at 0.784m above the transform
[  2234   36.826 x1.00] LOG  OniBoss punish window! 10 → 15 (x1.5)
[  2234   36.826 x1.00] LOG  OniBoss took 15 damage. HP: 435/500
[  2234   36.826 x1.00] LOG  [CameraGameFeel] Shake: intensity=0.18 duration=0.200s
[  2243   36.967 x1.00] LOG  [ComboTrace] END step=3 clipProgress=0.91 clipLen=0.79s queued=0 elapsed=0.77s
[  2244   36.983 x1.00] LOG  [AirPosePin] released, peak correction was 0.101m
[  2284   37.618 x1.00] LOG  [Combat] Combo 1: 10 dmg
[  2284   37.618 x1.00] LOG  [ComboTrace] START step=1 state='Combo1' queued=0 target='OniBoss' at 2.5m
[  2284   37.618 x1.00] LOG  [ComboTrace] LAUNCH OniBoss at 1.2m dist=1.22m in 0.13s
[  2284   37.618 x1.00] LOG  💨 Landing VFX spawned!
[  2292   37.755 x1.00] LOG  [ComboTrace] LAUNCH RESULT wanted=1.22m actually moved=0.49m — completed
[  2325   38.236 x1.00] LOG  OniBoss punish window! 10 → 15 (x1.5)
[  2325   38.236 x1.00] LOG  OniBoss took 15 damage. HP: 420/500
[  2325   38.236 x1.00] LOG  [Combat] Hit OniBoss for 10
[  2325   38.236 x1.00] LOG  [CameraGameFeel] Shake: intensity=0.50 duration=0.200s
[  2325   38.236 x1.00] LOG  [CameraGameFeel] FOV punch: hit light (+1.5°)
[  2337   38.424 x1.00] LOG  🐾 VFX_AttackPaw triggered!
[  2340   38.474 x1.00] LOG  [OniBoss] Stagger → Chase
[  2341   38.490 x1.00] LOG  [OniBoss] Playing animation: Idle
[  2341   38.490 x1.00] LOG  [OniBoss] Combo started: ClubSwing1 → ClubSwing2 → ClubSlam (3 steps remaining)
[  2341   38.490 x1.00] LOG  [OniBoss] Chase → Attack
[  2341   38.490 x1.00] LOG  [OniBoss] Attack: Club_Swing (16 dmg)
[  2341   38.490 x1.00] LOG  [OniBoss:Trail] Club_Swing trail START at clip 1.00 (transition done).
[  2354   38.691 x1.00] LOG  [ComboTrace] END step=1 clipProgress=0.85 clipLen=1.23s queued=0 elapsed=1.07s
[  2355   38.704 x1.00] LOG  ✅ LANDED! (was jump #0)
[  2358   38.748 x1.00] LOG  🚶 2-LEG JUMP
[  2358   38.748 x1.00] LOG  🐾 Jump 1 VFX spawned!
[  2361   38.800 x1.00] LOG  [CameraGameFeel] Shake: intensity=0.20 duration=0.250s
[  2361   38.800 x1.00] LOG  [Combat] Hit react: HitReact_Light_2Leg (0.5s)
[  2361   38.800 x1.00] LOG  [HitReactTrace] asked for 'HitReact_Light_2Leg' (0.50s) — blend resolved after 0 ms, now playing a clip 1.00s long at speed 1.00, layer weight 1.00, animator.speed 1.00.
[  2361   38.800 x1.00] LOG  [CameraGameFeel] Shake: intensity=0.30 duration=0.200s
[  2361   38.800 x1.00] LOG  [CameraGameFeel] FOV punch: player damage (-2.0°)
[  2361   38.800 x1.00] LOG  [OniBoss] Hit player for 16 (Club_Swing)
[  2361   38.800 x1.00] LOG  [OniBoss:Touch] Club_Swing: club TOUCHED Yoru at clip 0.37 — shaft 0.64m from her body line, tip speed 182m/s, ONE FRAME EARLY (predicted). Full club hit delivered this frame.
[  2362   38.816 x1.00] LOG  [AirPosePin] engaged, holding body at 0.601m above the transform
[  2365   38.874 x1.00] LOG  [OniBoss:ClubPos] Club_Swing at strike: club tip 3.05m up, 1.16m in front, -3.30m to his right (3.50m out from his centre). Club faces -111deg from his forward, pitch 0.41. (the ground wave is born 1.6m in front of him at 0.35m.)
[  2365   38.874 x1.00] LOG  [OniBoss:Layer] Club_Swing: club already hit — ground wave released as VISUAL only (0 damage).
[  2394   39.304 x1.00] LOG  [AirPosePin] released, peak correction was -0.050m
[  2396   39.332 x1.00] LOG  [ComboTrace] LAUNCH OniBoss at 1.2m dist=1.23m in 0.13s [AIRBORNE]
[  2396   39.332 x1.00] LOG  [Combat] Aerial spin — 25 dmg
[  2396   39.332 x1.00] LOG  OniBoss took 10 damage. HP: 410/500
[  2396   39.332 x1.00] LOG  [OniBoss] 🤕 Hit during Attack — flash only
[  2396   39.332 x1.00] LOG  [CameraGameFeel] Shake: intensity=0.50 duration=0.200s
[  2396   39.332 x1.00] LOG  [CameraGameFeel] FOV punch: hit light (+1.5°)
[  2396   39.332 x1.00] LOG  [AirPosePin] engaged, holding body at 1.190m above the transform
[  2400   39.405 x1.00] LOG  [OniBoss] Attack → Recovery
[  2400   39.405 x1.00] LOG  [OniBoss] Playing animation: Watch
[  2400   39.405 x1.00] LOG  [OniBoss:Trail] trail END at clip 1.00, fading over 0.40s.
[  2400   39.405 x1.00] LOG  [OniBoss:Strike] Club_Swing: club tip closest to Yoru at 2.26m, clip position 0.90 | damage fires at 0.42 | clip 0.84s => damage fires 404 ms BEFORE the club is closest
[  2404   39.474 x1.00] LOG  [ComboTrace] LAUNCH RESULT wanted=1.23m actually moved=0.65m — completed
[  2405   39.491 x1.00] LOG  OniBoss took 10 damage. HP: 400/500
[  2405   39.491 x1.00] LOG  [OniBoss] Recovery → HitReact
[  2405   39.491 x1.00] LOG  [OniBoss:Layer] burst: 2 hits / 20 dmg → flinch upgraded to 'HitReact_medium'
[  2405   39.491 x1.00] LOG  [OniBoss:Layer] react tier: LIGHT (10 dmg) → 'Hit_react_light'
[  2405   39.491 x1.00] LOG  [CameraGameFeel] Shake: intensity=0.18 duration=0.200s
[  2415   39.654 x1.00] LOG  💨 Landing VFX spawned!
[  2415   39.654 x1.00] LOG  ✅ LANDED! (was jump #1)
[  2415   39.654 x1.00] LOG  OniBoss took 10 damage. HP: 390/500
[  2415   39.654 x1.00] LOG  [OniBoss] HitReact → Stagger
[  2415   39.654 x1.00] LOG  [OniBoss] Playing animation: Stagger
[  2415   39.654 x1.00] LOG  [OniBoss] STAGGERED for 2.5s
[  2415   39.654 x1.00] LOG  [OniBoss:Layer] heavy knock-back react (swirl burst, 3 hits / 30 dmg) → 'HitReact_Heavy', down for 1.80s
[  2415   39.654 x1.00] LOG  [OniBoss:Layer] burst: 3 hits / 30 dmg inside 0.8s → knock-back + 0.90m push
[  2415   39.654 x1.00] LOG  [CameraGameFeel] Shake: intensity=0.18 duration=0.200s
[  2415   39.654 x1.00] LOG  [AirPosePin] released, peak correction was 0.407m
[  2416   39.674 x1.00] LOG  🚶 2-LEG JUMP
[  2416   39.674 x1.00] LOG  🐾 Jump 1 VFX spawned!
[  2417   39.698 x1.00] LOG  [AirPosePin] engaged, holding body at 0.783m above the transform
[  2424   39.817 x1.00] LOG  OniBoss punish window! 10 → 15 (x1.5)
[  2424   39.817 x1.00] LOG  OniBoss took 15 damage. HP: 375/500
[  2424   39.817 x1.00] LOG  [CameraGameFeel] Shake: intensity=0.18 duration=0.200s
[  2434   39.981 x1.00] LOG  OniBoss punish window! 10 → 15 (x1.5)
[  2434   39.981 x1.00] LOG  OniBoss took 15 damage. HP: 360/500
[  2434   39.981 x1.00] LOG  [CameraGameFeel] Shake: intensity=0.18 duration=0.200s
[  2441   40.089 x1.00] LOG  [ComboTrace] END step=3 clipProgress=0.91 clipLen=0.79s queued=0 elapsed=0.76s
[  2442   40.107 x1.00] LOG  [AirPosePin] released, peak correction was 0.103m
[  2474   40.601 x1.00] LOG  💨 Landing VFX spawned!
[  2474   40.601 x1.00] LOG  ✅ LANDED! (was jump #1)
[  2476   40.635 x1.00] LOG  [Combat] Combo 1: 10 dmg
[  2476   40.635 x1.00] LOG  [ComboTrace] START step=1 state='Combo1' queued=0 target='OniBoss' at 3.4m
[  2476   40.635 x1.00] LOG  [ComboTrace] LAUNCH OniBoss at 2.1m dist=2.06m in 0.21s
[  2490   40.855 x1.00] LOG  [ComboTrace] LAUNCH RESULT wanted=2.06m actually moved=1.40m — completed
[  2508   41.125 x1.00] LOG  [Combat] Queued click #1 (combo 1)
[  2508   41.125 x1.00] LOG  [ComboTrace] QUEUED #1 during step 1
[  2516   41.249 x1.00] LOG  OniBoss punish window! 10 → 15 (x1.5)
[  2516   41.249 x1.00] LOG  OniBoss took 15 damage. HP: 345/500
[  2516   41.249 x1.00] LOG  [Combat] Hit OniBoss for 10
[  2516   41.249 x1.00] LOG  [CameraGameFeel] Shake: intensity=0.50 duration=0.200s
[  2516   41.249 x1.00] LOG  [CameraGameFeel] FOV punch: hit light (+1.5°)
[  2523   41.366 x1.00] LOG  [Combat] Queued click #2 (combo 1)
[  2523   41.366 x1.00] LOG  [ComboTrace] QUEUED #2 during step 1
[  2528   41.447 x1.00] LOG  🐾 VFX_AttackPaw triggered!
[  2529   41.467 x1.00] LOG  [OniBoss] Stagger → Chase
[  2530   41.484 x1.00] LOG  [OniBoss] Playing animation: Watch
[  2530   41.484 x1.00] LOG  [OniBoss] Combo started: ClubSwing1 → ClubSwing2 → ClubSlam (3 steps remaining)
[  2530   41.484 x1.00] LOG  [OniBoss] Chase → Attack
[  2530   41.484 x1.00] LOG  [OniBoss] Attack: Club_Swing (16 dmg)
[  2530   41.484 x1.00] LOG  [OniBoss:Trail] Club_Swing trail START at clip 1.00 (transition done).
[  2534   41.552 x1.00] LOG  [ComboTrace] CLICK IGNORED (step=1 queued=2)
[  2537   41.591 x1.00] LOG  [Combat] Combo 2: 20 dmg
[  2537   41.591 x1.00] LOG  [ComboTrace] START step=2 state='Combo2' queued=1 target='OniBoss' at 2.9m
[  2537   41.591 x1.00] LOG  [ComboTrace] LAUNCH OniBoss at 1.6m dist=1.58m in 0.16s
[  2547   41.747 x1.00] LOG  [Combat] Queued click #2 (combo 2)
[  2547   41.747 x1.00] LOG  [ComboTrace] QUEUED #2 during step 2
[  2548   41.766 x1.00] LOG  [ComboTrace] LAUNCH RESULT wanted=1.58m actually moved=0.90m — completed
[  2550   41.796 x1.00] LOG  [CameraGameFeel] Shake: intensity=0.20 duration=0.250s
[  2550   41.796 x1.00] LOG  [Combat] Hit react: HitReact_Light_2Leg (0.5s)
[  2550   41.796 x1.00] LOG  [HitReactTrace] asked for 'HitReact_Light_2Leg' (0.50s) — blend resolved after 0 ms, now playing a clip 1.75s long at speed 1.60, layer weight 1.00, animator.speed 1.00.
[  2550   41.796 x1.00] LOG  [CameraGameFeel] Shake: intensity=0.30 duration=0.200s
[  2550   41.796 x1.00] LOG  [CameraGameFeel] FOV punch: player damage (-2.0°)
[  2550   41.796 x1.00] LOG  [OniBoss] Hit player for 16 (Club_Swing)
[  2550   41.796 x1.00] LOG  [OniBoss:Touch] Club_Swing: club TOUCHED Yoru at clip 0.37 — shaft 0.47m from her body line, tip speed 179m/s, ONE FRAME EARLY (predicted). Full club hit delivered this frame.
[  2554   41.856 x1.00] LOG  [OniBoss:ClubPos] Club_Swing at strike: club tip 3.03m up, 2.17m in front, -3.11m to his right (3.79m out from his centre). Club faces -89deg from his forward, pitch 0.41. (the ground wave is born 1.6m in front of him at 0.35m.)
[  2554   41.856 x1.00] LOG  [OniBoss:Layer] Club_Swing: club already hit — ground wave released as VISUAL only (0 damage).
[  2585   42.338 x1.00] LOG  [OniBoss] Attack → Recovery
[  2585   42.338 x1.00] LOG  [OniBoss] Playing animation: Watch
[  2585   42.338 x1.00] LOG  [OniBoss:Trail] trail END at clip 1.00, fading over 0.40s.
[  2585   42.338 x1.00] LOG  [OniBoss:Strike] Club_Swing: club tip closest to Yoru at 0.49m, clip position 0.91 | damage fires at 0.42 | clip 0.84s => damage fires 409 ms BEFORE the club is closest
[  2588   42.385 x1.00] LOG  [Combat] Combo 1: 10 dmg
[  2588   42.385 x1.00] LOG  [ComboTrace] START step=1 state='Combo1' queued=0 target='OniBoss' at 2.0m
[  2588   42.385 x1.00] LOG  [ComboTrace] LAUNCH OniBoss at 0.8m dist=0.78m in 0.13s
[  2595   42.494 x1.00] LOG  [OniBoss] Recovery → Attack
[  2595   42.494 x1.00] LOG  [OniBoss] Attack: ClubSwing2 (16 dmg)
[  2595   42.494 x1.00] LOG  [OniBoss:Trail] ClubSwing2 trail START at clip 1.00 (transition still blending).
[  2597   42.526 x1.00] LOG  [ComboTrace] LAUNCH RESULT wanted=0.78m actually moved=0.00m — completed
[  2602   42.617 x1.00] LOG  [Combat] Queued click #1 (combo 1)
[  2602   42.617 x1.00] LOG  [ComboTrace] QUEUED #1 during step 1
[  2615   42.818 x1.00] LOG  [CameraGameFeel] Shake: intensity=0.20 duration=0.250s
[  2615   42.818 x1.00] LOG  [Combat] Hit react: HitReact_Light_2Leg (0.5s)
[  2615   42.818 x1.00] LOG  [HitReactTrace] asked for 'HitReact_Light_2Leg' (0.50s) — blend resolved after 0 ms, now playing a clip 1.23s long at speed 1.60, layer weight 1.00, animator.speed 1.00.
[  2615   42.818 x1.00] LOG  [CameraGameFeel] Shake: intensity=0.30 duration=0.200s
[  2615   42.818 x1.00] LOG  [CameraGameFeel] FOV punch: player damage (-2.0°)
[  2615   42.818 x1.00] LOG  [OniBoss] Hit player for 20 (ClubSwing2) [combo x1.25]
[  2615   42.818 x1.00] LOG  [OniBoss:Touch] ClubSwing2: club TOUCHED Yoru at clip 0.28 — shaft 0.58m from her body line, tip speed 81m/s, ONE FRAME EARLY (predicted). Full club hit delivered this frame.
[  2620   42.895 x1.00] LOG  [OniBoss:ClubPos] ClubSwing2 at strike: club tip 0.39m up, 1.28m in front, 3.01m to his right (3.27m out from his centre). Club faces 34deg from his forward, pitch -0.89. (the ground wave is born 1.6m in front of him at 0.35m.)
[  2620   42.895 x1.00] LOG  [OniBoss:Layer] ClubSwing2: club already hit — ground wave released as VISUAL only (0 damage).
[  2649   43.333 x1.00] LOG  🚶 2-LEG JUMP
[  2649   43.333 x1.00] LOG  🐾 Jump 1 VFX spawned!
[  2652   43.378 x1.00] LOG  [ComboTrace] LAUNCH OniBoss at 0.7m dist=0.67m in 0.13s [AIRBORNE]
[  2652   43.378 x1.00] LOG  [Combat] Aerial spin — 25 dmg
[  2652   43.378 x1.00] LOG  OniBoss took 10 damage. HP: 335/500
[  2652   43.378 x1.00] LOG  [OniBoss] 🤕 Hit during Attack — flash only
[  2652   43.378 x1.00] LOG  [CameraGameFeel] Shake: intensity=0.50 duration=0.200s
[  2652   43.378 x1.00] LOG  [CameraGameFeel] FOV punch: hit light (+1.5°)
[  2652   43.378 x1.00] LOG  [AirPosePin] engaged, holding body at 0.581m above the transform
[  2660   43.515 x1.00] LOG  [ComboTrace] LAUNCH RESULT wanted=0.67m actually moved=0.00m — completed
[  2661   43.533 x1.00] LOG  OniBoss took 10 damage. HP: 325/500
[  2661   43.533 x1.00] LOG  [OniBoss] 🤕 Hit during Attack — flash only
[  2661   43.533 x1.00] LOG  [CameraGameFeel] Shake: intensity=0.18 duration=0.200s
[  2671   43.688 x1.00] LOG  OniBoss took 10 damage. HP: 315/500
[  2671   43.688 x1.00] LOG  [OniBoss] 🤕 Hit during Attack — flash only
[  2671   43.688 x1.00] LOG  [OniBoss] Attack → Stagger
[  2671   43.688 x1.00] LOG  [OniBoss] Playing animation: Stagger
[  2671   43.688 x1.00] LOG  [OniBoss] STAGGERED for 2.5s
[  2671   43.688 x1.00] LOG  [OniBoss:Layer] heavy knock-back react (swirl burst, 3 hits / 30 dmg) → 'HitReact_Heavy', down for 1.80s
[  2671   43.688 x1.00] LOG  [OniBoss:Layer] burst: 3 hits / 30 dmg inside 0.8s → knock-back + 0.90m push
[  2671   43.688 x1.00] LOG  [CameraGameFeel] Shake: intensity=0.18 duration=0.200s
[  2671   43.688 x1.00] LOG  [OniBoss:Strike] ClubSwing2: club tip closest to Yoru at 1.37m, clip position 0.30 | damage fires at 0.32 | clip 1.17s => MATCHED (within one or two frames)
[  2672   43.710 x1.00] LOG  [OniBoss:Trail] trail END at clip 0.99, fading over 0.40s.
[  2680   43.842 x1.00] LOG  OniBoss punish window! 10 → 15 (x1.5)
[  2680   43.842 x1.00] LOG  OniBoss took 15 damage. HP: 300/500
[  2680   43.842 x1.00] LOG  [CameraGameFeel] Shake: intensity=0.18 duration=0.200s
[  2689   43.992 x1.00] LOG  OniBoss punish window! 10 → 15 (x1.5)
[  2689   43.992 x1.00] LOG  OniBoss took 15 damage. HP: 285/500
[  2689   43.992 x1.00] LOG  [CameraGameFeel] Shake: intensity=0.18 duration=0.200s
[  2697   44.120 x1.00] LOG  [ComboTrace] END step=3 clipProgress=0.91 clipLen=0.79s queued=0 elapsed=0.74s
[  2698   44.134 x1.00] LOG  [AirPosePin] released, peak correction was -0.099m
[  2706   44.268 x1.00] LOG  💨 Landing VFX spawned!
[  2706   44.268 x1.00] LOG  ✅ LANDED! (was jump #1)
[  2709   44.318 x1.00] LOG  [Combat] Combo 1: 10 dmg
[  2709   44.318 x1.00] LOG  [ComboTrace] START step=1 state='Combo1' queued=0 target='OniBoss' at 3.5m
[  2709   44.318 x1.00] LOG  [ComboTrace] LAUNCH OniBoss at 2.2m dist=2.20m in 0.22s
[  2722   44.525 x1.00] LOG  [Combat] Queued click #1 (combo 1)
[  2722   44.525 x1.00] LOG  [ComboTrace] QUEUED #1 during step 1
[  2723   44.538 x1.00] LOG  [ComboTrace] LAUNCH RESULT wanted=2.20m actually moved=1.55m — completed
[  2738   44.775 x1.00] LOG  [Combat] Queued click #2 (combo 1)
[  2738   44.775 x1.00] LOG  [ComboTrace] QUEUED #2 during step 1
[  2748   44.932 x1.00] LOG  OniBoss punish window! 10 → 15 (x1.5)
[  2748   44.932 x1.00] LOG  OniBoss took 15 damage. HP: 270/500
[  2748   44.932 x1.00] LOG  [Combat] Hit OniBoss for 10
[  2748   44.932 x1.00] LOG  [CameraGameFeel] Shake: intensity=0.50 duration=0.200s
[  2748   44.932 x1.00] LOG  [CameraGameFeel] FOV punch: hit light (+1.5°)
[  2751   44.976 x1.00] LOG  [ComboTrace] CLICK IGNORED (step=1 queued=2)
[  2760   45.127 x1.00] LOG  🐾 VFX_AttackPaw triggered!
[  2764   45.186 x1.00] LOG  [ComboTrace] CLICK IGNORED (step=1 queued=2)
[  2769   45.262 x1.00] LOG  [Combat] Combo 2: 20 dmg
[  2769   45.262 x1.00] LOG  [ComboTrace] START step=2 state='Combo2' queued=1 target='OniBoss' at 2.9m
[  2769   45.262 x1.00] LOG  [ComboTrace] LAUNCH OniBoss at 1.6m dist=1.58m in 0.16s
[  2777   45.385 x1.00] LOG  [Combat] Queued click #2 (combo 2)
[  2777   45.385 x1.00] LOG  [ComboTrace] QUEUED #2 during step 2
[  2780   45.430 x1.00] LOG  [ComboTrace] LAUNCH RESULT wanted=1.58m actually moved=0.90m — completed
[  2784   45.493 x1.00] LOG  [OniBoss] Stagger → Chase
[  2785   45.508 x1.00] LOG  [OniBoss] Playing animation: Idle
[  2785   45.508 x1.00] LOG  [OniBoss] Chase → Attack
[  2785   45.508 x1.00] LOG  [OniBoss] Attack: Club_Swing (16 dmg)
[  2785   45.508 x1.00] LOG  [OniBoss:Trail] Club_Swing trail START at clip 1.00 (transition done).
[  2801   45.771 x1.00] LOG  [ComboTrace] CLICK IGNORED (step=2 queued=2)
[  2804   45.817 x1.00] LOG  [CameraGameFeel] Shake: intensity=0.20 duration=0.250s
[  2804   45.817 x1.00] LOG  [Combat] Hit react: HitReact_Light_2Leg (0.5s)
[  2804   45.817 x1.00] LOG  [HitReactTrace] asked for 'HitReact_Light_2Leg' (0.50s) — blend resolved after 0 ms, now playing a clip 1.75s long at speed 1.60, layer weight 1.00, animator.speed 1.00.
[  2804   45.817 x1.00] LOG  [CameraGameFeel] Shake: intensity=0.30 duration=0.200s
[  2804   45.817 x1.00] LOG  [CameraGameFeel] FOV punch: player damage (-2.0°)
[  2804   45.817 x1.00] LOG  [OniBoss] Hit player for 16 (Club_Swing)
[  2804   45.817 x1.00] LOG  [OniBoss:Touch] Club_Swing: club TOUCHED Yoru at clip 0.37 — shaft 0.43m from her body line, tip speed 179m/s, ONE FRAME EARLY (predicted). Full club hit delivered this frame.
[  2808   45.882 x1.00] LOG  [OniBoss:ClubPos] Club_Swing at strike: club tip 3.03m up, 2.17m in front, -3.10m to his right (3.79m out from his centre). Club faces -89deg from his forward, pitch 0.41. (the ground wave is born 1.6m in front of him at 0.35m.)
[  2808   45.882 x1.00] LOG  [OniBoss:Layer] Club_Swing: club already hit — ground wave released as VISUAL only (0 damage).
[  2840   46.357 x1.00] LOG  [OniBoss] Attack → Recovery
[  2840   46.357 x1.00] LOG  [OniBoss] Playing animation: Watch
[  2840   46.357 x1.00] LOG  [OniBoss:Trail] trail END at clip 1.00, fading over 0.40s.
[  2840   46.357 x1.00] LOG  [OniBoss:Strike] Club_Swing: club tip closest to Yoru at 0.51m, clip position 0.91 | damage fires at 0.42 | clip 0.84s => damage fires 407 ms BEFORE the club is closest
[  2842   46.392 x1.00] LOG  🚶 2-LEG JUMP
[  2842   46.392 x1.00] LOG  🐾 Jump 1 VFX spawned!
[  2846   46.456 x1.00] LOG  [ComboTrace] LAUNCH OniBoss at 0.6m dist=0.64m in 0.13s [AIRBORNE]
[  2846   46.456 x1.00] LOG  [Combat] Aerial spin — 25 dmg
[  2846   46.456 x1.00] LOG  OniBoss took 10 damage. HP: 260/500
[  2846   46.456 x1.00] LOG  [OniBoss] Recovery → HitReact
[  2846   46.456 x1.00] LOG  [OniBoss:Layer] react tier: LIGHT (10 dmg) → 'Hit_react_light'
[  2846   46.456 x1.00] LOG  [CameraGameFeel] Shake: intensity=0.50 duration=0.200s
[  2846   46.456 x1.00] LOG  [CameraGameFeel] FOV punch: hit light (+1.5°)
[  2846   46.456 x1.00] LOG  [AirPosePin] engaged, holding body at 0.532m above the transform
[  2855   46.609 x1.00] LOG  [ComboTrace] LAUNCH RESULT wanted=0.64m actually moved=0.00m — completed
[  2855   46.609 x1.00] LOG  OniBoss took 10 damage. HP: 250/500
[  2855   46.609 x1.00] LOG  [OniBoss:Layer] burst: 2 hits / 20 dmg → flinch upgraded to 'HitReact_medium'
[  2855   46.609 x1.00] LOG  [CameraGameFeel] Shake: intensity=0.18 duration=0.200s
[  2856   46.623 x1.00] LOG  [OniBoss] ⚡ PHASE 2 ACTIVATED
[  2856   46.623 x1.00] LOG  [OniBoss] HitReact → Stagger
[  2856   46.623 x1.00] LOG  [OniBoss] Playing animation: Stagger
[  2856   46.623 x1.00] LOG  [OniBoss] STAGGERED for 2.5s
[  2856   46.623 x1.00] LOG  [OniBoss] STAGGERED (parry) for 3s
[  2856   46.623 x0.45] LOG  [Combat] Combat reset
[  2856   46.623 x0.45] LOG  [OniBoss:Cine] CINEMATIC ON — hard cut, bars in, world at x0.45, roar at x0.80 + 0.9s linger, rise at x0.45, beat frames 27-37/94 at x0.20, hang 2.0s, orbit roar 120° / rise 40° / drop 30°, lens 65° locked, fill 0.70, screen-y 0.40/0.33, apex at clip 0.40.
[  2856   46.623 x0.45] LOG  [OniBoss:Layer] PHASE 2: transition 'Phase_Transition' driven at x0.60 + 0.6s hold — untouchable, roar at 0.60
[  2856   46.623 x0.45] LOG  [BossBar] Hiding bar INSTANTLY (cinematic)
[  2856   46.623 x0.45] LOG  [OniBoss:Layer] boss bar hidden (cinematic)
[  2856   46.623 x0.45] LOG  [AirPosePin] released, peak correction was -0.202m
[  2857   46.643 x0.45] LOG  [OniBoss:Layer] PHASE 2: clip is 2.42s — cinematic: scream ~1.81s in + 0.9s linger
[  2950   48.159 x0.45] LOG  💨 Landing VFX spawned!
[  2950   48.159 x0.45] LOG  ✅ LANDED! (was jump #1)
[  2967   48.436 x0.45] LOG  [CameraGameFeel] Shake: intensity=0.60 duration=0.500s
[  2967   48.436 x0.45] LOG  [OniBoss:Layer] PHASE 2: roar at 1.45 clip-s
[  3027   49.338 x0.45] LOG  [OniBoss:Layer] PHASE 2: transition over after 2.72s real — he is back, and angrier
[  3027   49.338 x0.45] LOG  [OniBoss:Layer] PHASE 2: chaining into the GROUND POUND — no pause. The cinematic rides along until the top of the jump.
[  3027   49.338 x0.45] LOG  [OniBoss] STAGGERED (parry) for 3s
[  3027   49.338 x0.45] LOG  [OniBoss:Layer] GROUND POUND (phase-2 entrance): driving 'Ground_Pound' at x1.00, slam at 0.60, cinematic until the apex at 0.40
[  3028   49.357 x0.45] LOG  [OniBoss:Layer] GROUND POUND: clip is 3.13s
[  3166   51.366 x0.45] LOG  [StormWeather] storm break released
[  3166   51.366 x0.45] LOG  [StormWeather] ⚡ strike at (469.51, 45.00, 428.83) x1.5
[  3166   51.366 x0.45] LOG  [StormWeather] ⚡ strike at (471.71, 45.00, 429.95) x1.2
[  3166   51.366 x0.45] LOG  [OniBoss:Cine] LIGHTNING BEAT — the SKY SHOW begins: 9 bolts converging from 14m (sky height), club strike at call AND climax, sky-fill 'LightningOrbSoftYellow' (club slot), 3 streamers, storm released.
[  3167   51.389 x0.20] LOG  [StormWeather] ⚡ strike at (474.15, 45.00, 455.10)
[  3167   51.389 x0.20] LOG  [StormWeather] COZY → 'Thunder Storm' (the sky answers — storm chaos)
[  3167   51.389 x0.20] LOG  [StormWeather] PHASE 2 - storm breaking.
[  3202   51.950 x0.20] LOG  [StormWeather] ⚡ strike at (457.75, 45.00, 428.36) x1.5
[  3202   51.950 x0.20] LOG  [StormWeather] ⚡ strike at (459.70, 45.00, 427.55) x1.2
[  3202   51.950 x0.20] LOG  [CameraGameFeel] Shake: intensity=0.15 duration=0.150s
[  3218   52.214 x0.20] LOG  [StormWeather] ⚡ strike at (475.63, 45.00, 438.76) x1.5
[  3218   52.214 x0.20] LOG  [StormWeather] ⚡ strike at (476.22, 45.00, 441.68) x1.2
[  3218   52.214 x0.20] LOG  [CameraGameFeel] Shake: intensity=0.17 duration=0.150s
[  3233   52.461 x0.20] LOG  [StormWeather] ⚡ strike at (460.46, 45.00, 430.10) x1.5
[  3233   52.461 x0.20] LOG  [StormWeather] ⚡ strike at (464.09, 45.00, 429.23) x1.2
[  3233   52.461 x0.20] LOG  [CameraGameFeel] Shake: intensity=0.19 duration=0.150s
[  3247   52.697 x0.20] LOG  [StormWeather] ⚡ strike at (467.04, 45.00, 431.81) x1.5
[  3247   52.697 x0.20] LOG  [StormWeather] ⚡ strike at (469.98, 45.00, 433.02) x1.2
[  3247   52.697 x0.20] WARN The referenced script on this Behaviour (Game Object '<null>') is missing!
[  3247   52.697 x0.20] WARN The referenced script on this Behaviour (Game Object 'Lightning Light') is missing!
[  3247   52.697 x0.20] WARN The referenced script on this Behaviour (Game Object 'Lightning Light') is missing!
[  3247   52.697 x0.20] LOG  [StormWeather] COZY thunder → Strike()
[  3247   52.697 x0.20] LOG  [CameraGameFeel] Shake: intensity=0.21 duration=0.150s
[  3259   52.897 x0.20] LOG  [StormWeather] ⚡ strike at (470.97, 45.00, 436.87) x1.5
[  3259   52.897 x0.20] LOG  [StormWeather] ⚡ strike at (472.78, 45.00, 440.08) x1.2
[  3259   52.897 x0.20] LOG  [CameraGameFeel] Shake: intensity=0.23 duration=0.150s
[  3270   53.077 x0.45] LOG  [StormWeather] ⚡ strike at (466.85, 45.00, 434.49) x1.5
[  3270   53.077 x0.45] LOG  [StormWeather] ⚡ strike at (469.82, 45.00, 436.11) x1.2
[  3270   53.077 x0.45] LOG  [CameraGameFeel] Shake: intensity=0.24 duration=0.150s
[  3279   53.240 x0.45] LOG  [StormWeather] ⚡ strike at (461.22, 45.00, 435.07) x1.5
[  3279   53.240 x0.45] LOG  [StormWeather] ⚡ strike at (463.86, 45.00, 434.26) x1.2
[  3279   53.240 x0.45] WARN The referenced script on this Behaviour (Game Object '<null>') is missing!
[  3279   53.240 x0.45] WARN The referenced script on this Behaviour (Game Object 'Lightning Light') is missing!
[  3279   53.240 x0.45] WARN The referenced script on this Behaviour (Game Object 'Lightning Light') is missing!
[  3279   53.240 x0.45] LOG  [StormWeather] COZY thunder → Strike()
[  3279   53.240 x0.45] LOG  [CameraGameFeel] Shake: intensity=0.26 duration=0.150s
[  3286   53.376 x0.45] LOG  [StormWeather] ⚡ strike at (466.06, 45.00, 436.93) x1.5
[  3286   53.376 x0.45] LOG  [StormWeather] ⚡ strike at (468.50, 45.00, 438.57) x1.2
[  3286   53.376 x0.45] LOG  [CameraGameFeel] Shake: intensity=0.28 duration=0.150s
[  3292   53.500 x0.45] LOG  [StormWeather] ⚡ strike at (463.70, 45.00, 437.33) x1.5
[  3292   53.500 x0.45] LOG  [StormWeather] ⚡ strike at (466.14, 45.00, 437.68) x1.2
[  3292   53.500 x0.45] LOG  [CameraGameFeel] Shake: intensity=0.30 duration=0.150s
[  3297   53.601 x0.45] LOG  [StormWeather] ⚡ strike at (462.10, 45.00, 444.10)
[  3297   53.601 x0.45] LOG  [CameraGameFeel] Shake: intensity=0.90 duration=0.500s
[  3297   53.601 x0.45] LOG  [OniBoss:Cine] SKY SHOW CLIMAX — the club takes the storm.
[  3376   55.048 x1.00] LOG  [OniBoss:Cine] the DROP at clip 0.40 (hung 2.0s) — full speed, the camera rides him DOWN.
[  3389   55.256 x1.00] LOG  [OniBoss:Layer] sky show lights restored (show complete)
[  3414   55.680 x1.00] LOG  [CameraGameFeel] FOV punch: hit light (+1.5°)
[  3414   55.680 x1.00] LOG  [StormWeather] storm break released
[  3414   55.680 x1.00] LOG  [OniBoss:Cine] CINEMATIC OFF (he LANDS at clip 0.60) — control returned, bars out, camera hands over in 0.30s. Lens locked at 65°; the camera stepped back to 28.2m at the farthest.
[  3414   55.680 x1.00] LOG  [CameraGameFeel] Shake: intensity=1.10 duration=0.800s
[  3414   55.680 x1.00] LOG  [OniBoss:Pound] SLAM at clip 0.60 (1.89 clip-s) — ring 12m/s out to 12m, 45 damage, jumpable.
[  3415   55.698 x1.00] LOG  [BossBar] Showing bar for: Oni (250/500)
[  3415   55.698 x1.00] LOG  [OniBoss:Layer] boss bar shown
[  3415   55.698 x1.00] LOG  [BossBar] Bar switched to phase 2
[  3415   55.698 x1.00] LOG  [OniBoss:Layer] boss bar → phase 2 crimson
[  3420   55.801 x1.00] LOG  [Combat] Hit react: HitReact_Heavy_2Leg (0.9s)
[  3420   55.801 x1.00] LOG  [HitReactTrace] asked for 'HitReact_Heavy_2Leg' (0.90s) — blend resolved after 0 ms, now playing a clip 1.00s long at speed 1.00, layer weight 1.00, animator.speed 1.00.
[  3420   55.801 x1.00] LOG  [CameraGameFeel] Shake: intensity=0.60 duration=0.200s
[  3420   55.801 x1.00] LOG  [CameraGameFeel] FOV punch: player damage (-3.0°)
[  3420   55.801 x1.00] LOG  [OniBoss:Pound] shockwave CAUGHT Yoru (grounded) at 2.0m for 45.
[  3490   56.920 x1.00] LOG  [OniBoss] Stagger → Chase
[  3490   56.920 x1.00] LOG  [OniBoss:Cine] first-attack GRACE — at least 2.0s before he may swing.
[  3490   56.920 x1.00] LOG  [OniBoss:Layer] GROUND POUND: done — the engine is his again.
[  3491   56.938 x1.00] LOG  [OniBoss] Playing animation: Idle
[  3583   58.485 x1.00] LOG  [StormWeather] terrain layers restored to dry values.
# end — 517 lines
