# Oni combat log — 2026-09-13 17:04:09
# Unity 6000.2.7f2 | scene 'CaveScene_Oni_Boss1' | platform OSXEditor
# columns: [frame realSeconds timeScale] KIND message      (KIND: LOG WARN ERR EXC TEL)
#
[     0    0.000 x1.00] LOG  [OniLog] console + telemetry → /Users/asenahazal/Documents/Yoru/OniLogs/oni_2026-09-13_17-04-09.log
[     0    0.000 x1.00] LOG  [OniHairShadows] shadow casting off on 27 hair renderers
[     0    0.000 x1.00] LOG  [RingMesh] Auto-found 11/11 left, 11/11 right meshes
[     1    0.000 x1.00] LOG  [BossBar] BossHealthBarUI initialized
[     1    0.000 x1.00] LOG  [StormWeather] layer 'TerrainLayer_Dirt_01' dry smoothness=0.00 (restore to this if a crash ever leaves it wet)
[     1    0.000 x1.00] LOG  [StormWeather] post volumes ready on layer 9 (storm priority 10, flash priority 11).
[     1    0.000 x1.00] LOG  [StormWeather] ROUND 80: fur weather ready on 'Weather Zone'. Rain 0, wind 0.50 in the open, sky check 30 m from 'PlayerYoru_1.1'.
[     1    0.000 x1.00] LOG  [StormWeather] COZY bridge: Rain_Cave retired, COZY owns the rain now.
[     1    0.000 x1.00] LOG  [StormWeather] COZY → 'Clear' (pre-fight - open sky, 0 s)
[     1    0.000 x1.00] LOG  [StormWeather] Ready. Open sky, dry floor. Waiting for the fight.
[     1    0.000 x1.00] LOG  OniBoss initialized with 500 HP
[     1    0.000 x1.00] LOG  [OniBoss] ANIMATOR SETUP: cullingMode=CullUpdateTransforms updateMode=Normal applyRootMotion=False speed=1
[     1    0.000 x1.00] LOG  [OniBoss] Initialized
[     1    0.000 x1.00] LOG  [OniBoss:Layer] facing: minFlat 1m, snapOnAttack off, trackInHitReact off
[     1    0.000 x1.00] LOG  [OniBoss:Layer] Yoru launch model ON: launches ALL THE WAY to an enemy within 4.7m of its surface at 10m/s (stop gap 0.00m, NO minimum distance), else steps 0.90m forward. Targeting cone left exactly as her prefab has it.
[     1    0.000 x1.00] LOG  [OniBoss:Layer] Yoru launch ROUND 9: airborne attacks launch too (ON), edge probe now runs on its OWN layer mask (Everything) instead of the line-of-sight mask - the Ground-only mask found no floor in this cave and was cancelling 100% of launches at 0.00m travelled.
[     1    0.000 x1.00] LOG  [OniBoss:Layer] animator speed x1.35 — his 1.13s swing now plays in 0.84s.
[     1    0.000 x1.00] LOG  [OniBoss:Layer] chase speed pushed: phase1 4.5, phase2 5.5 (Yoru runs at 7).
[     1    0.000 x1.00] LOG  [OniBoss:Layer] ground wave ON (round 38): half the club's damage on TOUCH, 12m/s x 6.0m from 1.6m in front at 0.35m height — a club hit cancels that swing's wave, jumping clears it. Per-attack effects come from the Swing Wave VFX By Attack rows. PlayerHealth found, PlayerMovement found.
[     1    0.000 x1.00] LOG  [StormWeather] storm break HELD (waiting for the lightning beat)
[     1    0.000 x1.00] LOG  [OniBoss:Layer] storm break HELD — it releases at the lightning-on-the-club beat.
[     1    0.000 x1.00] LOG  [OniBoss:Layer] club tracking ON — tip 'Kanabo3' (depth 4), shaft root 'kanabo'.
[     1    0.000 x1.00] LOG  [OniBoss:Layer] skinned meshes: 46 renderer(s), updateWhenOffscreen ON, body renderer 'Body' rootBone 'Hips'
[     1    0.000 x1.00] LOG  [OniBoss:Layer] charge travel bone: 'Hips' at depth 1 under 'OniBoss', rest local (0.00, 3.24, -0.24)
[     1    0.000 x1.00] LOG  [OniBoss:Layer] anti-kite ON: thrown swing after 4s of failed chase (within 7.6m), charge after 6s.
[     1    0.000 x1.00] LOG  [OniBoss:Layer] charge drive ON (windup to 0.40 at x1.3, rush 14m/s stops at 2.6m, steers 0.35s then commits, strike section from 0.58, strike moment 0.76, trail VFX off)
[     1    0.000 x1.00] LOG  [OniBoss:Layer] attack armor ON (his swings are not interrupted by light/medium hits; heavy hits and rapid-hit bursts still stop him)
[     1    0.000 x1.00] LOG  [OniBoss:Layer] strike moments overridden: Club_Swing=0.42 ClubSwing2=0.32 ClubSlam=0.85 KanaboSweep=0.48
[     1    0.000 x1.00] LOG  [OniBoss:Layer] club TOUCH hits ON (radius 0.70m, min tip speed 50m/s, armed from 0.20 of the clip): Club_Swing ClubSwing2 ClubSlam KanaboSweep. First touch wins — club full damage, wave half, one hit per swing.
[     1    0.000 x1.00] LOG  [OniBoss:Layer] combo damage ramp ON: mid x1.25, finisher x1.50 — finisher wave carries FULL damage at x2.0 size, x2.0 travel.
[     1    0.000 x1.00] LOG  [OniBoss:Layer] charge follow-up ON: 90 % of solo charges chain into a random melee finisher.
[     1    0.000 x1.00] LOG  [OniBoss:Layer] hold-ground ON (backstep 1.5m @ 1.6m/s after own attacks, watch 'Watch', attack facing LOCKED)
[     1    0.000 x1.00] LOG  [OniBoss:Layer] OniBoss layer ready (reactions, wake-on-hit, watch stance, boss bar). player=found
[     1    0.000 x1.00] LOG  [OniBoss:Layer] charge clip 'Oni Charge.fbx' imports with Root Motion Node = None (in place) — good.
[     1    0.000 x1.00] LOG  [OniBoss:Layer] clips importing with Root Transform Position (Y) NOT baked into pose (12): Oni_Alert(Oni Alert), Club_Slam(Oni Club Slam), Club_Swing(Oni Club Swing), Club_swing2(Oni Club Swing 2), Death(Oni Death Kneel), Hit_react_light(Oni Hit react lighter light), KanaboSweep(Oni Kanabo sweep), Phase_Transition(Oni Phase transition), run(Oni Run), Walk(Oni Walk), Watch(Oni Watch), Idle(Oni Idle) — their hips' up/down motion is stripped (see round notes; optional).
[     1    0.000 x1.00] LOG  === VFX MANAGER INITIALIZED ===
[     1    0.000 x1.00] LOG  Auto-detect animations: False
[     1    0.000 x1.00] LOG  Parent effects to tail: True
[     1    0.000 x1.00] LOG  Prefabs: Jump=True, Land=True, LTail=True, RTail=True
[     1    0.000 x1.00] LOG  ✅ Left Tail Tip: LeftTailVFX
[     1    0.000 x1.00] LOG  ✅ Right Tail Tip: RightTailTip_Anchor
[     1    0.000 x1.00] LOG  [VolumetricFogController] applyPresets is OFF in this scene. The Volumetric Fog component keeps its hand-set inspector values.
[     1    0.000 x1.00] LOG  [TailAirShot] Ready. drawState=RightTail_Fast castParam=TailCastSpeed (found)
  arrow leaves: PlayerYoru_1.1/Cat_All_10_Tails_v4/Group/DeformationSystem/root/Root_M/Tail15_R/Tail151_R/Tail152_R/Tail153_R/Tail154_R/Tail155_R/Tail156_R/Tail157_R/Tail158_R/Tail159_R/Tail1510_R/Tail1511_R/Tail1512_R/Tail6_R/Tail6_R_end/Tail6_R_end_end/Tail6_R_end_end_end/RightTailTip_Anchor
  aim VFX: PlayerYoru_1.1/Cat_All_10_Tails_v4/Group/DeformationSystem/root/Root_M/Tail15_R/Tail151_R/Tail152_R/Tail153_R/Tail154_R/Tail155_R/Tail156_R/Tail157_R/Tail158_R/Tail159_R/Tail1510_R/Tail1511_R/Tail1512_R/Tail6_R/Tail6_R_end/Tail6_R_end_end/Tail6_R_end_end_end/RightTailTip_Anchor/vfx_Muzzle_Fireball01Blue
[     1    0.000 x1.00] LOG  [RingMesh] VFX Status:
[     1    0.000 x1.00] LOG    Left: Prefab=✓, Spawn=Tail6_L_end_end_end
[     1    0.000 x1.00] LOG    Right: Prefab=✓, Spawn=Tail6_R_end_end_end
[     1    0.000 x1.00] LOG  [TailAirShot4Leg] Ready. drawState=shoot_4Leg castParam=Shoot4LegSpeed (found) readyFrame=5 fireFrame=10 frames=24 slowBudget=3s real damageMultiplier=2.00
  arrow leaves: PlayerYoru_1.1/Cat_All_10_Tails_v4/Group/DeformationSystem/root/Root_M/Tail15_R/Tail151_R/Tail152_R/Tail153_R/Tail154_R/Tail155_R/Tail156_R/Tail157_R/Tail158_R/Tail159_R/Tail1510_R/Tail1511_R/Tail1512_R/Tail6_R/Tail6_R_end/Tail6_R_end_end/Tail6_R_end_end_end/RightTailTip_Anchor
  aim VFX left:  PlayerYoru_1.1/Cat_All_10_Tails_v4/Group/DeformationSystem/root/Root_M/Tail15_L/Tail151_L/Tail152_L/Tail153_L/Tail154_L/Tail155_L/Tail156_L/Tail157_L/Tail158_L/Tail159_L/Tail1510_L/Tail1511_L/Tail1512_L/Tail6_L/Tail6_L_end/Tail6_L_end_end/Tail6_L_end_end_end/LeftTailTip_Anchor/Glow_4Leg_L
  aim VFX right: PlayerYoru_1.1/Cat_All_10_Tails_v4/Group/DeformationSystem/root/Root_M/Tail15_R/Tail151_R/Tail152_R/Tail153_R/Tail154_R/Tail155_R/Tail156_R/Tail157_R/Tail158_R/Tail159_R/Tail1510_R/Tail1511_R/Tail1512_R/Tail6_R/Tail6_R_end/Tail6_R_end_end/Tail6_R_end_end_end/RightTailTip_Anchor/Glow_4Leg_R
[     1    0.000 x1.00] LOG  [PlayerCombat] Phase 2 form gate CONNECTED (FormController found on this GameObject).
[     1    0.000 x1.00] LOG  [Combat] PlayerCombat initialized, Phase 3C v27
[     1    0.000 x1.00] LOG  [CameraGameFeel] CameraGameFeel initialized (shake + FOV)
[     1    2.259 x1.00] LOG  [OniBoss] Playing animation: Idle
[     1    2.259 x1.00] LOG  [OniBoss:Layer] watch stance ON (player 13.4m)
[    97    3.098 x1.00] LOG  💨 Landing VFX spawned!
[    97    3.098 x1.00] LOG  ✅ LANDED! (was jump #0)
[   492    4.559 x1.00] LOG  🐾 4-LEG JUMP #0
[   492    4.559 x1.00] LOG  🐾 Jump 1 VFX spawned!
[   594    4.932 x1.00] LOG  [ComboTrace] LAUNCH OniBoss at 3.8m dist=3.20m in 0.32s (capped short) [AIRBORNE]
[   594    4.932 x1.00] LOG  [Combat] Aerial spin, 25 dmg
[   594    4.932 x1.00] LOG  [AirPosePin] engaged, holding body at 1.336m above the transform
[   632    5.087 x1.00] LOG  OniBoss took 10 damage. HP: 490/500
[   632    5.087 x1.00] LOG  [OniBoss] 🤕 Hit during LostSoul — flash only
[   632    5.087 x1.00] LOG  [OniBoss] LostSoul → Alert
[   632    5.087 x1.00] LOG  [OniBoss] Playing animation: Oni_Alert
[   632    5.087 x1.00] LOG  [OniBoss] Became HOSTILE
[   632    5.087 x1.00] LOG  [OniBoss:Layer] woken by damage (10) — back attacks count.
[   632    5.087 x1.00] LOG  [CameraGameFeel] Shake: intensity=0.50 duration=0.200s
[   632    5.087 x1.00] LOG  [CameraGameFeel] FOV punch: hit light (+1.5°)
[   633    5.096 x1.00] LOG  [StormWeather] COZY → 'Yoru_Oni_Phase1_Storm' (fight engaged - storm rolls in, 0 s)
[   633    5.096 x1.00] LOG  [StormWeather] FIGHT STARTED (he engaged) - storm on, floor starts to soak.
[   633    5.096 x1.00] LOG  [BossBar] Showing bar for: Oni (490/500)
[   633    5.096 x1.00] LOG  [OniBoss:Layer] boss bar shown
[   634    5.104 x1.00] WARN The referenced script on this Behaviour (Game Object '<null>') is missing!
[   634    5.104 x1.00] WARN The referenced script on this Behaviour (Game Object 'Lightning Light') is missing!
[   634    5.104 x1.00] WARN The referenced script on this Behaviour (Game Object 'Lightning Light') is missing!
[   664    5.240 x1.00] LOG  OniBoss took 10 damage. HP: 480/500
[   664    5.240 x1.00] LOG  [OniBoss] 🤕 Hit during Alert — flash only
[   664    5.240 x1.00] LOG  [CameraGameFeel] Shake: intensity=0.18 duration=0.200s
[   666    5.254 x1.00] LOG  [ComboTrace] LAUNCH RESULT wanted=3.20m actually moved=3.25m, completed
[   675    5.297 x1.00] LOG  [StormWeather] fur: rain reaching the coat (intensity 0.01, follows floor wetness).
[   696    5.390 x1.00] LOG  OniBoss took 10 damage. HP: 470/500
[   696    5.390 x1.00] LOG  [OniBoss] 🤕 Hit during Alert — flash only
[   696    5.390 x1.00] LOG  [CameraGameFeel] Shake: intensity=0.18 duration=0.200s
[   720    5.498 x1.00] LOG  💨 Landing VFX spawned!
[   720    5.498 x1.00] LOG  ✅ LANDED! (was jump #1)
[   720    5.498 x1.00] LOG  [AirPosePin] released, peak correction was 0.551m
[   730    5.543 x1.00] LOG  OniBoss took 10 damage. HP: 460/500
[   730    5.543 x1.00] LOG  [OniBoss] 🤕 Hit during Alert — flash only
[   730    5.543 x1.00] LOG  [OniBoss] Alert → Stagger
[   730    5.543 x1.00] LOG  [OniBoss] Playing animation: Stagger
[   730    5.543 x1.00] LOG  [OniBoss] STAGGERED for 2.5s
[   730    5.543 x1.00] LOG  [OniBoss:Layer] heavy knock-back react (swirl burst, 3 hits / 30 dmg) → 'HitReact_Heavy', down for 1.80s
[   730    5.543 x1.00] LOG  [OniBoss:Layer] burst: 3 hits / 30 dmg inside 0.8s → knock-back + 0.90m push
[   730    5.543 x1.00] LOG  [CameraGameFeel] Shake: intensity=0.18 duration=0.200s
[   766    5.689 x1.00] LOG  [ComboTrace] END step=3 clipProgress=0.90 clipLen=0.79s queued=0 elapsed=0.76s
[   816    5.892 x1.00] LOG  [StormWeather] storm post weight -> 0.40
[  1183    7.346 x1.00] LOG  [OniBoss] Stagger → Chase
[  1184    7.350 x1.00] LOG  [OniBoss] Playing animation: Watch
[  1184    7.350 x1.00] LOG  [OniBoss] Combo started: ClubSwing1 → ClubSwing2 → ClubSlam (3 steps remaining)
[  1184    7.350 x1.00] LOG  [OniBoss] Chase → Attack
[  1184    7.350 x1.00] LOG  [OniBoss] Attack: Club_Swing (16 dmg)
[  1184    7.350 x1.00] LOG  [OniBoss:Trail] Club_Swing trail START at clip 1.00 (transition done).
[  1275    7.709 x1.00] LOG  [OniBoss:ClubPos] Club_Swing at strike: club tip 3.02m up, 2.47m in front, -2.97m to his right (3.87m out from his centre). Club faces -83deg from his forward, pitch 0.41. (the ground wave is born 1.6m in front of him at 0.35m.)
[  1275    7.709 x1.00] LOG  [OniBoss:Layer] Club_Swing: club has not connected — ground wave released ARMED, 1.6m in front, 12m/s x 6.0m = 0.50s, carrying 8 (half of the club's 16).
[  1276    7.716 x1.00] LOG  [Combat] Hit react: HitReact_Light_2Leg (0.5s, clip starts at 0.35s)
[  1276    7.716 x1.00] LOG  [CameraGameFeel] Shake: intensity=0.30 duration=0.200s
[  1276    7.716 x1.00] LOG  [CameraGameFeel] FOV punch: player damage (-2.0°)
[  1276    7.716 x1.00] LOG  [OniBoss:Wave] wave TOUCHED Yoru (grounded) for 8 after 0.1m / 0.01s of travel.
[  1280    7.736 x1.00] LOG  [HitReactTrace] asked for 'HitReact_Light_2Leg' (0.50s, clip start 0.35s): playing it, blend resolved after 21 ms, state 1.21s long at speed 1.00, now at 0.37s, layer weight 1.00, animator.speed 1.00.
[  1387    8.184 x1.00] LOG  [OniBoss] Attack → Recovery
[  1387    8.184 x1.00] LOG  [OniBoss] Playing animation: Watch
[  1387    8.184 x1.00] LOG  [OniBoss:Trail] trail END at clip 0.99, fading over 0.40s.
[  1387    8.184 x1.00] LOG  [OniBoss:Strike] Club_Swing: club tip closest to Yoru at 1.32m, clip position 0.92 | damage fires at 0.42 | clip 0.84s => damage fires 422 ms BEFORE the club is closest
[  1426    8.336 x1.00] LOG  [OniBoss] Recovery → Attack
[  1426    8.336 x1.00] LOG  [OniBoss] Attack: ClubSwing2 (16 dmg)
[  1426    8.336 x1.00] LOG  [OniBoss:Trail] ClubSwing2 trail START at clip 1.00 (transition still blending).
[  1514    8.684 x1.00] LOG  [CameraGameFeel] Shake: intensity=0.20 duration=0.250s
[  1514    8.684 x1.00] LOG  [Combat] Hit react: HitReact_Light_2Leg (0.5s, clip starts at 0.35s)
[  1514    8.684 x1.00] LOG  [CameraGameFeel] Shake: intensity=0.30 duration=0.200s
[  1514    8.684 x1.00] LOG  [CameraGameFeel] FOV punch: player damage (-2.0°)
[  1514    8.684 x1.00] LOG  [OniBoss] Hit player for 20 (ClubSwing2) [combo x1.25]
[  1514    8.684 x1.00] LOG  [OniBoss:Touch] ClubSwing2: club TOUCHED Yoru at clip 0.30 — shaft 0.46m from her body line, tip speed 106m/s, ONE FRAME EARLY (predicted). Full club hit delivered this frame.
[  1515    8.690 x1.00] LOG  [HitReactTrace] asked for 'HitReact_Light_2Leg' (0.50s, clip start 0.35s): NOT playing it, another state took the combat layer, blend resolved after 6 ms, state 1.00s long at speed 1.00, now at 0.46s, layer weight 1.00, animator.speed 1.00.
[  1522    8.718 x1.00] LOG  [OniBoss:ClubPos] ClubSwing2 at strike: club tip 0.15m up, 1.68m in front, 2.57m to his right (3.07m out from his centre). Club faces 11deg from his forward, pitch -0.89. (the ground wave is born 1.6m in front of him at 0.35m.)
[  1522    8.718 x1.00] LOG  [OniBoss:Layer] ClubSwing2: club already hit — ground wave released as VISUAL only (0 damage).
[  1724    9.499 x1.00] LOG  [OniBoss] Attack → Recovery
[  1724    9.499 x1.00] LOG  [OniBoss] Playing animation: Watch
[  1724    9.499 x1.00] LOG  [OniBoss:Trail] trail END at clip 0.99, fading over 0.40s.
[  1724    9.499 x1.00] LOG  [OniBoss:Strike] ClubSwing2: club tip closest to Yoru at 0.61m, clip position 0.30 | damage fires at 0.32 | clip 1.17s => MATCHED (within one or two frames)
[  1765    9.655 x1.00] LOG  [OniBoss] Recovery → Attack
[  1765    9.655 x1.00] LOG  [OniBoss] Attack: ClubSlam (20 dmg)
[  1765    9.655 x1.00] LOG  [OniBoss:Trail] ClubSlam trail START at clip 1.00 (transition still blending).
[  1865   10.068 x1.00] LOG  [CameraGameFeel] Shake: intensity=0.50 duration=0.400s
[  1865   10.068 x1.00] LOG  [Combat] Hit react: HitReact_Heavy_2Leg (0.9s, clip starts at 0.35s)
[  1865   10.068 x1.00] LOG  [CameraGameFeel] Shake: intensity=0.60 duration=0.200s
[  1865   10.068 x1.00] LOG  [CameraGameFeel] FOV punch: player damage (-3.0°)
[  1865   10.068 x1.00] LOG  [OniBoss] Hit player for 30 (ClubSlam) [combo x1.50]
[  1865   10.068 x1.00] LOG  [OniBoss:Touch] ClubSlam: club TOUCHED Yoru at clip 0.45 — shaft 0.52m from her body line, tip speed 114m/s, ONE FRAME EARLY (predicted). Full club hit delivered this frame.
[  1866   10.072 x1.00] LOG  [HitReactTrace] asked for 'HitReact_Heavy_2Leg' (0.90s, clip start 0.35s): NOT playing it, another state took the combat layer, blend resolved after 4 ms, state 1.00s long at speed 1.00, now at 0.88s, layer weight 1.00, animator.speed 1.00.
[  1957   10.448 x1.00] LOG  [OniBoss:ClubPos] ClubSlam at strike: club tip 0.55m up, 2.91m in front, -0.16m to his right (2.91m out from his centre). Club faces 6deg from his forward, pitch -0.26. (the ground wave is born 1.6m in front of him at 0.35m.)
[  1957   10.448 x1.00] LOG  [OniBoss:Layer] ClubSlam: club already hit — ground wave released as VISUAL only (0 damage), finisher size x2.0.
[  1990   10.577 x1.00] LOG  [OniBoss] Attack → Recovery
[  1990   10.577 x1.00] LOG  [OniBoss] Playing animation: Watch
[  1990   10.577 x1.00] LOG  [OniBoss:Trail] trail END at clip 0.99, fading over 0.40s.
[  1990   10.577 x1.00] LOG  [OniBoss:Strike] ClubSlam: club tip closest to Yoru at 0.48m, clip position 0.83 | damage fires at 0.85 | clip 0.93s => MATCHED (within one or two frames)
[  2031   10.729 x1.00] LOG  [OniBoss] Recovery → Chase
[  2032   10.733 x1.00] LOG  [OniBoss] hold-ground: BACKSTEP 1.5m (player 2.9m)
[  2196   11.379 x1.00] WARN The referenced script on this Behaviour (Game Object '<null>') is missing!
[  2196   11.379 x1.00] WARN The referenced script on this Behaviour (Game Object 'Lightning Light') is missing!
[  2196   11.379 x1.00] WARN The referenced script on this Behaviour (Game Object 'Lightning Light') is missing!
[  2251   11.639 x1.00] LOG  [OniBoss] hold-ground: backstep done (1.45m), WATCH (player 4.3m, cooldown 0.9s)
[  2251   11.639 x1.00] LOG  [OniBoss] Playing animation: Idle
[  2252   11.643 x1.00] LOG  [OniBoss] Playing animation: Walk
[  2342   12.132 x1.00] LOG  [OniBoss] Playing animation: Idle
[  2449   12.533 x1.00] LOG  [OniBoss] hold-ground: cooldown over, player 3.9m > 3.5m — APPROACH
[  2449   12.533 x1.00] LOG  [OniBoss] Playing animation: Walk
[  2572   13.031 x1.00] LOG  [OniBoss] Chase → Attack
[  2572   13.031 x1.00] LOG  [OniBoss] Attack: Club_Swing (16 dmg)
[  2572   13.031 x1.00] LOG  [OniBoss:Trail] Club_Swing trail START at clip 0.27 (transition done).
[  2576   13.047 x1.00] LOG  [OniBoss:Layer] step-in: 'Club_Swing' closed 0.08m, Yoru now 3.0m away (range 3.5)
[  2654   13.388 x1.00] LOG  [OniBoss:ClubPos] Club_Swing at strike: club tip 3.02m up, 2.73m in front, -2.83m to his right (3.93m out from his centre). Club faces -78deg from his forward, pitch 0.40. (the ground wave is born 1.6m in front of him at 0.35m.)
[  2654   13.388 x1.00] LOG  [OniBoss:Layer] Club_Swing: club has not connected — ground wave released ARMED, 1.6m in front, 12m/s x 6.0m = 0.50s, carrying 8 (half of the club's 16).
[  2655   13.392 x1.00] LOG  [Combat] Hit react: HitReact_Light_2Leg (0.5s, clip starts at 0.35s)
[  2655   13.392 x1.00] LOG  [CameraGameFeel] Shake: intensity=0.30 duration=0.200s
[  2655   13.392 x1.00] LOG  [CameraGameFeel] FOV punch: player damage (-2.0°)
[  2655   13.392 x1.00] LOG  [OniBoss:Wave] wave TOUCHED Yoru (grounded) for 8 after 0.1m / 0.00s of travel.
[  2660   13.413 x1.00] LOG  [HitReactTrace] asked for 'HitReact_Light_2Leg' (0.50s, clip start 0.35s): playing it, blend resolved after 21 ms, state 1.21s long at speed 1.00, now at 0.37s, layer weight 1.00, animator.speed 1.00.
[  2781   13.865 x1.00] LOG  [OniBoss] Attack → Recovery
[  2781   13.865 x1.00] LOG  [OniBoss] Playing animation: Watch
[  2781   13.865 x1.00] LOG  [OniBoss:Trail] trail END at clip 0.99, fading over 0.40s.
[  2781   13.865 x1.00] LOG  [OniBoss:Strike] Club_Swing: club tip closest to Yoru at 1.49m, clip position 0.91 | damage fires at 0.42 | clip 0.84s => damage fires 411 ms BEFORE the club is closest
[  2821   14.017 x1.00] LOG  [OniBoss] Recovery → Chase
[  2822   14.021 x1.00] LOG  [OniBoss] hold-ground: BACKSTEP 1.5m (player 3.0m)
[  3040   14.851 x1.00] LOG  [OniBoss] hold-ground: backstep done (1.33m), WATCH (player 4.3m, cooldown 1.0s)
[  3040   14.851 x1.00] LOG  [OniBoss] Playing animation: Idle
[  3041   14.855 x1.00] LOG  [OniBoss] Playing animation: Walk
[  3184   15.423 x1.00] LOG  [OniBoss] Playing animation: Idle
[  3263   15.819 x1.00] LOG  [OniBoss] hold-ground: cooldown over, player 3.8m > 3.5m — APPROACH
[  3263   15.819 x1.00] LOG  [OniBoss] Playing animation: Walk
[  3355   16.282 x1.00] LOG  [OniBoss] Chase → Attack
[  3355   16.282 x1.00] LOG  [OniBoss] Attack: Club_Swing (16 dmg)
[  3355   16.282 x1.00] LOG  [OniBoss:Trail] Club_Swing trail START at clip 0.25 (transition done).
[  3358   16.299 x1.00] LOG  [OniBoss:Layer] step-in: 'Club_Swing' closed 0.08m, Yoru now 3.0m away (range 3.5)
[  3443   16.641 x1.00] LOG  [OniBoss:ClubPos] Club_Swing at strike: club tip 3.02m up, 2.49m in front, -2.96m to his right (3.87m out from his centre). Club faces -82deg from his forward, pitch 0.41. (the ground wave is born 1.6m in front of him at 0.35m.)
[  3443   16.641 x1.00] LOG  [OniBoss:Layer] Club_Swing: club has not connected — ground wave released ARMED, 1.6m in front, 12m/s x 6.0m = 0.50s, carrying 8 (half of the club's 16).
[  3444   16.645 x1.00] LOG  [Combat] Hit react: HitReact_Light_2Leg (0.5s, clip starts at 0.35s)
[  3444   16.645 x1.00] LOG  [CameraGameFeel] Shake: intensity=0.30 duration=0.200s
[  3444   16.645 x1.00] LOG  [CameraGameFeel] FOV punch: player damage (-2.0°)
[  3444   16.645 x1.00] LOG  [OniBoss:Wave] wave TOUCHED Yoru (grounded) for 8 after 0.1m / 0.00s of travel.
[  3449   16.665 x1.00] LOG  [HitReactTrace] asked for 'HitReact_Light_2Leg' (0.50s, clip start 0.35s): playing it, blend resolved after 20 ms, state 1.21s long at speed 1.00, now at 0.37s, layer weight 1.00, animator.speed 1.00.
[  3569   17.120 x1.00] LOG  [OniBoss] Attack → Recovery
[  3569   17.120 x1.00] LOG  [OniBoss] Playing animation: Watch
[  3569   17.120 x1.00] LOG  [OniBoss:Trail] trail END at clip 0.99, fading over 0.40s.
[  3569   17.120 x1.00] LOG  [OniBoss:Strike] Club_Swing: club tip closest to Yoru at 1.49m, clip position 0.91 | damage fires at 0.42 | clip 0.84s => damage fires 413 ms BEFORE the club is closest
[  3609   17.273 x1.00] LOG  [OniBoss] Recovery → Chase
[  3610   17.276 x1.00] LOG  [OniBoss] hold-ground: BACKSTEP 1.5m (player 3.0m)
[  3829   18.105 x1.00] LOG  [OniBoss] hold-ground: backstep done (1.33m), WATCH (player 4.3m, cooldown 1.0s)
[  3829   18.105 x1.00] LOG  [OniBoss] Playing animation: Watch
[  3830   18.108 x1.00] LOG  [OniBoss] Playing animation: Walk
[  3977   18.675 x1.00] LOG  [OniBoss] Playing animation: Watch
[  4075   19.075 x1.00] LOG  [OniBoss] hold-ground: cooldown over, player 3.8m > 3.5m — APPROACH
[  4075   19.075 x1.00] LOG  [OniBoss] Playing animation: Walk
[  4192   19.538 x1.00] LOG  [OniBoss] Combo started: swing1-2 (2 steps remaining)
[  4192   19.538 x1.00] LOG  [OniBoss] Chase → Attack
[  4192   19.538 x1.00] LOG  [OniBoss] Attack: Club_Swing (16 dmg)
[  4192   19.538 x1.00] LOG  [OniBoss:Trail] Club_Swing trail START at clip 0.25 (transition done).
[  4196   19.554 x1.00] LOG  [OniBoss:Layer] step-in: 'Club_Swing' closed 0.08m, Yoru now 3.0m away (range 3.5)
[  4284   19.895 x1.00] LOG  [OniBoss:ClubPos] Club_Swing at strike: club tip 3.02m up, 2.66m in front, -2.87m to his right (3.91m out from his centre). Club faces -79deg from his forward, pitch 0.40. (the ground wave is born 1.6m in front of him at 0.35m.)
[  4284   19.895 x1.00] LOG  [OniBoss:Layer] Club_Swing: club has not connected — ground wave released ARMED, 1.6m in front, 12m/s x 6.0m = 0.50s, carrying 8 (half of the club's 16).
[  4285   19.899 x1.00] LOG  [Combat] Hit react: HitReact_Light_2Leg (0.5s, clip starts at 0.35s)
[  4285   19.899 x1.00] LOG  [CameraGameFeel] Shake: intensity=0.30 duration=0.200s
[  4285   19.899 x1.00] LOG  [CameraGameFeel] FOV punch: player damage (-2.0°)
[  4285   19.899 x1.00] LOG  [OniBoss:Wave] wave TOUCHED Yoru (grounded) for 8 after 0.1m / 0.00s of travel.
[  4290   19.920 x1.00] LOG  [HitReactTrace] asked for 'HitReact_Light_2Leg' (0.50s, clip start 0.35s): playing it, blend resolved after 21 ms, state 1.21s long at speed 1.00, now at 0.37s, layer weight 1.00, animator.speed 1.00.
[  4400   20.350 x1.00] WARN The referenced script on this Behaviour (Game Object '<null>') is missing!
[  4400   20.350 x1.00] WARN The referenced script on this Behaviour (Game Object 'Lightning Light') is missing!
[  4400   20.350 x1.00] WARN The referenced script on this Behaviour (Game Object 'Lightning Light') is missing!
[  4406   20.377 x1.00] LOG  [OniBoss] Attack → Recovery
[  4406   20.377 x1.00] LOG  [OniBoss] Playing animation: Watch
[  4406   20.377 x1.00] LOG  [OniBoss:Trail] trail END at clip 1.00, fading over 0.40s.
[  4406   20.377 x1.00] LOG  [OniBoss:Strike] Club_Swing: club tip closest to Yoru at 1.49m, clip position 0.91 | damage fires at 0.42 | clip 0.84s => damage fires 413 ms BEFORE the club is closest
[  4441   20.531 x1.00] LOG  [OniBoss] Recovery → Attack
[  4441   20.531 x1.00] LOG  [OniBoss] Attack: ClubSwing2 (16 dmg)
[  4441   20.531 x1.00] LOG  [OniBoss:Trail] ClubSwing2 trail START at clip 1.00 (transition still blending).
[  4499   20.870 x1.00] LOG  [CameraGameFeel] Shake: intensity=0.20 duration=0.250s
[  4499   20.870 x1.00] LOG  [Combat] Hit react: HitReact_Heavy_2Leg (0.9s, clip starts at 0.35s)
[  4499   20.870 x1.00] LOG  [CameraGameFeel] Shake: intensity=0.60 duration=0.200s
[  4499   20.870 x1.00] LOG  [CameraGameFeel] FOV punch: player damage (-3.0°)
[  4499   20.870 x1.00] LOG  [OniBoss] Hit player for 24 (ClubSwing2) [combo x1.50]
[  4499   20.870 x1.00] LOG  [OniBoss:Touch] ClubSwing2: club TOUCHED Yoru at clip 0.29 — shaft 0.42m from her body line, tip speed 101m/s, ONE FRAME EARLY (predicted). Full club hit delivered this frame.
[  4500   20.876 x1.00] LOG  [HitReactTrace] asked for 'HitReact_Heavy_2Leg' (0.90s, clip start 0.35s): NOT playing it, another state took the combat layer, blend resolved after 6 ms, state 1.00s long at speed 1.00, now at 0.47s, layer weight 1.00, animator.speed 1.00.
[  4506   20.916 x1.00] LOG  [OniBoss:ClubPos] ClubSwing2 at strike: club tip 0.21m up, 1.56m in front, 2.71m to his right (3.13m out from his centre). Club faces 18deg from his forward, pitch -0.89. (the ground wave is born 1.6m in front of him at 0.35m.)
[  4506   20.916 x1.00] LOG  [OniBoss:Layer] ClubSwing2: club already hit — ground wave released as VISUAL only (0 damage), finisher size x2.0.
[  4700   21.695 x1.00] LOG  [OniBoss] Attack → Recovery
[  4700   21.695 x1.00] LOG  [OniBoss] Playing animation: Watch
[  4700   21.695 x1.00] LOG  [OniBoss:Trail] trail END at clip 0.99, fading over 0.40s.
[  4700   21.695 x1.00] LOG  [OniBoss:Strike] ClubSwing2: club tip closest to Yoru at 0.45m, clip position 0.30 | damage fires at 0.32 | clip 1.17s => MATCHED (within one or two frames)
[  4739   21.848 x1.00] LOG  [OniBoss] Recovery → Chase
[  4740   21.852 x1.00] LOG  [OniBoss] hold-ground: BACKSTEP 1.5m (player 3.0m)
[  4952   22.679 x1.00] LOG  [OniBoss] hold-ground: backstep done (1.32m), WATCH (player 4.3m, cooldown 1.0s)
[  4952   22.679 x1.00] LOG  [OniBoss] Playing animation: Watch
[  5190   23.649 x1.00] LOG  [OniBoss] hold-ground: cooldown over, player 4.3m > 3.5m — APPROACH
[  5190   23.649 x1.00] LOG  [OniBoss] Playing animation: Walk
[  5368   24.349 x1.00] LOG  [OniBoss] Chase → Attack
[  5368   24.349 x1.00] LOG  [OniBoss] Attack: ClubSlam (20 dmg)
[  5368   24.349 x1.00] LOG  [OniBoss:Trail] ClubSlam trail START at clip 0.38 (transition done).
[  5372   24.367 x1.00] LOG  [OniBoss:Layer] step-in: 'ClubSlam' closed 0.08m, Yoru now 3.0m away (range 3.5)
[  5469   24.764 x1.00] LOG  [CameraGameFeel] Shake: intensity=0.50 duration=0.400s
[  5469   24.764 x1.00] LOG  [Combat] Hit react: HitReact_Heavy_2Leg (0.9s, clip starts at 0.35s)
[  5469   24.764 x1.00] LOG  [CameraGameFeel] Shake: intensity=0.60 duration=0.200s
[  5469   24.764 x1.00] LOG  [CameraGameFeel] FOV punch: player damage (-3.0°)
[  5469   24.764 x1.00] LOG  [OniBoss] Hit player for 20 (ClubSlam)
[  5469   24.764 x1.00] LOG  [OniBoss:Touch] ClubSlam: club TOUCHED Yoru at clip 0.45 — shaft 0.69m from her body line, tip speed 113m/s. Full club hit delivered this frame.
[  5470   24.768 x1.00] LOG  [HitReactTrace] asked for 'HitReact_Heavy_2Leg' (0.90s, clip start 0.35s): NOT playing it, another state took the combat layer, blend resolved after 4 ms, state 1.00s long at speed 1.00, now at 3.02s, layer weight 1.00, animator.speed 1.00.
[  5566   25.143 x1.00] LOG  [OniBoss:ClubPos] ClubSlam at strike: club tip 0.57m up, 2.90m in front, -0.20m to his right (2.91m out from his centre). Club faces 5deg from his forward, pitch -0.25. (the ground wave is born 1.6m in front of him at 0.35m.)
[  5566   25.143 x1.00] LOG  [OniBoss:Layer] ClubSlam: club already hit — ground wave released as VISUAL only (0 damage).
[  5598   25.272 x1.00] LOG  [OniBoss] Attack → Recovery
[  5598   25.272 x1.00] LOG  [OniBoss] Playing animation: Watch
[  5598   25.272 x1.00] LOG  [OniBoss:Trail] trail END at clip 0.99, fading over 0.40s.
[  5598   25.272 x1.00] LOG  [OniBoss:Strike] ClubSlam: club tip closest to Yoru at 0.19m, clip position 0.85 | damage fires at 0.85 | clip 0.93s => MATCHED (within one or two frames)
[  5637   25.424 x1.00] LOG  [OniBoss] Recovery → Chase
[  5638   25.428 x1.00] LOG  [OniBoss] hold-ground: BACKSTEP 1.5m (player 3.0m)
[  5812   26.257 x1.00] LOG  [OniBoss] hold-ground: backstep done (1.33m), WATCH (player 4.3m, cooldown 1.0s)
[  5812   26.257 x1.00] LOG  [OniBoss] Playing animation: Idle
[  5813   26.261 x1.00] LOG  [OniBoss] Playing animation: Walk
[  5948   26.830 x1.00] LOG  [OniBoss] Playing animation: Idle
[  6043   27.225 x1.00] LOG  [OniBoss] hold-ground: cooldown over, player 3.8m > 3.5m — APPROACH
[  6043   27.225 x1.00] LOG  [OniBoss] Playing animation: Walk
[  6130   27.579 x1.00] WARN The referenced script on this Behaviour (Game Object '<null>') is missing!
[  6130   27.579 x1.00] WARN The referenced script on this Behaviour (Game Object 'Lightning Light') is missing!
[  6130   27.579 x1.00] WARN The referenced script on this Behaviour (Game Object 'Lightning Light') is missing!
[  6157   27.690 x1.00] LOG  [OniBoss] Combo started: swing1-2 (2 steps remaining)
[  6157   27.690 x1.00] LOG  [OniBoss] Chase → Attack
[  6157   27.690 x1.00] LOG  [OniBoss] Attack: Club_Swing (16 dmg)
[  6157   27.690 x1.00] LOG  [OniBoss:Trail] Club_Swing trail START at clip 0.25 (transition done).
[  6160   27.704 x1.00] LOG  [OniBoss:Layer] step-in: 'Club_Swing' closed 0.08m, Yoru now 3.0m away (range 3.5)
[  6214   28.011 x1.00] LOG  [CameraGameFeel] Shake: intensity=0.20 duration=0.250s
[  6214   28.011 x1.00] LOG  [Combat] Hit react: HitReact_Light_2Leg (0.5s, clip starts at 0.35s)
[  6214   28.011 x1.00] LOG  [CameraGameFeel] Shake: intensity=0.30 duration=0.200s
[  6214   28.011 x1.00] LOG  [CameraGameFeel] FOV punch: player damage (-2.0°)
[  6214   28.011 x1.00] LOG  [OniBoss] Hit player for 16 (Club_Swing)
[  6214   28.011 x1.00] LOG  [OniBoss:Touch] Club_Swing: club TOUCHED Yoru at clip 0.38 — shaft 0.53m from her body line, tip speed 170m/s, ONE FRAME EARLY (predicted). Full club hit delivered this frame.
[  6215   28.017 x1.00] LOG  [HitReactTrace] asked for 'HitReact_Light_2Leg' (0.50s, clip start 0.35s): NOT playing it, another state took the combat layer, blend resolved after 5 ms, state 1.00s long at speed 1.00, now at 2.38s, layer weight 1.00, animator.speed 1.00.
[  6221   28.057 x1.00] LOG  [OniBoss:ClubPos] Club_Swing at strike: club tip 3.02m up, 2.70m in front, -2.84m to his right (3.92m out from his centre). Club faces -78deg from his forward, pitch 0.40. (the ground wave is born 1.6m in front of him at 0.35m.)
[  6221   28.057 x1.00] LOG  [OniBoss:Layer] Club_Swing: club already hit — ground wave released as VISUAL only (0 damage).
[  6340   28.527 x1.00] LOG  [OniBoss] Attack → Recovery
[  6340   28.527 x1.00] LOG  [OniBoss] Playing animation: Watch
[  6340   28.527 x1.00] LOG  [OniBoss:Trail] trail END at clip 0.99, fading over 0.40s.
[  6340   28.527 x1.00] LOG  [OniBoss:Strike] Club_Swing: club tip closest to Yoru at 1.49m, clip position 0.91 | damage fires at 0.42 | clip 0.84s => damage fires 410 ms BEFORE the club is closest
[  6377   28.679 x1.00] LOG  [OniBoss] Recovery → Attack
[  6377   28.679 x1.00] LOG  [OniBoss] Attack: ClubSwing2 (16 dmg)
[  6377   28.679 x1.00] LOG  [OniBoss:Trail] ClubSwing2 trail START at clip 1.00 (transition still blending).
[  6460   29.018 x1.00] LOG  [CameraGameFeel] Shake: intensity=0.20 duration=0.250s
[  6460   29.018 x1.00] LOG  [Combat] Hit react: HitReact_Heavy_2Leg (0.9s, clip starts at 0.35s)
[  6460   29.018 x1.00] LOG  [CameraGameFeel] Shake: intensity=0.60 duration=0.200s
[  6460   29.018 x1.00] LOG  [CameraGameFeel] FOV punch: player damage (-3.0°)
[  6460   29.018 x1.00] LOG  [OniBoss] Hit player for 24 (ClubSwing2) [combo x1.50]
[  6460   29.018 x1.00] LOG  [OniBoss:Touch] ClubSwing2: club TOUCHED Yoru at clip 0.29 — shaft 0.48m from her body line, tip speed 102m/s, ONE FRAME EARLY (predicted). Full club hit delivered this frame.
[  6461   29.023 x1.00] LOG  [HitReactTrace] asked for 'HitReact_Heavy_2Leg' (0.90s, clip start 0.35s): NOT playing it, another state took the combat layer, blend resolved after 5 ms, state 1.00s long at speed 1.00, now at 0.50s, layer weight 1.00, animator.speed 1.00.
[  6469   29.057 x1.00] LOG  [OniBoss:ClubPos] ClubSwing2 at strike: club tip 0.04m up, 1.96m in front, 2.23m to his right (2.97m out from his centre). Club faces -2deg from his forward, pitch -0.86. (the ground wave is born 1.6m in front of him at 0.35m.)
[  6469   29.057 x1.00] LOG  [OniBoss:Layer] ClubSwing2: club already hit — ground wave released as VISUAL only (0 damage), finisher size x2.0.
[  6672   29.841 x1.00] LOG  [OniBoss] Attack → Recovery
[  6672   29.841 x1.00] LOG  [OniBoss] Playing animation: Watch
[  6672   29.841 x1.00] LOG  [OniBoss:Trail] trail END at clip 0.99, fading over 0.40s.
[  6672   29.841 x1.00] LOG  [OniBoss:Strike] ClubSwing2: club tip closest to Yoru at 0.44m, clip position 0.30 | damage fires at 0.32 | clip 1.17s => MATCHED (within one or two frames)
[  6710   29.992 x1.00] LOG  [OniBoss] Recovery → Chase
[  6711   29.995 x1.00] LOG  [OniBoss] hold-ground: BACKSTEP 1.5m (player 3.0m)
[  6911   30.825 x1.00] LOG  [OniBoss] hold-ground: backstep done (1.33m), WATCH (player 4.3m, cooldown 1.0s)
[  6911   30.825 x1.00] LOG  [OniBoss] Playing animation: Idle
[  6998   31.197 x1.00] LOG  [StormWeather] terrain layers restored to dry values.
# end — 309 lines
