# Oni combat log — 2026-09-13 17:00:15
# Unity 6000.2.7f2 | scene 'CaveScene_Oni_Boss1' | platform OSXEditor
# columns: [frame realSeconds timeScale] KIND message      (KIND: LOG WARN ERR EXC TEL)
#
[     0    0.000 x1.00] LOG  [OniLog] console + telemetry → /Users/asenahazal/Documents/Yoru/OniLogs/oni_2026-09-13_17-00-15.log
[     0    0.000 x1.00] LOG  [OniHairShadows] shadow casting off on 27 hair renderers
[     0    0.000 x1.00] LOG  [RingMesh] Auto-found 11/11 left, 11/11 right meshes
[     1    0.000 x1.00] LOG  [BossBar] BossHealthBarUI initialized
[     1    0.000 x1.00] LOG  [StormWeather] layer 'TerrainLayer_Dirt_01' dry smoothness=0.00 (restore to this if a crash ever leaves it wet)
[     1    0.000 x1.00] LOG  [StormWeather] post volumes ready on layer 9 (storm priority 10, flash priority 11).
[     1    0.000 x1.00] LOG  [StormWeather] ROUND 80: fur weather ready on 'Weather Zone'. Rain 0, wind 0.50 in the open, sky check 30 m from 'PlayerYoru_1.1'.
[     1    0.000 x1.00] LOG  [StormWeather] COZY bridge: Rain_Cave retired, COZY owns the rain now.
[     1    0.000 x1.00] LOG  [StormWeather] COZY → 'Clear' (pre-fight - open sky, 0 s)
[     1    0.000 x1.00] LOG  [StormWeather] Ready. Open sky, dry floor. Waiting for the fight.
[     1    0.000 x1.00] LOG  OniBoss initialized with 500 HP
[     1    0.000 x1.00] LOG  [OniBoss] ANIMATOR SETUP: cullingMode=CullUpdateTransforms updateMode=Normal applyRootMotion=False speed=1
[     1    0.000 x1.00] LOG  [OniBoss] Initialized
[     1    0.000 x1.00] LOG  [OniBoss:Layer] facing: minFlat 1m, snapOnAttack off, trackInHitReact off
[     1    0.000 x1.00] LOG  [OniBoss:Layer] Yoru launch model ON: launches ALL THE WAY to an enemy within 4.7m of its surface at 10m/s (stop gap 0.00m, NO minimum distance), else steps 0.90m forward. Targeting cone left exactly as her prefab has it.
[     1    0.000 x1.00] LOG  [OniBoss:Layer] Yoru launch ROUND 9: airborne attacks launch too (ON), edge probe now runs on its OWN layer mask (Everything) instead of the line-of-sight mask - the Ground-only mask found no floor in this cave and was cancelling 100% of launches at 0.00m travelled.
[     1    0.000 x1.00] LOG  [OniBoss:Layer] animator speed x1.35 — his 1.13s swing now plays in 0.84s.
[     1    0.000 x1.00] LOG  [OniBoss:Layer] chase speed pushed: phase1 4.5, phase2 5.5 (Yoru runs at 7).
[     1    0.000 x1.00] LOG  [OniBoss:Layer] ground wave ON (round 38): half the club's damage on TOUCH, 12m/s x 6.0m from 1.6m in front at 0.35m height — a club hit cancels that swing's wave, jumping clears it. Per-attack effects come from the Swing Wave VFX By Attack rows. PlayerHealth found, PlayerMovement found.
[     1    0.000 x1.00] LOG  [StormWeather] storm break HELD (waiting for the lightning beat)
[     1    0.000 x1.00] LOG  [OniBoss:Layer] storm break HELD — it releases at the lightning-on-the-club beat.
[     1    0.000 x1.00] LOG  [OniBoss:Layer] club tracking ON — tip 'Kanabo3' (depth 4), shaft root 'kanabo'.
[     1    0.000 x1.00] LOG  [OniBoss:Layer] skinned meshes: 46 renderer(s), updateWhenOffscreen ON, body renderer 'Body' rootBone 'Hips'
[     1    0.000 x1.00] LOG  [OniBoss:Layer] charge travel bone: 'Hips' at depth 1 under 'OniBoss', rest local (0.00, 3.24, -0.24)
[     1    0.000 x1.00] LOG  [OniBoss:Layer] anti-kite ON: thrown swing after 4s of failed chase (within 7.6m), charge after 6s.
[     1    0.000 x1.00] LOG  [OniBoss:Layer] charge drive ON (windup to 0.40 at x1.3, rush 14m/s stops at 2.6m, steers 0.35s then commits, strike section from 0.58, strike moment 0.76, trail VFX off)
[     1    0.000 x1.00] LOG  [OniBoss:Layer] attack armor ON (his swings are not interrupted by light/medium hits; heavy hits and rapid-hit bursts still stop him)
[     1    0.000 x1.00] LOG  [OniBoss:Layer] strike moments overridden: Club_Swing=0.42 ClubSwing2=0.32 ClubSlam=0.85 KanaboSweep=0.48
[     1    0.000 x1.00] LOG  [OniBoss:Layer] club TOUCH hits ON (radius 0.70m, min tip speed 50m/s, armed from 0.20 of the clip): Club_Swing ClubSwing2 ClubSlam KanaboSweep. First touch wins — club full damage, wave half, one hit per swing.
[     1    0.000 x1.00] LOG  [OniBoss:Layer] combo damage ramp ON: mid x1.25, finisher x1.50 — finisher wave carries FULL damage at x2.0 size, x2.0 travel.
[     1    0.000 x1.00] LOG  [OniBoss:Layer] charge follow-up ON: 90 % of solo charges chain into a random melee finisher.
[     1    0.000 x1.00] LOG  [OniBoss:Layer] hold-ground ON (backstep 1.5m @ 1.6m/s after own attacks, watch 'Watch', attack facing LOCKED)
[     1    0.000 x1.00] LOG  [OniBoss:Layer] OniBoss layer ready (reactions, wake-on-hit, watch stance, boss bar). player=found
[     1    0.000 x1.00] LOG  [OniBoss:Layer] charge clip 'Oni Charge.fbx' imports with Root Motion Node = None (in place) — good.
[     1    0.000 x1.00] LOG  [OniBoss:Layer] clips importing with Root Transform Position (Y) NOT baked into pose (12): Oni_Alert(Oni Alert), Club_Slam(Oni Club Slam), Club_Swing(Oni Club Swing), Club_swing2(Oni Club Swing 2), Death(Oni Death Kneel), Hit_react_light(Oni Hit react lighter light), KanaboSweep(Oni Kanabo sweep), Phase_Transition(Oni Phase transition), run(Oni Run), Walk(Oni Walk), Watch(Oni Watch), Idle(Oni Idle) — their hips' up/down motion is stripped (see round notes; optional).
[     1    0.000 x1.00] LOG  === VFX MANAGER INITIALIZED ===
[     1    0.000 x1.00] LOG  Auto-detect animations: False
[     1    0.000 x1.00] LOG  Parent effects to tail: True
[     1    0.000 x1.00] LOG  Prefabs: Jump=True, Land=True, LTail=True, RTail=True
[     1    0.000 x1.00] LOG  ✅ Left Tail Tip: LeftTailVFX
[     1    0.000 x1.00] LOG  ✅ Right Tail Tip: RightTailTip_Anchor
[     1    0.000 x1.00] LOG  [VolumetricFogController] applyPresets is OFF in this scene. The Volumetric Fog component keeps its hand-set inspector values.
[     1    0.000 x1.00] LOG  [TailAirShot] Ready. drawState=RightTail_Fast castParam=TailCastSpeed (found)
  arrow leaves: PlayerYoru_1.1/Cat_All_10_Tails_v4/Group/DeformationSystem/root/Root_M/Tail15_R/Tail151_R/Tail152_R/Tail153_R/Tail154_R/Tail155_R/Tail156_R/Tail157_R/Tail158_R/Tail159_R/Tail1510_R/Tail1511_R/Tail1512_R/Tail6_R/Tail6_R_end/Tail6_R_end_end/Tail6_R_end_end_end/RightTailTip_Anchor
  aim VFX: PlayerYoru_1.1/Cat_All_10_Tails_v4/Group/DeformationSystem/root/Root_M/Tail15_R/Tail151_R/Tail152_R/Tail153_R/Tail154_R/Tail155_R/Tail156_R/Tail157_R/Tail158_R/Tail159_R/Tail1510_R/Tail1511_R/Tail1512_R/Tail6_R/Tail6_R_end/Tail6_R_end_end/Tail6_R_end_end_end/RightTailTip_Anchor/vfx_Muzzle_Fireball01Blue
[     1    0.000 x1.00] LOG  [RingMesh] VFX Status:
[     1    0.000 x1.00] LOG    Left: Prefab=✓, Spawn=Tail6_L_end_end_end
[     1    0.000 x1.00] LOG    Right: Prefab=✓, Spawn=Tail6_R_end_end_end
[     1    0.000 x1.00] LOG  [TailAirShot4Leg] Ready. drawState=shoot_4Leg castParam=Shoot4LegSpeed (found) readyFrame=5 fireFrame=10 frames=24 slowBudget=3s real damageMultiplier=2.00
  arrow leaves: PlayerYoru_1.1/Cat_All_10_Tails_v4/Group/DeformationSystem/root/Root_M/Tail15_R/Tail151_R/Tail152_R/Tail153_R/Tail154_R/Tail155_R/Tail156_R/Tail157_R/Tail158_R/Tail159_R/Tail1510_R/Tail1511_R/Tail1512_R/Tail6_R/Tail6_R_end/Tail6_R_end_end/Tail6_R_end_end_end/RightTailTip_Anchor
  aim VFX left:  PlayerYoru_1.1/Cat_All_10_Tails_v4/Group/DeformationSystem/root/Root_M/Tail15_L/Tail151_L/Tail152_L/Tail153_L/Tail154_L/Tail155_L/Tail156_L/Tail157_L/Tail158_L/Tail159_L/Tail1510_L/Tail1511_L/Tail1512_L/Tail6_L/Tail6_L_end/Tail6_L_end_end/Tail6_L_end_end_end/LeftTailTip_Anchor/Glow_4Leg_L
  aim VFX right: PlayerYoru_1.1/Cat_All_10_Tails_v4/Group/DeformationSystem/root/Root_M/Tail15_R/Tail151_R/Tail152_R/Tail153_R/Tail154_R/Tail155_R/Tail156_R/Tail157_R/Tail158_R/Tail159_R/Tail1510_R/Tail1511_R/Tail1512_R/Tail6_R/Tail6_R_end/Tail6_R_end_end/Tail6_R_end_end_end/RightTailTip_Anchor/Glow_4Leg_R
[     1    0.000 x1.00] LOG  [PlayerCombat] Phase 2 form gate CONNECTED (FormController found on this GameObject).
[     1    0.000 x1.00] LOG  [Combat] PlayerCombat initialized, Phase 3C v27
[     1    0.000 x1.00] LOG  [CameraGameFeel] CameraGameFeel initialized (shake + FOV)
[     1    2.479 x1.00] LOG  [OniBoss] Playing animation: Idle
[     1    2.479 x1.00] LOG  [OniBoss:Layer] watch stance ON (player 13.4m)
[    76    3.314 x1.00] LOG  💨 Landing VFX spawned!
[    76    3.314 x1.00] LOG  ✅ LANDED! (was jump #0)
[   553    5.434 x1.00] LOG  🐾 4-LEG JUMP #0
[   553    5.434 x1.00] LOG  🐾 Jump 1 VFX spawned!
[   631    5.787 x1.00] LOG  [ComboTrace] LAUNCH OniBoss at 2.4m dist=2.42m in 0.24s [AIRBORNE]
[   631    5.787 x1.00] LOG  [Combat] Aerial spin, 25 dmg
[   631    5.787 x1.00] LOG  [AirPosePin] engaged, holding body at 1.162m above the transform
[   654    5.938 x1.00] LOG  OniBoss took 10 damage. HP: 490/500
[   654    5.938 x1.00] LOG  [OniBoss] 🤕 Hit during LostSoul — flash only
[   654    5.938 x1.00] LOG  [OniBoss] LostSoul → Alert
[   654    5.938 x1.00] LOG  [OniBoss] Playing animation: Oni_Alert
[   654    5.938 x1.00] LOG  [OniBoss] Became HOSTILE
[   654    5.938 x1.00] LOG  [OniBoss:Layer] woken by damage (10) — back attacks count.
[   654    5.938 x1.00] LOG  [CameraGameFeel] Shake: intensity=0.50 duration=0.200s
[   654    5.938 x1.00] LOG  [CameraGameFeel] FOV punch: hit light (+1.5°)
[   655    5.947 x1.00] LOG  [StormWeather] COZY → 'Yoru_Oni_Phase1_Storm' (fight engaged - storm rolls in, 0 s)
[   655    5.947 x1.00] LOG  [StormWeather] FIGHT STARTED (he engaged) - storm on, floor starts to soak.
[   655    5.947 x1.00] LOG  [BossBar] Showing bar for: Oni (490/500)
[   655    5.947 x1.00] LOG  [OniBoss:Layer] boss bar shown
[   656    5.959 x1.00] WARN The referenced script on this Behaviour (Game Object '<null>') is missing!
[   656    5.959 x1.00] WARN The referenced script on this Behaviour (Game Object 'Lightning Light') is missing!
[   656    5.959 x1.00] WARN The referenced script on this Behaviour (Game Object 'Lightning Light') is missing!
[   667    6.033 x1.00] LOG  [ComboTrace] LAUNCH RESULT wanted=2.42m actually moved=2.27m, completed
[   677    6.090 x1.00] LOG  OniBoss took 10 damage. HP: 480/500
[   677    6.090 x1.00] LOG  [OniBoss] 🤕 Hit during Alert — flash only
[   677    6.090 x1.00] LOG  [CameraGameFeel] Shake: intensity=0.18 duration=0.200s
[   703    6.245 x1.00] LOG  OniBoss took 10 damage. HP: 470/500
[   703    6.245 x1.00] LOG  [OniBoss] 🤕 Hit during Alert — flash only
[   703    6.245 x1.00] LOG  [CameraGameFeel] Shake: intensity=0.18 duration=0.200s
[   718    6.329 x1.00] LOG  [StormWeather] fur: rain reaching the coat (intensity 0.01, follows floor wetness).
[   723    6.355 x1.00] LOG  💨 Landing VFX spawned!
[   723    6.355 x1.00] LOG  ✅ LANDED! (was jump #1)
[   723    6.355 x1.00] LOG  [AirPosePin] released, peak correction was 0.377m
[   730    6.398 x1.00] LOG  OniBoss took 10 damage. HP: 460/500
[   730    6.398 x1.00] LOG  [OniBoss] 🤕 Hit during Alert — flash only
[   730    6.398 x1.00] LOG  [OniBoss] Alert → Stagger
[   730    6.398 x1.00] LOG  [OniBoss] Playing animation: Stagger
[   730    6.398 x1.00] LOG  [OniBoss] STAGGERED for 2.5s
[   730    6.398 x1.00] LOG  [OniBoss:Layer] heavy knock-back react (swirl burst, 3 hits / 30 dmg) → 'HitReact_Heavy', down for 1.80s
[   730    6.398 x1.00] LOG  [OniBoss:Layer] burst: 3 hits / 30 dmg inside 0.8s → knock-back + 0.90m push
[   730    6.398 x1.00] LOG  [CameraGameFeel] Shake: intensity=0.18 duration=0.200s
[   748    6.545 x1.00] LOG  [ComboTrace] END step=3 clipProgress=0.90 clipLen=0.79s queued=0 elapsed=0.76s
[   784    6.747 x1.00] LOG  [StormWeather] storm post weight -> 0.40
[  1080    8.206 x1.00] LOG  [OniBoss] Stagger → Chase
[  1081    8.211 x1.00] LOG  [OniBoss] Pull-band decision: RUN-IN (dist 4.3m, pullRange 0m, chance 0.50)
[  1081    8.211 x1.00] LOG  [OniBoss] Playing animation: run
[  1187    8.950 x1.00] LOG  [OniBoss] Playing animation: Watch
[  1187    8.950 x1.00] LOG  [OniBoss] Chase → Attack
[  1187    8.950 x1.00] LOG  [OniBoss] Attack: Club_Swing (16 dmg)
[  1187    8.950 x1.00] LOG  [OniBoss:Trail] Club_Swing trail START at clip 0.79 (transition done).
[  1208    9.112 x1.00] LOG  [OniBoss:Layer] step-in: 'Club_Swing' closed 0.77m, Yoru now 3.0m away (range 3.5)
[  1209    9.119 x1.00] LOG  [OniBoss:Layer] step-in: 'Club_Swing' closed 0.81m, Yoru now 3.0m away (range 3.5)
[  1213    9.140 x1.00] LOG  [OniBoss:Layer] step-in: 'Club_Swing' closed 0.84m, Yoru now 3.0m away (range 3.5)
[  1215    9.155 x1.00] LOG  [OniBoss:Layer] step-in: 'Club_Swing' closed 0.88m, Yoru now 3.0m away (range 3.5)
[  1219    9.177 x1.00] LOG  [OniBoss:Layer] step-in: 'Club_Swing' closed 0.92m, Yoru now 3.0m away (range 3.5)
[  1222    9.197 x1.00] LOG  [OniBoss:Layer] step-in: 'Club_Swing' closed 0.95m, Yoru now 3.0m away (range 3.5)
[  1244    9.312 x1.00] LOG  [OniBoss:ClubPos] Club_Swing at strike: club tip 3.02m up, 2.24m in front, -3.08m to his right (3.81m out from his centre). Club faces -88deg from his forward, pitch 0.41. (the ground wave is born 1.6m in front of him at 0.35m.)
[  1244    9.312 x1.00] LOG  [OniBoss:Layer] Club_Swing: club has not connected — ground wave released ARMED, 1.6m in front, 12m/s x 6.0m = 0.50s, carrying 8 (half of the club's 16).
[  1245    9.318 x1.00] LOG  [Combat] Hit react: HitReact_Light_2Leg (0.5s, clip starts at 0.35s)
[  1245    9.318 x1.00] LOG  [CameraGameFeel] Shake: intensity=0.30 duration=0.200s
[  1245    9.318 x1.00] LOG  [CameraGameFeel] FOV punch: player damage (-2.0°)
[  1245    9.318 x1.00] LOG  [OniBoss:Wave] wave TOUCHED Yoru (grounded) for 8 after 0.1m / 0.01s of travel.
[  1248    9.347 x1.00] LOG  [HitReactTrace] asked for 'HitReact_Light_2Leg' (0.50s, clip start 0.35s): playing it, blend resolved after 30 ms, state 1.21s long at speed 1.00, now at 0.37s, layer weight 1.00, animator.speed 1.00.
[  1341    9.784 x1.00] LOG  [OniBoss] Attack → Recovery
[  1341    9.784 x1.00] LOG  [OniBoss] Playing animation: Watch
[  1341    9.784 x1.00] LOG  [OniBoss:Trail] trail END at clip 0.99, fading over 0.40s.
[  1341    9.784 x1.00] LOG  [OniBoss:Strike] Club_Swing: club tip closest to Yoru at 1.68m, clip position 0.92 | damage fires at 0.42 | clip 0.84s => damage fires 417 ms BEFORE the club is closest
[  1376    9.935 x1.00] LOG  [OniBoss] Recovery → Chase
[  1377    9.939 x1.00] LOG  [OniBoss] hold-ground: BACKSTEP 1.5m (player 3.2m)
[  1473   10.637 x1.00] LOG  [OniBoss] hold-ground: backstep done (1.11m), WATCH (player 4.3m, cooldown 1.1s)
[  1473   10.637 x1.00] LOG  [OniBoss] Playing animation: Idle
[  1474   10.645 x1.00] LOG  [OniBoss] Playing animation: Walk
[  1591   11.340 x1.00] LOG  [OniBoss] Playing animation: Idle
[  1688   11.737 x1.00] LOG  [OniBoss] hold-ground: cooldown over, player 3.7m > 3.5m — APPROACH
[  1688   11.737 x1.00] LOG  [OniBoss] Playing animation: Walk
[  1759   12.154 x1.00] LOG  [OniBoss] Combo started: swing1-2 (2 steps remaining)
[  1759   12.154 x1.00] LOG  [OniBoss] Chase → Attack
[  1759   12.154 x1.00] LOG  [OniBoss] Attack: Club_Swing (16 dmg)
[  1759   12.154 x1.00] LOG  [OniBoss:Trail] Club_Swing trail START at clip 0.22 (transition done).
[  1760   12.163 x1.00] LOG  [OniBoss:Layer] step-in: 'Club_Swing' closed 0.06m, Yoru now 3.0m away (range 3.5)
[  1842   12.510 x1.00] LOG  [OniBoss:ClubPos] Club_Swing at strike: club tip 3.02m up, 2.81m in front, -2.77m to his right (3.95m out from his centre). Club faces -76deg from his forward, pitch 0.40. (the ground wave is born 1.6m in front of him at 0.35m.)
[  1842   12.510 x1.00] LOG  [OniBoss:Layer] Club_Swing: club has not connected — ground wave released ARMED, 1.6m in front, 12m/s x 6.0m = 0.50s, carrying 8 (half of the club's 16).
[  1843   12.514 x1.00] LOG  [Combat] Hit react: HitReact_Light_2Leg (0.5s, clip starts at 0.35s)
[  1843   12.514 x1.00] LOG  [CameraGameFeel] Shake: intensity=0.30 duration=0.200s
[  1843   12.514 x1.00] LOG  [CameraGameFeel] FOV punch: player damage (-2.0°)
[  1843   12.514 x1.00] LOG  [OniBoss:Wave] wave TOUCHED Yoru (grounded) for 8 after 0.1m / 0.00s of travel.
[  1848   12.535 x1.00] LOG  [HitReactTrace] asked for 'HitReact_Light_2Leg' (0.50s, clip start 0.35s): playing it, blend resolved after 21 ms, state 1.21s long at speed 1.00, now at 0.37s, layer weight 1.00, animator.speed 1.00.
[  1958   12.991 x1.00] LOG  [OniBoss] Attack → Recovery
[  1958   12.991 x1.00] LOG  [OniBoss] Playing animation: Watch
[  1958   12.991 x1.00] LOG  [OniBoss:Trail] trail END at clip 0.99, fading over 0.40s.
[  1958   12.991 x1.00] LOG  [OniBoss:Strike] Club_Swing: club tip closest to Yoru at 1.49m, clip position 0.91 | damage fires at 0.42 | clip 0.84s => damage fires 414 ms BEFORE the club is closest
[  1994   13.142 x1.00] LOG  [OniBoss] Recovery → Attack
[  1994   13.142 x1.00] LOG  [OniBoss] Attack: ClubSwing2 (16 dmg)
[  1994   13.142 x1.00] LOG  [OniBoss:Trail] ClubSwing2 trail START at clip 1.00 (transition still blending).
[  2076   13.480 x1.00] LOG  [CameraGameFeel] Shake: intensity=0.20 duration=0.250s
[  2076   13.480 x1.00] LOG  [Combat] Hit react: HitReact_Heavy_2Leg (0.9s, clip starts at 0.35s)
[  2076   13.480 x1.00] LOG  [CameraGameFeel] Shake: intensity=0.60 duration=0.200s
[  2076   13.480 x1.00] LOG  [CameraGameFeel] FOV punch: player damage (-3.0°)
[  2076   13.480 x1.00] LOG  [OniBoss] Hit player for 24 (ClubSwing2) [combo x1.50]
[  2076   13.480 x1.00] LOG  [OniBoss:Touch] ClubSwing2: club TOUCHED Yoru at clip 0.29 — shaft 0.56m from her body line, tip speed 101m/s, ONE FRAME EARLY (predicted). Full club hit delivered this frame.
[  2077   13.486 x1.00] LOG  [HitReactTrace] asked for 'HitReact_Heavy_2Leg' (0.90s, clip start 0.35s): NOT playing it, another state took the combat layer, blend resolved after 6 ms, state 1.00s long at speed 1.00, now at 0.46s, layer weight 1.00, animator.speed 1.00.
[  2086   13.524 x1.00] LOG  [OniBoss:ClubPos] ClubSwing2 at strike: club tip 0.14m up, 1.69m in front, 2.56m to his right (3.07m out from his centre). Club faces 11deg from his forward, pitch -0.88. (the ground wave is born 1.6m in front of him at 0.35m.)
[  2086   13.524 x1.00] LOG  [OniBoss:Layer] ClubSwing2: club already hit — ground wave released as VISUAL only (0 damage), finisher size x2.0.
[  2280   14.302 x1.00] LOG  [OniBoss] Attack → Recovery
[  2280   14.302 x1.00] LOG  [OniBoss] Playing animation: Watch
[  2280   14.302 x1.00] LOG  [OniBoss:Trail] trail END at clip 0.99, fading over 0.40s.
[  2280   14.302 x1.00] LOG  [OniBoss:Strike] ClubSwing2: club tip closest to Yoru at 0.43m, clip position 0.30 | damage fires at 0.32 | clip 1.17s => MATCHED (within one or two frames)
[  2317   14.454 x1.00] LOG  [OniBoss] Recovery → Chase
[  2318   14.458 x1.00] LOG  [OniBoss] hold-ground: BACKSTEP 1.5m (player 3.0m)
[  2430   15.289 x1.00] LOG  [OniBoss] hold-ground: backstep done (1.32m), WATCH (player 4.3m, cooldown 1.0s)
[  2430   15.289 x1.00] LOG  [OniBoss] Playing animation: Idle
[  2672   16.258 x1.00] LOG  [OniBoss] hold-ground: cooldown over, player 4.3m > 3.5m — APPROACH
[  2672   16.258 x1.00] LOG  [OniBoss] Playing animation: Walk
[  2713   16.481 x1.00] WARN The referenced script on this Behaviour (Game Object '<null>') is missing!
[  2713   16.481 x1.00] WARN The referenced script on this Behaviour (Game Object 'Lightning Light') is missing!
[  2713   16.481 x1.00] WARN The referenced script on this Behaviour (Game Object 'Lightning Light') is missing!
[  2775   16.962 x1.00] LOG  [OniBoss] Combo started: swing1-2 (2 steps remaining)
[  2775   16.962 x1.00] LOG  [OniBoss] Chase → Attack
[  2775   16.962 x1.00] LOG  [OniBoss] Attack: Club_Swing (16 dmg)
[  2775   16.962 x1.00] LOG  [OniBoss:Trail] Club_Swing trail START at clip 0.38 (transition done).
[  2777   16.979 x1.00] LOG  [OniBoss:Layer] step-in: 'Club_Swing' closed 0.07m, Yoru now 3.0m away (range 3.5)
[  2857   17.320 x1.00] LOG  [OniBoss:ClubPos] Club_Swing at strike: club tip 3.02m up, 2.61m in front, -2.90m to his right (3.90m out from his centre). Club faces -80deg from his forward, pitch 0.40. (the ground wave is born 1.6m in front of him at 0.35m.)
[  2857   17.320 x1.00] LOG  [OniBoss:Layer] Club_Swing: club has not connected — ground wave released ARMED, 1.6m in front, 12m/s x 6.0m = 0.50s, carrying 8 (half of the club's 16).
[  2858   17.325 x1.00] LOG  [Combat] Hit react: HitReact_Light_2Leg (0.5s, clip starts at 0.35s)
[  2858   17.325 x1.00] LOG  [CameraGameFeel] Shake: intensity=0.30 duration=0.200s
[  2858   17.325 x1.00] LOG  [CameraGameFeel] FOV punch: player damage (-2.0°)
[  2858   17.325 x1.00] LOG  [OniBoss:Wave] wave TOUCHED Yoru (grounded) for 8 after 0.1m / 0.00s of travel.
[  2863   17.348 x1.00] LOG  [HitReactTrace] asked for 'HitReact_Light_2Leg' (0.50s, clip start 0.35s): playing it, blend resolved after 23 ms, state 1.21s long at speed 1.00, now at 0.37s, layer weight 1.00, animator.speed 1.00.
[  2969   17.799 x1.00] LOG  [OniBoss] Attack → Recovery
[  2969   17.799 x1.00] LOG  [OniBoss] Playing animation: Watch
[  2969   17.799 x1.00] LOG  [OniBoss:Trail] trail END at clip 0.99, fading over 0.40s.
[  2969   17.799 x1.00] LOG  [OniBoss:Strike] Club_Swing: club tip closest to Yoru at 1.50m, clip position 0.91 | damage fires at 0.42 | clip 0.84s => damage fires 414 ms BEFORE the club is closest
[  3006   17.953 x1.00] LOG  [OniBoss] Recovery → Attack
[  3006   17.953 x1.00] LOG  [OniBoss] Attack: ClubSwing2 (16 dmg)
[  3006   17.953 x1.00] LOG  [OniBoss:Trail] ClubSwing2 trail START at clip 1.00 (transition still blending).
[  3087   18.291 x1.00] LOG  [CameraGameFeel] Shake: intensity=0.20 duration=0.250s
[  3087   18.291 x1.00] LOG  [Combat] Hit react: HitReact_Heavy_2Leg (0.9s, clip starts at 0.35s)
[  3087   18.291 x1.00] LOG  [CameraGameFeel] Shake: intensity=0.60 duration=0.200s
[  3087   18.291 x1.00] LOG  [CameraGameFeel] FOV punch: player damage (-3.0°)
[  3087   18.291 x1.00] LOG  [OniBoss] Hit player for 24 (ClubSwing2) [combo x1.50]
[  3087   18.291 x1.00] LOG  [OniBoss:Touch] ClubSwing2: club TOUCHED Yoru at clip 0.29 — shaft 0.52m from her body line, tip speed 101m/s, ONE FRAME EARLY (predicted). Full club hit delivered this frame.
[  3088   18.301 x1.00] LOG  [HitReactTrace] asked for 'HitReact_Heavy_2Leg' (0.90s, clip start 0.35s): NOT playing it, another state took the combat layer, blend resolved after 10 ms, state 1.00s long at speed 1.00, now at 0.47s, layer weight 1.00, animator.speed 1.00.
[  3095   18.332 x1.00] LOG  [OniBoss:ClubPos] ClubSwing2 at strike: club tip 0.07m up, 1.86m in front, 2.36m to his right (3.00m out from his centre). Club faces 2deg from his forward, pitch -0.87. (the ground wave is born 1.6m in front of him at 0.35m.)
[  3095   18.332 x1.00] LOG  [OniBoss:Layer] ClubSwing2: club already hit — ground wave released as VISUAL only (0 damage), finisher size x2.0.
[  3290   19.114 x1.00] LOG  [OniBoss] Attack → Recovery
[  3290   19.114 x1.00] LOG  [OniBoss] Playing animation: Watch
[  3290   19.114 x1.00] LOG  [OniBoss:Trail] trail END at clip 0.99, fading over 0.40s.
[  3290   19.114 x1.00] LOG  [OniBoss:Strike] ClubSwing2: club tip closest to Yoru at 0.43m, clip position 0.30 | damage fires at 0.32 | clip 1.17s => MATCHED (within one or two frames)
[  3327   19.268 x1.00] LOG  [OniBoss] Recovery → Chase
[  3328   19.272 x1.00] LOG  [OniBoss] hold-ground: BACKSTEP 1.5m (player 3.0m)
[  3451   20.103 x1.00] LOG  [OniBoss] hold-ground: backstep done (1.32m), WATCH (player 4.3m, cooldown 1.0s)
[  3451   20.103 x1.00] LOG  [OniBoss] Playing animation: Idle
[  3452   20.110 x1.00] LOG  [OniBoss] Playing animation: Walk
[  3530   20.668 x1.00] LOG  [OniBoss] Playing animation: Idle
[  3627   21.068 x1.00] LOG  [OniBoss] hold-ground: cooldown over, player 3.8m > 3.5m — APPROACH
[  3627   21.068 x1.00] LOG  [OniBoss] Playing animation: Walk
[  3707   21.534 x1.00] LOG  [OniBoss] Chase → Attack
[  3707   21.534 x1.00] LOG  [OniBoss] Attack: Club_Swing (16 dmg)
[  3707   21.534 x1.00] LOG  [OniBoss:Trail] Club_Swing trail START at clip 0.25 (transition done).
[  3796   21.892 x1.00] LOG  [OniBoss:ClubPos] Club_Swing at strike: club tip 3.02m up, 2.71m in front, -2.84m to his right (3.92m out from his centre). Club faces -78deg from his forward, pitch 0.40. (the ground wave is born 1.6m in front of him at 0.35m.)
[  3796   21.892 x1.00] LOG  [OniBoss:Layer] Club_Swing: club has not connected — ground wave released ARMED, 1.6m in front, 12m/s x 6.0m = 0.50s, carrying 8 (half of the club's 16).
[  3797   21.896 x1.00] LOG  [Combat] Hit react: HitReact_Light_2Leg (0.5s, clip starts at 0.35s)
[  3797   21.896 x1.00] LOG  [CameraGameFeel] Shake: intensity=0.30 duration=0.200s
[  3797   21.896 x1.00] LOG  [CameraGameFeel] FOV punch: player damage (-2.0°)
[  3797   21.896 x1.00] LOG  [OniBoss:Wave] wave TOUCHED Yoru (grounded) for 8 after 0.1m / 0.00s of travel.
[  3802   21.918 x1.00] LOG  [HitReactTrace] asked for 'HitReact_Light_2Leg' (0.50s, clip start 0.35s): playing it, blend resolved after 22 ms, state 1.21s long at speed 1.00, now at 0.37s, layer weight 1.00, animator.speed 1.00.
[  3910   22.370 x1.00] LOG  [OniBoss] Attack → Recovery
[  3910   22.370 x1.00] LOG  [OniBoss] Playing animation: Watch
[  3910   22.370 x1.00] LOG  [OniBoss:Trail] trail END at clip 0.99, fading over 0.40s.
[  3910   22.370 x1.00] LOG  [OniBoss:Strike] Club_Swing: club tip closest to Yoru at 1.49m, clip position 0.91 | damage fires at 0.42 | clip 0.84s => damage fires 410 ms BEFORE the club is closest
[  3947   22.523 x1.00] LOG  [OniBoss] Recovery → Chase
[  3948   22.529 x1.00] LOG  [OniBoss] hold-ground: BACKSTEP 1.5m (player 3.0m)
[  4065   23.357 x1.00] LOG  [OniBoss] hold-ground: backstep done (1.32m), WATCH (player 4.3m, cooldown 1.0s)
[  4065   23.357 x1.00] LOG  [OniBoss] Playing animation: Watch
[  4066   23.365 x1.00] LOG  [OniBoss] Playing animation: Walk
[  4160   23.924 x1.00] LOG  [OniBoss] Playing animation: Watch
[  4258   24.325 x1.00] LOG  [OniBoss] hold-ground: cooldown over, player 3.8m > 3.5m — APPROACH
[  4258   24.325 x1.00] LOG  [OniBoss] Playing animation: Walk
[  4334   24.793 x1.00] LOG  [OniBoss] Chase → Attack
[  4334   24.793 x1.00] LOG  [OniBoss] Attack: Club_Swing (16 dmg)
[  4334   24.793 x1.00] LOG  [OniBoss:Trail] Club_Swing trail START at clip 0.25 (transition done).
[  4335   24.801 x1.00] LOG  [OniBoss:Layer] step-in: 'Club_Swing' closed 0.07m, Yoru now 3.0m away (range 3.5)
[  4423   25.150 x1.00] LOG  [OniBoss:ClubPos] Club_Swing at strike: club tip 3.02m up, 2.66m in front, -2.87m to his right (3.91m out from his centre). Club faces -79deg from his forward, pitch 0.40. (the ground wave is born 1.6m in front of him at 0.35m.)
[  4423   25.150 x1.00] LOG  [OniBoss:Layer] Club_Swing: club has not connected — ground wave released ARMED, 1.6m in front, 12m/s x 6.0m = 0.50s, carrying 8 (half of the club's 16).
[  4424   25.156 x1.00] LOG  [Combat] Hit react: HitReact_Light_2Leg (0.5s, clip starts at 0.35s)
[  4424   25.156 x1.00] LOG  [CameraGameFeel] Shake: intensity=0.30 duration=0.200s
[  4424   25.156 x1.00] LOG  [CameraGameFeel] FOV punch: player damage (-2.0°)
[  4424   25.156 x1.00] LOG  [OniBoss:Wave] wave TOUCHED Yoru (grounded) for 8 after 0.1m / 0.01s of travel.
[  4428   25.174 x1.00] LOG  [HitReactTrace] asked for 'HitReact_Light_2Leg' (0.50s, clip start 0.35s): playing it, blend resolved after 18 ms, state 1.21s long at speed 1.00, now at 0.36s, layer weight 1.00, animator.speed 1.00.
[  4536   25.627 x1.00] LOG  [OniBoss] Attack → Recovery
[  4536   25.627 x1.00] LOG  [OniBoss] Playing animation: Watch
[  4536   25.627 x1.00] LOG  [OniBoss:Trail] trail END at clip 0.99, fading over 0.40s.
[  4536   25.627 x1.00] LOG  [OniBoss:Strike] Club_Swing: club tip closest to Yoru at 1.49m, clip position 0.91 | damage fires at 0.42 | clip 0.84s => damage fires 413 ms BEFORE the club is closest
[  4573   25.779 x1.00] LOG  [OniBoss] Recovery → Chase
[  4574   25.784 x1.00] LOG  [OniBoss] hold-ground: BACKSTEP 1.5m (player 3.0m)
[  4689   26.618 x1.00] LOG  [OniBoss] hold-ground: backstep done (1.33m), WATCH (player 4.3m, cooldown 1.0s)
[  4689   26.618 x1.00] LOG  [OniBoss] Playing animation: Watch
[  4944   27.581 x1.00] LOG  [OniBoss] hold-ground: cooldown over, player 4.3m > 3.5m — APPROACH
[  4944   27.581 x1.00] LOG  [OniBoss] Playing animation: Walk
[  4984   27.803 x1.00] WARN The referenced script on this Behaviour (Game Object '<null>') is missing!
[  4984   27.803 x1.00] WARN The referenced script on this Behaviour (Game Object 'Lightning Light') is missing!
[  4984   27.803 x1.00] WARN The referenced script on this Behaviour (Game Object 'Lightning Light') is missing!
[  5044   28.284 x1.00] LOG  [OniBoss] Combo started: ClubSwing1 → ClubSwing2 → ClubSlam (3 steps remaining)
[  5044   28.284 x1.00] LOG  [OniBoss] Chase → Attack
[  5044   28.284 x1.00] LOG  [OniBoss] Attack: Club_Swing (16 dmg)
[  5044   28.284 x1.00] LOG  [OniBoss:Trail] Club_Swing trail START at clip 0.38 (transition done).
[  5046   28.300 x1.00] LOG  [OniBoss:Layer] step-in: 'Club_Swing' closed 0.07m, Yoru now 3.0m away (range 3.5)
[  5127   28.643 x1.00] LOG  [OniBoss:ClubPos] Club_Swing at strike: club tip 3.02m up, 2.58m in front, -2.92m to his right (3.89m out from his centre). Club faces -81deg from his forward, pitch 0.40. (the ground wave is born 1.6m in front of him at 0.35m.)
[  5127   28.643 x1.00] LOG  [OniBoss:Layer] Club_Swing: club has not connected — ground wave released ARMED, 1.6m in front, 12m/s x 6.0m = 0.50s, carrying 8 (half of the club's 16).
[  5128   28.648 x1.00] LOG  [Combat] Hit react: HitReact_Light_2Leg (0.5s, clip starts at 0.35s)
[  5128   28.648 x1.00] LOG  [CameraGameFeel] Shake: intensity=0.30 duration=0.200s
[  5128   28.648 x1.00] LOG  [CameraGameFeel] FOV punch: player damage (-2.0°)
[  5128   28.648 x1.00] LOG  [OniBoss:Wave] wave TOUCHED Yoru (grounded) for 8 after 0.1m / 0.00s of travel.
[  5133   28.669 x1.00] LOG  [HitReactTrace] asked for 'HitReact_Light_2Leg' (0.50s, clip start 0.35s): playing it, blend resolved after 22 ms, state 1.21s long at speed 1.00, now at 0.37s, layer weight 1.00, animator.speed 1.00.
[  5240   29.120 x1.00] LOG  [OniBoss] Attack → Recovery
[  5240   29.120 x1.00] LOG  [OniBoss] Playing animation: Watch
[  5240   29.120 x1.00] LOG  [OniBoss:Trail] trail END at clip 0.99, fading over 0.40s.
[  5240   29.120 x1.00] LOG  [OniBoss:Strike] Club_Swing: club tip closest to Yoru at 1.49m, clip position 0.91 | damage fires at 0.42 | clip 0.84s => damage fires 413 ms BEFORE the club is closest
[  5277   29.273 x1.00] LOG  [OniBoss] Recovery → Attack
[  5277   29.273 x1.00] LOG  [OniBoss] Attack: ClubSwing2 (16 dmg)
[  5277   29.273 x1.00] LOG  [OniBoss:Trail] ClubSwing2 trail START at clip 1.00 (transition still blending).
[  5362   29.609 x1.00] LOG  [CameraGameFeel] Shake: intensity=0.20 duration=0.250s
[  5362   29.609 x1.00] LOG  [Combat] Hit react: HitReact_Light_2Leg (0.5s, clip starts at 0.35s)
[  5362   29.609 x1.00] LOG  [CameraGameFeel] Shake: intensity=0.30 duration=0.200s
[  5362   29.609 x1.00] LOG  [CameraGameFeel] FOV punch: player damage (-2.0°)
[  5362   29.609 x1.00] LOG  [OniBoss] Hit player for 20 (ClubSwing2) [combo x1.25]
[  5362   29.609 x1.00] LOG  [OniBoss:Touch] ClubSwing2: club TOUCHED Yoru at clip 0.29 — shaft 0.67m from her body line, tip speed 99m/s, ONE FRAME EARLY (predicted). Full club hit delivered this frame.
[  5363   29.614 x1.00] LOG  [HitReactTrace] asked for 'HitReact_Light_2Leg' (0.50s, clip start 0.35s): NOT playing it, another state took the combat layer, blend resolved after 5 ms, state 1.00s long at speed 1.00, now at 0.46s, layer weight 1.00, animator.speed 1.00.
[  5372   29.654 x1.00] LOG  [OniBoss:ClubPos] ClubSwing2 at strike: club tip 0.11m up, 1.77m in front, 2.46m to his right (3.03m out from his centre). Club faces 7deg from his forward, pitch -0.88. (the ground wave is born 1.6m in front of him at 0.35m.)
[  5372   29.654 x1.00] LOG  [OniBoss:Layer] ClubSwing2: club already hit — ground wave released as VISUAL only (0 damage).
[  5556   30.435 x1.00] LOG  [OniBoss] Attack → Recovery
[  5556   30.435 x1.00] LOG  [OniBoss] Playing animation: Watch
[  5556   30.435 x1.00] LOG  [OniBoss:Trail] trail END at clip 0.99, fading over 0.40s.
[  5556   30.435 x1.00] LOG  [OniBoss:Strike] ClubSwing2: club tip closest to Yoru at 0.42m, clip position 0.30 | damage fires at 0.32 | clip 1.17s => MATCHED (within one or two frames)
[  5582   30.586 x1.00] LOG  [OniBoss] Recovery → Attack
[  5582   30.586 x1.00] LOG  [OniBoss] Attack: ClubSlam (20 dmg)
[  5582   30.586 x1.00] LOG  [OniBoss:Trail] ClubSlam trail START at clip 1.00 (transition still blending).
[  5682   31.001 x1.00] LOG  [CameraGameFeel] Shake: intensity=0.50 duration=0.400s
[  5682   31.001 x1.00] LOG  [Combat] Hit react: HitReact_Heavy_2Leg (0.9s, clip starts at 0.35s)
[  5682   31.001 x1.00] LOG  [CameraGameFeel] Shake: intensity=0.60 duration=0.200s
[  5682   31.001 x1.00] LOG  [CameraGameFeel] FOV punch: player damage (-3.0°)
[  5682   31.001 x1.00] LOG  [OniBoss] Hit player for 30 (ClubSlam) [combo x1.50]
[  5682   31.001 x1.00] LOG  [OniBoss:Touch] ClubSlam: club TOUCHED Yoru at clip 0.45 — shaft 0.51m from her body line, tip speed 113m/s, ONE FRAME EARLY (predicted). Full club hit delivered this frame.
[  5683   31.006 x1.00] LOG  [HitReactTrace] asked for 'HitReact_Heavy_2Leg' (0.90s, clip start 0.35s): NOT playing it, another state took the combat layer, blend resolved after 5 ms, state 1.00s long at speed 1.00, now at 0.89s, layer weight 1.00, animator.speed 1.00.
[  5776   31.385 x1.00] LOG  [OniBoss:ClubPos] ClubSlam at strike: club tip 0.58m up, 2.90m in front, -0.21m to his right (2.91m out from his centre). Club faces 5deg from his forward, pitch -0.25. (the ground wave is born 1.6m in front of him at 0.35m.)
[  5776   31.385 x1.00] LOG  [OniBoss:Layer] ClubSlam: club already hit — ground wave released as VISUAL only (0 damage), finisher size x2.0.
[  5799   31.510 x1.00] LOG  [OniBoss] Attack → Recovery
[  5799   31.510 x1.00] LOG  [OniBoss] Playing animation: Watch
[  5799   31.510 x1.00] LOG  [OniBoss:Trail] trail END at clip 0.99, fading over 0.40s.
[  5799   31.510 x1.00] LOG  [OniBoss:Strike] ClubSlam: club tip closest to Yoru at 0.23m, clip position 0.84 | damage fires at 0.85 | clip 0.93s => MATCHED (within one or two frames)
[  5834   31.661 x1.00] LOG  [OniBoss] Recovery → Chase
[  5835   31.665 x1.00] LOG  [OniBoss] hold-ground: BACKSTEP 1.5m (player 3.0m)
[  5957   32.497 x1.00] LOG  [OniBoss] hold-ground: backstep done (1.33m), WATCH (player 4.3m, cooldown 1.0s)
[  5957   32.497 x1.00] LOG  [OniBoss] Playing animation: Idle
[  5958   32.505 x1.00] LOG  [OniBoss] Playing animation: Walk
[  6053   33.061 x1.00] LOG  [OniBoss] Playing animation: Idle
[  6144   33.464 x1.00] LOG  [OniBoss] hold-ground: cooldown over, player 3.8m > 3.5m — APPROACH
[  6144   33.464 x1.00] LOG  [OniBoss] Playing animation: Walk
[  6224   33.935 x1.00] LOG  [OniBoss] Chase → Attack
[  6224   33.935 x1.00] LOG  [OniBoss] Attack: Club_Swing (16 dmg)
[  6224   33.935 x1.00] LOG  [OniBoss:Trail] Club_Swing trail START at clip 0.25 (transition done).
[  6225   33.944 x1.00] LOG  [OniBoss:Layer] step-in: 'Club_Swing' closed 0.07m, Yoru now 3.0m away (range 3.5)
[  6307   34.293 x1.00] LOG  [OniBoss:ClubPos] Club_Swing at strike: club tip 3.02m up, 2.65m in front, -2.88m to his right (3.91m out from his centre). Club faces -79deg from his forward, pitch 0.40. (the ground wave is born 1.6m in front of him at 0.35m.)
[  6307   34.293 x1.00] LOG  [OniBoss:Layer] Club_Swing: club has not connected — ground wave released ARMED, 1.6m in front, 12m/s x 6.0m = 0.50s, carrying 8 (half of the club's 16).
[  6308   34.299 x1.00] LOG  [Combat] Hit react: HitReact_Light_2Leg (0.5s, clip starts at 0.35s)
[  6308   34.299 x1.00] LOG  [CameraGameFeel] Shake: intensity=0.30 duration=0.200s
[  6308   34.299 x1.00] LOG  [CameraGameFeel] FOV punch: player damage (-2.0°)
[  6308   34.299 x1.00] LOG  [OniBoss:Wave] wave TOUCHED Yoru (grounded) for 8 after 0.1m / 0.01s of travel.
[  6313   34.320 x1.00] LOG  [HitReactTrace] asked for 'HitReact_Light_2Leg' (0.50s, clip start 0.35s): playing it, blend resolved after 22 ms, state 1.21s long at speed 1.00, now at 0.37s, layer weight 1.00, animator.speed 1.00.
[  6415   34.769 x1.00] LOG  [OniBoss] Attack → Recovery
[  6415   34.769 x1.00] LOG  [OniBoss] Playing animation: Watch
[  6415   34.769 x1.00] LOG  [OniBoss:Trail] trail END at clip 0.99, fading over 0.40s.
[  6415   34.769 x1.00] LOG  [OniBoss:Strike] Club_Swing: club tip closest to Yoru at 1.49m, clip position 0.91 | damage fires at 0.42 | clip 0.84s => damage fires 410 ms BEFORE the club is closest
[  6450   34.922 x1.00] LOG  [OniBoss] Recovery → Chase
[  6451   34.926 x1.00] LOG  [OniBoss] hold-ground: BACKSTEP 1.5m (player 3.0m)
[  6535   35.539 x1.00] LOG  [StormWeather] ⚡ strike at (481.27, 45.00, 448.16)
[  6562   35.757 x1.00] LOG  [OniBoss] hold-ground: backstep done (1.32m), WATCH (player 4.3m, cooldown 1.0s)
[  6562   35.757 x1.00] LOG  [OniBoss] Playing animation: Watch
[  6795   36.722 x1.00] LOG  [OniBoss] hold-ground: cooldown over, player 4.3m > 3.5m — APPROACH
[  6795   36.722 x1.00] LOG  [OniBoss] Playing animation: Walk
[  6874   37.215 x1.00] WARN The referenced script on this Behaviour (Game Object '<null>') is missing!
[  6874   37.215 x1.00] WARN The referenced script on this Behaviour (Game Object 'Lightning Light') is missing!
[  6874   37.215 x1.00] WARN The referenced script on this Behaviour (Game Object 'Lightning Light') is missing!
[  6901   37.426 x1.00] LOG  [OniBoss] Chase → Attack
[  6901   37.426 x1.00] LOG  [OniBoss] Attack: ClubSlam (20 dmg)
[  6901   37.426 x1.00] LOG  [OniBoss:Trail] ClubSlam trail START at clip 0.38 (transition done).
[  6903   37.444 x1.00] LOG  [OniBoss:Layer] step-in: 'ClubSlam' closed 0.06m, Yoru now 3.0m away (range 3.5)
[  6978   37.842 x1.00] LOG  [CameraGameFeel] Shake: intensity=0.50 duration=0.400s
[  6978   37.842 x1.00] LOG  [Combat] Hit react: HitReact_Heavy_2Leg (0.9s, clip starts at 0.35s)
[  6978   37.842 x1.00] LOG  [CameraGameFeel] Shake: intensity=0.60 duration=0.200s
[  6978   37.842 x1.00] LOG  [CameraGameFeel] FOV punch: player damage (-3.0°)
[  6978   37.842 x1.00] LOG  [OniBoss] Hit player for 20 (ClubSlam)
[  6978   37.842 x1.00] LOG  [OniBoss:Touch] ClubSlam: club TOUCHED Yoru at clip 0.45 — shaft 0.68m from her body line, tip speed 112m/s. Full club hit delivered this frame.
[  6979   37.848 x1.00] LOG  [HitReactTrace] asked for 'HitReact_Heavy_2Leg' (0.90s, clip start 0.35s): NOT playing it, another state took the combat layer, blend resolved after 5 ms, state 1.00s long at speed 1.00, now at 3.04s, layer weight 1.00, animator.speed 1.00.
[  7069   38.220 x1.00] LOG  [OniBoss:ClubPos] ClubSlam at strike: club tip 0.57m up, 2.90m in front, -0.20m to his right (2.91m out from his centre). Club faces 5deg from his forward, pitch -0.25. (the ground wave is born 1.6m in front of him at 0.35m.)
[  7069   38.220 x1.00] LOG  [OniBoss:Layer] ClubSlam: club already hit — ground wave released as VISUAL only (0 damage).
[  7098   38.352 x1.00] LOG  [OniBoss] Attack → Recovery
[  7098   38.352 x1.00] LOG  [OniBoss] Playing animation: Watch
[  7098   38.352 x1.00] LOG  [OniBoss:Trail] trail END at clip 0.99, fading over 0.40s.
[  7098   38.352 x1.00] LOG  [OniBoss:Strike] ClubSlam: club tip closest to Yoru at 0.17m, clip position 0.85 | damage fires at 0.85 | clip 0.93s => MATCHED (within one or two frames)
[  7133   38.502 x1.00] LOG  [OniBoss] Recovery → Chase
[  7134   38.507 x1.00] LOG  [OniBoss] hold-ground: BACKSTEP 1.5m (player 3.0m)
[  7254   39.345 x1.00] LOG  [OniBoss] hold-ground: backstep done (1.33m), WATCH (player 4.3m, cooldown 1.0s)
[  7254   39.345 x1.00] LOG  [OniBoss] Playing animation: Idle
[  7487   40.302 x1.00] LOG  [OniBoss] hold-ground: cooldown over, player 4.3m > 3.5m — APPROACH
[  7487   40.302 x1.00] LOG  [OniBoss] Playing animation: Walk
[  7597   41.013 x1.00] LOG  [OniBoss] Combo started: ClubSwing1 → ClubSwing2 → ClubSlam (3 steps remaining)
[  7597   41.013 x1.00] LOG  [OniBoss] Chase → Attack
[  7597   41.013 x1.00] LOG  [OniBoss] Attack: Club_Swing (16 dmg)
[  7597   41.013 x1.00] LOG  [OniBoss:Trail] Club_Swing trail START at clip 0.38 (transition done).
[  7599   41.028 x1.00] LOG  [OniBoss:Layer] step-in: 'Club_Swing' closed 0.06m, Yoru now 3.0m away (range 3.5)
[  7679   41.369 x1.00] LOG  [OniBoss:ClubPos] Club_Swing at strike: club tip 3.02m up, 2.79m in front, -2.79m to his right (3.94m out from his centre). Club faces -76deg from his forward, pitch 0.40. (the ground wave is born 1.6m in front of him at 0.35m.)
[  7679   41.369 x1.00] LOG  [OniBoss:Layer] Club_Swing: club has not connected — ground wave released ARMED, 1.6m in front, 12m/s x 6.0m = 0.50s, carrying 8 (half of the club's 16).
[  7680   41.374 x1.00] LOG  [Combat] Hit react: HitReact_Light_2Leg (0.5s, clip starts at 0.35s)
[  7680   41.374 x1.00] LOG  [CameraGameFeel] Shake: intensity=0.30 duration=0.200s
[  7680   41.374 x1.00] LOG  [CameraGameFeel] FOV punch: player damage (-2.0°)
[  7680   41.374 x1.00] LOG  [OniBoss:Wave] wave TOUCHED Yoru (grounded) for 8 after 0.1m / 0.01s of travel.
[  7684   41.399 x1.00] LOG  [HitReactTrace] asked for 'HitReact_Light_2Leg' (0.50s, clip start 0.35s): playing it, blend resolved after 25 ms, state 1.21s long at speed 1.00, now at 0.37s, layer weight 1.00, animator.speed 1.00.
[  7790   41.848 x1.00] LOG  [OniBoss] Attack → Recovery
[  7790   41.848 x1.00] LOG  [OniBoss] Playing animation: Watch
[  7790   41.848 x1.00] LOG  [OniBoss:Trail] trail END at clip 0.99, fading over 0.40s.
[  7790   41.848 x1.00] LOG  [OniBoss:Strike] Club_Swing: club tip closest to Yoru at 1.49m, clip position 0.91 | damage fires at 0.42 | clip 0.84s => damage fires 414 ms BEFORE the club is closest
[  7826   42.001 x1.00] LOG  [OniBoss] Recovery → Attack
[  7826   42.001 x1.00] LOG  [OniBoss] Attack: ClubSwing2 (16 dmg)
[  7826   42.001 x1.00] LOG  [OniBoss:Trail] ClubSwing2 trail START at clip 1.00 (transition still blending).
[  7905   42.340 x1.00] LOG  [CameraGameFeel] Shake: intensity=0.20 duration=0.250s
[  7905   42.340 x1.00] LOG  [Combat] Hit react: HitReact_Light_2Leg (0.5s, clip starts at 0.35s)
[  7905   42.340 x1.00] LOG  [CameraGameFeel] Shake: intensity=0.30 duration=0.200s
[  7905   42.340 x1.00] LOG  [CameraGameFeel] FOV punch: player damage (-2.0°)
[  7905   42.340 x1.00] LOG  [OniBoss] Hit player for 20 (ClubSwing2) [combo x1.25]
[  7905   42.340 x1.00] LOG  [OniBoss:Touch] ClubSwing2: club TOUCHED Yoru at clip 0.29 — shaft 0.51m from her body line, tip speed 101m/s, ONE FRAME EARLY (predicted). Full club hit delivered this frame.
[  7906   42.345 x1.00] LOG  [HitReactTrace] asked for 'HitReact_Light_2Leg' (0.50s, clip start 0.35s): NOT playing it, another state took the combat layer, blend resolved after 5 ms, state 1.00s long at speed 1.00, now at 0.46s, layer weight 1.00, animator.speed 1.00.
[  7914   42.379 x1.00] LOG  [OniBoss:ClubPos] ClubSwing2 at strike: club tip 0.04m up, 1.97m in front, 2.22m to his right (2.97m out from his centre). Club faces -3deg from his forward, pitch -0.86. (the ground wave is born 1.6m in front of him at 0.35m.)
[  7914   42.379 x1.00] LOG  [OniBoss:Layer] ClubSwing2: club already hit — ground wave released as VISUAL only (0 damage).
[  8097   43.162 x1.00] LOG  [OniBoss] Attack → Recovery
[  8097   43.162 x1.00] LOG  [OniBoss] Playing animation: Watch
[  8097   43.162 x1.00] LOG  [OniBoss:Trail] trail END at clip 0.99, fading over 0.40s.
[  8097   43.162 x1.00] LOG  [OniBoss:Strike] ClubSwing2: club tip closest to Yoru at 0.44m, clip position 0.30 | damage fires at 0.32 | clip 1.17s => MATCHED (within one or two frames)
[  8134   43.314 x1.00] LOG  [OniBoss] Recovery → Attack
[  8134   43.314 x1.00] LOG  [OniBoss] Attack: ClubSlam (20 dmg)
[  8134   43.314 x1.00] LOG  [OniBoss:Trail] ClubSlam trail START at clip 1.00 (transition still blending).
[  8228   43.724 x1.00] LOG  [CameraGameFeel] Shake: intensity=0.50 duration=0.400s
[  8228   43.724 x1.00] LOG  [Combat] Hit react: HitReact_Heavy_2Leg (0.9s, clip starts at 0.35s)
[  8228   43.724 x1.00] LOG  [CameraGameFeel] Shake: intensity=0.60 duration=0.200s
[  8228   43.724 x1.00] LOG  [CameraGameFeel] FOV punch: player damage (-3.0°)
[  8228   43.724 x1.00] LOG  [OniBoss] Hit player for 30 (ClubSlam) [combo x1.50]
[  8228   43.724 x1.00] LOG  [OniBoss:Touch] ClubSlam: club TOUCHED Yoru at clip 0.44 — shaft 0.69m from her body line, tip speed 115m/s, ONE FRAME EARLY (predicted). Full club hit delivered this frame.
[  8229   43.730 x1.00] LOG  [HitReactTrace] asked for 'HitReact_Heavy_2Leg' (0.90s, clip start 0.35s): NOT playing it, another state took the combat layer, blend resolved after 5 ms, state 1.00s long at speed 1.00, now at 0.88s, layer weight 1.00, animator.speed 1.00.
[  8326   44.108 x1.00] LOG  [OniBoss:ClubPos] ClubSlam at strike: club tip 0.57m up, 2.90m in front, -0.19m to his right (2.91m out from his centre). Club faces 6deg from his forward, pitch -0.25. (the ground wave is born 1.6m in front of him at 0.35m.)
[  8326   44.108 x1.00] LOG  [OniBoss:Layer] ClubSlam: club already hit — ground wave released as VISUAL only (0 damage), finisher size x2.0.
[  8357   44.237 x1.00] LOG  [OniBoss] Attack → Recovery
[  8357   44.237 x1.00] LOG  [OniBoss] Playing animation: Watch
[  8357   44.237 x1.00] LOG  [OniBoss:Trail] trail END at clip 0.99, fading over 0.40s.
[  8357   44.237 x1.00] LOG  [OniBoss:Strike] ClubSlam: club tip closest to Yoru at 0.17m, clip position 0.85 | damage fires at 0.85 | clip 0.93s => MATCHED (within one or two frames)
[  8394   44.391 x1.00] LOG  [OniBoss] Recovery → Chase
[  8395   44.395 x1.00] LOG  [OniBoss] hold-ground: BACKSTEP 1.5m (player 3.0m)
[  8506   45.227 x1.00] LOG  [OniBoss] hold-ground: backstep done (1.33m), WATCH (player 4.3m, cooldown 1.0s)
[  8506   45.227 x1.00] LOG  [OniBoss] Playing animation: Idle
[  8507   45.235 x1.00] LOG  [OniBoss] Playing animation: Walk
[  8602   45.798 x1.00] LOG  [OniBoss] Playing animation: Idle
[  8695   46.191 x1.00] LOG  [OniBoss] hold-ground: cooldown over, player 3.8m > 3.5m — APPROACH
[  8695   46.191 x1.00] LOG  [OniBoss] Playing animation: Walk
[  8780   46.662 x1.00] LOG  [OniBoss] Chase → Attack
[  8780   46.662 x1.00] LOG  [OniBoss] Attack: Club_Swing (16 dmg)
[  8780   46.662 x1.00] LOG  [OniBoss:Trail] Club_Swing trail START at clip 0.25 (transition done).
[  8781   46.670 x1.00] LOG  [OniBoss:Layer] step-in: 'Club_Swing' closed 0.07m, Yoru now 3.0m away (range 3.5)
[  8866   47.020 x1.00] LOG  [OniBoss:ClubPos] Club_Swing at strike: club tip 3.02m up, 2.46m in front, -2.98m to his right (3.86m out from his centre). Club faces -83deg from his forward, pitch 0.41. (the ground wave is born 1.6m in front of him at 0.35m.)
[  8866   47.020 x1.00] LOG  [OniBoss:Layer] Club_Swing: club has not connected — ground wave released ARMED, 1.6m in front, 12m/s x 6.0m = 0.50s, carrying 8 (half of the club's 16).
[  8867   47.025 x1.00] LOG  [Combat] Hit react: HitReact_Light_2Leg (0.5s, clip starts at 0.35s)
[  8867   47.025 x1.00] LOG  [CameraGameFeel] Shake: intensity=0.30 duration=0.200s
[  8867   47.025 x1.00] LOG  [CameraGameFeel] FOV punch: player damage (-2.0°)
[  8867   47.025 x1.00] LOG  [OniBoss:Wave] wave TOUCHED Yoru (grounded) for 8 after 0.1m / 0.00s of travel.
[  8871   47.047 x1.00] LOG  [HitReactTrace] asked for 'HitReact_Light_2Leg' (0.50s, clip start 0.35s): playing it, blend resolved after 21 ms, state 1.21s long at speed 1.00, now at 0.37s, layer weight 1.00, animator.speed 1.00.
[  8944   47.338 x1.00] WARN The referenced script on this Behaviour (Game Object '<null>') is missing!
[  8944   47.338 x1.00] WARN The referenced script on this Behaviour (Game Object 'Lightning Light') is missing!
[  8944   47.338 x1.00] WARN The referenced script on this Behaviour (Game Object 'Lightning Light') is missing!
[  8982   47.503 x1.00] LOG  [OniBoss] Attack → Recovery
[  8982   47.503 x1.00] LOG  [OniBoss] Playing animation: Watch
[  8982   47.503 x1.00] LOG  [OniBoss:Trail] trail END at clip 1.00, fading over 0.40s.
[  8982   47.503 x1.00] LOG  [OniBoss:Strike] Club_Swing: club tip closest to Yoru at 1.49m, clip position 0.91 | damage fires at 0.42 | clip 0.84s => damage fires 412 ms BEFORE the club is closest
[  9012   47.654 x1.00] LOG  [OniBoss] Recovery → Chase
[  9013   47.663 x1.00] LOG  [OniBoss] hold-ground: BACKSTEP 1.5m (player 3.0m)
[  9125   48.489 x1.00] LOG  [OniBoss] hold-ground: backstep done (1.32m), WATCH (player 4.3m, cooldown 1.0s)
[  9125   48.489 x1.00] LOG  [OniBoss] Playing animation: Watch
[  9368   49.457 x1.00] LOG  [OniBoss] hold-ground: cooldown over, player 4.3m > 3.5m — APPROACH
[  9368   49.457 x1.00] LOG  [OniBoss] Playing animation: Walk
[  9468   50.161 x1.00] LOG  [OniBoss] Combo started: ClubSwing1 → ClubSwing2 → ClubSlam (3 steps remaining)
[  9468   50.161 x1.00] LOG  [OniBoss] Chase → Attack
[  9468   50.161 x1.00] LOG  [OniBoss] Attack: Club_Swing (16 dmg)
[  9468   50.161 x1.00] LOG  [OniBoss:Trail] Club_Swing trail START at clip 0.38 (transition done).
[  9470   50.176 x1.00] LOG  [OniBoss:Layer] step-in: 'Club_Swing' closed 0.07m, Yoru now 3.0m away (range 3.5)
[  9557   50.520 x1.00] LOG  [OniBoss:ClubPos] Club_Swing at strike: club tip 3.02m up, 2.46m in front, -2.98m to his right (3.86m out from his centre). Club faces -83deg from his forward, pitch 0.41. (the ground wave is born 1.6m in front of him at 0.35m.)
[  9557   50.520 x1.00] LOG  [OniBoss:Layer] Club_Swing: club has not connected — ground wave released ARMED, 1.6m in front, 12m/s x 6.0m = 0.50s, carrying 8 (half of the club's 16).
[  9558   50.524 x1.00] LOG  [Combat] Hit react: HitReact_Light_2Leg (0.5s, clip starts at 0.35s)
[  9558   50.524 x1.00] LOG  [CameraGameFeel] Shake: intensity=0.30 duration=0.200s
[  9558   50.524 x1.00] LOG  [CameraGameFeel] FOV punch: player damage (-2.0°)
[  9558   50.524 x1.00] LOG  [OniBoss:Wave] wave TOUCHED Yoru (grounded) for 8 after 0.1m / 0.00s of travel.
[  9563   50.546 x1.00] LOG  [HitReactTrace] asked for 'HitReact_Light_2Leg' (0.50s, clip start 0.35s): playing it, blend resolved after 22 ms, state 1.21s long at speed 1.00, now at 0.37s, layer weight 1.00, animator.speed 1.00.
[  9671   50.996 x1.00] LOG  [OniBoss] Attack → Recovery
[  9671   50.996 x1.00] LOG  [OniBoss] Playing animation: Watch
[  9671   50.996 x1.00] LOG  [OniBoss:Trail] trail END at clip 0.99, fading over 0.40s.
[  9671   50.996 x1.00] LOG  [OniBoss:Strike] Club_Swing: club tip closest to Yoru at 1.49m, clip position 0.91 | damage fires at 0.42 | clip 0.84s => damage fires 414 ms BEFORE the club is closest
[  9707   51.149 x1.00] LOG  [OniBoss] Recovery → Attack
[  9707   51.149 x1.00] LOG  [OniBoss] Attack: ClubSwing2 (16 dmg)
[  9707   51.149 x1.00] LOG  [OniBoss:Trail] ClubSwing2 trail START at clip 1.00 (transition still blending).
[  9786   51.485 x1.00] LOG  [CameraGameFeel] Shake: intensity=0.20 duration=0.250s
[  9786   51.485 x1.00] LOG  [Combat] Hit react: HitReact_Light_2Leg (0.5s, clip starts at 0.35s)
[  9786   51.485 x1.00] LOG  [CameraGameFeel] Shake: intensity=0.30 duration=0.200s
[  9786   51.485 x1.00] LOG  [CameraGameFeel] FOV punch: player damage (-2.0°)
[  9786   51.485 x1.00] LOG  [OniBoss] Hit player for 20 (ClubSwing2) [combo x1.25]
[  9786   51.485 x1.00] LOG  [OniBoss:Touch] ClubSwing2: club TOUCHED Yoru at clip 0.29 — shaft 0.67m from her body line, tip speed 99m/s, ONE FRAME EARLY (predicted). Full club hit delivered this frame.
[  9787   51.490 x1.00] LOG  [HitReactTrace] asked for 'HitReact_Light_2Leg' (0.50s, clip start 0.35s): NOT playing it, another state took the combat layer, blend resolved after 5 ms, state 1.00s long at speed 1.00, now at 0.46s, layer weight 1.00, animator.speed 1.00.
[  9796   51.530 x1.00] LOG  [OniBoss:ClubPos] ClubSwing2 at strike: club tip 0.10m up, 1.78m in front, 2.45m to his right (3.03m out from his centre). Club faces 6deg from his forward, pitch -0.88. (the ground wave is born 1.6m in front of him at 0.35m.)
[  9796   51.530 x1.00] LOG  [OniBoss:Layer] ClubSwing2: club already hit — ground wave released as VISUAL only (0 damage).
[  9998   52.311 x1.00] LOG  [OniBoss] Attack → Recovery
[  9998   52.311 x1.00] LOG  [OniBoss] Playing animation: Watch
[  9998   52.311 x1.00] LOG  [OniBoss:Trail] trail END at clip 0.99, fading over 0.40s.
[  9998   52.311 x1.00] LOG  [OniBoss:Strike] ClubSwing2: club tip closest to Yoru at 0.45m, clip position 0.30 | damage fires at 0.32 | clip 1.17s => MATCHED (within one or two frames)
[ 10036   52.465 x1.00] LOG  [OniBoss] Recovery → Attack
[ 10036   52.465 x1.00] LOG  [OniBoss] Attack: ClubSlam (20 dmg)
[ 10036   52.465 x1.00] LOG  [OniBoss:Trail] ClubSlam trail START at clip 1.00 (transition still blending).
[ 10135   52.878 x1.00] LOG  [CameraGameFeel] Shake: intensity=0.50 duration=0.400s
[ 10135   52.878 x1.00] LOG  [Combat] Hit react: HitReact_Heavy_2Leg (0.9s, clip starts at 0.35s)
[ 10135   52.878 x1.00] LOG  [CameraGameFeel] Shake: intensity=0.60 duration=0.200s
[ 10135   52.878 x1.00] LOG  [CameraGameFeel] FOV punch: player damage (-3.0°)
[ 10135   52.878 x1.00] LOG  [OniBoss] Hit player for 30 (ClubSlam) [combo x1.50]
[ 10135   52.878 x1.00] LOG  [OniBoss:Touch] ClubSlam: club TOUCHED Yoru at clip 0.45 — shaft 0.56m from her body line, tip speed 113m/s, ONE FRAME EARLY (predicted). Full club hit delivered this frame.
[ 10136   52.883 x1.00] LOG  [HitReactTrace] asked for 'HitReact_Heavy_2Leg' (0.90s, clip start 0.35s): NOT playing it, another state took the combat layer, blend resolved after 5 ms, state 1.00s long at speed 1.00, now at 0.89s, layer weight 1.00, animator.speed 1.00.
[ 10227   53.257 x1.00] LOG  [OniBoss:ClubPos] ClubSlam at strike: club tip 0.54m up, 2.91m in front, -0.13m to his right (2.91m out from his centre). Club faces 7deg from his forward, pitch -0.26. (the ground wave is born 1.6m in front of him at 0.35m.)
[ 10227   53.257 x1.00] LOG  [OniBoss:Layer] ClubSlam: club already hit — ground wave released as VISUAL only (0 damage), finisher size x2.0.
[ 10257   53.388 x1.00] LOG  [OniBoss] Attack → Recovery
[ 10257   53.388 x1.00] LOG  [OniBoss] Playing animation: Watch
[ 10257   53.388 x1.00] LOG  [OniBoss:Trail] trail END at clip 0.99, fading over 0.40s.
[ 10257   53.388 x1.00] LOG  [OniBoss:Strike] ClubSlam: club tip closest to Yoru at 0.18m, clip position 0.85 | damage fires at 0.85 | clip 0.93s => MATCHED (within one or two frames)
[ 10295   53.541 x1.00] LOG  [OniBoss] Recovery → Chase
[ 10296   53.544 x1.00] LOG  [OniBoss] hold-ground: BACKSTEP 1.5m (player 3.0m)
[ 10363   54.051 x1.00] LOG  [StormWeather] terrain layers restored to dry values.
# end — 489 lines
