# Oni combat log — 2026-08-27 15:04:33
# Unity 6000.2.7f2 | scene 'CaveScene_Oni_Boss1' | platform OSXEditor
# columns: [frame realSeconds timeScale] KIND message      (KIND: LOG WARN ERR EXC TEL)
#
[     0    0.000 x1.00] LOG  [OniLog] console + telemetry → /Users/asenahazal/Documents/Yoru/OniLogs/oni_2026-08-27_15-04-33.log
[     1    0.000 x1.00] LOG  [TailAirShot4Leg] Ready. drawState=shoot_4Leg castParam=Shoot4LegSpeed (found) readyFrame=5 fireFrame=10 frames=24 slowBudget=3s real damageMultiplier=2.00
  arrow leaves: PlayerYoru_1.1/Cat_All_10_Tails_v4/Group/DeformationSystem/root/Root_M/Tail15_R/Tail151_R/Tail152_R/Tail153_R/Tail154_R/Tail155_R/Tail156_R/Tail157_R/Tail158_R/Tail159_R/Tail1510_R/Tail1511_R/Tail1512_R/Tail6_R/Tail6_R_end/Tail6_R_end_end/Tail6_R_end_end_end/RightTailTip_Anchor
  aim VFX left:  PlayerYoru_1.1/Cat_All_10_Tails_v4/Group/DeformationSystem/root/Root_M/Tail15_L/Tail151_L/Tail152_L/Tail153_L/Tail154_L/Tail155_L/Tail156_L/Tail157_L/Tail158_L/Tail159_L/Tail1510_L/Tail1511_L/Tail1512_L/Tail6_L/Tail6_L_end/Tail6_L_end_end/Tail6_L_end_end_end/LeftTailTip_Anchor/Glow_4Leg_L
  aim VFX right: PlayerYoru_1.1/Cat_All_10_Tails_v4/Group/DeformationSystem/root/Root_M/Tail15_R/Tail151_R/Tail152_R/Tail153_R/Tail154_R/Tail155_R/Tail156_R/Tail157_R/Tail158_R/Tail159_R/Tail1510_R/Tail1511_R/Tail1512_R/Tail6_R/Tail6_R_end/Tail6_R_end_end/Tail6_R_end_end_end/RightTailTip_Anchor/Glow_4Leg_R
[     1    0.000 x1.00] LOG  [TailAirShot] Ready. drawState=RightTail_Fast castParam=TailCastSpeed (found)
  arrow leaves: PlayerYoru_1.1/Cat_All_10_Tails_v4/Group/DeformationSystem/root/Root_M/Tail15_R/Tail151_R/Tail152_R/Tail153_R/Tail154_R/Tail155_R/Tail156_R/Tail157_R/Tail158_R/Tail159_R/Tail1510_R/Tail1511_R/Tail1512_R/Tail6_R/Tail6_R_end/Tail6_R_end_end/Tail6_R_end_end_end/RightTailTip_Anchor
  aim VFX: PlayerYoru_1.1/Cat_All_10_Tails_v4/Group/DeformationSystem/root/Root_M/Tail15_R/Tail151_R/Tail152_R/Tail153_R/Tail154_R/Tail155_R/Tail156_R/Tail157_R/Tail158_R/Tail159_R/Tail1510_R/Tail1511_R/Tail1512_R/Tail6_R/Tail6_R_end/Tail6_R_end_end/Tail6_R_end_end_end/RightTailTip_Anchor/vfx_Muzzle_Fireball01Blue
[     1    0.000 x1.00] LOG  [PlayerCombat] Phase 2 form gate CONNECTED (FormController found on this GameObject).
[     1    0.000 x1.00] LOG  [Combat] PlayerCombat initialized — Phase 3C v27
[     1    0.000 x1.00] LOG  [RingMesh] VFX Status:
[     1    0.000 x1.00] LOG    Left: Prefab=✓, Spawn=Tail6_L_end_end_end
[     1    0.000 x1.00] LOG    Right: Prefab=✓, Spawn=Tail6_R_end_end_end
[     1    0.000 x1.00] LOG  === VFX MANAGER INITIALIZED ===
[     1    0.000 x1.00] LOG  Auto-detect animations: False
[     1    0.000 x1.00] LOG  Parent effects to tail: True
[     1    0.000 x1.00] LOG  Prefabs: Jump=True, Land=True, LTail=True, RTail=True
[     1    0.000 x1.00] LOG  ✅ Left Tail Tip: LeftTailVFX
[     1    0.000 x1.00] LOG  ✅ Right Tail Tip: RightTailTip_Anchor
[     1    0.000 x1.00] LOG  [StormWeather] layer 'TerrainLayer_Dirt_01' dry smoothness=0.00 (restore to this if a crash ever leaves it wet)
[     1    0.000 x1.00] LOG  [StormWeather] Ready. Rain on, floor drying... wait, soaking.
[     1    0.000 x1.00] LOG  [FreezeDebug v3] Armed. Manual=L. Auto=True. Buffer=60 snaps @ 0.1s = 6.0s history.
[     1    0.000 x1.00] LOG  [BossBar] BossHealthBarUI initialized
[     1    0.000 x1.00] LOG  OniBoss initialized with 500 HP
[     1    0.000 x1.00] LOG  [OniBoss] ANIMATOR SETUP: cullingMode=CullUpdateTransforms updateMode=Normal applyRootMotion=False speed=1
[     1    0.000 x1.00] LOG  [OniBoss] Initialized
[     1    0.000 x1.00] LOG  [OniBoss:Layer] facing: minFlat 1m, snapOnAttack off, trackInHitReact off
[     1    0.000 x1.00] LOG  [OniBoss:Layer] Yoru launch model ON: launches ALL THE WAY to an enemy within 4.7m of its surface at 10m/s (stop gap 0.00m, NO minimum distance), else steps 0.90m forward. Targeting cone left exactly as her prefab has it.
[     1    0.000 x1.00] LOG  [OniBoss:Layer] Yoru launch ROUND 9: airborne attacks launch too (ON), edge probe now runs on its OWN layer mask (Everything) instead of the line-of-sight mask - the Ground-only mask found no floor in this cave and was cancelling 100% of launches at 0.00m travelled.
[     1    0.000 x1.00] LOG  [OniBoss:Layer] animator speed x1.35 — his 1.13s swing now plays in 0.84s.
[     1    0.000 x1.00] LOG  [OniBoss:Layer] chase speed pushed: phase1 4.5, phase2 5.5 (Yoru runs at 7).
[     1    0.000 x1.00] LOG  [OniBoss:Layer] ground wave ON (round 38): half the club's damage on TOUCH, 12m/s x 6.0m from 1.6m in front at 0.35m height — a club hit cancels that swing's wave, jumping clears it. Per-attack effects come from the Swing Wave VFX By Attack rows. PlayerHealth found, PlayerMovement found.
[     1    0.000 x1.00] LOG  [StormWeather] storm break HELD (waiting for the lightning beat)
[     1    0.000 x1.00] LOG  [OniBoss:Layer] storm break HELD — it releases at the lightning-on-the-club beat.
[     1    0.000 x1.00] LOG  [OniBoss:Layer] club tracking ON — tip 'Kanabo3' (depth 4), shaft root 'kanabo'.
[     1    0.000 x1.00] LOG  [OniBoss:Layer] skinned meshes: 46 renderer(s), updateWhenOffscreen ON, body renderer 'Body' rootBone 'Hips'
[     1    0.000 x1.00] LOG  [OniBoss:Layer] charge travel bone: 'Hips' at depth 1 under 'OniBoss', rest local (0.00, 3.24, -0.24)
[     1    0.000 x1.00] LOG  [OniBoss:Layer] anti-kite ON: thrown swing after 4s of failed chase (within 7.6m), charge after 6s.
[     1    0.000 x1.00] LOG  [OniBoss:Layer] charge drive ON (windup to 0.40 at x1.3, rush 14m/s stops at 2.6m, steers 0.35s then commits, strike section from 0.58, strike moment 0.76, trail VFX off)
[     1    0.000 x1.00] LOG  [OniBoss:Layer] attack armor ON (his swings are not interrupted by light/medium hits; heavy hits and rapid-hit bursts still stop him)
[     1    0.000 x1.00] LOG  [OniBoss:Layer] strike moments overridden: Club_Swing=0.42 ClubSwing2=0.32 ClubSlam=0.85 KanaboSweep=0.48
[     1    0.000 x1.00] LOG  [OniBoss:Layer] club TOUCH hits ON (radius 0.70m, min tip speed 50m/s, armed from 0.20 of the clip): Club_Swing ClubSwing2 ClubSlam KanaboSweep. First touch wins — club full damage, wave half, one hit per swing.
[     1    0.000 x1.00] LOG  [OniBoss:Layer] combo damage ramp ON: mid x1.25, finisher x1.50 — finisher wave carries FULL damage at x2.0 size, x2.0 travel.
[     1    0.000 x1.00] LOG  [OniBoss:Layer] charge follow-up ON: 90 % of solo charges chain into a random melee finisher.
[     1    0.000 x1.00] LOG  [OniBoss:Layer] hold-ground ON (backstep 1.5m @ 1.6m/s after own attacks, watch 'Watch', attack facing LOCKED)
[     1    0.000 x1.00] LOG  [OniBoss:Layer] OniBoss layer ready (reactions, wake-on-hit, watch stance, boss bar). player=found
[     1    0.000 x1.00] LOG  [OniBoss:Layer] charge clip 'Oni Charge.fbx' imports with Root Motion Node = None (in place) — good.
[     1    0.000 x1.00] LOG  [OniBoss:Layer] clips importing with Root Transform Position (Y) NOT baked into pose (12): Oni_Alert(Oni Alert), Club_Slam(Oni Club Slam), Club_Swing(Oni Club Swing), Club_swing2(Oni Club Swing 2), Death(Oni Death Kneel), Hit_react_light(Oni Hit react lighter light), KanaboSweep(Oni Kanabo sweep), Phase_Transition(Oni Phase transition), run(Oni Run), Walk(Oni Walk), Watch(Oni Watch), Idle(Oni Idle) — their hips' up/down motion is stripped (see round notes; optional).
[     1    0.000 x1.00] LOG  [VolumetricFogController] Found VolumetricFog component on mainCamera (1)
[     1    0.000 x1.00] LOG  [VolumetricFogController] Reflection init: density=True, height=True, baselineHeight=True, alpha=True, noiseStrength=True, lightScatteringExposure=True
[     1    0.000 x1.00] LOG  [VolumetricFogController] Initialized with Neutral preset (height=60, baselineHeight=0)
[     1    0.000 x1.00] WARN [VolumetricFogController] WorldStateManager not found!
[     1    0.000 x1.00] LOG  [CameraGameFeel] CameraGameFeel initialized (shake + FOV)
[     1    3.213 x1.00] LOG  [OniBoss] Playing animation: Idle
[    12    4.033 x1.00] LOG  💨 Landing VFX spawned!
[    12    4.033 x1.00] LOG  ✅ LANDED! (was jump #0)
[    76    5.159 x1.00] LOG  
==================== [FREEZE-DEBUG v3] ====================
  Reason : WASD-NOMOVE: WASD recent + speed 0.00m/s for 0.41s
  Time   : 1.425s   Frame: 76   Snaps: 14
===========================================================

--- CURRENT STATE ---
  Flags: atk=False hvy=False dod=False dsh=False
         grd=False hit=False aerial=False lockPos=False
         comboStep=0
  Anim : speed=1.00  combatLayer hash=-792875657 normT=1.405 weight=1.00 inTransition=False
  CC   : grounded=True  enabled=True  pos=(474.50, 0.85, 427.99)  vel=(0.00, -0.43, 0.00)
  Move : IsRunning=True
  Input: H=0.00 V=1.00  LMB=False MMB=False Q=False Sp=False Sh=True C=False
         WASD pressed in last 0.5s: True (last 0.00s ago)

--- FLIGHT RECORDER (14 snapshots, oldest first, dt=0.10s) ---
  Legend: flags = A(tk) H(vy) D(od) S(sh) G(rd) R(eact) Y(aerial) L(ock)   gnd/cc: Y/n
  t-now    flags     step gnd cc anSp normT layW tr | posX     posZ     spd   | H    V    LMB MMB Q  Sp Sh C
  ------   --------  ---- --- -- ---- ----- ---- -- | -----    -----    ----  | ---- ---- --- --- -- -- -- -
  - 1.43s  --------    0  n   Y  1.00  0.00 1.00 -  |   474.5    427.2  0.00 |  0.0  0.0 0   0   0  0  0  0
  - 1.32s  --------    0  n   Y  1.00  0.02 1.00 -  |   474.5    427.2  0.00 |  0.0  0.0 0   0   0  0  0  0
  - 1.21s  --------    0  n   Y  1.00  0.20 1.00 -  |   474.5    427.2  0.00 |  0.0  0.0 0   0   0  0  0  0
  - 1.09s  --------    0  Y   Y  1.00  0.32 1.00 -  |   474.5    427.2  0.00 |  0.0  0.0 0   0   0  0  0  0
  - 0.98s  --------    0  Y   Y  1.00  0.42 1.00 -  |   474.5    427.2  0.00 |  0.0  0.0 0   0   0  0  0  0
  - 0.87s  --------    0  Y   Y  1.00  0.54 1.00 -  |   474.5    427.2  0.00 |  0.0  0.0 0   0   0  0  0  0
  - 0.76s  --------    0  Y   Y  1.00  0.65 1.00 -  |   474.5    427.2  0.00 |  0.0  0.0 0   0   0  0  0  0
  - 0.66s  --------    0  Y   Y  1.00  0.75 1.00 -  |   474.5    427.2  0.00 |  0.0  0.0 0   0   0  0  0  0
  - 0.54s  --------    0  Y   Y  1.00  0.86 1.00 -  |   474.5    427.2  0.00 |  0.0  0.0 0   0   0  0  0  0
  - 0.44s  --------    0  Y   Y  1.00  0.96 1.00 -  |   474.5    427.2  0.00 |  0.0  0.0 0   0   0  0  0  0
  - 0.33s  --------    0  Y   Y  1.00  1.07 1.00 -  |   474.5    427.3  0.00 |  0.0  1.0 0   0   0  0  0  0
  - 0.22s  --------    0  Y   Y  1.00  1.19 1.00 -  |   474.5    427.5  0.00 |  0.0  1.0 0   0   0  0  0  0
  - 0.12s  --------    0  Y   Y  1.00  1.28 1.00 -  |   474.5    427.7  0.00 |  0.0  1.0 0   0   0  0  0  0
  - 0.00s  --------    0  Y   Y  1.00  1.41 1.00 -  |   474.5    428.0  0.00 |  0.0  1.0 0   0   0  0  1  0
=========================================================== END

[    87    5.379 x1.00] LOG  🐾 4-LEG JUMP #0
[    87    5.379 x1.00] LOG  🐾 Jump 1 VFX spawned!
[   103    5.670 x0.10] LOG  [TailAirShot4Leg] ENTER 4 leg, slow on for up to 3s real, waiting for the fire button, drawState=shoot_4Leg | y=2.04 ts=0.10 fdt=0.0020
[   103    5.670 x0.10] LOG  [TailAirShot] entry refused: this airtime is not a 2 leg jump | y=2.04 ts=0.10 fdt=0.0020
[   103    5.670 x0.10] LOG  [AirPosePin] engaged, holding body at 0.835m above the transform
[   109    5.793 x0.10] LOG  [TailAirShot4Leg] DRAW started | y=2.13 ts=0.10 fdt=0.0020
[   119    6.000 x0.10] LOG  [TailAirShot4Leg] READY, frozen on frame 5 | y=2.19 ts=0.10 fdt=0.0020
[   150    6.600 x0.10] LOG  [TailAirShot4Leg] SHOT released (released from ready pose) | y=2.33 ts=0.10 fdt=0.0020
[   152    6.636 x1.00] LOG  [TailAirShot4Leg] FINISHER (R released mid motion), motion completes and fires | y=2.34 ts=1.00 fdt=0.0200
[   161    6.802 x1.00] LOG  [TailAirShot4Leg] FIRE, arrow away, dir=(0.29, -0.04, 0.96) damage=40 (20 x 2.00) | y=2.42 ts=1.00 fdt=0.0200
[   183    7.239 x1.00] LOG  💨 Landing VFX spawned!
[   183    7.239 x1.00] LOG  ✅ LANDED! (was jump #1)
[   183    7.239 x1.00] LOG  [AirPosePin] released, peak correction was 0.217m
[   184    7.260 x1.00] LOG  [TailAirShot4Leg] finisher done, fully idle | y=-0.01 ts=1.00 fdt=0.0200
[   217    7.869 x1.00] LOG  OniBoss took 40 damage. HP: 460/500
[   217    7.869 x1.00] LOG  [OniBoss] LostSoul → Stagger
[   217    7.869 x1.00] LOG  [OniBoss] Playing animation: Stagger
[   217    7.869 x1.00] LOG  [OniBoss] STAGGERED for 2.5s
[   217    7.869 x1.00] LOG  [OniBoss:Layer] heavy knock-back react (40 dmg) → 'HitReact_Heavy', down for 1.80s
[   218    7.893 x1.00] LOG  [BossBar] Showing bar for: Oni (460/500)
[   218    7.893 x1.00] LOG  [OniBoss:Layer] boss bar shown
[   297    9.692 x1.00] LOG  [OniBoss] Stagger → Chase
[   298    9.713 x1.00] LOG  [OniBoss] Playing animation: run
[   307    9.963 x1.00] LOG  🚶 2-LEG JUMP
[   307    9.963 x1.00] LOG  🐾 Jump 1 VFX spawned!
[   325   10.419 x1.00] LOG  [ComboTrace] LAUNCH STEP (no enemy) dist=0.90m in 0.13s [AIRBORNE]
[   325   10.419 x1.00] LOG  [Combat] Aerial spin — 25 dmg
[   325   10.419 x1.00] LOG  [AirPosePin] engaged, holding body at 1.552m above the transform
[   331   10.565 x1.00] LOG  [ComboTrace] LAUNCH RESULT wanted=0.90m actually moved=0.96m — completed
[   337   10.702 x1.00] LOG  [OniBoss] Ranged combo started: Charge→Slam: (2 steps, dist 19.9m)
[   337   10.702 x1.00] LOG  [OniBoss] Chase → Attack
[   337   10.702 x1.00] LOG  [OniBoss] Attack: Oni_Charge (18 dmg)

[   337   10.702 x1.00] TEL ────────── CHARGE ──────────
[   337   10.702 x1.00] LOG  [OniBoss:Layer] charge begin: travel bone 'Hips' depth 1, local now (0.08, 3.00, -0.24) vs rest (0.00, 3.24, -0.24); pin ON; drive windup→rush→strike; engine Attack, AnimSpeed 1.30, clip at 0.00, dist 19.9m
[   337   10.702 x1.00] TEL charge Windup n=0.00 spd=1.30 mult=1.00 st=Attack anim=h1349952704/Charge drift=0.08 cut=0.08 meshOff=0.24m vis bounds+0.1m pos=(480.8,453.4) dist=19.9 vel=4.5
[   341   10.802 x1.00] TEL charge Windup n=0.08 spd=1.30 mult=1.30 st=Attack anim=Charge/- drift=0.44 cut=0.44 meshOff=0.24m vis bounds+0.1m pos=(480.8,453.4) dist=19.9 vel=0.0
[   346   10.906 x1.00] LOG  💨 Landing VFX spawned!
[   346   10.906 x1.00] LOG  ✅ LANDED! (was jump #1)
[   346   10.906 x1.00] LOG  [AirPosePin] released, peak correction was 0.768m
[   346   10.906 x1.00] TEL charge Windup n=0.17 spd=1.30 mult=1.30 st=Attack anim=Charge/- drift=1.08 cut=1.08 meshOff=0.24m vis bounds+0.3m pos=(480.8,453.4) dist=19.9 vel=0.0
[   350   10.991 x1.00] TEL charge Windup n=0.24 spd=1.30 mult=1.30 st=Attack anim=Charge/- drift=1.08 cut=1.08 meshOff=0.24m vis bounds+0.4m pos=(480.8,453.4) dist=19.9 vel=0.0
[   355   11.085 x1.00] TEL charge Windup n=0.32 spd=1.30 mult=1.30 st=Attack anim=Charge/- drift=0.79 cut=0.79 meshOff=0.24m vis bounds+0.4m pos=(480.8,453.4) dist=19.9 vel=0.0
[   358   11.151 x1.00] LOG  [ComboTrace] END step=3 clipProgress=0.92 clipLen=0.79s queued=0 elapsed=0.73s
[   359   11.169 x1.00] TEL charge Windup n=0.39 spd=1.30 mult=1.30 st=Attack anim=Charge/- drift=7.01 cut=7.01 meshOff=0.24m vis bounds+0.1m pos=(480.8,453.4) dist=19.9 vel=0.0
[   360   11.188 x1.00] LOG  [OniBoss:Layer] charge RUSH: clip frozen at 0.41, 19.9m to go at 14m/s
[   361   11.208 x1.00] LOG  [OniBoss:Layer] charge fire trail: 'ToonFireTrail' attached to his feet for the rush.
[   364   11.274 x1.00] TEL charge Rush   n=0.41 spd=0.00 mult=0.00 st=Attack anim=Charge/- drift=7.90 cut=7.90 meshOff=0.24m vis bounds+0.2m pos=(480.3,452.3) dist=18.7 vel=0.0
[   368   11.362 x1.00] TEL charge Rush   n=0.41 spd=0.00 mult=0.00 st=Attack anim=Charge/- drift=7.90 cut=7.90 meshOff=0.24m vis bounds+0.2m pos=(479.8,451.2) dist=17.5 vel=0.0
[   373   11.462 x1.00] TEL charge Rush   n=0.41 spd=0.00 mult=0.00 st=Attack anim=Charge/- drift=7.90 cut=7.90 meshOff=0.24m vis bounds+0.2m pos=(479.2,450.0) dist=16.1 vel=0.0
[   374   11.484 x1.00] LOG  🚶 2-LEG JUMP
[   374   11.484 x1.00] LOG  🐾 Jump 1 VFX spawned!
[   377   11.552 x1.00] TEL charge Rush   n=0.41 spd=0.00 mult=0.00 st=Attack anim=Charge/- drift=7.90 cut=7.90 meshOff=0.24m vis bounds+0.2m pos=(478.6,448.8) dist=14.8 vel=0.0
[   381   11.644 x1.00] TEL charge Rush   n=0.41 spd=0.00 mult=0.00 st=Attack anim=Charge/- drift=7.90 cut=7.90 meshOff=0.24m vis bounds+0.2m pos=(478.1,447.7) dist=13.5 vel=0.0
[   385   11.730 x1.00] TEL charge Rush   n=0.41 spd=0.00 mult=0.00 st=Attack anim=Charge/- drift=7.90 cut=7.90 meshOff=0.24m vis bounds+0.2m pos=(477.6,446.6) dist=12.3 vel=0.0
[   390   11.833 x1.00] TEL charge Rush   n=0.41 spd=0.00 mult=0.00 st=Attack anim=Charge/- drift=7.90 cut=7.90 meshOff=0.24m vis bounds+0.2m pos=(476.9,445.3) dist=10.9 vel=0.0
[   395   11.934 x1.00] LOG  [ComboTrace] LAUNCH STEP (no enemy) dist=0.90m in 0.13s [AIRBORNE]
[   395   11.934 x1.00] LOG  [Combat] Aerial spin — 25 dmg
[   395   11.934 x1.00] LOG  [AirPosePin] engaged, holding body at 1.610m above the transform
[   395   11.934 x1.00] TEL charge Rush   n=0.41 spd=0.00 mult=0.00 st=Attack anim=Charge/- drift=7.90 cut=7.90 meshOff=0.24m vis bounds+0.2m pos=(476.3,444.0) dist=9.6 vel=0.0
[   400   12.033 x1.00] TEL charge Rush   n=0.41 spd=0.00 mult=0.00 st=Attack anim=Charge/- drift=7.90 cut=7.90 meshOff=0.24m vis bounds+0.2m pos=(475.7,442.7) dist=8.4 vel=0.0
[   402   12.072 x1.00] LOG  [ComboTrace] LAUNCH RESULT wanted=0.90m actually moved=0.96m — completed
[   405   12.133 x1.00] TEL charge Rush   n=0.41 spd=0.00 mult=0.00 st=Attack anim=Charge/- drift=7.90 cut=7.90 meshOff=0.24m vis bounds+0.2m pos=(475.1,441.5) dist=7.1 vel=0.0
[   409   12.221 x1.00] TEL charge Rush   n=0.41 spd=0.00 mult=0.00 st=Attack anim=Charge/- drift=7.90 cut=7.90 meshOff=0.24m vis bounds+0.2m pos=(474.6,440.4) dist=5.9 vel=0.0
[   414   12.322 x1.00] TEL charge Rush   n=0.41 spd=0.00 mult=0.00 st=Attack anim=Charge/- drift=7.90 cut=7.90 meshOff=0.24m vis bounds+0.2m pos=(474.0,439.1) dist=4.5 vel=0.0
[   419   12.425 x1.00] LOG  💨 Landing VFX spawned!
[   419   12.425 x1.00] LOG  ✅ LANDED! (was jump #1)
[   419   12.425 x1.00] LOG  [AirPosePin] released, peak correction was 0.826m
[   419   12.425 x1.00] TEL charge Rush   n=0.41 spd=0.00 mult=0.00 st=Attack anim=Charge/- drift=7.90 cut=7.90 meshOff=0.24m vis bounds+0.2m pos=(473.4,437.8) dist=3.2 vel=0.0
[   420   12.444 x1.00] LOG  [OniBoss:Layer] charge STRIKE: arrived 2.6m from the lock point after 1.26s real — clip 0.41 → 0.58 (blend 0.10s), strike moment 0.76, Yoru 3.2m away
[   424   12.518 x1.00] TEL charge Strike n=0.61 spd=1.00 mult=1.00 st=Attack anim=Charge/Charge drift=14.79 cut=14.79 meshOff=0.24m vis bounds+0.4m pos=(473.4,437.8) dist=3.2 vel=0.0
[   425   12.539 x1.00] LOG  🚶 2-LEG JUMP
[   425   12.539 x1.00] LOG  🐾 Jump 1 VFX spawned!
[   426   12.560 x1.00] LOG  [AirPosePin] engaged, holding body at 0.752m above the transform
[   428   12.603 x1.00] TEL charge Strike n=0.67 spd=1.00 mult=1.00 st=Attack anim=Charge/- drift=15.83 cut=15.83 meshOff=0.24m vis bounds+0.5m pos=(473.4,437.8) dist=3.2 vel=0.0
[   430   12.647 x1.00] LOG  [ComboTrace] END step=3 clipProgress=0.90 clipLen=0.79s queued=0 elapsed=0.71s
[   431   12.669 x1.00] LOG  [AirPosePin] released, peak correction was 0.065m
[   432   12.691 x1.00] TEL charge Strike n=0.73 spd=1.00 mult=1.00 st=Attack anim=Charge/- drift=16.52 cut=16.52 meshOff=0.24m vis bounds+0.6m pos=(473.4,437.8) dist=3.2 vel=0.0
[   436   12.775 x1.00] LOG  [CameraGameFeel] Shake: intensity=0.45 duration=0.350s
[   436   12.775 x1.00] LOG  [Combat] Hit react: HitReact_Heavy_2Leg (0.9s)
[   436   12.775 x1.00] LOG  [HitReactTrace] asked for 'HitReact_Heavy_2Leg' (0.90s) — blend resolved after 0 ms, now playing a clip 1.00s long at speed 1.00, layer weight 1.00, animator.speed 1.00.
[   436   12.775 x1.00] LOG  [CameraGameFeel] Shake: intensity=0.60 duration=0.200s
[   436   12.775 x1.00] LOG  [CameraGameFeel] FOV punch: player damage (-3.0°)
[   436   12.775 x1.00] LOG  [OniBoss] Hit player for 18 (Oni_Charge)
[   436   12.775 x1.00] LOG  [AirPosePin] engaged, holding body at 0.610m above the transform
[   436   12.775 x1.00] TEL charge Strike n=0.78 spd=1.00 mult=1.00 st=Attack anim=Charge/- drift=17.02 cut=17.02 meshOff=0.24m vis bounds+0.6m pos=(473.4,437.8) dist=3.3 vel=0.0
[   440   12.875 x1.00] TEL charge Strike n=0.84 spd=1.00 mult=1.00 st=Attack anim=Charge/- drift=17.53 cut=17.53 meshOff=0.24m vis bounds+0.4m pos=(473.4,437.8) dist=3.3 vel=0.0
[   445   12.975 x1.00] TEL charge Strike n=0.91 spd=1.00 mult=1.00 st=Attack anim=Charge/- drift=17.89 cut=17.89 meshOff=0.24m vis bounds+0.2m pos=(473.4,437.8) dist=3.3 vel=0.0
[   449   13.063 x1.00] TEL charge Strike n=0.97 spd=1.00 mult=1.00 st=Attack anim=Charge/- drift=18.05 cut=18.05 meshOff=0.24m vis bounds+0.1m pos=(473.4,437.8) dist=3.3 vel=0.0
[   452   13.122 x1.00] LOG  [OniBoss] Attack → Recovery
[   452   13.122 x1.00] LOG  [OniBoss] Playing animation: Watch
[   452   13.122 x1.00] LOG  [OniBoss:Layer] charge fire trail: released — burns out over 3.8s where the rush ended.
[   452   13.122 x1.00] LOG  [OniBoss:Layer] charge complete: engine left Attack (now Recovery) during Strike
[   454   13.163 x1.00] TEL charge None   n=1.03 spd=1.00 mult=1.00 st=Recovery anim=Charge/h-1849006814 drift=11.92 cut=11.92 meshOff=0.24m vis bounds+0.1m pos=(473.4,437.8) dist=3.4 vel=0.0
[   458   13.254 x1.00] TEL charge None   n=1.09 spd=1.00 mult=1.00 st=Recovery anim=Charge/h-1849006814 drift=3.06 cut=3.06 meshOff=0.24m vis bounds+0.1m pos=(473.4,437.8) dist=3.4 vel=0.0
[   459   13.280 x1.00] LOG  [OniBoss] Recovery → Attack
[   459   13.280 x1.00] LOG  [OniBoss] Attack: ClubSlam (20 dmg)
[   459   13.280 x1.00] LOG  [OniBoss:Trail] ClubSlam trail START at clip 1.00 (transition still blending).
[   462   13.345 x1.00] LOG  [OniBoss:Layer] step-in: 'ClubSlam' closed 0.42m, Yoru now 3.0m away (range 3.5)
[   462   13.345 x1.00] TEL charge None   n=1.12 spd=2.00 mult=2.00 st=Attack anim=Charge/h283984468 drift=0.59 cut=0.59 meshOff=0.24m vis bounds+0.3m pos=(473.0,437.6) dist=3.0 vel=0.0
[   463   13.367 x1.00] LOG  [OniBoss:Layer] step-in: 'ClubSlam' closed 0.43m, Yoru now 3.0m away (range 3.5)
[   463   13.367 x1.00] LOG  [OniBoss:Layer] charge end (clip left the animator) after 2.66s real: pin measured 126 frames, cancelled on 126, max raw drift 18.07m, max cancelled 18.07m — travel WAS baked in, pin held it
[   464   13.393 x1.00] LOG  [OniBoss:Layer] step-in: 'ClubSlam' closed 0.44m, Yoru now 3.0m away (range 3.5)
[   465   13.412 x1.00] LOG  [OniBoss:Layer] step-in: 'ClubSlam' closed 0.44m, Yoru now 3.0m away (range 3.5)
[   466   13.432 x1.00] LOG  [OniBoss:Layer] step-in: 'ClubSlam' closed 0.45m, Yoru now 3.0m away (range 3.5)
[   467   13.453 x1.00] LOG  [OniBoss:Layer] step-in: 'ClubSlam' closed 0.46m, Yoru now 3.0m away (range 3.5)
[   468   13.480 x1.00] LOG  💨 Landing VFX spawned!
[   468   13.480 x1.00] LOG  [OniBoss:Layer] step-in: 'ClubSlam' closed 0.47m, Yoru now 3.0m away (range 3.5)
[   468   13.480 x1.00] LOG  [AirPosePin] released, peak correction was 0.053m
[   479   13.690 x1.00] LOG  ✅ LANDED! (was jump #0)
[   479   13.690 x1.00] LOG  [CameraGameFeel] Shake: intensity=0.50 duration=0.400s
[   479   13.690 x1.00] LOG  [Combat] Hit react: HitReact_Heavy_2Leg (0.9s)
[   479   13.690 x1.00] LOG  [CameraGameFeel] Shake: intensity=0.60 duration=0.200s
[   479   13.690 x1.00] LOG  [CameraGameFeel] FOV punch: player damage (-3.0°)
[   479   13.690 x1.00] LOG  [OniBoss] Hit player for 30 (ClubSlam) [combo x1.50]
[   479   13.690 x1.00] LOG  [OniBoss:Touch] ClubSlam: club TOUCHED Yoru at clip 0.44 — shaft 0.36m from her body line, tip speed 117m/s, ONE FRAME EARLY (predicted). Full club hit delivered this frame.
[   482   13.750 x1.00] LOG  [HitReactTrace] asked for 'HitReact_Heavy_2Leg' (0.90s) — blend resolved after 60 ms, now playing a clip 1.21s long at speed 1.00, layer weight 1.00, animator.speed 1.00.
[   500   14.084 x1.00] LOG  [OniBoss:ClubPos] ClubSlam at strike: club tip 0.52m up, 2.91m in front, -0.10m to his right (2.91m out from his centre). Club faces 8deg from his forward, pitch -0.26. (the ground wave is born 1.6m in front of him at 0.35m.)
[   500   14.084 x1.00] LOG  [OniBoss:Layer] ClubSlam: club already hit — ground wave released as VISUAL only (0 damage), finisher size x2.0.
[   507   14.218 x1.00] LOG  [OniBoss] Attack → Recovery
[   507   14.218 x1.00] LOG  [OniBoss] Playing animation: Watch
[   507   14.218 x1.00] LOG  [OniBoss:Trail] trail END at clip 0.99, fading over 0.40s.
[   507   14.218 x1.00] LOG  [OniBoss:Strike] ClubSlam: club tip closest to Yoru at 0.47m, clip position 0.83 | damage fires at 0.85 | clip 0.93s => MATCHED (within one or two frames)
[   515   14.379 x1.00] LOG  [OniBoss] Recovery → Chase
[   516   14.399 x1.00] LOG  [OniBoss] hold-ground: BACKSTEP 1.5m (player 3.0m)
[   526   14.618 x1.00] LOG  🚶 2-LEG JUMP
[   526   14.618 x1.00] LOG  🐾 Jump 1 VFX spawned!
[   542   14.984 x1.00] LOG  [OniBoss] hold-ground: backstep done (0.93m), WATCH (player 4.3m, cooldown 1.2s)
[   542   14.984 x1.00] LOG  [OniBoss] Playing animation: Idle
[   545   15.045 x1.00] LOG  [ComboTrace] LAUNCH OniBoss at 2.7m dist=2.66m in 0.27s [AIRBORNE]
[   545   15.045 x1.00] LOG  [Combat] Aerial spin — 25 dmg
[   545   15.045 x1.00] LOG  [AirPosePin] engaged, holding body at 1.565m above the transform
[   552   15.197 x1.00] LOG  OniBoss took 10 damage. HP: 450/500
[   552   15.197 x1.00] LOG  [OniBoss] Chase → HitReact
[   552   15.197 x1.00] LOG  [OniBoss:Layer] react tier: LIGHT (10 dmg) → 'Hit_react_light'
[   552   15.197 x1.00] LOG  [CameraGameFeel] Shake: intensity=0.50 duration=0.200s
[   552   15.197 x1.00] LOG  [CameraGameFeel] FOV punch: hit light (+1.5°)
[   558   15.336 x1.00] LOG  [ComboTrace] LAUNCH RESULT wanted=2.66m actually moved=2.07m — completed
[   559   15.361 x1.00] LOG  OniBoss took 10 damage. HP: 440/500
[   559   15.361 x1.00] LOG  [OniBoss:Layer] burst: 2 hits / 20 dmg → flinch upgraded to 'HitReact_medium'
[   559   15.361 x1.00] LOG  [CameraGameFeel] Shake: intensity=0.18 duration=0.200s
[   566   15.526 x1.00] LOG  OniBoss took 10 damage. HP: 430/500
[   566   15.526 x1.00] LOG  [OniBoss] HitReact → Stagger
[   566   15.526 x1.00] LOG  [OniBoss] Playing animation: Stagger
[   566   15.526 x1.00] LOG  [OniBoss] STAGGERED for 2.5s
[   566   15.526 x1.00] LOG  [OniBoss:Layer] heavy knock-back react (swirl burst, 3 hits / 30 dmg) → 'HitReact_Heavy', down for 1.80s
[   566   15.526 x1.00] LOG  [OniBoss:Layer] burst: 3 hits / 30 dmg inside 0.8s → knock-back + 0.90m push
[   566   15.526 x1.00] LOG  [CameraGameFeel] Shake: intensity=0.18 duration=0.200s
[   568   15.580 x1.00] LOG  💨 Landing VFX spawned!
[   568   15.580 x1.00] LOG  ✅ LANDED! (was jump #1)
[   568   15.580 x1.00] LOG  [AirPosePin] released, peak correction was 0.781m
[   570   15.628 x1.00] LOG  [ComboTrace] CLICK IGNORED (step=3 queued=0)
[   577   15.791 x1.00] LOG  🚶 2-LEG JUMP
[   577   15.791 x1.00] LOG  🐾 Jump 1 VFX spawned!
[   578   15.811 x1.00] LOG  [ComboTrace] END step=3 clipProgress=0.91 clipLen=0.79s queued=0 elapsed=0.77s
[   578   15.811 x1.00] LOG  [AirPosePin] engaged, holding body at 0.681m above the transform
[   579   15.831 x1.00] LOG  [AirPosePin] released, peak correction was 0.000m
[   618   16.724 x1.00] LOG  💨 Landing VFX spawned!
[   618   16.724 x1.00] LOG  ✅ LANDED! (was jump #1)
[   621   16.793 x1.00] LOG  [Combat] Combo 1: 10 dmg
[   621   16.793 x1.00] LOG  [ComboTrace] START step=1 state='Combo1' queued=0 target='OniBoss' at 2.6m
[   621   16.793 x1.00] LOG  [ComboTrace] LAUNCH OniBoss at 1.3m dist=1.32m in 0.13s
[   628   16.944 x1.00] LOG  [ComboTrace] LAUNCH RESULT wanted=1.32m actually moved=0.59m — completed
[   631   17.007 x1.00] LOG  [Combat] Queued click #1 (combo 1)
[   631   17.007 x1.00] LOG  [ComboTrace] QUEUED #1 during step 1
[   641   17.224 x1.00] LOG  [Combat] Queued click #2 (combo 1)
[   641   17.224 x1.00] LOG  [ComboTrace] QUEUED #2 during step 1
[   647   17.345 x1.00] LOG  [OniBoss] Stagger → Chase
[   648   17.364 x1.00] LOG  [OniBoss] Playing animation: Idle
[   648   17.364 x1.00] LOG  [OniBoss] Combo started: ClubSwing1 → ClubSwing2 → ClubSlam (3 steps remaining)
[   648   17.364 x1.00] LOG  [OniBoss] Chase → Attack
[   648   17.364 x1.00] LOG  [OniBoss] Attack: Club_Swing (16 dmg)
[   648   17.364 x1.00] LOG  [OniBoss:Trail] Club_Swing trail START at clip 1.00 (transition done).
[   650   17.416 x1.00] LOG  [ComboTrace] CLICK IGNORED (step=1 queued=2)
[   650   17.416 x1.00] LOG  OniBoss took 10 damage. HP: 420/500
[   650   17.416 x1.00] LOG  [OniBoss] 🤕 Hit during Attack — flash only
[   650   17.416 x1.00] LOG  [Combat] Hit OniBoss for 10
[   650   17.416 x1.00] LOG  [CameraGameFeel] Shake: intensity=0.50 duration=0.200s
[   650   17.416 x1.00] LOG  [CameraGameFeel] FOV punch: hit light (+1.5°)
[   658   17.590 x1.00] LOG  🐾 VFX_AttackPaw triggered!
[   660   17.632 x1.00] LOG  [ComboTrace] CLICK IGNORED (step=1 queued=2)
[   663   17.701 x1.00] LOG  [CameraGameFeel] Shake: intensity=0.20 duration=0.250s
[   663   17.701 x1.00] LOG  [Combat] Hit react: HitReact_Light_2Leg (0.5s)
[   663   17.701 x1.00] LOG  [HitReactTrace] asked for 'HitReact_Light_2Leg' (0.50s) — blend resolved after 0 ms, now playing a clip 1.23s long at speed 1.60, layer weight 1.00, animator.speed 1.00.
[   663   17.701 x1.00] LOG  [CameraGameFeel] Shake: intensity=0.30 duration=0.200s
[   663   17.701 x1.00] LOG  [CameraGameFeel] FOV punch: player damage (-2.0°)
[   663   17.701 x1.00] LOG  [OniBoss] Hit player for 16 (Club_Swing)
[   663   17.701 x1.00] LOG  [OniBoss:Touch] Club_Swing: club TOUCHED Yoru at clip 0.37 — shaft 0.28m from her body line, tip speed 178m/s, ONE FRAME EARLY (predicted). Full club hit delivered this frame.
[   667   17.780 x1.00] LOG  [OniBoss:ClubPos] Club_Swing at strike: club tip 3.04m up, 0.58m in front, -3.26m to his right (3.31m out from his centre). Club faces -124deg from his forward, pitch 0.40. (the ground wave is born 1.6m in front of him at 0.35m.)
[   667   17.780 x1.00] LOG  [OniBoss:Layer] Club_Swing: club already hit — ground wave released as VISUAL only (0 damage).
[   690   18.253 x1.00] LOG  [OniBoss] Attack → Recovery
[   690   18.253 x1.00] LOG  [OniBoss] Playing animation: Watch
[   690   18.253 x1.00] LOG  [OniBoss:Trail] trail END at clip 1.00, fading over 0.40s.
[   690   18.253 x1.00] LOG  [OniBoss:Strike] Club_Swing: club tip closest to Yoru at 0.50m, clip position 0.94 | damage fires at 0.42 | clip 0.84s => damage fires 432 ms BEFORE the club is closest
[   697   18.406 x1.00] LOG  [OniBoss] Recovery → Attack
[   697   18.406 x1.00] LOG  [OniBoss] Attack: ClubSwing2 (16 dmg)
[   697   18.406 x1.00] LOG  [OniBoss:Trail] ClubSwing2 trail START at clip 1.00 (transition still blending).
[   698   18.427 x1.00] LOG  🚶 2-LEG JUMP
[   698   18.427 x1.00] LOG  🐾 Jump 1 VFX spawned!
[   714   18.819 x1.00] LOG  [OniBoss:ClubPos] ClubSwing2 at strike: club tip 0.59m up, 1.03m in front, 3.27m to his right (3.43m out from his centre). Club faces 48deg from his forward, pitch -0.88. (the ground wave is born 1.6m in front of him at 0.35m.)
[   714   18.819 x1.00] LOG  [OniBoss:Layer] ClubSwing2: club has not connected — ground wave released ARMED, 1.6m in front, 12m/s x 6.0m = 0.50s, carrying 10 (half of the club's 20).
[   716   18.873 x1.00] LOG  [TailAirShot4Leg] entry refused: this airtime is not a 4 leg jump | y=1.87 ts=1.00 fdt=0.0200
[   716   18.873 x0.10] LOG  [TailAirShot] ENTER, slow on, waiting for RMB, drawState=RightTail_Fast | y=1.87 ts=0.10 fdt=0.0020
[   716   18.873 x0.10] LOG  [AirPosePin] engaged, holding body at 2.276m above the transform
[   721   18.994 x0.10] LOG  [TailAirShot] DRAW started | y=1.90 ts=0.10 fdt=0.0020
[   726   19.110 x0.10] LOG  [TailAirShot] READY, frozen on frame 4 | y=1.90 ts=0.10 fdt=0.0020
[   763   19.861 x0.10] LOG  [TailAirShot] SHOT released (released from ready pose) | y=1.89 ts=0.10 fdt=0.0020
[   765   19.901 x1.00] LOG  [TailAirShot] FINISHER (R released mid motion), motion completes and fires | y=1.89 ts=1.00 fdt=0.0200
[   772   20.066 x1.00] LOG  [TailAirShot] FIRE, arrow away, dir=(0.68, -0.52, 0.52) | y=1.41 ts=1.00 fdt=0.0200
[   777   20.197 x1.00] LOG  OniBoss took 20 damage. HP: 400/500
[   777   20.197 x1.00] LOG  [OniBoss] 🤕 Hit during Attack — flash only
[   779   20.252 x1.00] LOG  [OniBoss:Wave] armed wave expired UNTOUCHED — closest 0.51m to Yoru (hit width 1.60), she was AIRBORNE at the closest moment.
[   781   20.299 x1.00] LOG  💨 Landing VFX spawned!
[   781   20.299 x1.00] LOG  ✅ LANDED! (was jump #1)
[   781   20.299 x1.00] LOG  [AirPosePin] released, peak correction was 1.695m
[   783   20.350 x1.00] LOG  🚶 2-LEG JUMP
[   783   20.350 x1.00] LOG  🐾 Jump 1 VFX spawned!
[   784   20.373 x1.00] LOG  [AirPosePin] engaged, holding body at 0.603m above the transform
[   786   20.421 x1.00] LOG  [PlayerCombat] Combat input BLOCKED during tail air shot.
[   790   20.520 x1.00] LOG  [OniBoss] Attack → Recovery
[   790   20.520 x1.00] LOG  [OniBoss] Playing animation: Watch
[   790   20.520 x1.00] LOG  [OniBoss:Trail] trail END at clip 1.00, fading over 0.40s.
[   790   20.520 x1.00] LOG  [OniBoss:Touch] ClubSwing2: no touch this swing — closest 1.17m at clip 0.76, fastest tip 105m/s (radius 0.70, min speed 50).
[   790   20.520 x1.00] LOG  [OniBoss:Strike] ClubSwing2: club tip closest to Yoru at 1.63m, clip position 0.76 | damage fires at 0.32 | clip 1.17s => damage fires 519 ms BEFORE the club is closest
[   794   20.625 x1.00] LOG  [PlayerCombat] Combat input BLOCKED during tail air shot.
[   796   20.679 x1.00] LOG  [OniBoss] Recovery → Attack
[   796   20.679 x1.00] LOG  [OniBoss] Attack: ClubSlam (20 dmg)
[   796   20.679 x1.00] LOG  [OniBoss:Trail] ClubSlam trail START at clip 1.00 (transition still blending).
[   798   20.730 x1.00] LOG  [TailAirShot] finisher done, fully idle | y=1.78 ts=1.00 fdt=0.0200
[   798   20.730 x1.00] LOG  [AirPosePin] released, peak correction was -0.038m
[   805   20.908 x1.00] LOG  [ComboTrace] LAUNCH OniBoss at 0.7m dist=0.67m in 0.13s [AIRBORNE]
[   805   20.908 x1.00] LOG  [Combat] Aerial spin — 25 dmg
[   805   20.908 x1.00] LOG  OniBoss took 10 damage. HP: 390/500
[   805   20.908 x1.00] LOG  [OniBoss] 🤕 Hit during Attack — flash only
[   805   20.908 x1.00] LOG  [OniBoss] Attack → Stagger
[   805   20.908 x1.00] LOG  [OniBoss] Playing animation: Stagger
[   805   20.908 x1.00] LOG  [OniBoss] STAGGERED for 2.5s
[   805   20.908 x1.00] LOG  [OniBoss:Layer] heavy knock-back react (swirl burst, 2 hits / 30 dmg) → 'HitReact_Heavy', down for 1.80s
[   805   20.908 x1.00] LOG  [OniBoss:Layer] burst: 2 hits / 30 dmg inside 0.8s → knock-back + 0.90m push
[   805   20.908 x1.00] LOG  [CameraGameFeel] Shake: intensity=0.50 duration=0.200s
[   805   20.908 x1.00] LOG  [CameraGameFeel] FOV punch: hit light (+1.5°)
[   805   20.908 x1.00] LOG  [OniBoss:Trail] trail END at clip 0.22, fading over 0.40s.
[   805   20.908 x1.00] LOG  [AirPosePin] engaged, holding body at 2.544m above the transform
[   805   20.908 x1.00] LOG  [OniBoss:Touch] ClubSlam: no touch this swing — closest 2.19m at clip 0.22, fastest tip 129m/s (radius 0.70, min speed 50).
[   805   20.908 x1.00] LOG  [OniBoss:Strike] ClubSlam: club tip closest to Yoru at 3.21m, clip position 0.11 | damage fires at 0.85 | clip 0.93s => damage fires 688 ms AFTER the club is closest — it lands once the club has passed her
[   810   21.048 x1.00] LOG  [ComboTrace] LAUNCH RESULT wanted=0.67m actually moved=0.60m — completed
[   811   21.077 x1.00] LOG  OniBoss punish window! 10 → 15 (x1.5)
[   811   21.077 x1.00] LOG  OniBoss took 15 damage. HP: 375/500
[   811   21.077 x1.00] LOG  [CameraGameFeel] Shake: intensity=0.18 duration=0.200s
[   818   21.256 x1.00] LOG  OniBoss punish window! 10 → 15 (x1.5)
[   818   21.256 x1.00] LOG  OniBoss took 15 damage. HP: 360/500
[   818   21.256 x1.00] LOG  [CameraGameFeel] Shake: intensity=0.18 duration=0.200s
[   819   21.283 x1.00] LOG  💨 Landing VFX spawned!
[   819   21.283 x1.00] LOG  ✅ LANDED! (was jump #1)
[   819   21.283 x1.00] LOG  [AirPosePin] released, peak correction was 1.762m
[   822   21.356 x1.00] LOG  [ComboTrace] CLICK IGNORED (step=3 queued=0)
[   825   21.430 x1.00] LOG  🚶 2-LEG JUMP
[   825   21.430 x1.00] LOG  🐾 Jump 1 VFX spawned!
[   826   21.457 x1.00] LOG  [AirPosePin] engaged, holding body at 0.785m above the transform
[   834   21.655 x1.00] LOG  [ComboTrace] END step=3 clipProgress=0.91 clipLen=0.79s queued=0 elapsed=0.75s
[   835   21.685 x1.00] LOG  [AirPosePin] released, peak correction was 0.102m
[   863   22.370 x1.00] LOG  💨 Landing VFX spawned!
[   863   22.370 x1.00] LOG  ✅ LANDED! (was jump #1)
[   873   22.583 x1.00] LOG  🚶 2-LEG JUMP
[   873   22.583 x1.00] LOG  🐾 Jump 1 VFX spawned!
[   878   22.690 x1.00] LOG  [OniBoss] Stagger → Chase
[   879   22.714 x1.00] LOG  [OniBoss] Playing animation: Watch
[   879   22.714 x1.00] LOG  [OniBoss] Chase → Attack
[   879   22.714 x1.00] LOG  [OniBoss] Attack: ClubSwing2 (16 dmg)
[   879   22.714 x1.00] LOG  [OniBoss:Trail] ClubSwing2 trail START at clip 1.00 (transition done).
[   889   22.965 x1.00] LOG  [ComboTrace] LAUNCH OniBoss at 1.2m dist=1.19m in 0.13s [AIRBORNE]
[   889   22.965 x1.00] LOG  [Combat] Aerial spin — 25 dmg
[   889   22.965 x1.00] LOG  OniBoss took 10 damage. HP: 350/500
[   889   22.965 x1.00] LOG  [OniBoss] 🤕 Hit during Attack — flash only
[   889   22.965 x1.00] LOG  [CameraGameFeel] Shake: intensity=0.50 duration=0.200s
[   889   22.965 x1.00] LOG  [CameraGameFeel] FOV punch: hit light (+1.5°)
[   889   22.965 x1.00] LOG  [AirPosePin] engaged, holding body at 1.863m above the transform
[   895   23.114 x1.00] LOG  [ComboTrace] LAUNCH RESULT wanted=1.19m actually moved=0.61m — completed
[   896   23.135 x1.00] LOG  OniBoss took 10 damage. HP: 340/500
[   896   23.135 x1.00] LOG  [OniBoss] 🤕 Hit during Attack — flash only
[   896   23.135 x1.00] LOG  [CameraGameFeel] Shake: intensity=0.18 duration=0.200s
[   898   23.184 x1.00] LOG  [OniBoss:ClubPos] ClubSwing2 at strike: club tip 0.85m up, 0.76m in front, 3.52m to his right (3.60m out from his centre). Club faces 61deg from his forward, pitch -0.85. (the ground wave is born 1.6m in front of him at 0.35m.)
[   898   23.184 x1.00] LOG  [OniBoss:Layer] ClubSwing2: club has not connected — ground wave released ARMED, 1.6m in front, 12m/s x 6.0m = 0.50s, carrying 8 (half of the club's 16).
[   902   23.288 x1.00] LOG  OniBoss took 10 damage. HP: 330/500
[   902   23.288 x1.00] LOG  [OniBoss] 🤕 Hit during Attack — flash only
[   902   23.288 x1.00] LOG  [OniBoss] Attack → Stagger
[   902   23.288 x1.00] LOG  [OniBoss] Playing animation: Stagger
[   902   23.288 x1.00] LOG  [OniBoss] STAGGERED for 2.5s
[   902   23.288 x1.00] LOG  [OniBoss:Layer] heavy knock-back react (swirl burst, 3 hits / 30 dmg) → 'HitReact_Heavy', down for 1.80s
[   902   23.288 x1.00] LOG  [OniBoss:Layer] burst: 3 hits / 30 dmg inside 0.8s → knock-back + 0.90m push
[   902   23.288 x1.00] LOG  [CameraGameFeel] Shake: intensity=0.18 duration=0.200s
[   902   23.288 x1.00] LOG  [OniBoss:Touch] ClubSwing2: no touch this swing — closest 1.88m at clip 0.27, fastest tip 106m/s (radius 0.70, min speed 50).
[   902   23.288 x1.00] LOG  [OniBoss:Strike] ClubSwing2: club tip closest to Yoru at 2.70m, clip position 0.30 | damage fires at 0.32 | clip 1.17s => MATCHED (within one or two frames)
[   903   23.316 x1.00] LOG  [OniBoss:Trail] trail END at clip 0.44, fading over 0.40s.
[   908   23.445 x1.00] LOG  OniBoss punish window! 10 → 15 (x1.5)
[   908   23.445 x1.00] LOG  OniBoss took 15 damage. HP: 315/500
[   908   23.445 x1.00] LOG  [CameraGameFeel] Shake: intensity=0.18 duration=0.200s
[   912   23.544 x1.00] LOG  💨 Landing VFX spawned!
[   912   23.544 x1.00] LOG  ✅ LANDED! (was jump #1)
[   912   23.544 x1.00] LOG  [AirPosePin] released, peak correction was 1.078m
[   914   23.600 x1.00] LOG  OniBoss punish window! 10 → 15 (x1.5)
[   914   23.600 x1.00] LOG  OniBoss took 15 damage. HP: 300/500
[   914   23.600 x1.00] LOG  [CameraGameFeel] Shake: intensity=0.18 duration=0.200s
[   918   23.695 x1.00] LOG  🚶 2-LEG JUMP
[   918   23.695 x1.00] LOG  🐾 Jump 1 VFX spawned!
[   918   23.695 x1.00] LOG  [OniBoss:Wave] armed wave expired UNTOUCHED — closest 0.51m to Yoru (hit width 1.60), she was AIRBORNE at the closest moment.
[   919   23.725 x1.00] LOG  [ComboTrace] END step=3 clipProgress=0.93 clipLen=0.79s queued=0 elapsed=0.76s
[   919   23.725 x1.00] LOG  [AirPosePin] engaged, holding body at 0.673m above the transform
[   920   23.751 x1.00] LOG  [AirPosePin] released, peak correction was 0.000m
[   956   24.638 x1.00] LOG  [Combat] Combo 1: 10 dmg
[   956   24.638 x1.00] LOG  [ComboTrace] START step=1 state='Combo1' queued=0 target='OniBoss' at 3.3m
[   956   24.638 x1.00] LOG  [ComboTrace] LAUNCH OniBoss at 2.0m dist=2.00m in 0.20s
[   956   24.638 x1.00] LOG  💨 Landing VFX spawned!
[   965   24.840 x1.00] LOG  [ComboTrace] LAUNCH RESULT wanted=2.00m actually moved=1.33m — completed
[   978   25.103 x1.00] LOG  [OniBoss] Stagger → Chase
[   979   25.123 x1.00] LOG  [OniBoss] Playing animation: Idle
[   979   25.123 x1.00] LOG  [OniBoss] Chase → Attack
[   979   25.123 x1.00] LOG  [OniBoss] Attack: Club_Swing (16 dmg)
[   979   25.123 x1.00] LOG  [OniBoss:Trail] Club_Swing trail START at clip 1.00 (transition done).
[   984   25.236 x1.00] LOG  [Combat] Queued click #1 (combo 1)
[   984   25.236 x1.00] LOG  [ComboTrace] QUEUED #1 during step 1
[   985   25.258 x1.00] LOG  OniBoss took 10 damage. HP: 290/500
[   985   25.258 x1.00] LOG  [OniBoss] 🤕 Hit during Attack — flash only
[   985   25.258 x1.00] LOG  [Combat] Hit OniBoss for 10
[   985   25.258 x1.00] LOG  [CameraGameFeel] Shake: intensity=0.50 duration=0.200s
[   985   25.258 x1.00] LOG  [CameraGameFeel] FOV punch: hit light (+1.5°)
[   993   25.434 x1.00] LOG  [StormWeather] ⚡ strike at (480.48, 45.00, 446.27)
[   993   25.434 x1.00] LOG  🐾 VFX_AttackPaw triggered!
[   994   25.462 x1.00] LOG  [CameraGameFeel] Shake: intensity=0.20 duration=0.250s
[   994   25.462 x1.00] LOG  [Combat] Hit react: HitReact_Light_2Leg (0.5s)
[   994   25.462 x1.00] LOG  [HitReactTrace] asked for 'HitReact_Light_2Leg' (0.50s) — blend resolved after 0 ms, now playing a clip 1.23s long at speed 1.60, layer weight 1.00, animator.speed 1.00.
[   994   25.462 x1.00] LOG  [CameraGameFeel] Shake: intensity=0.30 duration=0.200s
[   994   25.462 x1.00] LOG  [CameraGameFeel] FOV punch: player damage (-2.0°)
[   994   25.462 x1.00] LOG  [OniBoss] Hit player for 16 (Club_Swing)
[   994   25.462 x1.00] LOG  [OniBoss:Touch] Club_Swing: club TOUCHED Yoru at clip 0.37 — shaft 0.68m from her body line, tip speed 171m/s. Full club hit delivered this frame.
[   997   25.532 x1.00] LOG  [OniBoss:ClubPos] Club_Swing at strike: club tip 3.03m up, 2.06m in front, -3.14m to his right (3.76m out from his centre). Club faces -92deg from his forward, pitch 0.41. (the ground wave is born 1.6m in front of him at 0.35m.)
[   997   25.532 x1.00] LOG  [OniBoss:Layer] Club_Swing: club already hit — ground wave released as VISUAL only (0 damage).
[  1017   25.963 x1.00] LOG  ✅ LANDED! (was jump #0)
[  1019   26.005 x1.00] LOG  [OniBoss] Attack → Recovery
[  1019   26.005 x1.00] LOG  [OniBoss] Playing animation: Watch
[  1019   26.005 x1.00] LOG  [OniBoss:Trail] trail END at clip 1.00, fading over 0.40s.
[  1019   26.005 x1.00] LOG  [OniBoss:Strike] Club_Swing: club tip closest to Yoru at 0.46m, clip position 0.92 | damage fires at 0.42 | clip 0.84s => damage fires 416 ms BEFORE the club is closest
[  1022   26.076 x1.00] LOG  🚶 2-LEG JUMP
[  1022   26.076 x1.00] LOG  🐾 Jump 1 VFX spawned!
[  1026   26.170 x1.00] LOG  [OniBoss] Recovery → Chase
[  1027   26.197 x1.00] LOG  [OniBoss] hold-ground: BACKSTEP 1.5m (player 2.1m)
[  1041   26.545 x1.00] LOG  [ComboTrace] LAUNCH OniBoss at 1.0m dist=1.00m in 0.13s [AIRBORNE]
[  1041   26.545 x1.00] LOG  [Combat] Aerial spin — 25 dmg
[  1041   26.545 x1.00] LOG  OniBoss took 10 damage. HP: 280/500
[  1041   26.545 x1.00] LOG  [OniBoss] Chase → HitReact
[  1041   26.545 x1.00] LOG  [OniBoss:Layer] react tier: LIGHT (10 dmg) → 'Hit_react_light'
[  1041   26.545 x1.00] LOG  [CameraGameFeel] Shake: intensity=0.50 duration=0.200s
[  1041   26.545 x1.00] LOG  [CameraGameFeel] FOV punch: hit light (+1.5°)
[  1041   26.545 x1.00] LOG  [AirPosePin] engaged, holding body at 2.265m above the transform
[  1046   26.675 x1.00] LOG  [ComboTrace] LAUNCH RESULT wanted=1.00m actually moved=0.42m — completed
[  1047   26.701 x1.00] LOG  OniBoss took 10 damage. HP: 270/500
[  1047   26.701 x1.00] LOG  [OniBoss:Layer] burst: 2 hits / 20 dmg → flinch upgraded to 'HitReact_medium'
[  1047   26.701 x1.00] LOG  [CameraGameFeel] Shake: intensity=0.18 duration=0.200s
[  1053   26.855 x1.00] LOG  OniBoss took 10 damage. HP: 260/500
[  1053   26.855 x1.00] LOG  [OniBoss] HitReact → Stagger
[  1053   26.855 x1.00] LOG  [OniBoss] Playing animation: Stagger
[  1053   26.855 x1.00] LOG  [OniBoss] STAGGERED for 2.5s
[  1053   26.855 x1.00] LOG  [OniBoss:Layer] heavy knock-back react (swirl burst, 3 hits / 30 dmg) → 'HitReact_Heavy', down for 1.80s
[  1053   26.855 x1.00] LOG  [OniBoss:Layer] burst: 3 hits / 30 dmg inside 0.8s → knock-back + 0.90m push
[  1053   26.855 x1.00] LOG  [CameraGameFeel] Shake: intensity=0.18 duration=0.200s
[  1059   27.010 x1.00] LOG  💨 Landing VFX spawned!
[  1059   27.010 x1.00] LOG  ✅ LANDED! (was jump #1)
[  1059   27.010 x1.00] LOG  [AirPosePin] released, peak correction was 1.481m
[  1065   27.148 x1.00] LOG  🚶 2-LEG JUMP
[  1065   27.148 x1.00] LOG  🐾 Jump 1 VFX spawned!
[  1066   27.172 x1.00] LOG  [AirPosePin] engaged, holding body at 0.770m above the transform
[  1071   27.287 x1.00] LOG  [ComboTrace] END step=3 clipProgress=0.90 clipLen=0.79s queued=0 elapsed=0.74s
[  1072   27.312 x1.00] LOG  [AirPosePin] released, peak correction was 0.082m
[  1104   28.099 x1.00] LOG  💨 Landing VFX spawned!
[  1104   28.099 x1.00] LOG  ✅ LANDED! (was jump #1)
[  1118   28.396 x1.00] LOG  🚶 2-LEG JUMP
[  1118   28.396 x1.00] LOG  🐾 Jump 1 VFX spawned!
[  1129   28.658 x1.00] LOG  [OniBoss] Stagger → Chase
[  1130   28.681 x1.00] LOG  [OniBoss] Playing animation: Watch
[  1130   28.681 x1.00] LOG  [OniBoss] Combo started: ClubSwing1 → ClubSwing2 → ClubSlam (3 steps remaining)
[  1130   28.681 x1.00] LOG  [OniBoss] Chase → Attack
[  1130   28.681 x1.00] LOG  [OniBoss] Attack: Club_Swing (16 dmg)
[  1130   28.681 x1.00] LOG  [OniBoss:Trail] Club_Swing trail START at clip 1.00 (transition done).
[  1135   28.817 x1.00] LOG  [ComboTrace] LAUNCH OniBoss at 0.8m dist=0.83m in 0.13s [AIRBORNE]
[  1135   28.817 x1.00] LOG  [Combat] Aerial spin — 25 dmg
[  1135   28.817 x1.00] LOG  OniBoss took 10 damage. HP: 250/500
[  1135   28.817 x1.00] LOG  [OniBoss] 🤕 Hit during Attack — flash only
[  1135   28.817 x1.00] LOG  [CameraGameFeel] Shake: intensity=0.50 duration=0.200s
[  1135   28.817 x1.00] LOG  [CameraGameFeel] FOV punch: hit light (+1.5°)
[  1135   28.817 x1.00] LOG  [OniBoss] ⚡ PHASE 2 ACTIVATED
[  1135   28.817 x1.00] LOG  [OniBoss] Attack → Stagger
[  1135   28.817 x1.00] LOG  [OniBoss] Playing animation: Stagger
[  1135   28.817 x1.00] LOG  [OniBoss] STAGGERED for 2.5s
[  1135   28.817 x1.00] LOG  [OniBoss] STAGGERED (parry) for 3s
[  1135   28.817 x0.45] LOG  [Combat] Combat reset
[  1135   28.817 x0.45] LOG  [OniBoss:Cine] CINEMATIC ON — hard cut, bars in, world at x0.45, roar at x0.80 + 0.9s linger, rise at x0.45, beat frames 27-37/94 at x0.20, hang 2.0s, orbit 180°+180°, apex at clip 0.40.
[  1135   28.817 x0.45] LOG  [OniBoss:Layer] PHASE 2: transition 'Phase_Transition' driven at x0.60 + 0.6s hold — untouchable, roar at 0.60
[  1135   28.817 x0.45] LOG  [BossBar] Hiding bar INSTANTLY (cinematic)
[  1135   28.817 x0.45] LOG  [OniBoss:Layer] boss bar hidden (cinematic)
[  1135   28.817 x0.45] LOG  [OniBoss:Strike] Club_Swing: club tip closest to Yoru at 5.01m, clip position 0.13 | damage fires at 0.42 | clip 0.84s => damage fires 244 ms AFTER the club is closest — it lands once the club has passed her
[  1136   28.848 x0.45] LOG  [OniBoss:Trail] trail END at clip 0.13, fading over 0.40s.
[  1136   28.848 x0.45] LOG  [OniBoss:Layer] PHASE 2: clip is 2.42s — cinematic: scream ~1.81s in + 0.9s linger
[  1186   29.936 x0.45] LOG  💨 Landing VFX spawned!
[  1186   29.936 x0.45] LOG  ✅ LANDED! (was jump #1)
[  1216   30.633 x0.45] LOG  [CameraGameFeel] Shake: intensity=0.60 duration=0.500s
[  1216   30.633 x0.45] LOG  [OniBoss:Layer] PHASE 2: roar at 1.45 clip-s
[  1259   31.543 x0.45] LOG  [OniBoss:Layer] PHASE 2: transition over after 2.73s real — he is back, and angrier
[  1259   31.543 x0.45] LOG  [OniBoss:Layer] PHASE 2: chaining into the GROUND POUND — no pause. The cinematic rides along until the top of the jump.
[  1259   31.543 x0.45] LOG  [OniBoss] STAGGERED (parry) for 3s
[  1259   31.543 x0.45] LOG  [OniBoss:Layer] GROUND POUND (phase-2 entrance): driving 'Ground_Pound' at x1.00, slam at 0.60, cinematic until the apex at 0.40
[  1260   31.564 x0.45] LOG  [OniBoss:Layer] GROUND POUND: clip is 3.13s
[  1360   33.574 x0.45] LOG  [StormWeather] storm break released
[  1360   33.574 x0.45] LOG  [StormWeather] ⚡ strike at (472.30, 45.00, 428.80)
[  1360   33.574 x0.45] LOG  [OniBoss:Cine] LIGHTNING BEAT — the SKY SHOW begins: 9 bolts converging from 14m (sky height), club strike at call AND climax, sky-fill 'LightningOrbSoftYellow' (club slot), 3 streamers, storm released.
[  1361   33.597 x0.20] LOG  [StormWeather] ⚡ strike at (481.01, 45.00, 443.25)
[  1361   33.597 x0.20] LOG  [StormWeather] PHASE 2 - storm breaking.
[  1386   34.103 x0.20] LOG  [StormWeather] ⚡ strike at (470.83, 45.00, 429.80)
[  1386   34.103 x0.20] LOG  [CameraGameFeel] Shake: intensity=0.15 duration=0.150s
[  1399   34.365 x0.20] LOG  [StormWeather] ⚡ strike at (466.84, 45.00, 442.80)
[  1399   34.365 x0.20] LOG  [CameraGameFeel] Shake: intensity=0.17 duration=0.150s
[  1411   34.605 x0.20] LOG  [StormWeather] ⚡ strike at (469.01, 45.00, 436.00)
[  1411   34.605 x0.20] LOG  [CameraGameFeel] Shake: intensity=0.19 duration=0.150s
[  1423   34.845 x0.20] LOG  [StormWeather] ⚡ strike at (469.24, 45.00, 439.82)
[  1423   34.845 x0.20] LOG  [CameraGameFeel] Shake: intensity=0.21 duration=0.150s
[  1433   35.047 x0.20] LOG  [StormWeather] ⚡ strike at (476.10, 45.00, 432.48)
[  1433   35.047 x0.20] LOG  [CameraGameFeel] Shake: intensity=0.23 duration=0.150s
[  1442   35.236 x0.45] LOG  [StormWeather] ⚡ strike at (471.99, 45.00, 438.69)
[  1442   35.236 x0.45] LOG  [CameraGameFeel] Shake: intensity=0.24 duration=0.150s
[  1450   35.397 x0.45] LOG  [StormWeather] ⚡ strike at (473.92, 45.00, 437.40)
[  1450   35.397 x0.45] LOG  [CameraGameFeel] Shake: intensity=0.26 duration=0.150s
[  1457   35.549 x0.45] LOG  [StormWeather] ⚡ strike at (474.87, 45.00, 443.43)
[  1457   35.549 x0.45] LOG  [CameraGameFeel] Shake: intensity=0.28 duration=0.150s
[  1463   35.676 x0.45] LOG  [StormWeather] ⚡ strike at (477.37, 45.00, 437.42)
[  1463   35.676 x0.45] LOG  [CameraGameFeel] Shake: intensity=0.30 duration=0.150s
[  1468   35.780 x0.45] LOG  [StormWeather] ⚡ strike at (481.84, 45.00, 442.64)
[  1468   35.780 x0.45] LOG  [CameraGameFeel] Shake: intensity=0.90 duration=0.500s
[  1468   35.780 x0.45] LOG  [OniBoss:Cine] SKY SHOW CLIMAX — the club takes the storm.
[  1541   37.246 x1.00] LOG  [OniBoss:Cine] the DROP at clip 0.40 (hung 2.0s) — full speed, the camera rides him DOWN.
[  1555   37.568 x1.00] LOG  [OniBoss:Layer] sky show lights restored (show complete)
[  1570   37.886 x1.00] LOG  [CameraGameFeel] FOV punch: hit light (+1.5°)
[  1570   37.886 x1.00] LOG  [StormWeather] storm break released
[  1570   37.886 x1.00] LOG  [OniBoss:Cine] CINEMATIC OFF (he LANDS at clip 0.60) — control returned, bars out, camera hands over in 0.30s. Frame-fit safety widened the lens up to 96° to keep him in view.
[  1570   37.886 x1.00] LOG  [CameraGameFeel] Shake: intensity=1.10 duration=0.800s
[  1570   37.886 x1.00] LOG  [OniBoss:Pound] SLAM at clip 0.60 (1.89 clip-s) — ring 12m/s out to 12m, 45 damage, jumpable.
[  1571   37.908 x1.00] LOG  [BossBar] Showing bar for: Oni (250/500)
[  1571   37.908 x1.00] LOG  [OniBoss:Layer] boss bar shown
[  1571   37.908 x1.00] LOG  [BossBar] Bar switched to phase 2
[  1571   37.908 x1.00] LOG  [OniBoss:Layer] boss bar → phase 2 crimson
[  1575   38.003 x1.00] LOG  [Combat] Hit react: HitReact_Heavy_2Leg (0.9s)
[  1575   38.003 x1.00] LOG  [HitReactTrace] asked for 'HitReact_Heavy_2Leg' (0.90s) — blend resolved after 0 ms, now playing a clip 1.00s long at speed 1.00, layer weight 1.00, animator.speed 1.00.
[  1575   38.003 x1.00] LOG  [CameraGameFeel] Shake: intensity=0.60 duration=0.200s
[  1575   38.003 x1.00] LOG  [CameraGameFeel] FOV punch: player damage (-3.0°)
[  1575   38.003 x1.00] LOG  [OniBoss:Pound] shockwave CAUGHT Yoru (grounded) at 2.0m for 45.
[  1625   39.139 x1.00] LOG  [OniBoss] Stagger → Chase
[  1625   39.139 x1.00] LOG  [OniBoss:Cine] first-attack GRACE — at least 2.0s before he may swing.
[  1625   39.139 x1.00] LOG  [OniBoss:Layer] GROUND POUND: done — the engine is his again.
[  1626   39.165 x1.00] LOG  [OniBoss] Playing animation: Idle
[  1700   40.947 x1.00] LOG  [StormWeather] terrain layers restored to dry values.
# end — 509 lines
