# Oni combat log — 2026-09-11 07:09:17
# Unity 6000.2.7f2 | scene 'CaveScene_Oni_Boss1' | platform OSXEditor
# columns: [frame realSeconds timeScale] KIND message      (KIND: LOG WARN ERR EXC TEL)
#
[     0    0.000 x1.00] LOG  [OniLog] console + telemetry → /Users/asenahazal/Documents/Yoru/OniLogs/oni_2026-09-11_07-09-17.log
[     0    0.000 x1.00] LOG  [RingMesh] Auto-found 11/11 left, 11/11 right meshes
[     1    0.000 x1.00] LOG  [BossBar] BossHealthBarUI initialized
[     1    0.000 x1.00] LOG  [StormWeather] layer 'TerrainLayer_Dirt_01' dry smoothness=0.00 (restore to this if a crash ever leaves it wet)
[     1    0.000 x1.00] LOG  [StormWeather] post volumes ready on layer 9 (storm priority 10, flash priority 11).
[     1    0.000 x1.00] LOG  [StormWeather] ROUND 80: fur weather ready on 'Weather Zone'. Rain 0, wind 0.50 in the open, sky check 30 m from 'PlayerYoru_1.1'.
[     1    0.000 x1.00] LOG  [StormWeather] COZY bridge: Rain_Cave retired, COZY owns the rain now.
[     1    0.000 x1.00] LOG  [StormWeather] COZY → 'Clear' (pre-fight - open sky, 0 s)
[     1    0.000 x1.00] LOG  [StormWeather] Ready. Open sky, dry floor. Waiting for the fight.
[     1    0.000 x1.00] LOG  OniBoss initialized with 500 HP
[     1    0.000 x1.00] LOG  [OniBoss] ANIMATOR SETUP: cullingMode=CullUpdateTransforms updateMode=Normal applyRootMotion=False speed=1
[     1    0.000 x1.00] LOG  [OniBoss] Initialized
[     1    0.000 x1.00] LOG  [OniBoss:Layer] facing: minFlat 1m, snapOnAttack off, trackInHitReact off
[     1    0.000 x1.00] LOG  [OniBoss:Layer] Yoru launch model ON: launches ALL THE WAY to an enemy within 4.7m of its surface at 10m/s (stop gap 0.00m, NO minimum distance), else steps 0.90m forward. Targeting cone left exactly as her prefab has it.
[     1    0.000 x1.00] LOG  [OniBoss:Layer] Yoru launch ROUND 9: airborne attacks launch too (ON), edge probe now runs on its OWN layer mask (Everything) instead of the line-of-sight mask - the Ground-only mask found no floor in this cave and was cancelling 100% of launches at 0.00m travelled.
[     1    0.000 x1.00] LOG  [OniBoss:Layer] animator speed x1.35 — his 1.13s swing now plays in 0.84s.
[     1    0.000 x1.00] LOG  [OniBoss:Layer] chase speed pushed: phase1 4.5, phase2 5.5 (Yoru runs at 7).
[     1    0.000 x1.00] LOG  [OniBoss:Layer] ground wave ON (round 38): half the club's damage on TOUCH, 12m/s x 6.0m from 1.6m in front at 0.35m height — a club hit cancels that swing's wave, jumping clears it. Per-attack effects come from the Swing Wave VFX By Attack rows. PlayerHealth found, PlayerMovement found.
[     1    0.000 x1.00] LOG  [StormWeather] storm break HELD (waiting for the lightning beat)
[     1    0.000 x1.00] LOG  [OniBoss:Layer] storm break HELD — it releases at the lightning-on-the-club beat.
[     1    0.000 x1.00] LOG  [OniBoss:Layer] club tracking ON — tip 'Kanabo3' (depth 4), shaft root 'kanabo'.
[     1    0.000 x1.00] LOG  [OniBoss:Layer] skinned meshes: 46 renderer(s), updateWhenOffscreen ON, body renderer 'Body' rootBone 'Hips'
[     1    0.000 x1.00] LOG  [OniBoss:Layer] charge travel bone: 'Hips' at depth 1 under 'OniBoss', rest local (0.00, 3.24, -0.24)
[     1    0.000 x1.00] LOG  [OniBoss:Layer] anti-kite ON: thrown swing after 4s of failed chase (within 7.6m), charge after 6s.
[     1    0.000 x1.00] LOG  [OniBoss:Layer] charge drive ON (windup to 0.40 at x1.3, rush 14m/s stops at 2.6m, steers 0.35s then commits, strike section from 0.58, strike moment 0.76, trail VFX off)
[     1    0.000 x1.00] LOG  [OniBoss:Layer] attack armor ON (his swings are not interrupted by light/medium hits; heavy hits and rapid-hit bursts still stop him)
[     1    0.000 x1.00] LOG  [OniBoss:Layer] strike moments overridden: Club_Swing=0.42 ClubSwing2=0.32 ClubSlam=0.85 KanaboSweep=0.48
[     1    0.000 x1.00] LOG  [OniBoss:Layer] club TOUCH hits ON (radius 0.70m, min tip speed 50m/s, armed from 0.20 of the clip): Club_Swing ClubSwing2 ClubSlam KanaboSweep. First touch wins — club full damage, wave half, one hit per swing.
[     1    0.000 x1.00] LOG  [OniBoss:Layer] combo damage ramp ON: mid x1.25, finisher x1.50 — finisher wave carries FULL damage at x2.0 size, x2.0 travel.
[     1    0.000 x1.00] LOG  [OniBoss:Layer] charge follow-up ON: 90 % of solo charges chain into a random melee finisher.
[     1    0.000 x1.00] LOG  [OniBoss:Layer] hold-ground ON (backstep 1.5m @ 1.6m/s after own attacks, watch 'Watch', attack facing LOCKED)
[     1    0.000 x1.00] LOG  [OniBoss:Layer] OniBoss layer ready (reactions, wake-on-hit, watch stance, boss bar). player=found
[     1    0.000 x1.00] LOG  [OniBoss:Layer] charge clip 'Oni Charge.fbx' imports with Root Motion Node = None (in place) — good.
[     1    0.000 x1.00] LOG  [OniBoss:Layer] clips importing with Root Transform Position (Y) NOT baked into pose (12): Oni_Alert(Oni Alert), Club_Slam(Oni Club Slam), Club_Swing(Oni Club Swing), Club_swing2(Oni Club Swing 2), Death(Oni Death Kneel), Hit_react_light(Oni Hit react lighter light), KanaboSweep(Oni Kanabo sweep), Phase_Transition(Oni Phase transition), run(Oni Run), Walk(Oni Walk), Watch(Oni Watch), Idle(Oni Idle) — their hips' up/down motion is stripped (see round notes; optional).
[     1    0.000 x1.00] LOG  === VFX MANAGER INITIALIZED ===
[     1    0.000 x1.00] LOG  Auto-detect animations: False
[     1    0.000 x1.00] LOG  Parent effects to tail: True
[     1    0.000 x1.00] LOG  Prefabs: Jump=True, Land=True, LTail=True, RTail=True
[     1    0.000 x1.00] LOG  ✅ Left Tail Tip: LeftTailVFX
[     1    0.000 x1.00] LOG  ✅ Right Tail Tip: RightTailTip_Anchor
[     1    0.000 x1.00] LOG  [VolumetricFogController] applyPresets is OFF in this scene. The Volumetric Fog component keeps its hand-set inspector values.
[     1    0.000 x1.00] LOG  [TailAirShot] Ready. drawState=RightTail_Fast castParam=TailCastSpeed (found)
  arrow leaves: PlayerYoru_1.1/Cat_All_10_Tails_v4/Group/DeformationSystem/root/Root_M/Tail15_R/Tail151_R/Tail152_R/Tail153_R/Tail154_R/Tail155_R/Tail156_R/Tail157_R/Tail158_R/Tail159_R/Tail1510_R/Tail1511_R/Tail1512_R/Tail6_R/Tail6_R_end/Tail6_R_end_end/Tail6_R_end_end_end/RightTailTip_Anchor
  aim VFX: PlayerYoru_1.1/Cat_All_10_Tails_v4/Group/DeformationSystem/root/Root_M/Tail15_R/Tail151_R/Tail152_R/Tail153_R/Tail154_R/Tail155_R/Tail156_R/Tail157_R/Tail158_R/Tail159_R/Tail1510_R/Tail1511_R/Tail1512_R/Tail6_R/Tail6_R_end/Tail6_R_end_end/Tail6_R_end_end_end/RightTailTip_Anchor/vfx_Muzzle_Fireball01Blue
[     1    0.000 x1.00] LOG  [RingMesh] VFX Status:
[     1    0.000 x1.00] LOG    Left: Prefab=✓, Spawn=Tail6_L_end_end_end
[     1    0.000 x1.00] LOG    Right: Prefab=✓, Spawn=Tail6_R_end_end_end
[     1    0.000 x1.00] LOG  [TailAirShot4Leg] Ready. drawState=shoot_4Leg castParam=Shoot4LegSpeed (found) readyFrame=5 fireFrame=10 frames=24 slowBudget=3s real damageMultiplier=2.00
  arrow leaves: PlayerYoru_1.1/Cat_All_10_Tails_v4/Group/DeformationSystem/root/Root_M/Tail15_R/Tail151_R/Tail152_R/Tail153_R/Tail154_R/Tail155_R/Tail156_R/Tail157_R/Tail158_R/Tail159_R/Tail1510_R/Tail1511_R/Tail1512_R/Tail6_R/Tail6_R_end/Tail6_R_end_end/Tail6_R_end_end_end/RightTailTip_Anchor
  aim VFX left:  PlayerYoru_1.1/Cat_All_10_Tails_v4/Group/DeformationSystem/root/Root_M/Tail15_L/Tail151_L/Tail152_L/Tail153_L/Tail154_L/Tail155_L/Tail156_L/Tail157_L/Tail158_L/Tail159_L/Tail1510_L/Tail1511_L/Tail1512_L/Tail6_L/Tail6_L_end/Tail6_L_end_end/Tail6_L_end_end_end/LeftTailTip_Anchor/Glow_4Leg_L
  aim VFX right: PlayerYoru_1.1/Cat_All_10_Tails_v4/Group/DeformationSystem/root/Root_M/Tail15_R/Tail151_R/Tail152_R/Tail153_R/Tail154_R/Tail155_R/Tail156_R/Tail157_R/Tail158_R/Tail159_R/Tail1510_R/Tail1511_R/Tail1512_R/Tail6_R/Tail6_R_end/Tail6_R_end_end/Tail6_R_end_end_end/RightTailTip_Anchor/Glow_4Leg_R
[     1    0.000 x1.00] LOG  [PlayerCombat] Phase 2 form gate CONNECTED (FormController found on this GameObject).
[     1    0.000 x1.00] LOG  [Combat] PlayerCombat initialized, Phase 3C v27
[     1    0.000 x1.00] LOG  [CameraGameFeel] CameraGameFeel initialized (shake + FOV)
[     1    1.845 x1.00] LOG  [OniBoss] Playing animation: Idle
[     1    1.845 x1.00] LOG  [OniBoss:Layer] watch stance ON (player 13.4m)
[    82    2.615 x1.00] LOG  💨 Landing VFX spawned!
[    82    2.615 x1.00] LOG  ✅ LANDED! (was jump #0)
[  1241    7.514 x1.00] LOG  🐾 4-LEG JUMP #0
[  1241    7.514 x1.00] LOG  🐾 Jump 1 VFX spawned!
[  1320    7.886 x1.00] LOG  [ComboTrace] LAUNCH OniBoss at 1.1m dist=1.14m in 0.13s [AIRBORNE]
[  1320    7.886 x1.00] LOG  [Combat] Aerial spin, 25 dmg
[  1320    7.886 x1.00] LOG  OniBoss took 10 damage. HP: 490/500
[  1320    7.886 x1.00] LOG  [OniBoss] 🤕 Hit during LostSoul — flash only
[  1320    7.886 x1.00] LOG  [OniBoss] LostSoul → Alert
[  1320    7.886 x1.00] LOG  [OniBoss] Playing animation: Oni_Alert
[  1320    7.886 x1.00] LOG  [OniBoss] Became HOSTILE
[  1320    7.886 x1.00] LOG  [OniBoss:Layer] woken by damage (10) — back attacks count.
[  1320    7.886 x1.00] LOG  [CameraGameFeel] Shake: intensity=0.50 duration=0.200s
[  1320    7.886 x1.00] LOG  [CameraGameFeel] FOV punch: hit light (+1.5°)
[  1320    7.886 x1.00] LOG  [AirPosePin] engaged, holding body at 1.344m above the transform
[  1321    7.896 x1.00] LOG  [StormWeather] COZY → 'Yoru_Oni_Phase1_Storm' (fight engaged - storm rolls in, 0 s)
[  1321    7.896 x1.00] LOG  [StormWeather] FIGHT STARTED (he engaged) - storm on, floor starts to soak.
[  1321    7.896 x1.00] LOG  [BossBar] Showing bar for: Oni (490/500)
[  1321    7.896 x1.00] LOG  [OniBoss:Layer] boss bar shown
[  1322    7.902 x1.00] EXC  NullReferenceException: Object reference not set to an instance of an object
        at DistantLands.Cozy.Data.ThunderFX.InitializeEffect (DistantLands.Cozy.CozyWeather weather) (at ./Packages/com.distantlands.cozy.core/Runtime/Data/FX/ThunderFX.cs:52)
        at DistantLands.Cozy.Data.ThunderFX.PlayEffect (System.Single weight) (at ./Packages/com.distantlands.cozy.core/Runtime/Data/FX/ThunderFX.cs:36)
        at DistantLands.Cozy.Data.WeatherProfile.SetWeatherWeight (System.Single weightVal) (at ./Packages/com.distantlands.cozy.core/Runtime/Data/WeatherProfile.cs:44)
        at DistantLands.Cozy.CozyWeatherModule.UpdateFXWeights () (at ./Packages/com.distantlands.cozy.core/Runtime/Modules/CozyWeatherModule.cs:129)
[  1323    7.906 x1.00] WARN The referenced script on this Behaviour (Game Object '<null>') is missing!
[  1323    7.906 x1.00] WARN The referenced script on this Behaviour (Game Object 'Lightning Light') is missing!
[  1323    7.906 x1.00] WARN The referenced script on this Behaviour (Game Object 'Lightning Light') is missing!
[  1345    8.015 x1.00] LOG  [ComboTrace] LAUNCH RESULT wanted=1.14m actually moved=0.73m, completed
[  1350    8.037 x1.00] LOG  OniBoss took 10 damage. HP: 480/500
[  1350    8.037 x1.00] LOG  [OniBoss] 🤕 Hit during Alert — flash only
[  1350    8.037 x1.00] LOG  [CameraGameFeel] Shake: intensity=0.18 duration=0.200s
[  1379    8.190 x1.00] LOG  OniBoss took 10 damage. HP: 470/500
[  1379    8.190 x1.00] LOG  [OniBoss] 🤕 Hit during Alert — flash only
[  1379    8.190 x1.00] LOG  [CameraGameFeel] Shake: intensity=0.18 duration=0.200s
[  1394    8.265 x1.00] LOG  [StormWeather] fur: rain reaching the coat (intensity 0.01, follows floor wetness).
[  1409    8.341 x1.00] LOG  OniBoss took 10 damage. HP: 460/500
[  1409    8.341 x1.00] LOG  [OniBoss] 🤕 Hit during Alert — flash only
[  1409    8.341 x1.00] LOG  [OniBoss] Alert → Stagger
[  1409    8.341 x1.00] LOG  [OniBoss] Playing animation: Stagger
[  1409    8.341 x1.00] LOG  [OniBoss] STAGGERED for 2.5s
[  1409    8.341 x1.00] LOG  [OniBoss:Layer] heavy knock-back react (swirl burst, 3 hits / 30 dmg) → 'HitReact_Heavy', down for 1.80s
[  1409    8.341 x1.00] LOG  [OniBoss:Layer] burst: 3 hits / 30 dmg inside 0.8s → knock-back + 0.90m push
[  1409    8.341 x1.00] LOG  [CameraGameFeel] Shake: intensity=0.18 duration=0.200s
[  1425    8.416 x1.00] LOG  💨 Landing VFX spawned!
[  1425    8.416 x1.00] LOG  ✅ LANDED! (was jump #1)
[  1425    8.416 x1.00] LOG  [AirPosePin] released, peak correction was 0.560m
[  1473    8.646 x1.00] LOG  [ComboTrace] END step=3 clipProgress=0.90 clipLen=0.79s queued=0 elapsed=0.76s
[  1483    8.693 x1.00] LOG  [StormWeather] storm post weight -> 0.40
[  1799   10.146 x1.00] LOG  [OniBoss] Stagger → Chase
[  1800   10.157 x1.00] LOG  [OniBoss] Ranged combo started: Charge→Slam: (2 steps, dist 14.0m)
[  1800   10.157 x1.00] LOG  [OniBoss] Chase → Attack
[  1800   10.157 x1.00] LOG  [OniBoss] Attack: Oni_Charge (18 dmg)

[  1800   10.157 x1.00] TEL ────────── CHARGE ──────────
[  1800   10.157 x1.00] LOG  [OniBoss:Layer] charge begin: travel bone 'Hips' depth 1, local now (0.00, 3.24, -0.24) vs rest (0.00, 3.24, -0.24); pin ON; drive windup→rush→strike; engine Attack, AnimSpeed 1.30, clip at 0.00, dist 14.0m
[  1800   10.157 x1.00] TEL charge Windup n=0.00 spd=1.30 mult=1.00 st=Attack anim=h-1757638897/Charge drift=0.00 cut=0.00 meshOff=0.24m vis bounds+0.1m pos=(468.1,439.4) dist=14.0 vel=0.0
[  1820   10.246 x1.00] TEL charge Windup n=0.08 spd=1.30 mult=1.00 st=Attack anim=h-1757638897/Charge drift=0.33 cut=0.33 meshOff=0.24m vis bounds+0.2m pos=(468.1,439.4) dist=14.5 vel=0.0
[  1838   10.330 x1.00] TEL charge Windup n=0.15 spd=1.30 mult=1.30 st=Attack anim=Charge/- drift=0.94 cut=0.94 meshOff=0.24m vis bounds+0.3m pos=(468.1,439.4) dist=15.1 vel=0.0
[  1857   10.418 x1.00] TEL charge Windup n=0.22 spd=1.30 mult=1.30 st=Attack anim=Charge/- drift=1.14 cut=1.14 meshOff=0.24m vis bounds+0.4m pos=(468.1,439.4) dist=15.8 vel=0.0
[  1872   10.507 x1.00] TEL charge Windup n=0.29 spd=1.30 mult=1.30 st=Attack anim=Charge/- drift=0.46 cut=0.46 meshOff=0.24m vis bounds+0.4m pos=(468.1,439.4) dist=16.3 vel=0.0
[  1891   10.595 x1.00] TEL charge Windup n=0.37 spd=1.30 mult=1.30 st=Attack anim=Charge/- drift=5.12 cut=5.12 meshOff=0.24m vis bounds+0.1m pos=(468.1,439.4) dist=16.9 vel=0.0
[  1900   10.636 x1.00] LOG  [OniBoss:Layer] charge RUSH: clip frozen at 0.40, 17.2m to go at 14m/s
[  1901   10.647 x1.00] LOG  [OniBoss:Layer] charge fire trail: 'ToonFireTrail' attached to his feet for the rush.
[  1909   10.685 x1.00] TEL charge Rush   n=0.40 spd=0.00 mult=0.00 st=Attack anim=Charge/- drift=7.63 cut=7.63 meshOff=0.24m vis bounds+0.5m pos=(468.0,438.7) dist=16.8 vel=0.0
[  1927   10.769 x1.00] TEL charge Rush   n=0.40 spd=0.00 mult=0.00 st=Attack anim=Charge/- drift=7.63 cut=7.63 meshOff=0.24m vis bounds+0.5m pos=(467.9,437.5) dist=16.1 vel=0.0
[  1950   10.855 x1.00] TEL charge Rush   n=0.40 spd=0.00 mult=0.00 st=Attack anim=Charge/- drift=7.63 cut=7.63 meshOff=0.24m vis bounds+0.5m pos=(467.8,436.4) dist=15.6 vel=0.0
[  1970   10.946 x1.00] TEL charge Rush   n=0.40 spd=0.00 mult=0.00 st=Attack anim=Charge/- drift=7.63 cut=7.63 meshOff=0.24m vis bounds+0.5m pos=(467.6,435.1) dist=14.8 vel=0.0
[  1977   11.031 x1.00] TEL charge Rush   n=0.40 spd=0.00 mult=0.00 st=Attack anim=Charge/- drift=7.63 cut=7.63 meshOff=0.24m vis bounds+0.5m pos=(467.4,433.9) dist=14.1 vel=0.0
[  2001   11.117 x1.00] TEL charge Rush   n=0.40 spd=0.00 mult=0.00 st=Attack anim=Charge/- drift=7.63 cut=7.63 meshOff=0.24m vis bounds+0.5m pos=(467.3,432.7) dist=13.6 vel=0.0
[  2018   11.203 x1.00] TEL charge Rush   n=0.40 spd=0.00 mult=0.00 st=Attack anim=Charge/- drift=7.63 cut=7.63 meshOff=0.24m vis bounds+0.5m pos=(467.1,431.5) dist=12.8 vel=0.0
[  2037   11.297 x1.00] TEL charge Rush   n=0.40 spd=0.00 mult=0.00 st=Attack anim=Charge/- drift=7.63 cut=7.63 meshOff=0.24m vis bounds+0.5m pos=(466.9,430.2) dist=11.6 vel=0.0
[  2052   11.381 x1.00] TEL charge Rush   n=0.40 spd=0.00 mult=0.00 st=Attack anim=Charge/- drift=7.63 cut=7.63 meshOff=0.24m vis bounds+0.5m pos=(466.7,429.1) dist=10.4 vel=0.0
[  2069   11.466 x1.00] TEL charge Rush   n=0.40 spd=0.00 mult=0.00 st=Attack anim=Charge/- drift=7.63 cut=7.63 meshOff=0.24m vis bounds+0.5m pos=(466.6,427.9) dist=9.2 vel=0.0
[  2085   11.550 x1.00] TEL charge Rush   n=0.40 spd=0.00 mult=0.00 st=Attack anim=Charge/- drift=7.63 cut=7.63 meshOff=0.24m vis bounds+0.5m pos=(466.4,426.7) dist=8.1 vel=0.0
[  2105   11.637 x1.00] TEL charge Rush   n=0.40 spd=0.00 mult=0.00 st=Attack anim=Charge/- drift=7.63 cut=7.63 meshOff=0.24m vis bounds+0.5m pos=(466.2,425.5) dist=6.9 vel=0.0
[  2124   11.720 x1.00] TEL charge Rush   n=0.40 spd=0.00 mult=0.00 st=Attack anim=Charge/- drift=7.63 cut=7.63 meshOff=0.24m vis bounds+0.5m pos=(466.0,424.4) dist=5.7 vel=0.0
[  2143   11.805 x1.00] TEL charge Rush   n=0.40 spd=0.00 mult=0.00 st=Attack anim=Charge/- drift=7.63 cut=7.63 meshOff=0.24m vis bounds+0.5m pos=(465.9,423.2) dist=4.5 vel=0.0
[  2149   11.830 x1.00] LOG  [OniBoss:Layer] charge STRIKE: arrived 2.6m from the lock point after 1.19s real — clip 0.40 → 0.58 (blend 0.10s), strike moment 0.76, Yoru 4.2m away
[  2161   11.897 x1.00] TEL charge Strike n=0.61 spd=1.00 mult=1.00 st=Attack anim=Charge/Charge drift=14.28 cut=14.28 meshOff=0.24m vis bounds+0.4m pos=(465.8,422.9) dist=4.2 vel=0.0
[  2179   11.980 x1.00] TEL charge Strike n=0.67 spd=1.00 mult=1.00 st=Attack anim=Charge/- drift=15.81 cut=15.81 meshOff=0.24m vis bounds+0.4m pos=(465.8,422.9) dist=4.2 vel=0.0
[  2198   12.066 x1.00] TEL charge Strike n=0.72 spd=1.00 mult=1.00 st=Attack anim=Charge/- drift=16.50 cut=16.50 meshOff=0.24m vis bounds+0.4m pos=(465.8,422.9) dist=4.2 vel=0.0
[  2212   12.130 x1.00] LOG  [CameraGameFeel] Shake: intensity=0.45 duration=0.350s
[  2212   12.130 x1.00] LOG  [OniBoss] Attack missed, player out of range (4.2m > 3.5m)
[  2215   12.157 x1.00] TEL charge Strike n=0.78 spd=1.00 mult=1.00 st=Attack anim=Charge/- drift=17.04 cut=17.04 meshOff=0.24m vis bounds+0.4m pos=(465.8,422.9) dist=4.2 vel=0.0
[  2234   12.247 x1.00] TEL charge Strike n=0.84 spd=1.00 mult=1.00 st=Attack anim=Charge/- drift=17.50 cut=17.50 meshOff=0.24m vis bounds+0.4m pos=(465.8,422.9) dist=4.2 vel=0.0
[  2256   12.339 x1.00] TEL charge Strike n=0.90 spd=1.00 mult=1.00 st=Attack anim=Charge/- drift=17.85 cut=17.85 meshOff=0.24m vis bounds+0.1m pos=(465.8,422.9) dist=4.1 vel=0.0
[  2278   12.427 x1.00] TEL charge Strike n=0.96 spd=1.00 mult=1.00 st=Attack anim=Charge/- drift=18.03 cut=18.03 meshOff=0.24m vis bounds+0.2m pos=(465.8,422.9) dist=4.0 vel=0.0
[  2291   12.487 x1.00] LOG  [OniBoss] Attack → Recovery
[  2291   12.487 x1.00] LOG  [OniBoss] Playing animation: Watch
[  2291   12.487 x1.00] LOG  [OniBoss:Layer] charge fire trail: released — burns out over 3.8s where the rush ended.
[  2291   12.487 x1.00] LOG  [OniBoss:Layer] charge complete: engine left Attack (now Recovery) during Strike
[  2296   12.511 x1.00] TEL charge None   n=1.01 spd=1.00 mult=1.00 st=Recovery anim=Charge/h-1849006814 drift=15.06 cut=15.06 meshOff=0.24m vis bounds+0.1m pos=(465.8,422.9) dist=3.9 vel=0.0
[  2314   12.597 x1.00] TEL charge None   n=1.07 spd=1.00 mult=1.00 st=Recovery anim=Charge/h-1849006814 drift=6.67 cut=6.67 meshOff=0.24m vis bounds+0.1m pos=(465.8,422.9) dist=3.8 vel=0.0
[  2324   12.637 x1.00] LOG  [OniBoss] Recovery → Attack
[  2324   12.637 x1.00] LOG  [OniBoss] Attack: ClubSlam (20 dmg)
[  2324   12.637 x1.00] LOG  [OniBoss:Trail] ClubSlam trail START at clip 1.00 (transition still blending).
[  2334   12.687 x1.00] TEL charge None   n=1.10 spd=2.00 mult=2.00 st=Attack anim=Charge/h283984468 drift=1.69 cut=1.69 meshOff=0.24m vis bounds+0.1m pos=(465.8,422.6) dist=3.4 vel=0.0
[  2344   12.747 x1.00] LOG  [OniBoss:Layer] charge end (clip left the animator) after 2.59s real: pin measured 544 frames, cancelled on 538, max raw drift 18.07m, max cancelled 18.07m — travel WAS baked in, pin held it
[  2490   13.431 x1.00] LOG  [OniBoss:ClubPos] ClubSlam at strike: club tip 0.58m up, 2.90m in front, -0.21m to his right (2.91m out from his centre). Club faces 5deg from his forward, pitch -0.25. (the ground wave is born 1.6m in front of him at 0.35m.)
[  2490   13.431 x1.00] LOG  [OniBoss:Layer] ClubSlam: club has not connected — ground wave released ARMED, 1.6m in front, 12m/s x 12.0m = 1.00s, COMBO FINISHER: FULL 30 damage, x2.0 size, x2.0 travel.
[  2490   13.431 x1.00] LOG  [CameraGameFeel] Shake: intensity=0.50 duration=0.400s
[  2490   13.431 x1.00] LOG  [Combat] Hit react: Bhit_run_reaction_4 (2.5s, clip starts at 0.10s)
[  2490   13.431 x1.00] LOG  [CameraGameFeel] Shake: intensity=0.60 duration=0.200s
[  2490   13.431 x1.00] LOG  [CameraGameFeel] FOV punch: player damage (-3.0°)
[  2490   13.431 x1.00] LOG  [OniBoss] Hit player for 30 (ClubSlam) [combo x1.50]
[  2490   13.431 x1.00] LOG  [OniBoss:Touch] ClubSlam: club TOUCHED Yoru at clip 0.86 — shaft 0.02m from her body line, tip speed 56m/s. Full club hit delivered this frame. This swing's wave is disarmed and flies on as visual.
[  2491   13.443 x1.00] LOG  [HitReactTrace] asked for 'Bhit_run_reaction_4' (2.50s, clip start 0.10s): NOT playing it, another state took the combat layer, blend resolved after 12 ms, state 1.00s long at speed 1.00, now at 4.77s, layer weight 1.00, animator.speed 1.00.
[  2515   13.561 x1.00] LOG  [OniBoss] Attack → Recovery
[  2515   13.561 x1.00] LOG  [OniBoss] Playing animation: Watch
[  2515   13.561 x1.00] LOG  [OniBoss:Trail] trail END at clip 0.99, fading over 0.40s.
[  2515   13.561 x1.00] LOG  [OniBoss:Strike] ClubSlam: club tip closest to Yoru at 0.02m, clip position 0.86 | damage fires at 0.85 | clip 0.93s => MATCHED (within one or two frames)
[  2549   13.711 x1.00] LOG  [OniBoss] Recovery → Chase
[  2550   13.715 x1.00] LOG  [OniBoss] hold-ground: BACKSTEP 1.5m (player 2.9m)
[  2704   14.437 x1.00] WARN The referenced script on this Behaviour (Game Object '<null>') is missing!
[  2704   14.437 x1.00] WARN The referenced script on this Behaviour (Game Object 'Lightning Light') is missing!
[  2704   14.437 x1.00] WARN The referenced script on this Behaviour (Game Object 'Lightning Light') is missing!
[  2734   14.588 x1.00] LOG  [OniBoss] hold-ground: backstep done (1.39m), WATCH (player 4.3m, cooldown 0.9s)
[  2734   14.588 x1.00] LOG  [OniBoss] Playing animation: Watch
[  2927   15.513 x1.00] LOG  [OniBoss] hold-ground: cooldown over, player 4.3m > 3.5m — APPROACH
[  2927   15.513 x1.00] LOG  [OniBoss] Playing animation: Walk
[  3060   16.117 x1.00] LOG  [OniBoss] Combo started: ClubSwing1 → ClubSwing2 → ClubSlam (3 steps remaining)
[  3060   16.117 x1.00] LOG  [OniBoss] Chase → Attack
[  3060   16.117 x1.00] LOG  [OniBoss] Attack: Club_Swing (16 dmg)
[  3060   16.117 x1.00] LOG  [OniBoss:Trail] Club_Swing trail START at clip 0.32 (transition done).
[  3064   16.138 x1.00] LOG  [OniBoss:Layer] step-in: 'Club_Swing' closed 0.08m, Yoru now 3.0m away (range 3.5)
[  3132   16.453 x1.00] LOG  [CameraGameFeel] Shake: intensity=0.20 duration=0.250s
[  3132   16.453 x1.00] LOG  [Combat] Hit react: HitReact_Light_2Leg (0.5s, clip starts at 0.35s)
[  3132   16.453 x1.00] LOG  [CameraGameFeel] Shake: intensity=0.30 duration=0.200s
[  3132   16.453 x1.00] LOG  [CameraGameFeel] FOV punch: player damage (-2.0°)
[  3132   16.453 x1.00] LOG  [OniBoss] Hit player for 16 (Club_Swing)
[  3132   16.453 x1.00] LOG  [OniBoss:Touch] Club_Swing: club TOUCHED Yoru at clip 0.40 — shaft 0.69m from her body line, tip speed 155m/s, ONE FRAME EARLY (predicted). Full club hit delivered this frame.
[  3133   16.460 x1.00] LOG  [HitReactTrace] asked for 'HitReact_Light_2Leg' (0.50s, clip start 0.35s): NOT playing it, another state took the combat layer, blend resolved after 7 ms, state 1.00s long at speed 1.00, now at 1.22s, layer weight 1.00, animator.speed 1.00.
[  3137   16.478 x1.00] LOG  [OniBoss:ClubPos] Club_Swing at strike: club tip 3.02m up, 2.44m in front, -2.99m to his right (3.86m out from his centre). Club faces -84deg from his forward, pitch 0.41. (the ground wave is born 1.6m in front of him at 0.35m.)
[  3137   16.478 x1.00] LOG  [OniBoss:Layer] Club_Swing: club already hit — ground wave released as VISUAL only (0 damage).
[  3237   16.951 x1.00] LOG  [OniBoss] Attack → Recovery
[  3237   16.951 x1.00] LOG  [OniBoss] Playing animation: Watch
[  3237   16.951 x1.00] LOG  [OniBoss:Trail] trail END at clip 0.99, fading over 0.40s.
[  3237   16.951 x1.00] LOG  [OniBoss:Strike] Club_Swing: club tip closest to Yoru at 1.49m, clip position 0.90 | damage fires at 0.42 | clip 0.84s => damage fires 398 ms BEFORE the club is closest
[  3270   17.104 x1.00] LOG  [OniBoss] Recovery → Attack
[  3270   17.104 x1.00] LOG  [OniBoss] Attack: ClubSwing2 (16 dmg)
[  3270   17.104 x1.00] LOG  [OniBoss:Trail] ClubSwing2 trail START at clip 1.00 (transition still blending).
[  3337   17.447 x1.00] LOG  [CameraGameFeel] Shake: intensity=0.20 duration=0.250s
[  3337   17.447 x1.00] LOG  [Combat] Hit react: HitReact_Light_2Leg (0.5s, clip starts at 0.35s)
[  3337   17.447 x1.00] LOG  [CameraGameFeel] Shake: intensity=0.30 duration=0.200s
[  3337   17.447 x1.00] LOG  [CameraGameFeel] FOV punch: player damage (-2.0°)
[  3337   17.447 x1.00] LOG  [OniBoss] Hit player for 20 (ClubSwing2) [combo x1.25]
[  3337   17.447 x1.00] LOG  [OniBoss:Touch] ClubSwing2: club TOUCHED Yoru at clip 0.29 — shaft 0.46m from her body line, tip speed 99m/s. Full club hit delivered this frame.
[  3338   17.453 x1.00] LOG  [HitReactTrace] asked for 'HitReact_Light_2Leg' (0.50s, clip start 0.35s): NOT playing it, another state took the combat layer, blend resolved after 6 ms, state 1.00s long at speed 1.00, now at 0.49s, layer weight 1.00, animator.speed 1.00.
[  3344   17.481 x1.00] LOG  [OniBoss:ClubPos] ClubSwing2 at strike: club tip 0.04m up, 1.98m in front, 2.22m to his right (2.97m out from his centre). Club faces -3deg from his forward, pitch -0.86. (the ground wave is born 1.6m in front of him at 0.35m.)
[  3344   17.481 x1.00] LOG  [OniBoss:Layer] ClubSwing2: club already hit — ground wave released as VISUAL only (0 damage).
[  3511   18.268 x1.00] LOG  [OniBoss] Attack → Recovery
[  3511   18.268 x1.00] LOG  [OniBoss] Playing animation: Watch
[  3511   18.268 x1.00] LOG  [OniBoss:Trail] trail END at clip 0.99, fading over 0.40s.
[  3511   18.268 x1.00] LOG  [OniBoss:Strike] ClubSwing2: club tip closest to Yoru at 0.65m, clip position 0.30 | damage fires at 0.32 | clip 1.17s => MATCHED (within one or two frames)
[  3545   18.421 x1.00] LOG  [OniBoss] Recovery → Attack
[  3545   18.421 x1.00] LOG  [OniBoss] Attack: ClubSlam (20 dmg)
[  3545   18.421 x1.00] LOG  [OniBoss:Trail] ClubSlam trail START at clip 1.00 (transition still blending).
[  3634   18.830 x1.00] LOG  [CameraGameFeel] Shake: intensity=0.50 duration=0.400s
[  3634   18.830 x1.00] LOG  [Combat] Hit react: HitReact_Heavy_2Leg (0.9s, clip starts at 0.35s)
[  3634   18.830 x1.00] LOG  [CameraGameFeel] Shake: intensity=0.60 duration=0.200s
[  3634   18.830 x1.00] LOG  [CameraGameFeel] FOV punch: player damage (-3.0°)
[  3634   18.830 x1.00] LOG  [OniBoss] Hit player for 30 (ClubSlam) [combo x1.50]
[  3634   18.830 x1.00] LOG  [OniBoss:Touch] ClubSlam: club TOUCHED Yoru at clip 0.44 — shaft 0.29m from her body line, tip speed 117m/s, ONE FRAME EARLY (predicted). Full club hit delivered this frame.
[  3635   18.838 x1.00] LOG  [HitReactTrace] asked for 'HitReact_Heavy_2Leg' (0.90s, clip start 0.35s): NOT playing it, another state took the combat layer, blend resolved after 9 ms, state 1.00s long at speed 1.00, now at 0.88s, layer weight 1.00, animator.speed 1.00.
[  3716   19.213 x1.00] LOG  [OniBoss:ClubPos] ClubSlam at strike: club tip 0.53m up, 2.91m in front, -0.12m to his right (2.91m out from his centre). Club faces 8deg from his forward, pitch -0.26. (the ground wave is born 1.6m in front of him at 0.35m.)
[  3716   19.213 x1.00] LOG  [OniBoss:Layer] ClubSlam: club already hit — ground wave released as VISUAL only (0 damage), finisher size x2.0.
[  3741   19.348 x1.00] LOG  [OniBoss] Attack → Recovery
[  3741   19.348 x1.00] LOG  [OniBoss] Playing animation: Watch
[  3741   19.348 x1.00] LOG  [OniBoss:Trail] trail END at clip 0.99, fading over 0.40s.
[  3741   19.348 x1.00] LOG  [OniBoss:Strike] ClubSlam: club tip closest to Yoru at 0.26m, clip position 0.85 | damage fires at 0.85 | clip 0.93s => MATCHED (within one or two frames)
[  3773   19.501 x1.00] LOG  [OniBoss] Recovery → Chase
[  3774   19.504 x1.00] LOG  [OniBoss] hold-ground: BACKSTEP 1.5m (player 2.7m)
[  3919   20.137 x1.00] LOG  🚶 2-LEG JUMP
[  3919   20.137 x1.00] LOG  🐾 Jump 1 VFX spawned!
[  3974   20.388 x1.00] LOG  [OniBoss] hold-ground: backstep done (1.40m), WATCH (player 4.3m, cooldown 0.9s)
[  3974   20.388 x1.00] LOG  [OniBoss] Playing animation: Idle
[  4016   20.578 x1.00] LOG  [ComboTrace] LAUNCH OniBoss at 2.7m dist=2.74m in 0.27s [AIRBORNE]
[  4016   20.578 x1.00] LOG  [Combat] Aerial spin, 25 dmg
[  4016   20.578 x1.00] LOG  [AirPosePin] engaged, holding body at 2.058m above the transform
[  4050   20.739 x1.00] LOG  OniBoss took 10 damage. HP: 450/500
[  4050   20.739 x1.00] LOG  [OniBoss] Chase → HitReact
[  4050   20.739 x1.00] LOG  [OniBoss:Layer] react tier: LIGHT (10 dmg) → 'Hit_react_light'
[  4050   20.739 x1.00] LOG  [CameraGameFeel] Shake: intensity=0.50 duration=0.200s
[  4050   20.739 x1.00] LOG  [CameraGameFeel] FOV punch: hit light (+1.5°)
[  4077   20.852 x1.00] LOG  [ComboTrace] LAUNCH RESULT wanted=2.74m actually moved=2.17m, completed
[  4084   20.891 x1.00] LOG  OniBoss took 10 damage. HP: 440/500
[  4084   20.891 x1.00] LOG  [OniBoss:Layer] burst: 2 hits / 20 dmg → flinch upgraded to 'HitReact_medium'
[  4084   20.891 x1.00] LOG  [CameraGameFeel] Shake: intensity=0.18 duration=0.200s
[  4118   21.042 x1.00] LOG  OniBoss took 10 damage. HP: 430/500
[  4118   21.042 x1.00] LOG  [OniBoss] HitReact → Stagger
[  4118   21.042 x1.00] LOG  [OniBoss] Playing animation: Stagger
[  4118   21.042 x1.00] LOG  [OniBoss] STAGGERED for 2.5s
[  4118   21.042 x1.00] LOG  [OniBoss:Layer] heavy knock-back react (swirl burst, 3 hits / 30 dmg) → 'HitReact_Heavy', down for 1.80s
[  4118   21.042 x1.00] LOG  [OniBoss:Layer] burst: 3 hits / 30 dmg inside 0.8s → knock-back + 0.90m push
[  4118   21.042 x1.00] LOG  [CameraGameFeel] Shake: intensity=0.18 duration=0.200s
[  4126   21.079 x1.00] LOG  💨 Landing VFX spawned!
[  4126   21.079 x1.00] LOG  ✅ LANDED! (was jump #1)
[  4126   21.079 x1.00] LOG  [AirPosePin] released, peak correction was 1.274m
[  4142   21.147 x1.00] WARN The referenced script on this Behaviour (Game Object '<null>') is missing!
[  4142   21.147 x1.00] WARN The referenced script on this Behaviour (Game Object 'Lightning Light') is missing!
[  4142   21.147 x1.00] WARN The referenced script on this Behaviour (Game Object 'Lightning Light') is missing!
[  4162   21.254 x1.00] LOG  🚶 2-LEG JUMP
[  4162   21.254 x1.00] LOG  🐾 Jump 1 VFX spawned!
[  4163   21.258 x1.00] LOG  [AirPosePin] engaged, holding body at 0.749m above the transform
[  4178   21.339 x1.00] LOG  [ComboTrace] END step=3 clipProgress=0.90 clipLen=0.79s queued=0 elapsed=0.76s
[  4179   21.343 x1.00] LOG  [AirPosePin] released, peak correction was 0.061m
[  4349   22.179 x1.00] LOG  💨 Landing VFX spawned!
[  4349   22.179 x1.00] LOG  [Combat] Combo 1: 10 dmg
[  4349   22.179 x1.00] LOG  [ComboTrace] START step=1 state='Combo1' queued=0 target='OniBoss' at 2.5m
[  4349   22.179 x1.00] LOG  [ComboTrace] LAUNCH OniBoss at 1.2m dist=1.23m in 0.13s
[  4376   22.309 x1.00] LOG  [ComboTrace] LAUNCH RESULT wanted=1.23m actually moved=0.50m, completed
[  4462   22.700 x1.00] LOG  [Combat] Queued click #1 (combo 1)
[  4462   22.700 x1.00] LOG  [ComboTrace] QUEUED #1 during step 1
[  4483   22.788 x1.00] LOG  OniBoss punish window! 10 → 15 (x1.5)
[  4483   22.788 x1.00] LOG  OniBoss took 15 damage. HP: 415/500
[  4483   22.788 x1.00] LOG  [Combat] Hit OniBoss for 10
[  4483   22.788 x1.00] LOG  [CameraGameFeel] Shake: intensity=0.50 duration=0.200s
[  4483   22.788 x1.00] LOG  [CameraGameFeel] FOV punch: hit light (+1.5°)
[  4494   22.842 x1.00] LOG  [OniBoss] Stagger → Chase
[  4495   22.847 x1.00] LOG  [OniBoss] Playing animation: Watch
[  4495   22.847 x1.00] LOG  [OniBoss] Combo started: swing1-2 (2 steps remaining)
[  4495   22.847 x1.00] LOG  [OniBoss] Chase → Attack
[  4495   22.847 x1.00] LOG  [OniBoss] Attack: Club_Swing (16 dmg)
[  4495   22.847 x1.00] LOG  [OniBoss:Trail] Club_Swing trail START at clip 1.00 (transition done).
[  4514   22.947 x1.00] LOG  [Combat] Queued click #2 (combo 1)
[  4514   22.947 x1.00] LOG  [ComboTrace] QUEUED #2 during step 1
[  4522   22.989 x1.00] LOG  🐾 VFX_AttackPaw triggered!
[  4550   23.123 x1.00] LOG  [Combat] Combo 2: 20 dmg
[  4550   23.123 x1.00] LOG  [ComboTrace] START step=2 state='Combo2' queued=1 target='OniBoss' at 2.9m
[  4550   23.123 x1.00] LOG  [ComboTrace] LAUNCH OniBoss at 1.6m dist=1.60m in 0.16s
[  4559   23.160 x1.00] LOG  [CameraGameFeel] Shake: intensity=0.20 duration=0.250s
[  4559   23.160 x1.00] LOG  [Combat] Hit react: HitReact_Light_2Leg (0.5s, clip starts at 0.35s)
[  4559   23.160 x1.00] LOG  [CameraGameFeel] Shake: intensity=0.30 duration=0.200s
[  4559   23.160 x1.00] LOG  [CameraGameFeel] FOV punch: player damage (-2.0°)
[  4559   23.160 x1.00] LOG  [OniBoss] Hit player for 16 (Club_Swing)
[  4559   23.160 x1.00] LOG  [OniBoss:Touch] Club_Swing: club TOUCHED Yoru at clip 0.37 — shaft 0.52m from her body line, tip speed 172m/s, ONE FRAME EARLY (predicted). Full club hit delivered this frame.
[  4565   23.193 x1.00] LOG  [HitReactTrace] asked for 'HitReact_Light_2Leg' (0.50s, clip start 0.35s): playing it, blend resolved after 33 ms, state 1.21s long at speed 1.00, now at 0.38s, layer weight 1.00, animator.speed 1.00.
[  4568   23.204 x1.00] LOG  [OniBoss:ClubPos] Club_Swing at strike: club tip 3.02m up, 2.61m in front, -2.90m to his right (3.90m out from his centre). Club faces -80deg from his forward, pitch 0.40. (the ground wave is born 1.6m in front of him at 0.35m.)
[  4568   23.204 x1.00] LOG  [OniBoss:Layer] Club_Swing: club already hit — ground wave released as VISUAL only (0 damage).
[  4670   23.663 x1.00] LOG  ✅ LANDED! (was jump #0)
[  4674   23.689 x1.00] LOG  [OniBoss] Attack → Recovery
[  4674   23.689 x1.00] LOG  [OniBoss] Playing animation: Watch
[  4674   23.689 x1.00] LOG  [OniBoss:Trail] trail END at clip 0.99, fading over 0.40s.
[  4674   23.689 x1.00] LOG  [OniBoss:Strike] Club_Swing: club tip closest to Yoru at 0.63m, clip position 0.92 | damage fires at 0.42 | clip 0.84s => damage fires 420 ms BEFORE the club is closest
[  4707   23.839 x1.00] LOG  [OniBoss] Recovery → Attack
[  4707   23.839 x1.00] LOG  [OniBoss] Attack: ClubSwing2 (16 dmg)
[  4707   23.839 x1.00] LOG  [OniBoss:Trail] ClubSwing2 trail START at clip 1.00 (transition still blending).
[  4779   24.179 x1.00] LOG  [CameraGameFeel] Shake: intensity=0.20 duration=0.250s
[  4779   24.179 x1.00] LOG  [Combat] Hit react: HitReact_Heavy_2Leg (0.9s, clip starts at 0.35s)
[  4779   24.179 x1.00] LOG  [CameraGameFeel] Shake: intensity=0.60 duration=0.200s
[  4779   24.179 x1.00] LOG  [CameraGameFeel] FOV punch: player damage (-3.0°)
[  4779   24.179 x1.00] LOG  [OniBoss] Hit player for 24 (ClubSwing2) [combo x1.50]
[  4779   24.179 x1.00] LOG  [OniBoss:Touch] ClubSwing2: club TOUCHED Yoru at clip 0.29 — shaft 0.51m from her body line, tip speed 102m/s, ONE FRAME EARLY (predicted). Full club hit delivered this frame.
[  4780   24.184 x1.00] LOG  [HitReactTrace] asked for 'HitReact_Heavy_2Leg' (0.90s, clip start 0.35s): NOT playing it, another state took the combat layer, blend resolved after 5 ms, state 1.00s long at speed 1.00, now at 0.52s, layer weight 1.00, animator.speed 1.00.
[  4788   24.219 x1.00] LOG  [OniBoss:ClubPos] ClubSwing2 at strike: club tip 0.06m up, 1.89m in front, 2.32m to his right (2.99m out from his centre). Club faces 1deg from his forward, pitch -0.87. (the ground wave is born 1.6m in front of him at 0.35m.)
[  4788   24.219 x1.00] LOG  [OniBoss:Layer] ClubSwing2: club already hit — ground wave released as VISUAL only (0 damage), finisher size x2.0.
[  4956   24.999 x1.00] LOG  [OniBoss] Attack → Recovery
[  4956   24.999 x1.00] LOG  [OniBoss] Playing animation: Watch
[  4956   24.999 x1.00] LOG  [OniBoss:Trail] trail END at clip 0.99, fading over 0.40s.
[  4956   24.999 x1.00] LOG  [OniBoss:Strike] ClubSwing2: club tip closest to Yoru at 1.08m, clip position 0.31 | damage fires at 0.32 | clip 1.17s => MATCHED (within one or two frames)
[  4988   25.149 x1.00] LOG  [OniBoss] Recovery → Chase
[  4989   25.153 x1.00] LOG  [OniBoss] hold-ground: BACKSTEP 1.5m (player 2.4m)
[  5101   25.679 x1.00] LOG  [OniBoss] hold-ground: backstep done (0.83m), WATCH (player 4.4m, cooldown 1.3s)
[  5101   25.679 x1.00] LOG  [OniBoss] Playing animation: Idle
[  5115   25.736 x1.00] LOG  [OniBoss] Playing animation: run
[  5357   26.859 x1.00] LOG  [OniBoss] Playing animation: Watch
[  5377   26.951 x1.00] LOG  [OniBoss] Combo started: ClubSwing1 → ClubSwing2 → ClubSlam (3 steps remaining)
[  5377   26.951 x1.00] LOG  [OniBoss] Chase → Attack
[  5377   26.951 x1.00] LOG  [OniBoss] Attack: Club_Swing (16 dmg)
[  5377   26.951 x1.00] LOG  [OniBoss:Trail] Club_Swing trail START at clip 1.00 (transition still blending).
[  5397   27.050 x1.00] LOG  [OniBoss:Layer] step-in: 'Club_Swing' closed 0.50m, Yoru now 3.0m away (range 3.5)
[  5453   27.310 x1.00] LOG  [OniBoss:ClubPos] Club_Swing at strike: club tip 3.02m up, 2.76m in front, -2.80m to his right (3.94m out from his centre). Club faces -77deg from his forward, pitch 0.40. (the ground wave is born 1.6m in front of him at 0.35m.)
[  5453   27.310 x1.00] LOG  [OniBoss:Layer] Club_Swing: club has not connected — ground wave released ARMED, 1.6m in front, 12m/s x 6.0m = 0.50s, carrying 8 (half of the club's 16).
[  5454   27.314 x1.00] LOG  [Combat] Hit react: HitReact_Light_2Leg (0.5s, clip starts at 0.35s)
[  5454   27.314 x1.00] LOG  [CameraGameFeel] Shake: intensity=0.30 duration=0.200s
[  5454   27.314 x1.00] LOG  [CameraGameFeel] FOV punch: player damage (-2.0°)
[  5454   27.314 x1.00] LOG  [OniBoss:Wave] wave TOUCHED Yoru (grounded) for 8 after 0.1m / 0.00s of travel.
[  5457   27.340 x1.00] LOG  [HitReactTrace] asked for 'HitReact_Light_2Leg' (0.50s, clip start 0.35s): playing it, blend resolved after 26 ms, state 1.21s long at speed 1.00, now at 0.37s, layer weight 1.00, animator.speed 1.00.
[  5550   27.793 x1.00] LOG  [OniBoss] Attack → Recovery
[  5550   27.793 x1.00] LOG  [OniBoss] Playing animation: Watch
[  5550   27.793 x1.00] LOG  [OniBoss:Trail] trail END at clip 1.00, fading over 0.40s.
[  5550   27.793 x1.00] LOG  [OniBoss:Strike] Club_Swing: club tip closest to Yoru at 1.50m, clip position 0.91 | damage fires at 0.42 | clip 0.84s => damage fires 409 ms BEFORE the club is closest
[  5585   27.944 x1.00] LOG  [OniBoss] Recovery → Attack
[  5585   27.944 x1.00] LOG  [OniBoss] Attack: ClubSwing2 (16 dmg)
[  5585   27.944 x1.00] LOG  [OniBoss:Trail] ClubSwing2 trail START at clip 1.00 (transition still blending).
[  5652   28.279 x1.00] LOG  [CameraGameFeel] Shake: intensity=0.20 duration=0.250s
[  5652   28.279 x1.00] LOG  [Combat] Hit react: HitReact_Light_2Leg (0.5s, clip starts at 0.35s)
[  5652   28.279 x1.00] LOG  [CameraGameFeel] Shake: intensity=0.30 duration=0.200s
[  5652   28.279 x1.00] LOG  [CameraGameFeel] FOV punch: player damage (-2.0°)
[  5652   28.279 x1.00] LOG  [OniBoss] Hit player for 20 (ClubSwing2) [combo x1.25]
[  5652   28.279 x1.00] LOG  [OniBoss:Touch] ClubSwing2: club TOUCHED Yoru at clip 0.29 — shaft 0.57m from her body line, tip speed 95m/s, ONE FRAME EARLY (predicted). Full club hit delivered this frame.
[  5653   28.290 x1.00] LOG  [HitReactTrace] asked for 'HitReact_Light_2Leg' (0.50s, clip start 0.35s): NOT playing it, another state took the combat layer, blend resolved after 11 ms, state 1.00s long at speed 1.00, now at 0.46s, layer weight 1.00, animator.speed 1.00.
[  5660   28.324 x1.00] LOG  [OniBoss:ClubPos] ClubSwing2 at strike: club tip 0.10m up, 1.80m in front, 2.43m to his right (3.03m out from his centre). Club faces 6deg from his forward, pitch -0.88. (the ground wave is born 1.6m in front of him at 0.35m.)
[  5660   28.324 x1.00] LOG  [OniBoss:Layer] ClubSwing2: club already hit — ground wave released as VISUAL only (0 damage).
[  5762   28.804 x1.00] LOG  [Combat] Combo 1: 10 dmg
[  5762   28.804 x1.00] LOG  [ComboTrace] START step=1 state='Combo1' queued=0 target='OniBoss' at 3.5m
[  5762   28.804 x1.00] LOG  [ComboTrace] LAUNCH OniBoss at 1.5m dist=1.54m in 0.15s
[  5800   28.960 x1.00] LOG  [ComboTrace] LAUNCH RESULT wanted=1.54m actually moved=0.82m, completed
[  5816   29.032 x1.00] LOG  [Combat] Queued click #1 (combo 1)
[  5816   29.032 x1.00] LOG  [ComboTrace] QUEUED #1 during step 1
[  5835   29.105 x1.00] LOG  [OniBoss] Attack → Recovery
[  5835   29.105 x1.00] LOG  [OniBoss] Playing animation: Watch
[  5835   29.105 x1.00] LOG  [OniBoss:Trail] trail END at clip 0.99, fading over 0.40s.
[  5835   29.105 x1.00] LOG  [OniBoss:Strike] ClubSwing2: club tip closest to Yoru at 0.57m, clip position 0.30 | damage fires at 0.32 | clip 1.17s => MATCHED (within one or two frames)
[  5864   29.230 x1.00] LOG  [Combat] Queued click #2 (combo 1)
[  5864   29.230 x1.00] LOG  [ComboTrace] QUEUED #2 during step 1
[  5872   29.256 x1.00] LOG  [OniBoss] Recovery → Attack
[  5872   29.256 x1.00] LOG  [OniBoss] Attack: ClubSlam (20 dmg)
[  5872   29.256 x1.00] LOG  [OniBoss:Trail] ClubSlam trail START at clip 1.00 (transition still blending).
[  5909   29.414 x1.00] LOG  OniBoss took 10 damage. HP: 405/500
[  5909   29.414 x1.00] LOG  [OniBoss] 🤕 Hit during Attack — flash only
[  5909   29.414 x1.00] LOG  [Combat] Hit OniBoss for 10
[  5909   29.414 x1.00] LOG  [CameraGameFeel] Shake: intensity=0.50 duration=0.200s
[  5909   29.414 x1.00] LOG  [CameraGameFeel] FOV punch: hit light (+1.5°)
[  5919   29.457 x1.00] LOG  [ComboTrace] CLICK IGNORED (step=1 queued=2)
[  5955   29.614 x1.00] LOG  🐾 VFX_AttackPaw triggered!
[  5970   29.682 x1.00] LOG  [ComboTrace] CLICK IGNORED (step=1 queued=2)
[  5972   29.691 x1.00] LOG  [CameraGameFeel] Shake: intensity=0.50 duration=0.400s
[  5972   29.691 x1.00] LOG  [Combat] Hit react: HitReact_Heavy_2Leg (0.9s, clip starts at 0.35s)
[  5972   29.691 x1.00] LOG  [CameraGameFeel] Shake: intensity=0.60 duration=0.200s
[  5972   29.691 x1.00] LOG  [CameraGameFeel] FOV punch: player damage (-3.0°)
[  5972   29.691 x1.00] LOG  [OniBoss] Hit player for 30 (ClubSlam) [combo x1.50]
[  5972   29.691 x1.00] LOG  [OniBoss:Touch] ClubSlam: club TOUCHED Yoru at clip 0.43 — shaft 0.65m from her body line, tip speed 121m/s, ONE FRAME EARLY (predicted). Full club hit delivered this frame.
[  5973   29.696 x1.00] LOG  [HitReactTrace] asked for 'HitReact_Heavy_2Leg' (0.90s, clip start 0.35s): NOT playing it, another state took the combat layer, blend resolved after 5 ms, state 1.23s long at speed 1.60, now at 0.85s, layer weight 1.00, animator.speed 1.00.
[  6004   29.846 x1.00] LOG  [StormWeather] ⚡ strike at (484.97, 45.00, 453.85)
[  6055   30.086 x1.00] LOG  [OniBoss:ClubPos] ClubSlam at strike: club tip 0.52m up, 2.91m in front, -0.09m to his right (2.91m out from his centre). Club faces 8deg from his forward, pitch -0.26. (the ground wave is born 1.6m in front of him at 0.35m.)
[  6055   30.086 x1.00] LOG  [OniBoss:Layer] ClubSlam: club already hit — ground wave released as VISUAL only (0 damage), finisher size x2.0.
[  6085   30.220 x1.00] LOG  [OniBoss] Attack → Recovery
[  6085   30.220 x1.00] LOG  [OniBoss] Playing animation: Watch
[  6085   30.220 x1.00] LOG  [OniBoss:Trail] trail END at clip 0.99, fading over 0.40s.
[  6085   30.220 x1.00] LOG  [OniBoss:Strike] ClubSlam: club tip closest to Yoru at 0.15m, clip position 0.94 | damage fires at 0.85 | clip 0.93s => damage fires 82 ms BEFORE the club is closest
[  6119   30.370 x1.00] LOG  [OniBoss] Recovery → Chase
[  6120   30.374 x1.00] LOG  [OniBoss] hold-ground: BACKSTEP 1.5m (player 2.0m)
[  6192   30.685 x1.00] LOG  🚶 2-LEG JUMP
[  6192   30.685 x1.00] LOG  🐾 Jump 1 VFX spawned!
[  6276   31.064 x1.00] LOG  [ComboTrace] LAUNCH OniBoss at 1.5m dist=1.53m in 0.15s [AIRBORNE]
[  6276   31.064 x1.00] LOG  [Combat] Aerial spin, 25 dmg
[  6276   31.064 x1.00] LOG  OniBoss took 10 damage. HP: 395/500
[  6276   31.064 x1.00] LOG  [OniBoss] Chase → HitReact
[  6276   31.064 x1.00] LOG  [OniBoss:Layer] react tier: LIGHT (10 dmg) → 'Hit_react_light'
[  6276   31.064 x1.00] LOG  [CameraGameFeel] Shake: intensity=0.50 duration=0.200s
[  6276   31.064 x1.00] LOG  [CameraGameFeel] FOV punch: hit light (+1.5°)
[  6276   31.064 x1.00] LOG  [AirPosePin] engaged, holding body at 1.969m above the transform
[  6310   31.220 x1.00] LOG  [ComboTrace] LAUNCH RESULT wanted=1.53m actually moved=0.95m, completed
[  6310   31.220 x1.00] LOG  OniBoss took 10 damage. HP: 385/500
[  6310   31.220 x1.00] LOG  [OniBoss:Layer] burst: 2 hits / 20 dmg → flinch upgraded to 'HitReact_medium'
[  6310   31.220 x1.00] LOG  [CameraGameFeel] Shake: intensity=0.18 duration=0.200s
[  6343   31.370 x1.00] LOG  OniBoss took 10 damage. HP: 375/500
[  6343   31.370 x1.00] LOG  [OniBoss] HitReact → Stagger
[  6343   31.370 x1.00] LOG  [OniBoss] Playing animation: Stagger
[  6343   31.370 x1.00] LOG  [OniBoss] STAGGERED for 2.5s
[  6343   31.370 x1.00] LOG  [OniBoss:Layer] heavy knock-back react (swirl burst, 3 hits / 30 dmg) → 'HitReact_Heavy', down for 1.80s
[  6343   31.370 x1.00] LOG  [OniBoss:Layer] burst: 3 hits / 30 dmg inside 0.8s → knock-back + 0.90m push
[  6343   31.370 x1.00] LOG  [CameraGameFeel] Shake: intensity=0.18 duration=0.200s
[  6376   31.521 x1.00] LOG  OniBoss punish window! 10 → 15 (x1.5)
[  6376   31.521 x1.00] LOG  OniBoss took 15 damage. HP: 360/500
[  6376   31.521 x1.00] LOG  [CameraGameFeel] Shake: intensity=0.18 duration=0.200s
[  6398   31.619 x1.00] LOG  💨 Landing VFX spawned!
[  6398   31.619 x1.00] LOG  ✅ LANDED! (was jump #1)
[  6398   31.619 x1.00] LOG  [AirPosePin] released, peak correction was 1.184m
[  6402   31.640 x1.00] LOG  🚶 2-LEG JUMP
[  6402   31.640 x1.00] LOG  🐾 Jump 1 VFX spawned!
[  6406   31.655 x1.00] LOG  [AirPosePin] engaged, holding body at 0.783m above the transform
[  6410   31.681 x1.00] LOG  OniBoss punish window! 10 → 15 (x1.5)
[  6410   31.681 x1.00] LOG  OniBoss took 15 damage. HP: 345/500
[  6410   31.681 x1.00] LOG  [CameraGameFeel] Shake: intensity=0.18 duration=0.200s
[  6437   31.814 x1.00] LOG  [ComboTrace] END step=3 clipProgress=0.90 clipLen=0.79s queued=0 elapsed=0.75s
[  6438   31.820 x1.00] LOG  [AirPosePin] released, peak correction was 0.095m
[  6602   32.577 x1.00] LOG  💨 Landing VFX spawned!
[  6602   32.577 x1.00] LOG  ✅ LANDED! (was jump #1)
[  6633   32.721 x1.00] LOG  [Combat] Combo 1: 10 dmg
[  6633   32.721 x1.00] LOG  [ComboTrace] START step=1 state='Combo1' queued=0 target='OniBoss' at 3.3m
[  6633   32.721 x1.00] LOG  [ComboTrace] LAUNCH OniBoss at 2.0m dist=1.96m in 0.20s
[  6674   32.911 x1.00] LOG  [Combat] Queued click #1 (combo 1)
[  6674   32.911 x1.00] LOG  [ComboTrace] QUEUED #1 during step 1
[  6675   32.914 x1.00] LOG  [ComboTrace] LAUNCH RESULT wanted=1.96m actually moved=1.28m, completed
[  6715   33.084 x1.00] WARN The referenced script on this Behaviour (Game Object '<null>') is missing!
[  6715   33.084 x1.00] WARN The referenced script on this Behaviour (Game Object 'Lightning Light') is missing!
[  6715   33.084 x1.00] WARN The referenced script on this Behaviour (Game Object 'Lightning Light') is missing!
[  6731   33.146 x1.00] LOG  [Combat] Queued click #2 (combo 1)
[  6731   33.146 x1.00] LOG  [ComboTrace] QUEUED #2 during step 1
[  6734   33.178 x1.00] LOG  [OniBoss] Stagger → Chase
[  6735   33.181 x1.00] LOG  [OniBoss] Playing animation: Watch
[  6735   33.181 x1.00] LOG  [OniBoss] Combo started: swing1-2 (2 steps remaining)
[  6735   33.181 x1.00] LOG  [OniBoss] Chase → Attack
[  6735   33.181 x1.00] LOG  [OniBoss] Attack: Club_Swing (16 dmg)
[  6735   33.181 x1.00] LOG  [OniBoss:Trail] Club_Swing trail START at clip 1.00 (transition done).
[  6760   33.331 x1.00] LOG  OniBoss took 10 damage. HP: 335/500
[  6760   33.331 x1.00] LOG  [OniBoss] 🤕 Hit during Attack — flash only
[  6760   33.331 x1.00] LOG  [Combat] Hit OniBoss for 10
[  6760   33.331 x1.00] LOG  [CameraGameFeel] Shake: intensity=0.50 duration=0.200s
[  6760   33.331 x1.00] LOG  [CameraGameFeel] FOV punch: hit light (+1.5°)
[  6769   33.372 x1.00] LOG  [ComboTrace] CLICK IGNORED (step=1 queued=2)
[  6796   33.528 x1.00] LOG  🐾 VFX_AttackPaw triggered!
[  6798   33.537 x1.00] LOG  [CameraGameFeel] Shake: intensity=0.20 duration=0.250s
[  6798   33.537 x1.00] LOG  [Combat] Hit react: HitReact_Light_2Leg (0.5s, clip starts at 0.35s)
[  6798   33.537 x1.00] LOG  [CameraGameFeel] Shake: intensity=0.30 duration=0.200s
[  6798   33.537 x1.00] LOG  [CameraGameFeel] FOV punch: player damage (-2.0°)
[  6798   33.537 x1.00] LOG  [OniBoss] Hit player for 16 (Club_Swing)
[  6798   33.537 x1.00] LOG  [OniBoss:Touch] Club_Swing: club TOUCHED Yoru at clip 0.38 — shaft 0.54m from her body line, tip speed 171m/s, ONE FRAME EARLY (predicted). Full club hit delivered this frame.
[  6799   33.542 x1.00] LOG  [HitReactTrace] asked for 'HitReact_Light_2Leg' (0.50s, clip start 0.35s): NOT playing it, another state took the combat layer, blend resolved after 5 ms, state 1.23s long at speed 1.60, now at 0.78s, layer weight 1.00, animator.speed 1.00.
[  6806   33.581 x1.00] LOG  [OniBoss:ClubPos] Club_Swing at strike: club tip 3.02m up, 2.49m in front, -2.96m to his right (3.87m out from his centre). Club faces -83deg from his forward, pitch 0.41. (the ground wave is born 1.6m in front of him at 0.35m.)
[  6806   33.581 x1.00] LOG  [OniBoss:Layer] Club_Swing: club already hit — ground wave released as VISUAL only (0 damage).
[  6902   34.053 x1.00] LOG  [OniBoss] Attack → Recovery
[  6902   34.053 x1.00] LOG  [OniBoss] Playing animation: Watch
[  6902   34.053 x1.00] LOG  [OniBoss:Trail] trail END at clip 0.99, fading over 0.40s.
[  6902   34.053 x1.00] LOG  [OniBoss:Strike] Club_Swing: club tip closest to Yoru at 0.47m, clip position 0.91 | damage fires at 0.42 | clip 0.84s => damage fires 410 ms BEFORE the club is closest
[  6935   34.205 x1.00] LOG  [OniBoss] Recovery → Attack
[  6935   34.205 x1.00] LOG  [OniBoss] Attack: ClubSwing2 (16 dmg)
[  6935   34.205 x1.00] LOG  [OniBoss:Trail] ClubSwing2 trail START at clip 1.00 (transition still blending).
[  6944   34.258 x1.00] LOG  🚶 2-LEG JUMP
[  6944   34.258 x1.00] LOG  🐾 Jump 1 VFX spawned!
[  6961   34.327 x1.00] LOG  [ComboTrace] LAUNCH OniBoss at 0.7m dist=0.70m in 0.13s [AIRBORNE]
[  6961   34.327 x1.00] LOG  [Combat] Aerial spin, 25 dmg
[  6961   34.327 x1.00] LOG  OniBoss took 10 damage. HP: 325/500
[  6961   34.327 x1.00] LOG  [OniBoss] 🤕 Hit during Attack — flash only
[  6961   34.327 x1.00] LOG  [CameraGameFeel] Shake: intensity=0.50 duration=0.200s
[  6961   34.327 x1.00] LOG  [CameraGameFeel] FOV punch: hit light (+1.5°)
[  6961   34.327 x1.00] LOG  [AirPosePin] engaged, holding body at 0.570m above the transform
[  6988   34.461 x1.00] LOG  [ComboTrace] LAUNCH RESULT wanted=0.70m actually moved=0.00m, completed
[  6991   34.481 x1.00] LOG  OniBoss took 10 damage. HP: 315/500
[  6991   34.481 x1.00] LOG  [OniBoss] 🤕 Hit during Attack — flash only
[  6991   34.481 x1.00] LOG  [CameraGameFeel] Shake: intensity=0.18 duration=0.200s
[  7021   34.631 x1.00] LOG  OniBoss took 10 damage. HP: 305/500
[  7021   34.631 x1.00] LOG  [OniBoss] 🤕 Hit during Attack — flash only
[  7021   34.631 x1.00] LOG  [OniBoss] Attack → Stagger
[  7021   34.631 x1.00] LOG  [OniBoss] Playing animation: Stagger
[  7021   34.631 x1.00] LOG  [OniBoss] STAGGERED for 2.5s
[  7021   34.631 x1.00] LOG  [OniBoss:Layer] heavy knock-back react (swirl burst, 3 hits / 30 dmg) → 'HitReact_Heavy', down for 1.80s
[  7021   34.631 x1.00] LOG  [OniBoss:Layer] burst: 3 hits / 30 dmg inside 0.8s → knock-back + 0.90m push
[  7021   34.631 x1.00] LOG  [CameraGameFeel] Shake: intensity=0.18 duration=0.200s
[  7021   34.631 x1.00] LOG  [OniBoss:Touch] ClubSwing2: no touch this swing — closest 1.30m at clip 0.28, fastest tip 111m/s (radius 0.70, min speed 50).
[  7021   34.631 x1.00] LOG  [OniBoss:Strike] ClubSwing2: club tip closest to Yoru at 2.33m, clip position 0.29 | damage fires at 0.32 | clip 1.17s => damage fires 31 ms AFTER the club is closest — it lands once the club has passed her
[  7022   34.637 x1.00] LOG  [OniBoss:Trail] trail END at clip 0.33, fading over 0.40s.
[  7049   34.782 x1.00] LOG  OniBoss punish window! 10 → 15 (x1.5)
[  7049   34.782 x1.00] LOG  OniBoss took 15 damage. HP: 290/500
[  7049   34.782 x1.00] LOG  [CameraGameFeel] Shake: intensity=0.18 duration=0.200s
[  7077   34.935 x1.00] LOG  OniBoss punish window! 10 → 15 (x1.5)
[  7077   34.935 x1.00] LOG  OniBoss took 15 damage. HP: 275/500
[  7077   34.935 x1.00] LOG  [CameraGameFeel] Shake: intensity=0.18 duration=0.200s
[  7108   35.081 x1.00] LOG  [ComboTrace] END step=3 clipProgress=0.90 clipLen=0.79s queued=0 elapsed=0.75s
[  7109   35.085 x1.00] LOG  [AirPosePin] released, peak correction was -0.115m
[  7134   35.197 x1.00] LOG  💨 Landing VFX spawned!
[  7134   35.197 x1.00] LOG  ✅ LANDED! (was jump #1)
[  7160   35.320 x1.00] LOG  🚶 2-LEG JUMP
[  7160   35.320 x1.00] LOG  🐾 Jump 1 VFX spawned!
[  7281   35.914 x1.00] LOG  [ComboTrace] LAUNCH OniBoss at 1.9m dist=1.88m in 0.19s [AIRBORNE]
[  7281   35.914 x1.00] LOG  [Combat] Aerial spin, 25 dmg
[  7281   35.914 x1.00] LOG  [AirPosePin] engaged, holding body at 2.504m above the transform
[  7312   36.074 x1.00] LOG  OniBoss punish window! 10 → 15 (x1.5)
[  7312   36.074 x1.00] LOG  OniBoss took 15 damage. HP: 260/500
[  7312   36.074 x1.00] LOG  [CameraGameFeel] Shake: intensity=0.50 duration=0.200s
[  7312   36.074 x1.00] LOG  [CameraGameFeel] FOV punch: hit light (+1.5°)
[  7319   36.106 x1.00] LOG  [ComboTrace] LAUNCH RESULT wanted=1.88m actually moved=1.34m, completed
[  7343   36.231 x1.00] LOG  OniBoss punish window! 10 → 15 (x1.5)
[  7343   36.231 x1.00] LOG  OniBoss took 15 damage. HP: 245/500
[  7343   36.231 x1.00] LOG  [CameraGameFeel] Shake: intensity=0.18 duration=0.200s
[  7344   36.236 x1.00] LOG  [OniBoss] ⚡ PHASE 2 ACTIVATED
[  7344   36.236 x1.00] LOG  [OniBoss:Layer] PHASE 2: health snapped 245 → 250 (exactly half) for the phase-2 start.
[  7344   36.236 x1.00] LOG  [OniBoss] STAGGERED (parry) for 3s
[  7344   36.236 x0.45] LOG  [Combat] Combat reset
[  7344   36.236 x0.45] LOG  [OniBoss:Cine] CINEMATIC ON — hard cut, bars in, world at x0.45, roar at x0.80 + 0.9s linger, rise at x0.45, beat frames 27-37/94 at x0.20, hang 2.0s, orbit roar 120° / rise 40° / drop 30°, lens 65° locked, fill 0.70, screen-y 0.40/0.33, apex at clip 0.40.
[  7344   36.236 x0.45] LOG  [OniBoss:Layer] PHASE 2: transition 'Phase_Transition' driven at x0.60 + 0.6s hold — untouchable, roar at 0.60
[  7344   36.236 x0.45] LOG  [BossBar] Hiding bar INSTANTLY (cinematic)
[  7344   36.236 x0.45] LOG  [OniBoss:Layer] boss bar hidden (cinematic)
[  7344   36.236 x0.45] LOG  [AirPosePin] released, peak correction was 1.721m
[  7345   36.244 x0.45] LOG  [OniBoss:Layer] PHASE 2: clip is 2.42s — cinematic: scream ~1.81s in + 0.9s linger
[  7353   36.277 x0.45] LOG  💨 Landing VFX spawned!
[  7353   36.277 x0.45] LOG  ✅ LANDED! (was jump #1)
[  7715   38.052 x0.45] LOG  [CameraGameFeel] Shake: intensity=0.60 duration=0.500s
[  7715   38.052 x0.45] LOG  [OniBoss:Layer] PHASE 2: roar at 1.45 clip-s
[  7905   38.955 x0.45] LOG  [OniBoss:Layer] PHASE 2: transition over after 2.72s real — he is back, and angrier
[  7905   38.955 x0.45] LOG  [OniBoss:Layer] PHASE 2: chaining into the GROUND POUND — no pause. The cinematic rides along until the top of the jump.
[  7905   38.955 x0.45] LOG  [OniBoss] STAGGERED (parry) for 3s
[  7905   38.955 x0.45] LOG  [OniBoss:Layer] GROUND POUND (phase-2 entrance): driving 'Ground_Pound' at x1.00, slam at 0.60, cinematic until the apex at 0.40
[  7906   38.962 x0.45] LOG  [OniBoss:Layer] GROUND POUND: clip is 3.13s
[  8345   40.961 x0.45] LOG  [StormWeather] storm break released
[  8345   40.961 x0.45] LOG  [CameraGameFeel] Shake: intensity=0.90 duration=0.500s
[  8345   40.961 x0.45] LOG  [OniBoss:Cine] LIGHTNING BEAT — sky show off, single strike 'LightningOrbSoftYellow'.
[  8346   40.966 x0.20] LOG  [StormWeather] ⚡ strike at (471.02, 45.00, 444.62)
[  8346   40.966 x0.20] LOG  [StormWeather] COZY → 'Yoru_Oni_Phase2_Storm' (the sky answers, storm chaos)
[  8346   40.966 x0.20] LOG  [StormWeather] fur lights boosted for the storm: fill 1.45, rim x1.30.
[  8346   40.966 x0.20] LOG  [StormWeather] PHASE 2 - storm breaking.
[  8347   40.973 x0.20] EXC  NullReferenceException: Object reference not set to an instance of an object
        at DistantLands.Cozy.Data.ThunderFX.InitializeEffect (DistantLands.Cozy.CozyWeather weather) (at ./Packages/com.distantlands.cozy.core/Runtime/Data/FX/ThunderFX.cs:52)
        at DistantLands.Cozy.Data.ThunderFX.PlayEffect (System.Single weight) (at ./Packages/com.distantlands.cozy.core/Runtime/Data/FX/ThunderFX.cs:36)
        at DistantLands.Cozy.CozyEcosystem.UpdateEcosystem () (at ./Packages/com.distantlands.cozy.core/Runtime/Core/CozyEcosystem.cs:201)
        at DistantLands.Cozy.CozyWeatherModule.UpdateWeatherWeights () (at ./Packages/com.distantlands.cozy.core/Runtime/Modules/CozyWeatherModule.cs:109)
[  8348   40.978 x0.20] EXC  NullReferenceException: Object reference not set to an instance of an object
        at DistantLands.Cozy.Data.ParticleFX.InitializeEffect (DistantLands.Cozy.CozyWeather weather) (at ./Packages/com.distantlands.cozy.core/Runtime/Data/FX/ParticleFX.cs:53)
        at DistantLands.Cozy.Data.ParticleFX.PlayEffect (System.Single intensity) (at ./Packages/com.distantlands.cozy.core/Runtime/Data/FX/ParticleFX.cs:28)
        at DistantLands.Cozy.Data.WeatherProfile.SetWeatherWeight (System.Single weightVal) (at ./Packages/com.distantlands.cozy.core/Runtime/Data/WeatherProfile.cs:44)
        at DistantLands.Cozy.CozyWeatherModule.UpdateFXWeights () (at ./Packages/com.distantlands.cozy.core/Runtime/Modules/CozyWeatherModule.cs:129)
[  8349   40.981 x0.20] EXC  NullReferenceException: Object reference not set to an instance of an object
        at DistantLands.Cozy.Data.AudioFX.InitializeEffect (DistantLands.Cozy.CozyWeather weather) (at ./Packages/com.distantlands.cozy.core/Runtime/Data/FX/AudioFX.cs:57)
        at DistantLands.Cozy.Data.AudioFX.PlayEffect (System.Single weight) (at ./Packages/com.distantlands.cozy.core/Runtime/Data/FX/AudioFX.cs:30)
        at DistantLands.Cozy.Data.WeatherProfile.SetWeatherWeight (System.Single weightVal) (at ./Packages/com.distantlands.cozy.core/Runtime/Data/WeatherProfile.cs:44)
        at DistantLands.Cozy.CozyWeatherModule.UpdateFXWeights () (at ./Packages/com.distantlands.cozy.core/Runtime/Modules/CozyWeatherModule.cs:129)
[  9067   44.663 x1.00] LOG  [OniBoss:Cine] the DROP at clip 0.40 (hung 2.0s) — full speed, the camera rides him DOWN.
[  9183   45.288 x1.00] LOG  [CameraGameFeel] FOV punch: hit light (+1.5°)
[  9183   45.288 x1.00] LOG  [StormWeather] storm break released
[  9183   45.288 x1.00] LOG  [OniBoss:Cine] CINEMATIC OFF (he LANDS at clip 0.60) — control returned, bars out, camera hands over in 0.30s. Lens locked at 65°; the camera stepped back to 23.0m at the farthest.
[  9183   45.288 x1.00] LOG  [CameraGameFeel] Shake: intensity=1.10 duration=0.800s
[  9183   45.288 x1.00] LOG  [OniBoss:Pound] SLAM at clip 0.60 (1.88 clip-s) — ring 12m/s out to 12m, 45 damage, jumpable.
[  9184   45.298 x1.00] LOG  [BossBar] Showing bar for: Oni (250/500)
[  9184   45.298 x1.00] LOG  [OniBoss:Layer] boss bar shown
[  9184   45.298 x1.00] LOG  [BossBar] Bar switched to phase 2
[  9184   45.298 x1.00] LOG  [OniBoss:Layer] boss bar → phase 2 crimson
[  9219   45.453 x1.00] LOG  [Combat] Hit react: HitReact_Heavy_2Leg (0.9s, clip starts at 0.35s)
[  9219   45.453 x1.00] LOG  [CameraGameFeel] Shake: intensity=0.60 duration=0.200s
[  9219   45.453 x1.00] LOG  [CameraGameFeel] FOV punch: player damage (-3.0°)
[  9219   45.453 x1.00] LOG  [OniBoss:Pound] shockwave CAUGHT Yoru (grounded) at 2.8m for 45.
[  9224   45.473 x1.00] LOG  [HitReactTrace] asked for 'HitReact_Heavy_2Leg' (0.90s, clip start 0.35s): playing it, blend resolved after 19 ms, state 1.21s long at speed 1.00, now at 0.37s, layer weight 1.00, animator.speed 1.00.
[  9315   45.917 x1.00] LOG  [StormWeather] storm post weight -> 1.00
[  9456   46.537 x1.00] LOG  [OniBoss] Stagger → Chase
[  9456   46.537 x1.00] LOG  [OniBoss:Cine] first-attack GRACE — at least 2.0s before he may swing.
[  9456   46.537 x1.00] LOG  [OniBoss:Layer] GROUND POUND: done — the engine is his again.
[  9457   46.543 x1.00] LOG  [OniBoss] Playing animation: Idle
[  9457   46.543 x1.00] LOG  [OniBoss] Playing animation: Walk
[  9814   48.138 x1.00] LOG  [OniBoss] Playing animation: Idle
[  9896   48.539 x1.00] LOG  [OniBoss] Combo started: ClubSwing1 → ClubSwing2 → ClubSlam (3 steps remaining)
[  9896   48.539 x1.00] LOG  [OniBoss] Chase → Attack
[  9896   48.539 x1.00] LOG  [OniBoss] Attack: Club_Swing (16 dmg)
[  9896   48.539 x1.00] LOG  [OniBoss:Trail] Club_Swing trail START at clip 0.26 (transition done).
[  9961   48.853 x1.00] LOG  [CameraGameFeel] Shake: intensity=0.20 duration=0.250s
[  9961   48.853 x1.00] LOG  [Combat] Hit react: HitReact_Light_2Leg (0.5s, clip starts at 0.35s)
[  9961   48.853 x1.00] LOG  [CameraGameFeel] Shake: intensity=0.30 duration=0.200s
[  9961   48.853 x1.00] LOG  [CameraGameFeel] FOV punch: player damage (-2.0°)
[  9961   48.853 x1.00] LOG  [OniBoss] Hit player for 16 (Club_Swing)
[  9961   48.853 x1.00] LOG  [OniBoss:Touch] Club_Swing: club TOUCHED Yoru at clip 0.38 — shaft 0.55m from her body line, tip speed 172m/s, ONE FRAME EARLY (predicted). Full club hit delivered this frame.
[  9962   48.864 x1.00] LOG  [HitReactTrace] asked for 'HitReact_Light_2Leg' (0.50s, clip start 0.35s): NOT playing it, another state took the combat layer, blend resolved after 11 ms, state 1.00s long at speed 1.00, now at 2.54s, layer weight 1.00, animator.speed 1.00.
[  9969   48.896 x1.00] LOG  [OniBoss:ClubPos] Club_Swing at strike: club tip 3.02m up, 2.65m in front, -2.88m to his right (3.91m out from his centre). Club faces -79deg from his forward, pitch 0.40. (the ground wave is born 1.6m in front of him at 0.35m.)
[  9969   48.896 x1.00] LOG  [OniBoss:Layer] Club_Swing: club already hit — ground wave released as VISUAL only (0 damage).
[ 10000   49.025 x1.00] WARN The referenced script on this Behaviour (Game Object '<null>') is missing!
[ 10000   49.025 x1.00] WARN The referenced script on this Behaviour (Game Object 'Lightning Light') is missing!
[ 10000   49.025 x1.00] WARN The referenced script on this Behaviour (Game Object 'Lightning Light') is missing!
[ 10062   49.375 x1.00] LOG  [OniBoss] Attack → Recovery
[ 10062   49.375 x1.00] LOG  [OniBoss] Playing animation: Watch
[ 10062   49.375 x1.00] LOG  [OniBoss:Trail] trail END at clip 0.99, fading over 0.40s.
[ 10062   49.375 x1.00] LOG  [OniBoss:Strike] Club_Swing: club tip closest to Yoru at 1.01m, clip position 0.93 | damage fires at 0.42 | clip 0.84s => damage fires 424 ms BEFORE the club is closest
[ 10085   49.529 x1.00] LOG  [OniBoss] Recovery → Attack
[ 10085   49.529 x1.00] LOG  [OniBoss] Attack: ClubSwing2 (16 dmg)
[ 10085   49.529 x1.00] LOG  [OniBoss:Trail] ClubSwing2 trail START at clip 1.00 (transition still blending).
[ 10160   49.874 x1.00] LOG  [CameraGameFeel] Shake: intensity=0.20 duration=0.250s
[ 10160   49.874 x1.00] LOG  [Combat] Hit react: HitReact_Light_2Leg (0.5s, clip starts at 0.35s)
[ 10160   49.874 x1.00] LOG  [CameraGameFeel] Shake: intensity=0.30 duration=0.200s
[ 10160   49.874 x1.00] LOG  [CameraGameFeel] FOV punch: player damage (-2.0°)
[ 10160   49.874 x1.00] LOG  [OniBoss] Hit player for 20 (ClubSwing2) [combo x1.25]
[ 10160   49.874 x1.00] LOG  [OniBoss:Touch] ClubSwing2: club TOUCHED Yoru at clip 0.30 — shaft 0.55m from her body line, tip speed 106m/s, ONE FRAME EARLY (predicted). Full club hit delivered this frame.
[ 10161   49.879 x1.00] LOG  [HitReactTrace] asked for 'HitReact_Light_2Leg' (0.50s, clip start 0.35s): NOT playing it, another state took the combat layer, blend resolved after 5 ms, state 1.00s long at speed 1.00, now at 0.51s, layer weight 1.00, animator.speed 1.00.
[ 10167   49.914 x1.00] LOG  [OniBoss:ClubPos] ClubSwing2 at strike: club tip 0.06m up, 1.90m in front, 2.31m to his right (2.99m out from his centre). Club faces 1deg from his forward, pitch -0.87. (the ground wave is born 1.6m in front of him at 0.35m.)
[ 10167   49.914 x1.00] LOG  [OniBoss:Layer] ClubSwing2: club already hit — ground wave released as VISUAL only (0 damage).
[ 10332   50.697 x1.00] LOG  [OniBoss] Attack → Recovery
[ 10332   50.697 x1.00] LOG  [OniBoss] Playing animation: Watch
[ 10332   50.697 x1.00] LOG  [OniBoss:Trail] trail END at clip 1.00, fading over 0.40s.
[ 10332   50.697 x1.00] LOG  [OniBoss:Strike] ClubSwing2: club tip closest to Yoru at 0.77m, clip position 0.30 | damage fires at 0.32 | clip 1.17s => MATCHED (within one or two frames)
[ 10362   50.848 x1.00] LOG  [OniBoss] Recovery → Attack
[ 10362   50.848 x1.00] LOG  [OniBoss] Attack: ClubSlam (20 dmg)
[ 10362   50.848 x1.00] LOG  [OniBoss:Trail] ClubSlam trail START at clip 1.00 (transition still blending).
[ 10375   50.922 x1.00] WARN The referenced script on this Behaviour (Game Object '<null>') is missing!
[ 10375   50.922 x1.00] WARN The referenced script on this Behaviour (Game Object 'Lightning Light') is missing!
[ 10375   50.922 x1.00] WARN The referenced script on this Behaviour (Game Object 'Lightning Light') is missing!
[ 10430   51.254 x1.00] LOG  [CameraGameFeel] Shake: intensity=0.50 duration=0.400s
[ 10430   51.254 x1.00] LOG  [Combat] Hit react: HitReact_Heavy_2Leg (0.9s, clip starts at 0.35s)
[ 10430   51.254 x1.00] LOG  [CameraGameFeel] Shake: intensity=0.60 duration=0.200s
[ 10430   51.254 x1.00] LOG  [CameraGameFeel] FOV punch: player damage (-3.0°)
[ 10430   51.254 x1.00] LOG  [OniBoss] Hit player for 30 (ClubSlam) [combo x1.50]
[ 10430   51.254 x1.00] LOG  [OniBoss:Touch] ClubSlam: club TOUCHED Yoru at clip 0.44 — shaft 0.50m from her body line, tip speed 118m/s, ONE FRAME EARLY (predicted). Full club hit delivered this frame.
[ 10431   51.265 x1.00] LOG  [HitReactTrace] asked for 'HitReact_Heavy_2Leg' (0.90s, clip start 0.35s): NOT playing it, another state took the combat layer, blend resolved after 11 ms, state 1.00s long at speed 1.00, now at 0.88s, layer weight 1.00, animator.speed 1.00.
[ 10463   51.444 x1.00] WARN The referenced script on this Behaviour (Game Object '<null>') is missing!
[ 10463   51.444 x1.00] WARN The referenced script on this Behaviour (Game Object 'Lightning Light') is missing!
[ 10463   51.444 x1.00] WARN The referenced script on this Behaviour (Game Object 'Lightning Light') is missing!
[ 10502   51.639 x1.00] LOG  [OniBoss:ClubPos] ClubSlam at strike: club tip 0.52m up, 2.91m in front, -0.09m to his right (2.91m out from his centre). Club faces 9deg from his forward, pitch -0.27. (the ground wave is born 1.6m in front of him at 0.35m.)
[ 10502   51.639 x1.00] LOG  [OniBoss:Layer] ClubSlam: club already hit — ground wave released as VISUAL only (0 damage), finisher size x2.0.
[ 10523   51.769 x1.00] LOG  [OniBoss] Attack → Recovery
[ 10523   51.769 x1.00] LOG  [OniBoss] Playing animation: Watch
[ 10523   51.769 x1.00] LOG  [OniBoss:Trail] trail END at clip 0.99, fading over 0.40s.
[ 10523   51.769 x1.00] LOG  [OniBoss:Strike] ClubSlam: club tip closest to Yoru at 0.58m, clip position 0.83 | damage fires at 0.85 | clip 0.93s => MATCHED (within one or two frames)
[ 10546   51.919 x1.00] LOG  [OniBoss] Recovery → Chase
[ 10547   51.924 x1.00] LOG  [OniBoss] hold-ground: BACKSTEP 1.5m (player 2.6m)
[ 10658   52.505 x1.00] LOG  [StormWeather] ⚡ strike at (485.19, 45.00, 453.76)
[ 10728   52.869 x1.00] LOG  [OniBoss] hold-ground: backstep done (1.51m), WATCH (player 4.1m, cooldown 0.3s)
[ 10728   52.869 x1.00] LOG  [OniBoss] Playing animation: Watch
[ 10782   53.120 x1.00] LOG  [OniBoss] hold-ground: cooldown over, player 4.1m > 3.5m — APPROACH
[ 10782   53.120 x1.00] LOG  [OniBoss] Playing animation: Walk
[ 10843   53.437 x1.00] WARN The referenced script on this Behaviour (Game Object '<null>') is missing!
[ 10843   53.437 x1.00] WARN The referenced script on this Behaviour (Game Object 'Lightning Light') is missing!
[ 10843   53.437 x1.00] WARN The referenced script on this Behaviour (Game Object 'Lightning Light') is missing!
[ 10888   53.715 x1.00] LOG  [OniBoss] Combo started: swing1-2 (2 steps remaining)
[ 10888   53.715 x1.00] LOG  [OniBoss] Chase → Attack
[ 10888   53.715 x1.00] LOG  [OniBoss] Attack: Club_Swing (16 dmg)
[ 10888   53.715 x1.00] LOG  [OniBoss:Trail] Club_Swing trail START at clip 0.32 (transition done).
[ 10890   53.735 x1.00] LOG  [OniBoss:Layer] step-in: 'Club_Swing' closed 0.07m, Yoru now 3.0m away (range 3.5)
[ 10945   54.071 x1.00] LOG  [OniBoss:ClubPos] Club_Swing at strike: club tip 3.02m up, 2.70m in front, -2.84m to his right (3.92m out from his centre). Club faces -78deg from his forward, pitch 0.40. (the ground wave is born 1.6m in front of him at 0.35m.)
[ 10945   54.071 x1.00] LOG  [OniBoss:Layer] Club_Swing: club has not connected — ground wave released ARMED, 1.6m in front, 12m/s x 6.0m = 0.50s, carrying 8 (half of the club's 16).
[ 10946   54.076 x1.00] LOG  [Combat] Hit react: HitReact_Light_2Leg (0.5s, clip starts at 0.35s)
[ 10946   54.076 x1.00] LOG  [CameraGameFeel] Shake: intensity=0.30 duration=0.200s
[ 10946   54.076 x1.00] LOG  [CameraGameFeel] FOV punch: player damage (-2.0°)
[ 10946   54.076 x1.00] LOG  [OniBoss:Wave] wave TOUCHED Yoru (grounded) for 8 after 0.1m / 0.00s of travel.
[ 10950   54.097 x1.00] LOG  [HitReactTrace] asked for 'HitReact_Light_2Leg' (0.50s, clip start 0.35s): playing it, blend resolved after 21 ms, state 1.21s long at speed 1.00, now at 0.37s, layer weight 1.00, animator.speed 1.00.
[ 11041   54.555 x1.00] LOG  [OniBoss] Attack → Recovery
[ 11041   54.555 x1.00] LOG  [OniBoss] Playing animation: Watch
[ 11041   54.555 x1.00] LOG  [OniBoss:Trail] trail END at clip 0.99, fading over 0.40s.
[ 11041   54.555 x1.00] LOG  [OniBoss:Strike] Club_Swing: club tip closest to Yoru at 1.49m, clip position 0.91 | damage fires at 0.42 | clip 0.84s => damage fires 411 ms BEFORE the club is closest
[ 11062   54.665 x1.00] WARN The referenced script on this Behaviour (Game Object '<null>') is missing!
[ 11062   54.665 x1.00] WARN The referenced script on this Behaviour (Game Object 'Lightning Light') is missing!
[ 11062   54.665 x1.00] WARN The referenced script on this Behaviour (Game Object 'Lightning Light') is missing!
[ 11069   54.709 x1.00] LOG  [OniBoss] Recovery → Attack
[ 11069   54.709 x1.00] LOG  [OniBoss] Attack: ClubSwing2 (16 dmg)
[ 11069   54.709 x1.00] LOG  [OniBoss:Trail] ClubSwing2 trail START at clip 1.00 (transition still blending).
[ 11130   55.048 x1.00] LOG  [CameraGameFeel] Shake: intensity=0.20 duration=0.250s
[ 11130   55.048 x1.00] LOG  [Combat] Hit react: HitReact_Heavy_2Leg (0.9s, clip starts at 0.35s)
[ 11130   55.048 x1.00] LOG  [CameraGameFeel] Shake: intensity=0.60 duration=0.200s
[ 11130   55.048 x1.00] LOG  [CameraGameFeel] FOV punch: player damage (-3.0°)
[ 11130   55.048 x1.00] LOG  [OniBoss] Hit player for 24 (ClubSwing2) [combo x1.50]
[ 11130   55.048 x1.00] LOG  [OniBoss:Touch] ClubSwing2: club TOUCHED Yoru at clip 0.29 — shaft 0.52m from her body line, tip speed 102m/s, ONE FRAME EARLY (predicted). Full club hit delivered this frame.
[ 11131   55.053 x1.00] LOG  [HitReactTrace] asked for 'HitReact_Heavy_2Leg' (0.90s, clip start 0.35s): NOT playing it, another state took the combat layer, blend resolved after 5 ms, state 1.00s long at speed 1.00, now at 0.47s, layer weight 1.00, animator.speed 1.00.
[ 11135   55.087 x1.00] LOG  [OniBoss:ClubPos] ClubSwing2 at strike: club tip 0.05m up, 1.94m in front, 2.26m to his right (2.98m out from his centre). Club faces -2deg from his forward, pitch -0.87. (the ground wave is born 1.6m in front of him at 0.35m.)
[ 11135   55.087 x1.00] LOG  [OniBoss:Layer] ClubSwing2: club already hit — ground wave released as VISUAL only (0 damage), finisher size x2.0.
[ 11294   55.872 x1.00] LOG  [OniBoss] Attack → Recovery
[ 11294   55.872 x1.00] LOG  [OniBoss] Playing animation: Watch
[ 11294   55.872 x1.00] LOG  [OniBoss:Trail] trail END at clip 0.99, fading over 0.40s.
[ 11294   55.872 x1.00] LOG  [OniBoss:Strike] ClubSwing2: club tip closest to Yoru at 0.45m, clip position 0.30 | damage fires at 0.32 | clip 1.17s => MATCHED (within one or two frames)
[ 11316   55.970 x1.00] LOG  [StormWeather] ⚡ strike at (473.08, 45.00, 437.58)
[ 11325   56.025 x1.00] LOG  [OniBoss] Recovery → Chase
[ 11326   56.029 x1.00] LOG  [OniBoss] hold-ground: BACKSTEP 1.5m (player 3.0m)
[ 11338   56.096 x1.00] WARN The referenced script on this Behaviour (Game Object '<null>') is missing!
[ 11338   56.096 x1.00] WARN The referenced script on this Behaviour (Game Object 'Lightning Light') is missing!
[ 11338   56.096 x1.00] WARN The referenced script on this Behaviour (Game Object 'Lightning Light') is missing!
[ 11469   56.859 x1.00] LOG  [OniBoss] hold-ground: backstep done (1.33m), WATCH (player 4.3m, cooldown 0.4s)
[ 11469   56.859 x1.00] LOG  [OniBoss] Playing animation: Idle
[ 11543   57.225 x1.00] LOG  [OniBoss] hold-ground: cooldown over, player 4.3m > 3.5m — APPROACH
[ 11543   57.225 x1.00] LOG  [OniBoss] Playing animation: Walk
[ 11675   57.926 x1.00] LOG  [OniBoss] Chase → Attack
[ 11675   57.926 x1.00] LOG  [OniBoss] Attack: Club_Swing (16 dmg)
[ 11675   57.926 x1.00] LOG  [OniBoss:Trail] Club_Swing trail START at clip 0.38 (transition done).
[ 11678   57.946 x1.00] LOG  [OniBoss:Layer] step-in: 'Club_Swing' closed 0.08m, Yoru now 3.0m away (range 3.5)
[ 11745   58.286 x1.00] LOG  [OniBoss:ClubPos] Club_Swing at strike: club tip 3.02m up, 2.78m in front, -2.79m to his right (3.94m out from his centre). Club faces -76deg from his forward, pitch 0.40. (the ground wave is born 1.6m in front of him at 0.35m.)
[ 11745   58.286 x1.00] LOG  [OniBoss:Layer] Club_Swing: club has not connected — ground wave released ARMED, 1.6m in front, 12m/s x 6.0m = 0.50s, carrying 8 (half of the club's 16).
[ 11746   58.290 x1.00] LOG  [Combat] Hit react: HitReact_Light_2Leg (0.5s, clip starts at 0.35s)
[ 11746   58.290 x1.00] LOG  [CameraGameFeel] Shake: intensity=0.30 duration=0.200s
[ 11746   58.290 x1.00] LOG  [CameraGameFeel] FOV punch: player damage (-2.0°)
[ 11746   58.290 x1.00] LOG  [OniBoss:Wave] wave TOUCHED Yoru (grounded) for 8 after 0.1m / 0.00s of travel.
[ 11751   58.317 x1.00] LOG  [HitReactTrace] asked for 'HitReact_Light_2Leg' (0.50s, clip start 0.35s): playing it, blend resolved after 27 ms, state 1.21s long at speed 1.00, now at 0.37s, layer weight 1.00, animator.speed 1.00.
[ 11820   58.653 x1.00] LOG  [StormWeather] ⚡ strike at (490.79, 45.00, 442.97)
[ 11838   58.761 x1.00] LOG  [OniBoss] Attack → Recovery
[ 11838   58.761 x1.00] LOG  [OniBoss] Playing animation: Watch
[ 11838   58.761 x1.00] LOG  [OniBoss:Trail] trail END at clip 0.99, fading over 0.40s.
[ 11838   58.761 x1.00] LOG  [OniBoss:Strike] Club_Swing: club tip closest to Yoru at 1.50m, clip position 0.91 | damage fires at 0.42 | clip 0.84s => damage fires 410 ms BEFORE the club is closest
[ 11869   58.912 x1.00] LOG  [OniBoss] Recovery → Chase
[ 11870   58.916 x1.00] LOG  [OniBoss] hold-ground: BACKSTEP 1.5m (player 3.0m)
[ 11890   59.012 x1.00] WARN The referenced script on this Behaviour (Game Object '<null>') is missing!
[ 11890   59.012 x1.00] WARN The referenced script on this Behaviour (Game Object 'Lightning Light') is missing!
[ 11890   59.012 x1.00] WARN The referenced script on this Behaviour (Game Object 'Lightning Light') is missing!
[ 12021   59.745 x1.00] LOG  [OniBoss] hold-ground: backstep done (1.32m), WATCH (player 4.3m, cooldown 0.4s)
[ 12021   59.745 x1.00] LOG  [OniBoss] Playing animation: Idle
[ 12094   60.113 x1.00] LOG  [OniBoss] hold-ground: cooldown over, player 4.3m > 3.5m — APPROACH
[ 12094   60.113 x1.00] LOG  [OniBoss] Playing animation: Walk
[ 12234   60.820 x1.00] LOG  [OniBoss] Combo started: swing1-2 (2 steps remaining)
[ 12234   60.820 x1.00] LOG  [OniBoss] Chase → Attack
[ 12234   60.820 x1.00] LOG  [OniBoss] Attack: Club_Swing (16 dmg)
[ 12234   60.820 x1.00] LOG  [OniBoss:Trail] Club_Swing trail START at clip 0.38 (transition done).
[ 12236   60.840 x1.00] LOG  [OniBoss:Layer] step-in: 'Club_Swing' closed 0.06m, Yoru now 3.0m away (range 3.5)
[ 12244   60.878 x1.00] LOG  [StormWeather] ⚡ strike at (490.08, 45.00, 450.50)
[ 12285   61.101 x1.00] WARN The referenced script on this Behaviour (Game Object '<null>') is missing!
[ 12285   61.101 x1.00] WARN The referenced script on this Behaviour (Game Object 'Lightning Light') is missing!
[ 12285   61.101 x1.00] WARN The referenced script on this Behaviour (Game Object 'Lightning Light') is missing!
[ 12291   61.139 x1.00] LOG  [CameraGameFeel] Shake: intensity=0.20 duration=0.250s
[ 12291   61.139 x1.00] LOG  [Combat] Hit react: HitReact_Light_2Leg (0.5s, clip starts at 0.35s)
[ 12291   61.139 x1.00] LOG  [CameraGameFeel] Shake: intensity=0.30 duration=0.200s
[ 12291   61.139 x1.00] LOG  [CameraGameFeel] FOV punch: player damage (-2.0°)
[ 12291   61.139 x1.00] LOG  [OniBoss] Hit player for 16 (Club_Swing)
[ 12291   61.139 x1.00] LOG  [OniBoss:Touch] Club_Swing: club TOUCHED Yoru at clip 0.38 — shaft 0.32m from her body line, tip speed 172m/s, ONE FRAME EARLY (predicted). Full club hit delivered this frame.
[ 12292   61.144 x1.00] LOG  [HitReactTrace] asked for 'HitReact_Light_2Leg' (0.50s, clip start 0.35s): NOT playing it, another state took the combat layer, blend resolved after 5 ms, state 1.00s long at speed 1.00, now at 2.34s, layer weight 1.00, animator.speed 1.00.
[ 12298   61.178 x1.00] LOG  [OniBoss:ClubPos] Club_Swing at strike: club tip 3.02m up, 2.77m in front, -2.80m to his right (3.94m out from his centre). Club faces -77deg from his forward, pitch 0.40. (the ground wave is born 1.6m in front of him at 0.35m.)
[ 12298   61.178 x1.00] LOG  [OniBoss:Layer] Club_Swing: club already hit — ground wave released as VISUAL only (0 damage).
[ 12346   61.476 x1.00] WARN The referenced script on this Behaviour (Game Object '<null>') is missing!
[ 12346   61.476 x1.00] WARN The referenced script on this Behaviour (Game Object 'Lightning Light') is missing!
[ 12346   61.476 x1.00] WARN The referenced script on this Behaviour (Game Object 'Lightning Light') is missing!
[ 12364   61.605 x1.00] WARN The referenced script on this Behaviour (Game Object '<null>') is missing!
[ 12364   61.605 x1.00] WARN The referenced script on this Behaviour (Game Object 'Lightning Light') is missing!
[ 12364   61.605 x1.00] WARN The referenced script on this Behaviour (Game Object 'Lightning Light') is missing!
[ 12373   61.662 x1.00] LOG  [OniBoss] Attack → Recovery
[ 12373   61.662 x1.00] LOG  [OniBoss] Playing animation: Watch
[ 12373   61.662 x1.00] LOG  [OniBoss:Trail] trail END at clip 1.00, fading over 0.40s.
[ 12373   61.662 x1.00] LOG  [OniBoss:Strike] Club_Swing: club tip closest to Yoru at 1.49m, clip position 0.91 | damage fires at 0.42 | clip 0.84s => damage fires 410 ms BEFORE the club is closest
[ 12394   61.813 x1.00] LOG  [OniBoss] Recovery → Attack
[ 12394   61.813 x1.00] LOG  [OniBoss] Attack: ClubSwing2 (16 dmg)
[ 12394   61.813 x1.00] LOG  [OniBoss:Trail] ClubSwing2 trail START at clip 1.00 (transition still blending).
[ 12445   62.150 x1.00] LOG  [CameraGameFeel] Shake: intensity=0.20 duration=0.250s
[ 12445   62.150 x1.00] LOG  [Combat] Hit react: HitReact_Heavy_2Leg (0.9s, clip starts at 0.35s)
[ 12445   62.150 x1.00] LOG  [CameraGameFeel] Shake: intensity=0.60 duration=0.200s
[ 12445   62.150 x1.00] LOG  [CameraGameFeel] FOV punch: player damage (-3.0°)
[ 12445   62.150 x1.00] LOG  [OniBoss] Hit player for 24 (ClubSwing2) [combo x1.50]
[ 12445   62.150 x1.00] LOG  [OniBoss:Touch] ClubSwing2: club TOUCHED Yoru at clip 0.29 — shaft 0.61m from her body line, tip speed 100m/s, ONE FRAME EARLY (predicted). Full club hit delivered this frame.
[ 12446   62.156 x1.00] LOG  [HitReactTrace] asked for 'HitReact_Heavy_2Leg' (0.90s, clip start 0.35s): NOT playing it, another state took the combat layer, blend resolved after 6 ms, state 1.00s long at speed 1.00, now at 0.50s, layer weight 1.00, animator.speed 1.00.
[ 12453   62.192 x1.00] LOG  [OniBoss:ClubPos] ClubSwing2 at strike: club tip 0.04m up, 1.95m in front, 2.25m to his right (2.98m out from his centre). Club faces -2deg from his forward, pitch -0.86. (the ground wave is born 1.6m in front of him at 0.35m.)
[ 12453   62.192 x1.00] LOG  [OniBoss:Layer] ClubSwing2: club already hit — ground wave released as VISUAL only (0 damage), finisher size x2.0.
[ 12573   62.760 x1.00] LOG  [StormWeather] ⚡ strike at (481.35, 45.00, 444.10)
[ 12618   62.978 x1.00] LOG  [OniBoss] Attack → Recovery
[ 12618   62.978 x1.00] LOG  [OniBoss] Playing animation: Watch
[ 12618   62.978 x1.00] LOG  [OniBoss:Trail] trail END at clip 0.99, fading over 0.40s.
[ 12618   62.978 x1.00] LOG  [OniBoss:Strike] ClubSwing2: club tip closest to Yoru at 0.47m, clip position 0.30 | damage fires at 0.32 | clip 1.17s => MATCHED (within one or two frames)
[ 12645   63.136 x1.00] LOG  [OniBoss] Recovery → Chase
[ 12646   63.147 x1.00] LOG  [OniBoss] hold-ground: BACKSTEP 1.5m (player 3.0m)
[ 12733   63.586 x1.00] WARN The referenced script on this Behaviour (Game Object '<null>') is missing!
[ 12733   63.586 x1.00] WARN The referenced script on this Behaviour (Game Object 'Lightning Light') is missing!
[ 12733   63.586 x1.00] WARN The referenced script on this Behaviour (Game Object 'Lightning Light') is missing!
[ 12795   63.968 x1.00] LOG  [OniBoss] hold-ground: backstep done (1.32m), WATCH (player 4.3m, cooldown 0.4s)
[ 12795   63.968 x1.00] LOG  [OniBoss] Playing animation: Watch
[ 12862   64.337 x1.00] LOG  [OniBoss] hold-ground: cooldown over, player 4.3m > 3.5m — APPROACH
[ 12862   64.337 x1.00] LOG  [OniBoss] Playing animation: Walk
[ 13014   65.036 x1.00] LOG  [OniBoss] Combo started: ClubSwing1 → ClubSwing2 → ClubSlam (3 steps remaining)
[ 13014   65.036 x1.00] LOG  [OniBoss] Chase → Attack
[ 13014   65.036 x1.00] LOG  [OniBoss] Attack: Club_Swing (16 dmg)
[ 13014   65.036 x1.00] LOG  [OniBoss:Trail] Club_Swing trail START at clip 0.37 (transition done).
[ 13016   65.051 x1.00] LOG  [OniBoss:Layer] step-in: 'Club_Swing' closed 0.07m, Yoru now 3.0m away (range 3.5)
[ 13088   65.395 x1.00] LOG  [OniBoss:ClubPos] Club_Swing at strike: club tip 3.02m up, 2.47m in front, -2.98m to his right (3.86m out from his centre). Club faces -83deg from his forward, pitch 0.41. (the ground wave is born 1.6m in front of him at 0.35m.)
[ 13088   65.395 x1.00] LOG  [OniBoss:Layer] Club_Swing: club has not connected — ground wave released ARMED, 1.6m in front, 12m/s x 6.0m = 0.50s, carrying 8 (half of the club's 16).
[ 13089   65.400 x1.00] LOG  [Combat] Hit react: HitReact_Light_2Leg (0.5s, clip starts at 0.35s)
[ 13089   65.400 x1.00] LOG  [CameraGameFeel] Shake: intensity=0.30 duration=0.200s
[ 13089   65.400 x1.00] LOG  [CameraGameFeel] FOV punch: player damage (-2.0°)
[ 13089   65.400 x1.00] LOG  [OniBoss:Wave] wave TOUCHED Yoru (grounded) for 8 after 0.1m / 0.01s of travel.
[ 13093   65.421 x1.00] LOG  [HitReactTrace] asked for 'HitReact_Light_2Leg' (0.50s, clip start 0.35s): playing it, blend resolved after 21 ms, state 1.21s long at speed 1.00, now at 0.37s, layer weight 1.00, animator.speed 1.00.
[ 13195   65.870 x1.00] LOG  [OniBoss] Attack → Recovery
[ 13195   65.870 x1.00] LOG  [OniBoss] Playing animation: Watch
[ 13195   65.870 x1.00] LOG  [OniBoss:Trail] trail END at clip 0.99, fading over 0.40s.
[ 13195   65.870 x1.00] LOG  [OniBoss:Strike] Club_Swing: club tip closest to Yoru at 1.49m, clip position 0.91 | damage fires at 0.42 | clip 0.84s => damage fires 413 ms BEFORE the club is closest
[ 13229   66.025 x1.00] LOG  [OniBoss] Recovery → Attack
[ 13229   66.025 x1.00] LOG  [OniBoss] Attack: ClubSwing2 (16 dmg)
[ 13229   66.025 x1.00] LOG  [OniBoss:Trail] ClubSwing2 trail START at clip 1.00 (transition still blending).
[ 13254   66.137 x1.00] WARN The referenced script on this Behaviour (Game Object '<null>') is missing!
[ 13254   66.137 x1.00] WARN The referenced script on this Behaviour (Game Object 'Lightning Light') is missing!
[ 13254   66.137 x1.00] WARN The referenced script on this Behaviour (Game Object 'Lightning Light') is missing!
[ 13304   66.364 x1.00] LOG  [CameraGameFeel] Shake: intensity=0.20 duration=0.250s
[ 13304   66.364 x1.00] LOG  [Combat] Hit react: HitReact_Light_2Leg (0.5s, clip starts at 0.35s)
[ 13304   66.364 x1.00] LOG  [CameraGameFeel] Shake: intensity=0.30 duration=0.200s
[ 13304   66.364 x1.00] LOG  [CameraGameFeel] FOV punch: player damage (-2.0°)
[ 13304   66.364 x1.00] LOG  [OniBoss] Hit player for 20 (ClubSwing2) [combo x1.25]
[ 13304   66.364 x1.00] LOG  [OniBoss:Touch] ClubSwing2: club TOUCHED Yoru at clip 0.29 — shaft 0.49m from her body line, tip speed 102m/s, ONE FRAME EARLY (predicted). Full club hit delivered this frame.
[ 13305   66.369 x1.00] LOG  [HitReactTrace] asked for 'HitReact_Light_2Leg' (0.50s, clip start 0.35s): NOT playing it, another state took the combat layer, blend resolved after 5 ms, state 1.00s long at speed 1.00, now at 0.46s, layer weight 1.00, animator.speed 1.00.
[ 13312   66.406 x1.00] LOG  [OniBoss:ClubPos] ClubSwing2 at strike: club tip 0.08m up, 1.83m in front, 2.39m to his right (3.01m out from his centre). Club faces 4deg from his forward, pitch -0.88. (the ground wave is born 1.6m in front of him at 0.35m.)
[ 13312   66.406 x1.00] LOG  [OniBoss:Layer] ClubSwing2: club already hit — ground wave released as VISUAL only (0 damage).
[ 13362   66.667 x1.00] LOG  [StormWeather] ⚡ strike at (486.75, 45.00, 453.72)
[ 13479   67.197 x1.00] LOG  [OniBoss] Attack → Recovery
[ 13479   67.197 x1.00] LOG  [OniBoss] Playing animation: Watch
[ 13479   67.197 x1.00] LOG  [OniBoss:Trail] trail END at clip 0.99, fading over 0.40s.
[ 13479   67.197 x1.00] LOG  [OniBoss:Strike] ClubSwing2: club tip closest to Yoru at 0.45m, clip position 0.30 | damage fires at 0.32 | clip 1.17s => MATCHED (within one or two frames)
[ 13512   67.350 x1.00] LOG  [OniBoss] Recovery → Attack
[ 13512   67.350 x1.00] LOG  [OniBoss] Attack: ClubSlam (20 dmg)
[ 13512   67.350 x1.00] LOG  [OniBoss:Trail] ClubSlam trail START at clip 1.00 (transition still blending).
[ 13590   67.704 x1.00] WARN The referenced script on this Behaviour (Game Object '<null>') is missing!
[ 13590   67.704 x1.00] WARN The referenced script on this Behaviour (Game Object 'Lightning Light') is missing!
[ 13590   67.704 x1.00] WARN The referenced script on this Behaviour (Game Object 'Lightning Light') is missing!
[ 13602   67.763 x1.00] LOG  [CameraGameFeel] Shake: intensity=0.50 duration=0.400s
[ 13602   67.763 x1.00] LOG  [Combat] Hit react: HitReact_Heavy_2Leg (0.9s, clip starts at 0.35s)
[ 13602   67.763 x1.00] LOG  [CameraGameFeel] Shake: intensity=0.60 duration=0.200s
[ 13602   67.763 x1.00] LOG  [CameraGameFeel] FOV punch: player damage (-3.0°)
[ 13602   67.763 x1.00] LOG  [OniBoss] Hit player for 30 (ClubSlam) [combo x1.50]
[ 13602   67.763 x1.00] LOG  [OniBoss:Touch] ClubSlam: club TOUCHED Yoru at clip 0.45 — shaft 0.59m from her body line, tip speed 113m/s, ONE FRAME EARLY (predicted). Full club hit delivered this frame.
[ 13603   67.768 x1.00] LOG  [HitReactTrace] asked for 'HitReact_Heavy_2Leg' (0.90s, clip start 0.35s): NOT playing it, another state took the combat layer, blend resolved after 5 ms, state 1.00s long at speed 1.00, now at 0.90s, layer weight 1.00, animator.speed 1.00.
[ 13671   68.147 x1.00] LOG  [OniBoss:ClubPos] ClubSlam at strike: club tip 0.54m up, 2.91m in front, -0.13m to his right (2.91m out from his centre). Club faces 7deg from his forward, pitch -0.26. (the ground wave is born 1.6m in front of him at 0.35m.)
[ 13671   68.147 x1.00] LOG  [OniBoss:Layer] ClubSlam: club already hit — ground wave released as VISUAL only (0 damage), finisher size x2.0.
[ 13696   68.271 x1.00] LOG  [OniBoss] Attack → Recovery
[ 13696   68.271 x1.00] LOG  [OniBoss] Playing animation: Watch
[ 13696   68.271 x1.00] LOG  [OniBoss:Trail] trail END at clip 0.99, fading over 0.40s.
[ 13696   68.271 x1.00] LOG  [OniBoss:Strike] ClubSlam: club tip closest to Yoru at 0.20m, clip position 0.85 | damage fires at 0.85 | clip 0.93s => MATCHED (within one or two frames)
[ 13729   68.427 x1.00] LOG  [OniBoss] Recovery → Chase
[ 13730   68.430 x1.00] LOG  [OniBoss] hold-ground: BACKSTEP 1.5m (player 3.0m)
[ 13900   69.199 x1.00] WARN The referenced script on this Behaviour (Game Object '<null>') is missing!
[ 13900   69.199 x1.00] WARN The referenced script on this Behaviour (Game Object 'Lightning Light') is missing!
[ 13900   69.199 x1.00] WARN The referenced script on this Behaviour (Game Object 'Lightning Light') is missing!
[ 13912   69.257 x1.00] LOG  [OniBoss] hold-ground: backstep done (1.32m), WATCH (player 4.3m, cooldown 0.4s)
[ 13912   69.257 x1.00] LOG  [OniBoss] Playing animation: Idle
[ 13983   69.628 x1.00] LOG  [OniBoss] hold-ground: cooldown over, player 4.3m > 3.5m — APPROACH
[ 13983   69.628 x1.00] LOG  [OniBoss] Playing animation: Walk
[ 14014   69.786 x1.00] LOG  [StormWeather] ⚡ strike at (484.65, 45.00, 447.29)
[ 14021   69.817 x1.00] WARN The referenced script on this Behaviour (Game Object '<null>') is missing!
[ 14021   69.817 x1.00] WARN The referenced script on this Behaviour (Game Object 'Lightning Light') is missing!
[ 14021   69.817 x1.00] WARN The referenced script on this Behaviour (Game Object 'Lightning Light') is missing!
[ 14032   69.861 x1.00] LOG  [OniBoss] Chase → Stagger
[ 14032   69.861 x1.00] LOG  [OniBoss] Playing animation: Stagger
[ 14032   69.861 x1.00] LOG  [OniBoss] STAGGERED for 2.5s
[ 14032   69.861 x1.00] LOG  [OniBoss] STAGGERED (parry) for 3s
[ 14032   69.861 x1.00] LOG  [OniBoss:Layer] GROUND POUND (phase-2 repeat): driving 'Ground_Pound' at x1.00, slam at 0.60
[ 14033   69.869 x1.00] LOG  [OniBoss:Layer] GROUND POUND: clip is 3.13s
[ 14159   70.497 x1.00] WARN The referenced script on this Behaviour (Game Object '<null>') is missing!
[ 14159   70.497 x1.00] WARN The referenced script on this Behaviour (Game Object 'Lightning Light') is missing!
[ 14159   70.497 x1.00] WARN The referenced script on this Behaviour (Game Object 'Lightning Light') is missing!
[ 14420   71.738 x1.00] LOG  [CameraGameFeel] Shake: intensity=1.10 duration=0.800s
[ 14420   71.738 x1.00] LOG  [OniBoss:Pound] SLAM at clip 0.60 (1.88 clip-s) — ring 12m/s out to 12m, 45 damage, jumpable.
[ 14478   72.018 x1.00] LOG  [Combat] Hit react: HitReact_Heavy_2Leg (0.9s, clip starts at 0.35s)
[ 14478   72.018 x1.00] LOG  [CameraGameFeel] Shake: intensity=0.60 duration=0.200s
[ 14478   72.018 x1.00] LOG  [CameraGameFeel] FOV punch: player damage (-3.0°)
[ 14478   72.018 x1.00] LOG  [OniBoss:Pound] shockwave CAUGHT Yoru (grounded) at 4.1m for 45.
[ 14482   72.039 x1.00] LOG  [HitReactTrace] asked for 'HitReact_Heavy_2Leg' (0.90s, clip start 0.35s): playing it, blend resolved after 21 ms, state 1.21s long at speed 1.00, now at 0.37s, layer weight 1.00, animator.speed 1.00.
[ 14582   72.500 x1.00] LOG  [StormWeather] ⚡ strike at (485.09, 45.00, 449.13)
[ 14683   72.975 x1.00] WARN The referenced script on this Behaviour (Game Object '<null>') is missing!
[ 14683   72.975 x1.00] WARN The referenced script on this Behaviour (Game Object 'Lightning Light') is missing!
[ 14683   72.975 x1.00] WARN The referenced script on this Behaviour (Game Object 'Lightning Light') is missing!
[ 14686   72.990 x1.00] LOG  [OniBoss] Stagger → Chase
[ 14686   72.990 x1.00] LOG  [OniBoss:Layer] GROUND POUND: done — the engine is his again.
[ 14687   72.995 x1.00] LOG  [OniBoss] Playing animation: Idle
[ 14687   72.995 x1.00] LOG  [OniBoss] hold-ground: cooldown over, player 4.1m > 3.5m — APPROACH
[ 14687   72.995 x1.00] LOG  [OniBoss] Playing animation: Walk
[ 14789   73.591 x1.00] LOG  [OniBoss] Chase → Attack
[ 14789   73.591 x1.00] LOG  [OniBoss] Attack: ClubSlam (20 dmg)
[ 14789   73.591 x1.00] LOG  [OniBoss:Trail] ClubSlam trail START at clip 0.32 (transition done).
[ 14792   73.612 x1.00] LOG  [OniBoss:Layer] step-in: 'ClubSlam' closed 0.08m, Yoru now 3.0m away (range 3.5)
[ 14808   73.699 x1.00] WARN The referenced script on this Behaviour (Game Object '<null>') is missing!
[ 14808   73.699 x1.00] WARN The referenced script on this Behaviour (Game Object 'Lightning Light') is missing!
[ 14808   73.699 x1.00] WARN The referenced script on this Behaviour (Game Object 'Lightning Light') is missing!
[ 14868   74.005 x1.00] LOG  [CameraGameFeel] Shake: intensity=0.50 duration=0.400s
[ 14868   74.005 x1.00] LOG  [Combat] Hit react: HitReact_Heavy_2Leg (0.9s, clip starts at 0.35s)
[ 14868   74.005 x1.00] LOG  [CameraGameFeel] Shake: intensity=0.60 duration=0.200s
[ 14868   74.005 x1.00] LOG  [CameraGameFeel] FOV punch: player damage (-3.0°)
[ 14868   74.005 x1.00] LOG  [OniBoss] Hit player for 20 (ClubSlam)
[ 14868   74.005 x1.00] LOG  [OniBoss:Touch] ClubSlam: club TOUCHED Yoru at clip 0.45 — shaft 0.52m from her body line, tip speed 113m/s, ONE FRAME EARLY (predicted). Full club hit delivered this frame.
[ 14869   74.011 x1.00] LOG  [HitReactTrace] asked for 'HitReact_Heavy_2Leg' (0.90s, clip start 0.35s): NOT playing it, another state took the combat layer, blend resolved after 5 ms, state 1.00s long at speed 1.00, now at 1.12s, layer weight 1.00, animator.speed 1.00.
[ 14919   74.299 x1.00] LOG  [StormWeather] terrain layers restored to dry values.
# end — 854 lines
