# Oni combat log — 2026-08-18 13:52:07
# Unity 6000.2.7f2 | scene 'CaveScene_Oni_Boss1' | platform OSXEditor
# columns: [frame realSeconds timeScale] KIND message      (KIND: LOG WARN ERR EXC TEL)
#
[     0    0.000 x1.00] LOG  [OniLog] console + telemetry → /Users/asenahazal/Documents/Yoru/OniLogs/oni_2026-08-18_13-52-07.log
[     1    0.000 x1.00] LOG  [BossBar] BossHealthBarUI initialized
[     1    0.000 x1.00] LOG  [TailAirShot4Leg] Ready. drawState=shoot_4Leg castParam=Shoot4LegSpeed (found) readyFrame=5 fireFrame=10 frames=24 slowBudget=3s real damageMultiplier=2.00
  arrow leaves: PlayerYoru_1.1/Cat_All_10_Tails_v4/Group/DeformationSystem/root/Root_M/Tail15_R/Tail151_R/Tail152_R/Tail153_R/Tail154_R/Tail155_R/Tail156_R/Tail157_R/Tail158_R/Tail159_R/Tail1510_R/Tail1511_R/Tail1512_R/Tail6_R/Tail6_R_end/Tail6_R_end_end/Tail6_R_end_end_end/RightTailTip_Anchor
  aim VFX left:  PlayerYoru_1.1/Cat_All_10_Tails_v4/Group/DeformationSystem/root/Root_M/Tail15_L/Tail151_L/Tail152_L/Tail153_L/Tail154_L/Tail155_L/Tail156_L/Tail157_L/Tail158_L/Tail159_L/Tail1510_L/Tail1511_L/Tail1512_L/Tail6_L/Tail6_L_end/Tail6_L_end_end/Tail6_L_end_end_end/LeftTailTip_Anchor/Glow_4Leg_L
  aim VFX right: PlayerYoru_1.1/Cat_All_10_Tails_v4/Group/DeformationSystem/root/Root_M/Tail15_R/Tail151_R/Tail152_R/Tail153_R/Tail154_R/Tail155_R/Tail156_R/Tail157_R/Tail158_R/Tail159_R/Tail1510_R/Tail1511_R/Tail1512_R/Tail6_R/Tail6_R_end/Tail6_R_end_end/Tail6_R_end_end_end/RightTailTip_Anchor/Glow_4Leg_R
[     1    0.000 x1.00] LOG  [TailAirShot] Ready. drawState=RightTail_Fast castParam=TailCastSpeed (found)
  arrow leaves: PlayerYoru_1.1/Cat_All_10_Tails_v4/Group/DeformationSystem/root/Root_M/Tail15_R/Tail151_R/Tail152_R/Tail153_R/Tail154_R/Tail155_R/Tail156_R/Tail157_R/Tail158_R/Tail159_R/Tail1510_R/Tail1511_R/Tail1512_R/Tail6_R/Tail6_R_end/Tail6_R_end_end/Tail6_R_end_end_end/RightTailTip_Anchor
  aim VFX: PlayerYoru_1.1/Cat_All_10_Tails_v4/Group/DeformationSystem/root/Root_M/Tail15_R/Tail151_R/Tail152_R/Tail153_R/Tail154_R/Tail155_R/Tail156_R/Tail157_R/Tail158_R/Tail159_R/Tail1510_R/Tail1511_R/Tail1512_R/Tail6_R/Tail6_R_end/Tail6_R_end_end/Tail6_R_end_end_end/RightTailTip_Anchor/vfx_Muzzle_Fireball01Blue
[     1    0.000 x1.00] LOG  [PlayerCombat] Phase 2 form gate CONNECTED (FormController found on this GameObject).
[     1    0.000 x1.00] LOG  [RingMesh] VFX Status:
[     1    0.000 x1.00] LOG    Left: Prefab=✓, Spawn=Tail6_L_end_end_end
[     1    0.000 x1.00] LOG    Right: Prefab=✓, Spawn=Tail6_R_end_end_end
[     1    0.000 x1.00] LOG  === VFX MANAGER INITIALIZED ===
[     1    0.000 x1.00] LOG  Auto-detect animations: False
[     1    0.000 x1.00] LOG  Parent effects to tail: True
[     1    0.000 x1.00] LOG  Prefabs: Jump=True, Land=True, LTail=True, RTail=True
[     1    0.000 x1.00] LOG  ✅ Left Tail Tip: LeftTailVFX
[     1    0.000 x1.00] LOG  ✅ Right Tail Tip: RightTailTip_Anchor
[     1    0.000 x1.00] LOG  [StormWeather] layer 'TerrainLayer_Dirt_01' dry smoothness=0.00 (restore to this if a crash ever leaves it wet)
[     1    0.000 x1.00] LOG  [StormWeather] Ready. Rain on, floor drying... wait, soaking.
[     1    0.000 x1.00] LOG  OniBoss initialized with 500 HP
[     1    0.000 x1.00] LOG  [OniBoss] ANIMATOR SETUP: cullingMode=CullUpdateTransforms updateMode=Normal applyRootMotion=False speed=1
[     1    0.000 x1.00] LOG  [OniBoss] Initialized
[     1    0.000 x1.00] LOG  [OniBoss:Layer] facing: minFlat 1m, snapOnAttack off, trackInHitReact off
[     1    0.000 x1.00] LOG  [OniBoss:Layer] skinned meshes: 46 renderer(s), updateWhenOffscreen ON, body renderer 'Body' rootBone 'Hips'
[     1    0.000 x1.00] LOG  [OniBoss:Layer] charge travel bone: 'Hips' at depth 1 under 'OniBoss', rest local (0.00, 3.24, -0.24)
[     1    0.000 x1.00] LOG  [OniBoss:Layer] charge drive ON (windup to 0.35 at x1.3, rush 14m/s stops at 2.6m, steers 0.35s then commits, strike section from 0.58, strike moment 0.76, trail VFX off)
[     1    0.000 x1.00] LOG  [OniBoss:Layer] attack armor ON (his swings are not interrupted by light/medium hits; heavy hits and rapid-hit bursts still stop him)
[     1    0.000 x1.00] LOG  [OniBoss:Layer] strike moments overridden: Club_Swing=0.55 ClubSwing2=0.32 ClubSlam=0.52 KanaboSweep=0.48
[     1    0.000 x1.00] LOG  [OniBoss:Layer] hold-ground ON (backstep 1.5m @ 1.4m/s after own attacks, watch 'Watch', attack facing LOCKED)
[     1    0.000 x1.00] LOG  [OniBoss:Layer] OniBoss layer ready (reactions, wake-on-hit, watch stance, boss bar). player=found
[     1    0.000 x1.00] WARN [OniBoss] animator state 'KanaboSweep' uses the SAME clip as 'Idle' — the sweep attack plays the idle pose. Drag the 'Oni Kanabo sweep' clip onto KanaboSweep's Motion field.
[     1    0.000 x1.00] LOG  [OniBoss:Layer] charge clip 'Oni Charge.fbx' imports with Root Motion Node = None (in place) — good.
[     1    0.000 x1.00] LOG  [OniBoss:Layer] clips importing with Root Transform Position (Y) NOT baked into pose (12): Oni_Alert(Oni Alert), Club_Slam(Oni Club Slam), Club_Swing(Oni Club Swing), Club_swing2(Oni Club Swing 2), Death(Oni Death Kneel), Hit_react_light(Oni Hit react lighter light), KanaboSweep(Oni Idle), Phase_Transition(Oni Phase transition), run(Oni Run), Walk(Oni Walk), Watch(Oni Watch), Idle(Oni Idle) — their hips' up/down motion is stripped (see round notes; optional).
[     1    0.000 x1.00] LOG  [VolumetricFogController] Found VolumetricFog component on mainCamera (1)
[     1    0.000 x1.00] LOG  [VolumetricFogController] Reflection init: density=True, height=True, baselineHeight=True, alpha=True, noiseStrength=True, lightScatteringExposure=True
[     1    0.000 x1.00] LOG  [VolumetricFogController] Initialized with Neutral preset (height=60, baselineHeight=0)
[     1    0.000 x1.00] WARN [VolumetricFogController] WorldStateManager not found!
[     1    0.000 x1.00] LOG  [CameraGameFeel] CameraGameFeel initialized (shake + FOV)
[     1    2.131 x1.00] LOG  [OniBoss] Playing animation: Idle
[    51    2.814 x1.00] LOG  💨 Landing VFX spawned!
[   102    3.036 x1.00] LOG  ✅ LANDED! (was jump #0)
[   780    6.148 x1.00] LOG  🐾 4-LEG JUMP #0
[   780    6.148 x1.00] LOG  🐾 Jump 1 VFX spawned!
[   860    6.520 x0.10] LOG  [TailAirShot4Leg] ENTER 4 leg, slow on for up to 3s real, waiting for the fire button, drawState=shoot_4Leg | y=1.78 ts=0.10 fdt=0.0020
[   860    6.520 x0.10] LOG  [TailAirShot] entry refused: this airtime is not a 2 leg jump | y=1.78 ts=0.10 fdt=0.0020
[   860    6.520 x0.10] LOG  [AirPosePin] engaged, holding body at 1.397m above the transform
[   935    6.853 x0.10] LOG  [TailAirShot4Leg] DRAW started | y=1.85 ts=0.10 fdt=0.0020
[   973    7.030 x0.10] LOG  [TailAirShot4Leg] READY, frozen on frame 5 | y=1.88 ts=0.10 fdt=0.0020
[  1030    7.314 x0.10] LOG  [TailAirShot4Leg] SHOT released (released from ready pose) | y=1.90 ts=0.10 fdt=0.0020
[  1064    7.481 x1.00] LOG  [TailAirShot4Leg] FINISHER (R released mid motion), motion completes and fires | y=1.91 ts=1.00 fdt=0.0200
[  1065    7.485 x1.00] LOG  [TailAirShot4Leg] FIRE, arrow away, dir=(0.00, -0.29, 0.96) damage=40 (20 x 2.00) | y=1.91 ts=1.00 fdt=0.0200
[  1155    7.945 x1.00] LOG  [TailAirShot4Leg] finisher done, fully idle | y=-0.02 ts=1.00 fdt=0.0200
[  1155    7.945 x1.00] LOG  💨 Landing VFX spawned!
[  1155    7.945 x1.00] LOG  ✅ LANDED! (was jump #1)
[  1155    7.945 x1.00] LOG  [AirPosePin] released, peak correction was 0.787m
[  1372    9.022 x1.00] LOG  [OniBoss:Layer] watch stance ON (player 15.0m)
[  2167   13.016 x1.00] LOG  🚶 2-LEG JUMP
[  2167   13.016 x1.00] LOG  🐾 Jump 1 VFX spawned!
[  2257   13.447 x1.00] LOG  [TailAirShot4Leg] entry refused: this airtime is not a 4 leg jump | y=1.87 ts=1.00 fdt=0.0200
[  2257   13.447 x0.10] LOG  [TailAirShot] ENTER, slow on, waiting for RMB, drawState=RightTail_Fast | y=1.87 ts=0.10 fdt=0.0020
[  2257   13.447 x0.10] LOG  [AirPosePin] engaged, holding body at 2.217m above the transform
[  2297   13.642 x0.10] LOG  [TailAirShot] DRAW started | y=1.89 ts=0.10 fdt=0.0020
[  2317   13.737 x0.10] LOG  [TailAirShot] READY, frozen on frame 4 | y=1.90 ts=0.10 fdt=0.0020
[  2387   14.082 x0.10] LOG  [TailAirShot] SHOT released (released from ready pose) | y=1.90 ts=0.10 fdt=0.0020
[  2392   14.115 x1.00] LOG  [TailAirShot] FINISHER (R released mid motion), motion completes and fires | y=1.90 ts=1.00 fdt=0.0200
[  2421   14.265 x1.00] LOG  [TailAirShot] FIRE, arrow away, dir=(-0.07, -0.11, 0.99) | y=1.68 ts=1.00 fdt=0.0200
[  2475   14.535 x1.00] LOG  💨 Landing VFX spawned!
[  2475   14.535 x1.00] LOG  ✅ LANDED! (was jump #1)
[  2475   14.535 x1.00] LOG  [AirPosePin] released, peak correction was 1.634m
[  2539   14.844 x1.00] LOG  OniBoss took 20 damage. HP: 480/500
[  2539   14.844 x1.00] LOG  [OniBoss] 🤕 Hit during LostSoul — flash only
[  2539   14.844 x1.00] LOG  [OniBoss] LostSoul → Alert
[  2539   14.844 x1.00] LOG  [OniBoss] Playing animation: Oni_Alert
[  2539   14.844 x1.00] LOG  [OniBoss] Became HOSTILE
[  2539   14.844 x1.00] LOG  [OniBoss:Layer] woken by damage (20) — back attacks count.
[  2540   14.850 x1.00] LOG  [BossBar] Showing bar for: Oni (480/500)
[  2540   14.850 x1.00] LOG  [OniBoss:Layer] boss bar shown
[  2555   14.922 x1.00] LOG  [TailAirShot] finisher done, fully idle | y=-0.02 ts=1.00 fdt=0.0200
[  2639   15.345 x1.00] LOG  [OniBoss] Alert → Chase
[  2640   15.350 x1.00] LOG  [OniBoss] Playing animation: run
[  3116   17.717 x1.00] LOG  [OniBoss] Pull-band decision: RUN-IN (dist 8.9m, pullRange 0m, chance 0.50)
[  3248   18.376 x1.00] LOG  [OniBoss] Playing animation: Watch
[  3248   18.376 x1.00] LOG  [OniBoss] Chase → Attack
[  3248   18.376 x1.00] LOG  [OniBoss] Attack: Club_Swing (16 dmg)
[  3267   18.462 x1.00] LOG  [OniBoss:Layer] step-in: 'Club_Swing' closed 0.42m, Yoru now 3.0m away (range 3.5)
[  3270   18.477 x1.00] LOG  [OniBoss:Layer] step-in: 'Club_Swing' closed 0.43m, Yoru now 3.0m away (range 3.5)
[  3274   18.505 x1.00] LOG  [OniBoss:Layer] step-in: 'Club_Swing' closed 0.44m, Yoru now 3.0m away (range 3.5)
[  3276   18.516 x1.00] LOG  [OniBoss:Layer] step-in: 'Club_Swing' closed 0.46m, Yoru now 3.0m away (range 3.5)
[  3282   18.538 x1.00] LOG  [OniBoss:Layer] step-in: 'Club_Swing' closed 0.49m, Yoru now 3.0m away (range 3.5)
[  3287   18.565 x1.00] LOG  [OniBoss:Layer] step-in: 'Club_Swing' closed 0.52m, Yoru now 3.0m away (range 3.5)
[  3290   18.587 x1.00] LOG  [OniBoss:Layer] step-in: 'Club_Swing' closed 0.56m, Yoru now 3.0m away (range 3.5)
[  3293   18.601 x1.00] LOG  [OniBoss:Layer] step-in: 'Club_Swing' closed 0.60m, Yoru now 3.0m away (range 3.5)
[  3298   18.627 x1.00] LOG  [OniBoss:Layer] step-in: 'Club_Swing' closed 0.65m, Yoru now 3.0m away (range 3.5)
[  3302   18.647 x1.00] LOG  [OniBoss:Layer] step-in: 'Club_Swing' closed 0.71m, Yoru now 3.0m away (range 3.5)
[  3306   18.670 x1.00] LOG  [OniBoss:Layer] step-in: 'Club_Swing' closed 0.77m, Yoru now 3.0m away (range 3.5)
[  3309   18.687 x1.00] LOG  [OniBoss:Layer] step-in: 'Club_Swing' closed 0.83m, Yoru now 3.0m away (range 3.5)
[  3313   18.707 x1.00] LOG  [OniBoss:Layer] step-in: 'Club_Swing' closed 0.90m, Yoru now 3.0m away (range 3.5)
[  3374   19.003 x1.00] LOG  [CameraGameFeel] Shake: intensity=0.20 duration=0.250s
[  3374   19.003 x1.00] LOG  [OniBoss] Attack missed, player out of range (4.4m > 3.5m)
[  3478   19.501 x1.00] LOG  [OniBoss] Attack → Recovery
[  3478   19.501 x1.00] LOG  [OniBoss] Playing animation: Watch
[  3510   19.653 x1.00] LOG  [OniBoss] Recovery → Chase
[  3511   19.658 x1.00] LOG  [OniBoss] Playing animation: run
[  4107   22.656 x1.00] LOG  [OniBoss] Ranged attack: Oni_Charge (dist 15.9m)
[  4107   22.656 x1.00] LOG  [OniBoss] Chase → Attack
[  4107   22.656 x1.00] LOG  [OniBoss] Attack: Oni_Charge (18 dmg)

[  4107   22.656 x1.00] TEL ────────── CHARGE ──────────
[  4107   22.656 x1.00] LOG  [OniBoss:Layer] charge begin: travel bone 'Hips' depth 1, local now (0.13, 2.86, -0.24) vs rest (0.00, 3.24, -0.24); pin ON; drive windup→rush→strike; engine Attack, AnimSpeed 1.30, clip at 0.00, dist 15.9m
[  4107   22.656 x1.00] TEL charge Windup n=0.00 spd=1.30 mult=1.00 st=Attack anim=h1349952704/Charge drift=0.13 cut=0.13 meshOff=0.24m vis bounds+0.0m pos=(476.2,444.2) dist=15.9 vel=4.5
[  4127   22.749 x1.00] TEL charge Windup n=0.06 spd=1.30 mult=1.00 st=Attack anim=h1349952704/Charge drift=0.15 cut=0.15 meshOff=0.24m vis bounds+0.1m pos=(476.2,444.2) dist=16.5 vel=0.0
[  4147   22.838 x1.00] TEL charge Windup n=0.11 spd=1.30 mult=1.30 st=Attack anim=Charge/- drift=0.68 cut=0.68 meshOff=0.24m vis bounds+0.3m pos=(476.2,444.2) dist=17.2 vel=0.0
[  4164   22.922 x1.00] TEL charge Windup n=0.17 spd=1.30 mult=1.30 st=Attack anim=Charge/- drift=1.05 cut=1.05 meshOff=0.24m vis bounds+0.3m pos=(476.2,444.2) dist=17.7 vel=0.0
[  4184   23.009 x1.00] TEL charge Windup n=0.22 spd=1.30 mult=1.30 st=Attack anim=Charge/- drift=1.14 cut=1.14 meshOff=0.24m vis bounds+0.4m pos=(476.2,444.2) dist=18.2 vel=0.0
[  4185   23.014 x1.00] LOG  🐾 4-LEG JUMP #0
[  4185   23.014 x1.00] LOG  🐾 Jump 1 VFX spawned!
[  4201   23.100 x1.00] TEL charge Windup n=0.28 spd=1.30 mult=1.30 st=Attack anim=Charge/- drift=0.77 cut=0.77 meshOff=0.24m vis bounds+0.4m pos=(476.2,444.2) dist=18.6 vel=0.0
[  4220   23.186 x1.00] TEL charge Windup n=0.33 spd=1.30 mult=1.30 st=Attack anim=Charge/- drift=1.43 cut=1.43 meshOff=0.24m vis bounds+0.3m pos=(476.2,444.2) dist=18.9 vel=0.0
[  4228   23.219 x1.00] LOG  [OniBoss:Layer] charge RUSH: clip frozen at 0.35, 19.1m to go at 14m/s
[  4238   23.270 x1.00] TEL charge Rush   n=0.35 spd=0.00 mult=0.00 st=Attack anim=Charge/- drift=3.34 cut=3.34 meshOff=0.24m vis bounds+0.4m pos=(475.4,444.2) dist=18.6 vel=0.0
[  4256   23.357 x1.00] TEL charge Rush   n=0.35 spd=0.00 mult=0.00 st=Attack anim=Charge/- drift=3.34 cut=3.34 meshOff=0.24m vis bounds+0.4m pos=(474.2,444.3) dist=17.8 vel=0.0
[  4276   23.442 x1.00] TEL charge Rush   n=0.35 spd=0.00 mult=0.00 st=Attack anim=Charge/- drift=3.34 cut=3.34 meshOff=0.24m vis bounds+0.4m pos=(473.0,444.4) dist=16.9 vel=0.0
[  4293   23.531 x1.00] TEL charge Rush   n=0.35 spd=0.00 mult=0.00 st=Attack anim=Charge/- drift=3.34 cut=3.34 meshOff=0.24m vis bounds+0.4m pos=(471.8,444.4) dist=16.0 vel=0.0
[  4309   23.616 x1.00] TEL charge Rush   n=0.35 spd=0.00 mult=0.00 st=Attack anim=Charge/- drift=3.34 cut=3.34 meshOff=0.24m vis bounds+0.4m pos=(470.6,444.5) dist=15.1 vel=0.0
[  4323   23.707 x1.00] TEL charge Rush   n=0.35 spd=0.00 mult=0.00 st=Attack anim=Charge/- drift=3.34 cut=3.34 meshOff=0.24m vis bounds+0.4m pos=(469.3,444.6) dist=13.8 vel=0.0
[  4339   23.791 x1.00] TEL charge Rush   n=0.35 spd=0.00 mult=0.00 st=Attack anim=Charge/- drift=3.34 cut=3.34 meshOff=0.24m vis bounds+0.4m pos=(468.2,444.7) dist=12.6 vel=0.0
[  4356   23.877 x1.00] TEL charge Rush   n=0.35 spd=0.00 mult=0.00 st=Attack anim=Charge/- drift=3.34 cut=3.34 meshOff=0.24m vis bounds+0.4m pos=(467.0,444.8) dist=11.4 vel=0.0
[  4365   23.918 x1.00] LOG  💨 Landing VFX spawned!
[  4365   23.918 x1.00] LOG  ✅ LANDED! (was jump #1)
[  4372   23.964 x1.00] TEL charge Rush   n=0.35 spd=0.00 mult=0.00 st=Attack anim=Charge/- drift=3.34 cut=3.34 meshOff=0.24m vis bounds+0.4m pos=(465.8,444.8) dist=10.2 vel=0.0
[  4392   24.049 x1.00] TEL charge Rush   n=0.35 spd=0.00 mult=0.00 st=Attack anim=Charge/- drift=3.34 cut=3.34 meshOff=0.24m vis bounds+0.4m pos=(464.6,444.9) dist=9.0 vel=0.0
[  4396   24.069 x1.00] LOG  [ComboTrace] START step=1 state='Combo1' queued=0 target='OniBoss' at 12.2m
[  4396   24.069 x1.00] LOG  [ComboTrace] LAUNCH OniBoss dist=6.00m in 0.30s (capped short)
[  4410   24.133 x1.00] TEL charge Rush   n=0.35 spd=0.00 mult=0.00 st=Attack anim=Charge/- drift=3.34 cut=3.34 meshOff=0.24m vis bounds+0.4m pos=(463.4,445.0) dist=7.9 vel=0.0
[  4427   24.218 x1.00] TEL charge Rush   n=0.35 spd=0.00 mult=0.00 st=Attack anim=Charge/- drift=3.34 cut=3.34 meshOff=0.24m vis bounds+0.4m pos=(462.2,445.1) dist=6.7 vel=0.0
[  4445   24.302 x1.00] TEL charge Rush   n=0.35 spd=0.00 mult=0.00 st=Attack anim=Charge/- drift=3.34 cut=3.34 meshOff=0.24m vis bounds+0.4m pos=(461.0,445.2) dist=5.5 vel=0.0
[  4453   24.336 x1.00] LOG  [ComboTrace] QUEUED #1 during step 1
[  4463   24.387 x1.00] TEL charge Rush   n=0.35 spd=0.00 mult=0.00 st=Attack anim=Charge/- drift=3.34 cut=3.34 meshOff=0.24m vis bounds+0.4m pos=(459.8,445.2) dist=4.3 vel=0.0
[  4481   24.471 x1.00] TEL charge Rush   n=0.35 spd=0.00 mult=0.00 st=Attack anim=Charge/- drift=3.34 cut=3.34 meshOff=0.24m vis bounds+0.4m pos=(458.7,445.3) dist=3.1 vel=0.0
[  4490   24.506 x1.00] LOG  [OniBoss:Layer] charge STRIKE: arrived 2.6m from the lock point after 1.29s real — clip 0.35 → 0.58 (blend 0.10s), strike moment 0.76, Yoru 2.7m away
[  4501   24.556 x1.00] TEL charge Strike n=0.60 spd=1.00 mult=1.00 st=Attack anim=Charge/Charge drift=10.04 cut=10.04 meshOff=0.24m vis bounds+0.3m pos=(458.2,445.3) dist=2.7 vel=0.0
[  4520   24.642 x1.00] TEL charge Strike n=0.64 spd=1.00 mult=1.00 st=Attack anim=Charge/- drift=15.43 cut=15.43 meshOff=0.24m vis bounds+0.4m pos=(458.2,445.3) dist=2.7 vel=0.0
[  4528   24.680 x1.00] LOG  OniBoss took 10 damage. HP: 470/500
[  4528   24.680 x1.00] LOG  [OniBoss] 🤕 Hit during Attack — flash only
[  4528   24.680 x1.00] LOG  [CameraGameFeel] Shake: intensity=0.15 duration=0.150s
[  4528   24.680 x1.00] LOG  [CameraGameFeel] FOV punch: hit light (+1.5°)
[  4538   24.731 x1.00] TEL charge Strike n=0.67 spd=1.00 mult=1.00 st=Attack anim=Charge/- drift=15.81 cut=15.81 meshOff=0.24m vis bounds+0.4m pos=(458.2,445.3) dist=2.7 vel=0.0
[  4555   24.817 x1.00] TEL charge Strike n=0.71 spd=1.00 mult=1.00 st=Attack anim=Charge/- drift=16.34 cut=16.34 meshOff=0.24m vis bounds+0.4m pos=(458.2,445.3) dist=2.7 vel=0.0
[  4566   24.878 x1.00] LOG  🐾 VFX_AttackPaw triggered!
[  4571   24.901 x1.00] TEL charge Strike n=0.75 spd=1.00 mult=1.00 st=Attack anim=Charge/- drift=16.75 cut=16.75 meshOff=0.24m vis bounds+0.4m pos=(458.2,445.3) dist=2.7 vel=0.0
[  4577   24.931 x1.00] LOG  [CameraGameFeel] Shake: intensity=0.45 duration=0.350s
[  4577   24.931 x1.00] LOG  [CameraGameFeel] Shake: intensity=0.28 duration=0.150s
[  4577   24.931 x1.00] LOG  [CameraGameFeel] FOV punch: player damage (-3.0°)
[  4577   24.931 x1.00] LOG  [OniBoss] Hit player for 18 (Oni_Charge)
[  4578   24.938 x1.00] LOG  [AirPosePin] engaged, holding body at 0.629m above the transform
[  4589   24.988 x1.00] TEL charge Strike n=0.79 spd=1.00 mult=1.00 st=Attack anim=Charge/- drift=17.11 cut=17.11 meshOff=0.24m vis bounds+0.4m pos=(458.2,445.3) dist=2.4 vel=0.0
[  4604   25.062 x1.00] LOG  [AirPosePin] released, peak correction was 0.018m
[  4605   25.071 x1.00] TEL charge Strike n=0.83 spd=1.00 mult=1.00 st=Attack anim=Charge/- drift=17.43 cut=17.43 meshOff=0.24m vis bounds+0.4m pos=(458.2,445.3) dist=2.2 vel=0.0
[  4625   25.159 x1.00] TEL charge Strike n=0.87 spd=1.00 mult=1.00 st=Attack anim=Charge/- drift=17.71 cut=17.71 meshOff=0.24m vis bounds+0.2m pos=(458.2,445.3) dist=2.2 vel=0.0
[  4642   25.246 x1.00] TEL charge Strike n=0.91 spd=1.00 mult=1.00 st=Attack anim=Charge/- drift=17.91 cut=17.91 meshOff=0.24m vis bounds+0.1m pos=(458.2,445.3) dist=2.2 vel=0.0
[  4660   25.330 x1.00] TEL charge Strike n=0.95 spd=1.00 mult=1.00 st=Attack anim=Charge/- drift=18.03 cut=18.03 meshOff=0.24m vis bounds+0.2m pos=(458.2,445.3) dist=2.2 vel=0.0
[  4677   25.411 x1.00] LOG  [OniBoss] Attack → Recovery
[  4677   25.411 x1.00] LOG  [OniBoss] Playing animation: Watch
[  4677   25.411 x1.00] LOG  [OniBoss:Layer] charge complete: engine left Attack (now Recovery) during Strike
[  4678   25.415 x1.00] TEL charge None   n=1.00 spd=1.00 mult=1.00 st=Recovery anim=Charge/h-1849006814 drift=17.45 cut=17.45 meshOff=0.24m vis bounds+0.1m pos=(458.2,445.3) dist=2.2 vel=0.0
[  4695   25.501 x1.00] TEL charge None   n=1.04 spd=1.00 mult=1.00 st=Recovery anim=Charge/h-1849006814 drift=11.22 cut=11.22 meshOff=0.24m vis bounds+0.1m pos=(458.2,445.3) dist=2.2 vel=0.0
[  4706   25.561 x1.00] LOG  [OniBoss] Recovery → Chase
[  4707   25.568 x1.00] LOG  [OniBoss] hold-ground: BACKSTEP 1.5m (player 2.2m)
[  4711   25.588 x1.00] TEL charge None   n=1.07 spd=1.00 mult=1.00 st=Chase anim=Charge/h765711723 drift=5.34 cut=5.34 meshOff=0.24m vis bounds+0.1m pos=(458.3,445.3) dist=2.2 vel=0.0
[  4728   25.672 x1.00] TEL charge None   n=1.07 spd=1.00 mult=1.00 st=Chase anim=Charge/h765711723 drift=0.57 cut=0.57 meshOff=0.24m vis bounds+0.2m pos=(458.4,445.3) dist=2.3 vel=0.0
[  4731   25.690 x1.00] LOG  [OniBoss:Layer] charge end (clip left the animator) after 3.03s real: pin measured 624 frames, cancelled on 624, max raw drift 18.07m, max cancelled 18.07m — travel WAS baked in, pin held it
[  4792   26.002 x1.00] LOG  [ComboTrace] START step=1 state='Combo1' queued=0 target='OniBoss' at 2.8m
[  4792   26.002 x1.00] LOG  [ComboTrace] LAUNCH OniBoss dist=0.80m in 0.13s
[  4828   26.168 x1.00] LOG  [ComboTrace] QUEUED #1 during step 1
[  4912   26.544 x1.00] LOG  [ComboTrace] QUEUED #2 during step 1
[  4932   26.642 x1.00] LOG  [OniBoss] hold-ground: backstep done (1.51m), WATCH (player 3.7m, cooldown 1.9s)
[  4932   26.642 x1.00] LOG  [OniBoss] Playing animation: Watch
[  4950   26.738 x1.00] LOG  [ComboTrace] CLICK IGNORED (step=1 queued=2)
[  4957   26.771 x1.00] LOG  🐾 VFX_AttackPaw triggered!
[  4983   26.912 x1.00] LOG  [ComboTrace] START step=2 state='Combo2' queued=1 target='OniBoss' at 3.7m
[  4983   26.912 x1.00] LOG  [ComboTrace] LAUNCH OniBoss dist=1.36m in 0.13s
[  4989   26.942 x1.00] LOG  [ComboTrace] CLICK DROPPED by attackCooldown (0.10s, 0.03s since last attack) step=2
[  5036   27.158 x1.00] LOG  [ComboTrace] QUEUED #2 during step 2
[  5155   27.726 x1.00] LOG  🐾🐾 VFX_TowPaw triggered!
[  5258   28.210 x1.00] LOG  🐾🐾 VFX_TowPaw triggered!
[  5327   28.562 x1.00] LOG  [OniBoss] Chase → Attack
[  5327   28.562 x1.00] LOG  [OniBoss] Attack: Club_Swing (16 dmg)
[  5399   28.912 x1.00] LOG  🐾 4-LEG JUMP #0
[  5399   28.912 x1.00] LOG  🐾 Jump 1 VFX spawned!
[  5408   28.956 x1.00] LOG  OniBoss took 10 damage. HP: 460/500
[  5408   28.956 x1.00] LOG  [OniBoss] 🤕 Hit during Attack — flash only
[  5408   28.956 x1.00] LOG  [CameraGameFeel] Shake: intensity=0.15 duration=0.150s
[  5408   28.956 x1.00] LOG  [CameraGameFeel] FOV punch: hit light (+1.5°)
[  5408   28.956 x1.00] LOG  [AirPosePin] engaged, holding body at 0.596m above the transform
[  5438   29.110 x1.00] LOG  OniBoss took 10 damage. HP: 450/500
[  5438   29.110 x1.00] LOG  [OniBoss] 🤕 Hit during Attack — flash only
[  5438   29.110 x1.00] LOG  [CameraGameFeel] Shake: intensity=0.05 duration=0.150s
[  5463   29.231 x1.00] LOG  [CameraGameFeel] Shake: intensity=0.20 duration=0.250s
[  5463   29.231 x1.00] LOG  [CameraGameFeel] Shake: intensity=0.09 duration=0.150s
[  5463   29.231 x1.00] LOG  [CameraGameFeel] FOV punch: player damage (-2.0°)
[  5463   29.231 x1.00] LOG  [OniBoss] Hit player for 16 (Club_Swing)
[  5559   29.739 x1.00] LOG  [OniBoss] Attack → Recovery
[  5559   29.739 x1.00] LOG  [OniBoss] Playing animation: Watch
[  5559   29.739 x1.00] LOG  [AirPosePin] released, peak correction was -0.091m
[  5578   29.838 x1.00] LOG  💨 Landing VFX spawned!
[  5578   29.838 x1.00] LOG  ✅ LANDED! (was jump #1)
[  5588   29.891 x1.00] LOG  [OniBoss] Recovery → Chase
[  5589   29.898 x1.00] LOG  [OniBoss] hold-ground: BACKSTEP 1.5m (player 1.9m)
[  5605   29.979 x1.00] LOG  [ComboTrace] START step=1 state='Combo1' queued=0 target='OniBoss' at 3.0m
[  5605   29.979 x1.00] LOG  [ComboTrace] LAUNCH OniBoss dist=0.80m in 0.13s
[  5646   30.182 x1.00] LOG  [ComboTrace] QUEUED #1 during step 1
[  5688   30.393 x1.00] LOG  [ComboTrace] QUEUED #2 during step 1
[  5729   30.583 x1.00] LOG  [ComboTrace] CLICK IGNORED (step=1 queued=2)
[  5764   30.748 x1.00] LOG  🐾 VFX_AttackPaw triggered!
[  5772   30.785 x1.00] LOG  [ComboTrace] CLICK IGNORED (step=1 queued=2)
[  5795   30.892 x1.00] LOG  [ComboTrace] START step=2 state='Combo2' queued=1 target='OniBoss' at 3.3m
[  5795   30.892 x1.00] LOG  [ComboTrace] LAUNCH OniBoss dist=0.97m in 0.13s
[  5812   30.970 x1.00] LOG  [OniBoss] hold-ground: backstep done (1.50m), WATCH (player 3.4m, cooldown 1.9s)
[  5812   30.970 x1.00] LOG  [OniBoss] Playing animation: Watch
[  5818   30.997 x1.00] LOG  [ComboTrace] QUEUED #2 during step 2
[  5865   31.223 x1.00] LOG  [ComboTrace] CLICK IGNORED (step=2 queued=2)
[  5918   31.499 x1.00] LOG  [ComboTrace] CLICK IGNORED (step=2 queued=2)
[  5959   31.702 x1.00] LOG  🐾🐾 VFX_TowPaw triggered!
[  5964   31.729 x1.00] LOG  [ComboTrace] CLICK IGNORED (step=2 queued=2)
[  6000   31.909 x1.00] LOG  🐾 4-LEG JUMP #0
[  6000   31.909 x1.00] LOG  🐾 Jump 1 VFX spawned!
[  6007   31.949 x1.00] LOG  [AirPosePin] engaged, holding body at 0.642m above the transform
[  6139   32.663 x1.00] LOG  [ComboTrace] END step=3 clipProgress=0.90 clipLen=0.79s queued=0 elapsed=0.71s
[  6140   32.669 x1.00] LOG  [AirPosePin] released, peak correction was -0.045m
[  6174   32.839 x1.00] LOG  💨 Landing VFX spawned!
[  6174   32.839 x1.00] LOG  ✅ LANDED! (was jump #1)
[  6184   32.894 x1.00] LOG  [OniBoss] Chase → Attack
[  6184   32.894 x1.00] LOG  [OniBoss] Attack: ClubSwing2 (16 dmg)
[  6254   33.217 x1.00] LOG  [ComboTrace] START step=1 state='Combo1' queued=0 target='OniBoss' at 3.7m
[  6254   33.217 x1.00] LOG  [ComboTrace] LAUNCH OniBoss dist=0.80m in 0.13s
[  6294   33.400 x1.00] LOG  [ComboTrace] QUEUED #1 during step 1
[  6295   33.404 x1.00] LOG  [CameraGameFeel] Shake: intensity=0.20 duration=0.250s
[  6295   33.404 x1.00] LOG  [CameraGameFeel] Shake: intensity=0.09 duration=0.150s
[  6295   33.404 x1.00] LOG  [CameraGameFeel] FOV punch: player damage (-2.0°)
[  6295   33.404 x1.00] LOG  [OniBoss] Hit player for 16 (ClubSwing2)
[  6295   33.404 x1.00] LOG  [AirPosePin] engaged, holding body at 0.644m above the transform
[  6296   33.408 x1.00] LOG  [AirPosePin] released, peak correction was 0.000m
[  6297   33.413 x1.00] LOG  [AirPosePin] engaged, holding body at 0.624m above the transform
[  6298   33.418 x1.00] LOG  [AirPosePin] released, peak correction was 0.000m
[  6299   33.422 x1.00] LOG  [AirPosePin] engaged, holding body at 0.610m above the transform
[  6304   33.445 x1.00] LOG  [AirPosePin] released, peak correction was 0.000m
[  6305   33.450 x1.00] LOG  [AirPosePin] engaged, holding body at 0.610m above the transform
[  6306   33.459 x1.00] LOG  [AirPosePin] released, peak correction was 0.000m
[  6308   33.481 x1.00] LOG  [AirPosePin] engaged, holding body at 0.610m above the transform
[  6313   33.497 x1.00] LOG  [AirPosePin] released, peak correction was -0.001m
[  6314   33.500 x1.00] LOG  [AirPosePin] engaged, holding body at 0.610m above the transform
[  6317   33.515 x1.00] LOG  [AirPosePin] released, peak correction was 0.000m
[  6318   33.519 x1.00] LOG  [AirPosePin] engaged, holding body at 0.611m above the transform
[  6322   33.537 x1.00] LOG  [AirPosePin] released, peak correction was -0.001m
[  6440   34.113 x1.00] LOG  [ComboTrace] START step=1 state='Combo1' queued=0 target='OniBoss' at 2.1m
[  6440   34.113 x1.00] LOG  [ComboTrace] LAUNCH OniBoss dist=0.80m in 0.13s
[  6514   34.466 x1.00] LOG  [OniBoss] Attack → Recovery
[  6514   34.466 x1.00] LOG  [OniBoss] Playing animation: Watch
[  6514   34.466 x1.00] LOG  [StormWeather] ⚡ strike at (471.79, 45.00, 449.54)
[  6545   34.618 x1.00] LOG  [OniBoss] Recovery → Chase
[  6546   34.623 x1.00] LOG  [OniBoss] hold-ground: BACKSTEP 1.5m (player 1.9m)
[  6566   34.722 x1.00] LOG  OniBoss took 10 damage. HP: 440/500
[  6566   34.722 x1.00] LOG  [OniBoss] Chase → HitReact
[  6566   34.722 x1.00] LOG  [OniBoss:Layer] react tier: LIGHT (10 dmg) → 'Hit_react_light'
[  6566   34.722 x1.00] LOG  [CameraGameFeel] Shake: intensity=0.15 duration=0.150s
[  6566   34.722 x1.00] LOG  [CameraGameFeel] FOV punch: hit light (+1.5°)
[  6607   34.923 x1.00] LOG  🐾 VFX_AttackPaw triggered!
[  6663   35.202 x1.00] LOG  [ComboTrace] END step=1 clipProgress=0.85 clipLen=1.23s queued=0 elapsed=1.09s
[  6726   35.524 x1.00] LOG  [OniBoss] HitReact → Chase
[  6727   35.529 x1.00] LOG  [OniBoss] Playing animation: Watch
[  7138   37.622 x1.00] LOG  [OniBoss] Combo started: swing1-2 (2 steps remaining)
[  7138   37.622 x1.00] LOG  [OniBoss] Chase → Attack
[  7138   37.622 x1.00] LOG  [OniBoss] Attack: Club_Swing (16 dmg)
[  7264   38.252 x1.00] LOG  [CameraGameFeel] Shake: intensity=0.20 duration=0.250s
[  7264   38.252 x1.00] LOG  [CameraGameFeel] Shake: intensity=0.09 duration=0.150s
[  7264   38.252 x1.00] LOG  [CameraGameFeel] FOV punch: player damage (-2.0°)
[  7264   38.252 x1.00] LOG  [OniBoss] Hit player for 16 (Club_Swing)
[  7264   38.252 x1.00] LOG  [AirPosePin] engaged, holding body at 0.642m above the transform
[  7269   38.276 x1.00] LOG  [AirPosePin] released, peak correction was 0.032m
[  7271   38.286 x1.00] LOG  [AirPosePin] engaged, holding body at 0.610m above the transform
[  7273   38.301 x1.00] LOG  [AirPosePin] released, peak correction was 0.000m
[  7275   38.311 x1.00] LOG  [AirPosePin] engaged, holding body at 0.610m above the transform
[  7276   38.315 x1.00] LOG  [AirPosePin] released, peak correction was 0.000m
[  7277   38.321 x1.00] LOG  [AirPosePin] engaged, holding body at 0.610m above the transform
[  7280   38.335 x1.00] LOG  [AirPosePin] released, peak correction was 0.000m
[  7281   38.341 x1.00] LOG  [AirPosePin] engaged, holding body at 0.610m above the transform
[  7284   38.361 x1.00] LOG  [AirPosePin] released, peak correction was 0.000m
[  7285   38.365 x1.00] LOG  [AirPosePin] engaged, holding body at 0.611m above the transform
[  7287   38.375 x1.00] LOG  [AirPosePin] released, peak correction was 0.000m
[  7360   38.751 x1.00] LOG  [OniBoss] Attack → Recovery
[  7360   38.751 x1.00] LOG  [OniBoss] Playing animation: Watch
[  7390   38.901 x1.00] LOG  [OniBoss] Recovery → Attack
[  7390   38.901 x1.00] LOG  [OniBoss] Attack: ClubSwing2 (16 dmg)
[  7458   39.414 x1.00] LOG  [CameraGameFeel] Shake: intensity=0.20 duration=0.250s
[  7458   39.414 x1.00] LOG  [CameraGameFeel] Shake: intensity=0.28 duration=0.150s
[  7458   39.414 x1.00] LOG  [CameraGameFeel] FOV punch: player damage (-3.0°)
[  7458   39.414 x1.00] LOG  [OniBoss] Hit player for 16 (ClubSwing2)
[  7460   39.424 x1.00] LOG  [AirPosePin] engaged, holding body at 0.622m above the transform
[  7463   39.437 x1.00] LOG  [AirPosePin] released, peak correction was 0.013m
[  7464   39.441 x1.00] LOG  [AirPosePin] engaged, holding body at 0.610m above the transform
[  7485   39.536 x1.00] LOG  [AirPosePin] released, peak correction was -0.001m
[  7651   40.342 x1.00] LOG  [ComboTrace] START step=1 state='Combo1' queued=0 target='OniBoss' at 2.1m
[  7651   40.342 x1.00] LOG  [ComboTrace] LAUNCH OniBoss dist=0.80m in 0.13s
[  7676   40.469 x1.00] LOG  [OniBoss] Attack → Recovery
[  7676   40.469 x1.00] LOG  [OniBoss] Playing animation: Watch
[  7694   40.548 x1.00] LOG  [ComboTrace] QUEUED #1 during step 1
[  7710   40.621 x1.00] LOG  [OniBoss] Recovery → Chase
[  7711   40.636 x1.00] LOG  [OniBoss] hold-ground: BACKSTEP 1.5m (player 2.0m)
[  7736   40.749 x1.00] LOG  [ComboTrace] QUEUED #2 during step 1
[  7773   40.936 x1.00] LOG  [ComboTrace] CLICK IGNORED (step=1 queued=2)
[  7777   40.953 x1.00] LOG  OniBoss took 10 damage. HP: 430/500
[  7777   40.953 x1.00] LOG  [OniBoss] Chase → HitReact
[  7777   40.953 x1.00] LOG  [OniBoss:Layer] react tier: LIGHT (10 dmg) → 'Hit_react_light'
[  7777   40.953 x1.00] LOG  [CameraGameFeel] Shake: intensity=0.15 duration=0.150s
[  7777   40.953 x1.00] LOG  [CameraGameFeel] FOV punch: hit light (+1.5°)
[  7814   41.137 x1.00] LOG  [ComboTrace] CLICK IGNORED (step=1 queued=2)
[  7817   41.150 x1.00] LOG  🐾 VFX_AttackPaw triggered!
[  7844   41.291 x1.00] LOG  [ComboTrace] START step=2 state='Combo2' queued=1 target='OniBoss' at 2.4m
[  7844   41.291 x1.00] LOG  [ComboTrace] LAUNCH OniBoss dist=0.80m in 0.13s
[  7861   41.366 x1.00] LOG  [ComboTrace] CLICK DROPPED by attackCooldown (0.10s, 0.07s since last attack) step=2
[  7899   41.565 x1.00] LOG  [ComboTrace] QUEUED #2 during step 2
[  7938   41.754 x1.00] LOG  [OniBoss] HitReact → Chase
[  7939   41.758 x1.00] LOG  [OniBoss] Playing animation: Watch
[  7945   41.787 x1.00] LOG  [ComboTrace] CLICK IGNORED (step=2 queued=2)
[  7988   41.997 x1.00] LOG  [ComboTrace] CLICK IGNORED (step=2 queued=2)
[  8009   42.103 x1.00] LOG  🐾🐾 VFX_TowPaw triggered!
[  8013   42.126 x1.00] LOG  OniBoss took 20 damage. HP: 410/500
[  8013   42.126 x1.00] LOG  [OniBoss] Chase → HitReact
[  8013   42.126 x1.00] LOG  [OniBoss:Layer] react tier: MEDIUM (20 dmg) → 'HitReact_medium'
[  8013   42.126 x1.00] LOG  [CameraGameFeel] Shake: intensity=0.15 duration=0.150s
[  8013   42.126 x1.00] LOG  [CameraGameFeel] FOV punch: hit light (+1.5°)
[  8023   42.181 x1.00] LOG  [ComboTrace] CLICK IGNORED (step=2 queued=2)
[  8053   42.324 x1.00] LOG  🐾 4-LEG JUMP #0
[  8053   42.324 x1.00] LOG  🐾 Jump 1 VFX spawned!
[  8071   42.406 x1.00] LOG  OniBoss took 10 damage. HP: 400/500
[  8071   42.406 x1.00] LOG  [OniBoss] HitReact → Stagger
[  8071   42.406 x1.00] LOG  [OniBoss] Playing animation: Stagger
[  8071   42.406 x1.00] LOG  [OniBoss] STAGGERED for 2.5s
[  8071   42.406 x1.00] LOG  [OniBoss:Layer] heavy knock-back react (swirl burst, 2 hits / 30 dmg) → 'HitReact_Heavy', down for 1.80s
[  8071   42.406 x1.00] LOG  [OniBoss:Layer] burst: 2 hits / 30 dmg inside 0.8s → knock-back + 0.90m push
[  8071   42.406 x1.00] LOG  [CameraGameFeel] Shake: intensity=0.15 duration=0.150s
[  8071   42.406 x1.00] LOG  [CameraGameFeel] FOV punch: hit light (+1.5°)
[  8071   42.406 x1.00] LOG  [AirPosePin] engaged, holding body at 0.561m above the transform
[  8206   43.162 x1.00] LOG  [ComboTrace] END step=3 clipProgress=0.90 clipLen=0.79s queued=0 elapsed=0.76s
[  8207   43.166 x1.00] LOG  [AirPosePin] released, peak correction was -0.125m
[  8228   43.258 x1.00] LOG  💨 Landing VFX spawned!
[  8228   43.258 x1.00] LOG  ✅ LANDED! (was jump #1)
[  8237   43.306 x1.00] LOG  [ComboTrace] START step=1 state='Combo1' queued=0 target='OniBoss' at 3.2m
[  8237   43.306 x1.00] LOG  [ComboTrace] LAUNCH OniBoss dist=0.88m in 0.13s
[  8372   43.957 x1.00] LOG  [ComboTrace] QUEUED #1 during step 1
[  8394   44.075 x1.00] LOG  🐾 VFX_AttackPaw triggered!
[  8423   44.205 x1.00] LOG  [OniBoss] Stagger → Chase
[  8424   44.210 x1.00] LOG  [OniBoss] Playing animation: Watch
[  8424   44.210 x1.00] LOG  [OniBoss] Combo started: swing1-2 (2 steps remaining)
[  8424   44.210 x1.00] LOG  [OniBoss] Chase → Attack
[  8424   44.210 x1.00] LOG  [OniBoss] Attack: Club_Swing (16 dmg)
[  8426   44.221 x1.00] LOG  [ComboTrace] QUEUED #2 during step 1
[  8426   44.221 x1.00] LOG  [ComboTrace] START step=2 state='Combo2' queued=1 target='OniBoss' at 3.1m
[  8426   44.221 x1.00] LOG  [ComboTrace] LAUNCH OniBoss dist=0.83m in 0.13s
[  8432   44.250 x1.00] LOG  [OniBoss:Layer] step-in: 'Club_Swing' closed 0.18m, Yoru now 3.0m away (range 3.5)
[  8505   44.604 x1.00] LOG  [ComboTrace] QUEUED #2 during step 2
[  8548   44.816 x1.00] LOG  [ComboTrace] CLICK IGNORED (step=2 queued=2)
[  8553   44.842 x1.00] LOG  [CameraGameFeel] Shake: intensity=0.20 duration=0.250s
[  8553   44.842 x1.00] LOG  [CameraGameFeel] Shake: intensity=0.09 duration=0.150s
[  8553   44.842 x1.00] LOG  [CameraGameFeel] FOV punch: player damage (-2.0°)
[  8553   44.842 x1.00] LOG  [OniBoss] Hit player for 16 (Club_Swing)
[  8553   44.842 x1.00] LOG  [AirPosePin] engaged, holding body at 0.638m above the transform
[  8581   44.976 x1.00] LOG  [AirPosePin] released, peak correction was 0.027m
[  8651   45.341 x1.00] LOG  [OniBoss] Attack → Recovery
[  8651   45.341 x1.00] LOG  [OniBoss] Playing animation: Watch
[  8672   45.428 x1.00] LOG  [ComboTrace] START step=1 state='Combo1' queued=0 target='OniBoss' at 2.9m
[  8672   45.428 x1.00] LOG  [ComboTrace] LAUNCH OniBoss dist=0.80m in 0.13s
[  8684   45.494 x1.00] LOG  [OniBoss] Recovery → Attack
[  8684   45.494 x1.00] LOG  [OniBoss] Attack: ClubSwing2 (16 dmg)
[  8710   45.606 x1.00] LOG  [ComboTrace] QUEUED #1 during step 1
[  8754   45.817 x1.00] LOG  [ComboTrace] QUEUED #2 during step 1
[  8796   46.004 x1.00] LOG  [CameraGameFeel] Shake: intensity=0.20 duration=0.250s
[  8796   46.004 x1.00] LOG  [CameraGameFeel] Shake: intensity=0.28 duration=0.150s
[  8796   46.004 x1.00] LOG  [CameraGameFeel] FOV punch: player damage (-3.0°)
[  8796   46.004 x1.00] LOG  [OniBoss] Hit player for 16 (ClubSwing2)
[  8796   46.004 x1.00] LOG  [AirPosePin] engaged, holding body at 0.643m above the transform
[  8816   46.098 x1.00] LOG  [AirPosePin] released, peak correction was 0.032m
[  8999   47.013 x1.00] LOG  [ComboTrace] START step=1 state='Combo1' queued=0 target='OniBoss' at 2.6m
[  8999   47.013 x1.00] LOG  [ComboTrace] LAUNCH OniBoss dist=0.80m in 0.13s
[  9010   47.065 x1.00] LOG  [OniBoss] Attack → Recovery
[  9010   47.065 x1.00] LOG  [OniBoss] Playing animation: Watch
[  9041   47.207 x1.00] LOG  [ComboTrace] QUEUED #1 during step 1
[  9043   47.215 x1.00] LOG  [OniBoss] Recovery → Chase
[  9044   47.220 x1.00] LOG  [OniBoss] hold-ground: BACKSTEP 1.5m (player 1.9m)
[  9088   47.424 x1.00] LOG  [ComboTrace] QUEUED #2 during step 1
[  9130   47.619 x1.00] LOG  [ComboTrace] CLICK IGNORED (step=1 queued=2)
[  9131   47.623 x1.00] LOG  OniBoss took 10 damage. HP: 390/500
[  9131   47.623 x1.00] LOG  [OniBoss] Chase → HitReact
[  9131   47.623 x1.00] LOG  [OniBoss:Layer] react tier: LIGHT (10 dmg) → 'Hit_react_light'
[  9131   47.623 x1.00] LOG  [CameraGameFeel] Shake: intensity=0.15 duration=0.150s
[  9131   47.623 x1.00] LOG  [CameraGameFeel] FOV punch: hit light (+1.5°)
[  9171   47.817 x1.00] LOG  🐾 VFX_AttackPaw triggered!
[  9173   47.832 x1.00] LOG  [ComboTrace] CLICK IGNORED (step=1 queued=2)
[  9196   47.962 x1.00] LOG  [ComboTrace] START step=2 state='Combo2' queued=1 target='OniBoss' at 2.5m
[  9196   47.962 x1.00] LOG  [ComboTrace] LAUNCH OniBoss dist=0.80m in 0.13s
[  9215   48.055 x1.00] LOG  [ComboTrace] CLICK DROPPED by attackCooldown (0.10s, 0.09s since last attack) step=2
[  9252   48.262 x1.00] LOG  [ComboTrace] QUEUED #2 during step 2
[  9284   48.425 x1.00] LOG  [OniBoss] HitReact → Chase
[  9285   48.432 x1.00] LOG  [OniBoss] Playing animation: Watch
[  9292   48.466 x1.00] LOG  [ComboTrace] CLICK IGNORED (step=2 queued=2)
[  9334   48.676 x1.00] LOG  [ComboTrace] CLICK IGNORED (step=2 queued=2)
[  9352   48.772 x1.00] LOG  🐾🐾 VFX_TowPaw triggered!
[  9357   48.795 x1.00] LOG  OniBoss took 20 damage. HP: 370/500
[  9357   48.795 x1.00] LOG  [OniBoss] Chase → HitReact
[  9357   48.795 x1.00] LOG  [OniBoss:Layer] react tier: MEDIUM (20 dmg) → 'HitReact_medium'
[  9357   48.795 x1.00] LOG  [CameraGameFeel] Shake: intensity=0.15 duration=0.150s
[  9357   48.795 x1.00] LOG  [CameraGameFeel] FOV punch: hit light (+1.5°)
[  9378   48.907 x1.00] LOG  [ComboTrace] CLICK IGNORED (step=2 queued=2)
[  9423   49.115 x1.00] LOG  [ComboTrace] CLICK IGNORED (step=2 queued=2)
[  9458   49.294 x1.00] LOG  🐾🐾 VFX_TowPaw triggered!
[  9463   49.323 x1.00] LOG  [ComboTrace] CLICK IGNORED (step=2 queued=2)
[  9465   49.332 x1.00] LOG  [ComboTrace] START step=3 state='Combo3' queued=1 target='OniBoss' at 2.9m
[  9465   49.332 x1.00] LOG  [ComboTrace] LAUNCH OniBoss dist=0.80m in 0.13s
[  9507   49.546 x1.00] LOG  [ComboTrace] CLICK IGNORED (step=3 queued=1)
[  9516   49.598 x1.00] LOG  [OniBoss] HitReact → Chase
[  9517   49.608 x1.00] LOG  [OniBoss] Playing animation: Watch
[  9545   49.756 x1.00] LOG  [ComboTrace] CLICK IGNORED (step=3 queued=1)
[  9580   49.967 x1.00] LOG  [ComboTrace] CLICK IGNORED (step=3 queued=1)
[  9606   50.098 x1.00] LOG  [ComboTrace] END step=3 clipProgress=0.96 clipLen=0.79s queued=0 elapsed=0.77s
[  9627   50.189 x1.00] LOG  [ComboTrace] CLICK DROPPED by attackCooldown (0.10s, 0.09s since last attack) step=3
[  9633   50.219 x1.00] LOG  [OniBoss] Chase → Attack
[  9633   50.219 x1.00] LOG  [OniBoss] Attack: Club_Swing (16 dmg)
[  9675   50.406 x1.00] LOG  [ComboTrace] START step=1 state='Combo1' queued=0 target='OniBoss' at 2.9m
[  9675   50.406 x1.00] LOG  [ComboTrace] LAUNCH OniBoss dist=0.80m in 0.13s
[  9722   50.630 x1.00] LOG  [ComboTrace] QUEUED #1 during step 1
[  9761   50.827 x1.00] LOG  [ComboTrace] QUEUED #2 during step 1
[  9767   50.847 x1.00] LOG  [CameraGameFeel] Shake: intensity=0.20 duration=0.250s
[  9767   50.847 x1.00] LOG  [CameraGameFeel] Shake: intensity=0.09 duration=0.150s
[  9767   50.847 x1.00] LOG  [CameraGameFeel] FOV punch: player damage (-2.0°)
[  9767   50.847 x1.00] LOG  [OniBoss] Hit player for 16 (Club_Swing)
[  9861   51.346 x1.00] LOG  [OniBoss] Attack → Recovery
[  9861   51.346 x1.00] LOG  [OniBoss] Playing animation: Watch
[  9891   51.496 x1.00] LOG  [OniBoss] Recovery → Chase
[  9892   51.502 x1.00] LOG  [OniBoss] hold-ground: BACKSTEP 1.5m (player 2.4m)
[  9894   51.513 x1.00] LOG  [ComboTrace] START step=1 state='Combo1' queued=0 target='OniBoss' at 2.4m
[  9894   51.513 x1.00] LOG  [ComboTrace] LAUNCH OniBoss dist=0.80m in 0.13s
[  9939   51.736 x1.00] LOG  [ComboTrace] QUEUED #1 during step 1
[  9988   51.962 x1.00] LOG  [ComboTrace] QUEUED #2 during step 1
[ 10031   52.164 x1.00] LOG  [ComboTrace] CLICK IGNORED (step=1 queued=2)
[ 10055   52.284 x1.00] LOG  🐾 VFX_AttackPaw triggered!
[ 10073   52.383 x1.00] LOG  [ComboTrace] CLICK IGNORED (step=1 queued=2)
[ 10080   52.423 x1.00] LOG  [ComboTrace] START step=2 state='Combo2' queued=1 target='OniBoss' at 3.7m
[ 10080   52.423 x1.00] LOG  [ComboTrace] LAUNCH OniBoss dist=1.33m in 0.13s
[ 10109   52.576 x1.00] LOG  [OniBoss] hold-ground: backstep done (1.51m), WATCH (player 3.9m, cooldown 1.9s)
[ 10109   52.576 x1.00] LOG  [OniBoss] Playing animation: Watch
[ 10238   53.233 x1.00] LOG  🐾🐾 VFX_TowPaw triggered!
[ 10359   53.834 x1.00] LOG  [StormWeather] ⚡ strike at (472.01, 45.00, 447.38)
[ 10389   53.980 x1.00] LOG  🐾 4-LEG JUMP #0
[ 10389   53.980 x1.00] LOG  🐾 Jump 1 VFX spawned!
[ 10489   54.498 x1.00] LOG  [OniBoss] Chase → Attack
[ 10489   54.498 x1.00] LOG  [OniBoss] Attack: ClubSwing2 (16 dmg)
[ 10503   54.565 x1.00] LOG  OniBoss took 10 damage. HP: 360/500
[ 10503   54.565 x1.00] LOG  [OniBoss] 🤕 Hit during Attack — flash only
[ 10503   54.565 x1.00] LOG  [CameraGameFeel] Shake: intensity=0.15 duration=0.150s
[ 10503   54.565 x1.00] LOG  [CameraGameFeel] FOV punch: hit light (+1.5°)
[ 10503   54.565 x1.00] LOG  [AirPosePin] engaged, holding body at 2.219m above the transform
[ 10537   54.716 x1.00] LOG  OniBoss took 10 damage. HP: 350/500
[ 10537   54.716 x1.00] LOG  [OniBoss] 🤕 Hit during Attack — flash only
[ 10537   54.716 x1.00] LOG  [CameraGameFeel] Shake: intensity=0.05 duration=0.150s
[ 10569   54.870 x1.00] LOG  OniBoss took 10 damage. HP: 340/500
[ 10569   54.870 x1.00] LOG  [OniBoss] 🤕 Hit during Attack — flash only
[ 10569   54.870 x1.00] LOG  [OniBoss] Attack → Stagger
[ 10569   54.870 x1.00] LOG  [OniBoss] Playing animation: Stagger
[ 10569   54.870 x1.00] LOG  [OniBoss] STAGGERED for 2.5s
[ 10569   54.870 x1.00] LOG  [OniBoss:Layer] heavy knock-back react (swirl burst, 3 hits / 30 dmg) → 'HitReact_Heavy', down for 1.80s
[ 10569   54.870 x1.00] LOG  [OniBoss:Layer] burst: 3 hits / 30 dmg inside 0.8s → knock-back + 0.90m push
[ 10569   54.870 x1.00] LOG  [CameraGameFeel] Shake: intensity=0.05 duration=0.150s
[ 10579   54.915 x1.00] LOG  💨 Landing VFX spawned!
[ 10579   54.915 x1.00] LOG  ✅ LANDED! (was jump #1)
[ 10579   54.915 x1.00] LOG  [AirPosePin] released, peak correction was 1.436m
[ 10615   55.086 x1.00] LOG  [ComboTrace] CLICK IGNORED (step=3 queued=0)
[ 10640   55.218 x1.00] LOG  🐾 4-LEG JUMP #0
[ 10640   55.218 x1.00] LOG  🐾 Jump 1 VFX spawned!
[ 10643   55.244 x1.00] LOG  [AirPosePin] engaged, holding body at 0.741m above the transform
[ 10659   55.317 x1.00] LOG  [ComboTrace] END step=3 clipProgress=0.90 clipLen=0.79s queued=0 elapsed=0.75s
[ 10660   55.322 x1.00] LOG  [AirPosePin] released, peak correction was 0.055m
[ 10716   55.562 x1.00] LOG  🐾 4-LEG JUMP #1
[ 10716   55.562 x1.00] LOG  🐾 Jump 2 VFX spawned!
[ 10792   55.891 x1.00] LOG  🐾 4-LEG JUMP #2
[ 10792   55.891 x1.00] LOG  🐾 Jump 3 VFX spawned!
[ 10792   55.891 x1.00] LOG  🚫 Max jumps reached!
[ 10942   56.674 x1.00] LOG  [OniBoss] Stagger → Chase
[ 10943   56.677 x1.00] LOG  [OniBoss] Pull-band decision: RUN-IN (dist 4.9m, pullRange 0m, chance 0.50)
[ 10943   56.677 x1.00] LOG  [OniBoss] Playing animation: run
[ 10987   56.897 x1.00] LOG  💨 Landing VFX spawned!
[ 10987   56.897 x1.00] LOG  ✅ LANDED! (was jump #3)
[ 11021   57.077 x1.00] LOG  [OniBoss] Playing animation: Watch
[ 11021   57.077 x1.00] LOG  [OniBoss] Combo started: swing1-2 (2 steps remaining)
[ 11021   57.077 x1.00] LOG  [OniBoss] Chase → Attack
[ 11021   57.077 x1.00] LOG  [OniBoss] Attack: Club_Swing (16 dmg)
[ 11029   57.124 x1.00] LOG  [OniBoss:Layer] step-in: 'Club_Swing' closed 0.23m, Yoru now 3.0m away (range 3.5)
[ 11080   57.365 x1.00] LOG  [ComboTrace] START step=1 state='Combo1' queued=0 target='OniBoss' at 3.1m
[ 11080   57.365 x1.00] LOG  [ComboTrace] LAUNCH OniBoss dist=0.80m in 0.13s
[ 11122   57.580 x1.00] LOG  [ComboTrace] QUEUED #1 during step 1
[ 11146   57.706 x1.00] LOG  [CameraGameFeel] Shake: intensity=0.20 duration=0.250s
[ 11146   57.706 x1.00] LOG  [CameraGameFeel] Shake: intensity=0.09 duration=0.150s
[ 11146   57.706 x1.00] LOG  [CameraGameFeel] FOV punch: player damage (-2.0°)
[ 11146   57.706 x1.00] LOG  [OniBoss] Hit player for 16 (Club_Swing)
[ 11146   57.706 x1.00] LOG  [AirPosePin] engaged, holding body at 0.642m above the transform
[ 11147   57.713 x1.00] LOG  [AirPosePin] released, peak correction was 0.000m
[ 11148   57.720 x1.00] LOG  [AirPosePin] engaged, holding body at 0.611m above the transform
[ 11155   57.757 x1.00] LOG  [AirPosePin] released, peak correction was 0.001m
[ 11156   57.764 x1.00] LOG  [AirPosePin] engaged, holding body at 0.610m above the transform
[ 11160   57.787 x1.00] LOG  [AirPosePin] released, peak correction was 0.000m
[ 11161   57.794 x1.00] LOG  [AirPosePin] engaged, holding body at 0.610m above the transform
[ 11162   57.798 x1.00] LOG  [AirPosePin] released, peak correction was 0.000m
[ 11163   57.804 x1.00] LOG  [AirPosePin] engaged, holding body at 0.610m above the transform
[ 11170   57.838 x1.00] LOG  [AirPosePin] released, peak correction was -0.001m
[ 11240   58.204 x1.00] LOG  [OniBoss] Attack → Recovery
[ 11240   58.204 x1.00] LOG  [OniBoss] Playing animation: Watch
[ 11243   58.218 x1.00] LOG  [ComboTrace] START step=1 state='Combo1' queued=0 target='OniBoss' at 2.0m
[ 11243   58.218 x1.00] LOG  [ComboTrace] LAUNCH OniBoss dist=0.80m in 0.13s
[ 11268   58.357 x1.00] LOG  [OniBoss] Recovery → Attack
[ 11268   58.357 x1.00] LOG  [OniBoss] Attack: ClubSwing2 (16 dmg)
[ 11280   58.418 x1.00] LOG  [ComboTrace] QUEUED #1 during step 1
[ 11320   58.628 x1.00] LOG  [ComboTrace] QUEUED #2 during step 1
[ 11357   58.827 x1.00] LOG  OniBoss took 10 damage. HP: 330/500
[ 11357   58.827 x1.00] LOG  [OniBoss] 🤕 Hit during Attack — flash only
[ 11357   58.827 x1.00] LOG  [CameraGameFeel] Shake: intensity=0.15 duration=0.150s
[ 11357   58.827 x1.00] LOG  [CameraGameFeel] FOV punch: hit light (+1.5°)
[ 11361   58.848 x1.00] LOG  [ComboTrace] CLICK IGNORED (step=1 queued=2)
[ 11373   58.908 x1.00] LOG  [CameraGameFeel] Shake: intensity=0.20 duration=0.250s
[ 11373   58.908 x1.00] LOG  [CameraGameFeel] Shake: intensity=0.28 duration=0.150s
[ 11373   58.908 x1.00] LOG  [CameraGameFeel] FOV punch: player damage (-3.0°)
[ 11373   58.908 x1.00] LOG  [OniBoss] Hit player for 16 (ClubSwing2)
[ 11374   58.915 x1.00] LOG  [AirPosePin] engaged, holding body at 0.629m above the transform
[ 11376   58.924 x1.00] LOG  [AirPosePin] released, peak correction was 0.008m
[ 11377   58.928 x1.00] LOG  [AirPosePin] engaged, holding body at 0.610m above the transform
[ 11381   58.954 x1.00] LOG  [AirPosePin] released, peak correction was 0.000m
[ 11382   58.958 x1.00] LOG  [AirPosePin] engaged, holding body at 0.610m above the transform
[ 11385   58.974 x1.00] LOG  [AirPosePin] released, peak correction was 0.000m
[ 11386   58.978 x1.00] LOG  [AirPosePin] engaged, holding body at 0.610m above the transform
[ 11389   58.994 x1.00] LOG  [AirPosePin] released, peak correction was 0.000m
[ 11390   58.998 x1.00] LOG  [AirPosePin] engaged, holding body at 0.610m above the transform
[ 11391   59.004 x1.00] LOG  [AirPosePin] released, peak correction was 0.000m
[ 11392   59.008 x1.00] LOG  [AirPosePin] engaged, holding body at 0.610m above the transform
[ 11396   59.028 x1.00] LOG  [AirPosePin] released, peak correction was -0.001m
[ 11581   59.958 x1.00] LOG  [ComboTrace] START step=1 state='Combo1' queued=0 target='OniBoss' at 2.0m
[ 11581   59.958 x1.00] LOG  [ComboTrace] LAUNCH OniBoss dist=0.80m in 0.13s
[ 11583   59.968 x1.00] LOG  [OniBoss] Attack → Recovery
[ 11583   59.968 x1.00] LOG  [OniBoss] Playing animation: Watch
[ 11614   60.119 x1.00] LOG  [OniBoss] Recovery → Chase
[ 11615   60.124 x1.00] LOG  [OniBoss] hold-ground: BACKSTEP 1.5m (player 2.0m)
[ 11622   60.164 x1.00] LOG  [ComboTrace] QUEUED #1 during step 1
[ 11702   60.570 x1.00] LOG  OniBoss took 10 damage. HP: 320/500
[ 11702   60.570 x1.00] LOG  [OniBoss] Chase → HitReact
[ 11702   60.570 x1.00] LOG  [OniBoss:Layer] react tier: LIGHT (10 dmg) → 'Hit_react_light'
[ 11702   60.570 x1.00] LOG  [CameraGameFeel] Shake: intensity=0.15 duration=0.150s
[ 11702   60.570 x1.00] LOG  [CameraGameFeel] FOV punch: hit light (+1.5°)
[ 11739   60.767 x1.00] LOG  🐾 VFX_AttackPaw triggered!
[ 11764   60.913 x1.00] LOG  [ComboTrace] START step=2 state='Combo2' queued=0 target='OniBoss' at 2.6m
[ 11764   60.913 x1.00] LOG  [ComboTrace] LAUNCH OniBoss dist=0.80m in 0.13s
[ 11781   60.989 x1.00] LOG  [ComboTrace] CLICK DROPPED by attackCooldown (0.10s, 0.08s since last attack) step=2
[ 11824   61.222 x1.00] LOG  [ComboTrace] QUEUED #1 during step 2
[ 11853   61.374 x1.00] LOG  [OniBoss] HitReact → Chase
[ 11854   61.377 x1.00] LOG  [OniBoss] Playing animation: Watch
[ 11871   61.457 x1.00] LOG  [ComboTrace] QUEUED #2 during step 2
[ 11906   61.645 x1.00] LOG  [ComboTrace] CLICK IGNORED (step=2 queued=2)
[ 11921   61.725 x1.00] LOG  🐾🐾 VFX_TowPaw triggered!
[ 11925   61.748 x1.00] LOG  OniBoss took 20 damage. HP: 300/500
[ 11925   61.748 x1.00] LOG  [OniBoss] Chase → HitReact
[ 11925   61.748 x1.00] LOG  [OniBoss:Layer] react tier: MEDIUM (20 dmg) → 'HitReact_medium'
[ 11925   61.748 x1.00] LOG  [CameraGameFeel] Shake: intensity=0.15 duration=0.150s
[ 11925   61.748 x1.00] LOG  [CameraGameFeel] FOV punch: hit light (+1.5°)
[ 11968   61.978 x1.00] LOG  [ComboTrace] CLICK IGNORED (step=2 queued=2)
[ 12020   62.248 x1.00] LOG  🐾🐾 VFX_TowPaw triggered!
[ 12027   62.288 x1.00] LOG  [ComboTrace] START step=3 state='Combo3' queued=1 target='OniBoss' at 2.9m
[ 12027   62.288 x1.00] LOG  [ComboTrace] LAUNCH OniBoss dist=0.80m in 0.13s
[ 12076   62.548 x1.00] LOG  [OniBoss] HitReact → Chase
[ 12077   62.555 x1.00] LOG  [OniBoss] Playing animation: Watch
[ 12167   63.055 x1.00] LOG  [ComboTrace] END step=3 clipProgress=0.95 clipLen=0.79s queued=0 elapsed=0.77s
[ 12181   63.125 x1.00] LOG  [OniBoss] Chase → Attack
[ 12181   63.125 x1.00] LOG  [OniBoss] Attack: ClubSlam (20 dmg)
[ 12201   63.225 x1.00] LOG  [AirPosePin] engaged, holding body at 0.560m above the transform
[ 12202   63.228 x1.00] LOG  [AirPosePin] released, peak correction was 0.000m
[ 12203   63.235 x1.00] LOG  [AirPosePin] engaged, holding body at 0.532m above the transform
[ 12204   63.238 x1.00] LOG  [AirPosePin] released, peak correction was 0.000m
[ 12205   63.245 x1.00] LOG  [AirPosePin] engaged, holding body at 0.505m above the transform
[ 12206   63.249 x1.00] LOG  OniBoss took 20 damage. HP: 280/500
[ 12206   63.249 x1.00] LOG  [OniBoss] 🤕 Hit during Attack — flash only
[ 12206   63.249 x1.00] LOG  [CameraGameFeel] Shake: intensity=0.15 duration=0.150s
[ 12206   63.249 x1.00] LOG  [CameraGameFeel] FOV punch: hit light (+1.5°)
[ 12206   63.249 x1.00] LOG  [AirPosePin] released, peak correction was 0.000m
[ 12207   63.255 x1.00] LOG  [AirPosePin] engaged, holding body at 0.505m above the transform
[ 12208   63.259 x1.00] LOG  [AirPosePin] released, peak correction was 0.000m
[ 12209   63.265 x1.00] LOG  [AirPosePin] engaged, holding body at 0.506m above the transform
[ 12210   63.269 x1.00] LOG  [OniBoss:Layer] step-in: 'ClubSlam' closed 0.02m, Yoru now 3.0m away (range 3.5)
[ 12210   63.269 x1.00] LOG  [AirPosePin] released, peak correction was 0.000m
[ 12211   63.275 x1.00] LOG  [OniBoss:Layer] step-in: 'ClubSlam' closed 0.03m, Yoru now 3.0m away (range 3.5)
[ 12211   63.275 x1.00] LOG  [AirPosePin] engaged, holding body at 0.507m above the transform
[ 12212   63.279 x1.00] LOG  [OniBoss:Layer] step-in: 'ClubSlam' closed 0.05m, Yoru now 3.0m away (range 3.5)
[ 12212   63.279 x1.00] LOG  [AirPosePin] released, peak correction was 0.000m
[ 12213   63.285 x1.00] LOG  [OniBoss:Layer] step-in: 'ClubSlam' closed 0.06m, Yoru now 3.0m away (range 3.5)
[ 12213   63.285 x1.00] LOG  [AirPosePin] engaged, holding body at 0.507m above the transform
[ 12214   63.288 x1.00] LOG  [OniBoss:Layer] step-in: 'ClubSlam' closed 0.08m, Yoru now 3.0m away (range 3.5)
[ 12214   63.288 x1.00] LOG  [AirPosePin] released, peak correction was 0.000m
[ 12215   63.295 x1.00] LOG  [OniBoss:Layer] step-in: 'ClubSlam' closed 0.08m, Yoru now 3.0m away (range 3.5)
[ 12215   63.295 x1.00] LOG  [AirPosePin] engaged, holding body at 0.510m above the transform
[ 12216   63.299 x1.00] LOG  [OniBoss:Layer] step-in: 'ClubSlam' closed 0.09m, Yoru now 3.0m away (range 3.5)
[ 12216   63.299 x1.00] LOG  [AirPosePin] released, peak correction was 0.000m
[ 12217   63.305 x1.00] LOG  [OniBoss:Layer] step-in: 'ClubSlam' closed 0.10m, Yoru now 3.0m away (range 3.5)
[ 12217   63.305 x1.00] LOG  [AirPosePin] engaged, holding body at 0.514m above the transform
[ 12218   63.308 x1.00] LOG  [OniBoss:Layer] step-in: 'ClubSlam' closed 0.11m, Yoru now 3.0m away (range 3.5)
[ 12218   63.308 x1.00] LOG  [AirPosePin] released, peak correction was 0.000m
[ 12219   63.315 x1.00] LOG  [OniBoss:Layer] step-in: 'ClubSlam' closed 0.11m, Yoru now 3.0m away (range 3.5)
[ 12219   63.315 x1.00] LOG  [AirPosePin] engaged, holding body at 0.518m above the transform
[ 12220   63.318 x1.00] LOG  [OniBoss:Layer] step-in: 'ClubSlam' closed 0.11m, Yoru now 3.0m away (range 3.5)
[ 12220   63.318 x1.00] LOG  [AirPosePin] released, peak correction was 0.000m
[ 12221   63.325 x1.00] LOG  [OniBoss:Layer] step-in: 'ClubSlam' closed 0.11m, Yoru now 3.0m away (range 3.5)
[ 12221   63.325 x1.00] LOG  [AirPosePin] engaged, holding body at 0.522m above the transform
[ 12222   63.329 x1.00] LOG  [AirPosePin] released, peak correction was 0.000m
[ 12223   63.338 x1.00] LOG  [AirPosePin] engaged, holding body at 0.527m above the transform
[ 12224   63.346 x1.00] LOG  [AirPosePin] released, peak correction was 0.000m
[ 12225   63.350 x1.00] LOG  [AirPosePin] engaged, holding body at 0.531m above the transform
[ 12226   63.355 x1.00] LOG  [AirPosePin] released, peak correction was 0.000m
[ 12227   63.359 x1.00] LOG  [AirPosePin] engaged, holding body at 0.530m above the transform
[ 12228   63.365 x1.00] LOG  [AirPosePin] released, peak correction was 0.000m
[ 12229   63.368 x1.00] LOG  [AirPosePin] engaged, holding body at 0.529m above the transform
[ 12230   63.375 x1.00] LOG  [AirPosePin] released, peak correction was 0.000m
[ 12231   63.379 x1.00] LOG  [AirPosePin] engaged, holding body at 0.528m above the transform
[ 12232   63.385 x1.00] LOG  [AirPosePin] released, peak correction was 0.000m
[ 12233   63.389 x1.00] LOG  [AirPosePin] engaged, holding body at 0.527m above the transform
[ 12234   63.395 x1.00] LOG  [AirPosePin] released, peak correction was 0.000m
[ 12235   63.399 x1.00] LOG  [AirPosePin] engaged, holding body at 0.524m above the transform
[ 12236   63.405 x1.00] LOG  [AirPosePin] released, peak correction was 0.000m
[ 12237   63.408 x1.00] LOG  [AirPosePin] engaged, holding body at 0.522m above the transform
[ 12238   63.418 x1.00] LOG  [AirPosePin] released, peak correction was 0.000m
[ 12239   63.421 x1.00] LOG  [AirPosePin] engaged, holding body at 0.519m above the transform
[ 12240   63.425 x1.00] LOG  [AirPosePin] released, peak correction was 0.000m
[ 12241   63.429 x1.00] LOG  [AirPosePin] engaged, holding body at 0.517m above the transform
[ 12242   63.435 x1.00] LOG  [AirPosePin] released, peak correction was 0.000m
[ 12243   63.439 x1.00] LOG  [AirPosePin] engaged, holding body at 0.515m above the transform
[ 12244   63.445 x1.00] LOG  [AirPosePin] released, peak correction was 0.000m
[ 12245   63.448 x1.00] LOG  [AirPosePin] engaged, holding body at 0.514m above the transform
[ 12246   63.455 x1.00] LOG  [AirPosePin] released, peak correction was 0.000m
[ 12247   63.458 x1.00] LOG  [AirPosePin] engaged, holding body at 0.513m above the transform
[ 12248   63.465 x1.00] LOG  [AirPosePin] released, peak correction was 0.000m
[ 12249   63.468 x1.00] LOG  [AirPosePin] engaged, holding body at 0.512m above the transform
[ 12250   63.475 x1.00] LOG  [AirPosePin] released, peak correction was 0.000m
[ 12251   63.479 x1.00] LOG  [AirPosePin] engaged, holding body at 0.512m above the transform
[ 12252   63.485 x1.00] LOG  [AirPosePin] released, peak correction was 0.000m
[ 12253   63.489 x1.00] LOG  [AirPosePin] engaged, holding body at 0.513m above the transform
[ 12254   63.497 x1.00] LOG  [AirPosePin] released, peak correction was 0.000m
[ 12255   63.505 x1.00] LOG  [AirPosePin] engaged, holding body at 0.514m above the transform
[ 12256   63.509 x1.00] LOG  [AirPosePin] released, peak correction was 0.000m
[ 12257   63.515 x1.00] LOG  [AirPosePin] engaged, holding body at 0.515m above the transform
[ 12258   63.519 x1.00] LOG  [AirPosePin] released, peak correction was 0.000m
[ 12259   63.525 x1.00] LOG  [AirPosePin] engaged, holding body at 0.515m above the transform
[ 12260   63.529 x1.00] LOG  [AirPosePin] released, peak correction was 0.000m
[ 12261   63.535 x1.00] LOG  [AirPosePin] engaged, holding body at 0.516m above the transform
[ 12262   63.540 x1.00] LOG  [AirPosePin] released, peak correction was 0.000m
[ 12263   63.545 x1.00] LOG  [AirPosePin] engaged, holding body at 0.517m above the transform
[ 12264   63.549 x1.00] LOG  [AirPosePin] released, peak correction was 0.000m
[ 12265   63.555 x1.00] LOG  [AirPosePin] engaged, holding body at 0.517m above the transform
[ 12266   63.559 x1.00] LOG  [AirPosePin] released, peak correction was 0.000m
[ 12267   63.565 x1.00] LOG  [AirPosePin] engaged, holding body at 0.518m above the transform
[ 12268   63.569 x1.00] LOG  [AirPosePin] released, peak correction was 0.000m
[ 12269   63.575 x1.00] LOG  [AirPosePin] engaged, holding body at 0.519m above the transform
[ 12270   63.578 x1.00] LOG  [AirPosePin] released, peak correction was 0.000m
[ 12271   63.585 x1.00] LOG  [AirPosePin] engaged, holding body at 0.519m above the transform
[ 12272   63.589 x1.00] LOG  [AirPosePin] released, peak correction was 0.000m
[ 12273   63.595 x1.00] LOG  [AirPosePin] engaged, holding body at 0.520m above the transform
[ 12274   63.598 x1.00] LOG  [AirPosePin] released, peak correction was 0.000m
[ 12275   63.605 x1.00] LOG  [AirPosePin] engaged, holding body at 0.521m above the transform
[ 12276   63.608 x1.00] LOG  [AirPosePin] released, peak correction was 0.000m
[ 12277   63.615 x1.00] LOG  [AirPosePin] engaged, holding body at 0.521m above the transform
[ 12278   63.618 x1.00] LOG  [AirPosePin] released, peak correction was 0.000m
[ 12279   63.627 x1.00] LOG  [AirPosePin] engaged, holding body at 0.522m above the transform
[ 12280   63.631 x1.00] LOG  [AirPosePin] released, peak correction was 0.000m
[ 12281   63.635 x1.00] LOG  [AirPosePin] engaged, holding body at 0.523m above the transform
[ 12282   63.639 x1.00] LOG  [AirPosePin] released, peak correction was 0.000m
[ 12283   63.645 x1.00] LOG  [AirPosePin] engaged, holding body at 0.523m above the transform
[ 12284   63.649 x1.00] LOG  [AirPosePin] released, peak correction was 0.000m
[ 12285   63.655 x1.00] LOG  [AirPosePin] engaged, holding body at 0.524m above the transform
[ 12286   63.659 x1.00] LOG  [AirPosePin] released, peak correction was 0.000m
[ 12298   63.719 x1.00] LOG  [AirPosePin] engaged, holding body at 0.528m above the transform
[ 12299   63.725 x1.00] LOG  [AirPosePin] released, peak correction was 0.000m
[ 12300   63.729 x1.00] LOG  [AirPosePin] engaged, holding body at 0.529m above the transform
[ 12301   63.735 x1.00] LOG  [AirPosePin] released, peak correction was 0.000m
[ 12302   63.738 x1.00] LOG  [AirPosePin] engaged, holding body at 0.530m above the transform
[ 12303   63.746 x1.00] LOG  [AirPosePin] released, peak correction was 0.000m
[ 12304   63.749 x1.00] LOG  [AirPosePin] engaged, holding body at 0.530m above the transform
[ 12305   63.755 x1.00] LOG  [AirPosePin] released, peak correction was 0.000m
[ 12306   63.758 x1.00] LOG  [AirPosePin] engaged, holding body at 0.531m above the transform
[ 12307   63.765 x1.00] LOG  [AirPosePin] released, peak correction was 0.000m
[ 12308   63.768 x1.00] LOG  [AirPosePin] engaged, holding body at 0.532m above the transform
[ 12309   63.775 x1.00] LOG  [AirPosePin] released, peak correction was 0.000m
[ 12310   63.779 x1.00] LOG  [AirPosePin] engaged, holding body at 0.532m above the transform
[ 12311   63.785 x1.00] LOG  [AirPosePin] released, peak correction was 0.000m
[ 12312   63.788 x1.00] LOG  [AirPosePin] engaged, holding body at 0.533m above the transform
[ 12313   63.796 x1.00] LOG  [AirPosePin] released, peak correction was 0.000m
[ 12314   63.806 x1.00] LOG  [AirPosePin] engaged, holding body at 0.534m above the transform
[ 12315   63.809 x1.00] LOG  [AirPosePin] released, peak correction was 0.000m
[ 12316   63.815 x1.00] LOG  [AirPosePin] engaged, holding body at 0.535m above the transform
[ 12317   63.818 x1.00] LOG  [AirPosePin] released, peak correction was 0.000m
[ 12318   63.825 x1.00] LOG  [CameraGameFeel] Shake: intensity=0.50 duration=0.400s
[ 12318   63.825 x1.00] LOG  [CameraGameFeel] Shake: intensity=0.28 duration=0.150s
[ 12318   63.825 x1.00] LOG  [CameraGameFeel] FOV punch: player damage (-3.0°)
[ 12318   63.825 x1.00] LOG  [OniBoss] Hit player for 20 (ClubSlam)
[ 12318   63.825 x1.00] LOG  [AirPosePin] engaged, holding body at 0.574m above the transform
[ 12321   63.838 x1.00] LOG  [AirPosePin] released, peak correction was -0.056m
[ 12322   63.845 x1.00] LOG  [AirPosePin] engaged, holding body at 0.649m above the transform
[ 12323   63.848 x1.00] LOG  [AirPosePin] released, peak correction was 0.000m
[ 12325   63.858 x1.00] LOG  [AirPosePin] engaged, holding body at 0.647m above the transform
[ 12328   63.877 x1.00] LOG  [AirPosePin] released, peak correction was 0.001m
[ 12329   63.881 x1.00] LOG  [AirPosePin] engaged, holding body at 0.646m above the transform
[ 12330   63.885 x1.00] LOG  [AirPosePin] released, peak correction was 0.000m
[ 12331   63.888 x1.00] LOG  [AirPosePin] engaged, holding body at 0.646m above the transform
[ 12332   63.895 x1.00] LOG  [AirPosePin] released, peak correction was 0.000m
[ 12333   63.898 x1.00] LOG  [AirPosePin] engaged, holding body at 0.645m above the transform
[ 12336   63.915 x1.00] LOG  [AirPosePin] released, peak correction was 0.001m
[ 12337   63.918 x1.00] LOG  [AirPosePin] engaged, holding body at 0.644m above the transform
[ 12340   63.935 x1.00] LOG  [AirPosePin] released, peak correction was 0.000m
[ 12341   63.939 x1.00] LOG  [AirPosePin] engaged, holding body at 0.643m above the transform
[ 12344   63.955 x1.00] LOG  [AirPosePin] released, peak correction was 0.000m
[ 12430   64.417 x1.00] LOG  [OniBoss] Attack → Recovery
[ 12430   64.417 x1.00] LOG  [OniBoss] Playing animation: Watch
[ 12460   64.569 x1.00] LOG  [OniBoss] Recovery → Chase
[ 12461   64.578 x1.00] LOG  [OniBoss] hold-ground: BACKSTEP 1.5m (player 1.9m)
[ 12501   64.787 x1.00] LOG  OniBoss took 20 damage. HP: 260/500
[ 12501   64.787 x1.00] LOG  [OniBoss] Chase → HitReact
[ 12501   64.787 x1.00] LOG  [OniBoss:Layer] react tier: MEDIUM (20 dmg) → 'HitReact_medium'
[ 12501   64.787 x1.00] LOG  [CameraGameFeel] Shake: intensity=0.15 duration=0.150s
[ 12501   64.787 x1.00] LOG  [CameraGameFeel] FOV punch: hit light (+1.5°)
[ 12501   64.787 x1.00] LOG  [AirPosePin] engaged, holding body at 0.631m above the transform
[ 12502   64.791 x1.00] LOG  [AirPosePin] released, peak correction was 0.000m
[ 12503   64.795 x1.00] LOG  [AirPosePin] engaged, holding body at 0.631m above the transform
[ 12504   64.799 x1.00] LOG  [AirPosePin] released, peak correction was 0.000m
[ 12505   64.805 x1.00] LOG  [AirPosePin] engaged, holding body at 0.632m above the transform
[ 12506   64.808 x1.00] LOG  [AirPosePin] released, peak correction was 0.000m
[ 12507   64.815 x1.00] LOG  [AirPosePin] engaged, holding body at 0.633m above the transform
[ 12508   64.818 x1.00] LOG  [AirPosePin] released, peak correction was 0.000m
[ 12509   64.826 x1.00] LOG  [AirPosePin] engaged, holding body at 0.634m above the transform
[ 12510   64.829 x1.00] LOG  [AirPosePin] released, peak correction was 0.000m
[ 12511   64.836 x1.00] LOG  [AirPosePin] engaged, holding body at 0.624m above the transform
[ 12512   64.840 x1.00] LOG  [AirPosePin] released, peak correction was 0.000m
[ 12513   64.845 x1.00] LOG  [AirPosePin] engaged, holding body at 0.605m above the transform
[ 12514   64.850 x1.00] LOG  [AirPosePin] released, peak correction was 0.000m
[ 12515   64.855 x1.00] LOG  [AirPosePin] engaged, holding body at 0.568m above the transform
[ 12516   64.859 x1.00] LOG  [AirPosePin] released, peak correction was 0.000m
[ 12517   64.865 x1.00] LOG  [AirPosePin] engaged, holding body at 0.558m above the transform
[ 12518   64.869 x1.00] LOG  [AirPosePin] released, peak correction was 0.000m
[ 12519   64.875 x1.00] LOG  [AirPosePin] engaged, holding body at 0.549m above the transform
[ 12520   64.879 x1.00] LOG  [AirPosePin] released, peak correction was 0.000m
[ 12521   64.885 x1.00] LOG  [AirPosePin] engaged, holding body at 0.540m above the transform
[ 12522   64.888 x1.00] LOG  [AirPosePin] released, peak correction was 0.000m
[ 12523   64.895 x1.00] LOG  [AirPosePin] engaged, holding body at 0.529m above the transform
[ 12524   64.899 x1.00] LOG  [AirPosePin] released, peak correction was 0.000m
[ 12525   64.905 x1.00] LOG  [AirPosePin] engaged, holding body at 0.520m above the transform
[ 12526   64.908 x1.00] LOG  [AirPosePin] released, peak correction was 0.000m
[ 12527   64.915 x1.00] LOG  [AirPosePin] engaged, holding body at 0.509m above the transform
[ 12528   64.919 x1.00] LOG  [AirPosePin] released, peak correction was 0.000m
[ 12529   64.925 x1.00] LOG  [AirPosePin] engaged, holding body at 0.499m above the transform
[ 12530   64.928 x1.00] LOG  [AirPosePin] released, peak correction was 0.000m
[ 12531   64.935 x1.00] LOG  [AirPosePin] engaged, holding body at 0.489m above the transform
[ 12532   64.938 x1.00] LOG  [AirPosePin] released, peak correction was 0.000m
[ 12533   64.945 x1.00] LOG  [AirPosePin] engaged, holding body at 0.478m above the transform
[ 12534   64.949 x1.00] LOG  [AirPosePin] released, peak correction was 0.000m
[ 12535   64.956 x1.00] LOG  [AirPosePin] engaged, holding body at 0.468m above the transform
[ 12536   64.962 x1.00] LOG  [AirPosePin] released, peak correction was 0.000m
[ 12537   64.965 x1.00] LOG  [AirPosePin] engaged, holding body at 0.466m above the transform
[ 12538   64.968 x1.00] LOG  [AirPosePin] released, peak correction was 0.000m
[ 12539   64.975 x1.00] LOG  [AirPosePin] engaged, holding body at 0.466m above the transform
[ 12540   64.978 x1.00] LOG  [AirPosePin] released, peak correction was 0.000m
[ 12541   64.985 x1.00] LOG  [AirPosePin] engaged, holding body at 0.467m above the transform
[ 12542   64.988 x1.00] LOG  [AirPosePin] released, peak correction was 0.000m
[ 12543   64.995 x1.00] LOG  [AirPosePin] engaged, holding body at 0.468m above the transform
[ 12544   64.999 x1.00] LOG  [AirPosePin] released, peak correction was 0.000m
[ 12545   65.005 x1.00] LOG  [AirPosePin] engaged, holding body at 0.468m above the transform
[ 12546   65.009 x1.00] LOG  [AirPosePin] released, peak correction was 0.000m
[ 12547   65.015 x1.00] LOG  [AirPosePin] engaged, holding body at 0.469m above the transform
[ 12548   65.020 x1.00] LOG  [AirPosePin] released, peak correction was 0.000m
[ 12549   65.026 x1.00] LOG  [AirPosePin] engaged, holding body at 0.470m above the transform
[ 12550   65.030 x1.00] LOG  [AirPosePin] released, peak correction was 0.000m
[ 12551   65.035 x1.00] LOG  [AirPosePin] engaged, holding body at 0.471m above the transform
[ 12552   65.039 x1.00] LOG  [AirPosePin] released, peak correction was 0.000m
[ 12553   65.045 x1.00] LOG  [AirPosePin] engaged, holding body at 0.471m above the transform
[ 12554   65.049 x1.00] LOG  [AirPosePin] released, peak correction was 0.000m
[ 12555   65.055 x1.00] LOG  [AirPosePin] engaged, holding body at 0.472m above the transform
[ 12556   65.059 x1.00] LOG  [AirPosePin] released, peak correction was 0.000m
[ 12557   65.066 x1.00] LOG  [AirPosePin] engaged, holding body at 0.478m above the transform
[ 12558   65.069 x1.00] LOG  [AirPosePin] released, peak correction was 0.000m
[ 12559   65.075 x1.00] LOG  [AirPosePin] engaged, holding body at 0.486m above the transform
[ 12560   65.079 x1.00] LOG  [AirPosePin] released, peak correction was 0.000m
[ 12561   65.085 x1.00] LOG  [AirPosePin] engaged, holding body at 0.494m above the transform
[ 12562   65.089 x1.00] LOG  [AirPosePin] released, peak correction was 0.000m
[ 12563   65.095 x1.00] LOG  [AirPosePin] engaged, holding body at 0.506m above the transform
[ 12564   65.099 x1.00] LOG  [AirPosePin] released, peak correction was 0.000m
[ 12565   65.105 x1.00] LOG  [AirPosePin] engaged, holding body at 0.525m above the transform
[ 12566   65.109 x1.00] LOG  [AirPosePin] released, peak correction was 0.000m
[ 12567   65.115 x1.00] LOG  [AirPosePin] engaged, holding body at 0.543m above the transform
[ 12568   65.119 x1.00] LOG  [AirPosePin] released, peak correction was 0.000m
[ 12569   65.125 x1.00] LOG  [AirPosePin] engaged, holding body at 0.561m above the transform
[ 12570   65.129 x1.00] LOG  [AirPosePin] released, peak correction was 0.000m
[ 12571   65.135 x1.00] LOG  [AirPosePin] engaged, holding body at 0.584m above the transform
[ 12572   65.139 x1.00] LOG  [AirPosePin] released, peak correction was 0.000m
[ 12573   65.145 x1.00] LOG  [AirPosePin] engaged, holding body at 0.607m above the transform
[ 12574   65.148 x1.00] LOG  [AirPosePin] released, peak correction was 0.000m
[ 12575   65.155 x1.00] LOG  [AirPosePin] engaged, holding body at 0.630m above the transform
[ 12576   65.161 x1.00] LOG  [AirPosePin] released, peak correction was 0.000m
[ 12577   65.166 x1.00] LOG  [AirPosePin] engaged, holding body at 0.654m above the transform
[ 12578   65.169 x1.00] LOG  [AirPosePin] released, peak correction was 0.000m
[ 12579   65.177 x1.00] LOG  [AirPosePin] engaged, holding body at 0.679m above the transform
[ 12580   65.185 x1.00] LOG  [AirPosePin] released, peak correction was 0.000m
[ 12581   65.188 x1.00] LOG  [AirPosePin] engaged, holding body at 0.705m above the transform
[ 12582   65.196 x1.00] LOG  [AirPosePin] released, peak correction was 0.000m
[ 12583   65.200 x1.00] LOG  [AirPosePin] engaged, holding body at 0.727m above the transform
[ 12584   65.205 x1.00] LOG  [AirPosePin] released, peak correction was 0.000m
[ 12585   65.209 x1.00] LOG  [AirPosePin] engaged, holding body at 0.742m above the transform
[ 12586   65.215 x1.00] LOG  [AirPosePin] released, peak correction was 0.000m
[ 12587   65.219 x1.00] LOG  [AirPosePin] engaged, holding body at 0.760m above the transform
[ 12588   65.225 x1.00] LOG  [AirPosePin] released, peak correction was 0.000m
[ 12589   65.228 x1.00] LOG  [AirPosePin] engaged, holding body at 0.773m above the transform
[ 12590   65.235 x1.00] LOG  [AirPosePin] released, peak correction was 0.000m
[ 12591   65.239 x1.00] LOG  [AirPosePin] engaged, holding body at 0.780m above the transform
[ 12592   65.245 x1.00] LOG  [AirPosePin] released, peak correction was 0.000m
[ 12593   65.249 x1.00] LOG  [AirPosePin] engaged, holding body at 0.787m above the transform
[ 12594   65.255 x1.00] LOG  [AirPosePin] released, peak correction was 0.000m
[ 12595   65.259 x1.00] LOG  [AirPosePin] engaged, holding body at 0.794m above the transform
[ 12596   65.265 x1.00] LOG  [AirPosePin] released, peak correction was 0.000m
[ 12597   65.268 x1.00] LOG  [AirPosePin] engaged, holding body at 0.792m above the transform
[ 12598   65.275 x1.00] LOG  [AirPosePin] released, peak correction was 0.000m
[ 12599   65.279 x1.00] LOG  [AirPosePin] engaged, holding body at 0.790m above the transform
[ 12600   65.285 x1.00] LOG  [AirPosePin] released, peak correction was 0.000m
[ 12601   65.289 x1.00] LOG  [AirPosePin] engaged, holding body at 0.788m above the transform
[ 12602   65.295 x1.00] LOG  [AirPosePin] released, peak correction was 0.000m
[ 12603   65.299 x1.00] LOG  [AirPosePin] engaged, holding body at 0.784m above the transform
[ 12604   65.305 x1.00] LOG  [AirPosePin] released, peak correction was 0.000m
[ 12605   65.308 x1.00] LOG  [AirPosePin] engaged, holding body at 0.778m above the transform
[ 12606   65.315 x1.00] LOG  [AirPosePin] released, peak correction was 0.000m
[ 12607   65.319 x1.00] LOG  [AirPosePin] engaged, holding body at 0.772m above the transform
[ 12608   65.328 x1.00] LOG  [AirPosePin] released, peak correction was 0.000m
[ 12609   65.338 x1.00] LOG  [AirPosePin] engaged, holding body at 0.756m above the transform
[ 12610   65.345 x1.00] LOG  [AirPosePin] released, peak correction was 0.000m
[ 12611   65.349 x1.00] LOG  [AirPosePin] engaged, holding body at 0.746m above the transform
[ 12612   65.355 x1.00] LOG  [AirPosePin] released, peak correction was 0.000m
[ 12613   65.359 x1.00] LOG  [AirPosePin] engaged, holding body at 0.737m above the transform
[ 12614   65.367 x1.00] LOG  [AirPosePin] released, peak correction was 0.000m
[ 12615   65.370 x1.00] LOG  [AirPosePin] engaged, holding body at 0.723m above the transform
[ 12616   65.375 x1.00] LOG  [AirPosePin] released, peak correction was 0.000m
[ 12617   65.379 x1.00] LOG  [AirPosePin] engaged, holding body at 0.713m above the transform
[ 12618   65.388 x1.00] LOG  [AirPosePin] released, peak correction was 0.000m
[ 12619   65.392 x1.00] LOG  [AirPosePin] engaged, holding body at 0.698m above the transform
[ 12620   65.395 x1.00] LOG  [AirPosePin] released, peak correction was 0.000m
[ 12625   65.414 x1.00] LOG  [AirPosePin] engaged, holding body at 0.671m above the transform
[ 12626   65.419 x1.00] LOG  [AirPosePin] released, peak correction was 0.000m
[ 12627   65.425 x1.00] LOG  [AirPosePin] engaged, holding body at 0.657m above the transform
[ 12628   65.430 x1.00] LOG  [AirPosePin] released, peak correction was 0.000m
[ 12629   65.435 x1.00] LOG  [AirPosePin] engaged, holding body at 0.643m above the transform
[ 12630   65.441 x1.00] LOG  [AirPosePin] released, peak correction was 0.000m
[ 12631   65.446 x1.00] LOG  [AirPosePin] engaged, holding body at 0.630m above the transform
[ 12632   65.455 x1.00] LOG  [AirPosePin] released, peak correction was 0.000m
[ 12633   65.459 x1.00] LOG  [AirPosePin] engaged, holding body at 0.613m above the transform
[ 12634   65.465 x1.00] LOG  [AirPosePin] released, peak correction was 0.000m
[ 12635   65.469 x1.00] LOG  [AirPosePin] engaged, holding body at 0.602m above the transform
[ 12636   65.480 x1.00] LOG  [AirPosePin] released, peak correction was 0.000m
[ 12637   65.490 x1.00] LOG  [AirPosePin] engaged, holding body at 0.576m above the transform
[ 12638   65.495 x1.00] LOG  [AirPosePin] released, peak correction was 0.000m
[ 12639   65.499 x1.00] LOG  [AirPosePin] engaged, holding body at 0.568m above the transform
[ 12640   65.505 x1.00] LOG  [AirPosePin] released, peak correction was 0.000m
[ 12641   65.509 x1.00] LOG  [AirPosePin] engaged, holding body at 0.559m above the transform
[ 12642   65.515 x1.00] LOG  [AirPosePin] released, peak correction was 0.000m
[ 12643   65.519 x1.00] LOG  [AirPosePin] engaged, holding body at 0.550m above the transform
[ 12644   65.525 x1.00] LOG  [AirPosePin] released, peak correction was 0.000m
[ 12646   65.535 x1.00] LOG  [AirPosePin] engaged, holding body at 0.537m above the transform
[ 12647   65.539 x1.00] LOG  [AirPosePin] released, peak correction was 0.000m
[ 12648   65.545 x1.00] LOG  [AirPosePin] engaged, holding body at 0.531m above the transform
[ 12649   65.549 x1.00] LOG  [AirPosePin] released, peak correction was 0.000m
[ 12650   65.555 x1.00] LOG  [AirPosePin] engaged, holding body at 0.524m above the transform
[ 12651   65.559 x1.00] LOG  [AirPosePin] released, peak correction was 0.000m
[ 12655   65.579 x1.00] LOG  [OniBoss] HitReact → Chase
[ 12656   65.585 x1.00] LOG  [OniBoss] Playing animation: Watch
[ 12714   65.879 x1.00] LOG  [AirPosePin] engaged, holding body at 0.664m above the transform
[ 12715   65.885 x1.00] LOG  [AirPosePin] released, peak correction was 0.000m
[ 12716   65.889 x1.00] LOG  [AirPosePin] engaged, holding body at 0.665m above the transform
[ 12717   65.895 x1.00] LOG  [AirPosePin] released, peak correction was 0.000m
[ 12718   65.899 x1.00] LOG  [AirPosePin] engaged, holding body at 0.666m above the transform
[ 12719   65.905 x1.00] LOG  [AirPosePin] released, peak correction was 0.000m
[ 12720   65.909 x1.00] LOG  [AirPosePin] engaged, holding body at 0.666m above the transform
[ 12721   65.916 x1.00] LOG  [AirPosePin] released, peak correction was 0.000m
[ 12723   65.925 x1.00] LOG  [AirPosePin] engaged, holding body at 0.667m above the transform
[ 12724   65.929 x1.00] LOG  [AirPosePin] released, peak correction was 0.000m
[ 12725   65.935 x1.00] LOG  [AirPosePin] engaged, holding body at 0.668m above the transform
[ 12726   65.939 x1.00] LOG  [AirPosePin] released, peak correction was 0.000m
[ 12727   65.946 x1.00] LOG  [AirPosePin] engaged, holding body at 0.669m above the transform
[ 12728   65.949 x1.00] LOG  [AirPosePin] released, peak correction was 0.000m
[ 12729   65.956 x1.00] LOG  [AirPosePin] engaged, holding body at 0.669m above the transform
[ 12730   65.959 x1.00] LOG  [AirPosePin] released, peak correction was 0.000m
[ 12731   65.965 x1.00] LOG  [AirPosePin] engaged, holding body at 0.670m above the transform
[ 12732   65.969 x1.00] LOG  [AirPosePin] released, peak correction was 0.000m
[ 12733   65.978 x1.00] LOG  [AirPosePin] engaged, holding body at 0.671m above the transform
[ 12734   65.985 x1.00] LOG  [AirPosePin] released, peak correction was 0.000m
[ 12834   66.499 x1.00] LOG  🚶 2-LEG JUMP
[ 12834   66.499 x1.00] LOG  🐾 Jump 1 VFX spawned!
[ 12949   67.100 x1.00] LOG  [AirPosePin] engaged, holding body at 2.473m above the transform
[ 13013   67.436 x1.00] LOG  💨 Landing VFX spawned!
[ 13013   67.436 x1.00] LOG  ✅ LANDED! (was jump #1)
[ 13013   67.436 x1.00] LOG  [AirPosePin] released, peak correction was 1.690m
[ 13036   67.569 x1.00] LOG  [OniBoss] Combo started: swing1-2 (2 steps remaining)
[ 13036   67.569 x1.00] LOG  [OniBoss] Chase → Attack
[ 13036   67.569 x1.00] LOG  [OniBoss] Attack: Club_Swing (16 dmg)
[ 13046   67.629 x1.00] LOG  [OniBoss:Layer] step-in: 'Club_Swing' closed 0.29m, Yoru now 3.0m away (range 3.5)
[ 13047   67.636 x1.00] LOG  [OniBoss:Layer] step-in: 'Club_Swing' closed 0.29m, Yoru now 3.0m away (range 3.5)
[ 13051   67.655 x1.00] LOG  [OniBoss:Layer] step-in: 'Club_Swing' closed 0.30m, Yoru now 3.0m away (range 3.5)
[ 13055   67.676 x1.00] LOG  [OniBoss:Layer] step-in: 'Club_Swing' closed 0.30m, Yoru now 3.0m away (range 3.5)
[ 13059   67.696 x1.00] LOG  [OniBoss:Layer] step-in: 'Club_Swing' closed 0.31m, Yoru now 3.0m away (range 3.5)
[ 13063   67.715 x1.00] LOG  [OniBoss:Layer] step-in: 'Club_Swing' closed 0.31m, Yoru now 3.0m away (range 3.5)
[ 13080   67.816 x1.00] LOG  [ComboTrace] END step=3 clipProgress=0.90 clipLen=0.79s queued=0 elapsed=0.72s
[ 13121   68.027 x1.00] LOG  [ComboTrace] START step=1 state='Combo1' queued=0 target='OniBoss' at 4.4m
[ 13121   68.027 x1.00] LOG  [ComboTrace] LAUNCH OniBoss dist=0.80m in 0.13s
[ 13155   68.206 x1.00] LOG  [CameraGameFeel] Shake: intensity=0.20 duration=0.250s
[ 13155   68.206 x1.00] LOG  [CameraGameFeel] Shake: intensity=0.09 duration=0.150s
[ 13155   68.206 x1.00] LOG  [CameraGameFeel] FOV punch: player damage (-2.0°)
[ 13155   68.206 x1.00] LOG  [OniBoss] Hit player for 16 (Club_Swing)
[ 13155   68.206 x1.00] LOG  [AirPosePin] engaged, holding body at 0.626m above the transform
[ 13181   68.336 x1.00] LOG  [AirPosePin] released, peak correction was 0.014m
[ 13250   68.696 x1.00] LOG  [OniBoss] Attack → Recovery
[ 13250   68.696 x1.00] LOG  [OniBoss] Playing animation: Watch
[ 13275   68.820 x1.00] LOG  🚶 2-LEG JUMP
[ 13275   68.820 x1.00] LOG  🐾 Jump 1 VFX spawned!
[ 13281   68.847 x1.00] LOG  [OniBoss] Recovery → Attack
[ 13281   68.847 x1.00] LOG  [OniBoss] Attack: ClubSwing2 (16 dmg)
[ 13292   68.894 x1.00] LOG  OniBoss took 10 damage. HP: 250/500
[ 13292   68.894 x1.00] LOG  [OniBoss] 🤕 Hit during Attack — flash only
[ 13292   68.894 x1.00] LOG  [CameraGameFeel] Shake: intensity=0.15 duration=0.150s
[ 13292   68.894 x1.00] LOG  [CameraGameFeel] FOV punch: hit light (+1.5°)
[ 13292   68.894 x1.00] LOG  [OniBoss] ⚡ PHASE 2 ACTIVATED
[ 13292   68.894 x1.00] LOG  [OniBoss] Attack → Stagger
[ 13292   68.894 x1.00] LOG  [OniBoss] Playing animation: Stagger
[ 13292   68.894 x1.00] LOG  [OniBoss] STAGGERED for 2.5s
[ 13292   68.894 x1.00] LOG  [OniBoss] STAGGERED (parry) for 3s
[ 13292   68.894 x1.00] LOG  [OniBoss:Layer] PHASE 2: transition 'Phase_Transition' driven at x0.60 + 0.6s hold — untouchable, roar at 0.60
[ 13292   68.894 x1.00] LOG  [AirPosePin] engaged, holding body at 0.576m above the transform
[ 13293   68.899 x1.00] LOG  [StormWeather] ⚡ strike at (482.95, 45.00, 444.45)
[ 13293   68.899 x1.00] LOG  [StormWeather] PHASE 2 - storm breaking.
[ 13293   68.899 x1.00] LOG  [OniBoss:Layer] PHASE 2: clip is 2.42s → 4.63s on screen
[ 13320   69.046 x1.00] LOG  [CameraGameFeel] Shake: intensity=0.05 duration=0.150s
[ 13348   69.196 x1.00] LOG  [CameraGameFeel] Shake: intensity=0.05 duration=0.150s
[ 13376   69.352 x1.00] LOG  [CameraGameFeel] Shake: intensity=0.05 duration=0.150s
[ 13402   69.502 x1.00] LOG  [CameraGameFeel] Shake: intensity=0.05 duration=0.150s
[ 13429   69.647 x1.00] LOG  [ComboTrace] END step=3 clipProgress=0.90 clipLen=0.79s queued=0 elapsed=0.75s
[ 13430   69.652 x1.00] LOG  [AirPosePin] released, peak correction was -0.110m
[ 13449   69.759 x1.00] LOG  💨 Landing VFX spawned!
[ 13449   69.759 x1.00] LOG  ✅ LANDED! (was jump #1)
[ 13744   71.313 x1.00] LOG  [CameraGameFeel] Shake: intensity=0.60 duration=0.500s
[ 13744   71.313 x1.00] LOG  [OniBoss:Layer] PHASE 2: roar at 2.42s
[ 13745   71.318 x1.00] LOG  [BossBar] Bar switched to phase 2
[ 13745   71.318 x1.00] LOG  [OniBoss:Layer] boss bar → phase 2 crimson
[ 14151   73.523 x1.00] LOG  [OniBoss] Stagger → Chase
[ 14151   73.523 x1.00] LOG  [OniBoss:Layer] PHASE 2: transition over after 4.63s real — he is back, and angrier
[ 14152   73.526 x1.00] LOG  [OniBoss] Pull-band decision: RUN-IN (dist 8.4m, pullRange 0m, chance 0.70)
[ 14152   73.526 x1.00] LOG  [OniBoss] Playing animation: run
[ 14428   74.937 x1.00] LOG  [OniBoss] Playing animation: Watch
[ 14428   74.937 x1.00] LOG  [OniBoss] Combo started: ClubSwing1 → ClubSwing2 → ClubSlam (3 steps remaining)
[ 14428   74.937 x1.00] LOG  [OniBoss] Chase → Attack
[ 14428   74.937 x1.00] LOG  [OniBoss] Attack: Club_Swing (16 dmg)
[ 14448   75.038 x1.00] LOG  [OniBoss:Layer] step-in: 'Club_Swing' closed 0.47m, Yoru now 3.0m away (range 3.5)
[ 14551   75.568 x1.00] LOG  [CameraGameFeel] Shake: intensity=0.20 duration=0.250s
[ 14551   75.568 x1.00] LOG  [CameraGameFeel] Shake: intensity=0.09 duration=0.150s
[ 14551   75.568 x1.00] LOG  [CameraGameFeel] FOV punch: player damage (-2.0°)
[ 14551   75.568 x1.00] LOG  [OniBoss] Hit player for 16 (Club_Swing)
[ 14645   76.063 x1.00] LOG  [OniBoss] Attack → Recovery
[ 14645   76.063 x1.00] LOG  [OniBoss] Playing animation: Watch
[ 14674   76.215 x1.00] LOG  [OniBoss] Recovery → Attack
[ 14674   76.215 x1.00] LOG  [OniBoss] Attack: ClubSwing2 (16 dmg)
[ 14704   76.388 x1.00] LOG  [StormWeather] terrain layers restored to dry values.
# end — 967 lines
