# Oni combat log — 2026-08-18 16:23:30
# Unity 6000.2.7f2 | scene 'CaveScene_Oni_Boss1' | platform OSXEditor
# columns: [frame realSeconds timeScale] KIND message      (KIND: LOG WARN ERR EXC TEL)
#
[     0    0.000 x1.00] LOG  [OniLog] console + telemetry → /Users/asenahazal/Documents/Yoru/OniLogs/oni_2026-08-18_16-23-30.log
[     1    0.000 x1.00] LOG  [TailAirShot4Leg] Ready. drawState=shoot_4Leg castParam=Shoot4LegSpeed (found) readyFrame=5 fireFrame=10 frames=24 slowBudget=3s real damageMultiplier=2.00
  arrow leaves: PlayerYoru_1.1/Cat_All_10_Tails_v4/Group/DeformationSystem/root/Root_M/Tail15_R/Tail151_R/Tail152_R/Tail153_R/Tail154_R/Tail155_R/Tail156_R/Tail157_R/Tail158_R/Tail159_R/Tail1510_R/Tail1511_R/Tail1512_R/Tail6_R/Tail6_R_end/Tail6_R_end_end/Tail6_R_end_end_end/RightTailTip_Anchor
  aim VFX left:  PlayerYoru_1.1/Cat_All_10_Tails_v4/Group/DeformationSystem/root/Root_M/Tail15_L/Tail151_L/Tail152_L/Tail153_L/Tail154_L/Tail155_L/Tail156_L/Tail157_L/Tail158_L/Tail159_L/Tail1510_L/Tail1511_L/Tail1512_L/Tail6_L/Tail6_L_end/Tail6_L_end_end/Tail6_L_end_end_end/LeftTailTip_Anchor/Glow_4Leg_L
  aim VFX right: PlayerYoru_1.1/Cat_All_10_Tails_v4/Group/DeformationSystem/root/Root_M/Tail15_R/Tail151_R/Tail152_R/Tail153_R/Tail154_R/Tail155_R/Tail156_R/Tail157_R/Tail158_R/Tail159_R/Tail1510_R/Tail1511_R/Tail1512_R/Tail6_R/Tail6_R_end/Tail6_R_end_end/Tail6_R_end_end_end/RightTailTip_Anchor/Glow_4Leg_R
[     1    0.000 x1.00] LOG  [TailAirShot] Ready. drawState=RightTail_Fast castParam=TailCastSpeed (found)
  arrow leaves: PlayerYoru_1.1/Cat_All_10_Tails_v4/Group/DeformationSystem/root/Root_M/Tail15_R/Tail151_R/Tail152_R/Tail153_R/Tail154_R/Tail155_R/Tail156_R/Tail157_R/Tail158_R/Tail159_R/Tail1510_R/Tail1511_R/Tail1512_R/Tail6_R/Tail6_R_end/Tail6_R_end_end/Tail6_R_end_end_end/RightTailTip_Anchor
  aim VFX: PlayerYoru_1.1/Cat_All_10_Tails_v4/Group/DeformationSystem/root/Root_M/Tail15_R/Tail151_R/Tail152_R/Tail153_R/Tail154_R/Tail155_R/Tail156_R/Tail157_R/Tail158_R/Tail159_R/Tail1510_R/Tail1511_R/Tail1512_R/Tail6_R/Tail6_R_end/Tail6_R_end_end/Tail6_R_end_end_end/RightTailTip_Anchor/vfx_Muzzle_Fireball01Blue
[     1    0.000 x1.00] LOG  [PlayerCombat] Phase 2 form gate CONNECTED (FormController found on this GameObject).
[     1    0.000 x1.00] LOG  [RingMesh] VFX Status:
[     1    0.000 x1.00] LOG    Left: Prefab=✓, Spawn=Tail6_L_end_end_end
[     1    0.000 x1.00] LOG    Right: Prefab=✓, Spawn=Tail6_R_end_end_end
[     1    0.000 x1.00] LOG  === VFX MANAGER INITIALIZED ===
[     1    0.000 x1.00] LOG  Auto-detect animations: False
[     1    0.000 x1.00] LOG  Parent effects to tail: True
[     1    0.000 x1.00] LOG  Prefabs: Jump=True, Land=True, LTail=True, RTail=True
[     1    0.000 x1.00] LOG  ✅ Left Tail Tip: LeftTailVFX
[     1    0.000 x1.00] LOG  ✅ Right Tail Tip: RightTailTip_Anchor
[     1    0.000 x1.00] LOG  [StormWeather] layer 'TerrainLayer_Dirt_01' dry smoothness=0.00 (restore to this if a crash ever leaves it wet)
[     1    0.000 x1.00] LOG  [StormWeather] Ready. Rain on, floor drying... wait, soaking.
[     1    0.000 x1.00] LOG  [BossBar] BossHealthBarUI initialized
[     1    0.000 x1.00] LOG  OniBoss initialized with 500 HP
[     1    0.000 x1.00] LOG  [OniBoss] ANIMATOR SETUP: cullingMode=CullUpdateTransforms updateMode=Normal applyRootMotion=False speed=1
[     1    0.000 x1.00] LOG  [OniBoss] Initialized
[     1    0.000 x1.00] LOG  [OniBoss:Layer] facing: minFlat 1m, snapOnAttack off, trackInHitReact off
[     1    0.000 x1.00] LOG  [OniBoss:Layer] Yoru launch model ON: launches ALL THE WAY to an enemy within 6.0m of its surface at 10m/s (stop gap 0.00m, NO minimum distance), else steps 0.90m forward. Targeting cone left exactly as her prefab has it.
[     1    0.000 x1.00] LOG  [OniBoss:Layer] Yoru launch ROUND 9: airborne attacks launch too (ON), edge probe now runs on its OWN layer mask (Everything) instead of the line-of-sight mask - the Ground-only mask found no floor in this cave and was cancelling 100% of launches at 0.00m travelled.
[     1    0.000 x1.00] LOG  [OniBoss:Layer] skinned meshes: 46 renderer(s), updateWhenOffscreen ON, body renderer 'Body' rootBone 'Hips'
[     1    0.000 x1.00] LOG  [OniBoss:Layer] charge travel bone: 'Hips' at depth 1 under 'OniBoss', rest local (0.00, 3.24, -0.24)
[     1    0.000 x1.00] LOG  [OniBoss:Layer] charge drive ON (windup to 0.40 at x1.3, rush 14m/s stops at 2.6m, steers 0.35s then commits, strike section from 0.58, strike moment 0.76, trail VFX off)
[     1    0.000 x1.00] LOG  [OniBoss:Layer] attack armor ON (his swings are not interrupted by light/medium hits; heavy hits and rapid-hit bursts still stop him)
[     1    0.000 x1.00] LOG  [OniBoss:Layer] strike moments overridden: Club_Swing=0.55 ClubSwing2=0.32 ClubSlam=0.52 KanaboSweep=0.48
[     1    0.000 x1.00] LOG  [OniBoss:Layer] hold-ground ON (backstep 1.5m @ 1.6m/s after own attacks, watch 'Watch', attack facing LOCKED)
[     1    0.000 x1.00] LOG  [OniBoss:Layer] OniBoss layer ready (reactions, wake-on-hit, watch stance, boss bar). player=found
[     1    0.000 x1.00] WARN [OniBoss] animator state 'KanaboSweep' uses the SAME clip as 'Idle' — the sweep attack plays the idle pose. Drag the 'Oni Kanabo sweep' clip onto KanaboSweep's Motion field.
[     1    0.000 x1.00] LOG  [OniBoss:Layer] charge clip 'Oni Charge.fbx' imports with Root Motion Node = None (in place) — good.
[     1    0.000 x1.00] LOG  [OniBoss:Layer] clips importing with Root Transform Position (Y) NOT baked into pose (12): Oni_Alert(Oni Alert), Club_Slam(Oni Club Slam), Club_Swing(Oni Club Swing), Club_swing2(Oni Club Swing 2), Death(Oni Death Kneel), Hit_react_light(Oni Hit react lighter light), KanaboSweep(Oni Idle), Phase_Transition(Oni Phase transition), run(Oni Run), Walk(Oni Walk), Watch(Oni Watch), Idle(Oni Idle) — their hips' up/down motion is stripped (see round notes; optional).
[     1    0.000 x1.00] LOG  [VolumetricFogController] Found VolumetricFog component on mainCamera (1)
[     1    0.000 x1.00] LOG  [VolumetricFogController] Reflection init: density=True, height=True, baselineHeight=True, alpha=True, noiseStrength=True, lightScatteringExposure=True
[     1    0.000 x1.00] LOG  [VolumetricFogController] Initialized with Neutral preset (height=60, baselineHeight=0)
[     1    0.000 x1.00] WARN [VolumetricFogController] WorldStateManager not found!
[     1    0.000 x1.00] LOG  [CameraGameFeel] CameraGameFeel initialized (shake + FOV)
[     1    2.130 x1.00] LOG  [OniBoss] Playing animation: Idle
[    53    2.835 x1.00] LOG  💨 Landing VFX spawned!
[   103    3.053 x1.00] LOG  ✅ LANDED! (was jump #0)
[  1120    7.846 x1.00] LOG  🐾 4-LEG JUMP #0
[  1120    7.846 x1.00] LOG  🐾 Jump 1 VFX spawned!
[  1203    8.233 x0.10] LOG  [TailAirShot4Leg] ENTER 4 leg, slow on for up to 3s real, waiting for the fire button, drawState=shoot_4Leg | y=1.82 ts=0.10 fdt=0.0020
[  1203    8.233 x0.10] LOG  [TailAirShot] entry refused: this airtime is not a 2 leg jump | y=1.82 ts=0.10 fdt=0.0020
[  1203    8.233 x0.10] LOG  [AirPosePin] engaged, holding body at 1.497m above the transform
[  1353    9.010 x1.00] LOG  [TailAirShot4Leg] EXIT (R released, nothing drawn) | y=1.91 ts=1.00 fdt=0.0200
[  1353    9.010 x1.00] LOG  [AirPosePin] released, peak correction was -0.565m
[  1365    9.078 x0.10] LOG  [TailAirShot4Leg] ENTER 4 leg, slow on for up to 3s real, waiting for the fire button, drawState=shoot_4Leg | y=1.90 ts=0.10 fdt=0.0020
[  1365    9.078 x0.10] LOG  [TailAirShot] entry refused: this airtime is not a 2 leg jump | y=1.90 ts=0.10 fdt=0.0020
[  1365    9.078 x0.10] LOG  [AirPosePin] engaged, holding body at 2.218m above the transform
[  1455    9.528 x1.00] LOG  [TailAirShot4Leg] EXIT (R released, nothing drawn) | y=1.85 ts=1.00 fdt=0.0200
[  1455    9.528 x1.00] LOG  [AirPosePin] released, peak correction was -0.002m
[  1523    9.869 x1.00] LOG  💨 Landing VFX spawned!
[  1523    9.869 x1.00] LOG  ✅ LANDED! (was jump #1)
[  1661   10.536 x1.00] LOG  🚶 2-LEG JUMP
[  1661   10.536 x1.00] LOG  🐾 Jump 1 VFX spawned!
[  1745   10.961 x1.00] LOG  [TailAirShot4Leg] entry refused: this airtime is not a 4 leg jump | y=1.85 ts=1.00 fdt=0.0200
[  1745   10.961 x0.10] LOG  [TailAirShot] ENTER, slow on, waiting for RMB, drawState=RightTail_Fast | y=1.85 ts=0.10 fdt=0.0020
[  1745   10.961 x0.10] LOG  [AirPosePin] engaged, holding body at 2.193m above the transform
[  1773   11.090 x0.10] LOG  [TailAirShot] DRAW started | y=1.88 ts=0.10 fdt=0.0020
[  1796   11.187 x0.10] LOG  [TailAirShot] READY, frozen on frame 4 | y=1.89 ts=0.10 fdt=0.0020
[  1860   11.493 x0.10] LOG  [TailAirShot] SHOT released (released from ready pose) | y=1.91 ts=0.10 fdt=0.0020
[  1896   11.670 x0.10] LOG  [TailAirShot] FIRE, arrow away, dir=(0.14, -0.09, 0.99) | y=1.91 ts=0.10 fdt=0.0020
[  1900   11.697 x1.00] LOG  [TailAirShot] FINISHER (R released mid motion), motion completes and fires | y=1.91 ts=1.00 fdt=0.0200
[  1988   12.118 x1.00] LOG  💨 Landing VFX spawned!
[  1988   12.118 x1.00] LOG  ✅ LANDED! (was jump #1)
[  1988   12.118 x1.00] LOG  [AirPosePin] released, peak correction was 1.569m
[  2035   12.339 x1.00] LOG  [TailAirShot] finisher done, fully idle | y=-0.02 ts=1.00 fdt=0.0200
[  2060   12.448 x1.00] LOG  OniBoss took 20 damage. HP: 480/500
[  2060   12.448 x1.00] LOG  [OniBoss] 🤕 Hit during LostSoul — flash only
[  2060   12.448 x1.00] LOG  [OniBoss] LostSoul → Alert
[  2060   12.448 x1.00] LOG  [OniBoss] Playing animation: Oni_Alert
[  2060   12.448 x1.00] LOG  [OniBoss] Became HOSTILE
[  2060   12.448 x1.00] LOG  [OniBoss:Layer] woken by damage (20) — back attacks count.
[  2061   12.458 x1.00] LOG  [BossBar] Showing bar for: Oni (480/500)
[  2061   12.458 x1.00] LOG  [OniBoss:Layer] boss bar shown
[  2161   12.948 x1.00] LOG  [OniBoss] Alert → Chase
[  2162   12.953 x1.00] LOG  [OniBoss] Ranged combo started: Charge→Slam: (2 steps, dist 16.8m)
[  2162   12.953 x1.00] LOG  [OniBoss] Chase → Attack
[  2162   12.953 x1.00] LOG  [OniBoss] Attack: Oni_Charge (18 dmg)

[  2162   12.953 x1.00] TEL ────────── CHARGE ──────────
[  2162   12.953 x1.00] LOG  [OniBoss:Layer] charge begin: travel bone 'Hips' depth 1, local now (0.00, 3.22, -0.24) vs rest (0.00, 3.24, -0.24); pin ON; drive windup→rush→strike; engine Attack, AnimSpeed 1.30, clip at 0.00, dist 16.8m
[  2162   12.953 x1.00] TEL charge Windup n=0.00 spd=1.30 mult=1.00 st=Attack anim=h-777304259/Charge drift=0.00 cut=0.00 meshOff=0.24m vis bounds+0.1m pos=(481.8,455.4) dist=16.8 vel=0.0
[  2180   13.039 x1.00] TEL charge Windup n=0.05 spd=1.30 mult=1.00 st=Attack anim=h-777304259/Charge drift=0.12 cut=0.12 meshOff=0.24m vis bounds+0.1m pos=(481.8,455.4) dist=17.3 vel=0.0
[  2198   13.125 x1.00] TEL charge Windup n=0.11 spd=1.30 mult=1.30 st=Attack anim=Charge/- drift=0.63 cut=0.63 meshOff=0.24m vis bounds+0.2m pos=(481.8,455.4) dist=17.7 vel=0.0
[  2217   13.210 x1.00] TEL charge Windup n=0.16 spd=1.30 mult=1.30 st=Attack anim=Charge/- drift=1.03 cut=1.03 meshOff=0.24m vis bounds+0.3m pos=(481.8,455.4) dist=18.1 vel=0.0
[  2235   13.296 x1.00] TEL charge Windup n=0.21 spd=1.30 mult=1.30 st=Attack anim=Charge/- drift=1.14 cut=1.14 meshOff=0.24m vis bounds+0.5m pos=(481.8,455.4) dist=18.4 vel=0.0
[  2251   13.380 x1.00] TEL charge Windup n=0.27 spd=1.30 mult=1.30 st=Attack anim=Charge/- drift=0.90 cut=0.90 meshOff=0.24m vis bounds+0.5m pos=(481.8,455.4) dist=18.9 vel=0.0
[  2272   13.468 x1.00] TEL charge Windup n=0.32 spd=1.30 mult=1.30 st=Attack anim=Charge/- drift=0.75 cut=0.75 meshOff=0.24m vis bounds+0.4m pos=(481.8,455.4) dist=19.1 vel=0.0
[  2288   13.552 x1.00] TEL charge Windup n=0.37 spd=1.30 mult=1.30 st=Attack anim=Charge/- drift=5.53 cut=5.53 meshOff=0.24m vis bounds+0.1m pos=(481.8,455.4) dist=19.0 vel=0.0
[  2298   13.595 x1.00] LOG  [OniBoss:Layer] charge RUSH: clip frozen at 0.40, 19.0m to go at 14m/s
[  2307   13.638 x1.00] TEL charge Rush   n=0.40 spd=0.00 mult=0.00 st=Attack anim=Charge/- drift=7.46 cut=7.46 meshOff=0.24m vis bounds+0.3m pos=(481.6,454.9) dist=18.3 vel=0.0
[  2324   13.722 x1.00] TEL charge Rush   n=0.40 spd=0.00 mult=0.00 st=Attack anim=Charge/- drift=7.46 cut=7.46 meshOff=0.24m vis bounds+0.3m pos=(481.2,453.8) dist=17.0 vel=0.0
[  2340   13.806 x1.00] TEL charge Rush   n=0.40 spd=0.00 mult=0.00 st=Attack anim=Charge/- drift=7.46 cut=7.46 meshOff=0.24m vis bounds+0.3m pos=(480.7,452.7) dist=15.7 vel=0.0
[  2359   13.894 x1.00] TEL charge Rush   n=0.40 spd=0.00 mult=0.00 st=Attack anim=Charge/- drift=7.46 cut=7.46 meshOff=0.24m vis bounds+0.3m pos=(480.3,451.5) dist=14.3 vel=0.0
[  2379   13.985 x1.00] TEL charge Rush   n=0.40 spd=0.00 mult=0.00 st=Attack anim=Charge/- drift=7.46 cut=7.46 meshOff=0.24m vis bounds+0.3m pos=(479.9,450.3) dist=12.3 vel=0.0
[  2400   14.073 x1.00] TEL charge Rush   n=0.40 spd=0.00 mult=0.00 st=Attack anim=Charge/- drift=7.46 cut=7.46 meshOff=0.24m vis bounds+0.3m pos=(479.4,449.2) dist=10.5 vel=0.0
[  2418   14.161 x1.00] TEL charge Rush   n=0.40 spd=0.00 mult=0.00 st=Attack anim=Charge/- drift=7.46 cut=7.46 meshOff=0.24m vis bounds+0.3m pos=(479.0,448.0) dist=8.6 vel=0.0
[  2439   14.249 x1.00] TEL charge Rush   n=0.40 spd=0.00 mult=0.00 st=Attack anim=Charge/- drift=7.46 cut=7.46 meshOff=0.24m vis bounds+0.3m pos=(478.5,446.9) dist=6.8 vel=0.0
[  2457   14.334 x1.00] TEL charge Rush   n=0.40 spd=0.00 mult=0.00 st=Attack anim=Charge/- drift=7.46 cut=7.46 meshOff=0.24m vis bounds+0.3m pos=(478.1,445.8) dist=5.2 vel=0.0
[  2474   14.419 x1.00] TEL charge Rush   n=0.40 spd=0.00 mult=0.00 st=Attack anim=Charge/- drift=7.46 cut=7.46 meshOff=0.24m vis bounds+0.3m pos=(477.7,444.6) dist=4.0 vel=0.0
[  2491   14.506 x1.00] TEL charge Rush   n=0.40 spd=0.00 mult=0.00 st=Attack anim=Charge/- drift=7.46 cut=7.46 meshOff=0.24m vis bounds+0.3m pos=(477.3,443.5) dist=3.1 vel=0.0
[  2507   14.594 x1.00] TEL charge Rush   n=0.40 spd=0.00 mult=0.00 st=Attack anim=Charge/- drift=7.46 cut=7.46 meshOff=0.24m vis bounds+0.3m pos=(476.8,442.3) dist=2.7 vel=0.0
[  2526   14.679 x1.00] TEL charge Rush   n=0.40 spd=0.00 mult=0.00 st=Attack anim=Charge/- drift=7.46 cut=7.46 meshOff=0.24m vis bounds+0.3m pos=(476.4,441.2) dist=3.1 vel=0.0
[  2531   14.701 x1.00] LOG  [OniBoss:Layer] charge STRIKE: arrived 2.6m from the lock point after 1.11s real — clip 0.40 → 0.58 (blend 0.10s), strike moment 0.76, Yoru 3.2m away
[  2544   14.764 x1.00] TEL charge Strike n=0.61 spd=1.00 mult=1.00 st=Attack anim=Charge/Charge drift=12.52 cut=12.52 meshOff=0.24m vis bounds+0.4m pos=(476.3,441.0) dist=3.6 vel=0.0
[  2562   14.848 x1.00] TEL charge Strike n=0.65 spd=1.00 mult=1.00 st=Attack anim=Charge/- drift=15.51 cut=15.51 meshOff=0.24m vis bounds+0.4m pos=(476.3,441.0) dist=4.2 vel=0.0
[  2580   14.934 x1.00] TEL charge Strike n=0.69 spd=1.00 mult=1.00 st=Attack anim=Charge/- drift=16.12 cut=16.12 meshOff=0.24m vis bounds+0.5m pos=(476.3,441.0) dist=4.8 vel=0.0
[  2599   15.020 x1.00] TEL charge Strike n=0.73 spd=1.00 mult=1.00 st=Attack anim=Charge/- drift=16.58 cut=16.58 meshOff=0.24m vis bounds+0.6m pos=(476.3,441.0) dist=5.1 vel=0.0
[  2611   15.090 x1.00] LOG  [CameraGameFeel] Shake: intensity=0.45 duration=0.350s
[  2611   15.090 x1.00] LOG  [OniBoss] Attack missed, player out of range (5.1m > 3.5m)
[  2614   15.106 x1.00] TEL charge Strike n=0.77 spd=1.00 mult=1.00 st=Attack anim=Charge/- drift=16.96 cut=16.96 meshOff=0.24m vis bounds+0.6m pos=(476.3,441.0) dist=5.2 vel=0.0
[  2631   15.190 x1.00] TEL charge Strike n=0.81 spd=1.00 mult=1.00 st=Attack anim=Charge/- drift=17.30 cut=17.30 meshOff=0.24m vis bounds+0.5m pos=(476.3,441.0) dist=5.2 vel=0.0
[  2652   15.277 x1.00] TEL charge Strike n=0.85 spd=1.00 mult=1.00 st=Attack anim=Charge/- drift=17.60 cut=17.60 meshOff=0.24m vis bounds+0.4m pos=(476.3,441.0) dist=5.3 vel=0.0
[  2671   15.362 x1.00] TEL charge Strike n=0.89 spd=1.00 mult=1.00 st=Attack anim=Charge/- drift=17.82 cut=17.82 meshOff=0.24m vis bounds+0.2m pos=(476.3,441.0) dist=5.4 vel=0.0
[  2691   15.447 x1.00] TEL charge Strike n=0.94 spd=1.00 mult=1.00 st=Attack anim=Charge/- drift=17.98 cut=17.98 meshOff=0.24m vis bounds+0.3m pos=(476.3,441.0) dist=5.6 vel=0.0
[  2710   15.534 x1.00] TEL charge Strike n=0.98 spd=1.00 mult=1.00 st=Attack anim=Charge/- drift=18.06 cut=18.06 meshOff=0.24m vis bounds+0.0m pos=(476.3,441.0) dist=5.7 vel=0.0
[  2717   15.567 x1.00] LOG  [OniBoss] Attack → Recovery
[  2717   15.567 x1.00] LOG  [OniBoss] Playing animation: Watch
[  2717   15.567 x1.00] LOG  [OniBoss:Layer] charge complete: engine left Attack (now Recovery) during Strike
[  2729   15.622 x1.00] TEL charge None   n=1.02 spd=1.00 mult=1.00 st=Recovery anim=Charge/h-1849006814 drift=13.82 cut=13.82 meshOff=0.24m vis bounds+0.0m pos=(476.3,441.0) dist=5.9 vel=0.0
[  2746   15.708 x1.00] TEL charge None   n=1.06 spd=1.00 mult=1.00 st=Recovery anim=Charge/h-1849006814 drift=7.61 cut=7.61 meshOff=0.24m vis bounds+0.1m pos=(476.3,441.0) dist=6.1 vel=0.0
[  2749   15.719 x1.00] LOG  [OniBoss] Recovery → Attack
[  2749   15.719 x1.00] LOG  [OniBoss] Attack: ClubSlam (20 dmg)
[  2767   15.793 x1.00] TEL charge None   n=1.07 spd=2.00 mult=2.00 st=Attack anim=Charge/h283984468 drift=3.43 cut=3.43 meshOff=0.24m vis bounds+0.2m pos=(476.0,441.2) dist=5.9 vel=0.0
[  2784   15.870 x1.00] LOG  [OniBoss:Layer] charge end (clip left the animator) after 2.92s real: pin measured 622 frames, cancelled on 614, max raw drift 18.07m, max cancelled 18.07m — travel WAS baked in, pin held it
[  2895   16.375 x1.00] LOG  [CameraGameFeel] Shake: intensity=0.50 duration=0.400s
[  2895   16.375 x1.00] LOG  [OniBoss] Attack missed, player out of range (4.9m > 3.5m)
[  2913   16.467 x1.00] LOG  🚶 2-LEG JUMP
[  2913   16.467 x1.00] LOG  🐾 Jump 1 VFX spawned!
[  3013   16.961 x1.00] LOG  [OniBoss] Attack → Recovery
[  3013   16.961 x1.00] LOG  [OniBoss] Playing animation: Watch
[  3046   17.119 x1.00] LOG  [OniBoss] Recovery → Chase
[  3047   17.124 x1.00] LOG  [OniBoss] hold-ground: BACKSTEP 1.5m (player 3.2m)
[  3108   17.399 x1.00] LOG  💨 Landing VFX spawned!
[  3108   17.399 x1.00] LOG  ✅ LANDED! (was jump #1)
[  3218   17.957 x1.00] LOG  [OniBoss] hold-ground: backstep done (1.33m), WATCH (player 4.4m, cooldown 2.2s)
[  3218   17.957 x1.00] LOG  [OniBoss] Playing animation: Watch
[  3230   18.017 x1.00] LOG  [OniBoss] Playing animation: run
[  3529   19.528 x1.00] LOG  [ComboTrace] START step=1 state='Combo1' queued=0 target='OniBoss' at 5.5m
[  3529   19.528 x1.00] LOG  [ComboTrace] LAUNCH OniBoss at 2.9m dist=2.88m in 0.29s
[  3530   19.533 x1.00] LOG  [AirPosePin] engaged, holding body at 0.642m above the transform
[  3535   19.557 x1.00] LOG  [AirPosePin] released, peak correction was -0.003m
[  3536   19.561 x1.00] LOG  [OniBoss] Playing animation: Watch
[  3536   19.561 x1.00] LOG  [AirPosePin] engaged, holding body at 0.648m above the transform
[  3586   19.817 x1.00] LOG  [ComboTrace] LAUNCH RESULT wanted=2.88m actually moved=2.10m — completed
[  3586   19.817 x1.00] LOG  [AirPosePin] released, peak correction was -0.005m
[  3593   19.850 x1.00] LOG  [ComboTrace] QUEUED #1 during step 1
[  3630   20.037 x1.00] LOG  [ComboTrace] QUEUED #2 during step 1
[  3647   20.120 x1.00] LOG  [OniBoss] Chase → Attack
[  3647   20.120 x1.00] LOG  [OniBoss] Attack: ClubSwing2 (16 dmg)
[  3650   20.137 x1.00] LOG  OniBoss took 10 damage. HP: 470/500
[  3650   20.137 x1.00] LOG  [OniBoss] 🤕 Hit during Attack — flash only
[  3650   20.137 x1.00] LOG  [CameraGameFeel] Shake: intensity=0.15 duration=0.150s
[  3650   20.137 x1.00] LOG  [CameraGameFeel] FOV punch: hit light (+1.5°)
[  3666   20.217 x1.00] LOG  [ComboTrace] CLICK IGNORED (step=1 queued=2)
[  3690   20.337 x1.00] LOG  🐾 VFX_AttackPaw triggered!
[  3702   20.397 x1.00] LOG  [ComboTrace] CLICK IGNORED (step=1 queued=2)
[  3719   20.480 x1.00] LOG  [ComboTrace] START step=2 state='Combo2' queued=1 target='OniBoss' at 2.0m
[  3719   20.480 x1.00] LOG  [ComboTrace] LAUNCH OniBoss at 0.8m dist=0.80m in 0.13s
[  3719   20.480 x1.00] LOG  [AirPosePin] engaged, holding body at 0.652m above the transform
[  3745   20.610 x1.00] LOG  [ComboTrace] LAUNCH RESULT wanted=0.80m actually moved=0.00m — completed
[  3746   20.617 x1.00] LOG  [AirPosePin] released, peak correction was -0.001m
[  3757   20.670 x1.00] LOG  [CameraGameFeel] Shake: intensity=0.20 duration=0.250s
[  3757   20.670 x1.00] LOG  [CameraGameFeel] Shake: intensity=0.09 duration=0.150s
[  3757   20.670 x1.00] LOG  [CameraGameFeel] FOV punch: player damage (-2.0°)
[  3757   20.670 x1.00] LOG  [OniBoss] Hit player for 16 (ClubSwing2)
[  3757   20.670 x1.00] LOG  [AirPosePin] engaged, holding body at 0.646m above the transform
[  3782   20.797 x1.00] LOG  [AirPosePin] released, peak correction was 0.035m
[  3897   21.378 x1.00] LOG  [ComboTrace] START step=1 state='Combo1' queued=0 target='OniBoss' at 2.0m
[  3897   21.378 x1.00] LOG  [ComboTrace] LAUNCH OniBoss at 0.8m dist=0.80m in 0.13s
[  3897   21.378 x1.00] LOG  [AirPosePin] engaged, holding body at 0.646m above the transform
[  3902   21.400 x1.00] LOG  [AirPosePin] released, peak correction was -0.003m
[  3903   21.407 x1.00] LOG  [AirPosePin] engaged, holding body at 0.651m above the transform
[  3924   21.510 x1.00] LOG  [ComboTrace] LAUNCH RESULT wanted=0.80m actually moved=0.00m — completed
[  3925   21.517 x1.00] LOG  [AirPosePin] released, peak correction was -0.001m
[  3968   21.730 x1.00] LOG  [OniBoss] Attack → Recovery
[  3968   21.730 x1.00] LOG  [OniBoss] Playing animation: Watch
[  4000   21.880 x1.00] LOG  [OniBoss] Recovery → Chase
[  4001   21.885 x1.00] LOG  [OniBoss] hold-ground: BACKSTEP 1.5m (player 2.0m)
[  4021   21.987 x1.00] LOG  OniBoss took 10 damage. HP: 460/500
[  4021   21.987 x1.00] LOG  [OniBoss] Chase → HitReact
[  4021   21.987 x1.00] LOG  [OniBoss:Layer] react tier: LIGHT (10 dmg) → 'Hit_react_light'
[  4021   21.987 x1.00] LOG  [CameraGameFeel] Shake: intensity=0.15 duration=0.150s
[  4021   21.987 x1.00] LOG  [CameraGameFeel] FOV punch: hit light (+1.5°)
[  4062   22.189 x1.00] LOG  🐾 VFX_AttackPaw triggered!
[  4118   22.463 x1.00] LOG  [ComboTrace] END step=1 clipProgress=0.85 clipLen=1.23s queued=0 elapsed=1.09s
[  4189   22.787 x1.00] LOG  [OniBoss] HitReact → Chase
[  4190   22.792 x1.00] LOG  [OniBoss] Playing animation: Watch
[  4210   22.880 x1.00] LOG  [OniBoss] Playing animation: run
[  4351   23.524 x1.00] LOG  🚶 2-LEG JUMP
[  4351   23.524 x1.00] LOG  🐾 Jump 1 VFX spawned!
[  4381   23.672 x1.00] LOG  [ComboTrace] LAUNCH OniBoss at 2.4m dist=2.42m in 0.24s [AIRBORNE]
[  4381   23.672 x1.00] LOG  [AirPosePin] engaged, holding body at 0.819m above the transform
[  4385   23.692 x1.00] LOG  [OniBoss] Playing animation: Watch
[  4413   23.824 x1.00] LOG  OniBoss took 10 damage. HP: 450/500
[  4413   23.824 x1.00] LOG  [OniBoss] Chase → HitReact
[  4413   23.824 x1.00] LOG  [OniBoss:Layer] react tier: LIGHT (10 dmg) → 'Hit_react_light'
[  4413   23.824 x1.00] LOG  [CameraGameFeel] Shake: intensity=0.15 duration=0.150s
[  4413   23.824 x1.00] LOG  [CameraGameFeel] FOV punch: hit light (+1.5°)
[  4429   23.921 x1.00] LOG  [ComboTrace] LAUNCH RESULT wanted=2.42m actually moved=1.74m — completed
[  4441   23.977 x1.00] LOG  OniBoss took 10 damage. HP: 440/500
[  4441   23.977 x1.00] LOG  [OniBoss:Layer] burst: 2 hits / 20 dmg → flinch upgraded to 'HitReact_medium'
[  4441   23.977 x1.00] LOG  [CameraGameFeel] Shake: intensity=0.05 duration=0.150s
[  4470   24.127 x1.00] LOG  OniBoss took 10 damage. HP: 430/500
[  4470   24.127 x1.00] LOG  [OniBoss] HitReact → Stagger
[  4470   24.127 x1.00] LOG  [OniBoss] Playing animation: Stagger
[  4470   24.127 x1.00] LOG  [OniBoss] STAGGERED for 2.5s
[  4470   24.127 x1.00] LOG  [OniBoss:Layer] heavy knock-back react (swirl burst, 3 hits / 30 dmg) → 'HitReact_Heavy', down for 1.80s
[  4470   24.127 x1.00] LOG  [OniBoss:Layer] burst: 3 hits / 30 dmg inside 0.8s → knock-back + 0.90m push
[  4470   24.127 x1.00] LOG  [CameraGameFeel] Shake: intensity=0.05 duration=0.150s
[  4526   24.428 x1.00] LOG  [ComboTrace] END step=3 clipProgress=0.90 clipLen=0.79s queued=0 elapsed=0.76s
[  4527   24.430 x1.00] LOG  [AirPosePin] released, peak correction was 0.133m
[  4532   24.458 x1.00] LOG  💨 Landing VFX spawned!
[  4532   24.458 x1.00] LOG  ✅ LANDED! (was jump #1)
[  4595   24.771 x1.00] LOG  🚶 2-LEG JUMP
[  4595   24.771 x1.00] LOG  🐾 Jump 1 VFX spawned!
[  4668   25.139 x1.00] LOG  [ComboTrace] LAUNCH OniBoss at 2.1m dist=2.15m in 0.21s [AIRBORNE]
[  4668   25.139 x1.00] LOG  [AirPosePin] engaged, holding body at 1.744m above the transform
[  4698   25.292 x1.00] LOG  OniBoss punish window! 10 → 15 (x1.5)
[  4698   25.292 x1.00] LOG  OniBoss took 15 damage. HP: 415/500
[  4698   25.292 x1.00] LOG  [CameraGameFeel] Shake: intensity=0.15 duration=0.150s
[  4698   25.292 x1.00] LOG  [CameraGameFeel] FOV punch: hit light (+1.5°)
[  4712   25.358 x1.00] LOG  [ComboTrace] LAUNCH RESULT wanted=2.15m actually moved=1.68m — completed
[  4729   25.448 x1.00] LOG  OniBoss punish window! 10 → 15 (x1.5)
[  4729   25.448 x1.00] LOG  OniBoss took 15 damage. HP: 400/500
[  4729   25.448 x1.00] LOG  [CameraGameFeel] Shake: intensity=0.05 duration=0.150s
[  4755   25.598 x1.00] LOG  OniBoss punish window! 10 → 15 (x1.5)
[  4755   25.598 x1.00] LOG  OniBoss took 15 damage. HP: 385/500
[  4755   25.598 x1.00] LOG  [CameraGameFeel] Shake: intensity=0.05 duration=0.150s
[  4775   25.698 x1.00] LOG  💨 Landing VFX spawned!
[  4775   25.698 x1.00] LOG  ✅ LANDED! (was jump #1)
[  4775   25.698 x1.00] LOG  [AirPosePin] released, peak correction was 0.960m
[  4798   25.803 x1.00] LOG  🚶 2-LEG JUMP
[  4798   25.803 x1.00] LOG  🐾 Jump 1 VFX spawned!
[  4799   25.818 x1.00] LOG  [AirPosePin] engaged, holding body at 0.747m above the transform
[  4815   25.901 x1.00] LOG  [ComboTrace] END step=3 clipProgress=0.90 clipLen=0.79s queued=0 elapsed=0.76s
[  4816   25.908 x1.00] LOG  [AirPosePin] released, peak correction was 0.062m
[  4820   25.928 x1.00] LOG  [OniBoss] Stagger → Chase
[  4821   25.931 x1.00] LOG  [OniBoss] Playing animation: Watch
[  4821   25.931 x1.00] LOG  [OniBoss] hold-ground: cooldown over, player 3.7m > 3.5m — APPROACH
[  4821   25.931 x1.00] LOG  [OniBoss] Playing animation: Walk
[  4937   26.501 x1.00] LOG  [OniBoss] Combo started: swing1-2 (2 steps remaining)
[  4937   26.501 x1.00] LOG  [OniBoss] Chase → Attack
[  4937   26.501 x1.00] LOG  [OniBoss] Attack: Club_Swing (16 dmg)
[  4983   26.739 x1.00] LOG  💨 Landing VFX spawned!
[  4983   26.739 x1.00] LOG  ✅ LANDED! (was jump #1)
[  5063   27.132 x1.00] LOG  [CameraGameFeel] Shake: intensity=0.20 duration=0.250s
[  5063   27.132 x1.00] LOG  [OniBoss] Attack missed, player out of range (3.7m > 3.5m)
[  5172   27.628 x1.00] LOG  [OniBoss] Attack → Recovery
[  5172   27.628 x1.00] LOG  [OniBoss] Playing animation: Watch
[  5199   27.754 x1.00] LOG  🐾 4-LEG JUMP #0
[  5199   27.754 x1.00] LOG  🐾 Jump 1 VFX spawned!
[  5203   27.779 x1.00] LOG  [OniBoss] Recovery → Attack
[  5203   27.779 x1.00] LOG  [OniBoss] Attack: ClubSwing2 (16 dmg)
[  5250   28.011 x1.00] LOG  🐾 4-LEG JUMP #1
[  5250   28.011 x1.00] LOG  🐾 Jump 2 VFX spawned!
[  5279   28.154 x1.00] LOG  [ComboTrace] LAUNCH OniBoss at 5.3m dist=3.20m in 0.32s (capped short) [AIRBORNE]
[  5279   28.154 x1.00] LOG  [AirPosePin] engaged, holding body at 0.533m above the transform
[  5306   28.293 x1.00] LOG  [CameraGameFeel] Shake: intensity=0.20 duration=0.250s
[  5306   28.293 x1.00] LOG  [OniBoss] Attack missed, player out of range (4.7m > 3.5m)
[  5342   28.475 x1.00] LOG  [ComboTrace] LAUNCH RESULT wanted=3.20m actually moved=3.20m — completed
[  5427   28.866 x1.00] LOG  [ComboTrace] END step=3 clipProgress=0.90 clipLen=0.79s queued=0 elapsed=0.71s
[  5428   28.871 x1.00] LOG  [AirPosePin] released, peak correction was -0.154m
[  5443   28.959 x1.00] LOG  💨 Landing VFX spawned!
[  5443   28.959 x1.00] LOG  ✅ LANDED! (was jump #2)
[  5521   29.349 x1.00] LOG  [OniBoss] Attack → Recovery
[  5521   29.349 x1.00] LOG  [OniBoss] Playing animation: Watch
[  5551   29.499 x1.00] LOG  [OniBoss] Recovery → Chase
[  5552   29.502 x1.00] LOG  [OniBoss] hold-ground: BACKSTEP 1.5m (player 3.6m)
[  5619   29.839 x1.00] LOG  [OniBoss] hold-ground: backstep done (0.53m), WATCH (player 4.3m, cooldown 2.7s)
[  5619   29.839 x1.00] LOG  [OniBoss] Playing animation: Watch
[  5697   30.229 x1.00] LOG  [ComboTrace] START step=1 state='Combo1' queued=0 target='OniBoss' at 6.8m
[  5697   30.229 x1.00] LOG  [ComboTrace] LAUNCH OniBoss at 3.2m dist=3.20m in 0.32s (capped short)
[  5697   30.229 x1.00] LOG  [AirPosePin] engaged, holding body at 0.642m above the transform
[  5763   30.550 x1.00] LOG  [ComboTrace] LAUNCH RESULT wanted=3.20m actually moved=2.58m — completed
[  5765   30.560 x1.00] LOG  [AirPosePin] released, peak correction was -0.013m
[  5788   30.693 x1.00] LOG  [ComboTrace] QUEUED #1 during step 1
[  5817   30.839 x1.00] LOG  OniBoss took 10 damage. HP: 375/500
[  5817   30.839 x1.00] LOG  [OniBoss] Chase → HitReact
[  5817   30.839 x1.00] LOG  [OniBoss:Layer] react tier: LIGHT (10 dmg) → 'Hit_react_light'
[  5817   30.839 x1.00] LOG  [CameraGameFeel] Shake: intensity=0.15 duration=0.150s
[  5817   30.839 x1.00] LOG  [CameraGameFeel] FOV punch: hit light (+1.5°)
[  5825   30.879 x1.00] LOG  [ComboTrace] QUEUED #2 during step 1
[  5856   31.032 x1.00] LOG  🐾 VFX_AttackPaw triggered!
[  5867   31.099 x1.00] LOG  [ComboTrace] CLICK IGNORED (step=1 queued=2)
[  5883   31.179 x1.00] LOG  [ComboTrace] START step=2 state='Combo2' queued=1 target='OniBoss' at 2.0m
[  5883   31.179 x1.00] LOG  [ComboTrace] LAUNCH OniBoss at 0.8m dist=0.80m in 0.13s
[  5883   31.179 x1.00] LOG  [AirPosePin] engaged, holding body at 0.652m above the transform
[  5909   31.309 x1.00] LOG  [ComboTrace] LAUNCH RESULT wanted=0.80m actually moved=0.00m — completed
[  5911   31.319 x1.00] LOG  [AirPosePin] released, peak correction was -0.001m
[  5946   31.492 x1.00] LOG  [ComboTrace] QUEUED #2 during step 2
[  5979   31.639 x1.00] LOG  [OniBoss] HitReact → Chase
[  5980   31.643 x1.00] LOG  [OniBoss] Playing animation: Watch
[  6002   31.742 x1.00] LOG  [ComboTrace] CLICK IGNORED (step=2 queued=2)
[  6044   31.932 x1.00] LOG  [ComboTrace] CLICK IGNORED (step=2 queued=2)
[  6055   31.988 x1.00] LOG  🐾🐾 VFX_TowPaw triggered!
[  6062   32.015 x1.00] LOG  OniBoss took 20 damage. HP: 355/500
[  6062   32.015 x1.00] LOG  [OniBoss] Chase → HitReact
[  6062   32.015 x1.00] LOG  [OniBoss:Layer] react tier: MEDIUM (20 dmg) → 'HitReact_medium'
[  6062   32.015 x1.00] LOG  [CameraGameFeel] Shake: intensity=0.15 duration=0.150s
[  6062   32.015 x1.00] LOG  [CameraGameFeel] FOV punch: hit light (+1.5°)
[  6089   32.141 x1.00] LOG  [ComboTrace] CLICK IGNORED (step=2 queued=2)
[  6164   32.513 x1.00] LOG  🐾🐾 VFX_TowPaw triggered!
[  6171   32.550 x1.00] LOG  [ComboTrace] START step=3 state='Combo3' queued=1 target='OniBoss' at 2.3m
[  6171   32.550 x1.00] LOG  [ComboTrace] LAUNCH OniBoss at 1.1m dist=1.10m in 0.13s
[  6171   32.550 x1.00] LOG  [AirPosePin] engaged, holding body at 0.652m above the transform
[  6183   32.614 x1.00] LOG  OniBoss took 35 damage. HP: 320/500
[  6183   32.614 x1.00] LOG  [OniBoss] HitReact → Stagger
[  6183   32.614 x1.00] LOG  [OniBoss] Playing animation: Stagger
[  6183   32.614 x1.00] LOG  [OniBoss] STAGGERED for 2.5s
[  6183   32.614 x1.00] LOG  [OniBoss:Layer] heavy knock-back react (35 dmg) → 'HitReact_Heavy', down for 1.80s
[  6183   32.614 x1.00] LOG  [CameraGameFeel] Shake: intensity=0.15 duration=0.150s
[  6183   32.614 x1.00] LOG  [CameraGameFeel] FOV punch: hit light (+1.5°)
[  6197   32.680 x1.00] LOG  [ComboTrace] LAUNCH RESULT wanted=1.10m actually moved=0.58m — completed
[  6197   32.680 x1.00] LOG  [AirPosePin] released, peak correction was -0.036m
[  6214   32.786 x1.00] LOG  [ComboTrace] CLICK IGNORED (step=3 queued=1)
[  6248   32.969 x1.00] LOG  [StormWeather] ⚡ strike at (481.54, 45.00, 448.67)
[  6252   32.990 x1.00] LOG  [ComboTrace] CLICK IGNORED (step=3 queued=1)
[  6298   33.227 x1.00] LOG  [ComboTrace] CLICK IGNORED (step=3 queued=1)
[  6323   33.360 x1.00] LOG  [ComboTrace] END step=3 clipProgress=0.95 clipLen=0.79s queued=0 elapsed=0.81s
[  6345   33.470 x1.00] LOG  [ComboTrace] START step=1 state='Combo1' queued=0 target='OniBoss' at 2.7m
[  6345   33.470 x1.00] LOG  [ComboTrace] LAUNCH OniBoss at 1.4m dist=1.39m in 0.14s
[  6345   33.470 x1.00] LOG  [AirPosePin] engaged, holding body at 0.655m above the transform
[  6372   33.610 x1.00] LOG  [ComboTrace] LAUNCH RESULT wanted=1.39m actually moved=0.67m — completed
[  6374   33.620 x1.00] LOG  [AirPosePin] released, peak correction was 0.003m
[  6433   33.913 x1.00] LOG  [ComboTrace] QUEUED #1 during step 1
[  6466   34.080 x1.00] LOG  OniBoss punish window! 10 → 15 (x1.5)
[  6466   34.080 x1.00] LOG  OniBoss took 15 damage. HP: 305/500
[  6466   34.080 x1.00] LOG  [CameraGameFeel] Shake: intensity=0.15 duration=0.150s
[  6466   34.080 x1.00] LOG  [CameraGameFeel] FOV punch: hit light (+1.5°)
[  6471   34.103 x1.00] LOG  [ComboTrace] QUEUED #2 during step 1
[  6506   34.280 x1.00] LOG  🐾 VFX_AttackPaw triggered!
[  6516   34.330 x1.00] LOG  [ComboTrace] CLICK IGNORED (step=1 queued=2)
[  6533   34.415 x1.00] LOG  [OniBoss] Stagger → Chase
[  6534   34.420 x1.00] LOG  [OniBoss] Playing animation: Watch
[  6534   34.420 x1.00] LOG  [OniBoss] Combo started: swing1-2 (2 steps remaining)
[  6534   34.420 x1.00] LOG  [OniBoss] Chase → Attack
[  6534   34.420 x1.00] LOG  [OniBoss] Attack: Club_Swing (16 dmg)
[  6534   34.420 x1.00] LOG  [ComboTrace] START step=2 state='Combo2' queued=1 target='OniBoss' at 2.9m
[  6534   34.420 x1.00] LOG  [ComboTrace] LAUNCH OniBoss at 1.6m dist=1.60m in 0.16s
[  6534   34.420 x1.00] LOG  [AirPosePin] engaged, holding body at 0.651m above the transform
[  6567   34.583 x1.00] LOG  [ComboTrace] LAUNCH RESULT wanted=1.60m actually moved=0.90m — completed
[  6570   34.600 x1.00] LOG  [AirPosePin] released, peak correction was -0.002m
[  6601   34.762 x1.00] LOG  [ComboTrace] QUEUED #2 during step 2
[  6663   35.049 x1.00] LOG  [CameraGameFeel] Shake: intensity=0.20 duration=0.250s
[  6663   35.049 x1.00] LOG  [CameraGameFeel] Shake: intensity=0.09 duration=0.150s
[  6663   35.049 x1.00] LOG  [CameraGameFeel] FOV punch: player damage (-2.0°)
[  6663   35.049 x1.00] LOG  [OniBoss] Hit player for 16 (Club_Swing)
[  6663   35.049 x1.00] LOG  [AirPosePin] engaged, holding body at 0.645m above the transform
[  6690   35.181 x1.00] LOG  [AirPosePin] released, peak correction was 0.033m
[  6763   35.550 x1.00] LOG  [OniBoss] Attack → Recovery
[  6763   35.550 x1.00] LOG  [OniBoss] Playing animation: Watch
[  6782   35.643 x1.00] LOG  [ComboTrace] START step=1 state='Combo1' queued=0 target='OniBoss' at 2.1m
[  6782   35.643 x1.00] LOG  [ComboTrace] LAUNCH OniBoss at 0.8m dist=0.80m in 0.13s
[  6782   35.643 x1.00] LOG  [AirPosePin] engaged, holding body at 0.630m above the transform
[  6793   35.700 x1.00] LOG  [OniBoss] Recovery → Attack
[  6793   35.700 x1.00] LOG  [OniBoss] Attack: ClubSwing2 (16 dmg)
[  6809   35.780 x1.00] LOG  [ComboTrace] LAUNCH RESULT wanted=0.80m actually moved=0.00m — completed
[  6809   35.780 x1.00] LOG  [AirPosePin] released, peak correction was -0.022m
[  6896   36.213 x1.00] LOG  [CameraGameFeel] Shake: intensity=0.20 duration=0.250s
[  6896   36.213 x1.00] LOG  [CameraGameFeel] Shake: intensity=0.28 duration=0.150s
[  6896   36.213 x1.00] LOG  [CameraGameFeel] FOV punch: player damage (-3.0°)
[  6896   36.213 x1.00] LOG  [OniBoss] Hit player for 16 (ClubSwing2)
[  6896   36.213 x1.00] LOG  [AirPosePin] engaged, holding body at 0.648m above the transform
[  6921   36.340 x1.00] LOG  [AirPosePin] released, peak correction was 0.037m
[  7094   37.204 x1.00] LOG  🚶 2-LEG JUMP
[  7094   37.204 x1.00] LOG  🐾 Jump 1 VFX spawned!
[  7107   37.270 x1.00] LOG  [OniBoss] Attack → Recovery
[  7107   37.270 x1.00] LOG  [OniBoss] Playing animation: Watch
[  7114   37.304 x1.00] LOG  [ComboTrace] LAUNCH OniBoss at 0.6m dist=0.63m in 0.13s [AIRBORNE]
[  7114   37.304 x1.00] LOG  OniBoss took 10 damage. HP: 295/500
[  7114   37.304 x1.00] LOG  [OniBoss] Recovery → HitReact
[  7114   37.304 x1.00] LOG  [OniBoss:Layer] react tier: LIGHT (10 dmg) → 'Hit_react_light'
[  7114   37.304 x1.00] LOG  [CameraGameFeel] Shake: intensity=0.15 duration=0.150s
[  7114   37.304 x1.00] LOG  [CameraGameFeel] FOV punch: hit light (+1.5°)
[  7114   37.304 x1.00] LOG  [AirPosePin] engaged, holding body at 0.650m above the transform
[  7141   37.437 x1.00] LOG  [ComboTrace] LAUNCH RESULT wanted=0.63m actually moved=0.00m — completed
[  7145   37.457 x1.00] LOG  OniBoss took 10 damage. HP: 285/500
[  7145   37.457 x1.00] LOG  [OniBoss:Layer] burst: 2 hits / 20 dmg → flinch upgraded to 'HitReact_medium'
[  7145   37.457 x1.00] LOG  [CameraGameFeel] Shake: intensity=0.05 duration=0.150s
[  7174   37.611 x1.00] LOG  OniBoss took 10 damage. HP: 275/500
[  7174   37.611 x1.00] LOG  [OniBoss] HitReact → Stagger
[  7174   37.611 x1.00] LOG  [OniBoss] Playing animation: Stagger
[  7174   37.611 x1.00] LOG  [OniBoss] STAGGERED for 2.5s
[  7174   37.611 x1.00] LOG  [OniBoss:Layer] heavy knock-back react (swirl burst, 3 hits / 30 dmg) → 'HitReact_Heavy', down for 1.80s
[  7174   37.611 x1.00] LOG  [OniBoss:Layer] burst: 3 hits / 30 dmg inside 0.8s → knock-back + 0.90m push
[  7174   37.611 x1.00] LOG  [CameraGameFeel] Shake: intensity=0.05 duration=0.150s
[  7201   37.765 x1.00] LOG  OniBoss punish window! 10 → 15 (x1.5)
[  7201   37.765 x1.00] LOG  OniBoss took 15 damage. HP: 260/500
[  7201   37.765 x1.00] LOG  [CameraGameFeel] Shake: intensity=0.05 duration=0.150s
[  7230   37.920 x1.00] LOG  OniBoss punish window! 10 → 15 (x1.5)
[  7230   37.920 x1.00] LOG  OniBoss took 15 damage. HP: 245/500
[  7230   37.920 x1.00] LOG  [CameraGameFeel] Shake: intensity=0.05 duration=0.150s
[  7231   37.924 x1.00] LOG  [OniBoss] ⚡ PHASE 2 ACTIVATED
[  7231   37.924 x1.00] LOG  [OniBoss] STAGGERED (parry) for 3s
[  7231   37.924 x1.00] LOG  [OniBoss:Layer] PHASE 2: transition 'Phase_Transition' driven at x0.60 + 0.6s hold — untouchable, roar at 0.60
[  7232   37.930 x1.00] LOG  [StormWeather] ⚡ strike at (483.12, 45.00, 453.00)
[  7232   37.930 x1.00] LOG  [StormWeather] PHASE 2 - storm breaking.
[  7232   37.930 x1.00] LOG  [OniBoss:Layer] PHASE 2: clip is 2.42s → 4.63s on screen
[  7254   38.055 x1.00] LOG  [ComboTrace] END step=3 clipProgress=0.90 clipLen=0.79s queued=0 elapsed=0.75s
[  7255   38.061 x1.00] LOG  [AirPosePin] released, peak correction was -0.037m
[  7269   38.141 x1.00] LOG  💨 Landing VFX spawned!
[  7269   38.141 x1.00] LOG  ✅ LANDED! (was jump #1)
[  7714   40.341 x1.00] LOG  [CameraGameFeel] Shake: intensity=0.60 duration=0.500s
[  7714   40.341 x1.00] LOG  [OniBoss:Layer] PHASE 2: roar at 2.42s
[  7715   40.346 x1.00] LOG  [BossBar] Bar switched to phase 2
[  7715   40.346 x1.00] LOG  [OniBoss:Layer] boss bar → phase 2 crimson
[  8157   42.554 x1.00] LOG  [OniBoss] Stagger → Chase
[  8157   42.554 x1.00] LOG  [OniBoss:Layer] PHASE 2: transition over after 4.63s real — he is back, and angrier
[  8158   42.561 x1.00] LOG  [OniBoss] Pull-band decision: RUN-IN (dist 6.5m, pullRange 0m, chance 0.70)
[  8158   42.561 x1.00] LOG  [OniBoss] Playing animation: run
[  8328   43.401 x1.00] LOG  [OniBoss] Playing animation: Watch
[  8328   43.401 x1.00] LOG  [OniBoss] Combo started: swing1-2 (2 steps remaining)
[  8328   43.401 x1.00] LOG  [OniBoss] Chase → Attack
[  8328   43.401 x1.00] LOG  [OniBoss] Attack: Club_Swing (16 dmg)
[  8348   43.502 x1.00] LOG  [OniBoss:Layer] step-in: 'Club_Swing' closed 0.48m, Yoru now 3.0m away (range 3.5)
[  8440   43.962 x1.00] LOG  [ComboTrace] START step=1 state='Combo1' queued=0 target='OniBoss' at 3.6m
[  8440   43.962 x1.00] LOG  [ComboTrace] LAUNCH OniBoss at 1.7m dist=1.71m in 0.17s
[  8440   43.962 x1.00] LOG  [AirPosePin] engaged, holding body at 0.652m above the transform
[  8444   43.982 x1.00] LOG  [AirPosePin] released, peak correction was 0.000m
[  8445   43.984 x1.00] LOG  [AirPosePin] engaged, holding body at 0.652m above the transform
[  8454   44.033 x1.00] LOG  [CameraGameFeel] Shake: intensity=0.20 duration=0.250s
[  8454   44.033 x1.00] LOG  [CameraGameFeel] Shake: intensity=0.09 duration=0.150s
[  8454   44.033 x1.00] LOG  [CameraGameFeel] FOV punch: player damage (-2.0°)
[  8454   44.033 x1.00] LOG  [OniBoss] Hit player for 16 (Club_Swing)
[  8481   44.158 x1.00] LOG  [AirPosePin] released, peak correction was 0.041m
[  8555   44.524 x1.00] LOG  [OniBoss] Attack → Recovery
[  8555   44.524 x1.00] LOG  [OniBoss] Playing animation: Watch
[  8585   44.676 x1.00] LOG  [OniBoss] Recovery → Attack
[  8585   44.676 x1.00] LOG  [OniBoss] Attack: ClubSwing2 (16 dmg)
[  8681   45.185 x1.00] LOG  [CameraGameFeel] Shake: intensity=0.20 duration=0.250s
[  8681   45.185 x1.00] LOG  [CameraGameFeel] Shake: intensity=0.28 duration=0.150s
[  8681   45.185 x1.00] LOG  [CameraGameFeel] FOV punch: player damage (-3.0°)
[  8681   45.185 x1.00] LOG  [OniBoss] Hit player for 16 (ClubSwing2)
[  8681   45.185 x1.00] LOG  [AirPosePin] engaged, holding body at 0.647m above the transform
[  8708   45.322 x1.00] LOG  [AirPosePin] released, peak correction was 0.036m
[  8904   46.246 x1.00] LOG  [OniBoss] Attack → Recovery
[  8904   46.246 x1.00] LOG  [OniBoss] Playing animation: Watch
[  8935   46.400 x1.00] LOG  [OniBoss] Recovery → Chase
[  8936   46.407 x1.00] LOG  [OniBoss] hold-ground: BACKSTEP 1.5m (player 2.0m)
[  8950   46.492 x1.00] LOG  [StormWeather] terrain layers restored to dry values.
# end — 442 lines
