# Oni combat log — 2026-09-14 23:53:41
# Unity 6000.2.7f2 | scene 'CaveScene_Oni_Boss1' | platform OSXEditor
# columns: [frame realSeconds timeScale] KIND message      (KIND: LOG WARN ERR EXC TEL)
#
[     0    0.000 x1.00] LOG  [OniLog] console + telemetry → /Users/asenahazal/Documents/Yoru/OniLogs/oni_2026-09-14_23-53-41.log
[     0    0.000 x1.00] LOG  [OniHairShadows] shadow casting off on 27 hair renderers
[     0    0.000 x1.00] LOG  [RingMesh] Auto-found 11/11 left, 11/11 right meshes
[     1    0.000 x1.00] LOG  [BossBar] BossHealthBarUI initialized
[     1    0.000 x1.00] LOG  [StormWeather] layer 'TerrainLayer_Dirt_01' dry smoothness=0.00 (restore to this if a crash ever leaves it wet)
[     1    0.000 x1.00] LOG  [StormWeather] post volumes ready on layer 9 (storm priority 10, flash priority 11).
[     1    0.000 x1.00] LOG  [StormWeather] ROUND 80: fur weather ready on 'Weather Zone'. Rain 0, wind 0.50 in the open, sky check 30 m from 'PlayerYoru_1.1'.
[     1    0.000 x1.00] LOG  [StormWeather] COZY bridge: Rain_Cave retired, COZY owns the rain now.
[     1    0.000 x1.00] LOG  [StormWeather] COZY → 'Clear' (pre-fight - open sky, 0 s)
[     1    0.000 x1.00] LOG  [StormWeather] Ready. Open sky, dry floor. Waiting for the fight.
[     1    0.000 x1.00] LOG  OniBoss initialized with 500 HP
[     1    0.000 x1.00] LOG  [OniBoss] ANIMATOR SETUP: cullingMode=CullUpdateTransforms updateMode=Normal applyRootMotion=False speed=1
[     1    0.000 x1.00] LOG  [OniBoss] Initialized
[     1    0.000 x1.00] LOG  [OniBoss:Layer] facing: minFlat 1m, snapOnAttack off, trackInHitReact off
[     1    0.000 x1.00] LOG  [OniBoss:Layer] Yoru launch model ON: launches ALL THE WAY to an enemy within 4.7m of its surface at 10m/s (stop gap 0.00m, NO minimum distance), else steps 0.90m forward. Targeting cone left exactly as her prefab has it.
[     1    0.000 x1.00] LOG  [OniBoss:Layer] Yoru launch ROUND 9: airborne attacks launch too (ON), edge probe now runs on its OWN layer mask (Everything) instead of the line-of-sight mask - the Ground-only mask found no floor in this cave and was cancelling 100% of launches at 0.00m travelled.
[     1    0.000 x1.00] LOG  [OniBoss:Layer] animator speed x1.35 — his 1.13s swing now plays in 0.84s.
[     1    0.000 x1.00] LOG  [OniBoss:Layer] chase speed pushed: phase1 4.5, phase2 5.5 (Yoru runs at 7).
[     1    0.000 x1.00] LOG  [OniBoss:Layer] ground wave ON (round 38): half the club's damage on TOUCH, 12m/s x 6.0m from 1.6m in front at 0.35m height — a club hit cancels that swing's wave, jumping clears it. Per-attack effects come from the Swing Wave VFX By Attack rows. PlayerHealth found, PlayerMovement found.
[     1    0.000 x1.00] LOG  [StormWeather] storm break HELD (waiting for the lightning beat)
[     1    0.000 x1.00] LOG  [OniBoss:Layer] storm break HELD — it releases at the lightning-on-the-club beat.
[     1    0.000 x1.00] LOG  [OniBoss:Layer] club tracking ON — tip 'Kanabo3' (depth 4), shaft root 'kanabo'.
[     1    0.000 x1.00] LOG  [OniBoss:Layer] skinned meshes: 46 renderer(s), updateWhenOffscreen ON, body renderer 'Body' rootBone 'Hips'
[     1    0.000 x1.00] LOG  [OniBoss:Layer] charge travel bone: 'Hips' at depth 1 under 'OniBoss', rest local (0.00, 3.24, -0.24)
[     1    0.000 x1.00] LOG  [OniBoss:Layer] anti-kite ON: thrown swing after 4s of failed chase (within 7.6m), charge after 6s.
[     1    0.000 x1.00] LOG  [OniBoss:Layer] charge drive ON (windup to 0.40 at x1.3, rush 14m/s stops at 2.6m, steers 0.35s then commits, strike section from 0.58, strike moment 0.76, trail VFX off)
[     1    0.000 x1.00] LOG  [OniBoss:Layer] attack armor ON (his swings are not interrupted by light/medium hits; heavy hits and rapid-hit bursts still stop him)
[     1    0.000 x1.00] LOG  [OniBoss:Layer] strike moments overridden: Club_Swing=0.42 ClubSwing2=0.32 ClubSlam=0.85 KanaboSweep=0.48
[     1    0.000 x1.00] LOG  [OniBoss:Layer] club TOUCH hits ON (radius 0.70m, min tip speed 50m/s, armed from 0.20 of the clip): Club_Swing ClubSwing2 ClubSlam KanaboSweep. First touch wins — club full damage, wave half, one hit per swing.
[     1    0.000 x1.00] LOG  [OniBoss:Layer] combo damage ramp ON: mid x1.25, finisher x1.50 — finisher wave carries FULL damage at x2.0 size, x2.0 travel.
[     1    0.000 x1.00] LOG  [OniBoss:Layer] charge follow-up ON: 90 % of solo charges chain into a random melee finisher.
[     1    0.000 x1.00] LOG  [OniBoss:Layer] hold-ground ON (backstep 1.5m @ 1.6m/s after own attacks, watch 'Watch', attack facing LOCKED)
[     1    0.000 x1.00] LOG  [OniBoss:Layer] OniBoss layer ready (reactions, wake-on-hit, watch stance, boss bar). player=found
[     1    0.000 x1.00] LOG  [OniBoss:Layer] charge clip 'Oni Charge.fbx' imports with Root Motion Node = None (in place) — good.
[     1    0.000 x1.00] LOG  [OniBoss:Layer] clips importing with Root Transform Position (Y) NOT baked into pose (12): Oni_Alert(Oni Alert), Club_Slam(Oni Club Slam), Club_Swing(Oni Club Swing), Club_swing2(Oni Club Swing 2), Death(Oni Death Kneel), Hit_react_light(Oni Hit react lighter light), KanaboSweep(Oni Kanabo sweep), Phase_Transition(Oni Phase transition), run(Oni Run), Walk(Oni Walk), Watch(Oni Watch), Idle(Oni Idle) — their hips' up/down motion is stripped (see round notes; optional).
[     1    0.000 x1.00] LOG  === VFX MANAGER INITIALIZED ===
[     1    0.000 x1.00] LOG  Auto-detect animations: False
[     1    0.000 x1.00] LOG  Parent effects to tail: True
[     1    0.000 x1.00] LOG  Prefabs: Jump=True, Land=True, LTail=True, RTail=True
[     1    0.000 x1.00] LOG  ✅ Left Tail Tip: LeftTailTip_Anchor
[     1    0.000 x1.00] LOG  ✅ Right Tail Tip: RightTailTip_Anchor
[     1    0.000 x1.00] LOG  [VolumetricFogController] applyPresets is OFF in this scene. The Volumetric Fog component keeps its hand-set inspector values.
[     1    0.000 x1.00] LOG  [TailAirShot] Ready. drawState=RightTail_Fast castParam=TailCastSpeed (found)
  arrow leaves: PlayerYoru_1.1/Cat_All_10_Tails_v4/Group/DeformationSystem/root/Root_M/Tail15_R/Tail151_R/Tail152_R/Tail153_R/Tail154_R/Tail155_R/Tail156_R/Tail157_R/Tail158_R/Tail159_R/Tail1510_R/Tail1511_R/Tail1512_R/Tail6_R/Tail6_R_end/Tail6_R_end_end/Tail6_R_end_end_end/RightTailTip_Anchor
  aim VFX: PlayerYoru_1.1/Cat_All_10_Tails_v4/Group/DeformationSystem/root/Root_M/Tail15_R/Tail151_R/Tail152_R/Tail153_R/Tail154_R/Tail155_R/Tail156_R/Tail157_R/Tail158_R/Tail159_R/Tail1510_R/Tail1511_R/Tail1512_R/Tail6_R/Tail6_R_end/Tail6_R_end_end/Tail6_R_end_end_end/RightTailTip_Anchor/vfx_Muzzle_Fireball01Blue
[     1    0.000 x1.00] LOG  [RingMesh] VFX Status:
[     1    0.000 x1.00] LOG    Left: Prefab=✓, Spawn=Tail6_L_end_end_end
[     1    0.000 x1.00] LOG    Right: Prefab=✓, Spawn=Tail6_R_end_end_end
[     1    0.000 x1.00] LOG  [TailAirShot4Leg] Ready. drawState=shoot_4Leg castParam=Shoot4LegSpeed (found) readyFrame=5 fireFrame=10 frames=24 slowBudget=3s real damageMultiplier=2.00
  arrow leaves: PlayerYoru_1.1/Cat_All_10_Tails_v4/Group/DeformationSystem/root/Root_M/Tail15_R/Tail151_R/Tail152_R/Tail153_R/Tail154_R/Tail155_R/Tail156_R/Tail157_R/Tail158_R/Tail159_R/Tail1510_R/Tail1511_R/Tail1512_R/Tail6_R/Tail6_R_end/Tail6_R_end_end/Tail6_R_end_end_end/RightTailTip_Anchor
  aim VFX left:  PlayerYoru_1.1/Cat_All_10_Tails_v4/Group/DeformationSystem/root/Root_M/Tail15_L/Tail151_L/Tail152_L/Tail153_L/Tail154_L/Tail155_L/Tail156_L/Tail157_L/Tail158_L/Tail159_L/Tail1510_L/Tail1511_L/Tail1512_L/Tail6_L/Tail6_L_end/Tail6_L_end_end/Tail6_L_end_end_end/LeftTailTip_Anchor/Glow_4Leg_L
  aim VFX right: PlayerYoru_1.1/Cat_All_10_Tails_v4/Group/DeformationSystem/root/Root_M/Tail15_R/Tail151_R/Tail152_R/Tail153_R/Tail154_R/Tail155_R/Tail156_R/Tail157_R/Tail158_R/Tail159_R/Tail1510_R/Tail1511_R/Tail1512_R/Tail6_R/Tail6_R_end/Tail6_R_end_end/Tail6_R_end_end_end/RightTailTip_Anchor/Glow_4Leg_R
[     1    0.000 x1.00] LOG  [PlayerCombat] Phase 2 form gate CONNECTED (FormController found on this GameObject).
[     1    0.000 x1.00] LOG  [Combat] PlayerCombat initialized, Phase 3C v27
[     1    0.000 x1.00] LOG  [CameraGameFeel] CameraGameFeel initialized (shake + FOV)
[     1    2.533 x1.00] LOG  [OniBoss] Playing animation: Idle
[     1    2.533 x1.00] LOG  [OniBoss:Layer] watch stance ON (player 13.4m)
[    16    3.452 x1.00] LOG  💨 Landing VFX spawned!
[    16    3.452 x1.00] LOG  ✅ LANDED! (was jump #0)
[   160    4.179 x1.00] LOG  🚶 2-LEG JUMP
[   160    4.179 x1.00] LOG  🐾 Jump 1 VFX spawned!
[   214    4.501 x1.00] LOG  [ComboTrace] LAUNCH STEP (no enemy) dist=0.90m in 0.13s [AIRBORNE]
[   214    4.501 x1.00] LOG  [Combat] Aerial spin, 25 dmg
[   214    4.501 x1.00] LOG  [YoruVFX] Air spin VFX spawned at CenterVFX. PS found: True
[   214    4.501 x1.00] LOG  [AirPosePin] engaged, holding body at 1.596m above the transform
[   229    4.645 x1.00] LOG  [ComboTrace] LAUNCH RESULT wanted=0.90m actually moved=0.96m, completed
[   317    5.121 x1.00] LOG  💨 Landing VFX spawned!
[   317    5.121 x1.00] LOG  ✅ LANDED! (was jump #1)
[   317    5.121 x1.00] LOG  [AirPosePin] released, peak correction was 0.838m
[   326    5.182 x1.00] LOG  [YoruVFX] Spin VFX stopped
[   331    5.213 x1.00] LOG  [ComboTrace] END step=3 clipProgress=0.90 clipLen=0.79s queued=0 elapsed=0.71s
[   371    5.406 x1.00] LOG  [Combat] Combo 1: 10 dmg
[   371    5.406 x1.00] LOG  [ComboTrace] START step=1 state='Combo1' queued=0 target=none: no collider on enemyLayer within 8m
[   371    5.406 x1.00] LOG  [ComboTrace] LAUNCH STEP (no enemy) dist=0.90m in 0.13s
[   386    5.540 x1.00] LOG  [ComboTrace] LAUNCH RESULT wanted=0.90m actually moved=0.90m, completed
[   400    5.608 x1.00] LOG  [Combat] Queued click #1 (combo 1)
[   400    5.608 x1.00] LOG  [ComboTrace] QUEUED #1 during step 1
[   444    5.814 x1.00] LOG  [Combat] Queued click #2 (combo 1)
[   444    5.814 x1.00] LOG  [ComboTrace] QUEUED #2 during step 1
[   526    6.177 x1.00] LOG  🐾 VFX_AttackPaw triggered!
[   556    6.318 x1.00] LOG  [Combat] Combo 2: 20 dmg
[   556    6.318 x1.00] LOG  [ComboTrace] START step=2 state='Combo2' queued=1 target=none: no collider on enemyLayer within 8m
[   556    6.318 x1.00] LOG  [ComboTrace] LAUNCH STEP (no enemy) dist=0.90m in 0.13s
[   572    6.454 x1.00] LOG  [ComboTrace] LAUNCH RESULT wanted=0.90m actually moved=0.90m, completed
[   634    6.747 x1.00] LOG  [Combat] Queued click #2 (combo 2)
[   634    6.747 x1.00] LOG  [ComboTrace] QUEUED #2 during step 2
[   717    7.132 x1.00] LOG  🐾🐾 VFX_TowPaw triggered!
[   829    7.616 x1.00] LOG  🐾🐾 VFX_TowPaw triggered!
[   838    7.653 x1.00] LOG  [Combat] Combo 3: 35 dmg
[   838    7.653 x1.00] LOG  [ComboTrace] START step=3 state='Combo3' queued=1 target=none: no collider on enemyLayer within 8m
[   838    7.653 x1.00] LOG  [ComboTrace] LAUNCH STEP (no enemy) dist=0.90m in 0.13s
[   838    7.653 x1.00] LOG  [YoruVFX] Ground spin VFX spawned at CenterVFX. PS found: True
[   853    7.783 x1.00] LOG  [ComboTrace] LAUNCH RESULT wanted=0.90m actually moved=0.90m, completed
[   972    8.347 x1.00] LOG  [YoruVFX] Spin VFX stopped
[   989    8.422 x1.00] LOG  [ComboTrace] END step=3 clipProgress=0.95 clipLen=0.79s queued=0 elapsed=0.77s
[  1580   11.445 x1.00] LOG  [Combat] Combo window expired
[  1580   11.445 x1.00] LOG  [Combat] Combo 1: 10 dmg
[  1580   11.445 x1.00] LOG  [ComboTrace] START step=1 state='Combo1' queued=0 target=none: no collider on enemyLayer within 8m
[  1580   11.445 x1.00] LOG  [ComboTrace] LAUNCH STEP (no enemy) dist=0.90m in 0.13s
[  1593   11.569 x1.00] LOG  [ComboTrace] LAUNCH RESULT wanted=0.90m actually moved=0.90m, completed
[  1727   12.214 x1.00] LOG  🐾 VFX_AttackPaw triggered!
[  1792   12.498 x1.00] LOG  [ComboTrace] END step=1 clipProgress=0.86 clipLen=1.23s queued=0 elapsed=1.05s
[  1819   12.629 x1.00] LOG  [Combat] Combo 2: 20 dmg
[  1819   12.629 x1.00] LOG  [ComboTrace] START step=2 state='Combo2' queued=0 target=none: no collider on enemyLayer within 8m
[  1819   12.629 x1.00] LOG  [ComboTrace] LAUNCH STEP (no enemy) dist=0.90m in 0.13s
[  1835   12.764 x1.00] LOG  [ComboTrace] LAUNCH RESULT wanted=0.90m actually moved=0.90m, completed
[  1981   13.435 x1.00] LOG  🐾🐾 VFX_TowPaw triggered!
[  2079   13.919 x1.00] LOG  🐾🐾 VFX_TowPaw triggered!
[  2113   14.087 x1.00] LOG  [ComboTrace] END step=2 clipProgress=0.83 clipLen=1.75s queued=0 elapsed=1.46s
[  2125   14.156 x1.00] LOG  🚶 2-LEG JUMP
[  2125   14.156 x1.00] LOG  🐾 Jump 1 VFX spawned!
[  2195   14.618 x1.00] LOG  [ComboTrace] LAUNCH STEP (no enemy) dist=0.90m in 0.13s [AIRBORNE]
[  2195   14.618 x1.00] LOG  [Combat] Aerial spin, 25 dmg
[  2195   14.618 x1.00] LOG  [YoruVFX] Air spin VFX spawned at CenterVFX. PS found: True
[  2195   14.618 x1.00] LOG  [AirPosePin] engaged, holding body at 1.807m above the transform
[  2210   14.744 x1.00] LOG  [ComboTrace] LAUNCH RESULT wanted=0.90m actually moved=0.96m, completed
[  2259   15.080 x1.00] LOG  💨 Landing VFX spawned!
[  2259   15.080 x1.00] LOG  ✅ LANDED! (was jump #1)
[  2259   15.080 x1.00] LOG  [AirPosePin] released, peak correction was 1.023m
[  2302   15.299 x1.00] LOG  [YoruVFX] Spin VFX stopped
[  2308   15.330 x1.00] LOG  [ComboTrace] END step=3 clipProgress=0.90 clipLen=0.79s queued=0 elapsed=0.71s
[  2368   15.627 x1.00] LOG  🚶 2-LEG JUMP
[  2368   15.627 x1.00] LOG  🐾 Jump 1 VFX spawned!
[  2436   16.051 x1.00] LOG  [ComboTrace] LAUNCH STEP (no enemy) dist=0.90m in 0.13s [AIRBORNE]
[  2436   16.051 x1.00] LOG  [Combat] Aerial spin, 25 dmg
[  2436   16.051 x1.00] LOG  [YoruVFX] Air spin VFX spawned at CenterVFX. PS found: True
[  2436   16.051 x1.00] LOG  [AirPosePin] engaged, holding body at 2.074m above the transform
[  2441   16.098 x1.00] LOG  [OniBoss:Layer] watch stance OFF, back to Idle (player 16.5m)
[  2450   16.188 x1.00] LOG  [ComboTrace] LAUNCH RESULT wanted=0.90m actually moved=0.96m, completed
[  2511   16.558 x1.00] LOG  💨 Landing VFX spawned!
[  2511   16.558 x1.00] LOG  ✅ LANDED! (was jump #1)
[  2511   16.558 x1.00] LOG  [AirPosePin] released, peak correction was 1.290m
[  2546   16.735 x1.00] LOG  [YoruVFX] Spin VFX stopped
[  2550   16.768 x1.00] LOG  [ComboTrace] END step=3 clipProgress=0.91 clipLen=0.79s queued=0 elapsed=0.72s
[  2642   17.206 x1.00] LOG  🚶 2-LEG JUMP
[  2642   17.206 x1.00] LOG  🐾 Jump 1 VFX spawned!
[  2702   17.593 x1.00] LOG  [ComboTrace] LAUNCH STEP (no enemy) dist=0.90m in 0.13s [AIRBORNE]
[  2702   17.593 x1.00] LOG  [Combat] Aerial spin, 25 dmg
[  2702   17.593 x1.00] LOG  [YoruVFX] Air spin VFX spawned at CenterVFX. PS found: True
[  2702   17.593 x1.00] LOG  [AirPosePin] engaged, holding body at 1.773m above the transform
[  2717   17.719 x1.00] LOG  [ComboTrace] LAUNCH RESULT wanted=0.90m actually moved=0.96m, completed
[  2789   18.141 x1.00] LOG  💨 Landing VFX spawned!
[  2789   18.141 x1.00] LOG  ✅ LANDED! (was jump #1)
[  2789   18.141 x1.00] LOG  [AirPosePin] released, peak correction was 0.989m
[  2817   18.276 x1.00] LOG  [YoruVFX] Spin VFX stopped
[  2822   18.306 x1.00] LOG  [ComboTrace] END step=3 clipProgress=0.90 clipLen=0.79s queued=0 elapsed=0.71s
[  2942   18.880 x1.00] LOG  🚶 2-LEG JUMP
[  2942   18.880 x1.00] LOG  🐾 Jump 1 VFX spawned!
[  3020   19.347 x1.00] LOG  [ComboTrace] LAUNCH STEP (no enemy) dist=0.90m in 0.13s [AIRBORNE]
[  3020   19.347 x1.00] LOG  [Combat] Aerial spin, 25 dmg
[  3020   19.347 x1.00] LOG  [YoruVFX] Air spin VFX spawned at CenterVFX. PS found: True
[  3020   19.347 x1.00] LOG  [AirPosePin] engaged, holding body at 2.040m above the transform
[  3035   19.481 x1.00] LOG  [ComboTrace] LAUNCH RESULT wanted=0.90m actually moved=0.96m, completed
[  3091   19.821 x1.00] LOG  💨 Landing VFX spawned!
[  3091   19.821 x1.00] LOG  ✅ LANDED! (was jump #1)
[  3091   19.821 x1.00] LOG  [AirPosePin] released, peak correction was 1.256m
[  3131   20.030 x1.00] LOG  [YoruVFX] Spin VFX stopped
[  3139   20.059 x1.00] LOG  [ComboTrace] END step=3 clipProgress=0.90 clipLen=0.79s queued=0 elapsed=0.71s
[  3267   20.649 x1.00] LOG  🚶 2-LEG JUMP
[  3267   20.649 x1.00] LOG  🐾 Jump 1 VFX spawned!
[  3329   20.987 x1.00] LOG  [ComboTrace] LAUNCH STEP (no enemy) dist=0.90m in 0.13s [AIRBORNE]
[  3329   20.987 x1.00] LOG  [Combat] Aerial spin, 25 dmg
[  3329   20.987 x1.00] LOG  [YoruVFX] Air spin VFX spawned at CenterVFX. PS found: True
[  3329   20.987 x1.00] LOG  [AirPosePin] engaged, holding body at 1.652m above the transform
[  3343   21.121 x1.00] LOG  [ComboTrace] LAUNCH RESULT wanted=0.90m actually moved=0.96m, completed
[  3416   21.579 x1.00] LOG  💨 Landing VFX spawned!
[  3416   21.579 x1.00] LOG  ✅ LANDED! (was jump #1)
[  3416   21.579 x1.00] LOG  [AirPosePin] released, peak correction was 0.879m
[  3433   21.669 x1.00] LOG  [YoruVFX] Spin VFX stopped
[  3439   21.710 x1.00] LOG  [ComboTrace] END step=3 clipProgress=0.91 clipLen=0.79s queued=0 elapsed=0.72s
[  3480   21.905 x1.00] LOG  🚶 2-LEG JUMP
[  3480   21.905 x1.00] LOG  🐾 Jump 1 VFX spawned!
[  3574   22.462 x1.00] LOG  [ComboTrace] LAUNCH STEP (no enemy) dist=0.90m in 0.13s [AIRBORNE]
[  3574   22.462 x1.00] LOG  [Combat] Aerial spin, 25 dmg
[  3574   22.462 x1.00] LOG  [YoruVFX] Air spin VFX spawned at CenterVFX. PS found: True
[  3574   22.462 x1.00] LOG  [AirPosePin] engaged, holding body at 1.943m above the transform
[  3588   22.584 x1.00] LOG  [ComboTrace] LAUNCH RESULT wanted=0.90m actually moved=0.95m, completed
[  3628   22.840 x1.00] LOG  💨 Landing VFX spawned!
[  3628   22.840 x1.00] LOG  ✅ LANDED! (was jump #1)
[  3628   22.840 x1.00] LOG  [AirPosePin] released, peak correction was 1.160m
[  3680   23.146 x1.00] LOG  [YoruVFX] Spin VFX stopped
[  3688   23.176 x1.00] LOG  [ComboTrace] END step=3 clipProgress=0.90 clipLen=0.79s queued=0 elapsed=0.71s
[  3764   23.530 x1.00] LOG  🚶 2-LEG JUMP
[  3764   23.530 x1.00] LOG  🐾 Jump 1 VFX spawned!
[  3811   23.839 x1.00] LOG  [ComboTrace] LAUNCH STEP (no enemy) dist=0.90m in 0.13s [AIRBORNE]
[  3811   23.839 x1.00] LOG  [Combat] Aerial spin, 25 dmg
[  3811   23.839 x1.00] LOG  [YoruVFX] Air spin VFX spawned at CenterVFX. PS found: True
[  3811   23.839 x1.00] LOG  [AirPosePin] engaged, holding body at 1.390m above the transform
[  3825   23.966 x1.00] LOG  [ComboTrace] LAUNCH RESULT wanted=0.90m actually moved=0.95m, completed
[  3902   24.459 x1.00] LOG  💨 Landing VFX spawned!
[  3902   24.459 x1.00] LOG  ✅ LANDED! (was jump #1)
[  3902   24.459 x1.00] LOG  [AirPosePin] released, peak correction was 0.625m
[  3915   24.522 x1.00] LOG  [YoruVFX] Spin VFX stopped
[  3920   24.551 x1.00] LOG  [ComboTrace] END step=3 clipProgress=0.90 clipLen=0.79s queued=0 elapsed=0.71s
[  4084   25.311 x1.00] LOG  🚶 2-LEG JUMP
[  4084   25.311 x1.00] LOG  🐾 Jump 1 VFX spawned!
[  4135   25.602 x1.00] LOG  [ComboTrace] LAUNCH STEP (no enemy) dist=0.90m in 0.13s [AIRBORNE]
[  4135   25.602 x1.00] LOG  [Combat] Aerial spin, 25 dmg
[  4135   25.602 x1.00] LOG  [YoruVFX] Air spin VFX spawned at CenterVFX. PS found: True
[  4135   25.602 x1.00] LOG  [AirPosePin] engaged, holding body at 1.258m above the transform
[  4150   25.728 x1.00] LOG  [ComboTrace] LAUNCH RESULT wanted=0.90m actually moved=0.95m, completed
[  4237   26.239 x1.00] LOG  💨 Landing VFX spawned!
[  4237   26.239 x1.00] LOG  ✅ LANDED! (was jump #1)
[  4237   26.239 x1.00] LOG  [AirPosePin] released, peak correction was 0.506m
[  4245   26.287 x1.00] LOG  [YoruVFX] Spin VFX stopped
[  4250   26.316 x1.00] LOG  [ComboTrace] END step=3 clipProgress=0.90 clipLen=0.79s queued=0 elapsed=0.71s
[  4422   27.128 x1.00] LOG  🚶 2-LEG JUMP
[  4422   27.128 x1.00] LOG  🐾 Jump 1 VFX spawned!
[  4516   27.703 x1.00] LOG  [ComboTrace] LAUNCH STEP (no enemy) dist=0.90m in 0.13s [AIRBORNE]
[  4516   27.703 x1.00] LOG  [Combat] Aerial spin, 25 dmg
[  4516   27.703 x1.00] LOG  [YoruVFX] Air spin VFX spawned at CenterVFX. PS found: True
[  4516   27.703 x1.00] LOG  [AirPosePin] engaged, holding body at 2.469m above the transform
[  4531   27.843 x1.00] LOG  [ComboTrace] LAUNCH RESULT wanted=0.90m actually moved=0.96m, completed
[  4568   28.062 x1.00] LOG  💨 Landing VFX spawned!
[  4568   28.062 x1.00] LOG  ✅ LANDED! (was jump #1)
[  4568   28.062 x1.00] LOG  [AirPosePin] released, peak correction was 1.686m
[  4634   28.388 x1.00] LOG  [YoruVFX] Spin VFX stopped
[  4640   28.417 x1.00] LOG  [ComboTrace] END step=3 clipProgress=0.90 clipLen=0.79s queued=0 elapsed=0.71s
[  4722   28.829 x1.00] LOG  🚶 2-LEG JUMP
[  4722   28.829 x1.00] LOG  🐾 Jump 1 VFX spawned!
[  4795   29.280 x1.00] LOG  [ComboTrace] LAUNCH STEP (no enemy) dist=0.90m in 0.13s [AIRBORNE]
[  4795   29.280 x1.00] LOG  [Combat] Aerial spin, 25 dmg
[  4795   29.280 x1.00] LOG  [YoruVFX] Air spin VFX spawned at CenterVFX. PS found: True
[  4795   29.280 x1.00] LOG  [AirPosePin] engaged, holding body at 1.720m above the transform
[  4810   29.409 x1.00] LOG  [ComboTrace] LAUNCH RESULT wanted=0.90m actually moved=0.95m, completed
[  4872   29.760 x1.00] LOG  💨 Landing VFX spawned!
[  4872   29.760 x1.00] LOG  ✅ LANDED! (was jump #1)
[  4872   29.760 x1.00] LOG  [AirPosePin] released, peak correction was 0.936m
[  4914   29.968 x1.00] LOG  [YoruVFX] Spin VFX stopped
[  4920   29.992 x1.00] LOG  [ComboTrace] END step=3 clipProgress=0.90 clipLen=0.79s queued=0 elapsed=0.71s
[  5478   32.600 x1.00] LOG  [StormWeather] terrain layers restored to dry values.
# end — 226 lines
