# Oni combat log — 2026-09-11 07:31:06
# Unity 6000.2.7f2 | scene 'CaveScene_Oni_Boss1' | platform OSXEditor
# columns: [frame realSeconds timeScale] KIND message      (KIND: LOG WARN ERR EXC TEL)
#
[     0    0.000 x1.00] LOG  [OniLog] console + telemetry → /Users/asenahazal/Documents/Yoru/OniLogs/oni_2026-09-11_07-31-06.log
[     0    0.000 x1.00] LOG  [RingMesh] Auto-found 11/11 left, 11/11 right meshes
[     1    0.000 x1.00] LOG  [BossBar] BossHealthBarUI initialized
[     1    0.000 x1.00] LOG  [StormWeather] layer 'TerrainLayer_Dirt_01' dry smoothness=0.00 (restore to this if a crash ever leaves it wet)
[     1    0.000 x1.00] LOG  [StormWeather] post volumes ready on layer 9 (storm priority 10, flash priority 11).
[     1    0.000 x1.00] LOG  [StormWeather] ROUND 80: fur weather ready on 'Weather Zone'. Rain 0, wind 0.50 in the open, sky check 30 m from 'PlayerYoru_1.1'.
[     1    0.000 x1.00] LOG  [StormWeather] COZY bridge: Rain_Cave retired, COZY owns the rain now.
[     1    0.000 x1.00] LOG  [StormWeather] COZY → 'Clear' (pre-fight - open sky, 0 s)
[     1    0.000 x1.00] LOG  [StormWeather] Ready. Open sky, dry floor. Waiting for the fight.
[     1    0.000 x1.00] LOG  OniBoss initialized with 500 HP
[     1    0.000 x1.00] LOG  [OniBoss] ANIMATOR SETUP: cullingMode=CullUpdateTransforms updateMode=Normal applyRootMotion=False speed=1
[     1    0.000 x1.00] LOG  [OniBoss] Initialized
[     1    0.000 x1.00] LOG  [OniBoss:Layer] facing: minFlat 1m, snapOnAttack off, trackInHitReact off
[     1    0.000 x1.00] LOG  [OniBoss:Layer] Yoru launch model ON: launches ALL THE WAY to an enemy within 4.7m of its surface at 10m/s (stop gap 0.00m, NO minimum distance), else steps 0.90m forward. Targeting cone left exactly as her prefab has it.
[     1    0.000 x1.00] LOG  [OniBoss:Layer] Yoru launch ROUND 9: airborne attacks launch too (ON), edge probe now runs on its OWN layer mask (Everything) instead of the line-of-sight mask - the Ground-only mask found no floor in this cave and was cancelling 100% of launches at 0.00m travelled.
[     1    0.000 x1.00] LOG  [OniBoss:Layer] animator speed x1.35 — his 1.13s swing now plays in 0.84s.
[     1    0.000 x1.00] LOG  [OniBoss:Layer] chase speed pushed: phase1 4.5, phase2 5.5 (Yoru runs at 7).
[     1    0.000 x1.00] LOG  [OniBoss:Layer] ground wave ON (round 38): half the club's damage on TOUCH, 12m/s x 6.0m from 1.6m in front at 0.35m height — a club hit cancels that swing's wave, jumping clears it. Per-attack effects come from the Swing Wave VFX By Attack rows. PlayerHealth found, PlayerMovement found.
[     1    0.000 x1.00] LOG  [StormWeather] storm break HELD (waiting for the lightning beat)
[     1    0.000 x1.00] LOG  [OniBoss:Layer] storm break HELD — it releases at the lightning-on-the-club beat.
[     1    0.000 x1.00] LOG  [OniBoss:Layer] club tracking ON — tip 'Kanabo3' (depth 4), shaft root 'kanabo'.
[     1    0.000 x1.00] LOG  [OniBoss:Layer] skinned meshes: 46 renderer(s), updateWhenOffscreen ON, body renderer 'Body' rootBone 'Hips'
[     1    0.000 x1.00] LOG  [OniBoss:Layer] charge travel bone: 'Hips' at depth 1 under 'OniBoss', rest local (0.00, 3.24, -0.24)
[     1    0.000 x1.00] LOG  [OniBoss:Layer] anti-kite ON: thrown swing after 4s of failed chase (within 7.6m), charge after 6s.
[     1    0.000 x1.00] LOG  [OniBoss:Layer] charge drive ON (windup to 0.40 at x1.3, rush 14m/s stops at 2.6m, steers 0.35s then commits, strike section from 0.58, strike moment 0.76, trail VFX off)
[     1    0.000 x1.00] LOG  [OniBoss:Layer] attack armor ON (his swings are not interrupted by light/medium hits; heavy hits and rapid-hit bursts still stop him)
[     1    0.000 x1.00] LOG  [OniBoss:Layer] strike moments overridden: Club_Swing=0.42 ClubSwing2=0.32 ClubSlam=0.85 KanaboSweep=0.48
[     1    0.000 x1.00] LOG  [OniBoss:Layer] club TOUCH hits ON (radius 0.70m, min tip speed 50m/s, armed from 0.20 of the clip): Club_Swing ClubSwing2 ClubSlam KanaboSweep. First touch wins — club full damage, wave half, one hit per swing.
[     1    0.000 x1.00] LOG  [OniBoss:Layer] combo damage ramp ON: mid x1.25, finisher x1.50 — finisher wave carries FULL damage at x2.0 size, x2.0 travel.
[     1    0.000 x1.00] LOG  [OniBoss:Layer] charge follow-up ON: 90 % of solo charges chain into a random melee finisher.
[     1    0.000 x1.00] LOG  [OniBoss:Layer] hold-ground ON (backstep 1.5m @ 1.6m/s after own attacks, watch 'Watch', attack facing LOCKED)
[     1    0.000 x1.00] LOG  [OniBoss:Layer] OniBoss layer ready (reactions, wake-on-hit, watch stance, boss bar). player=found
[     1    0.000 x1.00] LOG  [OniBoss:Layer] charge clip 'Oni Charge.fbx' imports with Root Motion Node = None (in place) — good.
[     1    0.000 x1.00] LOG  [OniBoss:Layer] clips importing with Root Transform Position (Y) NOT baked into pose (12): Oni_Alert(Oni Alert), Club_Slam(Oni Club Slam), Club_Swing(Oni Club Swing), Club_swing2(Oni Club Swing 2), Death(Oni Death Kneel), Hit_react_light(Oni Hit react lighter light), KanaboSweep(Oni Kanabo sweep), Phase_Transition(Oni Phase transition), run(Oni Run), Walk(Oni Walk), Watch(Oni Watch), Idle(Oni Idle) — their hips' up/down motion is stripped (see round notes; optional).
[     1    0.000 x1.00] LOG  === VFX MANAGER INITIALIZED ===
[     1    0.000 x1.00] LOG  Auto-detect animations: False
[     1    0.000 x1.00] LOG  Parent effects to tail: True
[     1    0.000 x1.00] LOG  Prefabs: Jump=True, Land=True, LTail=True, RTail=True
[     1    0.000 x1.00] LOG  ✅ Left Tail Tip: LeftTailVFX
[     1    0.000 x1.00] LOG  ✅ Right Tail Tip: RightTailTip_Anchor
[     1    0.000 x1.00] LOG  [VolumetricFogController] applyPresets is OFF in this scene. The Volumetric Fog component keeps its hand-set inspector values.
[     1    0.000 x1.00] LOG  [TailAirShot] Ready. drawState=RightTail_Fast castParam=TailCastSpeed (found)
  arrow leaves: PlayerYoru_1.1/Cat_All_10_Tails_v4/Group/DeformationSystem/root/Root_M/Tail15_R/Tail151_R/Tail152_R/Tail153_R/Tail154_R/Tail155_R/Tail156_R/Tail157_R/Tail158_R/Tail159_R/Tail1510_R/Tail1511_R/Tail1512_R/Tail6_R/Tail6_R_end/Tail6_R_end_end/Tail6_R_end_end_end/RightTailTip_Anchor
  aim VFX: PlayerYoru_1.1/Cat_All_10_Tails_v4/Group/DeformationSystem/root/Root_M/Tail15_R/Tail151_R/Tail152_R/Tail153_R/Tail154_R/Tail155_R/Tail156_R/Tail157_R/Tail158_R/Tail159_R/Tail1510_R/Tail1511_R/Tail1512_R/Tail6_R/Tail6_R_end/Tail6_R_end_end/Tail6_R_end_end_end/RightTailTip_Anchor/vfx_Muzzle_Fireball01Blue
[     1    0.000 x1.00] LOG  [RingMesh] VFX Status:
[     1    0.000 x1.00] LOG    Left: Prefab=✓, Spawn=Tail6_L_end_end_end
[     1    0.000 x1.00] LOG    Right: Prefab=✓, Spawn=Tail6_R_end_end_end
[     1    0.000 x1.00] LOG  [TailAirShot4Leg] Ready. drawState=shoot_4Leg castParam=Shoot4LegSpeed (found) readyFrame=5 fireFrame=10 frames=24 slowBudget=3s real damageMultiplier=2.00
  arrow leaves: PlayerYoru_1.1/Cat_All_10_Tails_v4/Group/DeformationSystem/root/Root_M/Tail15_R/Tail151_R/Tail152_R/Tail153_R/Tail154_R/Tail155_R/Tail156_R/Tail157_R/Tail158_R/Tail159_R/Tail1510_R/Tail1511_R/Tail1512_R/Tail6_R/Tail6_R_end/Tail6_R_end_end/Tail6_R_end_end_end/RightTailTip_Anchor
  aim VFX left:  PlayerYoru_1.1/Cat_All_10_Tails_v4/Group/DeformationSystem/root/Root_M/Tail15_L/Tail151_L/Tail152_L/Tail153_L/Tail154_L/Tail155_L/Tail156_L/Tail157_L/Tail158_L/Tail159_L/Tail1510_L/Tail1511_L/Tail1512_L/Tail6_L/Tail6_L_end/Tail6_L_end_end/Tail6_L_end_end_end/LeftTailTip_Anchor/Glow_4Leg_L
  aim VFX right: PlayerYoru_1.1/Cat_All_10_Tails_v4/Group/DeformationSystem/root/Root_M/Tail15_R/Tail151_R/Tail152_R/Tail153_R/Tail154_R/Tail155_R/Tail156_R/Tail157_R/Tail158_R/Tail159_R/Tail1510_R/Tail1511_R/Tail1512_R/Tail6_R/Tail6_R_end/Tail6_R_end_end/Tail6_R_end_end_end/RightTailTip_Anchor/Glow_4Leg_R
[     1    0.000 x1.00] LOG  [PlayerCombat] Phase 2 form gate CONNECTED (FormController found on this GameObject).
[     1    0.000 x1.00] LOG  [Combat] PlayerCombat initialized, Phase 3C v27
[     1    0.000 x1.00] LOG  [CameraGameFeel] CameraGameFeel initialized (shake + FOV)
[     1    1.805 x1.00] LOG  [OniBoss] Playing animation: Idle
[     1    1.805 x1.00] LOG  [OniBoss:Layer] watch stance ON (player 13.4m)
[    90    2.574 x1.00] LOG  💨 Landing VFX spawned!
[    90    2.574 x1.00] LOG  ✅ LANDED! (was jump #0)
[   619    4.887 x1.00] LOG  🐾 4-LEG JUMP #0
[   619    4.887 x1.00] LOG  🐾 Jump 1 VFX spawned!
[   723    5.388 x1.00] LOG  [TailAirShot] entry refused: this airtime is not a 2 leg jump | y=1.90 ts=1.00 fdt=0.0200
[   723    5.388 x0.10] LOG  [TailAirShot4Leg] ENTER 4 leg, slow on for up to 3s real, waiting for the fire button, drawState=shoot_4Leg | y=1.90 ts=0.10 fdt=0.0020
[   723    5.388 x0.10] LOG  [AirPosePin] engaged, holding body at 2.202m above the transform
[   828    5.900 x0.10] LOG  [TailAirShot4Leg] DRAW started | y=1.88 ts=0.10 fdt=0.0020
[   863    6.077 x0.10] LOG  [TailAirShot4Leg] READY, frozen on frame 5 | y=1.86 ts=0.10 fdt=0.0020
[   953    6.527 x1.00] LOG  [TailAirShot4Leg] CANCEL (R released on ready pose), no arrow | y=1.77 ts=1.00 fdt=0.0200
[   953    6.527 x1.00] LOG  [AirPosePin] released, peak correction was 1.431m
[  1014    6.827 x1.00] LOG  💨 Landing VFX spawned!
[  1014    6.827 x1.00] LOG  ✅ LANDED! (was jump #1)
[  1102    7.236 x1.00] LOG  🚶 2-LEG JUMP
[  1102    7.236 x1.00] LOG  🐾 Jump 1 VFX spawned!
[  1164    7.531 x0.10] LOG  [TailAirShot] ENTER, slow on, waiting for RMB, drawState=RightTail_Fast | y=1.58 ts=0.10 fdt=0.0020
[  1164    7.531 x0.10] LOG  [TailAirShot4Leg] entry refused: this airtime is not a 4 leg jump | y=1.58 ts=0.10 fdt=0.0020
[  1164    7.531 x0.10] LOG  [AirPosePin] engaged, holding body at 1.565m above the transform
[  1189    7.646 x0.10] LOG  [PlayerCombat] Combat input BLOCKED during tail air shot.
[  1209    7.744 x1.00] LOG  [TailAirShot] EXIT (R released, nothing drawn) | y=1.66 ts=1.00 fdt=0.0200
[  1209    7.744 x1.00] LOG  [AirPosePin] released, peak correction was -0.109m
[  1214    7.775 x1.00] LOG  [ComboTrace] LAUNCH OniBoss at 3.5m dist=3.20m in 0.32s (capped short) [AIRBORNE]
[  1214    7.775 x1.00] LOG  [Combat] Aerial spin, 25 dmg
[  1214    7.775 x1.00] LOG  [AirPosePin] engaged, holding body at 1.573m above the transform
[  1245    7.927 x1.00] LOG  OniBoss took 10 damage. HP: 490/500
[  1245    7.927 x1.00] LOG  [OniBoss] 🤕 Hit during LostSoul — flash only
[  1245    7.927 x1.00] LOG  [OniBoss] LostSoul → Alert
[  1245    7.927 x1.00] LOG  [OniBoss] Playing animation: Oni_Alert
[  1245    7.927 x1.00] LOG  [OniBoss] Became HOSTILE
[  1245    7.927 x1.00] LOG  [OniBoss:Layer] woken by damage (10) — back attacks count.
[  1245    7.927 x1.00] LOG  [CameraGameFeel] Shake: intensity=0.50 duration=0.200s
[  1245    7.927 x1.00] LOG  [CameraGameFeel] FOV punch: hit light (+1.5°)
[  1246    7.935 x1.00] LOG  [StormWeather] COZY → 'Yoru_Oni_Phase1_Storm' (fight engaged - storm rolls in, 0 s)
[  1246    7.935 x1.00] LOG  [StormWeather] FIGHT STARTED (he engaged) - storm on, floor starts to soak.
[  1246    7.935 x1.00] LOG  [BossBar] Showing bar for: Oni (490/500)
[  1246    7.935 x1.00] LOG  [OniBoss:Layer] boss bar shown
[  1271    8.078 x1.00] LOG  OniBoss took 10 damage. HP: 480/500
[  1271    8.078 x1.00] LOG  [OniBoss] 🤕 Hit during Alert — flash only
[  1271    8.078 x1.00] LOG  [CameraGameFeel] Shake: intensity=0.18 duration=0.200s
[  1274    8.093 x1.00] LOG  [ComboTrace] LAUNCH RESULT wanted=3.20m actually moved=3.07m, completed
[  1298    8.228 x1.00] LOG  OniBoss took 10 damage. HP: 470/500
[  1298    8.228 x1.00] LOG  [OniBoss] 🤕 Hit during Alert — flash only
[  1298    8.228 x1.00] LOG  [CameraGameFeel] Shake: intensity=0.18 duration=0.200s
[  1298    8.228 x1.00] LOG  [StormWeather] fur: rain reaching the coat (intensity 0.01, follows floor wetness).
[  1322    8.344 x1.00] LOG  💨 Landing VFX spawned!
[  1322    8.344 x1.00] LOG  ✅ LANDED! (was jump #1)
[  1322    8.344 x1.00] LOG  [AirPosePin] released, peak correction was 0.788m
[  1328    8.381 x1.00] LOG  OniBoss took 10 damage. HP: 460/500
[  1328    8.381 x1.00] LOG  [OniBoss] 🤕 Hit during Alert — flash only
[  1328    8.381 x1.00] LOG  [OniBoss] Alert → Stagger
[  1328    8.381 x1.00] LOG  [OniBoss] Playing animation: Stagger
[  1328    8.381 x1.00] LOG  [OniBoss] STAGGERED for 2.5s
[  1328    8.381 x1.00] LOG  [OniBoss:Layer] heavy knock-back react (swirl burst, 3 hits / 30 dmg) → 'HitReact_Heavy', down for 1.80s
[  1328    8.381 x1.00] LOG  [OniBoss:Layer] burst: 3 hits / 30 dmg inside 0.8s → knock-back + 0.90m push
[  1328    8.381 x1.00] LOG  [CameraGameFeel] Shake: intensity=0.18 duration=0.200s
[  1356    8.528 x1.00] LOG  [ComboTrace] END step=3 clipProgress=0.90 clipLen=0.79s queued=0 elapsed=0.75s
[  1397    8.734 x1.00] LOG  [StormWeather] storm post weight -> 0.40
[  1685   10.184 x1.00] LOG  [OniBoss] Stagger → Chase
[  1686   10.188 x1.00] LOG  [OniBoss] Pull-band decision: RUN-IN (dist 6.3m, pullRange 0m, chance 0.50)
[  1686   10.188 x1.00] LOG  [OniBoss] Playing animation: run
[  2481   14.185 x1.00] LOG  [OniBoss] chase punish: 4s of failed chase — throwing ClubSlam from 5.9m so the wave flies at her.
[  2481   14.185 x1.00] LOG  [OniBoss] Chase → Attack
[  2481   14.185 x1.00] LOG  [OniBoss] Attack: ClubSlam (20 dmg)
[  2481   14.185 x1.00] LOG  [OniBoss:Trail] ClubSlam trail START at clip 1.00 (transition done).
[  2575   14.615 x1.00] LOG  [CameraGameFeel] Shake: intensity=0.50 duration=0.400s
[  2575   14.615 x1.00] LOG  [Combat] Hit react: HitReact_Heavy_2Leg (0.9s, clip starts at 0.35s)
[  2575   14.615 x1.00] LOG  [CameraGameFeel] Shake: intensity=0.60 duration=0.200s
[  2575   14.615 x1.00] LOG  [CameraGameFeel] FOV punch: player damage (-3.0°)
[  2575   14.615 x1.00] LOG  [OniBoss] Hit player for 20 (ClubSlam)
[  2575   14.615 x1.00] LOG  [OniBoss:Touch] ClubSlam: club TOUCHED Yoru at clip 0.46 — shaft 0.63m from her body line, tip speed 98m/s. Full club hit delivered this frame.
[  2576   14.623 x1.00] LOG  [HitReactTrace] asked for 'HitReact_Heavy_2Leg' (0.90s, clip start 0.35s): NOT playing it, another state took the combat layer, blend resolved after 8 ms, state 1.00s long at speed 1.00, now at 6.08s, layer weight 1.00, animator.speed 1.00.
[  2650   14.978 x1.00] LOG  [OniBoss:ClubPos] ClubSlam at strike: club tip 0.53m up, 2.91m in front, -0.12m to his right (2.91m out from his centre). Club faces 8deg from his forward, pitch -0.26. (the ground wave is born 1.6m in front of him at 0.35m.)
[  2650   14.978 x1.00] LOG  [OniBoss:Layer] ClubSlam: club already hit — ground wave released as VISUAL only (0 damage).
[  2674   15.115 x1.00] LOG  [OniBoss] Attack → Recovery
[  2674   15.115 x1.00] LOG  [OniBoss] Playing animation: Watch
[  2674   15.115 x1.00] LOG  [OniBoss:Trail] trail END at clip 0.99, fading over 0.40s.
[  2674   15.115 x1.00] LOG  [OniBoss:Strike] ClubSlam: club tip closest to Yoru at 0.72m, clip position 0.48 | damage fires at 0.85 | clip 0.93s => damage fires 341 ms AFTER the club is closest — it lands once the club has passed her
[  2703   15.266 x1.00] LOG  [OniBoss] Recovery → Chase
[  2704   15.269 x1.00] LOG  [OniBoss] Playing animation: run
[  2801   15.773 x1.00] LOG  [OniBoss] hold-ground: BACKSTEP 1.5m (player 3.5m)
[  2999   16.718 x1.00] LOG  [OniBoss] hold-ground: backstep done (1.51m), WATCH (player 4.0m, cooldown 0.3s)
[  2999   16.718 x1.00] LOG  [OniBoss] Playing animation: Watch
[  3071   17.067 x1.00] LOG  [OniBoss] hold-ground: cooldown over, player 4.0m > 3.5m — APPROACH
[  3071   17.067 x1.00] LOG  [OniBoss] Playing animation: Walk
[  3177   17.613 x1.00] LOG  [OniBoss] Combo started: ClubSwing1 → ClubSwing2 → ClubSlam (3 steps remaining)
[  3177   17.613 x1.00] LOG  [OniBoss] Chase → Attack
[  3177   17.613 x1.00] LOG  [OniBoss] Attack: Club_Swing (16 dmg)
[  3177   17.613 x1.00] LOG  [OniBoss:Trail] Club_Swing trail START at clip 0.29 (transition done).
[  3179   17.622 x1.00] LOG  [OniBoss:Layer] step-in: 'Club_Swing' closed 0.07m, Yoru now 3.0m away (range 3.5)
[  3245   17.970 x1.00] LOG  [OniBoss:ClubPos] Club_Swing at strike: club tip 3.02m up, 2.66m in front, -2.87m to his right (3.91m out from his centre). Club faces -79deg from his forward, pitch 0.40. (the ground wave is born 1.6m in front of him at 0.35m.)
[  3245   17.970 x1.00] LOG  [OniBoss:Layer] Club_Swing: club has not connected — ground wave released ARMED, 1.6m in front, 12m/s x 6.0m = 0.50s, carrying 8 (half of the club's 16).
[  3246   17.974 x1.00] LOG  [Combat] Hit react: HitReact_Light_2Leg (0.5s, clip starts at 0.35s)
[  3246   17.974 x1.00] LOG  [CameraGameFeel] Shake: intensity=0.30 duration=0.200s
[  3246   17.974 x1.00] LOG  [CameraGameFeel] FOV punch: player damage (-2.0°)
[  3246   17.974 x1.00] LOG  [OniBoss:Wave] wave TOUCHED Yoru (grounded) for 8 after 0.1m / 0.00s of travel.
[  3251   17.996 x1.00] LOG  [HitReactTrace] asked for 'HitReact_Light_2Leg' (0.50s, clip start 0.35s): playing it, blend resolved after 21 ms, state 1.21s long at speed 1.00, now at 0.37s, layer weight 1.00, animator.speed 1.00.
[  3338   18.456 x1.00] LOG  [OniBoss] Attack → Recovery
[  3338   18.456 x1.00] LOG  [OniBoss] Playing animation: Watch
[  3338   18.456 x1.00] LOG  [OniBoss:Trail] trail END at clip 1.00, fading over 0.40s.
[  3338   18.456 x1.00] LOG  [OniBoss:Strike] Club_Swing: club tip closest to Yoru at 1.49m, clip position 0.91 | damage fires at 0.42 | clip 0.84s => damage fires 413 ms BEFORE the club is closest
[  3369   18.616 x1.00] LOG  [OniBoss] Recovery → Attack
[  3369   18.616 x1.00] LOG  [OniBoss] Attack: ClubSwing2 (16 dmg)
[  3369   18.616 x1.00] LOG  [OniBoss:Trail] ClubSwing2 trail START at clip 1.00 (transition still blending).
[  3444   18.954 x1.00] LOG  [CameraGameFeel] Shake: intensity=0.20 duration=0.250s
[  3444   18.954 x1.00] LOG  [Combat] Hit react: HitReact_Light_2Leg (0.5s, clip starts at 0.35s)
[  3444   18.954 x1.00] LOG  [CameraGameFeel] Shake: intensity=0.30 duration=0.200s
[  3444   18.954 x1.00] LOG  [CameraGameFeel] FOV punch: player damage (-2.0°)
[  3444   18.954 x1.00] LOG  [OniBoss] Hit player for 20 (ClubSwing2) [combo x1.25]
[  3444   18.954 x1.00] LOG  [OniBoss:Touch] ClubSwing2: club TOUCHED Yoru at clip 0.29 — shaft 0.63m from her body line, tip speed 100m/s, ONE FRAME EARLY (predicted). Full club hit delivered this frame.
[  3445   18.959 x1.00] LOG  [HitReactTrace] asked for 'HitReact_Light_2Leg' (0.50s, clip start 0.35s): NOT playing it, another state took the combat layer, blend resolved after 5 ms, state 1.00s long at speed 1.00, now at 0.48s, layer weight 1.00, animator.speed 1.00.
[  3455   19.007 x1.00] LOG  [OniBoss:ClubPos] ClubSwing2 at strike: club tip 0.19m up, 1.61m in front, 2.66m to his right (3.10m out from his centre). Club faces 16deg from his forward, pitch -0.89. (the ground wave is born 1.6m in front of him at 0.35m.)
[  3455   19.007 x1.00] LOG  [OniBoss:Layer] ClubSwing2: club already hit — ground wave released as VISUAL only (0 damage).
[  3622   19.780 x1.00] LOG  [OniBoss] Attack → Recovery
[  3622   19.780 x1.00] LOG  [OniBoss] Playing animation: Watch
[  3622   19.780 x1.00] LOG  [OniBoss:Trail] trail END at clip 0.99, fading over 0.40s.
[  3622   19.780 x1.00] LOG  [OniBoss:Strike] ClubSwing2: club tip closest to Yoru at 0.39m, clip position 0.30 | damage fires at 0.32 | clip 1.17s => MATCHED (within one or two frames)
[  3655   19.936 x1.00] LOG  [OniBoss] Recovery → Attack
[  3655   19.936 x1.00] LOG  [OniBoss] Attack: ClubSlam (20 dmg)
[  3655   19.936 x1.00] LOG  [OniBoss:Trail] ClubSlam trail START at clip 1.00 (transition still blending).
[  3736   20.343 x1.00] LOG  [CameraGameFeel] Shake: intensity=0.50 duration=0.400s
[  3736   20.343 x1.00] LOG  [Combat] Hit react: HitReact_Heavy_2Leg (0.9s, clip starts at 0.35s)
[  3736   20.343 x1.00] LOG  [CameraGameFeel] Shake: intensity=0.60 duration=0.200s
[  3736   20.343 x1.00] LOG  [CameraGameFeel] FOV punch: player damage (-3.0°)
[  3736   20.343 x1.00] LOG  [OniBoss] Hit player for 30 (ClubSlam) [combo x1.50]
[  3736   20.343 x1.00] LOG  [OniBoss:Touch] ClubSlam: club TOUCHED Yoru at clip 0.44 — shaft 0.41m from her body line, tip speed 118m/s, ONE FRAME EARLY (predicted). Full club hit delivered this frame.
[  3737   20.349 x1.00] LOG  [HitReactTrace] asked for 'HitReact_Heavy_2Leg' (0.90s, clip start 0.35s): NOT playing it, another state took the combat layer, blend resolved after 6 ms, state 1.00s long at speed 1.00, now at 0.89s, layer weight 1.00, animator.speed 1.00.
[  3813   20.731 x1.00] LOG  [OniBoss:ClubPos] ClubSlam at strike: club tip 0.58m up, 2.90m in front, -0.22m to his right (2.91m out from his centre). Club faces 5deg from his forward, pitch -0.25. (the ground wave is born 1.6m in front of him at 0.35m.)
[  3813   20.731 x1.00] LOG  [OniBoss:Layer] ClubSlam: club already hit — ground wave released as VISUAL only (0 damage), finisher size x2.0.
[  3838   20.859 x1.00] LOG  [OniBoss] Attack → Recovery
[  3838   20.859 x1.00] LOG  [OniBoss] Playing animation: Watch
[  3838   20.859 x1.00] LOG  [OniBoss:Trail] trail END at clip 0.99, fading over 0.40s.
[  3838   20.859 x1.00] LOG  [OniBoss:Strike] ClubSlam: club tip closest to Yoru at 0.12m, clip position 0.85 | damage fires at 0.85 | clip 0.93s => MATCHED (within one or two frames)
[  3870   21.010 x1.00] LOG  [OniBoss] Recovery → Chase
[  3871   21.014 x1.00] LOG  [OniBoss] hold-ground: BACKSTEP 1.5m (player 3.0m)
[  4043   21.840 x1.00] LOG  [OniBoss] hold-ground: backstep done (1.32m), WATCH (player 4.3m, cooldown 1.0s)
[  4043   21.840 x1.00] LOG  [OniBoss] Playing animation: Watch
[  4205   22.606 x1.00] LOG  [Combat] Combo 1: 10 dmg
[  4205   22.606 x1.00] LOG  [ComboTrace] START step=1 state='Combo1' queued=0 target='OniBoss' at 6.8m
[  4205   22.606 x1.00] LOG  [ComboTrace] LAUNCH OniBoss at 3.0m dist=2.99m in 0.30s
[  4247   22.814 x1.00] LOG  [OniBoss] Combo started: ClubSwing1 → ClubSwing2 → ClubSlam (3 steps remaining)
[  4247   22.814 x1.00] LOG  [OniBoss] Chase → Attack
[  4247   22.814 x1.00] LOG  [OniBoss] Attack: Club_Swing (16 dmg)
[  4247   22.814 x1.00] LOG  [OniBoss:Trail] Club_Swing trail START at clip 0.63 (transition done).
[  4264   22.909 x1.00] LOG  [ComboTrace] LAUNCH RESULT wanted=2.99m actually moved=2.34m, completed
[  4314   23.131 x1.00] LOG  [CameraGameFeel] Shake: intensity=0.20 duration=0.250s
[  4314   23.131 x1.00] LOG  [Combat] Hit react: HitReact_Light_2Leg (0.5s, clip starts at 0.35s)
[  4314   23.131 x1.00] LOG  [CameraGameFeel] Shake: intensity=0.30 duration=0.200s
[  4314   23.131 x1.00] LOG  [CameraGameFeel] FOV punch: player damage (-2.0°)
[  4314   23.131 x1.00] LOG  [OniBoss] Hit player for 16 (Club_Swing)
[  4314   23.131 x1.00] LOG  [OniBoss:Touch] Club_Swing: club TOUCHED Yoru at clip 0.38 — shaft 0.60m from her body line, tip speed 172m/s, ONE FRAME EARLY (predicted). Full club hit delivered this frame.
[  4315   23.137 x1.00] LOG  [HitReactTrace] asked for 'HitReact_Light_2Leg' (0.50s, clip start 0.35s): NOT playing it, another state took the combat layer, blend resolved after 6 ms, state 1.23s long at speed 1.60, now at 0.52s, layer weight 1.00, animator.speed 1.00.
[  4323   23.171 x1.00] LOG  [OniBoss:ClubPos] Club_Swing at strike: club tip 3.02m up, 2.76m in front, -2.80m to his right (3.94m out from his centre). Club faces -77deg from his forward, pitch 0.40. (the ground wave is born 1.6m in front of him at 0.35m.)
[  4323   23.171 x1.00] LOG  [OniBoss:Layer] Club_Swing: club already hit — ground wave released as VISUAL only (0 damage).
[  4427   23.657 x1.00] LOG  [OniBoss] Attack → Recovery
[  4427   23.657 x1.00] LOG  [OniBoss] Playing animation: Watch
[  4427   23.657 x1.00] LOG  [OniBoss:Trail] trail END at clip 0.99, fading over 0.40s.
[  4427   23.657 x1.00] LOG  [OniBoss:Strike] Club_Swing: club tip closest to Yoru at 0.48m, clip position 0.91 | damage fires at 0.42 | clip 0.84s => damage fires 411 ms BEFORE the club is closest
[  4458   23.809 x1.00] LOG  [OniBoss] Recovery → Attack
[  4458   23.809 x1.00] LOG  [OniBoss] Attack: ClubSwing2 (16 dmg)
[  4458   23.809 x1.00] LOG  [OniBoss:Trail] ClubSwing2 trail START at clip 1.00 (transition still blending).
[  4523   24.135 x1.00] LOG  [CameraGameFeel] Shake: intensity=0.20 duration=0.250s
[  4523   24.135 x1.00] LOG  [Combat] Hit react: HitReact_Light_2Leg (0.5s, clip starts at 0.35s)
[  4523   24.135 x1.00] LOG  [CameraGameFeel] Shake: intensity=0.30 duration=0.200s
[  4523   24.135 x1.00] LOG  [CameraGameFeel] FOV punch: player damage (-2.0°)
[  4523   24.135 x1.00] LOG  [OniBoss] Hit player for 20 (ClubSwing2) [combo x1.25]
[  4523   24.135 x1.00] LOG  [OniBoss:Touch] ClubSwing2: club TOUCHED Yoru at clip 0.28 — shaft 0.68m from her body line, tip speed 90m/s, ONE FRAME EARLY (predicted). Full club hit delivered this frame.
[  4524   24.140 x1.00] LOG  [HitReactTrace] asked for 'HitReact_Light_2Leg' (0.50s, clip start 0.35s): NOT playing it, another state took the combat layer, blend resolved after 5 ms, state 1.00s long at speed 1.00, now at 0.50s, layer weight 1.00, animator.speed 1.00.
[  4536   24.191 x1.00] LOG  [OniBoss:ClubPos] ClubSwing2 at strike: club tip 0.14m up, 1.69m in front, 2.56m to his right (3.07m out from his centre). Club faces 11deg from his forward, pitch -0.88. (the ground wave is born 1.6m in front of him at 0.35m.)
[  4536   24.191 x1.00] LOG  [OniBoss:Layer] ClubSwing2: club already hit — ground wave released as VISUAL only (0 damage).
[  4696   24.982 x1.00] LOG  [OniBoss] Attack → Recovery
[  4696   24.982 x1.00] LOG  [OniBoss] Playing animation: Watch
[  4696   24.982 x1.00] LOG  [OniBoss:Trail] trail END at clip 0.99, fading over 0.40s.
[  4696   24.982 x1.00] LOG  [OniBoss:Strike] ClubSwing2: club tip closest to Yoru at 1.29m, clip position 0.30 | damage fires at 0.32 | clip 1.17s => MATCHED (within one or two frames)
[  4729   25.137 x1.00] LOG  [OniBoss] Recovery → Attack
[  4729   25.137 x1.00] LOG  [OniBoss] Attack: ClubSlam (20 dmg)
[  4729   25.137 x1.00] LOG  [OniBoss:Trail] ClubSlam trail START at clip 1.00 (transition still blending).
[  4807   25.533 x1.00] LOG  [CameraGameFeel] Shake: intensity=0.50 duration=0.400s
[  4807   25.533 x1.00] LOG  [Combat] Hit react: HitReact_Heavy_2Leg (0.9s, clip starts at 0.35s)
[  4807   25.533 x1.00] LOG  [CameraGameFeel] Shake: intensity=0.60 duration=0.200s
[  4807   25.533 x1.00] LOG  [CameraGameFeel] FOV punch: player damage (-3.0°)
[  4807   25.533 x1.00] LOG  [OniBoss] Hit player for 30 (ClubSlam) [combo x1.50]
[  4807   25.533 x1.00] LOG  [OniBoss:Touch] ClubSlam: club TOUCHED Yoru at clip 0.43 — shaft 0.70m from her body line, tip speed 121m/s, ONE FRAME EARLY (predicted). Full club hit delivered this frame.
[  4808   25.539 x1.00] LOG  [HitReactTrace] asked for 'HitReact_Heavy_2Leg' (0.90s, clip start 0.35s): NOT playing it, another state took the combat layer, blend resolved after 6 ms, state 1.00s long at speed 1.00, now at 0.90s, layer weight 1.00, animator.speed 1.00.
[  4891   25.929 x1.00] LOG  [OniBoss:ClubPos] ClubSlam at strike: club tip 0.52m up, 2.91m in front, -0.08m to his right (2.91m out from his centre). Club faces 9deg from his forward, pitch -0.27. (the ground wave is born 1.6m in front of him at 0.35m.)
[  4891   25.929 x1.00] LOG  [OniBoss:Layer] ClubSlam: club already hit — ground wave released as VISUAL only (0 damage), finisher size x2.0.
[  4915   26.063 x1.00] LOG  [OniBoss] Attack → Recovery
[  4915   26.063 x1.00] LOG  [OniBoss] Playing animation: Watch
[  4915   26.063 x1.00] LOG  [OniBoss:Trail] trail END at clip 0.99, fading over 0.40s.
[  4915   26.063 x1.00] LOG  [OniBoss:Strike] ClubSlam: club tip closest to Yoru at 0.15m, clip position 0.94 | damage fires at 0.85 | clip 0.93s => damage fires 83 ms BEFORE the club is closest
[  4942   26.216 x1.00] LOG  [OniBoss] Recovery → Chase
[  4943   26.220 x1.00] LOG  [OniBoss] hold-ground: BACKSTEP 1.5m (player 2.0m)
[  5135   27.161 x1.00] LOG  [OniBoss] hold-ground: backstep done (1.51m), WATCH (player 3.5m, cooldown 0.9s)
[  5135   27.161 x1.00] LOG  [OniBoss] Playing animation: Idle
[  5298   28.019 x1.00] LOG  [OniBoss] Chase → Attack
[  5298   28.019 x1.00] LOG  [OniBoss] Attack: ClubSwing2 (16 dmg)
[  5298   28.019 x1.00] LOG  [OniBoss:Trail] ClubSwing2 trail START at clip 0.55 (transition done).
[  5316   28.120 x1.00] LOG  [OniBoss:Layer] step-in: 'ClubSwing2' closed 0.49m, Yoru now 3.0m away (range 3.5)
[  5366   28.358 x1.00] LOG  [CameraGameFeel] Shake: intensity=0.20 duration=0.250s
[  5366   28.358 x1.00] LOG  [Combat] Hit react: HitReact_Light_2Leg (0.5s, clip starts at 0.35s)
[  5366   28.358 x1.00] LOG  [CameraGameFeel] Shake: intensity=0.30 duration=0.200s
[  5366   28.358 x1.00] LOG  [CameraGameFeel] FOV punch: player damage (-2.0°)
[  5366   28.358 x1.00] LOG  [OniBoss] Hit player for 16 (ClubSwing2)
[  5366   28.358 x1.00] LOG  [OniBoss:Touch] ClubSwing2: club TOUCHED Yoru at clip 0.29 — shaft 0.09m from her body line, tip speed 98m/s, ONE FRAME EARLY (predicted). Full club hit delivered this frame.
[  5367   28.363 x1.00] LOG  [HitReactTrace] asked for 'HitReact_Light_2Leg' (0.50s, clip start 0.35s): NOT playing it, another state took the combat layer, blend resolved after 5 ms, state 1.00s long at speed 1.00, now at 1.95s, layer weight 1.00, animator.speed 1.00.
[  5374   28.404 x1.00] LOG  [OniBoss:ClubPos] ClubSwing2 at strike: club tip 0.18m up, 1.62m in front, 2.64m to his right (3.10m out from his centre). Club faces 15deg from his forward, pitch -0.89. (the ground wave is born 1.6m in front of him at 0.35m.)
[  5374   28.404 x1.00] LOG  [OniBoss:Layer] ClubSwing2: club already hit — ground wave released as VISUAL only (0 damage).
[  5527   29.182 x1.00] LOG  [OniBoss] Attack → Recovery
[  5527   29.182 x1.00] LOG  [OniBoss] Playing animation: Watch
[  5527   29.182 x1.00] LOG  [OniBoss:Trail] trail END at clip 0.99, fading over 0.40s.
[  5527   29.182 x1.00] LOG  [OniBoss:Strike] ClubSwing2: club tip closest to Yoru at 0.39m, clip position 0.30 | damage fires at 0.32 | clip 1.17s => MATCHED (within one or two frames)
[  5556   29.336 x1.00] LOG  [OniBoss] Recovery → Chase
[  5557   29.343 x1.00] LOG  [OniBoss] hold-ground: BACKSTEP 1.5m (player 3.0m)
[  5716   30.168 x1.00] LOG  [OniBoss] hold-ground: backstep done (1.32m), WATCH (player 4.3m, cooldown 1.0s)
[  5716   30.168 x1.00] LOG  [OniBoss] Playing animation: Idle
[  5717   30.174 x1.00] LOG  [OniBoss] Playing animation: Walk
[  5826   30.739 x1.00] LOG  [OniBoss] Playing animation: Idle
[  5908   31.138 x1.00] LOG  [OniBoss] Combo started: ClubSwing1 → ClubSwing2 → ClubSlam (3 steps remaining)
[  5908   31.138 x1.00] LOG  [OniBoss] Chase → Attack
[  5908   31.138 x1.00] LOG  [OniBoss] Attack: Club_Swing (16 dmg)
[  5908   31.138 x1.00] LOG  [OniBoss:Trail] Club_Swing trail START at clip 0.25 (transition done).
[  5979   31.497 x1.00] LOG  [OniBoss:ClubPos] Club_Swing at strike: club tip 3.02m up, 2.49m in front, -2.97m to his right (3.87m out from his centre). Club faces -83deg from his forward, pitch 0.41. (the ground wave is born 1.6m in front of him at 0.35m.)
[  5979   31.497 x1.00] LOG  [OniBoss:Layer] Club_Swing: club has not connected — ground wave released ARMED, 1.6m in front, 12m/s x 6.0m = 0.50s, carrying 8 (half of the club's 16).
[  5987   31.539 x1.00] LOG  [Combat] Hit react: HitReact_Light_2Leg (0.5s, clip starts at 0.35s)
[  5987   31.539 x1.00] LOG  [CameraGameFeel] Shake: intensity=0.30 duration=0.200s
[  5987   31.539 x1.00] LOG  [CameraGameFeel] FOV punch: player damage (-2.0°)
[  5987   31.539 x1.00] LOG  [OniBoss:Wave] wave TOUCHED Yoru (grounded) for 8 after 0.5m / 0.04s of travel.
[  5990   31.556 x1.00] LOG  [HitReactTrace] asked for 'HitReact_Light_2Leg' (0.50s, clip start 0.35s): playing it, blend resolved after 18 ms, state 1.21s long at speed 1.00, now at 0.36s, layer weight 1.00, animator.speed 1.00.
[  6072   31.972 x1.00] LOG  [OniBoss] Attack → Recovery
[  6072   31.972 x1.00] LOG  [OniBoss] Playing animation: Watch
[  6072   31.972 x1.00] LOG  [OniBoss:Trail] trail END at clip 0.99, fading over 0.40s.
[  6072   31.972 x1.00] LOG  [OniBoss:Strike] Club_Swing: club tip closest to Yoru at 1.79m, clip position 0.88 | damage fires at 0.42 | clip 0.84s => damage fires 389 ms BEFORE the club is closest
[  6101   32.128 x1.00] LOG  [OniBoss] Recovery → Attack
[  6101   32.128 x1.00] LOG  [OniBoss] Attack: ClubSwing2 (16 dmg)
[  6101   32.128 x1.00] LOG  [OniBoss:Trail] ClubSwing2 trail START at clip 1.00 (transition still blending).
[  6123   32.255 x1.00] LOG  [OniBoss:Layer] step-in: 'ClubSwing2' closed 0.67m, Yoru now 3.0m away (range 3.5)
[  6127   32.273 x1.00] LOG  [OniBoss:Layer] step-in: 'ClubSwing2' closed 0.71m, Yoru now 3.0m away (range 3.5)
[  6129   32.289 x1.00] LOG  [OniBoss:Layer] step-in: 'ClubSwing2' closed 0.74m, Yoru now 3.0m away (range 3.5)
[  6161   32.448 x1.00] LOG  [CameraGameFeel] Shake: intensity=0.20 duration=0.250s
[  6161   32.448 x1.00] LOG  [HitReactTrace] 4-leg LIGHT hit at 14.22 m/s (running threshold 3.00) => RUNNING reaction.
[  6161   32.448 x1.00] LOG  [CameraGameFeel] Shake: intensity=0.30 duration=0.200s
[  6161   32.448 x1.00] LOG  [CameraGameFeel] FOV punch: player damage (-2.0°)
[  6161   32.448 x1.00] LOG  [Combat] Running hit react: HitReact_Running_4Leg (0.45s then a 0.25s blend back into the run, clip starts at 0.10s, movement NOT blocked)
[  6161   32.448 x1.00] LOG  [OniBoss] Hit player for 20 (ClubSwing2) [combo x1.25]
[  6161   32.448 x1.00] LOG  [OniBoss:Touch] ClubSwing2: club TOUCHED Yoru at clip 0.27 — shaft 0.44m from her body line, tip speed 83m/s, ONE FRAME EARLY (predicted). Full club hit delivered this frame.
[  6173   32.506 x1.00] LOG  [OniBoss:ClubPos] ClubSwing2 at strike: club tip 0.05m up, 1.94m in front, 2.26m to his right (2.98m out from his centre). Club faces -1deg from his forward, pitch -0.87. (the ground wave is born 1.6m in front of him at 0.35m.)
[  6173   32.506 x1.00] LOG  [OniBoss:Layer] ClubSwing2: club already hit — ground wave released as VISUAL only (0 damage).
[  6178   32.532 x1.00] LOG  [HitReactTrace] running flinch 'HitReact_Running_4Leg' on screen 17 frame(s) / 84 ms after the hit, run still moving.
[  6297   33.143 x1.00] LOG  [StormWeather] ⚡ strike at (477.98, 45.00, 442.27)
[  6326   33.299 x1.00] LOG  [OniBoss] Attack → Recovery
[  6326   33.299 x1.00] LOG  [OniBoss] Playing animation: Watch
[  6326   33.299 x1.00] LOG  [OniBoss:Trail] trail END at clip 0.99, fading over 0.40s.
[  6326   33.299 x1.00] LOG  [OniBoss:Strike] ClubSwing2: club tip closest to Yoru at 0.46m, clip position 0.29 | damage fires at 0.32 | clip 1.17s => damage fires 33 ms AFTER the club is closest — it lands once the club has passed her
[  6356   33.454 x1.00] LOG  [OniBoss] Recovery → Attack
[  6356   33.454 x1.00] LOG  [OniBoss] Attack: ClubSlam (20 dmg)
[  6356   33.454 x1.00] LOG  [OniBoss:Trail] ClubSlam trail START at clip 1.00 (transition still blending).
[  6497   34.253 x1.00] LOG  [OniBoss:ClubPos] ClubSlam at strike: club tip 0.69m up, 2.85m in front, -0.47m to his right (2.89m out from his centre). Club faces -2deg from his forward, pitch -0.22. (the ground wave is born 1.6m in front of him at 0.35m.)
[  6497   34.253 x1.00] LOG  [OniBoss:Layer] ClubSlam: club has not connected — ground wave released ARMED, 1.6m in front, 12m/s x 12.0m = 1.00s, COMBO FINISHER: FULL 30 damage, x2.0 size, x2.0 travel.
[  6519   34.378 x1.00] LOG  [OniBoss] Attack → Recovery
[  6519   34.378 x1.00] LOG  [OniBoss] Playing animation: Watch
[  6519   34.378 x1.00] LOG  [OniBoss:Trail] trail END at clip 0.99, fading over 0.40s.
[  6519   34.378 x1.00] LOG  [OniBoss:Touch] ClubSlam: no touch this swing — closest 3.25m at clip 0.46, fastest tip 153m/s (radius 0.70, min speed 50).
[  6519   34.378 x1.00] LOG  [OniBoss:Strike] ClubSlam: club tip closest to Yoru at 3.43m, clip position 0.47 | damage fires at 0.85 | clip 0.93s => damage fires 352 ms AFTER the club is closest — it lands once the club has passed her
[  6535   34.464 x1.00] LOG  [Combat] Hit react: HitReact_Light_2Leg (0.5s, clip starts at 0.35s)
[  6535   34.464 x1.00] LOG  [CameraGameFeel] Shake: intensity=0.30 duration=0.200s
[  6535   34.464 x1.00] LOG  [CameraGameFeel] FOV punch: player damage (-2.0°)
[  6535   34.464 x1.00] LOG  [OniBoss:Wave] wave TOUCHED Yoru (grounded) for 30 after 2.5m / 0.21s of travel.
[  6540   34.494 x1.00] LOG  [HitReactTrace] asked for 'HitReact_Light_2Leg' (0.50s, clip start 0.35s): playing it, blend resolved after 30 ms, state 1.21s long at speed 1.00, now at 0.38s, layer weight 1.00, animator.speed 1.00.
[  6547   34.532 x1.00] LOG  [OniBoss] Recovery → Chase
[  6548   34.539 x1.00] LOG  [OniBoss] Playing animation: run
[  6748   35.624 x1.00] LOG  [OniBoss] hold-ground: BACKSTEP 1.5m (player 3.5m)
[  6924   36.562 x1.00] LOG  [OniBoss] hold-ground: backstep done (1.50m), WATCH (player 3.7m, cooldown 0.0s)
[  6924   36.562 x1.00] LOG  [OniBoss] Playing animation: Idle
[  6925   36.566 x1.00] LOG  [OniBoss] hold-ground: cooldown over, player 3.7m > 3.5m — APPROACH
[  6925   36.566 x1.00] LOG  [OniBoss] Playing animation: Walk
[  7005   36.988 x1.00] LOG  [OniBoss] Combo started: swing1-2 (2 steps remaining)
[  7005   36.988 x1.00] LOG  [OniBoss] Chase → Attack
[  7005   36.988 x1.00] LOG  [OniBoss] Attack: Club_Swing (16 dmg)
[  7005   36.988 x1.00] LOG  [OniBoss:Trail] Club_Swing trail START at clip 0.23 (transition done).
[  7008   37.003 x1.00] LOG  [OniBoss:Layer] step-in: 'Club_Swing' closed 0.08m, Yoru now 3.0m away (range 3.5)
[  7070   37.345 x1.00] LOG  [OniBoss:ClubPos] Club_Swing at strike: club tip 3.02m up, 2.62m in front, -2.89m to his right (3.90m out from his centre). Club faces -80deg from his forward, pitch 0.40. (the ground wave is born 1.6m in front of him at 0.35m.)
[  7070   37.345 x1.00] LOG  [OniBoss:Layer] Club_Swing: club has not connected — ground wave released ARMED, 1.6m in front, 12m/s x 6.0m = 0.50s, carrying 8 (half of the club's 16).
[  7071   37.350 x1.00] LOG  [Combat] Hit react: HitReact_Light_2Leg (0.5s, clip starts at 0.35s)
[  7071   37.350 x1.00] LOG  [CameraGameFeel] Shake: intensity=0.30 duration=0.200s
[  7071   37.350 x1.00] LOG  [CameraGameFeel] FOV punch: player damage (-2.0°)
[  7071   37.350 x1.00] LOG  [OniBoss:Wave] wave TOUCHED Yoru (grounded) for 8 after 0.1m / 0.00s of travel.
[  7076   37.375 x1.00] LOG  [HitReactTrace] asked for 'HitReact_Light_2Leg' (0.50s, clip start 0.35s): playing it, blend resolved after 25 ms, state 1.21s long at speed 1.00, now at 0.37s, layer weight 1.00, animator.speed 1.00.
[  7165   37.830 x1.00] LOG  [OniBoss] Attack → Recovery
[  7165   37.830 x1.00] LOG  [OniBoss] Playing animation: Watch
[  7165   37.830 x1.00] LOG  [OniBoss:Trail] trail END at clip 0.99, fading over 0.40s.
[  7165   37.830 x1.00] LOG  [OniBoss:Strike] Club_Swing: club tip closest to Yoru at 1.50m, clip position 0.91 | damage fires at 0.42 | clip 0.84s => damage fires 410 ms BEFORE the club is closest
[  7195   37.990 x1.00] LOG  [OniBoss] Recovery → Attack
[  7195   37.990 x1.00] LOG  [OniBoss] Attack: ClubSwing2 (16 dmg)
[  7195   37.990 x1.00] LOG  [OniBoss:Trail] ClubSwing2 trail START at clip 1.00 (transition still blending).
[  7260   38.330 x1.00] LOG  [CameraGameFeel] Shake: intensity=0.20 duration=0.250s
[  7260   38.330 x1.00] LOG  [Combat] Hit react: HitReact_Heavy_2Leg (0.9s, clip starts at 0.35s)
[  7260   38.330 x1.00] LOG  [CameraGameFeel] Shake: intensity=0.60 duration=0.200s
[  7260   38.330 x1.00] LOG  [CameraGameFeel] FOV punch: player damage (-3.0°)
[  7260   38.330 x1.00] LOG  [OniBoss] Hit player for 24 (ClubSwing2) [combo x1.50]
[  7260   38.330 x1.00] LOG  [OniBoss:Touch] ClubSwing2: club TOUCHED Yoru at clip 0.29 — shaft 0.66m from her body line, tip speed 102m/s. Full club hit delivered this frame.
[  7261   38.340 x1.00] LOG  [HitReactTrace] asked for 'HitReact_Heavy_2Leg' (0.90s, clip start 0.35s): NOT playing it, another state took the combat layer, blend resolved after 10 ms, state 1.00s long at speed 1.00, now at 0.48s, layer weight 1.00, animator.speed 1.00.
[  7266   38.370 x1.00] LOG  [OniBoss:ClubPos] ClubSwing2 at strike: club tip 0.07m up, 1.86m in front, 2.36m to his right (3.00m out from his centre). Club faces 3deg from his forward, pitch -0.87. (the ground wave is born 1.6m in front of him at 0.35m.)
[  7266   38.370 x1.00] LOG  [OniBoss:Layer] ClubSwing2: club already hit — ground wave released as VISUAL only (0 damage), finisher size x2.0.
[  7427   39.153 x1.00] LOG  [OniBoss] Attack → Recovery
[  7427   39.153 x1.00] LOG  [OniBoss] Playing animation: Watch
[  7427   39.153 x1.00] LOG  [OniBoss:Trail] trail END at clip 0.99, fading over 0.40s.
[  7427   39.153 x1.00] LOG  [OniBoss:Strike] ClubSwing2: club tip closest to Yoru at 0.38m, clip position 0.30 | damage fires at 0.32 | clip 1.17s => MATCHED (within one or two frames)
[  7457   39.303 x1.00] LOG  [OniBoss] Recovery → Chase
[  7458   39.307 x1.00] LOG  [OniBoss] hold-ground: BACKSTEP 1.5m (player 3.0m)
[  7626   40.140 x1.00] LOG  [OniBoss] hold-ground: backstep done (1.32m), WATCH (player 4.3m, cooldown 1.0s)
[  7626   40.140 x1.00] LOG  [OniBoss] Playing animation: Watch
[  7627   40.144 x1.00] LOG  [OniBoss] Playing animation: Walk
[  7734   40.704 x1.00] LOG  [OniBoss] Playing animation: Watch
[  7815   41.107 x1.00] LOG  [OniBoss] hold-ground: cooldown over, player 3.8m > 3.5m — APPROACH
[  7815   41.107 x1.00] LOG  [OniBoss] Playing animation: Walk
[  7909   41.581 x1.00] LOG  [OniBoss] Combo started: swing1-2 (2 steps remaining)
[  7909   41.581 x1.00] LOG  [OniBoss] Chase → Attack
[  7909   41.581 x1.00] LOG  [OniBoss] Attack: Club_Swing (16 dmg)
[  7909   41.581 x1.00] LOG  [OniBoss:Trail] Club_Swing trail START at clip 0.25 (transition done).
[  7910   41.590 x1.00] LOG  [OniBoss:Layer] step-in: 'Club_Swing' closed 0.06m, Yoru now 3.0m away (range 3.5)
[  7978   41.940 x1.00] LOG  [OniBoss:ClubPos] Club_Swing at strike: club tip 3.02m up, 2.37m in front, -3.02m to his right (3.84m out from his centre). Club faces -85deg from his forward, pitch 0.41. (the ground wave is born 1.6m in front of him at 0.35m.)
[  7978   41.940 x1.00] LOG  [OniBoss:Layer] Club_Swing: club has not connected — ground wave released ARMED, 1.6m in front, 12m/s x 6.0m = 0.50s, carrying 8 (half of the club's 16).
[  7979   41.945 x1.00] LOG  [Combat] Hit react: HitReact_Light_2Leg (0.5s, clip starts at 0.35s)
[  7979   41.945 x1.00] LOG  [CameraGameFeel] Shake: intensity=0.30 duration=0.200s
[  7979   41.945 x1.00] LOG  [CameraGameFeel] FOV punch: player damage (-2.0°)
[  7979   41.945 x1.00] LOG  [OniBoss:Wave] wave TOUCHED Yoru (grounded) for 8 after 0.1m / 0.00s of travel.
[  7983   41.965 x1.00] LOG  [HitReactTrace] asked for 'HitReact_Light_2Leg' (0.50s, clip start 0.35s): playing it, blend resolved after 20 ms, state 1.21s long at speed 1.00, now at 0.37s, layer weight 1.00, animator.speed 1.00.
[  8070   42.415 x1.00] LOG  [OniBoss] Attack → Recovery
[  8070   42.415 x1.00] LOG  [OniBoss] Playing animation: Watch
[  8070   42.415 x1.00] LOG  [OniBoss:Trail] trail END at clip 0.99, fading over 0.40s.
[  8070   42.415 x1.00] LOG  [OniBoss:Strike] Club_Swing: club tip closest to Yoru at 1.49m, clip position 0.91 | damage fires at 0.42 | clip 0.84s => damage fires 412 ms BEFORE the club is closest
[  8099   42.571 x1.00] LOG  [OniBoss] Recovery → Attack
[  8099   42.571 x1.00] LOG  [OniBoss] Attack: ClubSwing2 (16 dmg)
[  8099   42.571 x1.00] LOG  [OniBoss:Trail] ClubSwing2 trail START at clip 1.00 (transition still blending).
[  8165   42.911 x1.00] LOG  [CameraGameFeel] Shake: intensity=0.20 duration=0.250s
[  8165   42.911 x1.00] LOG  [Combat] Hit react: HitReact_Heavy_2Leg (0.9s, clip starts at 0.35s)
[  8165   42.911 x1.00] LOG  [CameraGameFeel] Shake: intensity=0.60 duration=0.200s
[  8165   42.911 x1.00] LOG  [CameraGameFeel] FOV punch: player damage (-3.0°)
[  8165   42.911 x1.00] LOG  [OniBoss] Hit player for 24 (ClubSwing2) [combo x1.50]
[  8165   42.911 x1.00] LOG  [OniBoss:Touch] ClubSwing2: club TOUCHED Yoru at clip 0.29 — shaft 0.42m from her body line, tip speed 102m/s, ONE FRAME EARLY (predicted). Full club hit delivered this frame.
[  8166   42.915 x1.00] LOG  [HitReactTrace] asked for 'HitReact_Heavy_2Leg' (0.90s, clip start 0.35s): NOT playing it, another state took the combat layer, blend resolved after 5 ms, state 1.00s long at speed 1.00, now at 0.46s, layer weight 1.00, animator.speed 1.00.
[  8171   42.952 x1.00] LOG  [OniBoss:ClubPos] ClubSwing2 at strike: club tip 0.11m up, 1.76m in front, 2.48m to his right (3.04m out from his centre). Club faces 7deg from his forward, pitch -0.88. (the ground wave is born 1.6m in front of him at 0.35m.)
[  8171   42.952 x1.00] LOG  [OniBoss:Layer] ClubSwing2: club already hit — ground wave released as VISUAL only (0 damage), finisher size x2.0.
[  8271   43.740 x1.00] LOG  [OniBoss] Attack → Recovery
[  8271   43.740 x1.00] LOG  [OniBoss] Playing animation: Watch
[  8271   43.740 x1.00] LOG  [OniBoss:Trail] trail END at clip 0.99, fading over 0.40s.
[  8271   43.740 x1.00] LOG  [OniBoss:Strike] ClubSwing2: club tip closest to Yoru at 0.42m, clip position 0.30 | damage fires at 0.32 | clip 1.17s => MATCHED (within one or two frames)
[  8303   43.892 x1.00] LOG  [OniBoss] Recovery → Chase
[  8304   43.896 x1.00] LOG  [OniBoss] hold-ground: BACKSTEP 1.5m (player 3.0m)
[  8470   44.723 x1.00] LOG  [OniBoss] hold-ground: backstep done (1.32m), WATCH (player 4.3m, cooldown 1.0s)
[  8470   44.723 x1.00] LOG  [OniBoss] Playing animation: Idle
[  8671   45.694 x1.00] LOG  [OniBoss] hold-ground: cooldown over, player 4.3m > 3.5m — APPROACH
[  8671   45.694 x1.00] LOG  [OniBoss] Playing animation: Walk
[  8813   46.402 x1.00] LOG  [OniBoss] Combo started: ClubSwing1 → ClubSwing2 → ClubSlam (3 steps remaining)
[  8813   46.402 x1.00] LOG  [OniBoss] Chase → Attack
[  8813   46.402 x1.00] LOG  [OniBoss] Attack: Club_Swing (16 dmg)
[  8813   46.402 x1.00] LOG  [OniBoss:Trail] Club_Swing trail START at clip 0.38 (transition done).
[  8817   46.416 x1.00] LOG  [OniBoss:Layer] step-in: 'Club_Swing' closed 0.06m, Yoru now 3.0m away (range 3.5)
[  8886   46.760 x1.00] LOG  [OniBoss:ClubPos] Club_Swing at strike: club tip 3.02m up, 2.63m in front, -2.89m to his right (3.90m out from his centre). Club faces -80deg from his forward, pitch 0.40. (the ground wave is born 1.6m in front of him at 0.35m.)
[  8886   46.760 x1.00] LOG  [OniBoss:Layer] Club_Swing: club has not connected — ground wave released ARMED, 1.6m in front, 12m/s x 6.0m = 0.50s, carrying 8 (half of the club's 16).
[  8887   46.765 x1.00] LOG  [Combat] Hit react: HitReact_Light_2Leg (0.5s, clip starts at 0.35s)
[  8887   46.765 x1.00] LOG  [CameraGameFeel] Shake: intensity=0.30 duration=0.200s
[  8887   46.765 x1.00] LOG  [CameraGameFeel] FOV punch: player damage (-2.0°)
[  8887   46.765 x1.00] LOG  [OniBoss:Wave] wave TOUCHED Yoru (grounded) for 8 after 0.1m / 0.00s of travel.
[  8891   46.785 x1.00] LOG  [HitReactTrace] asked for 'HitReact_Light_2Leg' (0.50s, clip start 0.35s): playing it, blend resolved after 21 ms, state 1.21s long at speed 1.00, now at 0.37s, layer weight 1.00, animator.speed 1.00.
[  8978   47.235 x1.00] LOG  [OniBoss] Attack → Recovery
[  8978   47.235 x1.00] LOG  [OniBoss] Playing animation: Watch
[  8978   47.235 x1.00] LOG  [OniBoss:Trail] trail END at clip 0.99, fading over 0.40s.
[  8978   47.235 x1.00] LOG  [OniBoss:Strike] Club_Swing: club tip closest to Yoru at 1.49m, clip position 0.91 | damage fires at 0.42 | clip 0.84s => damage fires 412 ms BEFORE the club is closest
[  9003   47.357 x1.00] LOG  [StormWeather] ⚡ strike at (472.60, 45.00, 449.20)
[  9010   47.391 x1.00] LOG  [OniBoss] Recovery → Attack
[  9010   47.391 x1.00] LOG  [OniBoss] Attack: ClubSwing2 (16 dmg)
[  9010   47.391 x1.00] LOG  [OniBoss:Trail] ClubSwing2 trail START at clip 1.00 (transition still blending).
[  9076   47.732 x1.00] LOG  [CameraGameFeel] Shake: intensity=0.20 duration=0.250s
[  9076   47.732 x1.00] LOG  [Combat] Hit react: HitReact_Light_2Leg (0.5s, clip starts at 0.35s)
[  9076   47.732 x1.00] LOG  [CameraGameFeel] Shake: intensity=0.30 duration=0.200s
[  9076   47.732 x1.00] LOG  [CameraGameFeel] FOV punch: player damage (-2.0°)
[  9076   47.732 x1.00] LOG  [OniBoss] Hit player for 20 (ClubSwing2) [combo x1.25]
[  9076   47.732 x1.00] LOG  [OniBoss:Touch] ClubSwing2: club TOUCHED Yoru at clip 0.29 — shaft 0.65m from her body line, tip speed 102m/s. Full club hit delivered this frame.
[  9077   47.736 x1.00] LOG  [HitReactTrace] asked for 'HitReact_Light_2Leg' (0.50s, clip start 0.35s): NOT playing it, another state took the combat layer, blend resolved after 4 ms, state 1.00s long at speed 1.00, now at 0.46s, layer weight 1.00, animator.speed 1.00.
[  9084   47.772 x1.00] LOG  [OniBoss:ClubPos] ClubSwing2 at strike: club tip 0.05m up, 1.93m in front, 2.28m to his right (2.98m out from his centre). Club faces -1deg from his forward, pitch -0.87. (the ground wave is born 1.6m in front of him at 0.35m.)
[  9084   47.772 x1.00] LOG  [OniBoss:Layer] ClubSwing2: club already hit — ground wave released as VISUAL only (0 damage).
[  9238   48.551 x1.00] LOG  [OniBoss] Attack → Recovery
[  9238   48.551 x1.00] LOG  [OniBoss] Playing animation: Watch
[  9238   48.551 x1.00] LOG  [OniBoss:Trail] trail END at clip 0.99, fading over 0.40s.
[  9238   48.551 x1.00] LOG  [OniBoss:Strike] ClubSwing2: club tip closest to Yoru at 0.39m, clip position 0.30 | damage fires at 0.32 | clip 1.17s => MATCHED (within one or two frames)
[  9268   48.703 x1.00] LOG  [OniBoss] Recovery → Attack
[  9268   48.703 x1.00] LOG  [OniBoss] Attack: ClubSlam (20 dmg)
[  9268   48.703 x1.00] LOG  [OniBoss:Trail] ClubSlam trail START at clip 1.00 (transition still blending).
[  9349   49.119 x1.00] LOG  [CameraGameFeel] Shake: intensity=0.50 duration=0.400s
[  9349   49.119 x1.00] LOG  [Combat] Hit react: HitReact_Heavy_2Leg (0.9s, clip starts at 0.35s)
[  9349   49.119 x1.00] LOG  [CameraGameFeel] Shake: intensity=0.60 duration=0.200s
[  9349   49.119 x1.00] LOG  [CameraGameFeel] FOV punch: player damage (-3.0°)
[  9349   49.119 x1.00] LOG  [OniBoss] Hit player for 30 (ClubSlam) [combo x1.50]
[  9349   49.119 x1.00] LOG  [OniBoss:Touch] ClubSlam: club TOUCHED Yoru at clip 0.45 — shaft 0.55m from her body line, tip speed 111m/s, ONE FRAME EARLY (predicted). Full club hit delivered this frame.
[  9350   49.123 x1.00] LOG  [HitReactTrace] asked for 'HitReact_Heavy_2Leg' (0.90s, clip start 0.35s): NOT playing it, another state took the combat layer, blend resolved after 4 ms, state 1.00s long at speed 1.00, now at 0.89s, layer weight 1.00, animator.speed 1.00.
[  9422   49.496 x1.00] LOG  [OniBoss:ClubPos] ClubSlam at strike: club tip 0.56m up, 2.90m in front, -0.18m to his right (2.91m out from his centre). Club faces 6deg from his forward, pitch -0.25. (the ground wave is born 1.6m in front of him at 0.35m.)
[  9422   49.496 x1.00] LOG  [OniBoss:Layer] ClubSlam: club already hit — ground wave released as VISUAL only (0 damage), finisher size x2.0.
[  9449   49.631 x1.00] LOG  [OniBoss] Attack → Recovery
[  9449   49.631 x1.00] LOG  [OniBoss] Playing animation: Watch
[  9449   49.631 x1.00] LOG  [OniBoss:Trail] trail END at clip 0.99, fading over 0.40s.
[  9449   49.631 x1.00] LOG  [OniBoss:Strike] ClubSlam: club tip closest to Yoru at 0.21m, clip position 0.85 | damage fires at 0.85 | clip 0.93s => MATCHED (within one or two frames)
[  9481   49.781 x1.00] LOG  [OniBoss] Recovery → Chase
[  9482   49.785 x1.00] LOG  [OniBoss] hold-ground: BACKSTEP 1.5m (player 3.0m)
[  9653   50.608 x1.00] LOG  [OniBoss] hold-ground: backstep done (1.32m), WATCH (player 4.3m, cooldown 1.0s)
[  9653   50.608 x1.00] LOG  [OniBoss] Playing animation: Idle
[  9851   51.582 x1.00] LOG  [OniBoss] hold-ground: cooldown over, player 4.3m > 3.5m — APPROACH
[  9851   51.582 x1.00] LOG  [OniBoss] Playing animation: Walk
[  9991   52.282 x1.00] LOG  [OniBoss] Combo started: ClubSwing1 → ClubSwing2 → ClubSlam (3 steps remaining)
[  9991   52.282 x1.00] LOG  [OniBoss] Chase → Attack
[  9991   52.282 x1.00] LOG  [OniBoss] Attack: Club_Swing (16 dmg)
[  9991   52.282 x1.00] LOG  [OniBoss:Trail] Club_Swing trail START at clip 0.37 (transition done).
[  9993   52.298 x1.00] LOG  [OniBoss:Layer] step-in: 'Club_Swing' closed 0.06m, Yoru now 3.0m away (range 3.5)
[ 10052   52.602 x1.00] LOG  [CameraGameFeel] Shake: intensity=0.20 duration=0.250s
[ 10052   52.602 x1.00] LOG  [Combat] Hit react: HitReact_Light_2Leg (0.5s, clip starts at 0.35s)
[ 10052   52.602 x1.00] LOG  [CameraGameFeel] Shake: intensity=0.30 duration=0.200s
[ 10052   52.602 x1.00] LOG  [CameraGameFeel] FOV punch: player damage (-2.0°)
[ 10052   52.602 x1.00] LOG  [OniBoss] Hit player for 16 (Club_Swing)
[ 10052   52.602 x1.00] LOG  [OniBoss:Touch] Club_Swing: club TOUCHED Yoru at clip 0.38 — shaft 0.58m from her body line, tip speed 170m/s, ONE FRAME EARLY (predicted). Full club hit delivered this frame.
[ 10053   52.607 x1.00] LOG  [HitReactTrace] asked for 'HitReact_Light_2Leg' (0.50s, clip start 0.35s): NOT playing it, another state took the combat layer, blend resolved after 4 ms, state 1.00s long at speed 1.00, now at 2.62s, layer weight 1.00, animator.speed 1.00.
[ 10061   52.643 x1.00] LOG  [OniBoss:ClubPos] Club_Swing at strike: club tip 3.02m up, 2.55m in front, -2.93m to his right (3.88m out from his centre). Club faces -81deg from his forward, pitch 0.40. (the ground wave is born 1.6m in front of him at 0.35m.)
[ 10061   52.643 x1.00] LOG  [OniBoss:Layer] Club_Swing: club already hit — ground wave released as VISUAL only (0 damage).
[ 10151   53.116 x1.00] LOG  [OniBoss] Attack → Recovery
[ 10151   53.116 x1.00] LOG  [OniBoss] Playing animation: Watch
[ 10151   53.116 x1.00] LOG  [OniBoss:Trail] trail END at clip 0.99, fading over 0.40s.
[ 10151   53.116 x1.00] LOG  [OniBoss:Strike] Club_Swing: club tip closest to Yoru at 1.50m, clip position 0.91 | damage fires at 0.42 | clip 0.84s => damage fires 409 ms BEFORE the club is closest
[ 10181   53.266 x1.00] LOG  [OniBoss] Recovery → Attack
[ 10181   53.266 x1.00] LOG  [OniBoss] Attack: ClubSwing2 (16 dmg)
[ 10181   53.266 x1.00] LOG  [OniBoss:Trail] ClubSwing2 trail START at clip 1.00 (transition still blending).
[ 10245   53.601 x1.00] LOG  [CameraGameFeel] Shake: intensity=0.20 duration=0.250s
[ 10245   53.601 x1.00] LOG  [Combat] Hit react: HitReact_Light_2Leg (0.5s, clip starts at 0.35s)
[ 10245   53.601 x1.00] LOG  [CameraGameFeel] Shake: intensity=0.30 duration=0.200s
[ 10245   53.601 x1.00] LOG  [CameraGameFeel] FOV punch: player damage (-2.0°)
[ 10245   53.601 x1.00] LOG  [OniBoss] Hit player for 20 (ClubSwing2) [combo x1.25]
[ 10245   53.601 x1.00] LOG  [OniBoss:Touch] ClubSwing2: club TOUCHED Yoru at clip 0.29 — shaft 0.47m from her body line, tip speed 94m/s, ONE FRAME EARLY (predicted). Full club hit delivered this frame.
[ 10246   53.606 x1.00] LOG  [HitReactTrace] asked for 'HitReact_Light_2Leg' (0.50s, clip start 0.35s): NOT playing it, another state took the combat layer, blend resolved after 4 ms, state 1.00s long at speed 1.00, now at 0.50s, layer weight 1.00, animator.speed 1.00.
[ 10255   53.652 x1.00] LOG  [OniBoss:ClubPos] ClubSwing2 at strike: club tip 0.11m up, 1.78m in front, 2.46m to his right (3.03m out from his centre). Club faces 7deg from his forward, pitch -0.88. (the ground wave is born 1.6m in front of him at 0.35m.)
[ 10255   53.652 x1.00] LOG  [OniBoss:Layer] ClubSwing2: club already hit — ground wave released as VISUAL only (0 damage).
[ 10408   54.442 x1.00] LOG  [OniBoss] Attack → Recovery
[ 10408   54.442 x1.00] LOG  [OniBoss] Playing animation: Watch
[ 10408   54.442 x1.00] LOG  [OniBoss:Trail] trail END at clip 1.00, fading over 0.40s.
[ 10408   54.442 x1.00] LOG  [OniBoss:Strike] ClubSwing2: club tip closest to Yoru at 0.40m, clip position 0.30 | damage fires at 0.32 | clip 1.17s => MATCHED (within one or two frames)
[ 10439   54.593 x1.00] LOG  [OniBoss] Recovery → Attack
[ 10439   54.593 x1.00] LOG  [OniBoss] Attack: ClubSlam (20 dmg)
[ 10439   54.593 x1.00] LOG  [OniBoss:Trail] ClubSlam trail START at clip 1.00 (transition still blending).
[ 10522   55.008 x1.00] LOG  [CameraGameFeel] Shake: intensity=0.50 duration=0.400s
[ 10522   55.008 x1.00] LOG  [Combat] Hit react: HitReact_Heavy_2Leg (0.9s, clip starts at 0.35s)
[ 10522   55.008 x1.00] LOG  [CameraGameFeel] Shake: intensity=0.60 duration=0.200s
[ 10522   55.008 x1.00] LOG  [CameraGameFeel] FOV punch: player damage (-3.0°)
[ 10522   55.008 x1.00] LOG  [OniBoss] Hit player for 30 (ClubSlam) [combo x1.50]
[ 10522   55.008 x1.00] LOG  [OniBoss:Touch] ClubSlam: club TOUCHED Yoru at clip 0.45 — shaft 0.57m from her body line, tip speed 111m/s, ONE FRAME EARLY (predicted). Full club hit delivered this frame.
[ 10523   55.013 x1.00] LOG  [HitReactTrace] asked for 'HitReact_Heavy_2Leg' (0.90s, clip start 0.35s): NOT playing it, another state took the combat layer, blend resolved after 5 ms, state 1.00s long at speed 1.00, now at 0.91s, layer weight 1.00, animator.speed 1.00.
[ 10595   55.394 x1.00] LOG  [OniBoss:ClubPos] ClubSlam at strike: club tip 0.58m up, 2.90m in front, -0.22m to his right (2.91m out from his centre). Club faces 5deg from his forward, pitch -0.25. (the ground wave is born 1.6m in front of him at 0.35m.)
[ 10595   55.394 x1.00] LOG  [OniBoss:Layer] ClubSlam: club already hit — ground wave released as VISUAL only (0 damage), finisher size x2.0.
[ 10619   55.515 x1.00] LOG  [OniBoss] Attack → Recovery
[ 10619   55.515 x1.00] LOG  [OniBoss] Playing animation: Watch
[ 10619   55.515 x1.00] LOG  [OniBoss:Trail] trail END at clip 0.99, fading over 0.40s.
[ 10619   55.515 x1.00] LOG  [OniBoss:Strike] ClubSlam: club tip closest to Yoru at 0.12m, clip position 0.85 | damage fires at 0.85 | clip 0.93s => MATCHED (within one or two frames)
[ 10647   55.666 x1.00] LOG  [OniBoss] Recovery → Chase
[ 10648   55.673 x1.00] LOG  [OniBoss] hold-ground: BACKSTEP 1.5m (player 3.0m)
[ 10811   56.497 x1.00] LOG  [OniBoss] hold-ground: backstep done (1.32m), WATCH (player 4.3m, cooldown 1.0s)
[ 10811   56.497 x1.00] LOG  [OniBoss] Playing animation: Watch
[ 11014   57.468 x1.00] LOG  [OniBoss] hold-ground: cooldown over, player 4.3m > 3.5m — APPROACH
[ 11014   57.468 x1.00] LOG  [OniBoss] Playing animation: Walk
[ 11160   58.174 x1.00] LOG  [OniBoss] Combo started: swing1-2 (2 steps remaining)
[ 11160   58.174 x1.00] LOG  [OniBoss] Chase → Attack
[ 11160   58.174 x1.00] LOG  [OniBoss] Attack: Club_Swing (16 dmg)
[ 11160   58.174 x1.00] LOG  [OniBoss:Trail] Club_Swing trail START at clip 0.38 (transition done).
[ 11162   58.194 x1.00] LOG  [OniBoss:Layer] step-in: 'Club_Swing' closed 0.06m, Yoru now 3.0m away (range 3.5)
[ 11231   58.534 x1.00] LOG  [OniBoss:ClubPos] Club_Swing at strike: club tip 3.02m up, 2.66m in front, -2.87m to his right (3.91m out from his centre). Club faces -79deg from his forward, pitch 0.40. (the ground wave is born 1.6m in front of him at 0.35m.)
[ 11231   58.534 x1.00] LOG  [OniBoss:Layer] Club_Swing: club has not connected — ground wave released ARMED, 1.6m in front, 12m/s x 6.0m = 0.50s, carrying 8 (half of the club's 16).
[ 11232   58.544 x1.00] LOG  [Combat] Hit react: HitReact_Light_2Leg (0.5s, clip starts at 0.35s)
[ 11232   58.544 x1.00] LOG  [CameraGameFeel] Shake: intensity=0.30 duration=0.200s
[ 11232   58.544 x1.00] LOG  [CameraGameFeel] FOV punch: player damage (-2.0°)
[ 11232   58.544 x1.00] LOG  [OniBoss:Wave] wave TOUCHED Yoru (grounded) for 8 after 0.1m / 0.01s of travel.
[ 11234   58.558 x1.00] LOG  [HitReactTrace] asked for 'HitReact_Light_2Leg' (0.50s, clip start 0.35s): playing it, blend resolved after 14 ms, state 1.21s long at speed 1.00, now at 0.36s, layer weight 1.00, animator.speed 1.00.
[ 11323   59.008 x1.00] LOG  [OniBoss] Attack → Recovery
[ 11323   59.008 x1.00] LOG  [OniBoss] Playing animation: Watch
[ 11323   59.008 x1.00] LOG  [OniBoss:Trail] trail END at clip 0.99, fading over 0.40s.
[ 11323   59.008 x1.00] LOG  [OniBoss:Strike] Club_Swing: club tip closest to Yoru at 1.51m, clip position 0.91 | damage fires at 0.42 | clip 0.84s => damage fires 408 ms BEFORE the club is closest
[ 11354   59.163 x1.00] LOG  [OniBoss] Recovery → Attack
[ 11354   59.163 x1.00] LOG  [OniBoss] Attack: ClubSwing2 (16 dmg)
[ 11354   59.163 x1.00] LOG  [OniBoss:Trail] ClubSwing2 trail START at clip 1.00 (transition still blending).
[ 11420   59.501 x1.00] LOG  [CameraGameFeel] Shake: intensity=0.20 duration=0.250s
[ 11420   59.501 x1.00] LOG  [Combat] Hit react: HitReact_Heavy_2Leg (0.9s, clip starts at 0.35s)
[ 11420   59.501 x1.00] LOG  [CameraGameFeel] Shake: intensity=0.60 duration=0.200s
[ 11420   59.501 x1.00] LOG  [CameraGameFeel] FOV punch: player damage (-3.0°)
[ 11420   59.501 x1.00] LOG  [OniBoss] Hit player for 24 (ClubSwing2) [combo x1.50]
[ 11420   59.501 x1.00] LOG  [OniBoss:Touch] ClubSwing2: club TOUCHED Yoru at clip 0.29 — shaft 0.58m from her body line, tip speed 100m/s, ONE FRAME EARLY (predicted). Full club hit delivered this frame.
[ 11421   59.505 x1.00] LOG  [HitReactTrace] asked for 'HitReact_Heavy_2Leg' (0.90s, clip start 0.35s): NOT playing it, another state took the combat layer, blend resolved after 4 ms, state 1.00s long at speed 1.00, now at 0.45s, layer weight 1.00, animator.speed 1.00.
[ 11428   59.546 x1.00] LOG  [OniBoss:ClubPos] ClubSwing2 at strike: club tip 0.16m up, 1.65m in front, 2.61m to his right (3.08m out from his centre). Club faces 13deg from his forward, pitch -0.89. (the ground wave is born 1.6m in front of him at 0.35m.)
[ 11428   59.546 x1.00] LOG  [OniBoss:Layer] ClubSwing2: club already hit — ground wave released as VISUAL only (0 damage), finisher size x2.0.
[ 11585   60.327 x1.00] LOG  [OniBoss] Attack → Recovery
[ 11585   60.327 x1.00] LOG  [OniBoss] Playing animation: Watch
[ 11585   60.327 x1.00] LOG  [OniBoss:Trail] trail END at clip 0.99, fading over 0.40s.
[ 11585   60.327 x1.00] LOG  [OniBoss:Strike] ClubSwing2: club tip closest to Yoru at 0.38m, clip position 0.30 | damage fires at 0.32 | clip 1.17s => MATCHED (within one or two frames)
[ 11616   60.484 x1.00] LOG  [OniBoss] Recovery → Chase
[ 11617   60.494 x1.00] LOG  [OniBoss] hold-ground: BACKSTEP 1.5m (player 3.0m)
[ 11784   61.314 x1.00] LOG  [OniBoss] hold-ground: backstep done (1.32m), WATCH (player 4.3m, cooldown 1.0s)
[ 11784   61.314 x1.00] LOG  [OniBoss] Playing animation: Idle
[ 11785   61.317 x1.00] LOG  [OniBoss] Playing animation: Walk
[ 11891   61.884 x1.00] LOG  [OniBoss] Playing animation: Idle
[ 11968   62.285 x1.00] LOG  [OniBoss] hold-ground: cooldown over, player 3.8m > 3.5m — APPROACH
[ 11968   62.285 x1.00] LOG  [OniBoss] Playing animation: Walk
[ 12062   62.751 x1.00] LOG  [OniBoss] Combo started: ClubSwing1 → ClubSwing2 → ClubSlam (3 steps remaining)
[ 12062   62.751 x1.00] LOG  [OniBoss] Chase → Attack
[ 12062   62.751 x1.00] LOG  [OniBoss] Attack: Club_Swing (16 dmg)
[ 12062   62.751 x1.00] LOG  [OniBoss:Trail] Club_Swing trail START at clip 0.25 (transition done).
[ 12065   62.764 x1.00] LOG  [OniBoss:Layer] step-in: 'Club_Swing' closed 0.08m, Yoru now 3.0m away (range 3.5)
[ 12132   63.109 x1.00] LOG  [OniBoss:ClubPos] Club_Swing at strike: club tip 3.02m up, 2.51m in front, -2.95m to his right (3.88m out from his centre). Club faces -82deg from his forward, pitch 0.41. (the ground wave is born 1.6m in front of him at 0.35m.)
[ 12132   63.109 x1.00] LOG  [OniBoss:Layer] Club_Swing: club has not connected — ground wave released ARMED, 1.6m in front, 12m/s x 6.0m = 0.50s, carrying 8 (half of the club's 16).
[ 12133   63.114 x1.00] LOG  [Combat] Hit react: HitReact_Light_2Leg (0.5s, clip starts at 0.35s)
[ 12133   63.114 x1.00] LOG  [CameraGameFeel] Shake: intensity=0.30 duration=0.200s
[ 12133   63.114 x1.00] LOG  [CameraGameFeel] FOV punch: player damage (-2.0°)
[ 12133   63.114 x1.00] LOG  [OniBoss:Wave] wave TOUCHED Yoru (grounded) for 8 after 0.1m / 0.01s of travel.
[ 12137   63.145 x1.00] LOG  [HitReactTrace] asked for 'HitReact_Light_2Leg' (0.50s, clip start 0.35s): playing it, blend resolved after 30 ms, state 1.21s long at speed 1.00, now at 0.37s, layer weight 1.00, animator.speed 1.00.
[ 12222   63.595 x1.00] LOG  [OniBoss] Attack → Recovery
[ 12222   63.595 x1.00] LOG  [OniBoss] Playing animation: Watch
[ 12222   63.595 x1.00] LOG  [OniBoss:Trail] trail END at clip 1.00, fading over 0.40s.
[ 12222   63.595 x1.00] LOG  [OniBoss:Strike] Club_Swing: club tip closest to Yoru at 1.50m, clip position 0.91 | damage fires at 0.42 | clip 0.84s => damage fires 413 ms BEFORE the club is closest
[ 12254   63.748 x1.00] LOG  [OniBoss] Recovery → Attack
[ 12254   63.748 x1.00] LOG  [OniBoss] Attack: ClubSwing2 (16 dmg)
[ 12254   63.748 x1.00] LOG  [OniBoss:Trail] ClubSwing2 trail START at clip 1.00 (transition still blending).
[ 12318   64.084 x1.00] LOG  [CameraGameFeel] Shake: intensity=0.20 duration=0.250s
[ 12318   64.084 x1.00] LOG  [Combat] Hit react: HitReact_Light_2Leg (0.5s, clip starts at 0.35s)
[ 12318   64.084 x1.00] LOG  [CameraGameFeel] Shake: intensity=0.30 duration=0.200s
[ 12318   64.084 x1.00] LOG  [CameraGameFeel] FOV punch: player damage (-2.0°)
[ 12318   64.084 x1.00] LOG  [OniBoss] Hit player for 20 (ClubSwing2) [combo x1.25]
[ 12318   64.084 x1.00] LOG  [OniBoss:Touch] ClubSwing2: club TOUCHED Yoru at clip 0.29 — shaft 0.34m from her body line, tip speed 95m/s, ONE FRAME EARLY (predicted). Full club hit delivered this frame.
[ 12319   64.095 x1.00] LOG  [HitReactTrace] asked for 'HitReact_Light_2Leg' (0.50s, clip start 0.35s): NOT playing it, another state took the combat layer, blend resolved after 11 ms, state 1.00s long at speed 1.00, now at 0.47s, layer weight 1.00, animator.speed 1.00.
[ 12325   64.129 x1.00] LOG  [OniBoss:ClubPos] ClubSwing2 at strike: club tip 0.08m up, 1.83m in front, 2.39m to his right (3.01m out from his centre). Club faces 4deg from his forward, pitch -0.88. (the ground wave is born 1.6m in front of him at 0.35m.)
[ 12325   64.129 x1.00] LOG  [OniBoss:Layer] ClubSwing2: club already hit — ground wave released as VISUAL only (0 damage).
[ 12474   64.914 x1.00] LOG  [OniBoss] Attack → Recovery
[ 12474   64.914 x1.00] LOG  [OniBoss] Playing animation: Watch
[ 12474   64.914 x1.00] LOG  [OniBoss:Trail] trail END at clip 0.99, fading over 0.40s.
[ 12474   64.914 x1.00] LOG  [OniBoss:Strike] ClubSwing2: club tip closest to Yoru at 0.41m, clip position 0.30 | damage fires at 0.32 | clip 1.17s => MATCHED (within one or two frames)
[ 12503   65.073 x1.00] LOG  [OniBoss] Recovery → Attack
[ 12503   65.073 x1.00] LOG  [OniBoss] Attack: ClubSlam (20 dmg)
[ 12503   65.073 x1.00] LOG  [OniBoss:Trail] ClubSlam trail START at clip 1.00 (transition still blending).
[ 12547   65.476 x1.00] LOG  [StormWeather] terrain layers restored to dry values.
# end — 590 lines
