# Oni combat log — 2026-09-23 20:22:03
# Unity 6000.2.7f2 | scene 'CaveScene_Oni_Boss1' | platform OSXEditor
# columns: [frame realSeconds timeScale] KIND message      (KIND: LOG WARN ERR EXC TEL)
#
[     0    0.000 x1.00] LOG  [OniLog] console + telemetry → /Users/asenahazal/Documents/Yoru/OniLogs/oni_2026-09-23_20-22-03.log
[     0    0.000 x1.00] LOG  [OniHairShadows] shadow casting off on 27 hair renderers
[     0    0.000 x1.00] LOG  [RingMesh] Auto-found 11/11 left, 11/11 right meshes
[     1    0.000 x1.00] LOG  [GameOver] ready (sumi-e): PlayerCombat found, ink shader ok, paper set, kanji set, font YujiSyuku-Regular SDF, Main Menu faint (no scene set)
[     1    0.000 x1.00] LOG  [Pause] ready: key Escape, paper shader ok, paper set, kanji set, font YujiSyuku-Regular SDF, capture ScreenGrab, Main Menu faint (no scene set)
[     1    0.000 x1.00] LOG  [PeachUI] row ready: 4 peaches, 64 px, TopLeft, bleed sprite set, PlayerHealth found
[     1    0.000 x1.00] LOG  [BossBar] BossHealthBarUI initialized
[     1    0.000 x1.00] LOG  [StormWeather] layer 'TerrainLayer_Dirt_01' dry smoothness=0.00 (restore to this if a crash ever leaves it wet)
[     1    0.000 x1.00] LOG  [StormWeather] post volumes ready on layer 9 (storm priority 10, flash priority 11).
[     1    0.000 x1.00] LOG  [StormWeather] ROUND 80: fur weather ready on 'Weather Zone'. Rain 0, wind 0.50 in the open, sky check 30 m from 'PlayerYoru_1.1'.
[     1    0.000 x1.00] LOG  [StormWeather] COZY bridge: Rain_Cave retired, COZY owns the rain now.
[     1    0.000 x1.00] LOG  [StormWeather] COZY → 'Clear' (pre-fight - open sky, 0 s)
[     1    0.000 x1.00] LOG  [StormWeather] Ready. Open sky, dry floor. Waiting for the fight.
[     1    0.000 x1.00] LOG  OniBoss initialized with 2500 HP
[     1    0.000 x1.00] LOG  [OniBoss] ANIMATOR SETUP: cullingMode=CullUpdateTransforms updateMode=Normal applyRootMotion=False speed=1
[     1    0.000 x1.00] LOG  [OniBoss] Initialized
[     1    0.000 x1.00] LOG  [OniBoss:Layer] facing: minFlat 1m, snapOnAttack off, trackInHitReact off, aimTurn 540 deg/s for the first 0.20 of the swing
[     1    0.000 x1.00] LOG  [OniBoss:Layer] animator speed x1.35 — his 1.13s swing now plays in 0.84s.
[     1    0.000 x1.00] LOG  [OniBoss:Layer] chase speed pushed: phase1 4.5, phase2 5.5 (Yoru runs at 7).
[     1    0.000 x1.00] LOG  [OniBoss:Layer] ground wave ON (round 38): half the club's damage on TOUCH, 12m/s x 6.0m from 1.6m in front at 0.35m height — a club hit cancels that swing's wave, jumping clears it. Per-attack effects come from the Swing Wave VFX By Attack rows. PlayerHealth found, PlayerMovement found.
[     1    0.000 x1.00] LOG  [StormWeather] storm break HELD (waiting for the lightning beat)
[     1    0.000 x1.00] LOG  [OniBoss:Layer] storm break HELD — it releases at the lightning-on-the-club beat.
[     1    0.000 x1.00] LOG  [OniBoss:Layer] club tracking ON — tip 'Kanabo3' (depth 4), shaft root 'kanabo'.
[     1    0.000 x1.00] LOG  [OniBoss:Layer] skinned meshes: 46 renderer(s), updateWhenOffscreen ON, body renderer 'Body' rootBone 'Hips'
[     1    0.000 x1.00] LOG  [OniBoss:Layer] charge travel bone: 'Hips' at depth 1 under 'OniBoss', rest local (0.00, 3.24, -0.24)
[     1    0.000 x1.00] LOG  [OniBoss:Layer] anti-kite ON: thrown swing after 4s of failed chase (within 7.6m), charge after 6s.
[     1    0.000 x1.00] LOG  [OniBoss:Layer] charge drive ON (windup to 0.40 at x1.3, rush 14m/s stops at 2.6m, steers 0.35s then commits, strike section from 0.58, strike moment 0.76, trail VFX off)
[     1    0.000 x1.00] LOG  [OniBoss:Layer] attack armor ON (his swings are not interrupted by light/medium hits; heavy hits and rapid-hit bursts still stop him)
[     1    0.000 x1.00] LOG  [OniBoss:Layer] strike moments overridden: Club_Swing=0.42 ClubSwing2=0.32 ClubSlam=0.85 KanaboSweep=0.48
[     1    0.000 x1.00] LOG  [OniBoss:Layer] club TOUCH hits ON (radius 0.70m, min tip speed 50m/s, armed from 0.20 of the clip): Club_Swing ClubSwing2 ClubSlam KanaboSweep. First touch wins — club full damage, wave half, one hit per swing.
[     1    0.000 x1.00] LOG  [OniBoss:Layer] combo damage ramp ON: mid x1.25, finisher x1.50 — finisher wave carries FULL damage at x2.0 size, x2.0 travel.
[     1    0.000 x1.00] LOG  [OniBoss:Layer] charge follow-up ON: 90 % of solo charges chain into a random melee finisher.
[     1    0.000 x1.00] LOG  [OniBoss:Layer] hold-ground ON (backstep 1.5m @ 1.6m/s after own attacks, watch 'Watch', attack facing LOCKED)
[     1    0.000 x1.00] LOG  [OniBoss:Layer] OniBoss layer ready (reactions, wake-on-hit, watch stance, boss bar). player=found
[     1    0.000 x1.00] LOG  [OniBoss:Layer] charge clip 'Oni Charge.fbx' imports with Root Motion Node = None (in place) — good.
[     1    0.000 x1.00] LOG  [OniBoss:Layer] clips importing with Root Transform Position (Y) NOT baked into pose (12): Oni_Alert(Oni Alert), Club_Slam(Oni Club Slam), Club_Swing(Oni Club Swing), Club_swing2(Oni Club Swing 2), Death(Oni Death Kneel), KanaboSweep(Oni Kanabo sweep), Phase_Transition(Oni Phase transition), run(Oni Run), Walk(Oni Walk), Watch(Oni Watch), Idle(Oni Idle), Hit_react_light(Oni NEWHit react light) — their hips' up/down motion is stripped (see round notes; optional).
[     1    0.000 x1.00] LOG  === VFX MANAGER INITIALIZED ===
[     1    0.000 x1.00] LOG  Auto-detect animations: False
[     1    0.000 x1.00] LOG  Parent effects to tail: True
[     1    0.000 x1.00] LOG  Prefabs: Jump=True, Land=True, LTail=True, RTail=True
[     1    0.000 x1.00] LOG  ✅ Left Tail Tip: LeftTailTip_Anchor
[     1    0.000 x1.00] LOG  ✅ Right Tail Tip: RightTailTip_Anchor
[     1    0.000 x1.00] LOG  [VolumetricFogController] applyPresets is OFF in this scene. The Volumetric Fog component keeps its hand-set inspector values.
[     1    0.000 x1.00] LOG  [TailAirShot] Ready. drawState=RightTail_Fast castParam=TailCastSpeed (found)
  arrow leaves: PlayerYoru_1.1/Cat_All_10_Tails_v4/Group/DeformationSystem/root/Root_M/Tail15_R/Tail151_R/Tail152_R/Tail153_R/Tail154_R/Tail155_R/Tail156_R/Tail157_R/Tail158_R/Tail159_R/Tail1510_R/Tail1511_R/Tail1512_R/Tail6_R/Tail6_R_end/Tail6_R_end_end/Tail6_R_end_end_end/RightTailTip_Anchor
  aim VFX: PlayerYoru_1.1/Cat_All_10_Tails_v4/Group/DeformationSystem/root/Root_M/Tail15_R/Tail151_R/Tail152_R/Tail153_R/Tail154_R/Tail155_R/Tail156_R/Tail157_R/Tail158_R/Tail159_R/Tail1510_R/Tail1511_R/Tail1512_R/Tail6_R/Tail6_R_end/Tail6_R_end_end/Tail6_R_end_end_end/RightTailTip_Anchor/vfx_Muzzle_Fireball01Blue
[     1    0.000 x1.00] LOG  [RingMesh] VFX Status:
[     1    0.000 x1.00] LOG    Left: Prefab=✓, Spawn=Tail6_L_end_end_end
[     1    0.000 x1.00] LOG    Right: Prefab=✓, Spawn=Tail6_R_end_end_end
[     1    0.000 x1.00] LOG  [TailAirShot4Leg] Ready. drawState=shoot_4Leg castParam=Shoot4LegSpeed (found) readyFrame=5 fireFrame=10 frames=24 slowBudget=3s real damageMultiplier=2.00
  arrow leaves: PlayerYoru_1.1/Cat_All_10_Tails_v4/Group/DeformationSystem/root/Root_M/Tail15_R/Tail151_R/Tail152_R/Tail153_R/Tail154_R/Tail155_R/Tail156_R/Tail157_R/Tail158_R/Tail159_R/Tail1510_R/Tail1511_R/Tail1512_R/Tail6_R/Tail6_R_end/Tail6_R_end_end/Tail6_R_end_end_end/RightTailTip_Anchor
  aim VFX left:  PlayerYoru_1.1/Cat_All_10_Tails_v4/Group/DeformationSystem/root/Root_M/Tail15_L/Tail151_L/Tail152_L/Tail153_L/Tail154_L/Tail155_L/Tail156_L/Tail157_L/Tail158_L/Tail159_L/Tail1510_L/Tail1511_L/Tail1512_L/Tail6_L/Tail6_L_end/Tail6_L_end_end/Tail6_L_end_end_end/LeftTailTip_Anchor/Glow_4Leg_L
  aim VFX right: PlayerYoru_1.1/Cat_All_10_Tails_v4/Group/DeformationSystem/root/Root_M/Tail15_R/Tail151_R/Tail152_R/Tail153_R/Tail154_R/Tail155_R/Tail156_R/Tail157_R/Tail158_R/Tail159_R/Tail1510_R/Tail1511_R/Tail1512_R/Tail6_R/Tail6_R_end/Tail6_R_end_end/Tail6_R_end_end_end/RightTailTip_Anchor/Glow_4Leg_R
[     1    0.000 x1.00] LOG  [PlayerCombat] Phase 2 form gate CONNECTED (FormController found on this GameObject).
[     1    0.000 x1.00] LOG  [Combat] PlayerCombat initialized, Phase 3C v27
[     1    0.000 x1.00] LOG  [CameraGameFeel] CameraGameFeel initialized (shake + FOV)
[     1    7.129 x1.00] LOG  [OniBoss] Playing animation: Idle
[     4    8.993 x1.00] LOG  💨 Landing VFX spawned!
[     4    8.993 x1.00] LOG  ✅ LANDED! (was jump #0)
[   484   12.901 x1.00] LOG  [OniBoss:Layer] watch stance ON (player 15.0m)
[   635   14.055 x1.00] LOG  [Combat] Combo 1: 10 dmg
[   635   14.055 x1.00] LOG  [ComboTrace] START step=1 state='Combo1' queued=0 target=none: no collider on enemyLayer within 8m
[   635   14.055 x1.00] LOG  [ComboTrace] LAUNCH STEP (no enemy) dist=0.90m in 0.13s
[   643   14.133 x1.00] LOG  [OniBoss] LostSoul → Alert
[   643   14.133 x1.00] LOG  [OniBoss] Playing animation: Oni_Alert
[   643   14.133 x1.00] LOG  [BossBar] Showing bar for: Oni (2500/2500)
[   643   14.133 x1.00] LOG  [OniBoss:Layer] boss bar shown
[   644   14.146 x1.00] LOG  [StormWeather] COZY → 'Yoru_Oni_Phase1_Storm' (fight engaged - storm rolls in, 0 s)
[   644   14.146 x1.00] LOG  [StormWeather] FIGHT STARTED (he engaged) - storm on, floor starts to soak.
[   649   14.192 x1.00] LOG  [ComboTrace] LAUNCH RESULT wanted=0.90m actually moved=0.90m, completed
[   677   14.393 x1.00] LOG  [StormWeather] fur: rain reaching the coat (intensity 0.01, follows floor wetness).
[   708   14.634 x1.00] LOG  [OniBoss] Alert → Chase
[   709   14.640 x1.00] LOG  [OniBoss] Pull-band decision: RUN-IN (dist 8.8m, pullRange 0m, chance 0.50)
[   709   14.640 x1.00] LOG  [OniBoss] Playing animation: run
[   710   14.647 x1.00] LOG  🐾 VFX_AttackPaw triggered!
[   739   14.857 x1.00] LOG  [ComboTrace] END step=1 clipProgress=0.85 clipLen=0.95s queued=0 elapsed=0.80s
[   751   14.940 x1.00] LOG  [StormWeather] storm post weight -> 0.40
[   924   16.231 x1.00] LOG  [OniBoss] Playing animation: Watch
[   924   16.231 x1.00] LOG  [OniBoss] Combo started: ClubSwing1 → ClubSwing2 → ClubSlam (3 steps remaining)
[   924   16.231 x1.00] LOG  [OniBoss] Chase → Attack
[   924   16.231 x1.00] LOG  [OniBoss] Attack: Club_Swing (16 dmg)
[   924   16.231 x1.00] LOG  [OniBoss:Trail] Club_Swing trail START at clip 1.00 (transition done).
[   930   16.288 x1.00] LOG  [OniBoss:Layer] step-in: 'Club_Swing' closed 0.27m, Yoru now 3.0m away (range 3.5)
[   969   16.601 x1.00] LOG  [OniBoss:ClubPos] Club_Swing at strike: club tip 3.03m up, 1.95m in front, -3.18m to his right (3.73m out from his centre). Club faces -94deg from his forward, pitch 0.41. (the ground wave is born 1.6m in front of him at 0.35m.)
[   969   16.601 x1.00] LOG  [OniBoss:Layer] Club_Swing: club has not connected — ground wave released ARMED, 1.6m in front, 12m/s x 6.0m = 0.50s, carrying 8 (half of the club's 16).
[   970   16.609 x1.00] LOG  [Peach] light hit 8 dmg: 1 bite. 15/16 bites = 3.75 of 4 peaches
[   970   16.609 x1.00] LOG  [Combat] Combo memory: light hit, keeping step 1
[   970   16.609 x1.00] LOG  [Combat] Hit react: HitReact_Light_2Leg (0.5s, clip starts at 0.35s)
[   970   16.609 x1.00] LOG  [CameraGameFeel] Shake: intensity=0.30 duration=0.200s
[   970   16.609 x1.00] LOG  [CameraGameFeel] FOV punch: player damage (-2.0°)
[   970   16.609 x1.00] LOG  [OniBoss:Wave] wave TOUCHED Yoru (grounded) for 8 after 0.1m / 0.01s of travel.
[   972   16.630 x1.00] LOG  [HitReactTrace] asked for 'HitReact_Light_2Leg' (0.50s, clip start 0.35s): playing it, blend resolved after 21 ms, state 1.21s long at speed 1.00, now at 0.37s, layer weight 1.00, animator.speed 1.00.
[  1028   17.069 x1.00] LOG  [OniBoss] Attack → Recovery
[  1028   17.069 x1.00] LOG  [OniBoss] Playing animation: Watch
[  1028   17.069 x1.00] LOG  [OniBoss:Trail] trail END at clip 0.99, fading over 0.40s.
[  1028   17.069 x1.00] LOG  [OniBoss:Strike] Club_Swing: club tip closest to Yoru at 1.07m, clip position 0.91 | damage fires at 0.42 | clip 0.84s => damage fires 411 ms BEFORE the club is closest
[  1038   17.138 x1.00] LOG  [Combat] Combo 2: 20 dmg
[  1038   17.138 x1.00] LOG  [ComboTrace] START step=2 state='Combo2' queued=0 target='OniBoss' at 3.1m
[  1038   17.138 x1.00] LOG  [ComboTrace] LAUNCH OniBoss at 1.3m dist=1.29m in 0.13s
[  1049   17.230 x1.00] LOG  [OniBoss] Recovery → Attack
[  1049   17.230 x1.00] LOG  [OniBoss] Attack: ClubSwing2 (16 dmg)
[  1049   17.230 x1.00] LOG  [OniBoss:Trail] ClubSwing2 trail START at clip 1.00 (transition still blending).
[  1055   17.268 x1.00] LOG  [ComboTrace] LAUNCH RESULT wanted=1.29m actually moved=0.42m, completed
[  1064   17.341 x1.00] LOG  [Combat] Queued click #1 (combo 2)
[  1064   17.341 x1.00] LOG  [ComboTrace] QUEUED #1 during step 2
[  1087   17.507 x1.00] LOG  [Combat] Queued click #2 (combo 2)
[  1087   17.507 x1.00] LOG  [ComboTrace] QUEUED #2 during step 2
[  1094   17.559 x1.00] LOG  [CameraGameFeel] Shake: intensity=0.20 duration=0.250s
[  1094   17.559 x1.00] LOG  [Peach] light hit 20 dmg: 2 bites. 13/16 bites = 3.25 of 4 peaches
[  1094   17.559 x1.00] LOG  [Momentum] light hit inside the 1.0s grace, no cost (count 0)
[  1094   17.559 x1.00] LOG  [Combat] Combo memory: light hit, keeping step 2
[  1094   17.559 x1.00] LOG  [Combat] Hit react: HitReact_Light_2Leg (0.5s, clip starts at 0.35s)
[  1094   17.559 x1.00] LOG  [CameraGameFeel] Shake: intensity=0.30 duration=0.200s
[  1094   17.559 x1.00] LOG  [CameraGameFeel] FOV punch: player damage (-2.0°)
[  1094   17.559 x1.00] LOG  [OniBoss] Hit player for 20 (ClubSwing2) [combo x1.25]
[  1094   17.559 x1.00] LOG  [OniBoss:Touch] ClubSwing2: club TOUCHED Yoru at clip 0.28, shaft 0.61m from her body line, head 0.48 along the club, tip 2.20m up, tip speed 91m/s, ONE FRAME EARLY (predicted). Full club hit delivered this frame.
[  1095   17.567 x1.00] LOG  [HitReactTrace] asked for 'HitReact_Light_2Leg' (0.50s, clip start 0.35s): NOT playing it, another state took the combat layer, blend resolved after 9 ms, state 1.35s long at speed 1.60, now at 0.42s, layer weight 1.00, animator.speed 1.00.
[  1103   17.623 x1.00] LOG  [OniBoss:ClubPos] ClubSwing2 at strike: club tip 0.14m up, 1.71m in front, 2.54m to his right (3.06m out from his centre). Club faces 10deg from his forward, pitch -0.88. (the ground wave is born 1.6m in front of him at 0.35m.)
[  1103   17.623 x1.00] LOG  [OniBoss:Layer] ClubSwing2: club already hit — ground wave released as VISUAL only (0 damage).
[  1169   18.125 x1.00] LOG  [Combat] Combo 3: 35 dmg
[  1169   18.125 x1.00] LOG  [ComboTrace] START step=3 state='Combo3' queued=0 target='OniBoss' at 2.0m
[  1169   18.125 x1.00] LOG  [ComboTrace] LAUNCH OniBoss at 0.9m dist=0.94m in 0.13s
[  1169   18.125 x1.00] LOG  [YoruVFX] Ground hazard: 'VFX_Void_Area_GroundSpinYORU' laid at GroundVFX ((477.70, 0.69, 408.98)), floor tilt 19.9 deg, 17 delays shifted by 2.00s, own lifetime 8.98s
[  1169   18.125 x1.00] LOG  [Combat] Hazard zone tick: OniBoss for 25
[  1169   18.125 x1.00] LOG  [Combat] Hazard zone laid: 8.98s, 25 dmg every 0.50s in 2.00m
[  1177   18.190 x1.00] LOG  OniBoss took 35 damage. HP: 2440/2500
[  1177   18.190 x1.00] LOG  [OniBoss] Attack → Stagger
[  1177   18.190 x1.00] LOG  [OniBoss] Playing animation: Stagger
[  1177   18.190 x1.00] LOG  [OniBoss] STAGGERED for 2.5s
[  1177   18.190 x1.00] LOG  [OniBoss:Layer] heavy knock-back react (35 dmg) → 'HitReact_Heavy', down for 1.80s
[  1177   18.190 x1.00] LOG  [OniReactTrace] #1 HEAVY (0 dmg) asked for 'HitReact_Heavy': crossfade 0.08s, animator speed 1.35, world x1.00
[  1177   18.190 x1.00] LOG  [Momentum] 0 -> 1 (hit), speed x1.05, damage x1.05, impact x1.05
[  1177   18.190 x1.00] LOG  [CameraGameFeel] Shake: intensity=0.06 duration=0.080s
[  1177   18.190 x1.00] LOG  [CameraGameFeel] Shake: intensity=0.53 duration=0.200s
[  1177   18.190 x1.00] LOG  [CameraGameFeel] FOV punch: hit light (+1.5°)
[  1177   18.190 x1.00] LOG  [OniBoss:Strike] ClubSwing2: club tip closest to Yoru at 1.22m, clip position 0.30 | damage fires at 0.32 | clip 1.17s => MATCHED (within one or two frames)
[  1178   18.202 x1.00] LOG  [OniBoss:Trail] trail END at clip 0.82, fading over 0.40s.
[  1178   18.202 x1.00] LOG  [OniReactTrace] #1 +0.01s state SOMETHING ELSE, clip on his bones 'Take 001' weight 1.00, blending INTO 'HitReact_Heavy', layer weight 1.00, animator speed 0.00, world x1.00, engine Stagger
[  1183   18.255 x1.00] LOG  [ComboTrace] LAUNCH RESULT wanted=0.94m actually moved=0.13m, completed
[  1188   18.293 x1.00] LOG  [OniReactTrace] #1 +0.10s state 'HitReact_Heavy' at 5 % of its 1.11s, clip on his bones 'Take 001' weight 1.00, layer weight 1.00, animator speed 1.35, world x1.00, engine Stagger
[  1190   18.309 x1.00] LOG  [ComboTrace] CLICK IGNORED (step=3 queued=0)
[  1207   18.451 x1.00] LOG  [OniReactTrace] #1 +0.26s state 'HitReact_Heavy' at 19 % of its 1.11s, clip on his bones 'Take 001' weight 1.00, layer weight 1.00, animator speed 1.35, world x1.00, engine Stagger
[  1223   18.559 x1.00] LOG  [ComboTrace] CLICK IGNORED (step=3 queued=0)
[  1233   18.626 x1.00] LOG  [Combat] Hazard zone tick: OniBoss for 25
[  1236   18.645 x1.00] LOG  [OniReactTrace] #1 +0.45s state 'HitReact_Heavy' at 37 % of its 1.11s, clip on his bones 'Take 001' weight 1.00, layer weight 1.00, animator speed 1.35, world x1.00, engine Stagger
[  1265   18.894 x1.00] LOG  [OniReactTrace] #1 +0.70s state 'HitReact_Heavy' at 59 % of its 1.11s, clip on his bones 'Take 001' weight 1.00, layer weight 1.00, animator speed 1.35, world x1.00, engine Stagger
[  1269   18.928 x1.00] LOG  [ComboTrace] END step=3 clipProgress=0.95 clipLen=0.79s queued=0 elapsed=0.80s
[  1294   19.128 x1.00] LOG  [Combat] Hazard zone tick: OniBoss for 25
[  1296   19.144 x1.00] LOG  [OniReactTrace] #1 +0.95s state 'HitReact_Heavy' at 82 % of its 1.11s, clip on his bones 'Take 001' weight 1.00, layer weight 1.00, animator speed 1.35, world x1.00, engine Stagger
[  1296   19.144 x1.00] LOG  [OniReactTrace] #1 HEAVY verdict: played to 82 % of the clip, so the reaction IS on screen and what is missing is movement inside the clip itself
[  1302   19.201 x1.00] LOG  [Combat] Combo 1: 10 dmg
[  1302   19.201 x1.00] LOG  [ComboTrace] START step=1 state='Combo1' queued=0 target='OniBoss' at 2.7m
[  1302   19.201 x1.00] LOG  [ComboTrace] LAUNCH OniBoss at 1.6m dist=1.59m in 0.16s
[  1322   19.363 x1.00] LOG  [ComboTrace] LAUNCH RESULT wanted=1.59m actually moved=0.77m, completed
[  1359   19.639 x1.00] LOG  [Combat] Hazard zone tick: OniBoss for 25
[  1361   19.651 x1.00] LOG  OniBoss punish window! 10 → 15 (x1.5)
[  1361   19.651 x1.00] LOG  OniBoss took 15 damage. HP: 2350/2500
[  1361   19.651 x1.00] LOG  [Momentum] 1 -> 2 (hit), speed x1.10, damage x1.10, impact x1.10
[  1361   19.651 x1.00] LOG  [CameraGameFeel] Shake: intensity=0.06 duration=0.080s
[  1361   19.651 x1.00] LOG  [Combat] Hit OniBoss for 10
[  1361   19.651 x1.00] LOG  [CameraGameFeel] Shake: intensity=0.55 duration=0.200s
[  1361   19.651 x1.00] LOG  [CameraGameFeel] FOV punch: hit light (+1.5°)
[  1383   19.817 x1.00] LOG  🐾 VFX_AttackPaw triggered!
[  1406   19.993 x1.00] LOG  [OniBoss] Stagger → Chase
[  1407   19.999 x1.00] LOG  [OniBoss] Playing animation: Idle
[  1407   19.999 x1.00] LOG  [OniBoss] Combo started: swing1-2 (2 steps remaining)
[  1407   19.999 x1.00] LOG  [OniBoss] Chase → Attack
[  1407   19.999 x1.00] LOG  [OniBoss] Attack: Club_Swing (16 dmg)
[  1407   19.999 x1.00] LOG  [OniBoss:Trail] Club_Swing trail START at clip 1.00 (transition done).
[  1408   20.008 x1.00] LOG  [ComboTrace] END step=1 clipProgress=0.85 clipLen=0.90s queued=0 elapsed=0.81s
[  1458   20.371 x1.00] LOG  [OniBoss:ClubPos] Club_Swing at strike: club tip 3.04m up, 1.81m in front, -3.21m to his right (3.69m out from his centre). Club faces -97deg from his forward, pitch 0.41. (the ground wave is born 1.6m in front of him at 0.35m.)
[  1458   20.371 x1.00] LOG  [OniBoss:Layer] Club_Swing: club has not connected — ground wave released ARMED, 1.6m in front, 12m/s x 6.0m = 0.50s, carrying 8 (half of the club's 16).
[  1459   20.379 x1.00] LOG  [Peach] light hit 8 dmg: 1 bite. 12/16 bites = 3 of 4 peaches
[  1459   20.379 x1.00] LOG  [Momentum] 2 -> 1 (light hit taken, 50% = -1), speed x1.05, damage x1.05, impact x1.05
[  1459   20.379 x1.00] LOG  [Combat] Combo memory: light hit, keeping step 1
[  1459   20.379 x1.00] LOG  [Combat] Hit react: HitReact_Light_2Leg (0.5s, clip starts at 0.35s)
[  1459   20.379 x1.00] LOG  [CameraGameFeel] Shake: intensity=0.30 duration=0.200s
[  1459   20.379 x1.00] LOG  [CameraGameFeel] FOV punch: player damage (-2.0°)
[  1459   20.379 x1.00] LOG  [OniBoss:Wave] wave TOUCHED Yoru (grounded) for 8 after 0.1m / 0.01s of travel.
[  1462   20.401 x1.00] LOG  [HitReactTrace] asked for 'HitReact_Light_2Leg' (0.50s, clip start 0.35s): playing it, blend resolved after 22 ms, state 1.21s long at speed 1.00, now at 0.37s, layer weight 1.00, animator.speed 1.00.
[  1517   20.845 x1.00] LOG  [OniBoss] Attack → Recovery
[  1517   20.845 x1.00] LOG  [OniBoss] Playing animation: Watch
[  1517   20.845 x1.00] LOG  [OniBoss:Trail] trail END at clip 1.00, fading over 0.40s.
[  1517   20.845 x1.00] LOG  [OniBoss:Strike] Club_Swing: club tip closest to Yoru at 1.46m, clip position 0.91 | damage fires at 0.42 | clip 0.84s => damage fires 409 ms BEFORE the club is closest
[  1538   21.000 x1.00] LOG  [OniBoss] Recovery → Attack
[  1538   21.000 x1.00] LOG  [OniBoss] Attack: ClubSwing2 (16 dmg)
[  1538   21.000 x1.00] LOG  [OniBoss:Trail] ClubSwing2 trail START at clip 1.00 (transition still blending).
[  1551   21.095 x1.00] LOG  [Combat] Combo 2: 20 dmg
[  1551   21.095 x1.00] LOG  [ComboTrace] START step=2 state='Combo2' queued=0 target='OniBoss' at 2.9m
[  1551   21.095 x1.00] LOG  [ComboTrace] LAUNCH OniBoss at 1.7m dist=1.69m in 0.17s
[  1573   21.271 x1.00] LOG  [ComboTrace] LAUNCH RESULT wanted=1.69m actually moved=0.90m, completed
[  1580   21.329 x1.00] LOG  [CameraGameFeel] Shake: intensity=0.20 duration=0.250s
[  1580   21.329 x1.00] LOG  [Peach] heavy hit 24 dmg: 3 bites. 9/16 bites = 2.25 of 4 peaches
[  1580   21.329 x1.00] LOG  [Momentum] 1 -> 0 (heavy hit taken, reset), speed x1.00, damage x1.00, impact x1.00
[  1580   21.329 x1.00] LOG  [Combat] Hit react: HitReact_Heavy_2Leg (0.9s, clip starts at 0.35s)
[  1580   21.329 x1.00] LOG  [CameraGameFeel] Shake: intensity=0.60 duration=0.200s
[  1580   21.329 x1.00] LOG  [CameraGameFeel] FOV punch: player damage (-3.0°)
[  1580   21.329 x1.00] LOG  [OniBoss] Hit player for 24 (ClubSwing2) [combo x1.50]
[  1580   21.329 x1.00] LOG  [OniBoss:Touch] ClubSwing2: club TOUCHED Yoru at clip 0.28, shaft 0.62m from her body line, head 0.48 along the club, tip 1.95m up, tip speed 91m/s, ONE FRAME EARLY (predicted). Full club hit delivered this frame.
[  1581   21.339 x1.00] LOG  [HitReactTrace] asked for 'HitReact_Heavy_2Leg' (0.90s, clip start 0.35s): NOT playing it, another state took the combat layer, blend resolved after 11 ms, state 1.28s long at speed 1.60, now at 0.23s, layer weight 1.00, animator.speed 1.00.
[  1586   21.383 x1.00] LOG  [OniBoss:ClubPos] ClubSwing2 at strike: club tip 0.10m up, 1.80m in front, 2.44m to his right (3.03m out from his centre). Club faces 6deg from his forward, pitch -0.88. (the ground wave is born 1.6m in front of him at 0.35m.)
[  1586   21.383 x1.00] LOG  [OniBoss:Layer] ClubSwing2: club already hit — ground wave released as VISUAL only (0 damage), finisher size x2.0.
[  1691   22.165 x1.00] LOG  [OniBoss] Attack → Recovery
[  1691   22.165 x1.00] LOG  [OniBoss] Playing animation: Watch
[  1691   22.165 x1.00] LOG  [OniBoss:Trail] trail END at clip 0.99, fading over 0.40s.
[  1691   22.165 x1.00] LOG  [OniBoss:Strike] ClubSwing2: club tip closest to Yoru at 1.29m, clip position 0.30 | damage fires at 0.32 | clip 1.17s => MATCHED (within one or two frames)
[  1712   22.322 x1.00] LOG  [OniBoss] Recovery → Chase
[  1713   22.327 x1.00] LOG  [OniBoss] hold-ground: BACKSTEP 1.5m (player 2.0m)
[  1746   22.571 x1.00] LOG  [Combat] Combo 1: 10 dmg
[  1746   22.571 x1.00] LOG  [ComboTrace] START step=1 state='Combo1' queued=0 target='OniBoss' at 2.4m
[  1746   22.571 x1.00] LOG  [ComboTrace] LAUNCH OniBoss at 1.2m dist=1.20m in 0.13s
[  1761   22.701 x1.00] LOG  [ComboTrace] LAUNCH RESULT wanted=1.20m actually moved=0.54m, completed
[  1806   23.040 x1.00] LOG  OniBoss took 10 damage. HP: 2340/2500
[  1806   23.040 x1.00] LOG  [OniBoss] Chase → HitReact
[  1806   23.040 x1.00] LOG  [OniBoss:Layer] react tier: LIGHT (10 dmg) → 'Hit_react_light'
[  1806   23.040 x1.00] LOG  [OniReactTrace] #2 LIGHT (10 dmg) asked for 'Hit_react_light': crossfade 0.08s, animator speed 1.35, world x1.00
[  1806   23.040 x1.00] LOG  [Momentum] 0 -> 1 (hit), speed x1.05, damage x1.05, impact x1.05
[  1806   23.040 x1.00] LOG  [CameraGameFeel] Shake: intensity=0.06 duration=0.080s
[  1806   23.040 x1.00] LOG  [Combat] Hit OniBoss for 10
[  1806   23.040 x1.00] LOG  [CameraGameFeel] Shake: intensity=0.53 duration=0.200s
[  1806   23.040 x1.00] LOG  [CameraGameFeel] FOV punch: hit light (+1.5°)
[  1807   23.047 x1.00] LOG  [OniReactTrace] #2 +0.01s state SOMETHING ELSE, clip on his bones 'Take 001' weight 1.00, layer weight 1.00, animator speed 0.00, world x1.00, engine HitReact
[  1822   23.144 x1.00] LOG  [OniReactTrace] #2 +0.10s state 'Hit_react_light' at 10 % of its 0.62s, clip on his bones 'Take 001' weight 1.00, layer weight 1.00, animator speed 1.35, world x1.00, engine HitReact
[  1831   23.199 x1.00] LOG  🐾 VFX_AttackPaw triggered!
[  1844   23.294 x1.00] LOG  [OniReactTrace] #2 +0.25s state 'Hit_react_light' at 34 % of its 0.62s, clip on his bones 'Take 001' weight 1.00, layer weight 1.00, animator speed 1.35, world x1.00, engine HitReact
[  1861   23.410 x1.00] LOG  [ComboTrace] END step=1 clipProgress=0.85 clipLen=0.95s queued=0 elapsed=0.84s
[  1873   23.494 x1.00] LOG  [OniReactTrace] #2 +0.45s state 'Hit_react_light' at 67 % of its 0.62s, clip on his bones 'Take 001' weight 1.00, layer weight 1.00, animator speed 1.35, world x1.00, engine HitReact
[  1877   23.530 x1.00] LOG  [Combat] Combo 2: 20 dmg
[  1877   23.530 x1.00] LOG  [ComboTrace] START step=2 state='Combo2' queued=0 target='OniBoss' at 2.6m
[  1877   23.530 x1.00] LOG  [ComboTrace] LAUNCH OniBoss at 1.3m dist=1.35m in 0.13s
[  1895   23.672 x1.00] LOG  [ComboTrace] LAUNCH RESULT wanted=1.35m actually moved=0.61m, completed
[  1905   23.740 x1.00] LOG  [OniReactTrace] #2 +0.70s state 'Hit_react_light' at 100 % of its 0.62s, clip on his bones 'Take 001' weight 1.00, layer weight 1.00, animator speed 1.35, world x1.00, engine HitReact
[  1920   23.844 x1.00] LOG  [OniBoss] HitReact → Chase
[  1921   23.850 x1.00] LOG  [OniBoss] Playing animation: Idle
[  1940   23.992 x1.00] LOG  [OniReactTrace] #2 +0.95s state 'Hit_react_light' at 100 % of its 0.62s, clip on his bones 'Take 001' weight 0.24, blending into a DIFFERENT state, layer weight 1.00, animator speed 1.35, world x1.00, engine Chase
[  1940   23.992 x1.00] LOG  [OniReactTrace] #2 LIGHT verdict: played to 100 % of the clip, so the reaction IS on screen and what is missing is movement inside the clip itself
[  1958   24.121 x1.00] LOG  🐾🐾 VFX_TowPaw triggered!
[  1959   24.133 x1.00] LOG  [OniBoss] Chase → Attack
[  1959   24.133 x1.00] LOG  [OniBoss] Attack: ClubSwing2 (16 dmg)
[  1959   24.133 x1.00] LOG  [OniBoss:Trail] ClubSwing2 trail START at clip 0.18 (transition done).
[  1960   24.140 x1.00] LOG  OniBoss took 21 damage. HP: 2319/2500
[  1960   24.140 x1.00] LOG  [OniBoss] 🤕 Hit during Attack — flash only
[  1960   24.140 x1.00] LOG  [Momentum] 1 -> 2 (hit), speed x1.10, damage x1.10, impact x1.10
[  1960   24.140 x1.00] LOG  [CameraGameFeel] Shake: intensity=0.06 duration=0.080s
[  1960   24.140 x1.00] LOG  [Combat] Hit OniBoss for 21
[  1960   24.140 x1.00] LOG  [CameraGameFeel] Shake: intensity=0.55 duration=0.200s
[  1960   24.140 x1.00] LOG  [CameraGameFeel] FOV punch: hit light (+1.5°)
[  2012   24.510 x1.00] LOG  [CameraGameFeel] Shake: intensity=0.20 duration=0.250s
[  2012   24.510 x1.00] LOG  [Peach] light hit 16 dmg: 2 bites. 7/16 bites = 1.75 of 4 peaches
[  2012   24.510 x1.00] LOG  [Momentum] 2 -> 1 (light hit taken, 50% = -1), speed x1.05, damage x1.05, impact x1.05
[  2012   24.510 x1.00] LOG  [Combat] Combo memory: light hit, keeping step 2
[  2012   24.510 x1.00] LOG  [Combat] Hit react: HitReact_Light_2Leg (0.5s, clip starts at 0.35s)
[  2012   24.510 x1.00] LOG  [CameraGameFeel] Shake: intensity=0.30 duration=0.200s
[  2012   24.510 x1.00] LOG  [CameraGameFeel] FOV punch: player damage (-2.0°)
[  2012   24.510 x1.00] LOG  [OniBoss] Hit player for 16 (ClubSwing2)
[  2012   24.510 x1.00] LOG  [OniBoss:Touch] ClubSwing2: club TOUCHED Yoru at clip 0.29, shaft 0.43m from her body line, head 0.61 along the club, tip 1.30m up, tip speed 93m/s, ONE FRAME EARLY (predicted). Full club hit delivered this frame.
[  2013   24.517 x1.00] LOG  [HitReactTrace] asked for 'HitReact_Light_2Leg' (0.50s, clip start 0.35s): NOT playing it, another state took the combat layer, blend resolved after 7 ms, state 1.28s long at speed 1.60, now at 0.94s, layer weight 1.00, animator.speed 1.00.
[  2014   24.523 x1.00] LOG  🐾🐾 VFX_TowPaw triggered!
[  2020   24.560 x1.00] LOG  [OniBoss:ClubPos] ClubSwing2 at strike: club tip 0.11m up, 1.77m in front, 2.46m to his right (3.03m out from his centre). Club faces 7deg from his forward, pitch -0.88. (the ground wave is born 1.6m in front of him at 0.35m.)
[  2020   24.560 x1.00] LOG  [OniBoss:Layer] ClubSwing2: club already hit — ground wave released as VISUAL only (0 damage).
[  2115   25.227 x1.00] LOG  [Combat] Combo 3: 35 dmg
[  2115   25.227 x1.00] LOG  [ComboTrace] START step=3 state='Combo3' queued=0 target='OniBoss' at 2.3m
[  2115   25.227 x1.00] LOG  [ComboTrace] LAUNCH OniBoss at 1.1m dist=1.09m in 0.13s
[  2115   25.227 x1.00] LOG  [YoruVFX] Ground hazard: 'VFX_Void_Area_GroundSpinYORU' laid at GroundVFX ((480.30, 0.88, 407.36)), floor tilt 8.5 deg, 17 delays shifted by 2.00s, own lifetime 8.98s
[  2115   25.227 x1.00] LOG  [Combat] Hazard zone tick: OniBoss for 25
[  2115   25.227 x1.00] LOG  [Combat] Hazard zone laid: 8.98s, 25 dmg every 0.50s in 2.00m
[  2123   25.292 x1.00] LOG  OniBoss took 37 damage. HP: 2257/2500
[  2123   25.292 x1.00] LOG  [OniBoss] Attack → Stagger
[  2123   25.292 x1.00] LOG  [OniBoss] Playing animation: Stagger
[  2123   25.292 x1.00] LOG  [OniBoss] STAGGERED for 2.5s
[  2123   25.292 x1.00] LOG  [OniBoss:Layer] heavy knock-back react (37 dmg) → 'HitReact_Heavy', down for 1.80s
[  2123   25.292 x1.00] LOG  [OniReactTrace] #3 HEAVY (0 dmg) asked for 'HitReact_Heavy': crossfade 0.08s, animator speed 1.35, world x1.00
[  2123   25.292 x1.00] LOG  [Momentum] 1 -> 2 (hit), speed x1.10, damage x1.10, impact x1.10
[  2123   25.292 x1.00] LOG  [CameraGameFeel] Shake: intensity=0.06 duration=0.080s
[  2123   25.292 x1.00] LOG  [CameraGameFeel] Shake: intensity=0.55 duration=0.200s
[  2123   25.292 x1.00] LOG  [CameraGameFeel] FOV punch: hit light (+1.5°)
[  2123   25.292 x1.00] LOG  [OniBoss:Strike] ClubSwing2: club tip closest to Yoru at 1.05m, clip position 0.30 | damage fires at 0.32 | clip 1.17s => MATCHED (within one or two frames)
[  2124   25.299 x1.00] LOG  [OniBoss:Trail] trail END at clip 0.95, fading over 0.40s.
[  2124   25.299 x1.00] LOG  [OniReactTrace] #3 +0.01s state SOMETHING ELSE, clip on his bones 'Take 001' weight 1.00, blending INTO 'HitReact_Heavy', layer weight 1.00, animator speed 0.00, world x1.00, engine Stagger
[  2130   25.367 x1.00] LOG  [ComboTrace] LAUNCH RESULT wanted=1.09m actually moved=0.55m, completed
[  2134   25.393 x1.00] LOG  [OniReactTrace] #3 +0.10s state 'HitReact_Heavy' at 5 % of its 1.11s, clip on his bones 'Take 001' weight 1.00, layer weight 1.00, animator speed 1.35, world x1.00, engine Stagger
[  2141   25.438 x1.00] LOG  [ComboTrace] CLICK IGNORED (step=3 queued=0)
[  2154   25.549 x1.00] LOG  [OniReactTrace] #3 +0.26s state 'HitReact_Heavy' at 19 % of its 1.11s, clip on his bones 'Take 001' weight 1.00, layer weight 1.00, animator speed 1.35, world x1.00, engine Stagger
[  2169   25.651 x1.00] LOG  [ComboTrace] CLICK IGNORED (step=3 queued=0)
[  2179   25.730 x1.00] LOG  [Combat] Hazard zone tick: OniBoss for 25
[  2181   25.742 x1.00] LOG  [OniReactTrace] #3 +0.45s state 'HitReact_Heavy' at 36 % of its 1.11s, clip on his bones 'Take 001' weight 1.00, layer weight 1.00, animator speed 1.35, world x1.00, engine Stagger
[  2211   25.996 x1.00] LOG  [OniReactTrace] #3 +0.70s state 'HitReact_Heavy' at 59 % of its 1.11s, clip on his bones 'Take 001' weight 1.00, layer weight 1.00, animator speed 1.35, world x1.00, engine Stagger
[  2217   26.034 x1.00] LOG  [ComboTrace] END step=3 clipProgress=0.95 clipLen=0.79s queued=0 elapsed=0.81s
[  2244   26.236 x1.00] LOG  [Combat] Hazard zone tick: OniBoss for 25
[  2246   26.256 x1.00] LOG  [OniReactTrace] #3 +0.96s state 'HitReact_Heavy' at 82 % of its 1.11s, clip on his bones 'Take 001' weight 1.00, layer weight 1.00, animator speed 1.35, world x1.00, engine Stagger
[  2246   26.256 x1.00] LOG  [OniReactTrace] #3 HEAVY verdict: played to 82 % of the clip, so the reaction IS on screen and what is missing is movement inside the clip itself
[  2262   26.380 x1.00] LOG  [Combat] Combo 1: 10 dmg
[  2262   26.380 x1.00] LOG  [ComboTrace] START step=1 state='Combo1' queued=0 target='OniBoss' at 2.7m
[  2262   26.380 x1.00] LOG  [ComboTrace] LAUNCH OniBoss at 1.4m dist=1.40m in 0.14s
[  2282   26.530 x1.00] LOG  [ComboTrace] LAUNCH RESULT wanted=1.40m actually moved=0.70m, completed
[  2297   26.651 x1.00] LOG  [Combat] Queued click #1 (combo 1)
[  2297   26.651 x1.00] LOG  [ComboTrace] QUEUED #1 during step 1
[  2310   26.738 x1.00] LOG  [Combat] Hazard zone tick: OniBoss for 25
[  2320   26.812 x1.00] LOG  OniBoss punish window! 11 → 16 (x1.5)
[  2320   26.812 x1.00] LOG  OniBoss took 16 damage. HP: 2166/2500
[  2320   26.812 x1.00] LOG  [Momentum] 2 -> 3 (hit), speed x1.15, damage x1.15, impact x1.15
[  2320   26.812 x1.00] LOG  [CameraGameFeel] Shake: intensity=0.06 duration=0.080s
[  2320   26.812 x1.00] LOG  [Combat] Hit OniBoss for 11
[  2320   26.812 x1.00] LOG  [CameraGameFeel] Shake: intensity=0.58 duration=0.200s
[  2320   26.812 x1.00] LOG  [CameraGameFeel] FOV punch: hit light (+1.5°)
[  2332   26.919 x1.00] LOG  [Combat] Queued click #2 (combo 1)
[  2332   26.919 x1.00] LOG  [ComboTrace] QUEUED #2 during step 1
[  2338   26.963 x1.00] LOG  🐾 VFX_AttackPaw triggered!
[  2351   27.069 x1.00] LOG  [Combat] Combo 2: 20 dmg
[  2351   27.069 x1.00] LOG  [ComboTrace] START step=2 state='Combo2' queued=1 target='OniBoss' at 2.9m
[  2351   27.069 x1.00] LOG  [ComboTrace] LAUNCH OniBoss at 1.6m dist=1.58m in 0.16s
[  2354   27.100 x1.00] LOG  [OniBoss] Stagger → Chase
[  2355   27.111 x1.00] LOG  [OniBoss] Playing animation: Idle
[  2355   27.111 x1.00] LOG  [OniBoss] Combo started: swing1-2 (2 steps remaining)
[  2355   27.111 x1.00] LOG  [OniBoss] Chase → Attack
[  2355   27.111 x1.00] LOG  [OniBoss] Attack: Club_Swing (16 dmg)
[  2355   27.111 x1.00] LOG  [OniBoss:Trail] Club_Swing trail START at clip 1.00 (transition done).
[  2362   27.170 x1.00] LOG  [Combat] Queued click #2 (combo 2)
[  2362   27.170 x1.00] LOG  [ComboTrace] QUEUED #2 during step 2
[  2368   27.226 x1.00] LOG  [ComboTrace] LAUNCH RESULT wanted=1.58m actually moved=0.90m, completed
[  2399   27.443 x1.00] LOG  [ComboTrace] CLICK IGNORED (step=2 queued=2)
[  2402   27.468 x1.00] LOG  [OniBoss:ClubPos] Club_Swing at strike: club tip 3.02m up, 2.79m in front, -2.79m to his right (3.94m out from his centre). Club faces -76deg from his forward, pitch 0.40. (the ground wave is born 1.6m in front of him at 0.35m.)
[  2402   27.468 x1.00] LOG  [OniBoss:Layer] Club_Swing: club has not connected — ground wave released ARMED, 1.6m in front, 12m/s x 6.0m = 0.50s, carrying 8 (half of the club's 16).
[  2403   27.475 x1.00] LOG  [Peach] light hit 8 dmg: 1 bite. 6/16 bites = 1.5 of 4 peaches
[  2403   27.475 x1.00] LOG  [Momentum] 3 -> 1 (light hit taken, 50% = -2), speed x1.05, damage x1.05, impact x1.05
[  2403   27.475 x1.00] LOG  [Combat] Combo memory: light hit, keeping step 2
[  2403   27.475 x1.00] LOG  [Combat] Hit react: HitReact_Light_2Leg (0.5s, clip starts at 0.35s)
[  2403   27.475 x1.00] LOG  [CameraGameFeel] Shake: intensity=0.30 duration=0.200s
[  2403   27.475 x1.00] LOG  [CameraGameFeel] FOV punch: player damage (-2.0°)
[  2403   27.475 x1.00] LOG  [OniBoss:Wave] wave TOUCHED Yoru (grounded) for 8 after 0.1m / 0.01s of travel.
[  2406   27.495 x1.00] LOG  [HitReactTrace] asked for 'HitReact_Light_2Leg' (0.50s, clip start 0.35s): playing it, blend resolved after 19 ms, state 1.21s long at speed 1.00, now at 0.36s, layer weight 1.00, animator.speed 1.00.
[  2465   27.947 x1.00] LOG  [OniBoss] Attack → Recovery
[  2465   27.947 x1.00] LOG  [OniBoss] Playing animation: Watch
[  2465   27.947 x1.00] LOG  [OniBoss:Trail] trail END at clip 0.99, fading over 0.40s.
[  2465   27.947 x1.00] LOG  [OniBoss:Strike] Club_Swing: club tip closest to Yoru at 0.51m, clip position 0.91 | damage fires at 0.42 | clip 0.84s => damage fires 407 ms BEFORE the club is closest
[  2479   28.046 x1.00] LOG  [Combat] Combo 3: 35 dmg
[  2479   28.046 x1.00] LOG  [ComboTrace] START step=3 state='Combo3' queued=0 target='OniBoss' at 2.0m
[  2479   28.046 x1.00] LOG  [ComboTrace] LAUNCH OniBoss at 0.8m dist=0.77m in 0.13s
[  2479   28.046 x1.00] LOG  [YoruVFX] Ground hazard: 'VFX_Void_Area_GroundSpinYORU' laid at GroundVFX ((482.05, 0.77, 406.30)), floor tilt 6.7 deg, 17 delays shifted by 2.00s, own lifetime 8.98s
[  2479   28.046 x1.00] LOG  [Combat] Hazard zone tick: OniBoss for 25
[  2479   28.046 x1.00] LOG  [Combat] Hazard zone laid: 8.98s, 25 dmg every 0.50s in 2.00m
[  2487   28.103 x1.00] LOG  [OniBoss] Recovery → Attack
[  2487   28.103 x1.00] LOG  [OniBoss] Attack: ClubSwing2 (16 dmg)
[  2487   28.103 x1.00] LOG  [OniBoss:Trail] ClubSwing2 trail START at clip 1.00 (transition still blending).
[  2488   28.111 x1.00] LOG  OniBoss took 37 damage. HP: 2104/2500
[  2488   28.111 x1.00] LOG  [OniBoss] Attack → Stagger
[  2488   28.111 x1.00] LOG  [OniBoss] Playing animation: Stagger
[  2488   28.111 x1.00] LOG  [OniBoss] STAGGERED for 2.5s
[  2488   28.111 x1.00] LOG  [OniBoss:Layer] heavy knock-back react (37 dmg) → 'HitReact_Heavy', down for 1.80s
[  2488   28.111 x1.00] LOG  [OniReactTrace] #4 HEAVY (0 dmg) asked for 'HitReact_Heavy': crossfade 0.08s, animator speed 1.35, world x1.00
[  2488   28.111 x1.00] LOG  [Momentum] 1 -> 2 (hit), speed x1.10, damage x1.10, impact x1.10
[  2488   28.111 x1.00] LOG  [CameraGameFeel] Shake: intensity=0.06 duration=0.080s
[  2488   28.111 x1.00] LOG  [CameraGameFeel] Shake: intensity=0.55 duration=0.200s
[  2488   28.111 x1.00] LOG  [CameraGameFeel] FOV punch: hit light (+1.5°)
[  2489   28.121 x1.00] LOG  [OniBoss:Trail] trail END at clip 1.00, fading over 0.40s.
[  2489   28.121 x1.00] LOG  [OniReactTrace] #4 +0.01s state SOMETHING ELSE, clip on his bones '?' weight 0.00, blending INTO 'HitReact_Heavy', layer weight 1.00, animator speed 0.00, world x1.00, engine Stagger
[  2495   28.187 x1.00] LOG  [ComboTrace] LAUNCH RESULT wanted=0.77m actually moved=0.16m, completed
[  2499   28.212 x1.00] LOG  [OniReactTrace] #4 +0.10s state 'HitReact_Heavy' at 5 % of its 1.11s, clip on his bones 'Take 001' weight 1.00, layer weight 1.00, animator speed 1.35, world x1.00, engine Stagger
[  2510   28.300 x1.00] LOG  [ComboTrace] CLICK IGNORED (step=3 queued=0)
[  2518   28.362 x1.00] LOG  [OniReactTrace] #4 +0.25s state 'HitReact_Heavy' at 18 % of its 1.11s, clip on his bones 'Take 001' weight 1.00, layer weight 1.00, animator speed 1.35, world x1.00, engine Stagger
[  2541   28.536 x1.00] LOG  [ComboTrace] CLICK IGNORED (step=3 queued=0)
[  2543   28.550 x1.00] LOG  [Combat] Hazard zone tick: OniBoss for 25
[  2544   28.563 x1.00] LOG  [OniReactTrace] #4 +0.45s state 'HitReact_Heavy' at 36 % of its 1.11s, clip on his bones 'Take 001' weight 1.00, layer weight 1.00, animator speed 1.35, world x1.00, engine Stagger
[  2567   28.749 x1.00] LOG  [ComboTrace] CLICK IGNORED (step=3 queued=0)
[  2576   28.812 x1.00] LOG  [OniReactTrace] #4 +0.70s state 'HitReact_Heavy' at 58 % of its 1.11s, clip on his bones 'Take 001' weight 1.00, layer weight 1.00, animator speed 1.35, world x1.00, engine Stagger
[  2583   28.863 x1.00] LOG  [ComboTrace] END step=3 clipProgress=0.95 clipLen=0.79s queued=0 elapsed=0.82s
[  2608   29.056 x1.00] LOG  [Combat] Hazard zone tick: OniBoss for 25
[  2609   29.063 x1.00] LOG  [OniReactTrace] #4 +0.95s state 'HitReact_Heavy' at 81 % of its 1.11s, clip on his bones 'Take 001' weight 1.00, layer weight 1.00, animator speed 1.35, world x1.00, engine Stagger
[  2609   29.063 x1.00] LOG  [OniReactTrace] #4 HEAVY verdict: played to 81 % of the clip, so the reaction IS on screen and what is missing is movement inside the clip itself
[  2647   29.367 x1.00] LOG  [Combat] Combo 1: 10 dmg
[  2647   29.367 x1.00] LOG  [ComboTrace] START step=1 state='Combo1' queued=0 target='OniBoss' at 2.7m
[  2647   29.367 x1.00] LOG  [ComboTrace] LAUNCH OniBoss at 1.4m dist=1.42m in 0.14s
[  2666   29.518 x1.00] LOG  [ComboTrace] LAUNCH RESULT wanted=1.42m actually moved=0.74m, completed
[  2673   29.559 x1.00] LOG  [Combat] Hazard zone tick: OniBoss for 25
[  2686   29.650 x1.00] LOG  [Combat] Queued click #1 (combo 1)
[  2686   29.650 x1.00] LOG  [ComboTrace] QUEUED #1 during step 1
[  2703   29.800 x1.00] LOG  OniBoss punish window! 11 → 16 (x1.5)
[  2703   29.800 x1.00] LOG  OniBoss took 16 damage. HP: 2013/2500
[  2703   29.800 x1.00] LOG  [Momentum] 2 -> 3 (hit), speed x1.15, damage x1.15, impact x1.15
[  2703   29.800 x1.00] LOG  [CameraGameFeel] Shake: intensity=0.06 duration=0.080s
[  2703   29.800 x1.00] LOG  [Combat] Hit OniBoss for 11
[  2703   29.800 x1.00] LOG  [CameraGameFeel] Shake: intensity=0.58 duration=0.200s
[  2703   29.800 x1.00] LOG  [CameraGameFeel] FOV punch: hit light (+1.5°)
[  2713   29.870 x1.00] LOG  [Combat] Queued click #2 (combo 1)
[  2713   29.870 x1.00] LOG  [ComboTrace] QUEUED #2 during step 1
[  2719   29.913 x1.00] LOG  [OniBoss] Stagger → Chase
[  2720   29.919 x1.00] LOG  [OniBoss] Playing animation: Watch
[  2720   29.919 x1.00] LOG  [OniBoss] Combo started: swing1-2 (2 steps remaining)
[  2720   29.919 x1.00] LOG  [OniBoss] Chase → Attack
[  2720   29.919 x1.00] LOG  [OniBoss] Attack: Club_Swing (16 dmg)
[  2720   29.919 x1.00] LOG  [OniBoss:Trail] Club_Swing trail START at clip 1.00 (transition done).
[  2725   29.951 x1.00] LOG  🐾 VFX_AttackPaw triggered!
[  2737   30.052 x1.00] LOG  [Combat] Combo 2: 20 dmg
[  2737   30.052 x1.00] LOG  [ComboTrace] START step=2 state='Combo2' queued=1 target='OniBoss' at 2.9m
[  2737   30.052 x1.00] LOG  [ComboTrace] LAUNCH OniBoss at 1.6m dist=1.57m in 0.16s
[  2746   30.148 x1.00] LOG  [ComboTrace] CLICK DROPPED by attackCooldown (0.10s, 0.10s since last attack) step=2
[  2756   30.220 x1.00] LOG  [ComboTrace] LAUNCH RESULT wanted=1.57m actually moved=0.90m, completed
[  2765   30.281 x1.00] LOG  [OniBoss:ClubPos] Club_Swing at strike: club tip 3.02m up, 2.39m in front, -3.01m to his right (3.84m out from his centre). Club faces -85deg from his forward, pitch 0.41. (the ground wave is born 1.6m in front of him at 0.35m.)
[  2765   30.281 x1.00] LOG  [OniBoss:Layer] Club_Swing: club has not connected — ground wave released ARMED, 1.6m in front, 12m/s x 6.0m = 0.50s, carrying 8 (half of the club's 16).
[  2766   30.293 x1.00] LOG  [Peach] light hit 8 dmg: 1 bite. 5/16 bites = 1.25 of 4 peaches
[  2766   30.293 x1.00] LOG  [Momentum] 3 -> 1 (light hit taken, 50% = -2), speed x1.05, damage x1.05, impact x1.05
[  2766   30.293 x1.00] LOG  [Combat] Combo memory: light hit, keeping step 2
[  2766   30.293 x1.00] LOG  [Combat] Hit react: HitReact_Light_2Leg (0.5s, clip starts at 0.35s)
[  2766   30.293 x1.00] LOG  [CameraGameFeel] Shake: intensity=0.30 duration=0.200s
[  2766   30.293 x1.00] LOG  [CameraGameFeel] FOV punch: player damage (-2.0°)
[  2766   30.293 x1.00] LOG  [OniBoss:Wave] wave TOUCHED Yoru (grounded) for 8 after 0.1m / 0.01s of travel.
[  2769   30.320 x1.00] LOG  [HitReactTrace] asked for 'HitReact_Light_2Leg' (0.50s, clip start 0.35s): playing it, blend resolved after 27 ms, state 1.21s long at speed 1.00, now at 0.37s, layer weight 1.00, animator.speed 1.00.
[  2823   30.768 x1.00] LOG  [OniBoss] Attack → Recovery
[  2823   30.768 x1.00] LOG  [OniBoss] Playing animation: Watch
[  2823   30.768 x1.00] LOG  [OniBoss:Trail] trail END at clip 0.99, fading over 0.40s.
[  2823   30.768 x1.00] LOG  [OniBoss:Strike] Club_Swing: club tip closest to Yoru at 0.52m, clip position 0.91 | damage fires at 0.42 | clip 0.84s => damage fires 412 ms BEFORE the club is closest
[  2843   30.919 x1.00] LOG  [OniBoss] Recovery → Attack
[  2843   30.919 x1.00] LOG  [OniBoss] Attack: ClubSwing2 (16 dmg)
[  2843   30.919 x1.00] LOG  [OniBoss:Trail] ClubSwing2 trail START at clip 1.00 (transition still blending).
[  2888   31.251 x1.00] LOG  [CameraGameFeel] Shake: intensity=0.20 duration=0.250s
[  2888   31.251 x1.00] LOG  [Peach] heavy hit 24 dmg: 3 bites. 2/16 bites = 0.5 of 4 peaches
[  2888   31.251 x1.00] LOG  [Momentum] 1 -> 0 (heavy hit taken, reset), speed x1.00, damage x1.00, impact x1.00
[  2888   31.251 x1.00] LOG  [Combat] Hit react: HitReact_Heavy_2Leg (0.9s, clip starts at 0.35s)
[  2888   31.251 x1.00] LOG  [CameraGameFeel] Shake: intensity=0.60 duration=0.200s
[  2888   31.251 x1.00] LOG  [CameraGameFeel] FOV punch: player damage (-3.0°)
[  2888   31.251 x1.00] LOG  [OniBoss] Hit player for 24 (ClubSwing2) [combo x1.50]
[  2888   31.251 x1.00] LOG  [OniBoss:Touch] ClubSwing2: club TOUCHED Yoru at clip 0.28, shaft 0.51m from her body line, head 0.51 along the club, tip 1.27m up, tip speed 93m/s, ONE FRAME EARLY (predicted). Full club hit delivered this frame.
[  2889   31.263 x1.00] LOG  [PeachUI] LOW HEALTH cue ON: 2 bites left, heartbeat 1.00s, bleed on, sound set
[  2889   31.263 x1.00] LOG  [HitReactTrace] asked for 'HitReact_Heavy_2Leg' (0.90s, clip start 0.35s): NOT playing it, another state took the combat layer, blend resolved after 12 ms, state 1.00s long at speed 1.00, now at 0.45s, layer weight 1.00, animator.speed 1.00.
[  2895   31.313 x1.00] LOG  [OniBoss:ClubPos] ClubSwing2 at strike: club tip 0.27m up, 1.46m in front, 2.82m to his right (3.18m out from his centre). Club faces 24deg from his forward, pitch -0.89. (the ground wave is born 1.6m in front of him at 0.35m.)
[  2895   31.313 x1.00] LOG  [OniBoss:Layer] ClubSwing2: club already hit — ground wave released as VISUAL only (0 damage), finisher size x2.0.
[  2992   32.084 x1.00] LOG  [OniBoss] Attack → Recovery
[  2992   32.084 x1.00] LOG  [OniBoss] Playing animation: Watch
[  2992   32.084 x1.00] LOG  [OniBoss:Trail] trail END at clip 0.99, fading over 0.40s.
[  2992   32.084 x1.00] LOG  [OniBoss:Strike] ClubSwing2: club tip closest to Yoru at 1.39m, clip position 0.30 | damage fires at 0.32 | clip 1.17s => MATCHED (within one or two frames)
[  3011   32.239 x1.00] LOG  [OniBoss] Recovery → Chase
[  3012   32.245 x1.00] LOG  [OniBoss] hold-ground: BACKSTEP 1.5m (player 2.0m)
[  3014   32.262 x1.00] LOG  [Combat] Combo 1: 10 dmg
[  3014   32.262 x1.00] LOG  [ComboTrace] START step=1 state='Combo1' queued=0 target='OniBoss' at 2.0m
[  3014   32.262 x1.00] LOG  [ComboTrace] LAUNCH OniBoss at 0.8m dist=0.79m in 0.13s
[  3029   32.396 x1.00] LOG  [ComboTrace] LAUNCH RESULT wanted=0.79m actually moved=0.18m, completed
[  3044   32.501 x1.00] LOG  [Combat] Queued click #1 (combo 1)
[  3044   32.501 x1.00] LOG  [ComboTrace] QUEUED #1 during step 1
[  3075   32.732 x1.00] LOG  OniBoss took 10 damage. HP: 2003/2500
[  3075   32.732 x1.00] LOG  [OniBoss] Chase → HitReact
[  3075   32.732 x1.00] LOG  [OniBoss:Layer] react tier: LIGHT (10 dmg) → 'Hit_react_light'
[  3075   32.732 x1.00] LOG  [OniReactTrace] #5 LIGHT (10 dmg) asked for 'Hit_react_light': crossfade 0.08s, animator speed 1.35, world x1.00
[  3075   32.732 x1.00] LOG  [Momentum] 0 -> 1 (hit), speed x1.05, damage x1.05, impact x1.05
[  3075   32.732 x1.00] LOG  [CameraGameFeel] Shake: intensity=0.06 duration=0.080s
[  3075   32.732 x1.00] LOG  [Combat] Hit OniBoss for 10
[  3075   32.732 x1.00] LOG  [CameraGameFeel] Shake: intensity=0.53 duration=0.200s
[  3075   32.732 x1.00] LOG  [CameraGameFeel] FOV punch: hit light (+1.5°)
[  3076   32.741 x1.00] LOG  [OniReactTrace] #5 +0.01s state SOMETHING ELSE, clip on his bones 'Take 001' weight 1.00, layer weight 1.00, animator speed 0.00, world x1.00, engine HitReact
[  3087   32.836 x1.00] LOG  [OniReactTrace] #5 +0.10s state 'Hit_react_light' at 11 % of its 0.62s, clip on his bones 'Take 001' weight 1.00, layer weight 1.00, animator speed 1.35, world x1.00, engine HitReact
[  3094   32.889 x1.00] LOG  🐾 VFX_AttackPaw triggered!
[  3108   32.985 x1.00] LOG  [OniReactTrace] #5 +0.25s state 'Hit_react_light' at 35 % of its 0.62s, clip on his bones 'Take 001' weight 1.00, layer weight 1.00, animator speed 1.35, world x1.00, engine HitReact
[  3110   32.997 x1.00] LOG  [Combat] Combo 2: 20 dmg
[  3110   32.997 x1.00] LOG  [ComboTrace] START step=2 state='Combo2' queued=0 target='OniBoss' at 2.6m
[  3110   32.997 x1.00] LOG  [ComboTrace] LAUNCH OniBoss at 1.3m dist=1.30m in 0.13s
[  3110   32.997 x1.00] LOG  [AirPosePin] engaged, holding body at 0.652m above the transform
[  3113   33.027 x1.00] LOG  [AirPosePin] released, peak correction was 0.000m
[  3127   33.132 x1.00] LOG  [ComboTrace] LAUNCH RESULT wanted=1.30m actually moved=0.61m, completed
[  3134   33.183 x1.00] LOG  [OniReactTrace] #5 +0.45s state 'Hit_react_light' at 67 % of its 0.62s, clip on his bones 'Take 001' weight 1.00, layer weight 1.00, animator speed 1.35, world x1.00, engine HitReact
[  3143   33.263 x1.00] LOG  [Combat] Queued click #1 (combo 2)
[  3143   33.263 x1.00] LOG  [ComboTrace] QUEUED #1 during step 2
[  3165   33.438 x1.00] LOG  [OniReactTrace] #5 +0.71s state 'Hit_react_light' at 100 % of its 0.62s, clip on his bones 'Take 001' weight 1.00, layer weight 1.00, animator speed 1.35, world x1.00, engine HitReact
[  3169   33.471 x1.00] LOG  [Combat] Queued click #2 (combo 2)
[  3169   33.471 x1.00] LOG  [ComboTrace] QUEUED #2 during step 2
[  3177   33.532 x1.00] LOG  [OniBoss] HitReact → Chase
[  3178   33.542 x1.00] LOG  [OniBoss] Playing animation: Idle
[  3178   33.542 x1.00] LOG  [OniBoss] Playing animation: Walk
[  3186   33.598 x1.00] LOG  🐾🐾 VFX_TowPaw triggered!
[  3189   33.617 x1.00] LOG  OniBoss took 21 damage. HP: 1982/2500
[  3189   33.617 x1.00] LOG  [OniBoss] 🤕 Hit during Chase — flash only
[  3189   33.617 x1.00] LOG  [Momentum] 1 -> 2 (hit), speed x1.10, damage x1.10, impact x1.10
[  3189   33.617 x1.00] LOG  [CameraGameFeel] Shake: intensity=0.06 duration=0.080s
[  3189   33.617 x1.00] LOG  [Combat] Hit OniBoss for 21
[  3189   33.617 x1.00] LOG  [CameraGameFeel] Shake: intensity=0.55 duration=0.200s
[  3189   33.617 x1.00] LOG  [CameraGameFeel] FOV punch: hit light (+1.5°)
[  3193   33.643 x1.00] LOG  [OniBoss] Playing animation: Idle
[  3196   33.670 x1.00] LOG  [ComboTrace] CLICK IGNORED (step=2 queued=2)
[  3198   33.683 x1.00] LOG  [OniReactTrace] #5 +0.95s state 'Hit_react_light' at 100 % of its 1.54s, clip on his bones '?' weight 0.00, blending into a DIFFERENT state, layer weight 1.00, animator speed 1.35, world x1.00, engine Chase
[  3198   33.683 x1.00] LOG  [OniReactTrace] #5 LIGHT verdict: played to 100 % of the clip, so the reaction IS on screen and what is missing is movement inside the clip itself
[  3220   33.868 x1.00] LOG  [ComboTrace] CLICK IGNORED (step=2 queued=2)
[  3236   33.986 x1.00] LOG  🐾🐾 VFX_TowPaw triggered!
[  3239   34.014 x1.00] LOG  [Combat] Combo 3: 35 dmg
[  3239   34.014 x1.00] LOG  [ComboTrace] START step=3 state='Combo3' queued=1 target='OniBoss' at 2.3m
[  3239   34.014 x1.00] LOG  [ComboTrace] LAUNCH OniBoss at 1.1m dist=1.07m in 0.13s
[  3239   34.014 x1.00] LOG  [YoruVFX] Ground hazard: 'VFX_Void_Area_GroundSpinYORU' laid at GroundVFX ((484.35, 0.70, 404.89)), floor tilt 8.3 deg, 17 delays shifted by 2.00s, own lifetime 8.98s
[  3239   34.014 x1.00] LOG  [Combat] Hazard zone tick: OniBoss for 25
[  3239   34.014 x1.00] LOG  [Combat] Hazard zone laid: 8.98s, 25 dmg every 0.50s in 2.00m
[  3242   34.045 x1.00] LOG  [OniBoss] Combo started: ClubSwing1 → ClubSwing2 → ClubSlam (3 steps remaining)
[  3242   34.045 x1.00] LOG  [OniBoss] Chase → Attack
[  3242   34.045 x1.00] LOG  [OniBoss] Attack: Club_Swing (16 dmg)
[  3242   34.045 x1.00] LOG  [OniBoss:Trail] Club_Swing trail START at clip 0.25 (transition done).
[  3246   34.076 x1.00] LOG  OniBoss took 38 damage. HP: 1919/2500
[  3246   34.076 x1.00] LOG  [OniBoss] Attack → Stagger
[  3246   34.076 x1.00] LOG  [OniBoss] Playing animation: Stagger
[  3246   34.076 x1.00] LOG  [OniBoss] STAGGERED for 2.5s
[  3246   34.076 x1.00] LOG  [OniBoss:Layer] heavy knock-back react (38 dmg) → 'HitReact_Heavy', down for 1.80s
[  3246   34.076 x1.00] LOG  [OniReactTrace] #6 HEAVY (0 dmg) asked for 'HitReact_Heavy': crossfade 0.08s, animator speed 1.35, world x1.00
[  3246   34.076 x1.00] LOG  [Momentum] 2 -> 3 (hit), speed x1.15, damage x1.15, impact x1.15
[  3246   34.076 x1.00] LOG  [CameraGameFeel] Shake: intensity=0.06 duration=0.080s
[  3246   34.076 x1.00] LOG  [CameraGameFeel] Shake: intensity=0.58 duration=0.200s
[  3246   34.076 x1.00] LOG  [CameraGameFeel] FOV punch: hit light (+1.5°)
[  3247   34.084 x1.00] LOG  [OniBoss:Trail] trail END at clip 0.27, fading over 0.40s.
[  3247   34.084 x1.00] LOG  [OniReactTrace] #6 +0.01s state SOMETHING ELSE, clip on his bones '?' weight 0.00, blending INTO 'HitReact_Heavy', layer weight 1.00, animator speed 0.00, world x1.00, engine Stagger
[  3253   34.152 x1.00] LOG  [ComboTrace] LAUNCH RESULT wanted=1.07m actually moved=0.58m, completed
[  3256   34.176 x1.00] LOG  [OniReactTrace] #6 +0.10s state 'HitReact_Heavy' at 5 % of its 1.11s, clip on his bones 'Take 001' weight 1.00, layer weight 1.00, animator speed 1.35, world x1.00, engine Stagger
[  3275   34.331 x1.00] LOG  [OniReactTrace] #6 +0.26s state 'HitReact_Heavy' at 19 % of its 1.11s, clip on his bones 'Take 001' weight 1.00, layer weight 1.00, animator speed 1.35, world x1.00, engine Stagger
[  3284   34.387 x1.00] LOG  [ComboTrace] CLICK IGNORED (step=3 queued=1)
[  3300   34.514 x1.00] LOG  [Combat] Hazard zone tick: OniBoss for 25
[  3302   34.527 x1.00] LOG  [OniReactTrace] #6 +0.45s state 'HitReact_Heavy' at 36 % of its 1.11s, clip on his bones 'Take 001' weight 1.00, layer weight 1.00, animator speed 1.35, world x1.00, engine Stagger
[  3334   34.782 x1.00] LOG  [OniReactTrace] #6 +0.71s state 'HitReact_Heavy' at 59 % of its 1.11s, clip on his bones 'Take 001' weight 1.00, layer weight 1.00, animator speed 1.35, world x1.00, engine Stagger
[  3341   34.831 x1.00] LOG  [ComboTrace] END step=3 clipProgress=0.95 clipLen=0.79s queued=0 elapsed=0.82s
[  3366   35.020 x1.00] LOG  [Combat] Hazard zone tick: OniBoss for 25
[  3367   35.027 x1.00] LOG  [OniReactTrace] #6 +0.95s state 'HitReact_Heavy' at 81 % of its 1.11s, clip on his bones 'Take 001' weight 1.00, layer weight 1.00, animator speed 1.35, world x1.00, engine Stagger
[  3367   35.027 x1.00] LOG  [OniReactTrace] #6 HEAVY verdict: played to 81 % of the clip, so the reaction IS on screen and what is missing is movement inside the clip itself
[  3419   35.409 x1.00] LOG  [Combat] Combo 1: 10 dmg
[  3419   35.409 x1.00] LOG  [ComboTrace] START step=1 state='Combo1' queued=0 target='OniBoss' at 2.7m
[  3419   35.409 x1.00] LOG  [ComboTrace] LAUNCH OniBoss at 1.4m dist=1.35m in 0.14s
[  3419   35.409 x1.00] LOG  [AirPosePin] engaged, holding body at 0.652m above the transform
[  3421   35.427 x1.00] LOG  [AirPosePin] released, peak correction was 0.000m
[  3433   35.526 x1.00] LOG  [Combat] Hazard zone tick: OniBoss for 25
[  3436   35.550 x1.00] LOG  [ComboTrace] LAUNCH RESULT wanted=1.35m actually moved=0.68m, completed
[  3450   35.663 x1.00] LOG  [Combat] Queued click #1 (combo 1)
[  3450   35.663 x1.00] LOG  [ComboTrace] QUEUED #1 during step 1
[  3471   35.817 x1.00] LOG  OniBoss punish window! 12 → 18 (x1.5)
[  3471   35.817 x1.00] LOG  OniBoss took 18 damage. HP: 1826/2500
[  3471   35.817 x1.00] LOG  [Momentum] 3 -> 4 (hit), speed x1.20, damage x1.20, impact x1.20
[  3471   35.817 x1.00] LOG  [CameraGameFeel] Shake: intensity=0.06 duration=0.080s
[  3471   35.817 x1.00] LOG  [Combat] Hit OniBoss for 12
[  3471   35.817 x1.00] LOG  [CameraGameFeel] Shake: intensity=0.60 duration=0.200s
[  3471   35.817 x1.00] LOG  [CameraGameFeel] FOV punch: hit light (+1.5°)
[  3479   35.877 x1.00] LOG  [OniBoss] Stagger → Chase
[  3480   35.883 x1.00] LOG  [OniBoss] Playing animation: Watch
[  3480   35.883 x1.00] LOG  [OniBoss] Combo started: ClubSwing1 → ClubSwing2 → ClubSlam (3 steps remaining)
[  3480   35.883 x1.00] LOG  [OniBoss] Chase → Attack
[  3480   35.883 x1.00] LOG  [OniBoss] Attack: Club_Swing (16 dmg)
[  3480   35.883 x1.00] LOG  [OniBoss:Trail] Club_Swing trail START at clip 1.00 (transition done).
[  3493   35.972 x1.00] LOG  🐾 VFX_AttackPaw triggered!
[  3506   36.066 x1.00] LOG  [Combat] Combo 2: 20 dmg
[  3506   36.066 x1.00] LOG  [ComboTrace] START step=2 state='Combo2' queued=0 target='OniBoss' at 2.9m
[  3506   36.066 x1.00] LOG  [ComboTrace] LAUNCH OniBoss at 1.6m dist=1.57m in 0.16s
[  3525   36.227 x1.00] LOG  [ComboTrace] LAUNCH RESULT wanted=1.57m actually moved=0.90m, completed
[  3528   36.254 x1.00] LOG  [OniBoss:ClubPos] Club_Swing at strike: club tip 3.03m up, 1.96m in front, -3.18m to his right (3.73m out from his centre). Club faces -94deg from his forward, pitch 0.41. (the ground wave is born 1.6m in front of him at 0.35m.)
[  3528   36.254 x1.00] LOG  [OniBoss:Layer] Club_Swing: club has not connected — ground wave released ARMED, 1.6m in front, 12m/s x 6.0m = 0.50s, carrying 8 (half of the club's 16).
[  3529   36.262 x1.00] LOG  [Peach] light hit 8 dmg: 1 bite. 1/16 bites = 0.25 of 4 peaches
[  3529   36.262 x1.00] LOG  [Momentum] 4 -> 2 (light hit taken, 50% = -2), speed x1.10, damage x1.10, impact x1.10
[  3529   36.262 x1.00] LOG  [Combat] Combo memory: light hit, keeping step 2
[  3529   36.262 x1.00] LOG  [Combat] Hit react: HitReact_Light_2Leg (0.5s, clip starts at 0.35s)
[  3529   36.262 x1.00] LOG  [CameraGameFeel] Shake: intensity=0.30 duration=0.200s
[  3529   36.262 x1.00] LOG  [CameraGameFeel] FOV punch: player damage (-2.0°)
[  3529   36.262 x1.00] LOG  [OniBoss:Wave] wave TOUCHED Yoru (grounded) for 8 after 0.1m / 0.01s of travel.
[  3532   36.286 x1.00] LOG  [HitReactTrace] asked for 'HitReact_Light_2Leg' (0.50s, clip start 0.35s): playing it, blend resolved after 24 ms, state 1.21s long at speed 1.00, now at 0.37s, layer weight 1.00, animator.speed 1.00.
[  3591   36.722 x1.00] LOG  [OniBoss] Attack → Recovery
[  3591   36.722 x1.00] LOG  [OniBoss] Playing animation: Watch
[  3591   36.722 x1.00] LOG  [OniBoss:Trail] trail END at clip 1.00, fading over 0.40s.
[  3591   36.722 x1.00] LOG  [OniBoss:Strike] Club_Swing: club tip closest to Yoru at 0.50m, clip position 0.91 | damage fires at 0.42 | clip 0.84s => damage fires 407 ms BEFORE the club is closest
[  3611   36.874 x1.00] LOG  [OniBoss] Recovery → Attack
[  3611   36.874 x1.00] LOG  [OniBoss] Attack: ClubSwing2 (16 dmg)
[  3611   36.874 x1.00] LOG  [OniBoss:Trail] ClubSwing2 trail START at clip 1.00 (transition still blending).
[  3636   37.054 x1.00] LOG  🚶 2-LEG JUMP
[  3636   37.054 x1.00] LOG  🐾 Jump 1 VFX spawned!
[  3662   37.263 x1.00] LOG  [OniBoss:ClubPos] ClubSwing2 at strike: club tip 0.33m up, 1.37m in front, 2.92m to his right (3.22m out from his centre). Club faces 29deg from his forward, pitch -0.89. (the ground wave is born 1.6m in front of him at 0.35m.)
[  3662   37.263 x1.00] LOG  [OniBoss:Layer] ClubSwing2: club has not connected — ground wave released ARMED, 1.6m in front, 12m/s x 6.0m = 0.50s, carrying 10 (half of the club's 20).
[  3705   37.587 x1.00] LOG  [ComboTrace] LAUNCH OniBoss at 0.6m dist=0.58m in 0.13s [AIRBORNE]
[  3705   37.587 x1.00] LOG  [Combat] Aerial spin, 25 dmg
[  3705   37.587 x1.00] LOG  [YoruVFX] Air spin: 'VFX_Void_Burst_AirSpinYoru' at CenterVFX, 46 systems, longest 1.00s fitted to 0.79s at speed 1.27, 8 forced Local, 38 delays zeroed, tail 2.37s
[  3705   37.587 x1.00] LOG  OniBoss took 11 damage. HP: 1815/2500
[  3705   37.587 x1.00] LOG  [OniBoss] 🤕 Hit during Attack — flash only
[  3705   37.587 x1.00] LOG  [Momentum] 2 -> 3 (hit), speed x1.15, damage x1.15, impact x1.15
[  3705   37.587 x1.00] LOG  [CameraGameFeel] Shake: intensity=0.06 duration=0.080s
[  3705   37.587 x1.00] LOG  [CameraGameFeel] Shake: intensity=0.58 duration=0.200s
[  3705   37.587 x1.00] LOG  [CameraGameFeel] FOV punch: hit light (+1.5°)
[  3705   37.587 x1.00] LOG  [AirPosePin] engaged, holding body at 2.524m above the transform
[  3720   37.725 x1.00] LOG  [ComboTrace] LAUNCH RESULT wanted=0.58m actually moved=0.00m, completed
[  3722   37.742 x1.00] LOG  OniBoss took 12 damage. HP: 1803/2500
[  3722   37.742 x1.00] LOG  [OniBoss] 🤕 Hit during Attack — flash only
[  3722   37.742 x1.00] LOG  [CameraGameFeel] Shake: intensity=0.20 duration=0.200s
[  3725   37.767 x1.00] LOG  [OniBoss:Wave] armed wave expired UNTOUCHED — closest 0.00m to Yoru (hit width 1.60), she was AIRBORNE at the closest moment.
[  3739   37.894 x1.00] LOG  OniBoss took 12 damage. HP: 1791/2500
[  3739   37.894 x1.00] LOG  [OniBoss] 🤕 Hit during Attack — flash only
[  3739   37.894 x1.00] LOG  [OniBoss] Attack → Stagger
[  3739   37.894 x1.00] LOG  [OniBoss] Playing animation: Stagger
[  3739   37.894 x1.00] LOG  [OniBoss] STAGGERED for 2.5s
[  3739   37.894 x1.00] LOG  [OniBoss:Layer] heavy knock-back react (swirl burst, 3 hits / 35 dmg) → 'HitReact_Heavy', down for 1.80s
[  3739   37.894 x1.00] LOG  [OniReactTrace] #7 HEAVY (0 dmg) asked for 'HitReact_Heavy': crossfade 0.08s, animator speed 1.35, world x1.00
[  3739   37.894 x1.00] LOG  [OniBoss:Layer] burst: 3 hits / 35 dmg inside 0.8s → knock-back + 0.90m push
[  3739   37.894 x1.00] LOG  [Momentum] 3 -> 4 (hit), speed x1.20, damage x1.20, impact x1.20
[  3739   37.894 x1.00] LOG  [CameraGameFeel] Shake: intensity=0.06 duration=0.080s
[  3739   37.894 x1.00] LOG  [CameraGameFeel] Shake: intensity=0.21 duration=0.200s
[  3739   37.894 x1.00] LOG  [OniBoss:Touch] ClubSwing2: no touch this swing, closest 0.92m at clip 0.29 (head 0.59 along the club), fastest tip 109m/s (radius 0.70, min speed 50, max tip height 2.5m).
[  3739   37.894 x1.00] LOG  [OniBoss:Strike] ClubSwing2: club tip closest to Yoru at 1.98m, clip position 0.29 | damage fires at 0.32 | clip 1.17s => damage fires 32 ms AFTER the club is closest — it lands once the club has passed her
[  3740   37.902 x1.00] LOG  [OniBoss:Trail] trail END at clip 0.83, fading over 0.40s.
[  3740   37.902 x1.00] LOG  [OniReactTrace] #7 +0.01s state SOMETHING ELSE, clip on his bones 'Take 001' weight 0.77, blending INTO 'HitReact_Heavy', layer weight 1.00, animator speed 1.35, world x1.00, engine Stagger
[  3749   37.982 x1.00] LOG  💨 Landing VFX spawned!
[  3749   37.982 x1.00] LOG  ✅ LANDED! (was jump #1)
[  3749   37.982 x1.00] LOG  [AirPosePin] released, peak correction was 0.000m
[  3751   38.001 x1.00] LOG  [OniReactTrace] #7 +0.11s state 'HitReact_Heavy' at 9 % of its 1.11s, clip on his bones 'Take 001' weight 1.00, layer weight 1.00, animator speed 1.35, world x1.00, engine Stagger
[  3770   38.155 x1.00] LOG  [OniReactTrace] #7 +0.26s state 'HitReact_Heavy' at 22 % of its 1.11s, clip on his bones 'Take 001' weight 1.00, layer weight 1.00, animator speed 1.35, world x1.00, engine Stagger
[  3791   38.312 x1.00] LOG  [YoruVFX] Spin VFX stopped, fading for 2.37s
[  3795   38.344 x1.00] LOG  [ComboTrace] END step=3 clipProgress=0.90 clipLen=0.79s queued=0 elapsed=0.76s
[  3796   38.351 x1.00] LOG  [OniReactTrace] #7 +0.46s state 'HitReact_Heavy' at 40 % of its 1.11s, clip on his bones 'Take 001' weight 1.00, layer weight 1.00, animator speed 1.35, world x1.00, engine Stagger
[  3829   38.605 x1.00] LOG  [OniReactTrace] #7 +0.71s state 'HitReact_Heavy' at 63 % of its 1.11s, clip on his bones 'Take 001' weight 1.00, layer weight 1.00, animator speed 1.35, world x1.00, engine Stagger
[  3847   38.730 x1.00] LOG  [Combat] Combo 1: 10 dmg
[  3847   38.730 x1.00] LOG  [ComboTrace] START step=1 state='Combo1' queued=0 target='OniBoss' at 2.8m
[  3847   38.730 x1.00] LOG  [ComboTrace] LAUNCH OniBoss at 1.6m dist=1.55m in 0.16s
[  3862   38.850 x1.00] LOG  [OniReactTrace] #7 +0.96s state 'HitReact_Heavy' at 85 % of its 1.11s, clip on his bones 'Take 001' weight 1.00, layer weight 1.00, animator speed 1.35, world x1.00, engine Stagger
[  3862   38.850 x1.00] LOG  [OniReactTrace] #7 HEAVY verdict: played to 85 % of the clip, so the reaction IS on screen and what is missing is movement inside the clip itself
[  3868   38.888 x1.00] LOG  [ComboTrace] LAUNCH RESULT wanted=1.55m actually moved=0.86m, completed
[  3902   39.122 x1.00] LOG  OniBoss punish window! 12 → 18 (x1.5)
[  3902   39.122 x1.00] LOG  OniBoss took 18 damage. HP: 1773/2500
[  3902   39.122 x1.00] LOG  [Momentum] 4 -> 5 (hit), speed x1.25, damage x1.25, impact x1.25
[  3902   39.122 x1.00] LOG  [CameraGameFeel] Shake: intensity=0.14 duration=0.080s
[  3902   39.122 x1.00] LOG  [Combat] Hit OniBoss for 12
[  3902   39.122 x1.00] LOG  [CameraGameFeel] Shake: intensity=0.63 duration=0.200s
[  3902   39.122 x1.00] LOG  [CameraGameFeel] FOV punch: hit light (+1.5°)
[  3909   39.173 x1.00] LOG  [Combat] Queued click #1 (combo 1)
[  3909   39.173 x1.00] LOG  [ComboTrace] QUEUED #1 during step 1
[  3923   39.272 x1.00] LOG  🐾 VFX_AttackPaw triggered!
[  3934   39.363 x1.00] LOG  [Combat] Combo 2: 20 dmg
[  3934   39.363 x1.00] LOG  [ComboTrace] START step=2 state='Combo2' queued=0 target='OniBoss' at 2.9m
[  3934   39.363 x1.00] LOG  [ComboTrace] LAUNCH OniBoss at 1.6m dist=1.59m in 0.16s
[  3955   39.522 x1.00] LOG  [ComboTrace] LAUNCH RESULT wanted=1.59m actually moved=0.90m, completed
[  3980   39.704 x1.00] LOG  [OniBoss] Stagger → Chase
[  3981   39.719 x1.00] LOG  [OniBoss] Playing animation: Idle
[  3981   39.719 x1.00] LOG  [OniBoss] Chase → Attack
[  3981   39.719 x1.00] LOG  [OniBoss] Attack: ClubSwing2 (16 dmg)
[  3981   39.719 x1.00] LOG  [OniBoss:Trail] ClubSwing2 trail START at clip 1.00 (transition done).
[  4000   39.869 x1.00] LOG  🐾🐾 VFX_TowPaw triggered!
[  4002   39.883 x1.00] LOG  OniBoss took 25 damage. HP: 1748/2500
[  4002   39.883 x1.00] LOG  [OniBoss] Attack → Stagger
[  4002   39.883 x1.00] LOG  [OniBoss] Playing animation: Stagger
[  4002   39.883 x1.00] LOG  [OniBoss] STAGGERED for 2.5s
[  4002   39.883 x1.00] LOG  [OniBoss:Layer] heavy knock-back react (25 dmg) → 'HitReact_Heavy', down for 1.80s
[  4002   39.883 x1.00] LOG  [OniReactTrace] #8 HEAVY (0 dmg) asked for 'HitReact_Heavy': crossfade 0.08s, animator speed 1.35, world x1.00
[  4002   39.883 x1.00] LOG  [Momentum] 5 -> 6 (hit), speed x1.30, damage x1.30, impact x1.30
[  4002   39.883 x1.00] LOG  [CameraGameFeel] Shake: intensity=0.06 duration=0.080s
[  4002   39.883 x1.00] LOG  [Combat] Hit OniBoss for 25
[  4002   39.883 x1.00] LOG  [CameraGameFeel] Shake: intensity=0.65 duration=0.200s
[  4002   39.883 x1.00] LOG  [CameraGameFeel] FOV punch: hit light (+1.5°)
[  4002   39.883 x1.00] LOG  [OniBoss:Strike] ClubSwing2: club tip closest to Yoru at 4.40m, clip position 0.09 | damage fires at 0.32 | clip 1.17s => damage fires 274 ms AFTER the club is closest — it lands once the club has passed her
[  4003   39.893 x1.00] LOG  [OniBoss:Trail] trail END at clip 0.14, fading over 0.40s.
[  4003   39.893 x1.00] LOG  [OniReactTrace] #8 +0.01s state SOMETHING ELSE, clip on his bones 'Take 001' weight 1.00, layer weight 1.00, animator speed 0.00, world x1.00, engine Stagger
[  4014   39.983 x1.00] LOG  [OniReactTrace] #8 +0.10s state SOMETHING ELSE, clip on his bones 'Take 001' weight 0.05, blending INTO 'HitReact_Heavy', layer weight 1.00, animator speed 1.35, world x1.00, engine Stagger
[  4015   39.993 x1.00] LOG  [Combat] Queued click #1 (combo 2)
[  4015   39.993 x1.00] LOG  [ComboTrace] QUEUED #1 during step 2
[  4033   40.135 x1.00] LOG  [OniReactTrace] #8 +0.25s state 'HitReact_Heavy' at 18 % of its 1.11s, clip on his bones 'Take 001' weight 1.00, layer weight 1.00, animator speed 1.35, world x1.00, engine Stagger
[  4044   40.223 x1.00] LOG  🐾🐾 VFX_TowPaw triggered!
[  4047   40.242 x1.00] LOG  [Combat] Combo 3: 35 dmg
[  4047   40.242 x1.00] LOG  [ComboTrace] START step=3 state='Combo3' queued=0 target='OniBoss' at 2.9m
[  4047   40.242 x1.00] LOG  [ComboTrace] LAUNCH OniBoss at 1.6m dist=1.60m in 0.16s
[  4047   40.242 x1.00] LOG  [YoruVFX] Ground hazard: 'VFX_Void_Area_GroundSpinYORU' laid at GroundVFX ((487.81, 0.30, 402.87)), floor tilt 6.1 deg, 17 delays shifted by 2.00s, own lifetime 8.98s
[  4047   40.242 x1.00] LOG  [Combat] Hazard zone tick: OniBoss for 25
[  4047   40.242 x1.00] LOG  [Combat] Hazard zone laid: 8.98s, 25 dmg every 0.50s in 2.00m
[  4053   40.305 x1.00] LOG  OniBoss punish window! 46 → 69 (x1.5)
[  4053   40.305 x1.00] LOG  OniBoss took 69 damage. HP: 1654/2500
[  4053   40.305 x1.00] LOG  [Momentum] 6 -> 7 (hit), speed x1.35, damage x1.35, impact x1.35
[  4053   40.305 x1.00] LOG  [CameraGameFeel] Shake: intensity=0.06 duration=0.080s
[  4053   40.305 x1.00] LOG  [CameraGameFeel] Shake: intensity=0.68 duration=0.200s
[  4053   40.305 x1.00] LOG  [CameraGameFeel] FOV punch: hit light (+1.5°)
[  4056   40.341 x1.00] LOG  [OniReactTrace] #8 +0.46s state 'HitReact_Heavy' at 33 % of its Infinitys, clip on his bones 'Take 001' weight 1.00, layer weight 1.00, animator speed 0.00, world x1.00, engine Stagger
[  4062   40.406 x1.00] LOG  [ComboTrace] LAUNCH RESULT wanted=1.60m actually moved=1.31m, completed
[  4088   40.586 x1.00] LOG  [OniReactTrace] #8 +0.70s state 'HitReact_Heavy' at 53 % of its 1.11s, clip on his bones 'Take 001' weight 1.00, layer weight 1.00, animator speed 1.35, world x1.00, engine Stagger
[  4122   40.834 x1.00] LOG  [OniReactTrace] #8 +0.95s state 'HitReact_Heavy' at 75 % of its 1.11s, clip on his bones 'Take 001' weight 1.00, layer weight 1.00, animator speed 1.35, world x1.00, engine Stagger
[  4122   40.834 x1.00] LOG  [OniReactTrace] #8 HEAVY verdict: played to 75 % of the clip, so the reaction IS on screen and what is missing is movement inside the clip itself
[  4154   41.072 x1.00] LOG  [ComboTrace] END step=3 clipProgress=0.96 clipLen=0.79s queued=0 elapsed=0.83s
[  4183   41.280 x1.00] LOG  [Combat] Combo 1: 10 dmg
[  4183   41.280 x1.00] LOG  [ComboTrace] START step=1 state='Combo1' queued=0 target='OniBoss' at 2.5m
[  4183   41.280 x1.00] LOG  [ComboTrace] LAUNCH OniBoss at 1.3m dist=1.25m in 0.13s
[  4198   41.416 x1.00] LOG  [ComboTrace] LAUNCH RESULT wanted=1.25m actually moved=0.49m, completed
[  4230   41.633 x1.00] LOG  OniBoss punish window! 14 → 21 (x1.5)
[  4230   41.633 x1.00] LOG  OniBoss took 21 damage. HP: 1633/2500
[  4230   41.633 x1.00] LOG  [Momentum] 7 -> 8 (hit), speed x1.40, damage x1.40, impact x1.40
[  4230   41.633 x1.00] LOG  [CameraGameFeel] Shake: intensity=0.06 duration=0.080s
[  4230   41.633 x1.00] LOG  [Combat] Hit OniBoss for 14
[  4230   41.633 x1.00] LOG  [CameraGameFeel] Shake: intensity=0.70 duration=0.200s
[  4230   41.633 x1.00] LOG  [CameraGameFeel] FOV punch: hit light (+1.5°)
[  4238   41.683 x1.00] LOG  [OniBoss] Stagger → Chase
[  4239   41.693 x1.00] LOG  [OniBoss] Playing animation: Watch
[  4239   41.693 x1.00] LOG  [OniBoss] Chase → Attack
[  4239   41.693 x1.00] LOG  [OniBoss] Attack: ClubSwing2 (16 dmg)
[  4239   41.693 x1.00] LOG  [OniBoss:Trail] ClubSwing2 trail START at clip 1.00 (transition done).
[  4249   41.769 x1.00] LOG  🐾 VFX_AttackPaw triggered!
[  4271   41.926 x1.00] LOG  [ComboTrace] END step=1 clipProgress=0.85 clipLen=0.70s queued=0 elapsed=0.65s
[  4284   42.030 x1.00] LOG  [CameraGameFeel] Shake: intensity=0.20 duration=0.250s
[  4284   42.030 x1.00] LOG  [Peach] light hit 16 dmg: 2 bites. 0/16 bites = 0 of 4 peaches
[  4284   42.030 x1.00] LOG  [Health] Player died (light killing hit). Game over menu: next pass.
[  4284   42.030 x1.00] LOG  [CameraGameFeel] Shake: intensity=0.30 duration=0.200s
[  4284   42.030 x1.00] LOG  [CameraGameFeel] FOV punch: player damage (-2.0°)
[  4284   42.030 x0.15] LOG  [Death] Yoru died on the ground on 2 legs (light hit): HR_Die_2legs. Slow motion x0.15 for 0.8s then x0.50, death sound set.
[  4284   42.030 x0.15] LOG  [OniBoss] Hit player for 16 (ClubSwing2)
[  4284   42.030 x0.15] LOG  [OniBoss:Touch] ClubSwing2: club TOUCHED Yoru at clip 0.29, shaft 0.46m from her body line, head 0.79 along the club, tip 1.25m up, tip speed 98m/s, ONE FRAME EARLY (predicted). Full club hit delivered this frame.
[  4285   42.041 x0.15] LOG  [GameOver] Yoru died: waiting for the death animation to finish, then 1.0s, then ink 3.0s, title 2.0s, buttons 1.5s
[  4285   42.041 x0.15] LOG  [PeachUI] LOW HEALTH cue OFF (she died: heartbeat stops, bleed holds at full)
[  4320   42.284 x0.15] LOG  [OniBoss:ClubPos] ClubSwing2 at strike: club tip 0.05m up, 1.94m in front, 2.27m to his right (2.98m out from his centre). Club faces -1deg from his forward, pitch -0.87. (the ground wave is born 1.6m in front of him at 0.35m.)
[  4320   42.284 x0.15] LOG  [OniBoss:Layer] ClubSwing2: club already hit — ground wave released as VISUAL only (0 damage).
[  4632   44.589 x0.50] LOG  [OniBoss] Attack → Recovery
[  4632   44.589 x0.50] LOG  [OniBoss] Playing animation: Watch
[  4632   44.589 x0.50] LOG  [OniBoss:Trail] trail END at clip 0.99, fading over 0.40s.
[  4632   44.589 x0.50] LOG  [OniBoss:Strike] ClubSwing2: club tip closest to Yoru at 0.47m, clip position 0.30 | damage fires at 0.32 | clip 1.17s => MATCHED (within one or two frames)
[  4633   44.596 x0.50] LOG  [OniBoss] Yoru is dead: standing down
[  4633   44.596 x0.50] LOG  [OniBoss] Recovery → Idle
[  4633   44.596 x0.50] LOG  [OniBoss] Playing animation: Idle
[  4633   44.596 x0.50] LOG  [OniBoss:Layer] watch stance ON (player 2.9m)
[  4633   44.596 x0.50] LOG  [BossBar] Hiding bar (Oni disengaged)
[  4633   44.596 x0.50] LOG  [OniBoss:Layer] boss bar hidden (disengage)
[  4904   46.485 x0.50] LOG  [StormWeather] ⚡ strike at (480.22, 45.00, 444.31)
[  5003   47.151 x0.50] LOG  [Momentum] 8 -> 7 (drain), speed x1.35, damage x1.35, impact x1.35
[  5146   48.161 x0.50] LOG  [Momentum] 7 -> 6 (drain), speed x1.30, damage x1.30, impact x1.30
[  5279   49.121 x0.50] LOG  [GameOver] death animation finished 7.1s after the hit (world at x0.50); the world freezes in 1.0s
[  5285   49.164 x0.50] LOG  [Momentum] 6 -> 5 (drain), speed x1.25, damage x1.25, impact x1.25
[  5423   50.127 x0.50] LOG  [GameOver] world frozen: 1426 x 802 from camera 'mainCamera (1)', levels 0.09 to 0.45 (measured), red edges start at 0.55
[  5425   50.164 x0.50] LOG  [Momentum] 5 -> 4 (drain), speed x1.20, damage x1.20, impact x1.20
[  5559   51.166 x0.50] LOG  [Momentum] 4 -> 3 (drain), speed x1.15, damage x1.15, impact x1.15
[  5601   51.488 x0.50] LOG  [Pause] Esc ignored: Yoru is dead, the game over screen owns the screen
[  5689   52.171 x0.50] LOG  [Momentum] 3 -> 2 (drain), speed x1.10, damage x1.10, impact x1.10
[  5768   52.736 x0.50] LOG  [StormWeather] terrain layers restored to dry values.
# end — 709 lines
