# Oni combat log — 2026-09-23 21:25:42
# Unity 6000.2.7f2 | scene 'CaveScene_Oni_Boss1' | platform OSXEditor
# columns: [frame realSeconds timeScale] KIND message      (KIND: LOG WARN ERR EXC TEL)
#
[     0    0.000 x1.00] LOG  [OniLog] console + telemetry → /Users/asenahazal/Documents/Yoru/OniLogs/oni_2026-09-23_21-25-42.log
[     0    0.000 x1.00] LOG  [OniHairShadows] shadow casting off on 27 hair renderers
[     0    0.000 x1.00] LOG  [RingMesh] Auto-found 11/11 left, 11/11 right meshes
[     1    0.000 x1.00] LOG  [GameOver] ready (sumi-e): PlayerCombat found, ink shader ok, paper set, kanji set, font YujiSyuku-Regular SDF, Main Menu faint (no scene set)
[     1    0.000 x1.00] LOG  [Pause] ready: key Escape, paper shader ok, paper set, kanji set, font YujiSyuku-Regular SDF, capture ScreenGrab, Main Menu faint (no scene set)
[     1    0.000 x1.00] LOG  [PeachUI] row ready: 4 peaches, 64 px, TopLeft, bleed sprite set, PlayerHealth found
[     1    0.000 x1.00] LOG  [BossBar] BossHealthBarUI initialized
[     1    0.000 x1.00] LOG  [StormWeather] layer 'TerrainLayer_Dirt_01' dry smoothness=0.00 (restore to this if a crash ever leaves it wet)
[     1    0.000 x1.00] LOG  [StormWeather] post volumes ready on layer 9 (storm priority 10, flash priority 11).
[     1    0.000 x1.00] LOG  [StormWeather] COZY bridge: Rain_Cave retired, COZY owns the rain now.
[     1    0.000 x1.00] LOG  [StormWeather] COZY → 'Clear' (pre-fight - open sky, 0 s)
[     1    0.000 x1.00] LOG  [StormWeather] Ready. Open sky, dry floor. Waiting for the fight.
[     1    0.000 x1.00] LOG  OniBoss initialized with 2500 HP
[     1    0.000 x1.00] LOG  [OniBoss] ANIMATOR SETUP: cullingMode=CullUpdateTransforms updateMode=Normal applyRootMotion=False speed=1
[     1    0.000 x1.00] LOG  [OniBoss] Initialized
[     1    0.000 x1.00] LOG  [OniBoss:Layer] facing: minFlat 1m, snapOnAttack off, trackInHitReact off, aimTurn 540 deg/s for the first 0.20 of the swing
[     1    0.000 x1.00] LOG  [OniBoss:Layer] animator speed x1.35 — his 1.13s swing now plays in 0.84s.
[     1    0.000 x1.00] LOG  [OniBoss:Layer] chase speed pushed: phase1 4.5, phase2 5.5 (Yoru runs at 7).
[     1    0.000 x1.00] LOG  [OniBoss:Layer] ground wave ON (round 38): half the club's damage on TOUCH, 12m/s x 6.0m from 1.6m in front at 0.35m height — a club hit cancels that swing's wave, jumping clears it. Per-attack effects come from the Swing Wave VFX By Attack rows. PlayerHealth found, PlayerMovement found.
[     1    0.000 x1.00] LOG  [StormWeather] storm break HELD (waiting for the lightning beat)
[     1    0.000 x1.00] LOG  [OniBoss:Layer] storm break HELD — it releases at the lightning-on-the-club beat.
[     1    0.000 x1.00] LOG  [OniBoss:Layer] club tracking ON — tip 'Kanabo3' (depth 4), shaft root 'kanabo'.
[     1    0.000 x1.00] LOG  [OniBoss:Layer] skinned meshes: 46 renderer(s), updateWhenOffscreen ON, body renderer 'Body' rootBone 'Hips'
[     1    0.000 x1.00] LOG  [OniBoss:Layer] charge travel bone: 'Hips' at depth 1 under 'OniBoss', rest local (0.00, 3.24, -0.24)
[     1    0.000 x1.00] LOG  [OniBoss:Layer] anti-kite ON: thrown swing after 4s of failed chase (within 7.6m), charge after 6s.
[     1    0.000 x1.00] LOG  [OniBoss:Layer] charge drive ON (windup to 0.40 at x1.3, rush 14m/s stops at 2.6m, steers 0.35s then commits, strike section from 0.58, strike moment 0.76, trail VFX off)
[     1    0.000 x1.00] LOG  [OniBoss:Layer] attack armor ON (his swings are not interrupted by light/medium hits; heavy hits and rapid-hit bursts still stop him)
[     1    0.000 x1.00] LOG  [OniBoss:Layer] strike moments overridden: Club_Swing=0.42 ClubSwing2=0.32 ClubSlam=0.85 KanaboSweep=0.48
[     1    0.000 x1.00] LOG  [OniBoss:Layer] club TOUCH hits ON (radius 0.70m, min tip speed 50m/s, armed from 0.20 of the clip): Club_Swing ClubSwing2 ClubSlam KanaboSweep. First touch wins — club full damage, wave half, one hit per swing.
[     1    0.000 x1.00] LOG  [OniBoss:Layer] combo damage ramp ON: mid x1.25, finisher x1.50 — finisher wave carries FULL damage at x2.0 size, x2.0 travel.
[     1    0.000 x1.00] LOG  [OniBoss:Layer] charge follow-up ON: 90 % of solo charges chain into a random melee finisher.
[     1    0.000 x1.00] LOG  [OniBoss:Layer] hold-ground ON (backstep 1.5m @ 1.6m/s after own attacks, watch 'Watch', attack facing LOCKED)
[     1    0.000 x1.00] LOG  [OniBoss:Layer] OniBoss layer ready (reactions, wake-on-hit, watch stance, boss bar). player=found
[     1    0.000 x1.00] LOG  [OniBoss:Layer] charge clip 'Oni Charge.fbx' imports with Root Motion Node = None (in place) — good.
[     1    0.000 x1.00] LOG  [OniBoss:Layer] clips importing with Root Transform Position (Y) NOT baked into pose (12): Oni_Alert(Oni Alert), Club_Slam(Oni Club Slam), Club_Swing(Oni Club Swing), Club_swing2(Oni Club Swing 2), Death(Oni Death Kneel), KanaboSweep(Oni Kanabo sweep), Phase_Transition(Oni Phase transition), run(Oni Run), Walk(Oni Walk), Watch(Oni Watch), Idle(Oni Idle), Hit_react_light(Oni NEWHit react light) — their hips' up/down motion is stripped (see round notes; optional).
[     1    0.000 x1.00] LOG  === VFX MANAGER INITIALIZED ===
[     1    0.000 x1.00] LOG  Auto-detect animations: False
[     1    0.000 x1.00] LOG  Parent effects to tail: True
[     1    0.000 x1.00] LOG  Prefabs: Jump=True, Land=True, LTail=True, RTail=True
[     1    0.000 x1.00] LOG  ✅ Left Tail Tip: LeftTailTip_Anchor
[     1    0.000 x1.00] LOG  ✅ Right Tail Tip: RightTailTip_Anchor
[     1    0.000 x1.00] LOG  [VolumetricFogController] applyPresets is OFF in this scene. The Volumetric Fog component keeps its hand-set inspector values.
[     1    0.000 x1.00] LOG  [TailAirShot] Ready. drawState=RightTail_Fast castParam=TailCastSpeed (found)
  arrow leaves: PlayerYoru_1.1/Cat_All_10_Tails_v4/Group/DeformationSystem/root/Root_M/Tail15_R/Tail151_R/Tail152_R/Tail153_R/Tail154_R/Tail155_R/Tail156_R/Tail157_R/Tail158_R/Tail159_R/Tail1510_R/Tail1511_R/Tail1512_R/Tail6_R/Tail6_R_end/Tail6_R_end_end/Tail6_R_end_end_end/RightTailTip_Anchor
  aim VFX: PlayerYoru_1.1/Cat_All_10_Tails_v4/Group/DeformationSystem/root/Root_M/Tail15_R/Tail151_R/Tail152_R/Tail153_R/Tail154_R/Tail155_R/Tail156_R/Tail157_R/Tail158_R/Tail159_R/Tail1510_R/Tail1511_R/Tail1512_R/Tail6_R/Tail6_R_end/Tail6_R_end_end/Tail6_R_end_end_end/RightTailTip_Anchor/vfx_Muzzle_Fireball01Blue
[     1    0.000 x1.00] LOG  [RingMesh] VFX Status:
[     1    0.000 x1.00] LOG    Left: Prefab=✓, Spawn=Tail6_L_end_end_end
[     1    0.000 x1.00] LOG    Right: Prefab=✓, Spawn=Tail6_R_end_end_end
[     1    0.000 x1.00] LOG  [TailAirShot4Leg] Ready. drawState=shoot_4Leg castParam=Shoot4LegSpeed (found) readyFrame=5 fireFrame=10 frames=24 slowBudget=3s real damageMultiplier=2.00
  arrow leaves: PlayerYoru_1.1/Cat_All_10_Tails_v4/Group/DeformationSystem/root/Root_M/Tail15_R/Tail151_R/Tail152_R/Tail153_R/Tail154_R/Tail155_R/Tail156_R/Tail157_R/Tail158_R/Tail159_R/Tail1510_R/Tail1511_R/Tail1512_R/Tail6_R/Tail6_R_end/Tail6_R_end_end/Tail6_R_end_end_end/RightTailTip_Anchor
  aim VFX left:  PlayerYoru_1.1/Cat_All_10_Tails_v4/Group/DeformationSystem/root/Root_M/Tail15_L/Tail151_L/Tail152_L/Tail153_L/Tail154_L/Tail155_L/Tail156_L/Tail157_L/Tail158_L/Tail159_L/Tail1510_L/Tail1511_L/Tail1512_L/Tail6_L/Tail6_L_end/Tail6_L_end_end/Tail6_L_end_end_end/LeftTailTip_Anchor/Glow_4Leg_L
  aim VFX right: PlayerYoru_1.1/Cat_All_10_Tails_v4/Group/DeformationSystem/root/Root_M/Tail15_R/Tail151_R/Tail152_R/Tail153_R/Tail154_R/Tail155_R/Tail156_R/Tail157_R/Tail158_R/Tail159_R/Tail1510_R/Tail1511_R/Tail1512_R/Tail6_R/Tail6_R_end/Tail6_R_end_end/Tail6_R_end_end_end/RightTailTip_Anchor/Glow_4Leg_R
[     1    0.000 x1.00] LOG  [PlayerCombat] Phase 2 form gate CONNECTED (FormController found on this GameObject).
[     1    0.000 x1.00] LOG  [Combat] PlayerCombat initialized, Phase 3C v27
[     1    0.000 x1.00] LOG  [YoruFurWeather] fur weather ready on 'Weather Zone'. Rain 0, wind 0.50 in the open, roof check 30 m above her. Wind level and floor from StormWeather on 'StormWeather'.
[     1    0.000 x1.00] LOG  [CameraGameFeel] CameraGameFeel initialized (shake + FOV)
[     1    7.609 x1.00] LOG  [OniBoss] Playing animation: Idle
[    45    9.423 x1.00] LOG  💨 Landing VFX spawned!
[    45    9.423 x1.00] LOG  ✅ LANDED! (was jump #0)
[   839   14.566 x1.00] LOG  [OniBoss:Layer] watch stance ON (player 14.9m)
[   975   15.426 x1.00] LOG  [OniBoss] LostSoul → Alert
[   975   15.426 x1.00] LOG  [OniBoss] Playing animation: Oni_Alert
[   975   15.426 x1.00] LOG  [BossBar] Showing bar for: Oni (2500/2500)
[   975   15.426 x1.00] LOG  [OniBoss:Layer] boss bar shown
[   976   15.436 x1.00] LOG  [StormWeather] COZY → 'Yoru_Oni_Phase1_Storm' (fight engaged - storm rolls in, 0 s)
[   976   15.436 x1.00] LOG  [StormWeather] FIGHT STARTED (he engaged) - storm on, floor starts to soak.
[  1026   15.758 x1.00] LOG  [YoruFurWeather] rain reaching the coat (intensity 0.01, follows floor wetness).
[  1052   15.936 x1.00] LOG  [OniBoss] Alert → Chase
[  1053   15.945 x1.00] LOG  [OniBoss] Pull-band decision: RUN-IN (dist 5.4m, pullRange 0m, chance 0.50)
[  1053   15.945 x1.00] LOG  [OniBoss] Playing animation: run
[  1066   16.037 x1.00] LOG  🐾 4-LEG JUMP #0
[  1066   16.037 x1.00] LOG  🐾 Jump 1 VFX spawned!
[  1098   16.241 x1.00] LOG  [StormWeather] storm post weight -> 0.40
[  1113   16.336 x1.00] LOG  [OniBoss] Playing animation: Idle
[  1113   16.336 x1.00] LOG  [OniBoss] Combo started: ClubSwing1 → ClubSwing2 → ClubSlam (3 steps remaining)
[  1113   16.336 x1.00] LOG  [OniBoss] Chase → Attack
[  1113   16.336 x1.00] LOG  [OniBoss] Attack: Club_Swing (16 dmg)
[  1113   16.336 x1.00] LOG  [OniBoss:Trail] Club_Swing trail START at clip 0.41 (transition done).
[  1130   16.453 x1.00] LOG  [ComboTrace] LAUNCH OniBoss at 1.1m dist=1.12m in 0.13s [AIRBORNE]
[  1130   16.453 x1.00] LOG  [Combat] Aerial spin, 25 dmg
[  1130   16.453 x1.00] LOG  [YoruVFX] Air spin: 'VFX_Void_Burst_AirSpinYoru' at CenterVFX, 46 systems, longest 1.00s fitted to 0.79s at speed 1.27, 8 forced Local, 38 delays zeroed, tail 2.37s
[  1130   16.453 x1.00] LOG  OniBoss took 10 damage. HP: 2490/2500
[  1130   16.453 x1.00] LOG  [OniBoss] 🤕 Hit during Attack — flash only
[  1130   16.453 x1.00] LOG  [Momentum] 0 -> 1 (hit), speed x1.05, damage x1.05, impact x1.05
[  1130   16.453 x1.00] LOG  [CameraGameFeel] Shake: intensity=0.06 duration=0.080s
[  1130   16.453 x1.00] LOG  [CameraGameFeel] Shake: intensity=0.53 duration=0.200s
[  1130   16.453 x1.00] LOG  [CameraGameFeel] FOV punch: hit light (+1.5°)
[  1130   16.453 x1.00] LOG  [AirPosePin] engaged, holding body at 1.656m above the transform
[  1145   16.588 x1.00] LOG  [ComboTrace] LAUNCH RESULT wanted=1.12m actually moved=0.78m, completed
[  1147   16.606 x1.00] LOG  OniBoss took 10 damage. HP: 2480/2500
[  1147   16.606 x1.00] LOG  [OniBoss] 🤕 Hit during Attack — flash only
[  1147   16.606 x1.00] LOG  [CameraGameFeel] Shake: intensity=0.18 duration=0.200s
[  1162   16.720 x1.00] LOG  [CameraGameFeel] Shake: intensity=0.20 duration=0.250s
[  1162   16.720 x1.00] LOG  [Peach] light hit 16 dmg: 2 bites. 14/16 bites = 3.5 of 4 peaches
[  1162   16.720 x1.00] LOG  [Momentum] 1 -> 0 (light hit taken, 50% = -1), speed x1.00, damage x1.00, impact x1.00
[  1162   16.720 x1.00] LOG  [YoruVFX] Spin VFX stopped, fading for 2.37s
[  1162   16.720 x1.00] LOG  [Combat] Combo memory: light hit, keeping step 3
[  1162   16.720 x1.00] LOG  [Combat] Hit react: HitReact_Light_2Leg (0.5s, clip starts at 0.35s)
[  1162   16.720 x1.00] LOG  [CameraGameFeel] Shake: intensity=0.30 duration=0.200s
[  1162   16.720 x1.00] LOG  [CameraGameFeel] FOV punch: player damage (-2.0°)
[  1162   16.720 x1.00] LOG  [OniBoss] Hit player for 16 (Club_Swing)
[  1162   16.720 x1.00] LOG  [OniBoss:Touch] Club_Swing: club TOUCHED Yoru at clip 0.39, shaft 0.57m from her body line, head 0.48 along the club, tip 1.79m up, tip speed 160m/s, ONE FRAME EARLY (predicted). Full club hit delivered this frame.
[  1163   16.731 x1.00] LOG  [HitReactTrace] asked for 'HitReact_Light_2Leg' (0.50s, clip start 0.35s): NOT playing it, another state took the combat layer, blend resolved after 11 ms, state 0.79s long at speed 0.80, now at 0.22s, layer weight 1.00, animator.speed 1.00.
[  1166   16.756 x1.00] LOG  [OniBoss:ClubPos] Club_Swing at strike: club tip 3.02m up, 2.60m in front, -2.91m to his right (3.90m out from his centre). Club faces -80deg from his forward, pitch 0.40. (the ground wave is born 1.6m in front of him at 0.35m.)
[  1166   16.756 x1.00] LOG  [OniBoss:Layer] Club_Swing: club already hit — ground wave released as VISUAL only (0 damage).
[  1201   17.005 x1.00] LOG  💨 Landing VFX spawned!
[  1201   17.005 x1.00] LOG  [AirPosePin] released, peak correction was 0.049m
[  1231   17.222 x1.00] LOG  ✅ LANDED! (was jump #0)
[  1232   17.228 x1.00] LOG  [OniBoss] Attack → Recovery
[  1232   17.228 x1.00] LOG  [OniBoss] Playing animation: Watch
[  1232   17.228 x1.00] LOG  [OniBoss:Trail] trail END at clip 0.99, fading over 0.40s.
[  1232   17.228 x1.00] LOG  [OniBoss:Strike] Club_Swing: club tip closest to Yoru at 0.62m, clip position 0.85 | damage fires at 0.42 | clip 0.84s => damage fires 362 ms BEFORE the club is closest
[  1254   17.390 x1.00] LOG  [OniBoss] Recovery → Attack
[  1254   17.390 x1.00] LOG  [OniBoss] Attack: ClubSwing2 (16 dmg)
[  1254   17.390 x1.00] LOG  [OniBoss:Trail] ClubSwing2 trail START at clip 1.00 (transition still blending).
[  1286   17.612 x1.00] LOG  [OniBoss:Layer] step-in: 'ClubSwing2' closed 0.06m, Yoru now 3.0m away (range 3.5)
[  1306   17.727 x1.00] LOG  [CameraGameFeel] Shake: intensity=0.20 duration=0.250s
[  1306   17.727 x1.00] LOG  [Peach] light hit 20 dmg: 2 bites. 12/16 bites = 3 of 4 peaches
[  1306   17.727 x1.00] LOG  [Combat] Combo memory: light hit, keeping step 3
[  1306   17.727 x1.00] LOG  [HitReactTrace] 4-leg LIGHT hit at 16.23 m/s (running threshold 3.00) => RUNNING reaction.
[  1306   17.727 x1.00] LOG  [CameraGameFeel] Shake: intensity=0.30 duration=0.200s
[  1306   17.727 x1.00] LOG  [CameraGameFeel] FOV punch: player damage (-2.0°)
[  1306   17.727 x1.00] LOG  [Combat] Running hit react: HitReact_Running_4Leg (0.45s then a 0.25s blend back into the run, clip starts at 0.10s, movement NOT blocked)
[  1306   17.727 x1.00] LOG  [OniBoss] Hit player for 20 (ClubSwing2) [combo x1.25]
[  1306   17.727 x1.00] LOG  [OniBoss:Touch] ClubSwing2: club TOUCHED Yoru at clip 0.29, shaft 0.42m from her body line, head 0.89 along the club, tip 1.46m up, tip speed 98m/s, ONE FRAME EARLY (predicted). Full club hit delivered this frame.
[  1311   17.769 x1.00] LOG  [OniBoss:ClubPos] ClubSwing2 at strike: club tip 0.04m up, 1.97m in front, 2.22m to his right (2.97m out from his centre). Club faces -3deg from his forward, pitch -0.86. (the ground wave is born 1.6m in front of him at 0.35m.)
[  1311   17.769 x1.00] LOG  [OniBoss:Layer] ClubSwing2: club already hit — ground wave released as VISUAL only (0 damage).
[  1317   17.818 x1.00] LOG  [HitReactTrace] running flinch 'HitReact_Running_4Leg' on screen 11 frame(s) / 90 ms after the hit, run still moving.
[  1425   18.561 x1.00] LOG  [OniBoss] Attack → Recovery
[  1425   18.561 x1.00] LOG  [OniBoss] Playing animation: Watch
[  1425   18.561 x1.00] LOG  [OniBoss:Trail] trail END at clip 1.00, fading over 0.40s.
[  1425   18.561 x1.00] LOG  [OniBoss:Strike] ClubSwing2: club tip closest to Yoru at 0.14m, clip position 0.30 | damage fires at 0.32 | clip 1.17s => MATCHED (within one or two frames)
[  1449   18.712 x1.00] LOG  [OniBoss] Recovery → Attack
[  1449   18.712 x1.00] LOG  [OniBoss] Attack: ClubSlam (20 dmg)
[  1449   18.712 x1.00] LOG  [OniBoss:Trail] ClubSlam trail START at clip 1.00 (transition still blending).
[  1450   18.718 x1.00] LOG  [OniBoss] Finisher step-in: ClubSlam, she is 7.02m out of reach, walking up to 1.5m
[  1566   19.513 x1.00] LOG  [OniBoss:ClubPos] ClubSlam at strike: club tip 0.68m up, 2.86m in front, -0.46m to his right (2.89m out from his centre). Club faces -2deg from his forward, pitch -0.22. (the ground wave is born 1.6m in front of him at 0.35m.)
[  1566   19.513 x1.00] LOG  [OniBoss:Layer] ClubSlam: club has not connected — ground wave released ARMED, 1.6m in front, 12m/s x 12.0m = 1.00s, COMBO FINISHER: FULL 30 damage, x2.0 size, x2.0 travel.
[  1586   19.644 x1.00] LOG  [OniBoss] Attack → Recovery
[  1586   19.644 x1.00] LOG  [OniBoss] Playing animation: Watch
[  1586   19.644 x1.00] LOG  [OniBoss:Trail] trail END at clip 1.00, fading over 0.40s.
[  1586   19.644 x1.00] LOG  [OniBoss:Touch] ClubSlam: no touch this swing, closest 5.60m at clip 0.46 (head 1.00 along the club), fastest tip 152m/s (radius 0.70, min speed 50, max tip height 2.5m).
[  1586   19.644 x1.00] LOG  [OniBoss:Strike] ClubSlam: club tip closest to Yoru at 5.81m, clip position 0.46 | damage fires at 0.85 | clip 0.93s => damage fires 362 ms AFTER the club is closest — it lands once the club has passed her
[  1609   19.797 x1.00] LOG  [OniBoss] Recovery → Chase
[  1610   19.802 x1.00] LOG  [OniBoss] Playing animation: run
[  1717   20.517 x1.00] LOG  [OniBoss:Wave] armed wave expired UNTOUCHED — closest 7.33m to Yoru (hit width 3.20), she was grounded at the closest moment.
[  1876   21.607 x1.00] LOG  [OniBoss] Ranged combo started: Charge→Slam: (2 steps, dist 19.6m)
[  1876   21.607 x1.00] LOG  [OniBoss] Chase → Attack
[  1876   21.607 x1.00] LOG  [OniBoss] Attack: Oni_Charge (18 dmg)

[  1876   21.607 x1.00] TEL ────────── CHARGE ──────────
[  1876   21.607 x1.00] LOG  [OniBoss:Layer] charge begin: travel bone 'Hips' depth 1, local now (-0.02, 3.01, -0.24) vs rest (0.00, 3.24, -0.24); pin ON; drive windup→rush→strike; engine Attack, AnimSpeed 1.30, clip at 0.00, dist 19.6m
[  1876   21.607 x1.00] TEL charge Windup n=0.00 spd=1.30 mult=1.00 st=Attack anim=h1349952704/Charge drift=0.02 cut=0.02 meshOff=0.24m vis bounds+0.4m pos=(473.3,401.3) dist=19.6 vel=4.5
[  1888   21.691 x1.00] TEL charge Windup n=0.07 spd=1.30 mult=1.00 st=Attack anim=h1349952704/Charge drift=0.28 cut=0.28 meshOff=0.24m vis bounds+0.2m pos=(473.3,401.3) dist=20.1 vel=0.0
[  1902   21.777 x1.00] TEL charge Windup n=0.14 spd=1.30 mult=1.30 st=Attack anim=Charge/- drift=0.92 cut=0.92 meshOff=0.24m vis bounds+0.3m pos=(473.3,401.3) dist=20.7 vel=0.0
[  1913   21.862 x1.00] TEL charge Windup n=0.21 spd=1.30 mult=1.30 st=Attack anim=Charge/- drift=1.14 cut=1.14 meshOff=0.24m vis bounds+0.4m pos=(473.3,401.3) dist=21.2 vel=0.0
[  1925   21.947 x1.00] TEL charge Windup n=0.29 spd=1.30 mult=1.30 st=Attack anim=Charge/- drift=0.62 cut=0.62 meshOff=0.24m vis bounds+0.4m pos=(473.3,401.3) dist=21.9 vel=0.0
[  1938   22.039 x1.00] TEL charge Windup n=0.36 spd=1.30 mult=1.30 st=Attack anim=Charge/- drift=4.58 cut=4.58 meshOff=0.24m vis bounds+0.0m pos=(473.3,401.3) dist=22.5 vel=0.0
[  1945   22.088 x1.00] LOG  [OniBoss:Layer] charge RUSH: clip frozen at 0.41, 22.9m to go at 14m/s
[  1946   22.097 x1.00] LOG  [OniBoss:Layer] charge fire trail: 'ToonFireTrail' attached to his feet for the rush.
[  1950   22.122 x1.00] TEL charge Rush   n=0.41 spd=0.00 mult=0.00 st=Attack anim=Charge/- drift=7.72 cut=7.72 meshOff=0.24m vis bounds+0.5m pos=(472.8,401.2) dist=22.6 vel=0.0
[  1961   22.207 x1.00] TEL charge Rush   n=0.41 spd=0.00 mult=0.00 st=Attack anim=Charge/- drift=7.72 cut=7.72 meshOff=0.24m vis bounds+0.5m pos=(471.6,401.1) dist=21.9 vel=0.0
[  1974   22.297 x1.00] TEL charge Rush   n=0.41 spd=0.00 mult=0.00 st=Attack anim=Charge/- drift=7.72 cut=7.72 meshOff=0.24m vis bounds+0.5m pos=(470.4,401.0) dist=20.8 vel=0.0
[  1978   22.318 x1.00] LOG  [YoruVFX] guard bubble on at y=0.050 (floor 0.000, her root y=-0.020, lift 0.05, floor tilt 0 deg)
[  1978   22.318 x1.00] LOG  [Combat] Guard START (perfect parry window: 0.2s)
[  1988   22.388 x1.00] TEL charge Rush   n=0.41 spd=0.00 mult=0.00 st=Attack anim=Charge/- drift=7.72 cut=7.72 meshOff=0.24m vis bounds+0.5m pos=(469.1,401.0) dist=19.6 vel=0.0
[  2001   22.477 x1.00] TEL charge Rush   n=0.41 spd=0.00 mult=0.00 st=Attack anim=Charge/- drift=7.72 cut=7.72 meshOff=0.24m vis bounds+0.5m pos=(467.9,400.9) dist=18.3 vel=0.0
[  2014   22.567 x1.00] TEL charge Rush   n=0.41 spd=0.00 mult=0.00 st=Attack anim=Charge/- drift=7.72 cut=7.72 meshOff=0.24m vis bounds+0.5m pos=(466.6,400.8) dist=17.1 vel=0.0
[  2027   22.651 x1.00] TEL charge Rush   n=0.41 spd=0.00 mult=0.00 st=Attack anim=Charge/- drift=7.72 cut=7.72 meshOff=0.24m vis bounds+0.5m pos=(465.4,400.7) dist=15.9 vel=0.0
[  2040   22.738 x1.00] TEL charge Rush   n=0.41 spd=0.00 mult=0.00 st=Attack anim=Charge/- drift=7.72 cut=7.72 meshOff=0.24m vis bounds+0.5m pos=(464.2,400.6) dist=14.7 vel=0.0
[  2053   22.827 x1.00] TEL charge Rush   n=0.41 spd=0.00 mult=0.00 st=Attack anim=Charge/- drift=7.72 cut=7.72 meshOff=0.24m vis bounds+0.5m pos=(463.0,400.5) dist=13.4 vel=0.0
[  2067   22.917 x1.00] TEL charge Rush   n=0.41 spd=0.00 mult=0.00 st=Attack anim=Charge/- drift=7.72 cut=7.72 meshOff=0.24m vis bounds+0.5m pos=(461.7,400.4) dist=12.2 vel=0.0
[  2080   23.005 x1.00] TEL charge Rush   n=0.41 spd=0.00 mult=0.00 st=Attack anim=Charge/- drift=7.72 cut=7.72 meshOff=0.24m vis bounds+0.5m pos=(460.5,400.3) dist=10.9 vel=0.0
[  2093   23.097 x1.00] TEL charge Rush   n=0.41 spd=0.00 mult=0.00 st=Attack anim=Charge/- drift=7.72 cut=7.72 meshOff=0.24m vis bounds+0.5m pos=(459.2,400.2) dist=9.6 vel=0.0
[  2106   23.188 x1.00] TEL charge Rush   n=0.41 spd=0.00 mult=0.00 st=Attack anim=Charge/- drift=7.72 cut=7.72 meshOff=0.24m vis bounds+0.5m pos=(457.9,400.2) dist=8.4 vel=0.0
[  2120   23.277 x1.00] TEL charge Rush   n=0.41 spd=0.00 mult=0.00 st=Attack anim=Charge/- drift=7.72 cut=7.72 meshOff=0.24m vis bounds+0.5m pos=(456.7,400.1) dist=7.1 vel=0.0
[  2132   23.363 x1.00] TEL charge Rush   n=0.41 spd=0.00 mult=0.00 st=Attack anim=Charge/- drift=7.72 cut=7.72 meshOff=0.24m vis bounds+0.5m pos=(455.5,400.0) dist=5.9 vel=0.0
[  2143   23.447 x1.00] TEL charge Rush   n=0.41 spd=0.00 mult=0.00 st=Attack anim=Charge/- drift=7.72 cut=7.72 meshOff=0.24m vis bounds+0.5m pos=(454.3,399.9) dist=4.7 vel=0.0
[  2156   23.538 x1.00] TEL charge Rush   n=0.41 spd=0.00 mult=0.00 st=Attack anim=Charge/- drift=7.72 cut=7.72 meshOff=0.24m vis bounds+0.5m pos=(453.1,399.8) dist=3.5 vel=0.0
[  2165   23.603 x1.00] LOG  [OniBoss:Layer] charge STRIKE: arrived 2.6m from the lock point after 1.51s real — clip 0.41 → 0.58 (blend 0.10s), strike moment 0.76, Yoru 2.6m away
[  2168   23.627 x1.00] TEL charge Strike n=0.59 spd=1.00 mult=1.00 st=Attack anim=Charge/Charge drift=10.42 cut=10.42 meshOff=0.24m vis bounds+0.3m pos=(452.2,399.7) dist=2.6 vel=0.0
[  2181   23.718 x1.00] TEL charge Strike n=0.65 spd=1.00 mult=1.00 st=Attack anim=Charge/- drift=15.55 cut=15.55 meshOff=0.24m vis bounds+0.4m pos=(452.2,399.7) dist=2.6 vel=0.0
[  2194   23.803 x1.00] TEL charge Strike n=0.71 spd=1.00 mult=1.00 st=Attack anim=Charge/- drift=16.31 cut=16.31 meshOff=0.24m vis bounds+0.4m pos=(452.2,399.7) dist=2.6 vel=0.0
[  2206   23.889 x1.00] TEL charge Strike n=0.76 spd=1.00 mult=1.00 st=Attack anim=Charge/- drift=16.86 cut=16.86 meshOff=0.24m vis bounds+0.4m pos=(452.2,399.7) dist=2.6 vel=0.0
[  2207   23.900 x1.00] LOG  [CameraGameFeel] Shake: intensity=0.45 duration=0.350s
[  2207   23.900 x1.00] LOG  [Peach] blocked 18 dmg: 1 bite. 11/16 bites = 2.75 of 4 peaches
[  2207   23.900 x1.00] LOG  [Combat] Guard blocked (70% reduced)
[  2207   23.900 x1.00] LOG  [CameraGameFeel] Shake: intensity=0.25 duration=0.100s
[  2207   23.900 x1.00] LOG  [OniBoss] Hit player for 18 (Oni_Charge)
[  2217   23.977 x1.00] TEL charge Strike n=0.82 spd=1.00 mult=1.00 st=Attack anim=Charge/- drift=17.34 cut=17.34 meshOff=0.24m vis bounds+0.4m pos=(452.2,399.7) dist=2.6 vel=0.0
[  2229   24.064 x1.00] TEL charge Strike n=0.87 spd=1.00 mult=1.00 st=Attack anim=Charge/- drift=17.72 cut=17.72 meshOff=0.24m vis bounds+0.2m pos=(452.2,399.7) dist=2.6 vel=0.0
[  2239   24.147 x1.00] TEL charge Strike n=0.93 spd=1.00 mult=1.00 st=Attack anim=Charge/- drift=17.96 cut=17.96 meshOff=0.24m vis bounds+0.1m pos=(452.2,399.7) dist=2.6 vel=0.0
[  2252   24.238 x1.00] TEL charge Strike n=0.99 spd=1.00 mult=1.00 st=Attack anim=Charge/- drift=18.07 cut=18.07 meshOff=0.24m vis bounds+0.1m pos=(452.2,399.7) dist=2.6 vel=0.0
[  2254   24.253 x1.00] LOG  [OniBoss] Attack → Recovery
[  2254   24.253 x1.00] LOG  [OniBoss] Playing animation: Watch
[  2254   24.253 x1.00] LOG  [OniBoss:Layer] charge fire trail: released — burns out over 3.8s where the rush ended.
[  2254   24.253 x1.00] LOG  [OniBoss:Layer] charge complete: engine left Attack (now Recovery) during Strike
[  2264   24.323 x1.00] TEL charge None   n=1.04 spd=1.00 mult=1.00 st=Recovery anim=Charge/h-1849006814 drift=10.74 cut=10.74 meshOff=0.24m vis bounds+0.1m pos=(452.2,399.7) dist=2.6 vel=0.0
[  2276   24.406 x1.00] LOG  [OniBoss] Recovery → Attack
[  2276   24.406 x1.00] LOG  [OniBoss] Attack: ClubSlam (20 dmg)
[  2276   24.406 x1.00] LOG  [OniBoss:Trail] ClubSlam trail START at clip 1.00 (transition still blending).
[  2277   24.412 x1.00] TEL charge None   n=1.10 spd=2.00 mult=2.00 st=Attack anim=Charge/h283984468 drift=2.87 cut=2.87 meshOff=0.24m vis bounds+0.2m pos=(452.2,399.7) dist=2.6 vel=0.0
[  2288   24.496 x1.00] TEL charge None   n=1.10 spd=2.00 mult=2.00 st=Attack anim=Charge/h283984468 drift=0.51 cut=0.51 meshOff=0.24m vis bounds+0.4m pos=(452.2,399.7) dist=2.6 vel=0.0
[  2291   24.515 x1.00] LOG  [OniBoss:Layer] charge end (clip left the animator) after 2.91s real: pin measured 415 frames, cancelled on 414, max raw drift 18.07m, max cancelled 18.07m — travel WAS baked in, pin held it
[  2336   24.838 x1.00] LOG  [CameraGameFeel] Shake: intensity=0.50 duration=0.400s
[  2336   24.838 x1.00] LOG  [Peach] blocked 30 dmg: 1 bite. 10/16 bites = 2.5 of 4 peaches
[  2336   24.838 x1.00] LOG  [Combat] Guard blocked (70% reduced)
[  2336   24.838 x1.00] LOG  [CameraGameFeel] Shake: intensity=0.25 duration=0.100s
[  2336   24.838 x1.00] LOG  [OniBoss] Hit player for 30 (ClubSlam) [combo x1.50]
[  2336   24.838 x1.00] LOG  [OniBoss:Touch] ClubSlam: club TOUCHED Yoru at clip 0.47, shaft 0.23m from her body line, head 0.61 along the club, tip 1.81m up, tip speed 95m/s. Full club hit delivered this frame.
[  2384   25.203 x1.00] LOG  [OniBoss:ClubPos] ClubSlam at strike: club tip 0.61m up, 2.89m in front, -0.29m to his right (2.91m out from his centre). Club faces 3deg from his forward, pitch -0.24. (the ground wave is born 1.6m in front of him at 0.35m.)
[  2384   25.203 x1.00] LOG  [OniBoss:Layer] ClubSlam: club already hit — ground wave released as VISUAL only (0 damage), finisher size x2.0.
[  2402   25.337 x1.00] LOG  [OniBoss] Attack → Recovery
[  2402   25.337 x1.00] LOG  [OniBoss] Playing animation: Watch
[  2402   25.337 x1.00] LOG  [OniBoss:Trail] trail END at clip 1.00, fading over 0.40s.
[  2402   25.337 x1.00] LOG  [OniBoss:Strike] ClubSlam: club tip closest to Yoru at 0.37m, clip position 0.84 | damage fires at 0.85 | clip 0.93s => MATCHED (within one or two frames)
[  2422   25.488 x1.00] LOG  [OniBoss] Recovery → Chase
[  2423   25.494 x1.00] LOG  [OniBoss] hold-ground: BACKSTEP 1.5m (player 2.6m)
[  2558   26.438 x1.00] LOG  [OniBoss] hold-ground: backstep done (1.51m), WATCH (player 4.1m, cooldown 0.8s)
[  2558   26.438 x1.00] LOG  [OniBoss] Playing animation: Watch
[  2559   26.448 x1.00] LOG  [OniBoss] Playing animation: Walk
[  2622   26.888 x1.00] LOG  [OniBoss] Playing animation: Watch
[  2679   27.288 x1.00] LOG  [OniBoss] hold-ground: cooldown over, player 3.8m > 3.5m — APPROACH
[  2679   27.288 x1.00] LOG  [OniBoss] Playing animation: Walk
[  2738   27.748 x1.00] LOG  [OniBoss] Combo started: ClubSwing1 → ClubSwing2 → ClubSlam (3 steps remaining)
[  2738   27.748 x1.00] LOG  [OniBoss] Chase → Attack
[  2738   27.748 x1.00] LOG  [OniBoss] Attack: Club_Swing (16 dmg)
[  2738   27.748 x1.00] LOG  [OniBoss:Trail] Club_Swing trail START at clip 0.24 (transition done).
[  2739   27.755 x1.00] LOG  [OniBoss:Layer] step-in: 'Club_Swing' closed 0.07m, Yoru now 3.0m away (range 3.5)
[  2791   28.109 x1.00] LOG  [OniBoss:ClubPos] Club_Swing at strike: club tip 3.02m up, 2.56m in front, -2.93m to his right (3.89m out from his centre). Club faces -81deg from his forward, pitch 0.40. (the ground wave is born 1.6m in front of him at 0.35m.)
[  2791   28.109 x1.00] LOG  [OniBoss:Layer] Club_Swing: club has not connected — ground wave released ARMED, 1.6m in front, 12m/s x 6.0m = 0.50s, carrying 8 (half of the club's 16).
[  2792   28.115 x1.00] LOG  [Peach] blocked 8 dmg: 0 bites. 10/16 bites = 2.5 of 4 peaches
[  2792   28.115 x1.00] LOG  [Combat] Guard blocked (70% reduced)
[  2792   28.115 x1.00] LOG  [CameraGameFeel] Shake: intensity=0.25 duration=0.100s
[  2792   28.115 x1.00] LOG  [OniBoss:Wave] wave TOUCHED Yoru (grounded) for 8 after 0.1m / 0.01s of travel.
[  2851   28.588 x1.00] LOG  [OniBoss] Attack → Recovery
[  2851   28.588 x1.00] LOG  [OniBoss] Playing animation: Watch
[  2851   28.588 x1.00] LOG  [OniBoss:Trail] trail END at clip 0.99, fading over 0.40s.
[  2851   28.588 x1.00] LOG  [OniBoss:Strike] Club_Swing: club tip closest to Yoru at 1.49m, clip position 0.91 | damage fires at 0.42 | clip 0.84s => damage fires 411 ms BEFORE the club is closest
[  2872   28.742 x1.00] LOG  [OniBoss] Recovery → Attack
[  2872   28.742 x1.00] LOG  [OniBoss] Attack: ClubSwing2 (16 dmg)
[  2872   28.742 x1.00] LOG  [OniBoss:Trail] ClubSwing2 trail START at clip 1.00 (transition still blending).
[  2915   29.080 x1.00] LOG  [CameraGameFeel] Shake: intensity=0.20 duration=0.250s
[  2915   29.080 x1.00] LOG  [Peach] blocked 20 dmg: 1 bite. 9/16 bites = 2.25 of 4 peaches
[  2915   29.080 x1.00] LOG  [Combat] Guard blocked (70% reduced)
[  2915   29.080 x1.00] LOG  [CameraGameFeel] Shake: intensity=0.25 duration=0.100s
[  2915   29.080 x1.00] LOG  [OniBoss] Hit player for 20 (ClubSwing2) [combo x1.25]
[  2915   29.080 x1.00] LOG  [OniBoss:Touch] ClubSwing2: club TOUCHED Yoru at clip 0.29, shaft 0.20m from her body line, head 0.83 along the club, tip 1.07m up, tip speed 97m/s, ONE FRAME EARLY (predicted). Full club hit delivered this frame.
[  2922   29.129 x1.00] LOG  [OniBoss:ClubPos] ClubSwing2 at strike: club tip 0.11m up, 1.78m in front, 2.46m to his right (3.03m out from his centre). Club faces 6deg from his forward, pitch -0.88. (the ground wave is born 1.6m in front of him at 0.35m.)
[  2922   29.129 x1.00] LOG  [OniBoss:Layer] ClubSwing2: club already hit — ground wave released as VISUAL only (0 damage).
[  3025   29.905 x1.00] LOG  [OniBoss] Attack → Recovery
[  3025   29.905 x1.00] LOG  [OniBoss] Playing animation: Watch
[  3025   29.905 x1.00] LOG  [OniBoss:Trail] trail END at clip 0.99, fading over 0.40s.
[  3025   29.905 x1.00] LOG  [OniBoss:Strike] ClubSwing2: club tip closest to Yoru at 0.46m, clip position 0.30 | damage fires at 0.32 | clip 1.17s => MATCHED (within one or two frames)
[  3045   30.056 x1.00] LOG  [OniBoss] Recovery → Attack
[  3045   30.056 x1.00] LOG  [OniBoss] Attack: ClubSlam (20 dmg)
[  3045   30.056 x1.00] LOG  [OniBoss:Trail] ClubSlam trail START at clip 1.00 (transition still blending).
[  3046   30.063 x1.00] LOG  [OniBoss] Finisher step-in: ClubSlam, she is 0.00m out of reach, walking up to 1.5m
[  3101   30.486 x1.00] LOG  [CameraGameFeel] Shake: intensity=0.50 duration=0.400s
[  3101   30.486 x1.00] LOG  [Peach] blocked 30 dmg: 1 bite. 8/16 bites = 2 of 4 peaches
[  3101   30.486 x1.00] LOG  [Combat] Guard blocked (70% reduced)
[  3101   30.486 x1.00] LOG  [CameraGameFeel] Shake: intensity=0.25 duration=0.100s
[  3101   30.486 x1.00] LOG  [OniBoss] Hit player for 30 (ClubSlam) [combo x1.50]
[  3101   30.486 x1.00] LOG  [OniBoss:Touch] ClubSlam: club TOUCHED Yoru at clip 0.46, shaft 0.25m from her body line, head 0.68 along the club, tip 2.06m up, tip speed 97m/s. Full club hit delivered this frame.
[  3150   30.854 x1.00] LOG  [OniBoss:ClubPos] ClubSlam at strike: club tip 0.62m up, 2.89m in front, -0.30m to his right (2.90m out from his centre). Club faces 2deg from his forward, pitch -0.24. (the ground wave is born 1.6m in front of him at 0.35m.)
[  3150   30.854 x1.00] LOG  [OniBoss:Layer] ClubSlam: club already hit — ground wave released as VISUAL only (0 damage), finisher size x2.0.
[  3168   30.986 x1.00] LOG  [OniBoss] Attack → Recovery
[  3168   30.986 x1.00] LOG  [OniBoss] Playing animation: Watch
[  3168   30.986 x1.00] LOG  [OniBoss:Trail] trail END at clip 1.00, fading over 0.40s.
[  3168   30.986 x1.00] LOG  [OniBoss:Strike] ClubSlam: club tip closest to Yoru at 0.19m, clip position 0.85 | damage fires at 0.85 | clip 0.93s => MATCHED (within one or two frames)
[  3190   31.140 x1.00] LOG  [OniBoss] Recovery → Chase
[  3191   31.146 x1.00] LOG  [OniBoss] hold-ground: BACKSTEP 1.5m (player 3.0m)
[  3307   31.979 x1.00] LOG  [OniBoss] hold-ground: backstep done (1.33m), WATCH (player 4.3m, cooldown 1.0s)
[  3307   31.979 x1.00] LOG  [OniBoss] Playing animation: Watch
[  3308   31.989 x1.00] LOG  [OniBoss] Playing animation: Walk
[  3349   32.281 x1.00] LOG  [Combat] Guard END
[  3385   32.542 x1.00] LOG  [OniBoss] Playing animation: Watch
[  3389   32.569 x1.00] LOG  [Combat] Combo window expired
[  3389   32.569 x1.00] LOG  [Combat] Combo 1: 10 dmg
[  3389   32.569 x1.00] LOG  [ComboTrace] START step=1 state='Combo1' queued=0 target='OniBoss' at 6.1m
[  3389   32.569 x1.00] LOG  [ComboTrace] LAUNCH OniBoss at 2.5m dist=2.45m in 0.25s
[  3411   32.730 x1.00] LOG  [Combat] Queued click #1 (combo 1)
[  3411   32.730 x1.00] LOG  [ComboTrace] QUEUED #1 during step 1
[  3424   32.812 x1.00] LOG  [ComboTrace] LAUNCH RESULT wanted=2.45m actually moved=1.80m, completed
[  3434   32.890 x1.00] LOG  [Combat] Queued click #2 (combo 1)
[  3434   32.890 x1.00] LOG  [ComboTrace] QUEUED #2 during step 1
[  3441   32.944 x1.00] LOG  [OniBoss] Combo started: swing1-2 (2 steps remaining)
[  3441   32.944 x1.00] LOG  [OniBoss] Chase → Attack
[  3441   32.944 x1.00] LOG  [OniBoss] Attack: Club_Swing (16 dmg)
[  3441   32.944 x1.00] LOG  [OniBoss:Trail] Club_Swing trail START at clip 0.26 (transition done).
[  3454   33.039 x1.00] LOG  OniBoss took 10 damage. HP: 2470/2500
[  3454   33.039 x1.00] LOG  [OniBoss] 🤕 Hit during Attack — flash only
[  3454   33.039 x1.00] LOG  [Momentum] 0 -> 1 (hit), speed x1.05, damage x1.05, impact x1.05
[  3454   33.039 x1.00] LOG  [CameraGameFeel] Shake: intensity=0.06 duration=0.080s
[  3454   33.039 x1.00] LOG  [Combat] Hit OniBoss for 10
[  3454   33.039 x1.00] LOG  [CameraGameFeel] Shake: intensity=0.53 duration=0.200s
[  3454   33.039 x1.00] LOG  [CameraGameFeel] FOV punch: hit light (+1.5°)
[  3457   33.059 x1.00] LOG  [ComboTrace] CLICK IGNORED (step=1 queued=2)
[  3478   33.202 x1.00] LOG  🐾 VFX_AttackPaw triggered!
[  3481   33.229 x1.00] LOG  [ComboTrace] CLICK IGNORED (step=1 queued=2)
[  3493   33.319 x1.00] LOG  [Combat] Combo 2: 20 dmg
[  3493   33.319 x1.00] LOG  [ComboTrace] START step=2 state='Combo2' queued=1 target='OniBoss' at 2.0m
[  3493   33.319 x1.00] LOG  [ComboTrace] LAUNCH OniBoss at 0.8m dist=0.81m in 0.13s
[  3496   33.343 x1.00] LOG  [OniBoss:ClubPos] Club_Swing at strike: club tip 3.02m up, 2.75m in front, -2.81m to his right (3.93m out from his centre). Club faces -77deg from his forward, pitch 0.40. (the ground wave is born 1.6m in front of him at 0.35m.)
[  3496   33.343 x1.00] LOG  [OniBoss:Layer] Club_Swing: club has not connected — ground wave released ARMED, 1.6m in front, 12m/s x 6.0m = 0.50s, carrying 8 (half of the club's 16).
[  3497   33.350 x1.00] LOG  [Peach] light hit 8 dmg: 1 bite. 7/16 bites = 1.75 of 4 peaches
[  3497   33.350 x1.00] LOG  [Momentum] 1 -> 0 (light hit taken, 50% = -1), speed x1.00, damage x1.00, impact x1.00
[  3497   33.350 x1.00] LOG  [Combat] Combo memory: light hit, keeping step 2
[  3497   33.350 x1.00] LOG  [Combat] Hit react: HitReact_Light_2Leg (0.5s, clip starts at 0.35s)
[  3497   33.350 x1.00] LOG  [CameraGameFeel] Shake: intensity=0.30 duration=0.200s
[  3497   33.350 x1.00] LOG  [CameraGameFeel] FOV punch: player damage (-2.0°)
[  3497   33.350 x1.00] LOG  [OniBoss:Wave] wave TOUCHED Yoru (grounded) for 8 after 0.1m / 0.01s of travel.
[  3500   33.370 x1.00] LOG  [HitReactTrace] asked for 'HitReact_Light_2Leg' (0.50s, clip start 0.35s): playing it, blend resolved after 20 ms, state 1.21s long at speed 1.00, now at 0.36s, layer weight 1.00, animator.speed 1.00.
[  3565   33.829 x1.00] LOG  [OniBoss] Attack → Recovery
[  3565   33.829 x1.00] LOG  [OniBoss] Playing animation: Watch
[  3565   33.829 x1.00] LOG  [OniBoss:Trail] trail END at clip 1.00, fading over 0.40s.
[  3565   33.829 x1.00] LOG  [OniBoss:Strike] Club_Swing: club tip closest to Yoru at 0.49m, clip position 0.91 | damage fires at 0.42 | clip 0.84s => damage fires 413 ms BEFORE the club is closest
[  3586   33.989 x1.00] LOG  [OniBoss] Recovery → Attack
[  3586   33.989 x1.00] LOG  [OniBoss] Attack: ClubSwing2 (16 dmg)
[  3586   33.989 x1.00] LOG  [OniBoss:Trail] ClubSwing2 trail START at clip 1.00 (transition still blending).
[  3588   34.001 x1.00] LOG  [Combat] Combo 3: 35 dmg
[  3588   34.001 x1.00] LOG  [ComboTrace] START step=3 state='Combo3' queued=0 target='OniBoss' at 2.0m
[  3588   34.001 x1.00] LOG  [ComboTrace] LAUNCH OniBoss at 0.8m dist=0.81m in 0.13s
[  3588   34.001 x1.00] LOG  [YoruVFX] Ground hazard: 'VFX_Void_Area_GroundSpinYORU' laid at GroundVFX ((451.34, 0.05, 400.23)), floor tilt 0.0 deg, 17 delays shifted by 2.00s, own lifetime 8.98s
[  3588   34.001 x1.00] LOG  [Combat] Hazard zone tick: OniBoss for 25
[  3588   34.001 x1.00] LOG  [Combat] Hazard zone laid: 8.98s, 25 dmg every 0.50s in 2.00m
[  3596   34.069 x1.00] LOG  OniBoss took 35 damage. HP: 2410/2500
[  3596   34.069 x1.00] LOG  [OniBoss] Attack → Stagger
[  3596   34.069 x1.00] LOG  [OniBoss] Playing animation: Stagger
[  3596   34.069 x1.00] LOG  [OniBoss] STAGGERED for 2.5s
[  3596   34.069 x1.00] LOG  [OniBoss:Layer] heavy knock-back react (35 dmg) → 'HitReact_Heavy', down for 1.80s
[  3596   34.069 x1.00] LOG  [OniReactTrace] #1 HEAVY (0 dmg) asked for 'HitReact_Heavy': crossfade 0.08s, animator speed 1.35, world x1.00
[  3596   34.069 x1.00] LOG  [Momentum] 0 -> 1 (hit), speed x1.05, damage x1.05, impact x1.05
[  3596   34.069 x1.00] LOG  [CameraGameFeel] Shake: intensity=0.06 duration=0.080s
[  3596   34.069 x1.00] LOG  [CameraGameFeel] Shake: intensity=0.53 duration=0.200s
[  3596   34.069 x1.00] LOG  [CameraGameFeel] FOV punch: hit light (+1.5°)
[  3597   34.080 x1.00] LOG  [OniBoss:Trail] trail END at clip 1.00, fading over 0.40s.
[  3597   34.080 x1.00] LOG  [OniReactTrace] #1 +0.01s state SOMETHING ELSE, clip on his bones '?' weight 0.00, blending INTO 'HitReact_Heavy', layer weight 1.00, animator speed 0.00, world x1.00, engine Stagger
[  3604   34.135 x1.00] LOG  [ComboTrace] LAUNCH RESULT wanted=0.81m actually moved=0.10m, completed
[  3609   34.171 x1.00] LOG  [OniReactTrace] #1 +0.10s state 'HitReact_Heavy' at 4 % of its 1.11s, clip on his bones '?' weight 0.00, layer weight 1.00, animator speed 1.35, world x1.00, engine Stagger
[  3611   34.191 x1.00] LOG  [ComboTrace] CLICK IGNORED (step=3 queued=0)
[  3629   34.323 x1.00] LOG  [OniReactTrace] #1 +0.25s state 'HitReact_Heavy' at 18 % of its 1.11s, clip on his bones 'Take 001' weight 1.00, layer weight 1.00, animator speed 1.35, world x1.00, engine Stagger
[  3655   34.503 x1.00] LOG  [Combat] Hazard zone tick: OniBoss for 25
[  3657   34.522 x1.00] LOG  [OniReactTrace] #1 +0.45s state 'HitReact_Heavy' at 36 % of its 1.11s, clip on his bones 'Take 001' weight 1.00, layer weight 1.00, animator speed 1.35, world x1.00, engine Stagger
[  3658   34.530 x1.00] LOG  [ComboTrace] CLICK IGNORED (step=3 queued=0)
[  3687   34.721 x1.00] LOG  [ComboTrace] CLICK IGNORED (step=3 queued=0)
[  3694   34.771 x1.00] LOG  [OniReactTrace] #1 +0.70s state 'HitReact_Heavy' at 59 % of its 1.11s, clip on his bones 'Take 001' weight 1.00, layer weight 1.00, animator speed 1.35, world x1.00, engine Stagger
[  3700   34.812 x1.00] LOG  [ComboTrace] END step=3 clipProgress=0.95 clipLen=0.79s queued=0 elapsed=0.81s
[  3718   34.948 x1.00] LOG  [Combat] Combo 1: 10 dmg
[  3718   34.948 x1.00] LOG  [ComboTrace] START step=1 state='Combo1' queued=0 target='OniBoss' at 2.8m
[  3718   34.948 x1.00] LOG  [ComboTrace] LAUNCH OniBoss at 1.5m dist=1.51m in 0.15s
[  3726   35.009 x1.00] LOG  [Combat] Hazard zone tick: OniBoss for 25
[  3727   35.022 x1.00] LOG  [OniReactTrace] #1 +0.95s state 'HitReact_Heavy' at 81 % of its 1.11s, clip on his bones 'Take 001' weight 1.00, layer weight 1.00, animator speed 1.35, world x1.00, engine Stagger
[  3727   35.022 x1.00] LOG  [OniReactTrace] #1 HEAVY verdict: played to 81 % of the clip, so the reaction IS on screen and what is missing is movement inside the clip itself
[  3737   35.103 x1.00] LOG  [ComboTrace] LAUNCH RESULT wanted=1.51m actually moved=0.80m, completed
[  3744   35.160 x1.00] LOG  [Combat] Queued click #1 (combo 1)
[  3744   35.160 x1.00] LOG  [ComboTrace] QUEUED #1 during step 1
[  3772   35.372 x1.00] LOG  [Combat] Queued click #2 (combo 1)
[  3772   35.372 x1.00] LOG  [ComboTrace] QUEUED #2 during step 1
[  3776   35.394 x1.00] LOG  OniBoss punish window! 10 → 15 (x1.5)
[  3776   35.394 x1.00] LOG  OniBoss took 15 damage. HP: 2345/2500
[  3776   35.394 x1.00] LOG  [Momentum] 1 -> 2 (hit), speed x1.10, damage x1.10, impact x1.10
[  3776   35.394 x1.00] LOG  [CameraGameFeel] Shake: intensity=0.06 duration=0.080s
[  3776   35.394 x1.00] LOG  [Combat] Hit OniBoss for 10
[  3776   35.394 x1.00] LOG  [CameraGameFeel] Shake: intensity=0.55 duration=0.200s
[  3776   35.394 x1.00] LOG  [CameraGameFeel] FOV punch: hit light (+1.5°)
[  3794   35.542 x1.00] LOG  [ComboTrace] CLICK IGNORED (step=1 queued=2)
[  3795   35.551 x1.00] LOG  🐾 VFX_AttackPaw triggered!
[  3804   35.650 x1.00] LOG  [Combat] Combo 2: 20 dmg
[  3804   35.650 x1.00] LOG  [ComboTrace] START step=2 state='Combo2' queued=1 target='OniBoss' at 2.9m
[  3804   35.650 x1.00] LOG  [ComboTrace] LAUNCH OniBoss at 1.6m dist=1.60m in 0.16s
[  3814   35.710 x1.00] LOG  [ComboTrace] CLICK DROPPED by attackCooldown (0.10s, 0.06s since last attack) step=2
[  3830   35.810 x1.00] LOG  [ComboTrace] LAUNCH RESULT wanted=1.60m actually moved=0.90m, completed
[  3837   35.871 x1.00] LOG  [OniBoss] Stagger → Chase
[  3838   35.880 x1.00] LOG  [OniBoss] Playing animation: Idle
[  3838   35.880 x1.00] LOG  [OniBoss] Combo started: ClubSwing1 → ClubSwing2 → ClubSlam (3 steps remaining)
[  3838   35.880 x1.00] LOG  [OniBoss] Chase → Attack
[  3838   35.880 x1.00] LOG  [OniBoss] Attack: Club_Swing (16 dmg)
[  3838   35.880 x1.00] LOG  [OniBoss:Trail] Club_Swing trail START at clip 1.00 (transition done).
[  3843   35.921 x1.00] LOG  [Combat] Queued click #2 (combo 2)
[  3843   35.921 x1.00] LOG  [ComboTrace] QUEUED #2 during step 2
[  3865   36.090 x1.00] LOG  [ComboTrace] CLICK IGNORED (step=2 queued=2)
[  3885   36.221 x1.00] LOG  🐾🐾 VFX_TowPaw triggered!
[  3888   36.240 x1.00] LOG  [OniBoss:ClubPos] Club_Swing at strike: club tip 3.02m up, 2.66m in front, -2.87m to his right (3.91m out from his centre). Club faces -79deg from his forward, pitch 0.40. (the ground wave is born 1.6m in front of him at 0.35m.)
[  3888   36.240 x1.00] LOG  [OniBoss:Layer] Club_Swing: club has not connected — ground wave released ARMED, 1.6m in front, 12m/s x 6.0m = 0.50s, carrying 8 (half of the club's 16).
[  3888   36.240 x1.00] LOG  OniBoss took 22 damage. HP: 2323/2500
[  3888   36.240 x1.00] LOG  [OniBoss] 🤕 Hit during Attack — flash only
[  3888   36.240 x1.00] LOG  [Momentum] 2 -> 3 (hit), speed x1.15, damage x1.15, impact x1.15
[  3888   36.240 x1.00] LOG  [CameraGameFeel] Shake: intensity=0.06 duration=0.080s
[  3888   36.240 x1.00] LOG  [Combat] Hit OniBoss for 22
[  3888   36.240 x1.00] LOG  [CameraGameFeel] Shake: intensity=0.58 duration=0.200s
[  3888   36.240 x1.00] LOG  [CameraGameFeel] FOV punch: hit light (+1.5°)
[  3889   36.247 x1.00] LOG  [Peach] light hit 8 dmg: 1 bite. 6/16 bites = 1.5 of 4 peaches
[  3889   36.247 x1.00] LOG  [Momentum] 3 -> 1 (light hit taken, 50% = -2), speed x1.05, damage x1.05, impact x1.05
[  3889   36.247 x1.00] LOG  [Combat] Combo memory: light hit, keeping step 2
[  3889   36.247 x1.00] LOG  [Combat] Hit react: HitReact_Light_2Leg (0.5s, clip starts at 0.35s)
[  3889   36.247 x1.00] LOG  [CameraGameFeel] Shake: intensity=0.30 duration=0.200s
[  3889   36.247 x1.00] LOG  [CameraGameFeel] FOV punch: player damage (-2.0°)
[  3889   36.247 x1.00] LOG  [OniBoss:Wave] wave TOUCHED Yoru (grounded) for 8 after 0.1m / 0.01s of travel.
[  3897   36.310 x1.00] LOG  [HitReactTrace] asked for 'HitReact_Light_2Leg' (0.50s, clip start 0.35s): playing it, blend resolved after 63 ms, state 1.21s long at speed 1.00, now at 0.02s, layer weight 1.00, animator.speed 1.00.
[  3957   36.760 x1.00] LOG  [OniBoss] Attack → Recovery
[  3957   36.760 x1.00] LOG  [OniBoss] Playing animation: Watch
[  3957   36.760 x1.00] LOG  [OniBoss:Trail] trail END at clip 0.99, fading over 0.40s.
[  3957   36.760 x1.00] LOG  [OniBoss:Strike] Club_Swing: club tip closest to Yoru at 0.84m, clip position 0.91 | damage fires at 0.42 | clip 0.84s => damage fires 407 ms BEFORE the club is closest
[  3975   36.893 x1.00] LOG  [Combat] Combo 3: 35 dmg
[  3975   36.893 x1.00] LOG  [ComboTrace] START step=3 state='Combo3' queued=0 target='OniBoss' at 2.3m
[  3975   36.893 x1.00] LOG  [ComboTrace] LAUNCH OniBoss at 1.1m dist=1.11m in 0.13s
[  3975   36.893 x1.00] LOG  [YoruVFX] Ground hazard: 'VFX_Void_Area_GroundSpinYORU' laid at GroundVFX ((453.17, 0.05, 400.72)), floor tilt 0.0 deg, 17 delays shifted by 2.00s, own lifetime 8.98s
[  3975   36.893 x1.00] LOG  [Combat] Hazard zone tick: OniBoss for 25
[  3975   36.893 x1.00] LOG  [Combat] Hazard zone laid: 8.98s, 25 dmg every 0.50s in 2.00m
[  3977   36.910 x1.00] LOG  [OniBoss] Recovery → Attack
[  3977   36.910 x1.00] LOG  [OniBoss] Attack: ClubSwing2 (16 dmg)
[  3977   36.910 x1.00] LOG  [OniBoss:Trail] ClubSwing2 trail START at clip 1.00 (transition still blending).
[  3983   36.955 x1.00] LOG  OniBoss took 37 damage. HP: 2261/2500
[  3983   36.955 x1.00] LOG  [OniBoss] Attack → Stagger
[  3983   36.955 x1.00] LOG  [OniBoss] Playing animation: Stagger
[  3983   36.955 x1.00] LOG  [OniBoss] STAGGERED for 2.5s
[  3983   36.955 x1.00] LOG  [OniBoss:Layer] heavy knock-back react (37 dmg) → 'HitReact_Heavy', down for 1.80s
[  3983   36.955 x1.00] LOG  [OniReactTrace] #2 HEAVY (0 dmg) asked for 'HitReact_Heavy': crossfade 0.08s, animator speed 1.35, world x1.00
[  3983   36.955 x1.00] LOG  [Momentum] 1 -> 2 (hit), speed x1.10, damage x1.10, impact x1.10
[  3983   36.955 x1.00] LOG  [CameraGameFeel] Shake: intensity=0.06 duration=0.080s
[  3983   36.955 x1.00] LOG  [CameraGameFeel] Shake: intensity=0.55 duration=0.200s
[  3983   36.955 x1.00] LOG  [CameraGameFeel] FOV punch: hit light (+1.5°)
[  3984   36.964 x1.00] LOG  [OniBoss:Trail] trail END at clip 1.00, fading over 0.40s.
[  3984   36.964 x1.00] LOG  [OniReactTrace] #2 +0.01s state SOMETHING ELSE, clip on his bones '?' weight 0.00, blending INTO 'HitReact_Heavy', layer weight 1.00, animator speed 0.00, world x1.00, engine Stagger
[  3992   37.030 x1.00] LOG  [ComboTrace] LAUNCH RESULT wanted=1.11m actually moved=0.54m, completed
[  3996   37.060 x1.00] LOG  [OniReactTrace] #2 +0.10s state 'HitReact_Heavy' at 5 % of its 1.11s, clip on his bones 'Take 001' weight 1.00, layer weight 1.00, animator speed 1.35, world x1.00, engine Stagger
[  4000   37.096 x1.00] LOG  [ComboTrace] CLICK IGNORED (step=3 queued=0)
[  4017   37.214 x1.00] LOG  [OniReactTrace] #2 +0.26s state 'HitReact_Heavy' at 18 % of its 1.11s, clip on his bones 'Take 001' weight 1.00, layer weight 1.00, animator speed 1.35, world x1.00, engine Stagger
[  4032   37.316 x1.00] LOG  [ComboTrace] CLICK IGNORED (step=3 queued=0)
[  4045   37.397 x1.00] LOG  [Combat] Hazard zone tick: OniBoss for 25
[  4047   37.410 x1.00] LOG  [OniReactTrace] #2 +0.46s state 'HitReact_Heavy' at 36 % of its 1.11s, clip on his bones 'Take 001' weight 1.00, layer weight 1.00, animator speed 1.35, world x1.00, engine Stagger
[  4060   37.522 x1.00] LOG  [ComboTrace] CLICK IGNORED (step=3 queued=0)
[  4081   37.660 x1.00] LOG  [OniReactTrace] #2 +0.71s state 'HitReact_Heavy' at 59 % of its 1.11s, clip on his bones 'Take 001' weight 1.00, layer weight 1.00, animator speed 1.35, world x1.00, engine Stagger
[  4086   37.701 x1.00] LOG  [ComboTrace] END step=3 clipProgress=0.95 clipLen=0.79s queued=0 elapsed=0.81s
[  4088   37.716 x1.00] LOG  [ComboTrace] CLICK DROPPED by attackCooldown (0.10s, 0.01s since last attack) step=3
[  4094   37.754 x1.00] LOG  🚶 2-LEG JUMP
[  4094   37.754 x1.00] LOG  🐾 Jump 1 VFX spawned!
[  4113   37.903 x1.00] LOG  [Combat] Hazard zone tick: OniBoss for 25
[  4114   37.911 x1.00] LOG  [OniReactTrace] #2 +0.96s state 'HitReact_Heavy' at 81 % of its 1.11s, clip on his bones 'Take 001' weight 1.00, layer weight 1.00, animator speed 1.35, world x1.00, engine Stagger
[  4114   37.911 x1.00] LOG  [OniReactTrace] #2 HEAVY verdict: played to 81 % of the clip, so the reaction IS on screen and what is missing is movement inside the clip itself
[  4116   37.930 x1.00] LOG  [ComboTrace] LAUNCH OniBoss at 1.2m dist=1.22m in 0.13s [AIRBORNE]
[  4116   37.930 x1.00] LOG  [Combat] Aerial spin, 25 dmg
[  4116   37.930 x1.00] LOG  [YoruVFX] Air spin: 'VFX_Void_Burst_AirSpinYoru' at CenterVFX, 46 systems, longest 1.00s fitted to 0.79s at speed 1.27, 8 forced Local, 38 delays zeroed, tail 2.37s
[  4116   37.930 x1.00] LOG  OniBoss punish window! 11 → 16 (x1.5)
[  4116   37.930 x1.00] LOG  OniBoss took 16 damage. HP: 2195/2500
[  4116   37.930 x1.00] LOG  [Momentum] 2 -> 3 (hit), speed x1.15, damage x1.15, impact x1.15
[  4116   37.930 x1.00] LOG  [CameraGameFeel] Shake: intensity=0.06 duration=0.080s
[  4116   37.930 x1.00] LOG  [CameraGameFeel] Shake: intensity=0.58 duration=0.200s
[  4116   37.930 x1.00] LOG  [CameraGameFeel] FOV punch: hit light (+1.5°)
[  4116   37.930 x1.00] LOG  [AirPosePin] engaged, holding body at 0.918m above the transform
[  4131   38.062 x1.00] LOG  [ComboTrace] LAUNCH RESULT wanted=1.22m actually moved=1.28m, completed
[  4134   38.090 x1.00] LOG  OniBoss punish window! 12 → 18 (x1.5)
[  4134   38.090 x1.00] LOG  OniBoss took 18 damage. HP: 2177/2500
[  4134   38.090 x1.00] LOG  [CameraGameFeel] Shake: intensity=0.20 duration=0.200s
[  4137   38.111 x1.00] LOG  [StormWeather] ⚡ strike at (487.26, 45.00, 453.93)
[  4152   38.241 x1.00] LOG  OniBoss punish window! 12 → 18 (x1.5)
[  4152   38.241 x1.00] LOG  OniBoss took 18 damage. HP: 2159/2500
[  4152   38.241 x1.00] LOG  [Momentum] 3 -> 4 (hit), speed x1.20, damage x1.20, impact x1.20
[  4152   38.241 x1.00] LOG  [CameraGameFeel] Shake: intensity=0.06 duration=0.080s
[  4152   38.241 x1.00] LOG  [CameraGameFeel] Shake: intensity=0.21 duration=0.200s
[  4202   38.665 x1.00] LOG  [YoruVFX] Spin VFX stopped, fading for 2.37s
[  4205   38.690 x1.00] LOG  💨 Landing VFX spawned!
[  4205   38.690 x1.00] LOG  ✅ LANDED! (was jump #1)
[  4205   38.690 x1.00] LOG  [ComboTrace] END step=3 clipProgress=0.91 clipLen=0.79s queued=0 elapsed=0.76s
[  4205   38.690 x1.00] LOG  [AirPosePin] released, peak correction was 0.000m
[  4214   38.760 x1.00] LOG  [OniBoss] Stagger → Chase
[  4215   38.771 x1.00] LOG  [OniBoss] Playing animation: Watch
[  4215   38.771 x1.00] LOG  [OniBoss] Combo started: ClubSwing1 → ClubSwing2 → ClubSlam (3 steps remaining)
[  4215   38.771 x1.00] LOG  [OniBoss] Chase → Attack
[  4215   38.771 x1.00] LOG  [OniBoss] Attack: Club_Swing (16 dmg)
[  4215   38.771 x1.00] LOG  [OniBoss:Trail] Club_Swing trail START at clip 1.00 (transition done).
[  4216   38.780 x1.00] LOG  [ComboTrace] CLICK DROPPED by attackCooldown (0.10s, 0.09s since last attack) step=3
[  4220   38.811 x1.00] LOG  🚶 2-LEG JUMP
[  4220   38.811 x1.00] LOG  🐾 Jump 1 VFX spawned!
[  4243   38.991 x1.00] LOG  [ComboTrace] LAUNCH OniBoss at 1.4m dist=1.39m in 0.14s [AIRBORNE]
[  4243   38.991 x1.00] LOG  [Combat] Aerial spin, 25 dmg
[  4243   38.991 x1.00] LOG  [YoruVFX] Air spin: 'VFX_Void_Burst_AirSpinYoru' at CenterVFX, 46 systems, longest 1.00s fitted to 0.79s at speed 1.27, 8 forced Local, 38 delays zeroed, tail 2.37s
[  4243   38.991 x1.00] LOG  OniBoss took 12 damage. HP: 2147/2500
[  4243   38.991 x1.00] LOG  [OniBoss] 🤕 Hit during Attack — flash only
[  4243   38.991 x1.00] LOG  [OniBoss] Attack → Stagger
[  4243   38.991 x1.00] LOG  [OniBoss] Playing animation: Stagger
[  4243   38.991 x1.00] LOG  [OniBoss] STAGGERED for 2.5s
[  4243   38.991 x1.00] LOG  [OniBoss:Layer] heavy knock-back react (swirl burst, 4 hits / 64 dmg) → 'HitReact_Heavy', down for 1.80s
[  4243   38.991 x1.00] LOG  [OniReactTrace] #3 HEAVY (0 dmg) asked for 'HitReact_Heavy': crossfade 0.08s, animator speed 1.35, world x1.00
[  4243   38.991 x1.00] LOG  [OniBoss:Layer] burst: 4 hits / 64 dmg inside 0.8s → knock-back + 0.90m push
[  4243   38.991 x1.00] LOG  [Momentum] 4 -> 5 (hit), speed x1.25, damage x1.25, impact x1.25
[  4243   38.991 x1.00] LOG  [CameraGameFeel] Shake: intensity=0.14 duration=0.080s
[  4243   38.991 x1.00] LOG  [CameraGameFeel] Shake: intensity=0.63 duration=0.200s
[  4243   38.991 x1.00] LOG  [CameraGameFeel] FOV punch: hit light (+1.5°)
[  4243   38.991 x1.00] LOG  [OniBoss:Touch] Club_Swing: no touch this swing, closest 2.96m at clip 0.20 (head 0.00 along the club), fastest tip 157m/s (radius 0.70, min speed 50, max tip height 2.5m).
[  4243   38.991 x1.00] LOG  [OniBoss:Strike] Club_Swing: club tip closest to Yoru at 6.40m, clip position 0.12 | damage fires at 0.42 | clip 0.84s => damage fires 252 ms AFTER the club is closest — it lands once the club has passed her
[  4243   38.991 x1.00] LOG  [AirPosePin] engaged, holding body at 0.931m above the transform
[  4244   39.003 x1.00] LOG  [OniBoss:Trail] trail END at clip 0.25, fading over 0.40s.
[  4244   39.003 x1.00] LOG  [OniReactTrace] #3 +0.01s state SOMETHING ELSE, clip on his bones 'Take 001' weight 1.00, blending INTO 'HitReact_Heavy', layer weight 1.00, animator speed 0.00, world x1.00, engine Stagger
[  4256   39.097 x1.00] LOG  [OniReactTrace] #3 +0.11s state 'HitReact_Heavy' at 4 % of its 1.11s, clip on his bones 'Take 001' weight 1.00, layer weight 1.00, animator speed 1.35, world x1.00, engine Stagger
[  4260   39.131 x1.00] LOG  [ComboTrace] LAUNCH RESULT wanted=1.39m actually moved=1.45m, completed
[  4262   39.147 x1.00] LOG  OniBoss punish window! 12 → 18 (x1.5)
[  4262   39.147 x1.00] LOG  OniBoss took 18 damage. HP: 2129/2500
[  4262   39.147 x1.00] LOG  [CameraGameFeel] Shake: intensity=0.22 duration=0.200s
[  4274   39.246 x1.00] LOG  [OniReactTrace] #3 +0.26s state 'HitReact_Heavy' at 18 % of its 1.11s, clip on his bones 'Take 001' weight 1.00, layer weight 1.00, animator speed 1.35, world x1.00, engine Stagger
[  4280   39.300 x1.00] LOG  OniBoss punish window! 12 → 18 (x1.5)
[  4280   39.300 x1.00] LOG  OniBoss took 18 damage. HP: 2111/2500
[  4280   39.300 x1.00] LOG  [Momentum] 5 -> 6 (hit), speed x1.30, damage x1.30, impact x1.30
[  4280   39.300 x1.00] LOG  [CameraGameFeel] Shake: intensity=0.06 duration=0.080s
[  4280   39.300 x1.00] LOG  [CameraGameFeel] Shake: intensity=0.23 duration=0.200s
[  4296   39.441 x1.00] LOG  [OniReactTrace] #3 +0.45s state 'HitReact_Heavy' at 35 % of its 1.11s, clip on his bones 'Take 001' weight 1.00, layer weight 1.00, animator speed 1.35, world x1.00, engine Stagger
[  4328   39.692 x1.00] LOG  [OniReactTrace] #3 +0.70s state 'HitReact_Heavy' at 58 % of its 1.11s, clip on his bones 'Take 001' weight 1.00, layer weight 1.00, animator speed 1.35, world x1.00, engine Stagger
[  4332   39.721 x1.00] LOG  [YoruVFX] Spin VFX stopped, fading for 2.37s
[  4335   39.744 x1.00] LOG  💨 Landing VFX spawned!
[  4335   39.744 x1.00] LOG  ✅ LANDED! (was jump #1)
[  4335   39.744 x1.00] LOG  [AirPosePin] released, peak correction was 0.000m
[  4336   39.751 x1.00] LOG  [ComboTrace] END step=3 clipProgress=0.90 clipLen=0.79s queued=0 elapsed=0.76s
[  4340   39.786 x1.00] LOG  🚶 2-LEG JUMP
[  4340   39.786 x1.00] LOG  🐾 Jump 1 VFX spawned!
[  4360   39.940 x1.00] LOG  [ComboTrace] LAUNCH OniBoss at 1.4m dist=1.41m in 0.14s [AIRBORNE]
[  4360   39.940 x1.00] LOG  [Combat] Aerial spin, 25 dmg
[  4360   39.940 x1.00] LOG  [YoruVFX] Air spin: 'VFX_Void_Burst_AirSpinYoru' at CenterVFX, 46 systems, longest 1.00s fitted to 0.79s at speed 1.27, 8 forced Local, 38 delays zeroed, tail 2.37s
[  4360   39.940 x1.00] LOG  OniBoss punish window! 13 → 20 (x1.5)
[  4360   39.940 x1.00] LOG  OniBoss took 20 damage. HP: 2091/2500
[  4360   39.940 x1.00] LOG  [Momentum] 6 -> 7 (hit), speed x1.35, damage x1.35, impact x1.35
[  4360   39.940 x1.00] LOG  [CameraGameFeel] Shake: intensity=0.06 duration=0.080s
[  4360   39.940 x1.00] LOG  [CameraGameFeel] Shake: intensity=0.68 duration=0.200s
[  4360   39.940 x1.00] LOG  [CameraGameFeel] FOV punch: hit light (+1.5°)
[  4360   39.940 x1.00] LOG  [AirPosePin] engaged, holding body at 0.832m above the transform
[  4361   39.950 x1.00] LOG  [OniReactTrace] #3 +0.96s state 'HitReact_Heavy' at 80 % of its Infinitys, clip on his bones 'Take 001' weight 1.00, layer weight 1.00, animator speed 0.00, world x1.00, engine Stagger
[  4361   39.950 x1.00] LOG  [OniReactTrace] #3 HEAVY verdict: played to 80 % of the clip, so the reaction IS on screen and what is missing is movement inside the clip itself
[  4378   40.087 x1.00] LOG  [ComboTrace] LAUNCH RESULT wanted=1.41m actually moved=1.48m, completed
[  4379   40.094 x1.00] LOG  OniBoss punish window! 14 → 21 (x1.5)
[  4379   40.094 x1.00] LOG  OniBoss took 21 damage. HP: 2070/2500
[  4379   40.094 x1.00] LOG  [CameraGameFeel] Shake: intensity=0.24 duration=0.200s
[  4397   40.247 x1.00] LOG  OniBoss punish window! 14 → 21 (x1.5)
[  4397   40.247 x1.00] LOG  OniBoss took 21 damage. HP: 2049/2500
[  4397   40.247 x1.00] LOG  [Momentum] 7 -> 8 (hit), speed x1.40, damage x1.40, impact x1.40
[  4397   40.247 x1.00] LOG  [CameraGameFeel] Shake: intensity=0.06 duration=0.080s
[  4397   40.247 x1.00] LOG  [CameraGameFeel] Shake: intensity=0.25 duration=0.200s
[  4450   40.681 x1.00] LOG  [YoruVFX] Spin VFX stopped, fading for 2.37s
[  4454   40.706 x1.00] LOG  [ComboTrace] END step=3 clipProgress=0.90 clipLen=0.79s queued=0 elapsed=0.77s
[  4455   40.712 x1.00] LOG  [AirPosePin] released, peak correction was 0.000m
[  4457   40.730 x1.00] LOG  💨 Landing VFX spawned!
[  4457   40.730 x1.00] LOG  ✅ LANDED! (was jump #1)
[  4460   40.748 x1.00] LOG  🚶 2-LEG JUMP
[  4460   40.748 x1.00] LOG  🐾 Jump 1 VFX spawned!
[  4464   40.781 x1.00] LOG  [ComboTrace] LAUNCH OniBoss at 1.5m dist=1.53m in 0.15s [AIRBORNE]
[  4464   40.781 x1.00] LOG  [Combat] Aerial spin, 25 dmg
[  4464   40.781 x1.00] LOG  [YoruVFX] Air spin: 'VFX_Void_Burst_AirSpinYoru' at CenterVFX, 46 systems, longest 1.00s fitted to 0.79s at speed 1.27, 8 forced Local, 38 delays zeroed, tail 2.37s
[  4464   40.781 x1.00] LOG  OniBoss punish window! 14 → 21 (x1.5)
[  4464   40.781 x1.00] LOG  OniBoss took 21 damage. HP: 2028/2500
[  4464   40.781 x1.00] LOG  [Momentum] 8 -> 9 (hit), speed x1.45, damage x1.45, impact x1.45
[  4464   40.781 x1.00] LOG  [CameraGameFeel] Shake: intensity=0.06 duration=0.080s
[  4464   40.781 x1.00] LOG  [CameraGameFeel] Shake: intensity=0.73 duration=0.200s
[  4464   40.781 x1.00] LOG  [CameraGameFeel] FOV punch: hit light (+1.5°)
[  4464   40.781 x1.00] LOG  [ComboTrace] END step=3 clipProgress=0.98 clipLen=0.79s queued=0 elapsed=0.00s
[  4466   40.797 x1.00] LOG  [OniBoss] Stagger → Chase
[  4467   40.803 x1.00] LOG  [OniBoss] Playing animation: Idle
[  4467   40.803 x1.00] LOG  [OniBoss] Chase → Attack
[  4467   40.803 x1.00] LOG  [OniBoss] Attack: ClubSlam (20 dmg)
[  4467   40.803 x1.00] LOG  [OniBoss:Trail] ClubSlam trail START at clip 1.00 (transition done).
[  4483   40.937 x1.00] LOG  [ComboTrace] LAUNCH RESULT wanted=1.53m actually moved=1.60m, completed
[  4520   41.245 x1.00] LOG  [CameraGameFeel] Shake: intensity=0.50 duration=0.400s
[  4520   41.245 x1.00] LOG  [Peach] heavy hit 20 dmg: 3 bites. 3/16 bites = 0.75 of 4 peaches
[  4520   41.245 x1.00] LOG  [Momentum] 9 -> 0 (heavy hit taken, reset), speed x1.00, damage x1.00, impact x1.00
[  4520   41.245 x1.00] LOG  [YoruVFX] Spin VFX stopped, fading for 2.37s
[  4520   41.245 x1.00] LOG  [Combat] Hit react: HitReact_Heavy_2Leg (0.9s, clip starts at 0.35s)
[  4520   41.245 x1.00] LOG  [CameraGameFeel] Shake: intensity=0.60 duration=0.200s
[  4520   41.245 x1.00] LOG  [CameraGameFeel] FOV punch: player damage (-3.0°)
[  4520   41.245 x1.00] LOG  [OniBoss] Hit player for 20 (ClubSlam)
[  4520   41.245 x1.00] LOG  [OniBoss:Touch] ClubSlam: club TOUCHED Yoru at clip 0.45, shaft 0.38m from her body line, head 0.49 along the club, tip 1.77m up, tip speed 114m/s. Full club hit delivered this frame.
[  4521   41.255 x1.00] LOG  [PeachUI] LOW HEALTH cue ON: 3 bites left, heartbeat 1.00s, bleed on, sound set
[  4521   41.255 x1.00] LOG  [HitReactTrace] asked for 'HitReact_Heavy_2Leg' (0.90s, clip start 0.35s): NOT playing it, another state took the combat layer, blend resolved after 9 ms, state 1.00s long at speed 1.00, now at 0.41s, layer weight 1.00, animator.speed 1.00.
[  4521   41.255 x1.00] LOG  [AirPosePin] engaged, holding body at 1.512m above the transform
[  4565   41.631 x1.00] LOG  [OniBoss:ClubPos] ClubSlam at strike: club tip 0.56m up, 2.90m in front, -0.18m to his right (2.91m out from his centre). Club faces 6deg from his forward, pitch -0.25. (the ground wave is born 1.6m in front of him at 0.35m.)
[  4565   41.631 x1.00] LOG  [OniBoss:Layer] ClubSlam: club already hit — ground wave released as VISUAL only (0 damage).
[  4572   41.687 x1.00] LOG  💨 Landing VFX spawned!
[  4572   41.687 x1.00] LOG  [AirPosePin] released, peak correction was 0.000m
[  4581   41.762 x1.00] LOG  [OniBoss] Attack → Recovery
[  4581   41.762 x1.00] LOG  [OniBoss] Playing animation: Watch
[  4581   41.762 x1.00] LOG  [OniBoss:Trail] trail END at clip 0.99, fading over 0.40s.
[  4581   41.762 x1.00] LOG  [OniBoss:Strike] ClubSlam: club tip closest to Yoru at 0.18m, clip position 0.94 | damage fires at 0.85 | clip 0.93s => damage fires 83 ms BEFORE the club is closest
[  4599   41.912 x1.00] LOG  [OniBoss] Recovery → Chase
[  4600   41.919 x1.00] LOG  [OniBoss] hold-ground: BACKSTEP 1.5m (player 2.0m)
[  4629   42.136 x1.00] LOG  ✅ LANDED! (was jump #0)
[  4632   42.154 x1.00] LOG  🚶 2-LEG JUMP
[  4632   42.154 x1.00] LOG  🐾 Jump 1 VFX spawned!
[  4638   42.198 x1.00] LOG  [ComboTrace] LAUNCH OniBoss at 1.1m dist=1.13m in 0.13s [AIRBORNE]
[  4638   42.198 x1.00] LOG  [Combat] Aerial spin, 25 dmg
[  4638   42.198 x1.00] LOG  [YoruVFX] Air spin: 'VFX_Void_Burst_AirSpinYoru' at CenterVFX, 46 systems, longest 1.00s fitted to 0.79s at speed 1.27, 8 forced Local, 38 delays zeroed, tail 2.37s
[  4638   42.198 x1.00] LOG  OniBoss took 10 damage. HP: 2018/2500
[  4638   42.198 x1.00] LOG  [OniBoss] Chase → HitReact
[  4638   42.198 x1.00] LOG  [OniBoss:Layer] react tier: LIGHT (10 dmg) → 'Hit_react_light'
[  4638   42.198 x1.00] LOG  [OniReactTrace] #4 LIGHT (10 dmg) asked for 'Hit_react_light': crossfade 0.08s, animator speed 1.35, world x1.00
[  4638   42.198 x1.00] LOG  [Momentum] 0 -> 1 (hit), speed x1.05, damage x1.05, impact x1.05
[  4638   42.198 x1.00] LOG  [CameraGameFeel] Shake: intensity=0.06 duration=0.080s
[  4638   42.198 x1.00] LOG  [CameraGameFeel] Shake: intensity=0.53 duration=0.200s
[  4638   42.198 x1.00] LOG  [CameraGameFeel] FOV punch: hit light (+1.5°)
[  4638   42.198 x1.00] LOG  [AirPosePin] engaged, holding body at 0.558m above the transform
[  4639   42.209 x1.00] LOG  [OniReactTrace] #4 +0.01s state SOMETHING ELSE, clip on his bones 'Take 001' weight 1.00, blending INTO 'Hit_react_light', layer weight 1.00, animator speed 0.00, world x1.00, engine HitReact
[  4652   42.305 x1.00] LOG  [OniReactTrace] #4 +0.11s state 'Hit_react_light' at 10 % of its 0.62s, clip on his bones 'Take 001' weight 1.00, layer weight 1.00, animator speed 1.35, world x1.00, engine HitReact
[  4656   42.338 x1.00] LOG  [ComboTrace] LAUNCH RESULT wanted=1.13m actually moved=0.45m, completed
[  4658   42.351 x1.00] LOG  OniBoss took 10 damage. HP: 2008/2500
[  4658   42.351 x1.00] LOG  [OniBoss:Layer] burst: 2 hits / 20 dmg → flinch upgraded to 'HitReact_medium'
[  4658   42.351 x1.00] LOG  [OniReactTrace] #5 BURST UPGRADE (20 dmg) asked for 'HitReact_medium': crossfade 0.08s, animator speed 1.35, world x1.00
[  4658   42.351 x1.00] LOG  [CameraGameFeel] Shake: intensity=0.18 duration=0.200s
[  4659   42.361 x1.00] LOG  [OniReactTrace] #5 +0.01s state SOMETHING ELSE, clip on his bones 'Take 001' weight 0.89, blending INTO 'HitReact_medium', layer weight 1.00, animator speed 1.35, world x1.00, engine HitReact
[  4670   42.452 x1.00] LOG  [OniReactTrace] #5 +0.10s state 'HitReact_medium' at 9 % of its 1.08s, clip on his bones 'Take 001' weight 1.00, layer weight 1.00, animator speed 1.35, world x1.00, engine HitReact
[  4678   42.511 x1.00] LOG  OniBoss took 10 damage. HP: 1998/2500
[  4678   42.511 x1.00] LOG  [OniBoss] HitReact → Stagger
[  4678   42.511 x1.00] LOG  [OniBoss] Playing animation: Stagger
[  4678   42.511 x1.00] LOG  [OniBoss] STAGGERED for 2.5s
[  4678   42.511 x1.00] LOG  [OniBoss:Layer] heavy knock-back react (swirl burst, 3 hits / 30 dmg) → 'HitReact_Heavy', down for 1.80s
[  4678   42.511 x1.00] LOG  [OniReactTrace] #6 HEAVY (0 dmg) asked for 'HitReact_Heavy': crossfade 0.08s, animator speed 1.35, world x1.00
[  4678   42.511 x1.00] LOG  [OniBoss:Layer] burst: 3 hits / 30 dmg inside 0.8s → knock-back + 0.90m push
[  4678   42.511 x1.00] LOG  [Momentum] 1 -> 2 (hit), speed x1.10, damage x1.10, impact x1.10
[  4678   42.511 x1.00] LOG  [CameraGameFeel] Shake: intensity=0.06 duration=0.080s
[  4678   42.511 x1.00] LOG  [CameraGameFeel] Shake: intensity=0.19 duration=0.200s
[  4679   42.521 x1.00] LOG  [OniReactTrace] #6 +0.01s state SOMETHING ELSE, clip on his bones 'Take 001' weight 0.77, blending INTO 'HitReact_Heavy', layer weight 1.00, animator speed 1.35, world x1.00, engine Stagger
[  4692   42.621 x1.00] LOG  [OniReactTrace] #6 +0.11s state 'HitReact_Heavy' at 9 % of its 1.11s, clip on his bones 'Take 001' weight 1.00, layer weight 1.00, animator speed 1.35, world x1.00, engine Stagger
[  4698   42.672 x1.00] LOG  OniBoss punish window! 11 → 16 (x1.5)
[  4698   42.672 x1.00] LOG  OniBoss took 16 damage. HP: 1982/2500
[  4698   42.672 x1.00] LOG  [CameraGameFeel] Shake: intensity=0.19 duration=0.200s
[  4709   42.772 x1.00] LOG  [OniReactTrace] #6 +0.26s state 'HitReact_Heavy' at 22 % of its 1.11s, clip on his bones 'Take 001' weight 1.00, layer weight 1.00, animator speed 1.35, world x1.00, engine Stagger
[  4716   42.831 x1.00] LOG  OniBoss punish window! 11 → 16 (x1.5)
[  4716   42.831 x1.00] LOG  OniBoss took 16 damage. HP: 1966/2500
[  4716   42.831 x1.00] LOG  [Momentum] 2 -> 3 (hit), speed x1.15, damage x1.15, impact x1.15
[  4716   42.831 x1.00] LOG  [CameraGameFeel] Shake: intensity=0.06 duration=0.080s
[  4716   42.831 x1.00] LOG  [CameraGameFeel] Shake: intensity=0.20 duration=0.200s
[  4728   42.922 x1.00] LOG  [YoruVFX] Spin VFX stopped, fading for 2.37s
[  4732   42.951 x1.00] LOG  [ComboTrace] END step=3 clipProgress=0.90 clipLen=0.79s queued=0 elapsed=0.75s
[  4733   42.958 x1.00] LOG  [AirPosePin] released, peak correction was -0.072m
[  4734   42.964 x1.00] LOG  [OniReactTrace] #6 +0.45s state 'HitReact_Heavy' at 40 % of its 1.11s, clip on his bones 'Take 001' weight 1.00, layer weight 1.00, animator speed 1.35, world x1.00, engine Stagger
[  4750   43.088 x1.00] LOG  💨 Landing VFX spawned!
[  4750   43.088 x1.00] LOG  ✅ LANDED! (was jump #1)
[  4761   43.181 x1.00] LOG  [Combat] Combo 1: 10 dmg
[  4761   43.181 x1.00] LOG  [ComboTrace] START step=1 state='Combo1' queued=0 target='OniBoss' at 3.5m
[  4761   43.181 x1.00] LOG  [ComboTrace] LAUNCH OniBoss at 2.2m dist=2.21m in 0.22s
[  4765   43.213 x1.00] LOG  [OniReactTrace] #6 +0.70s state 'HitReact_Heavy' at 62 % of its 1.11s, clip on his bones 'Take 001' weight 1.00, layer weight 1.00, animator speed 1.35, world x1.00, engine Stagger
[  4786   43.381 x1.00] LOG  [Combat] Queued click #1 (combo 1)
[  4786   43.381 x1.00] LOG  [ComboTrace] QUEUED #1 during step 1
[  4789   43.401 x1.00] LOG  [ComboTrace] LAUNCH RESULT wanted=2.21m actually moved=1.55m, completed
[  4797   43.465 x1.00] LOG  [OniReactTrace] #6 +0.95s state 'HitReact_Heavy' at 85 % of its 1.11s, clip on his bones 'Take 001' weight 1.00, layer weight 1.00, animator speed 1.35, world x1.00, engine Stagger
[  4797   43.465 x1.00] LOG  [OniReactTrace] #6 HEAVY verdict: played to 85 % of the clip, so the reaction IS on screen and what is missing is movement inside the clip itself
[  4812   43.587 x1.00] LOG  [Combat] Queued click #2 (combo 1)
[  4812   43.587 x1.00] LOG  [ComboTrace] QUEUED #2 during step 1
[  4813   43.593 x1.00] LOG  OniBoss punish window! 12 → 18 (x1.5)
[  4813   43.593 x1.00] LOG  OniBoss took 18 damage. HP: 1948/2500
[  4813   43.593 x1.00] LOG  [Momentum] 3 -> 4 (hit), speed x1.20, damage x1.20, impact x1.20
[  4813   43.593 x1.00] LOG  [CameraGameFeel] Shake: intensity=0.06 duration=0.080s
[  4813   43.593 x1.00] LOG  [Combat] Hit OniBoss for 12
[  4813   43.593 x1.00] LOG  [CameraGameFeel] Shake: intensity=0.60 duration=0.200s
[  4813   43.593 x1.00] LOG  [CameraGameFeel] FOV punch: hit light (+1.5°)
[  4833   43.744 x1.00] LOG  🐾 VFX_AttackPaw triggered!
[  4841   43.801 x1.00] LOG  [ComboTrace] CLICK IGNORED (step=1 queued=2)
[  4845   43.837 x1.00] LOG  [Combat] Combo 2: 20 dmg
[  4845   43.837 x1.00] LOG  [ComboTrace] START step=2 state='Combo2' queued=1 target='OniBoss' at 2.9m
[  4845   43.837 x1.00] LOG  [ComboTrace] LAUNCH OniBoss at 1.6m dist=1.60m in 0.16s
[  4868   44.001 x1.00] LOG  [ComboTrace] LAUNCH RESULT wanted=1.60m actually moved=0.90m, completed
[  4871   44.028 x1.00] LOG  [Combat] Queued click #2 (combo 2)
[  4871   44.028 x1.00] LOG  [ComboTrace] QUEUED #2 during step 2
[  4898   44.215 x1.00] LOG  [ComboTrace] CLICK IGNORED (step=2 queued=2)
[  4911   44.313 x1.00] LOG  [OniBoss] Stagger → Chase
[  4912   44.322 x1.00] LOG  [OniBoss] Playing animation: Idle
[  4912   44.322 x1.00] LOG  [OniBoss] Combo started: ClubSwing1 → ClubSwing2 → ClubSlam (3 steps remaining)
[  4912   44.322 x1.00] LOG  [OniBoss] Chase → Attack
[  4912   44.322 x1.00] LOG  [OniBoss] Attack: Club_Swing (16 dmg)
[  4912   44.322 x1.00] LOG  [OniBoss:Trail] Club_Swing trail START at clip 1.00 (transition done).
[  4918   44.364 x1.00] LOG  🐾🐾 VFX_TowPaw triggered!
[  4920   44.381 x1.00] LOG  OniBoss took 24 damage. HP: 1924/2500
[  4920   44.381 x1.00] LOG  [OniBoss] 🤕 Hit during Attack — flash only
[  4920   44.381 x1.00] LOG  [Momentum] 4 -> 5 (hit), speed x1.25, damage x1.25, impact x1.25
[  4920   44.381 x1.00] LOG  [CameraGameFeel] Shake: intensity=0.14 duration=0.080s
[  4920   44.381 x1.00] LOG  [Combat] Hit OniBoss for 24
[  4920   44.381 x1.00] LOG  [CameraGameFeel] Shake: intensity=0.63 duration=0.200s
[  4920   44.381 x1.00] LOG  [CameraGameFeel] FOV punch: hit light (+1.5°)
[  4926   44.418 x1.00] LOG  [ComboTrace] CLICK IGNORED (step=2 queued=2)
[  4953   44.622 x1.00] LOG  [ComboTrace] CLICK IGNORED (step=2 queued=2)
[  4966   44.721 x1.00] LOG  🐾🐾 VFX_TowPaw triggered!
[  4968   44.736 x1.00] LOG  [OniBoss:ClubPos] Club_Swing at strike: club tip 3.04m up, 1.90m in front, -3.19m to his right (3.71m out from his centre). Club faces -95deg from his forward, pitch 0.41. (the ground wave is born 1.6m in front of him at 0.35m.)
[  4968   44.736 x1.00] LOG  [OniBoss:Layer] Club_Swing: club has not connected — ground wave released ARMED, 1.6m in front, 12m/s x 6.0m = 0.50s, carrying 8 (half of the club's 16).
[  4969   44.742 x1.00] LOG  [Peach] light hit 8 dmg: 1 bite. 2/16 bites = 0.5 of 4 peaches
[  4969   44.742 x1.00] LOG  [Momentum] 5 -> 2 (light hit taken, 50% = -3), speed x1.10, damage x1.10, impact x1.10
[  4969   44.742 x1.00] LOG  [Combat] Combo memory: light hit, keeping step 2
[  4969   44.742 x1.00] LOG  [Combat] Hit react: HitReact_Light_2Leg (0.5s, clip starts at 0.35s)
[  4969   44.742 x1.00] LOG  [CameraGameFeel] Shake: intensity=0.30 duration=0.200s
[  4969   44.742 x1.00] LOG  [CameraGameFeel] FOV punch: player damage (-2.0°)
[  4969   44.742 x1.00] LOG  [OniBoss:Wave] wave TOUCHED Yoru (grounded) for 8 after 0.1m / 0.01s of travel.
[  4972   44.771 x1.00] LOG  [HitReactTrace] asked for 'HitReact_Light_2Leg' (0.50s, clip start 0.35s): playing it, blend resolved after 29 ms, state 1.21s long at speed 1.00, now at 0.37s, layer weight 1.00, animator.speed 1.00.
[  5033   45.213 x1.00] LOG  [OniBoss] Attack → Recovery
[  5033   45.213 x1.00] LOG  [OniBoss] Playing animation: Watch
[  5033   45.213 x1.00] LOG  [OniBoss:Trail] trail END at clip 0.99, fading over 0.40s.
[  5033   45.213 x1.00] LOG  [OniBoss:Strike] Club_Swing: club tip closest to Yoru at 0.83m, clip position 0.91 | damage fires at 0.42 | clip 0.84s => damage fires 414 ms BEFORE the club is closest
[  5055   45.372 x1.00] LOG  [OniBoss] Recovery → Attack
[  5055   45.372 x1.00] LOG  [OniBoss] Attack: ClubSwing2 (16 dmg)
[  5055   45.372 x1.00] LOG  [OniBoss:Trail] ClubSwing2 trail START at clip 1.00 (transition still blending).
[  5082   45.543 x1.00] LOG  🐾⚡ Heavy charge buildup spawned at LeftPawVFX (pos (461.41, 0.55, 403.88)). PS found: True
[  5082   45.543 x1.00] LOG  [Combat] Charging heavy...
[  5098   45.643 x1.00] LOG  [OniBoss:Layer] step-in: 'ClubSwing2' closed 1.39m, Yoru now 3.0m away (range 3.5)
[  5109   45.713 x1.00] LOG  [CameraGameFeel] Shake: intensity=0.20 duration=0.250s
[  5109   45.713 x1.00] LOG  [Peach] light hit 20 dmg: 2 bites. 0/16 bites = 0 of 4 peaches
[  5109   45.713 x1.00] LOG  [Health] Player died (light killing hit). Game over menu: next pass.
[  5109   45.713 x1.00] LOG  [CameraGameFeel] Shake: intensity=0.30 duration=0.200s
[  5109   45.713 x1.00] LOG  [CameraGameFeel] FOV punch: player damage (-2.0°)
[  5109   45.713 x0.15] LOG  🐾⚡ Heavy charge buildup stopped
[  5109   45.713 x0.15] LOG  [Death] Yoru died on the ground on 2 legs (light hit): HR_Die_2legs. Slow motion x0.15 for 0.8s then x0.50, death sound set.
[  5109   45.713 x0.15] LOG  [OniBoss] Hit player for 20 (ClubSwing2) [combo x1.25]
[  5109   45.713 x0.15] LOG  [OniBoss:Touch] ClubSwing2: club TOUCHED Yoru at clip 0.29, shaft 0.61m from her body line, head 0.82 along the club, tip 0.90m up, tip speed 100m/s. Full club hit delivered this frame.
[  5110   45.722 x0.15] LOG  [GameOver] Yoru died: waiting for the death animation to finish, then 1.0s, then ink 3.0s, title 2.0s, buttons 1.5s
[  5110   45.722 x0.15] LOG  [PeachUI] LOW HEALTH cue OFF (she died: heartbeat stops, bleed holds at full)
[  5142   45.937 x0.15] LOG  [OniBoss:ClubPos] ClubSwing2 at strike: club tip 0.04m up, 1.98m in front, 2.22m to his right (2.97m out from his centre). Club faces -3deg from his forward, pitch -0.86. (the ground wave is born 1.6m in front of him at 0.35m.)
[  5142   45.937 x0.15] LOG  [OniBoss:Layer] ClubSwing2: club already hit — ground wave released as VISUAL only (0 damage).
[  5464   48.272 x0.50] LOG  [OniBoss] Attack → Recovery
[  5464   48.272 x0.50] LOG  [OniBoss] Playing animation: Watch
[  5464   48.272 x0.50] LOG  [OniBoss:Trail] trail END at clip 0.99, fading over 0.40s.
[  5464   48.272 x0.50] LOG  [OniBoss:Strike] ClubSwing2: club tip closest to Yoru at 0.44m, clip position 0.30 | damage fires at 0.32 | clip 1.17s => MATCHED (within one or two frames)
[  5465   48.282 x0.50] LOG  [OniBoss] Yoru is dead: standing down
[  5465   48.282 x0.50] LOG  [OniBoss] Recovery → Idle
[  5465   48.282 x0.50] LOG  [OniBoss] Playing animation: Idle
[  5465   48.282 x0.50] LOG  [OniBoss:Layer] watch stance ON (player 3.0m)
[  5465   48.282 x0.50] LOG  [BossBar] Hiding bar (Oni disengaged)
[  5465   48.282 x0.50] LOG  [OniBoss:Layer] boss bar hidden (disengage)
[  5565   48.963 x0.50] LOG  [Momentum] 2 -> 1 (drain), speed x1.05, damage x1.05, impact x1.05
[  5707   49.968 x0.50] LOG  [Momentum] 1 -> 0 (drain), speed x1.00, damage x1.00, impact x1.00
[  6124   52.812 x0.50] LOG  [GameOver] death animation finished 7.1s after the hit (world at x0.50); the world freezes in 1.0s
[  6246   53.687 x0.50] LOG  [Pause] Esc ignored: Yoru is dead, the game over screen owns the screen
[  6266   53.815 x0.50] LOG  [GameOver] world frozen: 1426 x 802 from camera 'mainCamera (1)', levels 0.08 to 0.58 (measured), red edges start at 0.55
[  6430   54.935 x0.50] LOG  [StormWeather] terrain layers restored to dry values.
# end — 719 lines
