# Oni combat log — 2026-08-26 21:04:10
# Unity 6000.2.7f2 | scene 'CaveScene_Oni_Boss1' | platform OSXEditor
# columns: [frame realSeconds timeScale] KIND message      (KIND: LOG WARN ERR EXC TEL)
#
[     0    0.000 x1.00] LOG  [OniLog] console + telemetry → /Users/asenahazal/Documents/Yoru/OniLogs/oni_2026-08-26_21-04-10.log
[     1    0.000 x1.00] LOG  [TailAirShot4Leg] Ready. drawState=shoot_4Leg castParam=Shoot4LegSpeed (found) readyFrame=5 fireFrame=10 frames=24 slowBudget=3s real damageMultiplier=2.00
  arrow leaves: PlayerYoru_1.1/Cat_All_10_Tails_v4/Group/DeformationSystem/root/Root_M/Tail15_R/Tail151_R/Tail152_R/Tail153_R/Tail154_R/Tail155_R/Tail156_R/Tail157_R/Tail158_R/Tail159_R/Tail1510_R/Tail1511_R/Tail1512_R/Tail6_R/Tail6_R_end/Tail6_R_end_end/Tail6_R_end_end_end/RightTailTip_Anchor
  aim VFX left:  PlayerYoru_1.1/Cat_All_10_Tails_v4/Group/DeformationSystem/root/Root_M/Tail15_L/Tail151_L/Tail152_L/Tail153_L/Tail154_L/Tail155_L/Tail156_L/Tail157_L/Tail158_L/Tail159_L/Tail1510_L/Tail1511_L/Tail1512_L/Tail6_L/Tail6_L_end/Tail6_L_end_end/Tail6_L_end_end_end/LeftTailTip_Anchor/Glow_4Leg_L
  aim VFX right: PlayerYoru_1.1/Cat_All_10_Tails_v4/Group/DeformationSystem/root/Root_M/Tail15_R/Tail151_R/Tail152_R/Tail153_R/Tail154_R/Tail155_R/Tail156_R/Tail157_R/Tail158_R/Tail159_R/Tail1510_R/Tail1511_R/Tail1512_R/Tail6_R/Tail6_R_end/Tail6_R_end_end/Tail6_R_end_end_end/RightTailTip_Anchor/Glow_4Leg_R
[     1    0.000 x1.00] LOG  [TailAirShot] Ready. drawState=RightTail_Fast castParam=TailCastSpeed (found)
  arrow leaves: PlayerYoru_1.1/Cat_All_10_Tails_v4/Group/DeformationSystem/root/Root_M/Tail15_R/Tail151_R/Tail152_R/Tail153_R/Tail154_R/Tail155_R/Tail156_R/Tail157_R/Tail158_R/Tail159_R/Tail1510_R/Tail1511_R/Tail1512_R/Tail6_R/Tail6_R_end/Tail6_R_end_end/Tail6_R_end_end_end/RightTailTip_Anchor
  aim VFX: PlayerYoru_1.1/Cat_All_10_Tails_v4/Group/DeformationSystem/root/Root_M/Tail15_R/Tail151_R/Tail152_R/Tail153_R/Tail154_R/Tail155_R/Tail156_R/Tail157_R/Tail158_R/Tail159_R/Tail1510_R/Tail1511_R/Tail1512_R/Tail6_R/Tail6_R_end/Tail6_R_end_end/Tail6_R_end_end_end/RightTailTip_Anchor/vfx_Muzzle_Fireball01Blue
[     1    0.000 x1.00] LOG  [PlayerCombat] Phase 2 form gate CONNECTED (FormController found on this GameObject).
[     1    0.000 x1.00] LOG  [Combat] PlayerCombat initialized — Phase 3C v27
[     1    0.000 x1.00] LOG  [RingMesh] VFX Status:
[     1    0.000 x1.00] LOG    Left: Prefab=✓, Spawn=Tail6_L_end_end_end
[     1    0.000 x1.00] LOG    Right: Prefab=✓, Spawn=Tail6_R_end_end_end
[     1    0.000 x1.00] LOG  === VFX MANAGER INITIALIZED ===
[     1    0.000 x1.00] LOG  Auto-detect animations: False
[     1    0.000 x1.00] LOG  Parent effects to tail: True
[     1    0.000 x1.00] LOG  Prefabs: Jump=True, Land=True, LTail=True, RTail=True
[     1    0.000 x1.00] LOG  ✅ Left Tail Tip: LeftTailVFX
[     1    0.000 x1.00] LOG  ✅ Right Tail Tip: RightTailTip_Anchor
[     1    0.000 x1.00] LOG  [StormWeather] layer 'TerrainLayer_Dirt_01' dry smoothness=0.00 (restore to this if a crash ever leaves it wet)
[     1    0.000 x1.00] LOG  [StormWeather] Ready. Rain on, floor drying... wait, soaking.
[     1    0.000 x1.00] LOG  [FreezeDebug v3] Armed. Manual=L. Auto=True. Buffer=60 snaps @ 0.1s = 6.0s history.
[     1    0.000 x1.00] LOG  [BossBar] BossHealthBarUI initialized
[     1    0.000 x1.00] LOG  OniBoss initialized with 500 HP
[     1    0.000 x1.00] LOG  [OniBoss] ANIMATOR SETUP: cullingMode=CullUpdateTransforms updateMode=Normal applyRootMotion=False speed=1
[     1    0.000 x1.00] LOG  [OniBoss] Initialized
[     1    0.000 x1.00] LOG  [OniBoss:Layer] facing: minFlat 1m, snapOnAttack off, trackInHitReact off
[     1    0.000 x1.00] LOG  [OniBoss:Layer] Yoru launch model ON: launches ALL THE WAY to an enemy within 4.7m of its surface at 10m/s (stop gap 0.00m, NO minimum distance), else steps 0.90m forward. Targeting cone left exactly as her prefab has it.
[     1    0.000 x1.00] LOG  [OniBoss:Layer] Yoru launch ROUND 9: airborne attacks launch too (ON), edge probe now runs on its OWN layer mask (Everything) instead of the line-of-sight mask - the Ground-only mask found no floor in this cave and was cancelling 100% of launches at 0.00m travelled.
[     1    0.000 x1.00] LOG  [OniBoss:Layer] animator speed x1.35 — his 1.13s swing now plays in 0.84s.
[     1    0.000 x1.00] LOG  [OniBoss:Layer] chase speed pushed: phase1 4.5, phase2 5.5 (Yoru runs at 7).
[     1    0.000 x1.00] LOG  [OniBoss:Layer] ground wave ON (round 38): half the club's damage on TOUCH, 12m/s x 6.0m from 1.6m in front at 0.35m height — a club hit cancels that swing's wave, jumping clears it. Per-attack effects come from the Swing Wave VFX By Attack rows. PlayerHealth found, PlayerMovement found.
[     1    0.000 x1.00] LOG  [StormWeather] storm break HELD (waiting for the lightning beat)
[     1    0.000 x1.00] LOG  [OniBoss:Layer] storm break HELD — it releases at the lightning-on-the-club beat.
[     1    0.000 x1.00] LOG  [OniBoss:Layer] club tracking ON — tip 'Kanabo3' (depth 4), shaft root 'kanabo'.
[     1    0.000 x1.00] LOG  [OniBoss:Layer] skinned meshes: 46 renderer(s), updateWhenOffscreen ON, body renderer 'Body' rootBone 'Hips'
[     1    0.000 x1.00] LOG  [OniBoss:Layer] charge travel bone: 'Hips' at depth 1 under 'OniBoss', rest local (0.00, 3.24, -0.24)
[     1    0.000 x1.00] LOG  [OniBoss:Layer] anti-kite ON: thrown swing after 4s of failed chase (within 7.6m), charge after 6s.
[     1    0.000 x1.00] LOG  [OniBoss:Layer] charge drive ON (windup to 0.40 at x1.3, rush 14m/s stops at 2.6m, steers 0.35s then commits, strike section from 0.58, strike moment 0.76, trail VFX off)
[     1    0.000 x1.00] LOG  [OniBoss:Layer] attack armor ON (his swings are not interrupted by light/medium hits; heavy hits and rapid-hit bursts still stop him)
[     1    0.000 x1.00] LOG  [OniBoss:Layer] strike moments overridden: Club_Swing=0.42 ClubSwing2=0.32 ClubSlam=0.85 KanaboSweep=0.48
[     1    0.000 x1.00] LOG  [OniBoss:Layer] club TOUCH hits ON (radius 0.70m, min tip speed 50m/s, armed from 0.20 of the clip): Club_Swing ClubSwing2 ClubSlam KanaboSweep. First touch wins — club full damage, wave half, one hit per swing.
[     1    0.000 x1.00] LOG  [OniBoss:Layer] combo damage ramp ON: mid x1.25, finisher x1.50 — finisher wave carries FULL damage at x2.0 size, x2.0 travel.
[     1    0.000 x1.00] LOG  [OniBoss:Layer] charge follow-up ON: 90 % of solo charges chain into a random melee finisher.
[     1    0.000 x1.00] LOG  [OniBoss:Layer] hold-ground ON (backstep 1.5m @ 1.6m/s after own attacks, watch 'Watch', attack facing LOCKED)
[     1    0.000 x1.00] LOG  [OniBoss:Layer] OniBoss layer ready (reactions, wake-on-hit, watch stance, boss bar). player=found
[     1    0.000 x1.00] LOG  [OniBoss:Layer] charge clip 'Oni Charge.fbx' imports with Root Motion Node = None (in place) — good.
[     1    0.000 x1.00] LOG  [OniBoss:Layer] clips importing with Root Transform Position (Y) NOT baked into pose (12): Oni_Alert(Oni Alert), Club_Slam(Oni Club Slam), Club_Swing(Oni Club Swing), Club_swing2(Oni Club Swing 2), Death(Oni Death Kneel), Hit_react_light(Oni Hit react lighter light), KanaboSweep(Oni Kanabo sweep), Phase_Transition(Oni Phase transition), run(Oni Run), Walk(Oni Walk), Watch(Oni Watch), Idle(Oni Idle) — their hips' up/down motion is stripped (see round notes; optional).
[     1    0.000 x1.00] LOG  [VolumetricFogController] Found VolumetricFog component on mainCamera (1)
[     1    0.000 x1.00] LOG  [VolumetricFogController] Reflection init: density=True, height=True, baselineHeight=True, alpha=True, noiseStrength=True, lightScatteringExposure=True
[     1    0.000 x1.00] LOG  [VolumetricFogController] Initialized with Neutral preset (height=60, baselineHeight=0)
[     1    0.000 x1.00] WARN [VolumetricFogController] WorldStateManager not found!
[     1    0.000 x1.00] LOG  [CameraGameFeel] CameraGameFeel initialized (shake + FOV)
[     1    2.277 x1.00] LOG  [OniBoss] Playing animation: Idle
[    12    3.024 x1.00] LOG  💨 Landing VFX spawned!
[    12    3.024 x1.00] LOG  ✅ LANDED! (was jump #0)
[   128    4.820 x1.00] LOG  [Combat] Guard START (perfect parry window: 0.2s)
[   142    5.042 x1.00] LOG  
==================== [FREEZE-DEBUG v3] ====================
  Reason : WASD-NOMOVE: WASD recent + speed 0.00m/s for 0.40s
  Time   : 2.316s   Frame: 142   Snaps: 22
===========================================================

--- CURRENT STATE ---
  Flags: atk=False hvy=False dod=False dsh=False
         grd=True hit=False aerial=False lockPos=False
         comboStep=0
  Anim : speed=1.00  combatLayer hash=2078216247 normT=0.101 weight=1.00 inTransition=False
  CC   : grounded=True  enabled=True  pos=(474.50, 1.05, 427.27)  vel=(0.00, 0.00, 0.00)
  Move : IsRunning=False
  Input: H=0.00 V=0.00  LMB=False MMB=False Q=True Sp=False Sh=False C=False
         WASD pressed in last 0.5s: True (last 0.37s ago)

--- FLIGHT RECORDER (22 snapshots, oldest first, dt=0.10s) ---
  Legend: flags = A(tk) H(vy) D(od) S(sh) G(rd) R(eact) Y(aerial) L(ock)   gnd/cc: Y/n
  t-now    flags     step gnd cc anSp normT layW tr | posX     posZ     spd   | H    V    LMB MMB Q  Sp Sh C
  ------   --------  ---- --- -- ---- ----- ---- -- | -----    -----    ----  | ---- ---- --- --- -- -- -- -
  - 2.32s  --------    0  n   Y  1.00  0.00 1.00 -  |   474.5    427.2  0.00 |  0.0  0.0 0   0   0  0  0  0
  - 2.21s  --------    0  n   Y  1.00  0.02 1.00 -  |   474.5    427.2  0.00 |  0.0  0.0 0   0   0  0  0  0
  - 2.10s  --------    0  n   Y  1.00  0.20 1.00 -  |   474.5    427.2  0.00 |  0.0  0.0 0   0   0  0  0  0
  - 2.00s  --------    0  Y   Y  1.00  0.30 1.00 -  |   474.5    427.2  0.00 |  0.0  0.0 0   0   0  0  0  0
  - 1.89s  --------    0  Y   Y  1.00  0.41 1.00 -  |   474.5    427.2  0.00 |  0.0  0.0 0   0   0  0  0  0
  - 1.79s  --------    0  Y   Y  1.00  0.51 1.00 -  |   474.5    427.2  0.00 |  0.0  0.0 0   0   0  0  0  0
  - 1.69s  --------    0  Y   Y  1.00  0.61 1.00 -  |   474.5    427.2  0.00 |  0.0  0.0 0   0   0  0  0  0
  - 1.59s  --------    0  Y   Y  1.00  0.71 1.00 -  |   474.5    427.2  0.00 |  0.0  0.0 0   0   0  0  0  0
  - 1.48s  --------    0  Y   Y  1.00  0.82 1.00 -  |   474.5    427.2  0.00 |  0.0  0.0 0   0   0  0  0  0
  - 1.38s  --------    0  Y   Y  1.00  0.92 1.00 -  |   474.5    427.2  0.00 |  0.0  0.0 0   0   0  0  0  0
  - 1.27s  --------    0  Y   Y  1.00  1.02 1.00 -  |   474.5    427.2  0.00 |  0.0  0.0 0   0   0  0  0  0
  - 1.17s  --------    0  Y   Y  1.00  1.13 1.00 -  |   474.5    427.2  0.00 |  0.0  0.0 0   0   0  0  0  0
  - 1.07s  --------    0  Y   Y  1.00  1.23 1.00 -  |   474.5    427.2  0.00 |  0.0  0.0 0   0   0  0  0  0
  - 0.97s  --------    0  Y   Y  1.00  1.33 1.00 -  |   474.5    427.2  0.00 |  0.0  0.0 0   0   0  0  0  0
  - 0.86s  --------    0  Y   Y  1.00  1.44 1.00 -  |   474.5    427.2  0.00 |  0.0  0.0 0   0   0  0  0  0
  - 0.75s  --------    0  Y   Y  1.00  1.55 1.00 -  |   474.5    427.2  0.00 |  0.0  0.0 0   0   0  0  0  0
  - 0.65s  --------    0  Y   Y  1.00  1.66 1.00 -  |   474.5    427.2  0.00 |  0.0  0.0 0   0   0  0  0  0
  - 0.54s  --------    0  Y   Y  1.00  1.76 1.00 -  |   474.5    427.2  0.00 |  0.0  0.0 0   0   0  0  0  0
  - 0.43s  --------    0  Y   Y  1.00  1.86 1.00 -  |   474.5    427.2  0.00 |  0.0  0.0 0   0   0  0  0  0
  - 0.32s  --------    0  Y   Y  1.00  1.98 1.00 -  |   474.5    427.3  0.00 |  0.0  0.0 0   0   0  0  0  0
  - 0.21s  ----G---    0  Y   Y  1.00  2.09 1.00 T  |   474.5    427.3  0.00 |  0.0  0.0 0   0   1  0  0  0
  - 0.09s  ----G---    0  Y   Y  1.00  2.21 1.00 T  |   474.5    427.3  0.00 |  0.0  0.0 0   0   1  0  0  0
=========================================================== END

[   155    5.239 x1.00] LOG  [Combat] Guard END
[   260    6.981 x1.00] LOG  🐾 4-LEG JUMP #0
[   260    6.981 x1.00] LOG  🐾 Jump 1 VFX spawned!
[   274    7.231 x0.10] LOG  [TailAirShot4Leg] ENTER 4 leg, slow on for up to 3s real, waiting for the fire button, drawState=shoot_4Leg | y=1.56 ts=0.10 fdt=0.0020
[   274    7.231 x0.10] LOG  [TailAirShot] entry refused: this airtime is not a 2 leg jump | y=1.56 ts=0.10 fdt=0.0020
[   274    7.231 x0.10] LOG  [AirPosePin] engaged, holding body at 0.650m above the transform
[   280    7.354 x0.10] LOG  [TailAirShot4Leg] DRAW started | y=1.62 ts=0.10 fdt=0.0020
[   290    7.552 x0.10] LOG  [TailAirShot4Leg] READY, frozen on frame 5 | y=1.69 ts=0.10 fdt=0.0020
[   325    8.191 x1.00] LOG  [TailAirShot4Leg] CANCEL (R released on ready pose), no arrow | y=1.87 ts=1.00 fdt=0.0200
[   325    8.191 x1.00] LOG  [AirPosePin] released, peak correction was -0.121m
[   356    8.778 x1.00] LOG  💨 Landing VFX spawned!
[   356    8.778 x1.00] LOG  ✅ LANDED! (was jump #1)
[   367    8.973 x1.00] LOG  🚶 2-LEG JUMP
[   367    8.973 x1.00] LOG  🐾 Jump 1 VFX spawned!
[   417    9.916 x1.00] LOG  💨 Landing VFX spawned!
[   417    9.916 x1.00] LOG  ✅ LANDED! (was jump #1)
[   432   10.213 x1.00] LOG  
==================== [FREEZE-DEBUG v3] ====================
  Reason : WASD-NOMOVE: WASD recent + speed 0.00m/s for 0.42s
  Time   : 6.623s   Frame: 432   Snaps: 60
===========================================================

--- CURRENT STATE ---
  Flags: atk=False hvy=False dod=False dsh=False
         grd=False hit=False aerial=False lockPos=False
         comboStep=0
  Anim : speed=1.00  combatLayer hash=-792875657 normT=2.001 weight=1.00 inTransition=False
  CC   : grounded=True  enabled=True  pos=(476.24, -0.02, 437.75)  vel=(0.00, 0.00, 0.00)
  Move : IsRunning=False
  Input: H=0.00 V=1.00  LMB=False MMB=False Q=False Sp=False Sh=False C=False
         WASD pressed in last 0.5s: True (last 0.00s ago)

--- FLIGHT RECORDER (60 snapshots, oldest first, dt=0.10s) ---
  Legend: flags = A(tk) H(vy) D(od) S(sh) G(rd) R(eact) Y(aerial) L(ock)   gnd/cc: Y/n
  t-now    flags     step gnd cc anSp normT layW tr | posX     posZ     spd   | H    V    LMB MMB Q  Sp Sh C
  ------   --------  ---- --- -- ---- ----- ---- -- | -----    -----    ----  | ---- ---- --- --- -- -- -- -
  - 6.31s  --------    0  Y   Y  1.00  0.30 1.00 -  |   474.5    427.2  0.00 |  0.0  0.0 0   0   0  0  0  0
  - 6.20s  --------    0  Y   Y  1.00  0.41 1.00 -  |   474.5    427.2  0.00 |  0.0  0.0 0   0   0  0  0  0
  - 6.10s  --------    0  Y   Y  1.00  0.51 1.00 -  |   474.5    427.2  0.00 |  0.0  0.0 0   0   0  0  0  0
  - 6.00s  --------    0  Y   Y  1.00  0.61 1.00 -  |   474.5    427.2  0.00 |  0.0  0.0 0   0   0  0  0  0
  - 5.90s  --------    0  Y   Y  1.00  0.71 1.00 -  |   474.5    427.2  0.00 |  0.0  0.0 0   0   0  0  0  0
  - 5.79s  --------    0  Y   Y  1.00  0.82 1.00 -  |   474.5    427.2  0.00 |  0.0  0.0 0   0   0  0  0  0
  - 5.69s  --------    0  Y   Y  1.00  0.92 1.00 -  |   474.5    427.2  0.00 |  0.0  0.0 0   0   0  0  0  0
  - 5.58s  --------    0  Y   Y  1.00  1.02 1.00 -  |   474.5    427.2  0.00 |  0.0  0.0 0   0   0  0  0  0
  - 5.48s  --------    0  Y   Y  1.00  1.13 1.00 -  |   474.5    427.2  0.00 |  0.0  0.0 0   0   0  0  0  0
  - 5.38s  --------    0  Y   Y  1.00  1.23 1.00 -  |   474.5    427.2  0.00 |  0.0  0.0 0   0   0  0  0  0
  - 5.27s  --------    0  Y   Y  1.00  1.33 1.00 -  |   474.5    427.2  0.00 |  0.0  0.0 0   0   0  0  0  0
  - 5.16s  --------    0  Y   Y  1.00  1.44 1.00 -  |   474.5    427.2  0.00 |  0.0  0.0 0   0   0  0  0  0
  - 5.06s  --------    0  Y   Y  1.00  1.55 1.00 -  |   474.5    427.2  0.00 |  0.0  0.0 0   0   0  0  0  0
  - 4.95s  --------    0  Y   Y  1.00  1.66 1.00 -  |   474.5    427.2  0.00 |  0.0  0.0 0   0   0  0  0  0
  - 4.85s  --------    0  Y   Y  1.00  1.76 1.00 -  |   474.5    427.2  0.00 |  0.0  0.0 0   0   0  0  0  0
  - 4.74s  --------    0  Y   Y  1.00  1.86 1.00 -  |   474.5    427.2  0.00 |  0.0  0.0 0   0   0  0  0  0
  - 4.63s  --------    0  Y   Y  1.00  1.98 1.00 -  |   474.5    427.3  0.00 |  0.0  0.0 0   0   0  0  0  0
  - 4.51s  ----G---    0  Y   Y  1.00  2.09 1.00 T  |   474.5    427.3  0.00 |  0.0  0.0 0   0   1  0  0  0
  - 4.40s  ----G---    0  Y   Y  1.00  2.21 1.00 T  |   474.5    427.3  0.00 |  0.0  0.0 0   0   1  0  0  0
  - 4.29s  ----G---    0  Y   Y  1.00  0.11 1.00 -  |   474.5    427.3  0.00 |  0.0  0.0 0   0   1  0  0  0
  - 4.19s  ----G---    0  Y   Y  1.00  0.16 1.00 -  |   474.5    427.3  0.00 |  0.0  0.0 0   0   0  0  0  0
  - 4.08s  --------    0  Y   Y  1.00  0.21 1.00 T  |   474.5    427.3  0.00 |  0.0  0.0 0   0   0  0  0  0
  - 3.98s  --------    0  Y   Y  1.00  0.26 1.00 T  |   474.5    427.3  0.00 |  0.0  0.0 0   0   0  0  0  0
  - 3.87s  --------    0  Y   Y  1.00  0.31 1.00 T  |   474.5    427.3  0.00 |  0.0  0.0 0   0   0  0  0  0
  - 3.76s  --------    0  Y   Y  1.00  0.33 1.00 -  |   474.5    427.3  0.00 |  0.0  0.0 0   0   0  0  0  0
  - 3.66s  --------    0  Y   Y  1.00  0.44 1.00 -  |   474.5    427.3  0.00 |  0.0  0.0 0   0   0  0  0  0
  - 3.55s  --------    0  Y   Y  1.00  0.54 1.00 -  |   474.5    427.3  0.00 |  0.0  0.0 0   0   0  0  0  0
  - 3.45s  --------    0  Y   Y  1.00  0.65 1.00 -  |   474.5    427.3  0.00 |  0.0  0.0 0   0   0  0  0  0
  - 3.34s  --------    0  Y   Y  1.00  0.75 1.00 -  |   474.5    427.3  0.00 |  0.0  0.0 0   0   0  0  0  0
  - 3.24s  --------    0  Y   Y  1.00  0.85 1.00 -  |   474.5    427.3  0.00 |  0.0  1.0 0   0   0  0  0  0
  - 3.14s  --------    0  Y   Y  1.00  0.96 1.00 -  |   474.5    427.5  0.00 |  0.0  1.0 0   0   0  0  0  0
  - 3.03s  --------    0  Y   Y  1.00  1.07 1.00 -  |   474.5    427.7  0.00 |  0.0  1.0 0   0   0  0  0  0
  - 2.92s  --------    0  Y   Y  1.00  1.17 1.00 -  |   474.5    428.4  0.00 |  0.0  1.0 0   0   0  0  1  0
  - 2.81s  --------    0  Y   Y  1.00  1.28 1.00 -  |   474.5    429.1  0.00 |  0.0  1.0 0   0   0  0  1  0
  - 2.70s  --------    0  Y   Y  1.00  1.39 1.00 -  |   474.5    429.9  0.00 |  0.0  1.0 0   0   0  0  1  0
  - 2.59s  --------    0  Y   Y  1.00  1.50 1.00 -  |   474.5    430.6  0.00 |  0.0  1.0 0   0   0  0  1  0
  - 2.48s  --------    0  Y   Y  1.00  1.61 1.00 -  |   474.5    431.5  0.00 |  0.0  1.0 0   0   0  0  1  0
  - 2.37s  --------    0  Y   Y  1.00  1.72 1.00 -  |   474.5    432.2  0.00 |  0.0  1.0 0   0   0  1  1  0
  - 2.26s  --------    0  n   Y  1.00  1.83 1.00 -  |   474.5    432.8  0.00 |  0.0  1.0 0   0   0  1  1  0
  - 2.15s  --------    0  n   Y  1.00  1.94 1.00 -  |   474.5    433.2  0.00 |  0.0  1.0 0   0   0  1  1  0
  - 2.05s  --------    0  n   Y  1.00  0.21 1.00 -  |   474.5    433.7  0.00 |  0.0  1.0 0   0   0  0  1  0
  - 1.94s  --------    0  n   Y  1.00  0.29 1.00 T  |   474.6    434.2  0.00 |  0.0  0.0 0   0   0  0  1  0
  - 1.82s  --------    0  n   Y  1.00  0.18 1.00 -  |   474.8    434.7  0.00 |  0.0  0.0 0   0   0  0  0  0
  - 1.72s  --------    0  n   Y  1.00  0.28 1.00 -  |   474.9    435.2  0.00 |  0.0  0.0 0   0   0  0  0  0
  - 1.60s  --------    0  n   Y  1.00  0.40 1.00 -  |   475.0    435.7  0.00 |  0.0 -1.0 0   0   0  0  0  0
  - 1.50s  --------    0  n   Y  1.00  0.51 1.00 -  |   475.1    436.0  0.00 |  0.0 -1.0 0   0   0  0  0  0
  - 1.40s  --------    0  Y   Y  1.00  0.60 1.00 -  |   475.1    436.0  0.00 |  1.0 -1.0 0   0   0  0  0  0
  - 1.29s  --------    0  Y   Y  1.00  0.71 1.00 -  |   475.1    435.8  0.00 |  1.0  0.0 0   0   0  0  0  0
  - 1.18s  --------    0  n   Y  1.00  0.82 1.00 -  |   475.3    435.6  0.00 |  0.0  0.0 0   0   0  1  1  0
  - 1.08s  --------    0  n   Y  1.00  0.92 1.00 -  |   475.5    435.4  0.00 |  0.0  1.0 0   0   0  1  1  0
  - 0.97s  --------    0  n   Y  1.00  1.03 1.00 -  |   475.7    435.3  0.00 |  0.0  1.0 0   0   0  1  0  0
  - 0.87s  --------    0  n   Y  1.00  1.13 1.00 -  |   475.8    435.5  0.00 |  0.0  1.0 0   0   0  1  0  0
  - 0.76s  --------    0  n   Y  1.00  1.24 1.00 -  |   475.9    435.8  0.00 |  0.0  1.0 0   0   0  1  0  0
  - 0.66s  --------    0  n   Y  1.00  1.34 1.00 -  |   476.0    436.1  0.00 |  0.0  1.0 0   0   0  1  0  0
  - 0.56s  --------    0  n   Y  1.00  1.44 1.00 -  |   476.1    436.4  0.00 |  0.0  1.0 0   0   0  1  0  0
  - 0.46s  --------    0  n   Y  1.00  1.55 1.00 -  |   476.2    436.7  0.00 |  0.0  1.0 0   0   0  1  0  0
  - 0.35s  --------    0  n   Y  1.00  1.66 1.00 -  |   476.2    437.0  0.00 |  0.0  1.0 0   0   0  1  0  0
  - 0.24s  --------    0  Y   Y  1.00  1.76 1.00 -  |   476.2    437.3  0.00 |  0.0  1.0 0   0   0  1  0  0
  - 0.12s  --------    0  Y   Y  1.00  1.88 1.00 -  |   476.2    437.5  0.00 |  0.0  1.0 0   0   0  1  0  0
  - 0.02s  --------    0  Y   Y  1.00  1.98 1.00 -  |   476.2    437.7  0.00 |  0.0  1.0 0   0   0  0  0  0
=========================================================== END

[   473   10.992 x1.00] LOG  🐾 4-LEG JUMP #0
[   473   10.992 x1.00] LOG  🐾 Jump 1 VFX spawned!
[   482   11.174 x0.10] LOG  [TailAirShot4Leg] ENTER 4 leg, slow on for up to 3s real, waiting for the fire button, drawState=shoot_4Leg | y=1.10 ts=0.10 fdt=0.0020
[   482   11.174 x0.10] LOG  [TailAirShot] entry refused: this airtime is not a 2 leg jump | y=1.10 ts=0.10 fdt=0.0020
[   482   11.174 x0.10] LOG  [AirPosePin] engaged, holding body at 0.520m above the transform
[   525   11.972 x1.00] LOG  [TailAirShot4Leg] EXIT (R released, nothing drawn) | y=1.47 ts=1.00 fdt=0.0200
[   525   11.972 x1.00] LOG  [AirPosePin] released, peak correction was -0.147m
[   537   12.202 x1.00] LOG  [OniBoss:Layer] watch stance ON (player 14.9m)
[   560   12.662 x1.00] LOG  💨 Landing VFX spawned!
[   560   12.662 x1.00] LOG  ✅ LANDED! (was jump #1)
[   578   12.973 x1.00] LOG  🐾 4-LEG JUMP #0
[   578   12.973 x1.00] LOG  🐾 Jump 1 VFX spawned!
[   588   13.172 x0.10] LOG  [TailAirShot4Leg] ENTER 4 leg, slow on for up to 3s real, waiting for the fire button, drawState=shoot_4Leg | y=1.20 ts=0.10 fdt=0.0020
[   588   13.172 x0.10] LOG  [TailAirShot] entry refused: this airtime is not a 2 leg jump | y=1.20 ts=0.10 fdt=0.0020
[   588   13.172 x0.10] LOG  [AirPosePin] engaged, holding body at 0.543m above the transform
[   598   13.364 x0.10] LOG  [PlayerCombat] Combat input BLOCKED during tail air shot.
[   606   13.523 x0.10] LOG  [TailAirShot4Leg] DRAW started | y=1.36 ts=0.10 fdt=0.0020
[   616   13.720 x0.10] LOG  [TailAirShot4Leg] READY, frozen on frame 5 | y=1.44 ts=0.10 fdt=0.0020
[   634   14.045 x0.10] LOG  [TailAirShot4Leg] SHOT released (released from ready pose) | y=1.56 ts=0.10 fdt=0.0020
[   638   14.122 x1.00] LOG  [TailAirShot4Leg] FINISHER (R released mid motion), motion completes and fires | y=1.58 ts=1.00 fdt=0.0200
[   644   14.244 x1.00] LOG  [TailAirShot4Leg] FIRE, arrow away, dir=(0.40, 0.00, 0.92) damage=40 (20 x 2.00) | y=1.85 ts=1.00 fdt=0.0200
[   662   14.593 x1.00] LOG  OniBoss took 40 damage. HP: 460/500
[   662   14.593 x1.00] LOG  [OniBoss] LostSoul → Stagger
[   662   14.593 x1.00] LOG  [OniBoss] Playing animation: Stagger
[   662   14.593 x1.00] LOG  [OniBoss] STAGGERED for 2.5s
[   662   14.593 x1.00] LOG  [OniBoss:Layer] heavy knock-back react (40 dmg) → 'HitReact_Heavy', down for 1.80s
[   663   14.615 x1.00] LOG  [BossBar] Showing bar for: Oni (460/500)
[   663   14.615 x1.00] LOG  [OniBoss:Layer] boss bar shown
[   667   14.688 x1.00] LOG  [TailAirShot4Leg] finisher done, fully idle | y=0.59 ts=1.00 fdt=0.0200
[   667   14.688 x1.00] LOG  [AirPosePin] released, peak correction was -0.066m
[   671   14.763 x1.00] LOG  💨 Landing VFX spawned!
[   671   14.763 x1.00] LOG  ✅ LANDED! (was jump #1)
[   703   15.373 x1.00] LOG  🐾 4-LEG JUMP #0
[   703   15.373 x1.00] LOG  🐾 Jump 1 VFX spawned!
[   737   16.023 x1.00] LOG  
==================== [FREEZE-DEBUG v3] ====================
  Reason : WASD-NOMOVE: WASD recent + speed 0.00m/s for 0.41s
  Time   : 10.859s   Frame: 737   Snaps: 60
===========================================================

--- CURRENT STATE ---
  Flags: atk=False hvy=False dod=False dsh=False
         grd=False hit=False aerial=False lockPos=False
         comboStep=0
  Anim : speed=1.00  combatLayer hash=-792875657 normT=1.314 weight=1.00 inTransition=False
  CC   : grounded=False  enabled=True  pos=(476.43, 1.64, 441.34)  vel=(0.00, -3.20, 0.00)
  Move : IsRunning=True
  Input: H=0.00 V=-1.00  LMB=False MMB=False Q=False Sp=False Sh=True C=False
         WASD pressed in last 0.5s: True (last 0.00s ago)

--- FLIGHT RECORDER (60 snapshots, oldest first, dt=0.10s) ---
  Legend: flags = A(tk) H(vy) D(od) S(sh) G(rd) R(eact) Y(aerial) L(ock)   gnd/cc: Y/n
  t-now    flags     step gnd cc anSp normT layW tr | posX     posZ     spd   | H    V    LMB MMB Q  Sp Sh C
  ------   --------  ---- --- -- ---- ----- ---- -- | -----    -----    ----  | ---- ---- --- --- -- -- -- -
  - 6.39s  --------    0  n   Y  1.00  1.94 1.00 -  |   474.5    433.2  0.00 |  0.0  1.0 0   0   0  1  1  0
  - 6.29s  --------    0  n   Y  1.00  0.21 1.00 -  |   474.5    433.7  0.00 |  0.0  1.0 0   0   0  0  1  0
  - 6.18s  --------    0  n   Y  1.00  0.29 1.00 T  |   474.6    434.2  0.00 |  0.0  0.0 0   0   0  0  1  0
  - 6.06s  --------    0  n   Y  1.00  0.18 1.00 -  |   474.8    434.7  0.00 |  0.0  0.0 0   0   0  0  0  0
  - 5.96s  --------    0  n   Y  1.00  0.28 1.00 -  |   474.9    435.2  0.00 |  0.0  0.0 0   0   0  0  0  0
  - 5.84s  --------    0  n   Y  1.00  0.40 1.00 -  |   475.0    435.7  0.00 |  0.0 -1.0 0   0   0  0  0  0
  - 5.74s  --------    0  n   Y  1.00  0.51 1.00 -  |   475.1    436.0  0.00 |  0.0 -1.0 0   0   0  0  0  0
  - 5.64s  --------    0  Y   Y  1.00  0.60 1.00 -  |   475.1    436.0  0.00 |  1.0 -1.0 0   0   0  0  0  0
  - 5.53s  --------    0  Y   Y  1.00  0.71 1.00 -  |   475.1    435.8  0.00 |  1.0  0.0 0   0   0  0  0  0
  - 5.42s  --------    0  n   Y  1.00  0.82 1.00 -  |   475.3    435.6  0.00 |  0.0  0.0 0   0   0  1  1  0
  - 5.32s  --------    0  n   Y  1.00  0.92 1.00 -  |   475.5    435.4  0.00 |  0.0  1.0 0   0   0  1  1  0
  - 5.21s  --------    0  n   Y  1.00  1.03 1.00 -  |   475.7    435.3  0.00 |  0.0  1.0 0   0   0  1  0  0
  - 5.11s  --------    0  n   Y  1.00  1.13 1.00 -  |   475.8    435.5  0.00 |  0.0  1.0 0   0   0  1  0  0
  - 5.00s  --------    0  n   Y  1.00  1.24 1.00 -  |   475.9    435.8  0.00 |  0.0  1.0 0   0   0  1  0  0
  - 4.90s  --------    0  n   Y  1.00  1.34 1.00 -  |   476.0    436.1  0.00 |  0.0  1.0 0   0   0  1  0  0
  - 4.80s  --------    0  n   Y  1.00  1.44 1.00 -  |   476.1    436.4  0.00 |  0.0  1.0 0   0   0  1  0  0
  - 4.69s  --------    0  n   Y  1.00  1.55 1.00 -  |   476.2    436.7  0.00 |  0.0  1.0 0   0   0  1  0  0
  - 4.58s  --------    0  n   Y  1.00  1.66 1.00 -  |   476.2    437.0  0.00 |  0.0  1.0 0   0   0  1  0  0
  - 4.48s  --------    0  Y   Y  1.00  1.76 1.00 -  |   476.2    437.3  0.00 |  0.0  1.0 0   0   0  1  0  0
  - 4.36s  --------    0  Y   Y  1.00  1.88 1.00 -  |   476.2    437.5  0.00 |  0.0  1.0 0   0   0  1  0  0
  - 4.26s  --------    0  Y   Y  1.00  1.98 1.00 -  |   476.2    437.7  0.00 |  0.0  1.0 0   0   0  0  0  0
  - 4.16s  --------    0  Y   Y  1.00  2.08 1.00 -  |   476.2    437.9  0.00 |  0.0  0.0 0   0   0  0  0  0
  - 4.04s  --------    0  Y   Y  1.00  2.20 1.00 -  |   476.2    438.2  0.00 |  0.0  0.0 0   0   0  0  0  0
  - 3.92s  --------    0  Y   Y  1.00  2.32 1.00 -  |   476.2    438.4  0.00 |  0.0  0.0 0   0   0  0  0  0
  - 3.82s  --------    0  Y   Y  1.00  2.43 1.00 -  |   476.2    438.4  0.00 |  0.0  0.0 0   0   0  0  0  0
  - 3.70s  --------    0  Y   Y  1.00  2.54 1.00 -  |   476.2    438.6  0.00 |  0.0  1.0 0   0   0  0  0  0
  - 3.60s  --------    0  Y   Y  1.00  2.64 1.00 -  |   476.2    438.8  0.00 |  0.0  1.0 0   0   0  0  0  0
  - 3.49s  --------    0  Y   Y  1.00  2.74 1.00 -  |   476.2    439.1  0.00 |  0.0  1.0 0   0   0  0  1  0
  - 3.38s  --------    0  n   Y  1.00  2.86 1.00 -  |   476.2    439.8  0.00 |  0.0  1.0 0   0   0  1  0  0
  - 3.28s  --------    0  n   Y  1.00  2.96 1.00 -  |   476.2    440.2  0.00 |  0.0  1.0 0   0   0  1  0  0
  - 3.18s  --------    0  n   Y  1.00  3.06 1.00 -  |   476.3    440.7  0.00 |  0.0  0.0 0   0   0  0  0  0
  - 3.07s  --------    0  n   Y  1.00  3.18 1.00 -  |   476.4    441.1  0.00 |  0.0  0.0 0   0   0  0  0  0
  - 2.97s  --------    0  n   Y  1.00  3.27 1.00 -  |   476.5    441.6  0.00 |  0.0  0.0 0   0   0  0  0  0
  - 2.86s  --------    0  n   Y  1.00  3.37 1.00 -  |   476.6    442.0  0.00 |  0.0  0.0 0   0   0  0  0  0
  - 2.75s  --------    0  n   Y  1.00  3.49 1.00 -  |   476.8    442.5  0.00 |  0.0  0.0 0   0   0  0  0  0
  - 2.65s  --------    0  n   Y  1.00  3.59 1.00 -  |   476.9    443.0  0.00 |  0.0  0.0 0   0   0  0  0  0
  - 2.55s  --------    0  n   Y  1.00  3.69 1.00 -  |   477.0    443.4  0.00 |  0.0  0.0 0   0   0  0  0  0
  - 2.44s  --------    0  Y   Y  1.00  3.81 1.00 -  |   477.0    443.6  0.00 |  0.0  1.0 0   0   0  0  0  0
  - 2.33s  --------    0  Y   Y  1.00  3.90 1.00 -  |   477.1    443.8  0.00 |  0.0  1.0 0   0   0  0  0  0
  - 2.23s  --------    0  Y   Y  1.00  4.01 1.00 -  |   477.2    444.3  0.00 |  0.0  1.0 0   0   0  0  1  0
  - 2.11s  --------    0  n   Y  1.00  4.12 1.00 -  |   477.3    444.9  0.00 |  0.0  1.0 0   0   0  1  1  0
  - 2.00s  --------    0  n   Y  1.00  4.24 1.00 -  |   477.5    445.4  0.00 |  0.0  1.0 0   0   0  1  1  0
  - 1.88s  --------    0  n   Y  1.00  0.30 1.00 -  |   477.6    446.0  0.00 |  0.0  0.0 0   0   0  0  0  0
  - 1.78s  --------    0  n   Y  1.00  0.43 1.00 -  |   477.7    446.4  0.00 |  0.0  0.0 0   0   0  0  0  0
  - 1.68s  --------    0  n   Y  1.00  0.56 1.00 -  |   477.8    446.8  0.00 |  0.0  0.0 0   0   0  0  0  0
  - 1.57s  --------    0  n   Y  1.00  0.70 1.00 -  |   477.9    447.2  0.00 |  0.0 -1.0 0   0   0  0  0  0
  - 1.47s  --------    0  n   Y  1.00  0.82 1.00 -  |   477.9    447.4  0.00 |  0.0 -1.0 0   0   0  0  0  0
  - 1.35s  --------    0  n   Y  1.00  0.97 1.00 -  |   477.9    447.3  0.00 |  0.0 -1.0 0   0   0  0  1  0
  - 1.24s  --------    0  Y   Y  1.00  1.11 1.00 T  |   477.8    447.1  0.00 |  0.0 -1.0 0   0   0  0  1  0
  - 1.14s  --------    0  Y   Y  1.00  0.17 1.00 -  |   477.6    446.3  0.00 | -1.0 -1.0 0   0   0  0  1  0
  - 1.02s  --------    0  Y   Y  1.00  0.29 1.00 -  |   477.0    445.6  0.00 | -1.0 -1.0 0   0   0  0  1  0
  - 0.92s  --------    0  Y   Y  1.00  0.39 1.00 -  |   476.5    445.2  0.00 | -1.0 -1.0 0   0   0  0  1  0
  - 0.81s  --------    0  Y   Y  1.00  0.51 1.00 -  |   475.9    444.8  0.00 |  0.0 -1.0 0   0   0  0  1  0
  - 0.71s  --------    0  Y   Y  1.00  0.60 1.00 -  |   475.3    444.5  0.00 |  1.0 -1.0 0   0   0  0  1  0
  - 0.59s  --------    0  n   Y  1.00  0.72 1.00 -  |   475.2    443.7  0.00 |  1.0 -1.0 0   0   0  1  1  0
  - 0.47s  --------    0  n   Y  1.00  0.84 1.00 -  |   475.3    443.2  0.00 |  1.0 -1.0 0   0   0  1  1  0
  - 0.37s  --------    0  n   Y  1.00  0.94 1.00 -  |   475.5    442.8  0.00 |  1.0 -1.0 0   0   0  0  1  0
  - 0.26s  --------    0  n   Y  1.00  1.06 1.00 -  |   475.8    442.3  0.00 |  1.0 -1.0 0   0   0  0  1  0
  - 0.16s  --------    0  n   Y  1.00  1.16 1.00 -  |   476.1    442.0  0.00 |  1.0 -1.0 0   0   0  0  1  0
  - 0.04s  --------    0  n   Y  1.00  1.27 1.00 -  |   476.3    441.5  0.00 |  0.0 -1.0 0   0   0  0  1  0
=========================================================== END

[   752   16.304 x1.00] LOG  💨 Landing VFX spawned!
[   752   16.304 x1.00] LOG  ✅ LANDED! (was jump #1)
[   757   16.394 x1.00] LOG  [OniBoss] Stagger → Chase
[   758   16.413 x1.00] LOG  [OniBoss] Ranged attack: Oni_Charge (dist 17.5m)
[   758   16.413 x1.00] LOG  [OniBoss] Chase → Attack
[   758   16.413 x1.00] LOG  [OniBoss] charge follow-up armed: Club_Swing chains after the charge.
[   758   16.413 x1.00] LOG  [OniBoss] Attack: Oni_Charge (18 dmg)

[   758   16.413 x1.00] TEL ────────── CHARGE ──────────
[   758   16.413 x1.00] LOG  [OniBoss:Layer] charge begin: travel bone 'Hips' depth 1, local now (0.00, 3.24, -0.24) vs rest (0.00, 3.24, -0.24); pin ON; drive windup→rush→strike; engine Attack, AnimSpeed 1.30, clip at 0.00, dist 17.5m
[   758   16.413 x1.00] TEL charge Windup n=0.00 spd=1.30 mult=1.00 st=Attack anim=h-1757638897/Charge drift=0.00 cut=0.00 meshOff=0.24m vis bounds+0.1m pos=(482.2,456.2) dist=17.5 vel=0.0
[   763   16.510 x1.00] TEL charge Windup n=0.08 spd=1.30 mult=1.30 st=Attack anim=Charge/- drift=0.42 cut=0.42 meshOff=0.24m vis bounds+0.2m pos=(482.2,456.2) dist=18.0 vel=0.0
[   768   16.603 x1.00] TEL charge Windup n=0.16 spd=1.30 mult=1.30 st=Attack anim=Charge/- drift=1.03 cut=1.03 meshOff=0.24m vis bounds+0.3m pos=(482.2,456.2) dist=18.5 vel=0.0
[   773   16.699 x1.00] TEL charge Windup n=0.24 spd=1.30 mult=1.30 st=Attack anim=Charge/- drift=1.09 cut=1.09 meshOff=0.24m vis bounds+0.4m pos=(482.2,456.2) dist=18.8 vel=0.0
[   778   16.783 x1.00] TEL charge Windup n=0.31 spd=1.30 mult=1.30 st=Attack anim=Charge/- drift=0.21 cut=0.21 meshOff=0.24m vis bounds+0.3m pos=(482.2,456.2) dist=19.0 vel=0.0
[   783   16.880 x1.00] TEL charge Windup n=0.39 spd=1.30 mult=1.30 st=Attack anim=Charge/- drift=7.05 cut=7.05 meshOff=0.24m vis bounds+0.1m pos=(482.2,456.2) dist=19.2 vel=0.0
[   784   16.897 x1.00] LOG  [OniBoss:Layer] charge RUSH: clip frozen at 0.41, 19.2m to go at 14m/s
[   785   16.911 x1.00] LOG  [OniBoss:Layer] charge fire trail: 'ToonFireTrail' attached to his feet for the rush.
[   788   16.973 x1.00] TEL charge Rush   n=0.41 spd=0.00 mult=0.00 st=Attack anim=Charge/- drift=7.83 cut=7.83 meshOff=0.24m vis bounds+0.1m pos=(481.6,455.3) dist=18.3 vel=0.0
[   793   17.073 x1.00] TEL charge Rush   n=0.41 spd=0.00 mult=0.00 st=Attack anim=Charge/- drift=7.83 cut=7.83 meshOff=0.24m vis bounds+0.1m pos=(480.9,454.2) dist=17.1 vel=0.0
[   798   17.166 x1.00] TEL charge Rush   n=0.41 spd=0.00 mult=0.00 st=Attack anim=Charge/- drift=7.83 cut=7.83 meshOff=0.24m vis bounds+0.1m pos=(480.1,453.1) dist=16.1 vel=0.0
[   803   17.263 x1.00] TEL charge Rush   n=0.41 spd=0.00 mult=0.00 st=Attack anim=Charge/- drift=7.83 cut=7.83 meshOff=0.24m vis bounds+0.1m pos=(479.3,452.0) dist=15.0 vel=0.0
[   808   17.355 x1.00] TEL charge Rush   n=0.41 spd=0.00 mult=0.00 st=Attack anim=Charge/- drift=7.83 cut=7.83 meshOff=0.24m vis bounds+0.1m pos=(478.5,451.0) dist=13.9 vel=0.0
[   813   17.454 x1.00] TEL charge Rush   n=0.41 spd=0.00 mult=0.00 st=Attack anim=Charge/- drift=7.83 cut=7.83 meshOff=0.24m vis bounds+0.1m pos=(477.7,449.9) dist=12.9 vel=0.0
[   818   17.554 x1.00] TEL charge Rush   n=0.41 spd=0.00 mult=0.00 st=Attack anim=Charge/- drift=7.83 cut=7.83 meshOff=0.24m vis bounds+0.1m pos=(476.8,448.8) dist=11.6 vel=0.0
[   823   17.654 x1.00] TEL charge Rush   n=0.41 spd=0.00 mult=0.00 st=Attack anim=Charge/- drift=7.83 cut=7.83 meshOff=0.24m vis bounds+0.1m pos=(476.0,447.6) dist=10.3 vel=0.0
[   828   17.740 x1.00] TEL charge Rush   n=0.41 spd=0.00 mult=0.00 st=Attack anim=Charge/- drift=7.83 cut=7.83 meshOff=0.24m vis bounds+0.1m pos=(475.3,446.7) dist=9.2 vel=0.0
[   833   17.828 x1.00] TEL charge Rush   n=0.41 spd=0.00 mult=0.00 st=Attack anim=Charge/- drift=7.83 cut=7.83 meshOff=0.24m vis bounds+0.1m pos=(474.5,445.7) dist=8.2 vel=0.0
[   838   17.920 x1.00] TEL charge Rush   n=0.41 spd=0.00 mult=0.00 st=Attack anim=Charge/- drift=7.83 cut=7.83 meshOff=0.24m vis bounds+0.1m pos=(473.7,444.7) dist=7.3 vel=0.0
[   843   18.013 x1.00] TEL charge Rush   n=0.41 spd=0.00 mult=0.00 st=Attack anim=Charge/- drift=7.83 cut=7.83 meshOff=0.24m vis bounds+0.1m pos=(473.0,443.6) dist=6.7 vel=0.0
[   848   18.106 x1.00] TEL charge Rush   n=0.41 spd=0.00 mult=0.00 st=Attack anim=Charge/- drift=7.83 cut=7.83 meshOff=0.24m vis bounds+0.1m pos=(472.2,442.6) dist=6.5 vel=0.0
[   851   18.163 x1.00] LOG  [OniBoss:Layer] charge STRIKE: arrived 2.6m from the lock point after 1.27s real — clip 0.41 → 0.58 (blend 0.10s), strike moment 0.76, Yoru 6.6m away
[   853   18.204 x1.00] TEL charge Strike n=0.59 spd=1.00 mult=1.00 st=Attack anim=Charge/Charge drift=11.99 cut=11.99 meshOff=0.24m vis bounds+0.1m pos=(471.8,442.2) dist=6.8 vel=0.0
[   858   18.305 x1.00] TEL charge Strike n=0.66 spd=1.00 mult=1.00 st=Attack anim=Charge/- drift=15.69 cut=15.69 meshOff=0.24m vis bounds+0.6m pos=(471.8,442.2) dist=7.4 vel=0.0
[   863   18.402 x1.00] TEL charge Strike n=0.72 spd=1.00 mult=1.00 st=Attack anim=Charge/- drift=16.48 cut=16.48 meshOff=0.24m vis bounds+0.7m pos=(471.8,442.2) dist=7.6 vel=0.0
[   868   18.493 x1.00] LOG  [CameraGameFeel] Shake: intensity=0.45 duration=0.350s
[   868   18.493 x1.00] LOG  [OniBoss] Attack missed, player out of range (7.5m > 3.5m)
[   868   18.493 x1.00] TEL charge Strike n=0.78 spd=1.00 mult=1.00 st=Attack anim=Charge/- drift=17.03 cut=17.03 meshOff=0.24m vis bounds+0.6m pos=(471.8,442.2) dist=7.5 vel=0.0
[   873   18.595 x1.00] TEL charge Strike n=0.85 spd=1.00 mult=1.00 st=Attack anim=Charge/- drift=17.55 cut=17.55 meshOff=0.24m vis bounds+0.3m pos=(471.8,442.2) dist=7.1 vel=0.0
[   878   18.690 x1.00] TEL charge Strike n=0.91 spd=1.00 mult=1.00 st=Attack anim=Charge/- drift=17.88 cut=17.88 meshOff=0.24m vis bounds+0.3m pos=(471.8,442.2) dist=6.7 vel=0.0
[   883   18.779 x1.00] TEL charge Strike n=0.97 spd=1.00 mult=1.00 st=Attack anim=Charge/- drift=18.05 cut=18.05 meshOff=0.24m vis bounds+0.0m pos=(471.8,442.2) dist=6.5 vel=0.0
[   887   18.845 x1.00] LOG  [OniBoss] Attack → Recovery
[   887   18.845 x1.00] LOG  [OniBoss] Playing animation: Watch
[   887   18.845 x1.00] LOG  [OniBoss:Layer] charge fire trail: released — burns out over 3.8s where the rush ended.
[   887   18.845 x1.00] LOG  [OniBoss:Layer] charge complete: engine left Attack (now Recovery) during Strike
[   888   18.863 x1.00] TEL charge None   n=1.02 spd=1.00 mult=1.00 st=Recovery anim=Charge/h-1849006814 drift=14.65 cut=14.65 meshOff=0.24m vis bounds+0.1m pos=(471.8,442.2) dist=6.3 vel=0.0
[   893   18.968 x1.00] TEL charge None   n=1.09 spd=1.00 mult=1.00 st=Recovery anim=Charge/h-1849006814 drift=4.47 cut=4.47 meshOff=0.24m vis bounds+0.1m pos=(471.8,442.2) dist=6.2 vel=0.0
[   895   19.004 x1.00] LOG  [OniBoss] Recovery → Attack
[   895   19.004 x1.00] LOG  [OniBoss] Attack: Club_Swing (16 dmg)
[   895   19.004 x1.00] LOG  [OniBoss:Trail] Club_Swing trail START at clip 1.00 (transition still blending).
[   897   19.046 x1.00] LOG  [Combat] Combo 1: 10 dmg
[   897   19.046 x1.00] LOG  [ComboTrace] START step=1 state='Combo1' queued=0 target='OniBoss' at 6.6m
[   897   19.046 x1.00] LOG  [ComboTrace] LAUNCH OniBoss at 4.5m dist=3.20m in 0.32s (capped short)
[   898   19.067 x1.00] TEL charge None   n=1.12 spd=1.40 mult=1.40 st=Attack anim=Charge/h-807096004 drift=0.75 cut=0.75 meshOff=0.24m vis bounds+0.1m pos=(471.4,442.3) dist=4.8 vel=0.0
[   900   19.105 x1.00] LOG  [OniBoss:Layer] charge end (clip left the animator) after 2.69s real: pin measured 142 frames, cancelled on 140, max raw drift 18.08m, max cancelled 18.08m — travel WAS baked in, pin held it
[   910   19.304 x1.00] LOG  [CameraGameFeel] Shake: intensity=0.20 duration=0.250s
[   910   19.304 x1.00] LOG  [Combat] Hit react: HitReact_Heavy_2Leg (0.9s)
[   910   19.304 x1.00] LOG  [HitReactTrace] asked for 'HitReact_Heavy_2Leg' (0.90s) — blend resolved after 0 ms, now playing a clip 1.23s long at speed 1.60, layer weight 1.00, animator.speed 1.00.
[   910   19.304 x1.00] LOG  [CameraGameFeel] Shake: intensity=0.60 duration=0.200s
[   910   19.304 x1.00] LOG  [CameraGameFeel] FOV punch: player damage (-3.0°)
[   910   19.304 x1.00] LOG  [OniBoss] Hit player for 24 (Club_Swing) [combo x1.50]
[   910   19.304 x1.00] LOG  [OniBoss:Touch] Club_Swing: club TOUCHED Yoru at clip 0.36 — shaft 0.21m from her body line, tip speed 160m/s, ONE FRAME EARLY (predicted). Full club hit delivered this frame.
[   914   19.383 x1.00] LOG  [OniBoss:ClubPos] Club_Swing at strike: club tip 3.03m up, 2.13m in front, -3.12m to his right (3.78m out from his centre). Club faces -90deg from his forward, pitch 0.41. (the ground wave is born 1.6m in front of him at 0.35m.)
[   914   19.383 x1.00] LOG  [OniBoss:Layer] Club_Swing: club already hit — ground wave released as VISUAL only (0 damage), finisher size x2.0.
[   943   19.860 x1.00] LOG  [OniBoss] Attack → Recovery
[   943   19.860 x1.00] LOG  [OniBoss] Playing animation: Watch
[   943   19.860 x1.00] LOG  [OniBoss:Trail] trail END at clip 1.00, fading over 0.40s.
[   943   19.860 x1.00] LOG  [OniBoss:Strike] Club_Swing: club tip closest to Yoru at 0.29m, clip position 0.94 | damage fires at 0.42 | clip 0.84s => damage fires 439 ms BEFORE the club is closest
[   952   20.012 x1.00] LOG  [OniBoss] Recovery → Chase
[   953   20.031 x1.00] LOG  [OniBoss] hold-ground: BACKSTEP 1.5m (player 2.0m)
[   974   20.376 x1.00] LOG  [Combat] Combo 1: 10 dmg
[   974   20.376 x1.00] LOG  [ComboTrace] START step=1 state='Combo1' queued=0 target='OniBoss' at 2.6m
[   974   20.376 x1.00] LOG  [ComboTrace] LAUNCH OniBoss at 1.3m dist=1.31m in 0.13s
[   982   20.523 x1.00] LOG  [ComboTrace] LAUNCH RESULT wanted=1.31m actually moved=0.76m — completed
[   998   20.785 x1.00] LOG  [Combat] Queued click #1 (combo 1)
[   998   20.785 x1.00] LOG  [ComboTrace] QUEUED #1 during step 1
[  1009   20.976 x1.00] LOG  [OniBoss] hold-ground: backstep done (1.51m), WATCH (player 2.8m, cooldown 0.8s)
[  1009   20.976 x1.00] LOG  [OniBoss] Playing animation: Watch
[  1010   20.997 x1.00] LOG  [Combat] Queued click #2 (combo 1)
[  1010   20.997 x1.00] LOG  [ComboTrace] QUEUED #2 during step 1
[  1010   20.997 x1.00] LOG  [OniBoss] Playing animation: Walk
[  1010   20.997 x1.00] LOG  OniBoss took 10 damage. HP: 450/500
[  1010   20.997 x1.00] LOG  [OniBoss] Chase → HitReact
[  1010   20.997 x1.00] LOG  [OniBoss:Layer] react tier: LIGHT (10 dmg) → 'Hit_react_light'
[  1010   20.997 x1.00] LOG  [Combat] Hit OniBoss for 10
[  1010   20.997 x1.00] LOG  [CameraGameFeel] Shake: intensity=0.50 duration=0.200s
[  1010   20.997 x1.00] LOG  [CameraGameFeel] FOV punch: hit light (+1.5°)
[  1018   21.171 x1.00] LOG  🐾 VFX_AttackPaw triggered!
[  1027   21.322 x1.00] LOG  [Combat] Combo 2: 20 dmg
[  1027   21.322 x1.00] LOG  [ComboTrace] START step=2 state='Combo2' queued=1 target='OniBoss' at 2.8m
[  1027   21.322 x1.00] LOG  [ComboTrace] LAUNCH OniBoss at 1.5m dist=1.49m in 0.15s
[  1036   21.476 x1.00] LOG  [ComboTrace] LAUNCH RESULT wanted=1.49m actually moved=0.79m — completed
[  1037   21.493 x1.00] LOG  [Combat] Queued click #2 (combo 2)
[  1037   21.493 x1.00] LOG  [ComboTrace] QUEUED #2 during step 2
[  1051   21.710 x1.00] LOG  [ComboTrace] CLICK IGNORED (step=2 queued=2)
[  1057   21.803 x1.00] LOG  [OniBoss] HitReact → Chase
[  1058   21.816 x1.00] LOG  [OniBoss] Playing animation: Watch
[  1058   21.816 x1.00] LOG  [OniBoss] Chase → Attack
[  1058   21.816 x1.00] LOG  [OniBoss] Attack: Club_Swing (16 dmg)
[  1058   21.816 x1.00] LOG  [OniBoss:Trail] Club_Swing trail START at clip 1.00 (transition done).
[  1077   22.116 x1.00] LOG  [CameraGameFeel] Shake: intensity=0.20 duration=0.250s
[  1077   22.116 x1.00] LOG  [Combat] Hit react: HitReact_Light_2Leg (0.5s)
[  1077   22.116 x1.00] LOG  [HitReactTrace] asked for 'HitReact_Light_2Leg' (0.50s) — blend resolved after 0 ms, now playing a clip 1.75s long at speed 1.60, layer weight 1.00, animator.speed 1.00.
[  1077   22.116 x1.00] LOG  [CameraGameFeel] Shake: intensity=0.30 duration=0.200s
[  1077   22.116 x1.00] LOG  [CameraGameFeel] FOV punch: player damage (-2.0°)
[  1077   22.116 x1.00] LOG  [OniBoss] Hit player for 16 (Club_Swing)
[  1077   22.116 x1.00] LOG  [OniBoss:Touch] Club_Swing: club TOUCHED Yoru at clip 0.36 — shaft 0.43m from her body line, tip speed 173m/s, ONE FRAME EARLY (predicted). Full club hit delivered this frame.
[  1079   22.147 x1.00] LOG  🐾🐾 VFX_TowPaw triggered!
[  1082   22.195 x1.00] LOG  [OniBoss:ClubPos] Club_Swing at strike: club tip 3.05m up, 1.15m in front, -3.30m to his right (3.49m out from his centre). Club faces -111deg from his forward, pitch 0.41. (the ground wave is born 1.6m in front of him at 0.35m.)
[  1082   22.195 x1.00] LOG  [OniBoss:Layer] Club_Swing: club already hit — ground wave released as VISUAL only (0 damage).
[  1108   22.627 x1.00] LOG  🚶 2-LEG JUMP
[  1108   22.627 x1.00] LOG  🐾 Jump 1 VFX spawned!
[  1111   22.675 x1.00] LOG  [OniBoss] Attack → Recovery
[  1111   22.675 x1.00] LOG  [OniBoss] Playing animation: Watch
[  1111   22.675 x1.00] LOG  [OniBoss:Trail] trail END at clip 1.00, fading over 0.40s.
[  1111   22.675 x1.00] LOG  [OniBoss:Strike] Club_Swing: club tip closest to Yoru at 0.37m, clip position 0.93 | damage fires at 0.42 | clip 0.84s => damage fires 427 ms BEFORE the club is closest
[  1117   22.782 x1.00] LOG  [ComboTrace] LAUNCH OniBoss at 0.6m dist=0.59m in 0.13s [AIRBORNE]
[  1117   22.782 x1.00] LOG  [Combat] Aerial spin — 25 dmg
[  1117   22.782 x1.00] LOG  OniBoss took 10 damage. HP: 440/500
[  1117   22.782 x1.00] LOG  [OniBoss] Recovery → HitReact
[  1117   22.782 x1.00] LOG  [OniBoss:Layer] react tier: LIGHT (10 dmg) → 'Hit_react_light'
[  1117   22.782 x1.00] LOG  [CameraGameFeel] Shake: intensity=0.50 duration=0.200s
[  1117   22.782 x1.00] LOG  [CameraGameFeel] FOV punch: hit light (+1.5°)
[  1117   22.782 x1.00] LOG  [AirPosePin] engaged, holding body at 0.794m above the transform
[  1124   22.919 x1.00] LOG  [ComboTrace] LAUNCH RESULT wanted=0.59m actually moved=0.00m — completed
[  1125   22.936 x1.00] LOG  OniBoss took 10 damage. HP: 430/500
[  1125   22.936 x1.00] LOG  [OniBoss:Layer] burst: 2 hits / 20 dmg → flinch upgraded to 'HitReact_medium'
[  1125   22.936 x1.00] LOG  [CameraGameFeel] Shake: intensity=0.18 duration=0.200s
[  1133   23.097 x1.00] LOG  OniBoss took 10 damage. HP: 420/500
[  1133   23.097 x1.00] LOG  [OniBoss] HitReact → Stagger
[  1133   23.097 x1.00] LOG  [OniBoss] Playing animation: Stagger
[  1133   23.097 x1.00] LOG  [OniBoss] STAGGERED for 2.5s
[  1133   23.097 x1.00] LOG  [OniBoss:Layer] heavy knock-back react (swirl burst, 3 hits / 30 dmg) → 'HitReact_Heavy', down for 1.80s
[  1133   23.097 x1.00] LOG  [OniBoss:Layer] burst: 3 hits / 30 dmg inside 0.8s → knock-back + 0.90m push
[  1133   23.097 x1.00] LOG  [CameraGameFeel] Shake: intensity=0.18 duration=0.200s
[  1141   23.249 x1.00] LOG  OniBoss punish window! 10 → 15 (x1.5)
[  1141   23.249 x1.00] LOG  OniBoss took 15 damage. HP: 405/500
[  1141   23.249 x1.00] LOG  [CameraGameFeel] Shake: intensity=0.18 duration=0.200s
[  1149   23.404 x1.00] LOG  OniBoss punish window! 10 → 15 (x1.5)
[  1149   23.404 x1.00] LOG  OniBoss took 15 damage. HP: 390/500
[  1149   23.404 x1.00] LOG  [CameraGameFeel] Shake: intensity=0.18 duration=0.200s
[  1155   23.524 x1.00] LOG  [ComboTrace] END step=3 clipProgress=0.91 clipLen=0.79s queued=0 elapsed=0.74s
[  1156   23.545 x1.00] LOG  [AirPosePin] released, peak correction was 0.111m
[  1157   23.564 x1.00] LOG  💨 Landing VFX spawned!
[  1157   23.564 x1.00] LOG  ✅ LANDED! (was jump #1)
[  1158   23.584 x1.00] LOG  [ComboTrace] CLICK DROPPED by attackCooldown (0.10s, 0.06s since last attack) step=3
[  1161   23.637 x1.00] LOG  🚶 2-LEG JUMP
[  1161   23.637 x1.00] LOG  🐾 Jump 1 VFX spawned!
[  1171   23.807 x1.00] LOG  [ComboTrace] LAUNCH OniBoss at 2.1m dist=2.10m in 0.21s [AIRBORNE]
[  1171   23.807 x1.00] LOG  [Combat] Aerial spin — 25 dmg
[  1171   23.807 x1.00] LOG  [AirPosePin] engaged, holding body at 0.833m above the transform
[  1179   23.964 x1.00] LOG  OniBoss punish window! 10 → 15 (x1.5)
[  1179   23.964 x1.00] LOG  OniBoss took 15 damage. HP: 375/500
[  1179   23.964 x1.00] LOG  [CameraGameFeel] Shake: intensity=0.50 duration=0.200s
[  1179   23.964 x1.00] LOG  [CameraGameFeel] FOV punch: hit light (+1.5°)
[  1182   24.024 x1.00] LOG  [ComboTrace] LAUNCH RESULT wanted=2.10m actually moved=1.60m — completed
[  1187   24.124 x1.00] LOG  OniBoss punish window! 10 → 15 (x1.5)
[  1187   24.124 x1.00] LOG  OniBoss took 15 damage. HP: 360/500
[  1187   24.124 x1.00] LOG  [CameraGameFeel] Shake: intensity=0.18 duration=0.200s
[  1195   24.275 x1.00] LOG  OniBoss punish window! 10 → 15 (x1.5)
[  1195   24.275 x1.00] LOG  OniBoss took 15 damage. HP: 345/500
[  1195   24.275 x1.00] LOG  [CameraGameFeel] Shake: intensity=0.18 duration=0.200s
[  1210   24.575 x1.00] LOG  💨 Landing VFX spawned!
[  1210   24.575 x1.00] LOG  ✅ LANDED! (was jump #1)
[  1210   24.575 x1.00] LOG  [ComboTrace] END step=3 clipProgress=0.92 clipLen=0.79s queued=0 elapsed=0.77s
[  1210   24.575 x1.00] LOG  [AirPosePin] released, peak correction was 0.143m
[  1217   24.693 x1.00] LOG  [Combat] Combo 1: 10 dmg
[  1217   24.693 x1.00] LOG  [ComboTrace] START step=1 state='Combo1' queued=0 target='OniBoss' at 3.5m
[  1217   24.693 x1.00] LOG  [ComboTrace] LAUNCH OniBoss at 2.1m dist=2.15m in 0.21s
[  1229   24.903 x1.00] LOG  [OniBoss] Stagger → Chase
[  1230   24.918 x1.00] LOG  [OniBoss] Playing animation: Idle
[  1230   24.918 x1.00] LOG  [OniBoss] Chase → Attack
[  1230   24.918 x1.00] LOG  [OniBoss] Attack: Club_Swing (16 dmg)
[  1230   24.918 x1.00] LOG  [OniBoss:Trail] Club_Swing trail START at clip 1.00 (transition done).
[  1230   24.918 x1.00] LOG  [ComboTrace] LAUNCH RESULT wanted=2.15m actually moved=1.48m — completed
[  1231   24.936 x1.00] LOG  [Combat] Queued click #1 (combo 1)
[  1231   24.936 x1.00] LOG  [ComboTrace] QUEUED #1 during step 1
[  1245   25.162 x1.00] LOG  [Combat] Queued click #2 (combo 1)
[  1245   25.162 x1.00] LOG  [ComboTrace] QUEUED #2 during step 1
[  1249   25.220 x1.00] LOG  [CameraGameFeel] Shake: intensity=0.20 duration=0.250s
[  1249   25.220 x1.00] LOG  [Combat] Hit react: HitReact_Light_2Leg (0.5s)
[  1249   25.220 x1.00] LOG  [HitReactTrace] asked for 'HitReact_Light_2Leg' (0.50s) — blend resolved after 0 ms, now playing a clip 1.23s long at speed 1.60, layer weight 1.00, animator.speed 1.00.
[  1249   25.220 x1.00] LOG  [CameraGameFeel] Shake: intensity=0.30 duration=0.200s
[  1249   25.220 x1.00] LOG  [CameraGameFeel] FOV punch: player damage (-2.0°)
[  1249   25.220 x1.00] LOG  [OniBoss] Hit player for 16 (Club_Swing)
[  1249   25.220 x1.00] LOG  [OniBoss:Touch] Club_Swing: club TOUCHED Yoru at clip 0.36 — shaft 0.32m from her body line, tip speed 179m/s, ONE FRAME EARLY (predicted). Full club hit delivered this frame.
[  1253   25.293 x1.00] LOG  [OniBoss:ClubPos] Club_Swing at strike: club tip 3.03m up, 2.20m in front, -3.09m to his right (3.80m out from his centre). Club faces -89deg from his forward, pitch 0.41. (the ground wave is born 1.6m in front of him at 0.35m.)
[  1253   25.293 x1.00] LOG  [OniBoss:Layer] Club_Swing: club already hit — ground wave released as VISUAL only (0 damage).
[  1283   25.777 x1.00] LOG  [OniBoss] Attack → Recovery
[  1283   25.777 x1.00] LOG  [OniBoss] Playing animation: Watch
[  1283   25.777 x1.00] LOG  [OniBoss:Trail] trail END at clip 1.00, fading over 0.40s.
[  1283   25.777 x1.00] LOG  [OniBoss:Strike] Club_Swing: club tip closest to Yoru at 0.40m, clip position 0.94 | damage fires at 0.42 | clip 0.84s => damage fires 433 ms BEFORE the club is closest
[  1286   25.828 x1.00] LOG  [Combat] Combo 1: 10 dmg
[  1286   25.828 x1.00] LOG  [ComboTrace] START step=1 state='Combo1' queued=0 target='OniBoss' at 2.0m
[  1286   25.828 x1.00] LOG  [ComboTrace] LAUNCH OniBoss at 0.8m dist=0.80m in 0.13s
[  1293   25.933 x1.00] LOG  [OniBoss] Recovery → Chase
[  1294   25.954 x1.00] LOG  [OniBoss] hold-ground: BACKSTEP 1.5m (player 2.0m)
[  1295   25.969 x1.00] LOG  [ComboTrace] LAUNCH RESULT wanted=0.80m actually moved=0.00m — completed
[  1302   26.073 x1.00] LOG  [Combat] Queued click #1 (combo 1)
[  1302   26.073 x1.00] LOG  [ComboTrace] QUEUED #1 during step 1
[  1316   26.288 x1.00] LOG  [Combat] Queued click #2 (combo 1)
[  1316   26.288 x1.00] LOG  [ComboTrace] QUEUED #2 during step 1
[  1326   26.444 x1.00] LOG  OniBoss took 10 damage. HP: 335/500
[  1326   26.444 x1.00] LOG  [OniBoss] Chase → HitReact
[  1326   26.444 x1.00] LOG  [OniBoss:Layer] react tier: LIGHT (10 dmg) → 'Hit_react_light'
[  1326   26.444 x1.00] LOG  [Combat] Hit OniBoss for 10
[  1326   26.444 x1.00] LOG  [CameraGameFeel] Shake: intensity=0.50 duration=0.200s
[  1326   26.444 x1.00] LOG  [CameraGameFeel] FOV punch: hit light (+1.5°)
[  1331   26.528 x1.00] LOG  [ComboTrace] CLICK IGNORED (step=1 queued=2)
[  1338   26.644 x1.00] LOG  🐾 VFX_AttackPaw triggered!
[  1346   26.776 x1.00] LOG  [ComboTrace] CLICK IGNORED (step=1 queued=2)
[  1346   26.776 x1.00] LOG  [Combat] Combo 2: 20 dmg
[  1346   26.776 x1.00] LOG  [ComboTrace] START step=2 state='Combo2' queued=1 target='OniBoss' at 2.8m
[  1346   26.776 x1.00] LOG  [ComboTrace] LAUNCH OniBoss at 1.5m dist=1.52m in 0.15s
[  1356   26.945 x1.00] LOG  [ComboTrace] LAUNCH RESULT wanted=1.52m actually moved=0.82m — completed
[  1361   27.023 x1.00] LOG  [Combat] Queued click #2 (combo 2)
[  1361   27.023 x1.00] LOG  [ComboTrace] QUEUED #2 during step 2
[  1375   27.238 x1.00] LOG  [ComboTrace] CLICK IGNORED (step=2 queued=2)
[  1376   27.252 x1.00] LOG  [OniBoss] HitReact → Chase
[  1377   27.267 x1.00] LOG  [OniBoss] Playing animation: Idle
[  1377   27.267 x1.00] LOG  [OniBoss] Playing animation: Walk
[  1382   27.344 x1.00] LOG  [OniBoss] Playing animation: Idle
[  1398   27.603 x1.00] LOG  🐾🐾 VFX_TowPaw triggered!
[  1400   27.633 x1.00] LOG  OniBoss took 20 damage. HP: 315/500
[  1400   27.633 x1.00] LOG  [OniBoss] Chase → HitReact
[  1400   27.633 x1.00] LOG  [OniBoss:Layer] react tier: MEDIUM (20 dmg) → 'HitReact_medium'
[  1400   27.633 x1.00] LOG  [Combat] Hit OniBoss for 20
[  1400   27.633 x1.00] LOG  [CameraGameFeel] Shake: intensity=0.50 duration=0.200s
[  1400   27.633 x1.00] LOG  [CameraGameFeel] FOV punch: hit light (+1.5°)
[  1425   28.044 x1.00] LOG  
==================== [FREEZE-DEBUG v3] ====================
  Reason : WASD-NOMOVE: WASD recent + speed 0.00m/s for 0.41s
  Time   : 22.881s   Frame: 1425   Snaps: 60
===========================================================

--- CURRENT STATE ---
  Flags: atk=True hvy=False dod=False dsh=False
         grd=False hit=False aerial=False lockPos=False
         comboStep=2
  Anim : speed=1.00  combatLayer hash=-1303381580 normT=0.686 weight=1.00 inTransition=False
  CC   : grounded=True  enabled=True  pos=(474.80, -0.02, 441.44)  vel=(0.00, 0.00, 0.00)
  Move : IsRunning=False
  Input: H=-1.00 V=-1.00  LMB=False MMB=False Q=False Sp=False Sh=True C=False
         WASD pressed in last 0.5s: True (last 0.00s ago)

--- FLIGHT RECORDER (60 snapshots, oldest first, dt=0.10s) ---
  Legend: flags = A(tk) H(vy) D(od) S(sh) G(rd) R(eact) Y(aerial) L(ock)   gnd/cc: Y/n
  t-now    flags     step gnd cc anSp normT layW tr | posX     posZ     spd   | H    V    LMB MMB Q  Sp Sh C
  ------   --------  ---- --- -- ---- ----- ---- -- | -----    -----    ----  | ---- ---- --- --- -- -- -- -
  - 6.39s  A-------    2  Y   Y  1.00  0.17 1.00 -  |   470.5    442.5  0.00 |  0.0  0.0 1   0   0  0  0  0
  - 6.29s  A-------    2  Y   Y  1.00  0.23 1.00 -  |   470.5    442.5  0.00 |  0.0  0.0 0   0   0  0  0  0
  - 6.18s  A-------    2  Y   Y  1.00  0.29 1.00 -  |   470.5    442.5  0.00 |  0.0  0.0 0   0   0  1  0  0
  - 6.07s  A-------    2  Y   Y  1.00  0.35 1.00 -  |   470.5    442.5  0.00 |  0.0  0.0 0   0   0  0  0  0
  - 5.96s  A-------    2  Y   Y  1.00  0.42 1.00 -  |   470.5    442.5  0.00 |  0.0  0.0 1   0   0  1  0  0
  - 5.85s  -----R--    0  Y   Y  1.00  0.12 1.00 -  |   470.5    442.5  0.00 |  0.0  0.0 0   0   0  0  0  0
  - 5.74s  -----R--    0  Y   Y  1.00  0.21 1.00 -  |   470.5    442.5  0.00 |  0.0  0.0 1   0   0  1  0  0
  - 5.63s  -----R--    0  Y   Y  1.00  0.30 1.00 -  |   470.5    442.5  0.00 |  0.0  0.0 0   0   0  0  0  0
  - 5.53s  -----R--    0  Y   Y  1.00  0.39 1.00 -  |   470.5    442.5  0.00 |  0.0  0.0 1   0   0  0  0  0
  - 5.42s  --------    0  Y   Y  1.00  0.48 1.00 -  |   470.5    442.5  0.00 |  0.0  0.0 0   0   0  1  0  0
  - 5.31s  --------    0  n   Y  1.00  0.09 1.00 -  |   470.5    442.5  0.00 |  0.0  0.0 1   0   0  0  0  0
  - 5.20s  A-----Y-    3  n   Y  1.00  0.16 1.00 T  |   470.5    442.5  0.00 |  0.0  0.0 0   0   0  1  0  0
  - 5.09s  A-----Y-    3  n   Y  1.00  0.17 1.00 -  |   470.5    442.5  0.00 |  0.0  0.0 1   0   0  1  0  0
  - 4.97s  A-----Y-    3  n   Y  1.00  0.32 1.00 -  |   470.5    442.5  0.00 |  0.0  0.0 0   0   0  0  0  0
  - 4.87s  A-----Y-    3  n   Y  1.00  0.44 1.00 -  |   470.5    442.5  0.00 |  0.0  0.0 0   0   0  0  0  0
  - 4.76s  A-----Y-    3  n   Y  1.00  0.58 1.00 -  |   470.6    442.5  0.00 |  0.0  0.0 1   0   0  1  0  0
  - 4.64s  A-----Y-    3  n   Y  1.00  0.73 1.00 -  |   470.6    442.5  0.00 |  0.0  0.0 0   0   0  0  0  0
  - 4.54s  A-----Y-    3  n   Y  1.00  0.86 1.00 -  |   470.7    442.5  0.00 |  0.0  0.0 1   0   0  1  0  0
  - 4.42s  --------    3  Y   Y  1.00  1.01 1.00 T  |   470.7    442.5  0.00 |  0.0  0.0 0   0   0  0  0  0
  - 4.32s  --------    3  n   Y  1.00  0.16 1.00 -  |   470.8    442.5  0.00 |  0.0  0.0 1   0   0  0  0  0
  - 4.22s  A-----Y-    3  n   Y  1.00  0.26 1.00 T  |   471.1    442.4  0.00 |  0.0  0.0 0   0   0  1  0  0
  - 4.12s  A-----Y-    3  n   Y  1.00  0.12 1.00 -  |   472.3    442.1  0.00 |  0.0  0.0 1   0   0  0  0  0
  - 4.00s  A-----Y-    3  n   Y  1.00  0.23 1.00 -  |   472.3    442.1  0.00 |  0.0  0.0 0   0   0  1  0  0
  - 3.90s  A-----Y-    3  n   Y  1.00  0.35 1.00 -  |   472.4    442.0  0.00 |  0.0  0.0 1   0   0  1  0  0
  - 3.79s  A-----Y-    3  n   Y  1.00  0.50 1.00 -  |   472.4    442.0  0.00 |  0.0  0.0 0   0   0  0  0  0
  - 3.67s  A-----Y-    3  n   Y  1.00  0.64 1.00 -  |   472.5    442.0  0.00 |  0.0  0.0 1   0   0  1  0  0
  - 3.57s  A-----Y-    3  n   Y  1.00  0.77 1.00 -  |   472.5    442.0  0.00 |  0.0  0.0 0   0   0  0  0  0
  - 3.47s  ------Y-    3  Y   Y  1.00  0.89 1.00 -  |   472.6    442.0  0.00 |  0.0  0.0 1   0   0  1  0  0
  - 3.37s  --------    3  Y   Y  1.00  1.03 1.00 T  |   472.6    442.0  0.00 |  0.0  0.0 1   0   0  0  0  0
  - 3.26s  A-------    1  Y   Y  1.00  0.06 1.00 -  |   473.9    441.7  0.00 |  0.0  0.0 0   0   0  1  0  0
  - 3.16s  A-------    1  Y   Y  1.00  0.15 1.00 -  |   474.0    441.6  0.00 |  0.0  0.0 1   0   0  0  0  0
  - 3.05s  A-------    1  Y   Y  1.00  0.23 1.00 -  |   474.0    441.6  0.00 |  0.0  0.0 0   0   0  0  0  0
  - 2.95s  A-------    1  Y   Y  1.00  0.32 1.00 -  |   474.0    441.6  0.00 |  0.0  0.0 1   0   0  1  0  0
  - 2.84s  A-------    1  Y   Y  1.00  0.41 1.00 -  |   474.0    441.6  0.00 |  0.0  0.0 0   0   0  0  0  0
  - 2.73s  -----R--    0  Y   Y  1.00  0.13 1.00 -  |   474.0    441.6  0.00 |  0.0  0.0 1   0   0  1  0  0
  - 2.62s  -----R--    0  Y   Y  1.00  0.22 1.00 -  |   474.0    441.6  0.00 |  0.0  0.0 0   0   0  0  0  0
  - 2.52s  -----R--    0  Y   Y  1.00  0.31 1.00 -  |   474.0    441.6  0.00 |  0.0  0.0 1   0   0  0  0  0
  - 2.42s  -----R--    0  Y   Y  1.00  0.39 1.00 -  |   474.0    441.6  0.00 |  0.0  0.0 0   0   0  0  0  0
  - 2.31s  --------    0  Y   Y  1.00  0.48 1.00 -  |   474.0    441.6  0.00 |  0.0  0.0 1   0   0  0  0  0
  - 2.20s  A-------    1  Y   Y  1.00  0.57 1.00 T  |   474.0    441.6  0.00 |  0.0  0.0 0   0   0  1  0  0
  - 2.09s  A-------    1  Y   Y  1.00  0.09 1.00 -  |   474.0    441.6  0.00 |  0.0  0.0 1   0   0  0  0  0
  - 1.99s  A-------    1  Y   Y  1.00  0.17 1.00 -  |   474.0    441.6  0.00 |  0.0  0.0 1   0   0  1  0  0
  - 1.88s  A-------    1  Y   Y  1.00  0.26 1.00 -  |   474.0    441.6  0.00 |  0.0  0.0 0   0   0  0  0  0
  - 1.78s  A-------    1  Y   Y  1.00  0.34 1.00 -  |   474.0    441.6  0.00 |  0.0  0.0 1   0   0  1  0  0
  - 1.68s  A-------    1  Y   Y  1.00  0.43 1.00 -  |   474.0    441.6  0.00 |  0.0  0.0 0   0   0  0  0  0
  - 1.57s  A-------    1  Y   Y  0.00  0.50 1.00 -  |   474.0    441.6  0.00 |  0.0  0.0 1   0   0  1  0  0
  - 1.47s  A-------    1  Y   Y  1.00  0.57 1.00 -  |   474.0    441.6  0.00 |  0.0  0.0 0   0   0  0  0  0
  - 1.36s  A-------    1  Y   Y  1.00  0.65 1.00 -  |   474.0    441.6  0.00 |  0.0  0.0 1   0   0  0  0  0
  - 1.25s  A-------    2  Y   Y  1.00  0.75 1.00 -  |   474.3    441.6  0.00 |  0.0  0.0 0   0   0  1  0  0
  - 1.15s  A-------    2  Y   Y  1.00  0.05 1.00 -  |   474.8    441.4  0.00 |  0.0  0.0 0   0   0  0  0  0
  - 1.04s  A-------    2  Y   Y  1.00  0.11 1.00 -  |   474.8    441.4  0.00 |  0.0  0.0 1   0   0  1  0  0
  - 0.93s  A-------    2  Y   Y  1.00  0.18 1.00 -  |   474.8    441.4  0.00 |  0.0  0.0 0   0   0  0  0  0
  - 0.82s  A-------    2  Y   Y  1.00  0.24 1.00 -  |   474.8    441.4  0.00 |  0.0  0.0 1   0   0  0  0  0
  - 0.72s  A-------    2  Y   Y  1.00  0.30 1.00 -  |   474.8    441.4  0.00 |  0.0  0.0 0   0   0  0  0  0
  - 0.61s  A-------    2  Y   Y  1.00  0.36 1.00 -  |   474.8    441.4  0.00 |  0.0  0.0 0   0   0  0  0  0
  - 0.50s  A-------    2  Y   Y  1.00  0.42 1.00 -  |   474.8    441.4  0.00 |  0.0  0.0 0   0   0  0  0  0
  - 0.39s  A-------    2  Y   Y  0.00  0.48 1.00 -  |   474.8    441.4  0.00 |  0.0 -1.0 0   0   0  0  0  0
  - 0.29s  A-------    2  Y   Y  1.00  0.52 1.00 -  |   474.8    441.4  0.00 |  0.0 -1.0 0   0   0  0  0  0
  - 0.18s  A-------    2  Y   Y  1.00  0.58 1.00 -  |   474.8    441.4  0.00 |  0.0 -1.0 0   0   0  0  0  0
  - 0.06s  A-------    2  Y   Y  1.00  0.65 1.00 -  |   474.8    441.4  0.00 | -1.0 -1.0 0   0   0  0  1  0
=========================================================== END

[  1430   28.122 x1.00] LOG  🐾🐾 VFX_TowPaw triggered!
[  1433   28.170 x1.00] LOG  [Combat] Combo 3: 35 dmg
[  1433   28.170 x1.00] LOG  [ComboTrace] START step=3 state='Combo3' queued=1 target='OniBoss' at 2.3m
[  1433   28.170 x1.00] LOG  [ComboTrace] LAUNCH OniBoss at 1.1m dist=1.11m in 0.13s
[  1437   28.243 x1.00] LOG  OniBoss took 35 damage. HP: 280/500
[  1437   28.243 x1.00] LOG  [OniBoss] HitReact → Stagger
[  1437   28.243 x1.00] LOG  [OniBoss] Playing animation: Stagger
[  1437   28.243 x1.00] LOG  [OniBoss] STAGGERED for 2.5s
[  1437   28.243 x1.00] LOG  [OniBoss:Layer] heavy knock-back react (35 dmg) → 'HitReact_Heavy', down for 1.80s
[  1437   28.243 x1.00] LOG  [CameraGameFeel] Shake: intensity=0.50 duration=0.200s
[  1437   28.243 x1.00] LOG  [CameraGameFeel] FOV punch: hit light (+1.5°)
[  1441   28.315 x1.00] LOG  [ComboTrace] LAUNCH RESULT wanted=1.11m actually moved=0.46m — completed
[  1485   29.009 x1.00] LOG  [ComboTrace] END step=3 clipProgress=0.96 clipLen=0.79s queued=0 elapsed=0.84s
[  1494   29.163 x1.00] LOG  [StormWeather] ⚡ strike at (475.11, 45.00, 452.55)
[  1541   30.048 x1.00] LOG  [OniBoss] Stagger → Chase
[  1542   30.067 x1.00] LOG  [OniBoss] Pull-band decision: RUN-IN (dist 8.8m, pullRange 0m, chance 0.50)
[  1542   30.067 x1.00] LOG  [OniBoss] Playing animation: run
[  1559   30.405 x1.00] LOG  🚶 2-LEG JUMP
[  1559   30.405 x1.00] LOG  🐾 Jump 1 VFX spawned!
[  1565   30.509 x1.00] LOG  [ComboTrace] LAUNCH STEP (too far: OniBoss at 7.7m > engage 4.7m) dist=0.90m in 0.13s [AIRBORNE]
[  1565   30.509 x1.00] LOG  [Combat] Aerial spin — 25 dmg
[  1565   30.509 x1.00] LOG  [AirPosePin] engaged, holding body at 0.666m above the transform
[  1572   30.646 x1.00] LOG  [ComboTrace] LAUNCH RESULT wanted=0.90m actually moved=0.56m — completed
[  1603   31.223 x1.00] LOG  [ComboTrace] END step=3 clipProgress=0.90 clipLen=0.79s queued=0 elapsed=0.71s
[  1604   31.239 x1.00] LOG  [AirPosePin] released, peak correction was -0.020m
[  1610   31.346 x1.00] LOG  💨 Landing VFX spawned!
[  1610   31.346 x1.00] LOG  ✅ LANDED! (was jump #1)
[  1643   31.876 x1.00] LOG  [Combat] Combo 1: 10 dmg
[  1643   31.876 x1.00] LOG  [ComboTrace] START step=1 state='Combo1' queued=0 target='OniBoss' at 4.3m
[  1643   31.876 x1.00] LOG  [ComboTrace] LAUNCH OniBoss at 2.9m dist=2.89m in 0.29s
[  1645   31.912 x1.00] LOG  [OniBoss] Playing animation: Idle
[  1645   31.912 x1.00] LOG  [OniBoss] Combo started: ClubSwing1 → ClubSwing2 → ClubSlam (3 steps remaining)
[  1645   31.912 x1.00] LOG  [OniBoss] Chase → Attack
[  1645   31.912 x1.00] LOG  [OniBoss] Attack: Club_Swing (16 dmg)
[  1645   31.912 x1.00] LOG  [OniBoss:Trail] Club_Swing trail START at clip 1.00 (transition done).
[  1660   32.178 x1.00] LOG  [ComboTrace] LAUNCH RESULT wanted=2.89m actually moved=2.00m — completed
[  1663   32.224 x1.00] LOG  [CameraGameFeel] Shake: intensity=0.20 duration=0.250s
[  1663   32.224 x1.00] LOG  [Combat] Hit react: HitReact_Light_2Leg (0.5s)
[  1663   32.224 x1.00] LOG  [HitReactTrace] asked for 'HitReact_Light_2Leg' (0.50s) — blend resolved after 0 ms, now playing a clip 1.23s long at speed 1.60, layer weight 1.00, animator.speed 1.00.
[  1663   32.224 x1.00] LOG  [CameraGameFeel] Shake: intensity=0.30 duration=0.200s
[  1663   32.224 x1.00] LOG  [CameraGameFeel] FOV punch: player damage (-2.0°)
[  1663   32.224 x1.00] LOG  [OniBoss] Hit player for 16 (Club_Swing)
[  1663   32.224 x1.00] LOG  [OniBoss:Touch] Club_Swing: club TOUCHED Yoru at clip 0.37 — shaft 0.26m from her body line, tip speed 180m/s, ONE FRAME EARLY (predicted). Full club hit delivered this frame.
[  1667   32.294 x1.00] LOG  [OniBoss:ClubPos] Club_Swing at strike: club tip 3.05m up, 1.27m in front, -3.29m to his right (3.53m out from his centre). Club faces -108deg from his forward, pitch 0.41. (the ground wave is born 1.6m in front of him at 0.35m.)
[  1667   32.294 x1.00] LOG  [OniBoss:Layer] Club_Swing: club already hit — ground wave released as VISUAL only (0 damage).
[  1697   32.768 x1.00] LOG  [OniBoss] Attack → Recovery
[  1697   32.768 x1.00] LOG  [OniBoss] Playing animation: Watch
[  1697   32.768 x1.00] LOG  [OniBoss:Trail] trail END at clip 1.00, fading over 0.40s.
[  1697   32.768 x1.00] LOG  [OniBoss:Strike] Club_Swing: club tip closest to Yoru at 0.48m, clip position 0.91 | damage fires at 0.42 | clip 0.84s => damage fires 411 ms BEFORE the club is closest
[  1703   32.864 x1.00] LOG  [Combat] Combo 1: 10 dmg
[  1703   32.864 x1.00] LOG  [ComboTrace] START step=1 state='Combo1' queued=0 target='OniBoss' at 2.0m
[  1703   32.864 x1.00] LOG  [ComboTrace] LAUNCH OniBoss at 0.8m dist=0.80m in 0.13s
[  1707   32.927 x1.00] LOG  [OniBoss] Recovery → Attack
[  1707   32.927 x1.00] LOG  [OniBoss] Attack: ClubSwing2 (16 dmg)
[  1707   32.927 x1.00] LOG  [OniBoss:Trail] ClubSwing2 trail START at clip 1.00 (transition still blending).
[  1711   32.995 x1.00] LOG  [ComboTrace] LAUNCH RESULT wanted=0.80m actually moved=0.00m — completed
[  1716   33.075 x1.00] LOG  [Combat] Queued click #1 (combo 1)
[  1716   33.075 x1.00] LOG  [ComboTrace] QUEUED #1 during step 1
[  1727   33.253 x1.00] LOG  [CameraGameFeel] Shake: intensity=0.20 duration=0.250s
[  1727   33.253 x1.00] LOG  [Combat] Hit react: HitReact_Light_2Leg (0.5s)
[  1727   33.253 x1.00] LOG  [HitReactTrace] asked for 'HitReact_Light_2Leg' (0.50s) — blend resolved after 0 ms, now playing a clip 1.23s long at speed 1.60, layer weight 1.00, animator.speed 1.00.
[  1727   33.253 x1.00] LOG  [CameraGameFeel] Shake: intensity=0.30 duration=0.200s
[  1727   33.253 x1.00] LOG  [CameraGameFeel] FOV punch: player damage (-2.0°)
[  1727   33.253 x1.00] LOG  [OniBoss] Hit player for 20 (ClubSwing2) [combo x1.25]
[  1727   33.253 x1.00] LOG  [OniBoss:Touch] ClubSwing2: club TOUCHED Yoru at clip 0.28 — shaft 0.47m from her body line, tip speed 86m/s, ONE FRAME EARLY (predicted). Full club hit delivered this frame.
[  1731   33.317 x1.00] LOG  [OniBoss:ClubPos] ClubSwing2 at strike: club tip 0.05m up, 1.95m in front, 2.26m to his right (2.98m out from his centre). Club faces -2deg from his forward, pitch -0.87. (the ground wave is born 1.6m in front of him at 0.35m.)
[  1731   33.317 x1.00] LOG  [OniBoss:Layer] ClubSwing2: club already hit — ground wave released as VISUAL only (0 damage).
[  1770   33.927 x1.00] LOG  [Combat] Combo 1: 10 dmg
[  1770   33.927 x1.00] LOG  [ComboTrace] START step=1 state='Combo1' queued=0 target='OniBoss' at 2.0m
[  1770   33.927 x1.00] LOG  [ComboTrace] LAUNCH OniBoss at 0.8m dist=0.80m in 0.13s
[  1778   34.054 x1.00] LOG  [ComboTrace] LAUNCH RESULT wanted=0.80m actually moved=0.00m — completed
[  1781   34.104 x1.00] LOG  [OniBoss] Attack → Recovery
[  1781   34.104 x1.00] LOG  [OniBoss] Playing animation: Watch
[  1781   34.104 x1.00] LOG  [OniBoss:Trail] trail END at clip 0.99, fading over 0.40s.
[  1781   34.104 x1.00] LOG  [OniBoss:Strike] ClubSwing2: club tip closest to Yoru at 1.39m, clip position 0.31 | damage fires at 0.32 | clip 1.17s => MATCHED (within one or two frames)
[  1783   34.137 x1.00] LOG  [Combat] Queued click #1 (combo 1)
[  1783   34.137 x1.00] LOG  [ComboTrace] QUEUED #1 during step 1
[  1791   34.266 x1.00] LOG  [OniBoss] Recovery → Attack
[  1791   34.266 x1.00] LOG  [OniBoss] Attack: ClubSlam (20 dmg)
[  1791   34.266 x1.00] LOG  [OniBoss:Trail] ClubSlam trail START at clip 1.00 (transition still blending).
[  1797   34.367 x1.00] LOG  [Combat] Queued click #2 (combo 1)
[  1797   34.367 x1.00] LOG  [ComboTrace] QUEUED #2 during step 1
[  1808   34.543 x1.00] LOG  OniBoss took 10 damage. HP: 270/500
[  1808   34.543 x1.00] LOG  [OniBoss] 🤕 Hit during Attack — flash only
[  1808   34.543 x1.00] LOG  [Combat] Hit OniBoss for 10
[  1808   34.543 x1.00] LOG  [CameraGameFeel] Shake: intensity=0.50 duration=0.200s
[  1808   34.543 x1.00] LOG  [CameraGameFeel] FOV punch: hit light (+1.5°)
[  1810   34.577 x1.00] LOG  [ComboTrace] CLICK IGNORED (step=1 queued=2)
[  1817   34.688 x1.00] LOG  [CameraGameFeel] Shake: intensity=0.50 duration=0.400s
[  1817   34.688 x1.00] LOG  [Combat] Hit react: HitReact_Heavy_2Leg (0.9s)
[  1817   34.688 x1.00] LOG  [HitReactTrace] asked for 'HitReact_Heavy_2Leg' (0.90s) — blend resolved after 0 ms, now playing a clip 1.23s long at speed 1.60, layer weight 1.00, animator.speed 1.00.
[  1817   34.688 x1.00] LOG  [CameraGameFeel] Shake: intensity=0.60 duration=0.200s
[  1817   34.688 x1.00] LOG  [CameraGameFeel] FOV punch: player damage (-3.0°)
[  1817   34.688 x1.00] LOG  [OniBoss] Hit player for 30 (ClubSlam) [combo x1.50]
[  1817   34.688 x1.00] LOG  [OniBoss:Touch] ClubSlam: club TOUCHED Yoru at clip 0.42 — shaft 0.44m from her body line, tip speed 117m/s, ONE FRAME EARLY (predicted). Full club hit delivered this frame.
[  1844   35.117 x1.00] LOG  [OniBoss:ClubPos] ClubSlam at strike: club tip 0.79m up, 2.77m in front, -0.71m to his right (2.86m out from his centre). Club faces -9deg from his forward, pitch -0.19. (the ground wave is born 1.6m in front of him at 0.35m.)
[  1844   35.117 x1.00] LOG  [OniBoss:Layer] ClubSlam: club already hit — ground wave released as VISUAL only (0 damage), finisher size x2.0.
[  1851   35.234 x1.00] LOG  [OniBoss] Attack → Recovery
[  1851   35.234 x1.00] LOG  [OniBoss] Playing animation: Watch
[  1851   35.234 x1.00] LOG  [OniBoss:Trail] trail END at clip 0.99, fading over 0.40s.
[  1851   35.234 x1.00] LOG  [OniBoss:Strike] ClubSlam: club tip closest to Yoru at 0.20m, clip position 0.94 | damage fires at 0.85 | clip 0.93s => damage fires 83 ms BEFORE the club is closest
[  1860   35.385 x1.00] LOG  [OniBoss] Recovery → Chase
[  1861   35.399 x1.00] LOG  [OniBoss] hold-ground: BACKSTEP 1.5m (player 2.0m)
[  1876   35.635 x1.00] LOG  [Combat] Combo 1: 10 dmg
[  1876   35.635 x1.00] LOG  [ComboTrace] START step=1 state='Combo1' queued=0 target='OniBoss' at 2.4m
[  1876   35.635 x1.00] LOG  [ComboTrace] LAUNCH OniBoss at 1.1m dist=1.12m in 0.13s
[  1884   35.774 x1.00] LOG  [ComboTrace] LAUNCH RESULT wanted=1.12m actually moved=0.52m — completed
[  1889   35.854 x1.00] LOG  [Combat] Queued click #1 (combo 1)
[  1889   35.854 x1.00] LOG  [ComboTrace] QUEUED #1 during step 1
[  1903   36.075 x1.00] LOG  [Combat] Queued click #2 (combo 1)
[  1903   36.075 x1.00] LOG  [ComboTrace] QUEUED #2 during step 1
[  1916   36.278 x1.00] LOG  [ComboTrace] CLICK IGNORED (step=1 queued=2)
[  1920   36.339 x1.00] LOG  [OniBoss] hold-ground: backstep done (1.50m), WATCH (player 3.0m, cooldown 0.8s)
[  1920   36.339 x1.00] LOG  [OniBoss] Playing animation: Watch
[  1925   36.415 x1.00] LOG  🐾 VFX_AttackPaw triggered!
[  1931   36.515 x1.00] LOG  [ComboTrace] CLICK IGNORED (step=1 queued=2)
[  1933   36.545 x1.00] LOG  [Combat] Combo 2: 20 dmg
[  1933   36.545 x1.00] LOG  [ComboTrace] START step=2 state='Combo2' queued=1 target='OniBoss' at 3.0m
[  1933   36.545 x1.00] LOG  [ComboTrace] LAUNCH OniBoss at 1.7m dist=1.68m in 0.17s
[  1944   36.724 x1.00] LOG  [ComboTrace] LAUNCH RESULT wanted=1.68m actually moved=0.99m — completed
[  1945   36.739 x1.00] LOG  [Combat] Queued click #2 (combo 2)
[  1945   36.739 x1.00] LOG  [ComboTrace] QUEUED #2 during step 2
[  1960   36.965 x1.00] LOG  [ComboTrace] CLICK IGNORED (step=2 queued=2)
[  1974   37.178 x1.00] LOG  [ComboTrace] CLICK IGNORED (step=2 queued=2)
[  1975   37.195 x1.00] LOG  [OniBoss] Combo started: swing1-2 (2 steps remaining)
[  1975   37.195 x1.00] LOG  [OniBoss] Chase → Attack
[  1975   37.195 x1.00] LOG  [OniBoss] Attack: Club_Swing (16 dmg)
[  1975   37.195 x1.00] LOG  [OniBoss:Trail] Club_Swing trail START at clip 0.54 (transition done).
[  1986   37.373 x1.00] LOG  🐾🐾 VFX_TowPaw triggered!
[  1987   37.388 x1.00] LOG  [ComboTrace] CLICK IGNORED (step=2 queued=2)
[  1987   37.388 x1.00] LOG  OniBoss took 20 damage. HP: 250/500
[  1987   37.388 x1.00] LOG  [OniBoss] 🤕 Hit during Attack — flash only
[  1987   37.388 x1.00] LOG  [Combat] Hit OniBoss for 20
[  1987   37.388 x1.00] LOG  [CameraGameFeel] Shake: intensity=0.50 duration=0.200s
[  1987   37.388 x1.00] LOG  [CameraGameFeel] FOV punch: hit light (+1.5°)
[  1988   37.404 x1.00] LOG  [OniBoss] ⚡ PHASE 2 ACTIVATED
[  1988   37.404 x1.00] LOG  [OniBoss] Attack → Stagger
[  1988   37.404 x1.00] LOG  [OniBoss] Playing animation: Stagger
[  1988   37.404 x1.00] LOG  [OniBoss] STAGGERED for 2.5s
[  1988   37.404 x1.00] LOG  [OniBoss] STAGGERED (parry) for 3s
[  1988   37.404 x0.45] LOG  [Combat] Combat reset
[  1988   37.404 x0.45] LOG  [OniBoss:Cine] CINEMATIC ON — hard cut, bars in, world at x0.45, roar at x0.80 + 0.9s linger, rise at x0.45, beat frames 27-37/94 at x0.20, hang 2.0s, orbit 180°+180°, apex at clip 0.40.
[  1988   37.404 x0.45] LOG  [OniBoss:Layer] PHASE 2: transition 'Phase_Transition' driven at x0.60 + 0.6s hold — untouchable, roar at 0.60
[  1988   37.404 x0.45] LOG  [BossBar] Hiding bar INSTANTLY (cinematic)
[  1988   37.404 x0.45] LOG  [OniBoss:Layer] boss bar hidden (cinematic)
[  1988   37.404 x0.45] LOG  [OniBoss:Touch] Club_Swing: no touch this swing — closest 1.98m at clip 0.21, fastest tip 113m/s (radius 0.70, min speed 50).
[  1988   37.404 x0.45] LOG  [OniBoss:Strike] Club_Swing: club tip closest to Yoru at 6.49m, clip position 0.12 | damage fires at 0.42 | clip 0.84s => damage fires 252 ms AFTER the club is closest — it lands once the club has passed her
[  1989   37.426 x0.45] LOG  [OniBoss:Trail] trail END at clip 0.23, fading over 0.40s.
[  1989   37.426 x0.45] LOG  [OniBoss:Layer] PHASE 2: clip is 2.42s — cinematic: scream ~1.81s in + 0.9s linger
[  2108   39.225 x0.45] LOG  [CameraGameFeel] Shake: intensity=0.60 duration=0.500s
[  2108   39.225 x0.45] LOG  [OniBoss:Layer] PHASE 2: roar at 1.46 clip-s
[  2169   40.137 x0.45] LOG  [OniBoss:Layer] PHASE 2: transition over after 2.73s real — he is back, and angrier
[  2169   40.137 x0.45] LOG  [OniBoss:Layer] PHASE 2: chaining into the GROUND POUND — no pause. The cinematic rides along until the top of the jump.
[  2169   40.137 x0.45] LOG  [OniBoss] STAGGERED (parry) for 3s
[  2169   40.137 x0.45] LOG  [OniBoss:Layer] GROUND POUND (phase-2 entrance): driving 'Ground_Pound' at x1.00, slam at 0.60, cinematic until the apex at 0.40
[  2170   40.155 x0.45] LOG  [OniBoss:Layer] GROUND POUND: clip is 3.13s
[  2306   42.159 x0.45] LOG  [CameraGameFeel] Shake: intensity=0.90 duration=0.500s
[  2306   42.159 x0.45] LOG  [StormWeather] storm break released
[  2306   42.159 x0.45] LOG  [OniBoss:Cine] LIGHTNING BEAT — 'LightningOrbSoftYellow' on the club tip, storm break released.
[  2307   42.176 x0.20] LOG  [StormWeather] ⚡ strike at (487.23, 45.00, 438.14)
[  2307   42.176 x0.20] LOG  [StormWeather] PHASE 2 - storm breaking.
[  2530   45.836 x1.00] LOG  [OniBoss:Cine] the DROP at clip 0.40 (hung 2.0s) — full speed, the camera rides him DOWN.
[  2571   46.469 x1.00] LOG  [CameraGameFeel] FOV punch: hit light (+1.5°)
[  2571   46.469 x1.00] LOG  [StormWeather] storm break released
[  2571   46.469 x1.00] LOG  [OniBoss:Cine] CINEMATIC OFF (he LANDS at clip 0.60) — control returned, bars out, camera hands over in 0.30s. Frame-fit safety widened the lens up to 88° to keep him in view.
[  2571   46.469 x1.00] LOG  [CameraGameFeel] Shake: intensity=1.10 duration=0.800s
[  2571   46.469 x1.00] LOG  [OniBoss:Pound] SLAM at clip 0.60 (1.89 clip-s) — ring 12m/s out to 12m, 45 damage, jumpable.
[  2572   46.484 x1.00] LOG  [BossBar] Showing bar for: Oni (250/500)
[  2572   46.484 x1.00] LOG  [OniBoss:Layer] boss bar shown
[  2572   46.484 x1.00] LOG  [BossBar] Bar switched to phase 2
[  2572   46.484 x1.00] LOG  [OniBoss:Layer] boss bar → phase 2 crimson
[  2580   46.609 x1.00] LOG  [Combat] Hit react: HitReact_Heavy_2Leg (0.9s)
[  2580   46.609 x1.00] LOG  [HitReactTrace] asked for 'HitReact_Heavy_2Leg' (0.90s) — blend resolved after 0 ms, now playing a clip 1.00s long at speed 1.00, layer weight 1.00, animator.speed 1.00.
[  2580   46.609 x1.00] LOG  [CameraGameFeel] Shake: intensity=0.60 duration=0.200s
[  2580   46.609 x1.00] LOG  [CameraGameFeel] FOV punch: player damage (-3.0°)
[  2580   46.609 x1.00] LOG  [OniBoss:Pound] shockwave CAUGHT Yoru (grounded) at 2.3m for 45.
[  2651   47.710 x1.00] LOG  [OniBoss] Stagger → Chase
[  2651   47.710 x1.00] LOG  [OniBoss:Cine] first-attack GRACE — at least 2.0s before he may swing.
[  2651   47.710 x1.00] LOG  [OniBoss:Layer] GROUND POUND: done — the engine is his again.
[  2652   47.728 x1.00] LOG  [OniBoss] Playing animation: Watch
[  2780   49.717 x1.00] LOG  [OniBoss] Combo started: ClubSwing1 → ClubSwing2 → ClubSlam (3 steps remaining)
[  2780   49.717 x1.00] LOG  [OniBoss] Chase → Attack
[  2780   49.717 x1.00] LOG  [OniBoss] Attack: Club_Swing (16 dmg)
[  2780   49.717 x1.00] LOG  [OniBoss:Trail] Club_Swing trail START at clip 1.00 (transition done).
[  2800   50.033 x1.00] LOG  [CameraGameFeel] Shake: intensity=0.20 duration=0.250s
[  2800   50.033 x1.00] LOG  [Combat] Hit react: HitReact_Light_2Leg (0.5s)
[  2800   50.033 x1.00] LOG  [HitReactTrace] asked for 'HitReact_Light_2Leg' (0.50s) — blend resolved after 0 ms, now playing a clip 1.00s long at speed 1.00, layer weight 1.00, animator.speed 1.00.
[  2800   50.033 x1.00] LOG  [CameraGameFeel] Shake: intensity=0.30 duration=0.200s
[  2800   50.033 x1.00] LOG  [CameraGameFeel] FOV punch: player damage (-2.0°)
[  2800   50.033 x1.00] LOG  [OniBoss] Hit player for 16 (Club_Swing)
[  2800   50.033 x1.00] LOG  [OniBoss:Touch] Club_Swing: club TOUCHED Yoru at clip 0.38 — shaft 0.01m from her body line, tip speed 175m/s, ONE FRAME EARLY (predicted). Full club hit delivered this frame.
[  2804   50.097 x1.00] LOG  [OniBoss:ClubPos] Club_Swing at strike: club tip 3.05m up, 1.15m in front, -3.30m to his right (3.50m out from his centre). Club faces -111deg from his forward, pitch 0.41. (the ground wave is born 1.6m in front of him at 0.35m.)
[  2804   50.097 x1.00] LOG  [OniBoss:Layer] Club_Swing: club already hit — ground wave released as VISUAL only (0 damage).
[  2833   50.577 x1.00] LOG  [OniBoss] Attack → Recovery
[  2833   50.577 x1.00] LOG  [OniBoss] Playing animation: Watch
[  2833   50.577 x1.00] LOG  [OniBoss:Trail] trail END at clip 1.00, fading over 0.40s.
[  2833   50.577 x1.00] LOG  [OniBoss:Strike] Club_Swing: club tip closest to Yoru at 0.83m, clip position 0.91 | damage fires at 0.42 | clip 0.84s => damage fires 409 ms BEFORE the club is closest
[  2843   50.734 x1.00] LOG  [OniBoss] Recovery → Attack
[  2843   50.734 x1.00] LOG  [OniBoss] Attack: ClubSwing2 (16 dmg)
[  2843   50.734 x1.00] LOG  [OniBoss:Trail] ClubSwing2 trail START at clip 1.00 (transition still blending).
[  2865   51.072 x1.00] LOG  [CameraGameFeel] Shake: intensity=0.20 duration=0.250s
[  2865   51.072 x1.00] LOG  [Combat] Hit react: HitReact_Light_2Leg (0.5s)
[  2865   51.072 x1.00] LOG  [HitReactTrace] asked for 'HitReact_Light_2Leg' (0.50s) — blend resolved after 0 ms, now playing a clip 1.00s long at speed 1.00, layer weight 1.00, animator.speed 1.00.
[  2865   51.072 x1.00] LOG  [CameraGameFeel] Shake: intensity=0.30 duration=0.200s
[  2865   51.072 x1.00] LOG  [CameraGameFeel] FOV punch: player damage (-2.0°)
[  2865   51.072 x1.00] LOG  [OniBoss] Hit player for 20 (ClubSwing2) [combo x1.25]
[  2865   51.072 x1.00] LOG  [OniBoss:Touch] ClubSwing2: club TOUCHED Yoru at clip 0.29 — shaft 0.63m from her body line, tip speed 95m/s. Full club hit delivered this frame.
[  2869   51.132 x1.00] LOG  [OniBoss:ClubPos] ClubSwing2 at strike: club tip 0.36m up, 1.33m in front, 2.96m to his right (3.25m out from his centre). Club faces 32deg from his forward, pitch -0.89. (the ground wave is born 1.6m in front of him at 0.35m.)
[  2869   51.132 x1.00] LOG  [OniBoss:Layer] ClubSwing2: club already hit — ground wave released as VISUAL only (0 damage).
[  2902   51.648 x1.00] LOG  [StormWeather] terrain layers restored to dry values.
# end — 544 lines
