# Oni combat log — 2026-08-20 22:36:30
# Unity 6000.2.7f2 | scene 'CaveScene_Oni_Boss1' | platform OSXEditor
# columns: [frame realSeconds timeScale] KIND message      (KIND: LOG WARN ERR EXC TEL)
#
[     0    0.000 x1.00] LOG  [OniLog] console + telemetry → /Users/asenahazal/Documents/Yoru/OniLogs/oni_2026-08-20_22-36-30.log
[     1    0.000 x1.00] LOG  [TailAirShot4Leg] Ready. drawState=shoot_4Leg castParam=Shoot4LegSpeed (found) readyFrame=5 fireFrame=10 frames=24 slowBudget=3s real damageMultiplier=2.00
  arrow leaves: PlayerYoru_1.1/Cat_All_10_Tails_v4/Group/DeformationSystem/root/Root_M/Tail15_R/Tail151_R/Tail152_R/Tail153_R/Tail154_R/Tail155_R/Tail156_R/Tail157_R/Tail158_R/Tail159_R/Tail1510_R/Tail1511_R/Tail1512_R/Tail6_R/Tail6_R_end/Tail6_R_end_end/Tail6_R_end_end_end/RightTailTip_Anchor
  aim VFX left:  PlayerYoru_1.1/Cat_All_10_Tails_v4/Group/DeformationSystem/root/Root_M/Tail15_L/Tail151_L/Tail152_L/Tail153_L/Tail154_L/Tail155_L/Tail156_L/Tail157_L/Tail158_L/Tail159_L/Tail1510_L/Tail1511_L/Tail1512_L/Tail6_L/Tail6_L_end/Tail6_L_end_end/Tail6_L_end_end_end/LeftTailTip_Anchor/Glow_4Leg_L
  aim VFX right: PlayerYoru_1.1/Cat_All_10_Tails_v4/Group/DeformationSystem/root/Root_M/Tail15_R/Tail151_R/Tail152_R/Tail153_R/Tail154_R/Tail155_R/Tail156_R/Tail157_R/Tail158_R/Tail159_R/Tail1510_R/Tail1511_R/Tail1512_R/Tail6_R/Tail6_R_end/Tail6_R_end_end/Tail6_R_end_end_end/RightTailTip_Anchor/Glow_4Leg_R
[     1    0.000 x1.00] LOG  [TailAirShot] Ready. drawState=RightTail_Fast castParam=TailCastSpeed (found)
  arrow leaves: PlayerYoru_1.1/Cat_All_10_Tails_v4/Group/DeformationSystem/root/Root_M/Tail15_R/Tail151_R/Tail152_R/Tail153_R/Tail154_R/Tail155_R/Tail156_R/Tail157_R/Tail158_R/Tail159_R/Tail1510_R/Tail1511_R/Tail1512_R/Tail6_R/Tail6_R_end/Tail6_R_end_end/Tail6_R_end_end_end/RightTailTip_Anchor
  aim VFX: PlayerYoru_1.1/Cat_All_10_Tails_v4/Group/DeformationSystem/root/Root_M/Tail15_R/Tail151_R/Tail152_R/Tail153_R/Tail154_R/Tail155_R/Tail156_R/Tail157_R/Tail158_R/Tail159_R/Tail1510_R/Tail1511_R/Tail1512_R/Tail6_R/Tail6_R_end/Tail6_R_end_end/Tail6_R_end_end_end/RightTailTip_Anchor/vfx_Muzzle_Fireball01Blue
[     1    0.000 x1.00] LOG  [PlayerCombat] Phase 2 form gate CONNECTED (FormController found on this GameObject).
[     1    0.000 x1.00] LOG  [Combat] PlayerCombat initialized — Phase 3C v27
[     1    0.000 x1.00] LOG  [RingMesh] VFX Status:
[     1    0.000 x1.00] LOG    Left: Prefab=✓, Spawn=Tail6_L_end_end_end
[     1    0.000 x1.00] LOG    Right: Prefab=✓, Spawn=Tail6_R_end_end_end
[     1    0.000 x1.00] LOG  === VFX MANAGER INITIALIZED ===
[     1    0.000 x1.00] LOG  Auto-detect animations: False
[     1    0.000 x1.00] LOG  Parent effects to tail: True
[     1    0.000 x1.00] LOG  Prefabs: Jump=True, Land=True, LTail=True, RTail=True
[     1    0.000 x1.00] LOG  ✅ Left Tail Tip: LeftTailVFX
[     1    0.000 x1.00] LOG  ✅ Right Tail Tip: RightTailTip_Anchor
[     1    0.000 x1.00] LOG  [StormWeather] layer 'TerrainLayer_Dirt_01' dry smoothness=0.00 (restore to this if a crash ever leaves it wet)
[     1    0.000 x1.00] LOG  [StormWeather] Ready. Rain on, floor drying... wait, soaking.
[     1    0.000 x1.00] LOG  [FreezeDebug v3] Armed. Manual=L. Auto=True. Buffer=60 snaps @ 0.1s = 6.0s history.
[     1    0.000 x1.00] LOG  [BossBar] BossHealthBarUI initialized
[     1    0.000 x1.00] LOG  OniBoss initialized with 500 HP
[     1    0.000 x1.00] LOG  [OniBoss] ANIMATOR SETUP: cullingMode=CullUpdateTransforms updateMode=Normal applyRootMotion=False speed=1
[     1    0.000 x1.00] LOG  [OniBoss] Initialized
[     1    0.000 x1.00] LOG  [OniBoss:Layer] facing: minFlat 1m, snapOnAttack off, trackInHitReact off
[     1    0.000 x1.00] LOG  [OniBoss:Layer] Yoru launch model ON: launches ALL THE WAY to an enemy within 4.7m of its surface at 10m/s (stop gap 0.00m, NO minimum distance), else steps 0.90m forward. Targeting cone left exactly as her prefab has it.
[     1    0.000 x1.00] LOG  [OniBoss:Layer] Yoru launch ROUND 9: airborne attacks launch too (ON), edge probe now runs on its OWN layer mask (Everything) instead of the line-of-sight mask - the Ground-only mask found no floor in this cave and was cancelling 100% of launches at 0.00m travelled.
[     1    0.000 x1.00] LOG  [OniBoss:Layer] animator speed x1.35 — his 1.13s swing now plays in 0.84s.
[     1    0.000 x1.00] LOG  [OniBoss:Layer] chase speed pushed: phase1 4.5, phase2 5.5 (Yoru runs at 7).
[     1    0.000 x1.00] LOG  [OniBoss:Layer] swing wave ON: 8 dmg out to 5.5m in a 120deg arc, only when the club itself missed. VFX NOT SET — damage only. PlayerHealth found.
[     1    0.000 x1.00] LOG  [OniBoss:Layer] strike contact measurement ON — tracking 'Kanabo3' at depth 4.
[     1    0.000 x1.00] LOG  [OniBoss:Layer] skinned meshes: 46 renderer(s), updateWhenOffscreen ON, body renderer 'Body' rootBone 'Hips'
[     1    0.000 x1.00] LOG  [OniBoss:Layer] charge travel bone: 'Hips' at depth 1 under 'OniBoss', rest local (0.00, 3.24, -0.24)
[     1    0.000 x1.00] LOG  [OniBoss:Layer] charge drive ON (windup to 0.40 at x1.3, rush 14m/s stops at 2.6m, steers 0.35s then commits, strike section from 0.58, strike moment 0.76, trail VFX off)
[     1    0.000 x1.00] LOG  [OniBoss:Layer] attack armor ON (his swings are not interrupted by light/medium hits; heavy hits and rapid-hit bursts still stop him)
[     1    0.000 x1.00] LOG  [OniBoss:Layer] strike moments overridden: Club_Swing=0.55 ClubSwing2=0.32 ClubSlam=0.52 KanaboSweep=0.48
[     1    0.000 x1.00] LOG  [OniBoss:Layer] hold-ground ON (backstep 1.5m @ 1.6m/s after own attacks, watch 'Watch', attack facing LOCKED)
[     1    0.000 x1.00] LOG  [OniBoss:Layer] OniBoss layer ready (reactions, wake-on-hit, watch stance, boss bar). player=found
[     1    0.000 x1.00] WARN [OniBoss] animator state 'KanaboSweep' uses the SAME clip as 'Idle' — the sweep attack plays the idle pose. Drag the 'Oni Kanabo sweep' clip onto KanaboSweep's Motion field.
[     1    0.000 x1.00] LOG  [OniBoss:Layer] charge clip 'Oni Charge.fbx' imports with Root Motion Node = None (in place) — good.
[     1    0.000 x1.00] LOG  [OniBoss:Layer] clips importing with Root Transform Position (Y) NOT baked into pose (12): Oni_Alert(Oni Alert), Club_Slam(Oni Club Slam), Club_Swing(Oni Club Swing), Club_swing2(Oni Club Swing 2), Death(Oni Death Kneel), Hit_react_light(Oni Hit react lighter light), KanaboSweep(Oni Idle), Phase_Transition(Oni Phase transition), run(Oni Run), Walk(Oni Walk), Watch(Oni Watch), Idle(Oni Idle) — their hips' up/down motion is stripped (see round notes; optional).
[     1    0.000 x1.00] LOG  [VolumetricFogController] Found VolumetricFog component on mainCamera (1)
[     1    0.000 x1.00] LOG  [VolumetricFogController] Reflection init: density=True, height=True, baselineHeight=True, alpha=True, noiseStrength=True, lightScatteringExposure=True
[     1    0.000 x1.00] LOG  [VolumetricFogController] Initialized with Neutral preset (height=60, baselineHeight=0)
[     1    0.000 x1.00] WARN [VolumetricFogController] WorldStateManager not found!
[     1    0.000 x1.00] LOG  [CameraGameFeel] CameraGameFeel initialized (shake + FOV)
[     1    2.056 x1.00] LOG  [OniBoss] Playing animation: Idle
[    17    2.845 x1.00] LOG  💨 Landing VFX spawned!
[    17    2.845 x1.00] LOG  ✅ LANDED! (was jump #0)
[    87    3.920 x1.00] LOG  
==================== [FREEZE-DEBUG v3] ====================
  Reason : WASD-NOMOVE: WASD recent + speed 0.00m/s for 0.41s
  Time   : 1.362s   Frame: 87   Snaps: 13
===========================================================

--- CURRENT STATE ---
  Flags: atk=False hvy=False dod=False dsh=False
         grd=False hit=False aerial=False lockPos=False
         comboStep=0
  Anim : speed=1.00  combatLayer hash=-792875657 normT=1.347 weight=1.00 inTransition=False
  CC   : grounded=True  enabled=True  pos=(475.26, 1.26, 427.23)  vel=(0.00, 0.00, 0.00)
  Move : IsRunning=True
  Input: H=1.00 V=0.00  LMB=False MMB=False Q=False Sp=False Sh=True C=False
         WASD pressed in last 0.5s: True (last 0.00s ago)

--- FLIGHT RECORDER (13 snapshots, oldest first, dt=0.10s) ---
  Legend: flags = A(tk) H(vy) D(od) S(sh) G(rd) R(eact) Y(aerial) L(ock)   gnd/cc: Y/n
  t-now    flags     step gnd cc anSp normT layW tr | posX     posZ     spd   | H    V    LMB MMB Q  Sp Sh C
  ------   --------  ---- --- -- ---- ----- ---- -- | -----    -----    ----  | ---- ---- --- --- -- -- -- -
  - 1.36s  --------    0  n   Y  1.00  0.00 1.00 -  |   474.5    427.2  0.00 |  0.0  0.0 0   0   0  0  0  0
  - 1.24s  --------    0  n   Y  1.00  0.10 1.00 -  |   474.5    427.2  0.00 |  0.0  0.0 0   0   0  0  0  0
  - 1.14s  --------    0  n   Y  1.00  0.20 1.00 -  |   474.5    427.2  0.00 |  0.0  0.0 0   0   0  0  0  0
  - 1.04s  --------    0  Y   Y  1.00  0.30 1.00 -  |   474.5    427.2  0.00 |  0.0  0.0 0   0   0  0  0  0
  - 0.93s  --------    0  Y   Y  1.00  0.41 1.00 -  |   474.5    427.2  0.00 |  0.0  0.0 0   0   0  0  0  0
  - 0.82s  --------    0  Y   Y  1.00  0.53 1.00 -  |   474.5    427.2  0.00 |  0.0  0.0 0   0   0  0  0  0
  - 0.71s  --------    0  Y   Y  1.00  0.64 1.00 -  |   474.5    427.2  0.00 |  0.0  0.0 0   0   0  0  0  0
  - 0.60s  --------    0  Y   Y  1.00  0.75 1.00 -  |   474.5    427.2  0.00 |  0.0  0.0 0   0   0  0  0  0
  - 0.48s  --------    0  Y   Y  1.00  0.86 1.00 -  |   474.5    427.2  0.00 |  0.0  0.0 0   0   0  0  0  0
  - 0.38s  --------    0  Y   Y  1.00  0.97 1.00 -  |   474.5    427.2  0.00 |  1.0  0.0 0   0   0  0  0  0
  - 0.27s  --------    0  Y   Y  1.00  1.07 1.00 -  |   474.7    427.2  0.00 |  1.0  0.0 0   0   0  0  0  0
  - 0.17s  --------    0  Y   Y  1.00  1.18 1.00 -  |   474.9    427.2  0.00 |  1.0  0.0 0   0   0  0  0  0
  - 0.06s  --------    0  Y   Y  1.00  1.28 1.00 -  |   475.1    427.2  0.00 |  1.0  0.0 0   0   0  0  0  0
=========================================================== END

[   140    4.740 x1.00] LOG  🐾 4-LEG JUMP #0
[   140    4.740 x1.00] LOG  🐾 Jump 1 VFX spawned!
[   162    5.088 x1.00] LOG  [Combat] Dodge: Dodge_2Leg (3m, 2leg)
[   162    5.088 x1.00] LOG  [AirPosePin] engaged, holding body at 1.143m above the transform
[   207    5.773 x1.00] LOG  [DodgeTrace] 2leg flip: clip 0.67s, ran 0.70s, skipped 0.00s of wind-up, 3.0m — travel finished at 0.70s, leaving 0.00s of clip with nothing moving.
[   207    5.773 x1.00] LOG  [Combat] Dodge ended
[   207    5.773 x1.00] LOG  [AirPosePin] released, peak correction was 0.491m
[   215    5.895 x1.00] LOG  💨 Landing VFX spawned!
[   215    5.895 x1.00] LOG  ✅ LANDED! (was jump #1)
[   281    6.897 x1.00] LOG  🚶 2-LEG JUMP
[   281    6.897 x1.00] LOG  🐾 Jump 1 VFX spawned!
[   302    7.230 x1.00] LOG  [Combat] Dodge: Dodge_2Leg (3m, 2leg)
[   302    7.230 x1.00] LOG  [AirPosePin] engaged, holding body at 1.635m above the transform
[   343    7.861 x1.00] LOG  [AirPosePin] released, peak correction was 0.963m
[   344    7.877 x1.00] LOG  [AirPosePin] engaged, holding body at 0.656m above the transform
[   345    7.895 x1.00] LOG  [AirPosePin] released, peak correction was 0.000m
[   346    7.911 x1.00] LOG  [AirPosePin] engaged, holding body at 0.652m above the transform
[   347    7.928 x1.00] LOG  [DodgeTrace] 2leg flip: clip 0.67s, ran 0.71s, skipped 0.00s of wind-up, 3.0m — travel finished at 0.69s, leaving 0.02s of clip with nothing moving.
[   347    7.928 x1.00] LOG  [Combat] Dodge ended
[   347    7.928 x1.00] LOG  [AirPosePin] released, peak correction was 0.000m
[   348    7.945 x1.00] LOG  ✅ LANDED! (was jump #0)
[   401    8.746 x1.00] LOG  🚶 2-LEG JUMP
[   401    8.746 x1.00] LOG  🐾 Jump 1 VFX spawned!
[   420    9.041 x1.00] LOG  [Combat] Dodge: Dodge_2Leg (3m, 2leg)
[   420    9.041 x1.00] LOG  [AirPosePin] engaged, holding body at 1.457m above the transform
[   465    9.728 x1.00] LOG  [DodgeTrace] 2leg flip: clip 0.67s, ran 0.70s, skipped 0.00s of wind-up, 3.0m — travel finished at 0.70s, leaving 0.00s of clip with nothing moving.
[   465    9.728 x1.00] LOG  [Combat] Dodge ended
[   465    9.728 x1.00] LOG  [AirPosePin] released, peak correction was 0.805m
[   479    9.950 x1.00] LOG  💨 Landing VFX spawned!
[   479    9.950 x1.00] LOG  ✅ LANDED! (was jump #1)
[   585   11.555 x1.00] LOG  
==================== [FREEZE-DEBUG v3] ====================
  Reason : WASD-NOMOVE: WASD recent + speed 0.00m/s for 0.41s
  Time   : 8.998s   Frame: 585   Snaps: 60
===========================================================

--- CURRENT STATE ---
  Flags: atk=False hvy=False dod=False dsh=False
         grd=False hit=False aerial=False lockPos=False
         comboStep=0
  Anim : speed=1.00  combatLayer hash=-792875657 normT=1.810 weight=1.00 inTransition=False
  CC   : grounded=True  enabled=True  pos=(490.92, -0.02, 427.23)  vel=(0.00, 0.00, 0.00)
  Move : IsRunning=True
  Input: H=-1.00 V=0.00  LMB=False MMB=False Q=False Sp=False Sh=True C=False
         WASD pressed in last 0.5s: True (last 0.00s ago)

--- FLIGHT RECORDER (60 snapshots, oldest first, dt=0.10s) ---
  Legend: flags = A(tk) H(vy) D(od) S(sh) G(rd) R(eact) Y(aerial) L(ock)   gnd/cc: Y/n
  t-now    flags     step gnd cc anSp normT layW tr | posX     posZ     spd   | H    V    LMB MMB Q  Sp Sh C
  ------   --------  ---- --- -- ---- ----- ---- -- | -----    -----    ----  | ---- ---- --- --- -- -- -- -
  - 6.40s  --D-----    0  n   Y  1.00  2.58 1.00 T  |   482.8    427.2  4.42 |  0.0  0.0 0   0   0  0  0  1
  - 6.30s  --D-----    0  n   Y  1.00  0.24 1.00 -  |   483.4    427.2  5.23 |  0.0  0.0 0   0   0  0  0  0
  - 6.19s  --D-----    0  n   Y  1.00  0.40 1.00 -  |   483.9    427.2  4.87 |  0.0  0.0 0   0   0  0  0  0
  - 6.08s  --D-----    0  n   Y  1.00  0.56 1.00 -  |   484.4    427.2  5.05 |  0.0  0.0 0   0   0  0  0  0
  - 5.98s  --D-----    0  n   Y  1.00  0.71 1.00 -  |   484.9    427.2  4.29 |  0.0  0.0 0   0   0  0  0  0
  - 5.88s  --D-----    0  n   Y  1.00  0.87 1.00 -  |   485.3    427.2  2.73 |  0.0  0.0 0   0   0  0  0  0
  - 5.77s  --------    0  n   Y  1.00  1.03 1.00 T  |   485.7    427.2  0.00 |  0.0  0.0 0   0   0  0  0  0
  - 5.66s  --------    0  Y   Y  1.00  1.18 1.00 T  |   485.9    427.2  0.00 |  0.0  0.0 0   0   0  0  0  0
  - 5.55s  --------    0  Y   Y  1.00  1.35 1.00 T  |   485.9    427.2  0.00 |  0.0  0.0 0   0   0  0  0  0
  - 5.45s  --------    0  Y   Y  1.00  0.32 1.00 -  |   485.9    427.2  0.00 |  0.0  0.0 0   0   0  0  0  0
  - 5.34s  --------    0  Y   Y  1.00  0.43 1.00 -  |   485.9    427.2  0.00 |  0.0  0.0 0   0   0  0  0  0
  - 5.24s  --------    0  Y   Y  1.00  0.53 1.00 -  |   485.9    427.2  0.00 |  0.0  0.0 0   0   0  0  0  0
  - 5.13s  --------    0  Y   Y  1.00  0.64 1.00 -  |   485.9    427.2  0.00 |  0.0  0.0 0   0   0  0  0  0
  - 5.02s  --------    0  Y   Y  1.00  0.75 1.00 -  |   485.9    427.2  0.00 |  0.0  0.0 0   0   0  0  0  0
  - 4.92s  --------    0  Y   Y  1.00  0.85 1.00 -  |   485.9    427.2  0.00 |  0.0  0.0 0   0   0  0  0  0
  - 4.81s  --------    0  Y   Y  1.00  0.95 1.00 -  |   485.9    427.2  0.00 |  0.0  0.0 0   0   0  0  0  0
  - 4.70s  --------    0  Y   Y  1.00  1.06 1.00 -  |   485.9    427.2  0.00 |  0.0  0.0 0   0   0  0  0  0
  - 4.60s  --------    0  n   Y  1.00  1.17 1.00 -  |   485.9    427.2  0.00 |  0.0  0.0 0   0   0  1  0  0
  - 4.48s  --------    0  n   Y  1.00  1.29 1.00 -  |   485.9    427.2  0.00 |  0.0  0.0 0   0   0  0  0  0
  - 4.37s  --------    0  n   Y  1.00  1.40 1.00 -  |   486.0    427.2  0.00 |  0.0  0.0 0   0   0  0  0  0
  - 4.26s  --D-----    0  n   Y  1.00  1.51 1.00 T  |   486.2    427.2  4.24 |  0.0  0.0 0   0   0  0  0  1
  - 4.15s  --D-----    0  n   Y  1.00  0.24 1.00 -  |   486.8    427.2  5.59 |  0.0  0.0 0   0   0  0  0  0
  - 4.04s  --D-----    0  n   Y  1.00  0.40 1.00 -  |   487.3    427.2  4.62 |  0.0  0.0 0   0   0  0  0  0
  - 3.93s  --D-----    0  n   Y  1.00  0.56 1.00 -  |   487.8    427.2  4.39 |  0.0  0.0 0   0   0  0  0  0
  - 3.83s  --D-----    0  n   Y  1.00  0.72 1.00 -  |   488.3    427.2  4.86 |  0.0  0.0 0   0   0  0  0  0
  - 3.72s  --D-----    0  n   Y  1.00  0.88 1.00 -  |   488.8    427.2  4.11 |  0.0  0.0 0   0   0  0  0  0
  - 3.61s  --------    0  Y   Y  1.00  1.05 1.00 T  |   489.1    427.2  0.00 |  0.0  0.0 0   0   0  0  0  0
  - 3.50s  --------    0  Y   Y  1.00  1.21 1.00 T  |   489.1    427.2  0.00 |  0.0  0.0 0   0   0  0  0  0
  - 3.39s  --------    0  Y   Y  1.00  1.38 1.00 T  |   489.1    427.2  0.00 |  0.0  0.0 0   0   0  0  0  0
  - 3.29s  --------    0  Y   Y  1.00  0.33 1.00 -  |   489.1    427.2  0.00 |  0.0  0.0 0   0   0  0  0  0
  - 3.19s  --------    0  Y   Y  1.00  0.43 1.00 -  |   489.1    427.2  0.00 |  0.0  0.0 0   0   0  0  0  0
  - 3.08s  --------    0  Y   Y  1.00  0.53 1.00 -  |   489.1    427.2  0.00 |  0.0  0.0 0   0   0  0  0  0
  - 2.97s  --------    0  Y   Y  1.00  0.64 1.00 -  |   489.1    427.2  0.00 |  0.0  0.0 0   0   0  0  0  0
  - 2.85s  --------    0  Y   Y  1.00  0.76 1.00 -  |   489.1    427.2  0.00 |  0.0  0.0 0   0   0  0  0  0
  - 2.74s  --------    0  n   Y  1.00  0.87 1.00 -  |   489.1    427.2  0.00 |  0.0  0.0 0   0   0  1  0  0
  - 2.63s  --------    0  n   Y  1.00  0.98 1.00 -  |   489.1    427.2  0.00 |  0.0  0.0 0   0   0  0  0  0
  - 2.53s  --------    0  n   Y  1.00  1.08 1.00 -  |   489.2    427.2  0.00 |  0.0  0.0 0   0   0  0  0  0
  - 2.42s  --D-----    0  n   Y  1.00  1.19 1.00 T  |   489.6    427.2  6.29 |  0.0  0.0 0   0   0  0  0  1
  - 2.31s  --D-----    0  n   Y  1.00  0.28 1.00 -  |   490.2    427.2  5.36 |  0.0  0.0 0   0   0  0  0  0
  - 2.21s  --D-----    0  n   Y  1.00  0.44 1.00 -  |   490.7    427.2  4.48 |  0.0  0.0 0   0   0  0  0  0
  - 2.11s  --D-----    0  n   Y  1.00  0.59 1.00 -  |   491.1    427.2  4.33 |  0.0  0.0 0   0   0  0  0  0
  - 2.00s  --D-----    0  n   Y  1.00  0.75 1.00 -  |   491.6    427.2  5.02 |  0.0  0.0 0   0   0  0  0  0
  - 1.89s  --D-----    0  n   Y  1.00  0.91 1.00 -  |   492.0    427.2  3.13 |  0.0  0.0 0   0   0  0  0  0
  - 1.78s  --------    0  n   Y  1.00  1.08 1.00 T  |   492.3    427.2  0.00 |  0.0  0.0 0   0   0  0  0  0
  - 1.67s  --------    0  n   Y  1.00  1.24 1.00 T  |   492.5    427.2  0.00 |  0.0  0.0 0   0   0  0  0  0
  - 1.56s  --------    0  Y   Y  1.00  0.26 1.00 -  |   492.6    427.2  0.00 |  0.0  0.0 0   0   0  0  0  0
  - 1.45s  --------    0  Y   Y  1.00  0.36 1.00 -  |   492.6    427.2  0.00 |  0.0  0.0 0   0   0  0  0  0
  - 1.35s  --------    0  Y   Y  1.00  0.47 1.00 -  |   492.6    427.2  0.00 |  0.0  0.0 0   0   0  0  0  0
  - 1.24s  --------    0  Y   Y  1.00  0.57 1.00 -  |   492.6    427.2  0.00 |  0.0  0.0 0   0   0  0  0  0
  - 1.14s  --------    0  Y   Y  1.00  0.67 1.00 -  |   492.6    427.2  0.00 |  0.0  0.0 0   0   0  0  0  0
  - 1.02s  --------    0  Y   Y  1.00  0.79 1.00 -  |   492.6    427.2  0.00 |  0.0  0.0 0   0   0  0  0  0
  - 0.92s  --------    0  Y   Y  1.00  0.89 1.00 -  |   492.6    427.2  0.00 |  0.0  0.0 0   0   0  0  0  0
  - 0.81s  --------    0  Y   Y  1.00  1.00 1.00 -  |   492.6    427.2  0.00 |  0.0  0.0 0   0   0  0  0  0
  - 0.69s  --------    0  Y   Y  1.00  1.12 1.00 -  |   492.6    427.2  0.00 |  0.0  0.0 0   0   0  0  0  0
  - 0.58s  --------    0  Y   Y  1.00  1.23 1.00 -  |   492.6    427.2  0.00 |  0.0  0.0 0   0   0  0  0  0
  - 0.48s  --------    0  Y   Y  1.00  1.33 1.00 -  |   492.6    427.2  0.00 |  0.0  0.0 0   0   0  0  0  0
  - 0.37s  --------    0  Y   Y  1.00  1.44 1.00 -  |   492.6    427.2  0.00 | -1.0  0.0 0   0   0  0  0  0
  - 0.26s  --------    0  Y   Y  1.00  1.55 1.00 -  |   492.4    427.2  0.00 | -1.0  0.0 0   0   0  0  0  0
  - 0.16s  --------    0  Y   Y  1.00  1.65 1.00 -  |   492.0    427.2  0.00 | -1.0  0.0 0   0   0  0  1  0
  - 0.05s  --------    0  Y   Y  1.00  1.77 1.00 -  |   491.2    427.2  0.00 | -1.0  0.0 0   0   0  0  1  0
=========================================================== END

[   618   12.068 x1.00] LOG  🐾 4-LEG JUMP #0
[   618   12.068 x1.00] LOG  🐾 Jump 1 VFX spawned!
[   642   12.443 x1.00] LOG  🐾 4-LEG JUMP #1
[   642   12.443 x1.00] LOG  🐾 Jump 2 VFX spawned!
[   660   12.722 x1.00] LOG  [Combat] Dodge: Dodge_4Leg (4m, 4leg)
[   660   12.722 x1.00] LOG  [AirPosePin] engaged, holding body at 0.719m above the transform
[   694   13.241 x1.00] LOG  [Combat] Dodge early exit at 86% (movement input)
[   694   13.241 x1.00] LOG  [DodgeTrace] 4leg flip: clip 0.80s, ran 0.53s, skipped 0.18s of wind-up, 4.0m — travel never completed (cut short).
[   694   13.241 x1.00] LOG  [Combat] Dodge ended
[   694   13.241 x1.00] LOG  [AirPosePin] released, peak correction was -1.294m
[   705   13.408 x1.00] LOG  💨 Landing VFX spawned!
[   705   13.408 x1.00] LOG  ✅ LANDED! (was jump #2)
[   722   13.672 x1.00] LOG  🐾 4-LEG JUMP #0
[   722   13.672 x1.00] LOG  🐾 Jump 1 VFX spawned!
[   741   13.981 x1.00] LOG  [Combat] Dodge: Dodge_4Leg (4m, 4leg)
[   741   13.981 x1.00] LOG  [AirPosePin] engaged, holding body at 0.895m above the transform
[   775   14.512 x1.00] LOG  [Combat] Dodge early exit at 87% (movement input)
[   775   14.512 x1.00] LOG  [DodgeTrace] 4leg flip: clip 0.80s, ran 0.55s, skipped 0.18s of wind-up, 4.0m — travel never completed (cut short).
[   775   14.512 x1.00] LOG  [Combat] Dodge ended
[   775   14.512 x1.00] LOG  [AirPosePin] released, peak correction was -1.081m
[   786   14.681 x1.00] LOG  💨 Landing VFX spawned!
[   786   14.681 x1.00] LOG  ✅ LANDED! (was jump #1)
[   948   17.162 x1.00] LOG  
==================== [FREEZE-DEBUG v3] ====================
  Reason : WASD-NOMOVE: WASD recent + speed 0.00m/s for 0.40s
  Time   : 14.604s   Frame: 948   Snaps: 60
===========================================================

--- CURRENT STATE ---
  Flags: atk=False hvy=False dod=False dsh=False
         grd=False hit=False aerial=False lockPos=False
         comboStep=0
  Anim : speed=1.00  combatLayer hash=-792875657 normT=2.635 weight=1.00 inTransition=False
  CC   : grounded=True  enabled=True  pos=(470.40, 0.17, 426.94)  vel=(0.00, -0.13, 0.00)
  Move : IsRunning=True
  Input: H=0.00 V=1.00  LMB=False MMB=False Q=False Sp=False Sh=True C=False
         WASD pressed in last 0.5s: True (last 0.00s ago)

--- FLIGHT RECORDER (60 snapshots, oldest first, dt=0.10s) ---
  Legend: flags = A(tk) H(vy) D(od) S(sh) G(rd) R(eact) Y(aerial) L(ock)   gnd/cc: Y/n
  t-now    flags     step gnd cc anSp normT layW tr | posX     posZ     spd   | H    V    LMB MMB Q  Sp Sh C
  ------   --------  ---- --- -- ---- ----- ---- -- | -----    -----    ----  | ---- ---- --- --- -- -- -- -
  - 6.42s  --------    0  Y   Y  1.00  1.00 1.00 -  |   492.6    427.2  0.00 |  0.0  0.0 0   0   0  0  0  0
  - 6.30s  --------    0  Y   Y  1.00  1.12 1.00 -  |   492.6    427.2  0.00 |  0.0  0.0 0   0   0  0  0  0
  - 6.19s  --------    0  Y   Y  1.00  1.23 1.00 -  |   492.6    427.2  0.00 |  0.0  0.0 0   0   0  0  0  0
  - 6.08s  --------    0  Y   Y  1.00  1.33 1.00 -  |   492.6    427.2  0.00 |  0.0  0.0 0   0   0  0  0  0
  - 5.97s  --------    0  Y   Y  1.00  1.44 1.00 -  |   492.6    427.2  0.00 | -1.0  0.0 0   0   0  0  0  0
  - 5.87s  --------    0  Y   Y  1.00  1.55 1.00 -  |   492.4    427.2  0.00 | -1.0  0.0 0   0   0  0  0  0
  - 5.76s  --------    0  Y   Y  1.00  1.65 1.00 -  |   492.0    427.2  0.00 | -1.0  0.0 0   0   0  0  1  0
  - 5.65s  --------    0  Y   Y  1.00  1.77 1.00 -  |   491.2    427.2  0.00 | -1.0  0.0 0   0   0  0  1  0
  - 5.54s  --------    0  Y   Y  1.00  1.87 1.00 -  |   490.5    427.2  0.00 | -1.0  0.0 0   0   0  0  1  0
  - 5.43s  --------    0  Y   Y  1.00  1.98 1.00 -  |   489.7    427.2  0.00 | -1.0  0.0 0   0   0  0  1  0
  - 5.32s  --------    0  Y   Y  1.00  2.10 1.00 -  |   488.8    427.2  0.00 | -1.0  0.0 0   0   0  0  1  0
  - 5.22s  --------    0  Y   Y  1.00  2.20 1.00 -  |   488.1    427.2  0.00 | -1.0  0.0 0   0   0  0  1  0
  - 5.11s  --------    0  Y   Y  1.00  2.31 1.00 -  |   487.4    427.2  0.00 | -1.0  0.0 0   0   0  0  1  0
  - 5.00s  --------    0  n   Y  1.00  2.42 1.00 -  |   486.8    427.2  0.00 | -1.0  0.0 0   0   0  1  1  0
  - 4.89s  --------    0  n   Y  1.00  2.53 1.00 -  |   486.3    427.2  0.00 | -1.0  0.0 0   0   0  0  1  0
  - 4.78s  --------    0  n   Y  1.00  2.64 1.00 -  |   485.8    427.2  0.00 | -1.0  0.0 0   0   0  0  1  0
  - 4.67s  --------    0  n   Y  1.00  2.75 1.00 -  |   485.3    427.2  0.00 | -1.0  0.0 0   0   0  1  1  0
  - 4.56s  --------    0  n   Y  1.00  2.86 1.00 -  |   484.8    427.2  0.00 | -1.0  0.0 0   0   0  0  1  0
  - 4.45s  --------    0  n   Y  1.00  2.97 1.00 -  |   484.4    427.2  0.00 | -1.0  0.0 0   0   0  0  1  0
  - 4.35s  --D-----    0  n   Y  1.00  3.07 1.00 T  |   483.5    427.1  12.44 | -1.0  0.0 0   0   0  0  1  1
  - 4.24s  --D-----    0  n   Y  1.00  0.45 1.00 -  |   482.4    427.0  11.11 | -1.0  0.0 0   0   0  0  1  0
  - 4.13s  --D-----    0  n   Y  1.00  0.59 1.00 -  |   481.5    426.8  8.68 | -1.0  0.0 0   0   0  0  1  0
  - 4.02s  --D-----    0  n   Y  1.00  0.73 1.00 -  |   480.9    426.7  4.96 | -1.0  0.0 0   0   0  0  1  0
  - 3.90s  --------    0  n   Y  1.00  0.87 1.00 T  |   480.4    426.7  0.00 | -1.0  0.0 0   0   0  0  1  0
  - 3.80s  --------    0  n   Y  1.00  1.01 1.00 T  |   480.0    426.7  0.00 | -1.0  0.0 0   0   0  0  1  0
  - 3.69s  --------    0  Y   Y  1.00  1.14 1.00 T  |   479.5    426.7  0.00 | -1.0  0.0 0   0   0  0  1  0
  - 3.58s  --------    0  Y   Y  1.00  0.32 1.00 -  |   478.6    426.7  0.00 | -1.0  0.0 0   0   0  0  1  0
  - 3.47s  --------    0  n   Y  1.00  0.43 1.00 -  |   477.9    426.7  0.00 | -1.0  0.0 0   0   0  1  1  0
  - 3.36s  --------    0  n   Y  1.00  0.55 1.00 -  |   477.4    426.7  0.00 | -1.0  0.0 0   0   0  1  1  0
  - 3.25s  --------    0  n   Y  1.00  0.65 1.00 -  |   476.9    426.7  0.00 | -1.0  0.0 0   0   0  0  1  0
  - 3.15s  --D-----    0  n   Y  1.00  0.76 1.00 T  |   476.6    426.7  0.00 | -1.0  0.0 0   0   0  0  1  1
  - 3.03s  --D-----    0  n   Y  1.00  0.39 1.00 -  |   475.3    426.4  12.65 | -1.0  0.0 0   0   0  0  1  0
  - 2.92s  --D-----    0  n   Y  1.00  0.53 1.00 -  |   474.2    426.3  7.55 | -1.0  0.0 0   0   0  0  1  0
  - 2.81s  --D-----    0  n   Y  1.00  0.66 1.00 -  |   473.5    426.1  6.26 | -1.0  0.0 0   0   0  0  1  0
  - 2.71s  --D-----    0  n   Y  1.00  0.79 1.00 -  |   473.0    426.1  3.42 | -1.0  0.0 0   0   0  0  1  0
  - 2.60s  --------    0  n   Y  1.00  0.93 1.00 T  |   472.6    426.0  0.00 | -1.0  0.0 0   0   0  0  1  0
  - 2.49s  --------    0  n   Y  1.00  1.06 1.00 T  |   472.3    426.0  0.00 |  0.0  0.0 0   0   0  0  1  0
  - 2.39s  --------    0  Y   Y  1.00  0.25 1.00 -  |   471.7    426.0  0.00 |  0.0  0.0 0   0   0  0  1  0
  - 2.27s  --------    0  Y   Y  1.00  0.36 1.00 -  |   470.8    426.0  0.00 |  0.0  0.0 0   0   0  0  1  0
  - 2.17s  --------    0  Y   Y  1.00  0.47 1.00 -  |   470.4    426.0  0.00 |  0.0  0.0 0   0   0  0  1  0
  - 2.06s  --------    0  Y   Y  1.00  0.57 1.00 -  |   470.4    426.0  0.00 |  0.0  0.0 0   0   0  0  1  0
  - 1.95s  --------    0  Y   Y  1.00  0.68 1.00 -  |   470.4    426.0  0.00 |  0.0  0.0 0   0   0  0  1  0
  - 1.85s  --------    0  Y   Y  1.00  0.78 1.00 -  |   470.4    426.0  0.00 |  0.0  0.0 0   0   0  0  0  0
  - 1.75s  --------    0  Y   Y  1.00  0.89 1.00 -  |   470.4    426.0  0.00 |  0.0  0.0 0   0   0  0  0  0
  - 1.63s  --------    0  Y   Y  1.00  1.00 1.00 -  |   470.4    426.0  0.00 |  0.0  0.0 0   0   0  0  0  0
  - 1.53s  --------    0  Y   Y  1.00  1.10 1.00 -  |   470.4    426.0  0.00 |  0.0  0.0 0   0   0  0  0  0
  - 1.42s  --------    0  Y   Y  1.00  1.21 1.00 -  |   470.4    426.0  0.00 |  0.0  0.0 0   0   0  0  0  0
  - 1.31s  --------    0  Y   Y  1.00  1.32 1.00 -  |   470.4    426.0  0.00 |  0.0  0.0 0   0   0  0  0  0
  - 1.20s  --------    0  Y   Y  1.00  1.43 1.00 -  |   470.4    426.0  0.00 |  0.0  0.0 0   0   0  0  0  0
  - 1.09s  --------    0  Y   Y  1.00  1.54 1.00 -  |   470.4    426.0  0.00 |  0.0  0.0 0   0   0  0  0  0
  - 0.99s  --------    0  Y   Y  1.00  1.64 1.00 -  |   470.4    426.0  0.00 |  0.0  0.0 0   0   0  0  0  0
  - 0.89s  --------    0  Y   Y  1.00  1.75 1.00 -  |   470.4    426.0  0.00 |  0.0  0.0 0   0   0  0  0  0
  - 0.78s  --------    0  Y   Y  1.00  1.85 1.00 -  |   470.4    426.0  0.00 |  0.0  0.0 0   0   0  0  0  0
  - 0.67s  --------    0  Y   Y  1.00  1.96 1.00 -  |   470.4    426.0  0.00 |  0.0  0.0 0   0   0  0  0  0
  - 0.57s  --------    0  Y   Y  1.00  2.07 1.00 -  |   470.4    426.0  0.00 |  0.0  0.0 0   0   0  0  0  0
  - 0.46s  --------    0  Y   Y  1.00  2.17 1.00 -  |   470.4    426.0  0.00 |  0.0  0.0 0   0   0  0  0  0
  - 0.36s  --------    0  Y   Y  1.00  2.28 1.00 -  |   470.4    426.0  0.00 |  0.0  1.0 0   0   0  0  0  0
  - 0.25s  --------    0  Y   Y  1.00  2.38 1.00 -  |   470.4    426.2  0.00 |  0.0  1.0 0   0   0  0  0  0
  - 0.15s  --------    0  Y   Y  1.00  2.49 1.00 -  |   470.4    426.4  0.00 |  0.0  1.0 0   0   0  0  0  0
  - 0.04s  --------    0  Y   Y  1.00  2.59 1.00 -  |   470.4    426.7  0.00 |  0.0  1.0 0   0   0  0  0  0
=========================================================== END

[  1106   19.652 x1.00] LOG  [OniBoss:Layer] watch stance ON (player 14.9m)
[  1209   21.253 x1.00] LOG  
==================== [FREEZE-DEBUG v3] ====================
  Reason : WASD-NOMOVE: WASD recent + speed 0.00m/s for 0.40s
  Time   : 18.695s   Frame: 1209   Snaps: 60
===========================================================

--- CURRENT STATE ---
  Flags: atk=False hvy=False dod=False dsh=False
         grd=False hit=False aerial=False lockPos=False
         comboStep=0
  Anim : speed=1.00  combatLayer hash=-792875657 normT=6.726 weight=1.00 inTransition=False
  CC   : grounded=True  enabled=True  pos=(479.69, -0.02, 448.61)  vel=(0.00, 0.00, 0.00)
  Move : IsRunning=True
  Input: H=0.00 V=1.00  LMB=False MMB=False Q=False Sp=False Sh=True C=False
         WASD pressed in last 0.5s: True (last 0.00s ago)

--- FLIGHT RECORDER (60 snapshots, oldest first, dt=0.10s) ---
  Legend: flags = A(tk) H(vy) D(od) S(sh) G(rd) R(eact) Y(aerial) L(ock)   gnd/cc: Y/n
  t-now    flags     step gnd cc anSp normT layW tr | posX     posZ     spd   | H    V    LMB MMB Q  Sp Sh C
  ------   --------  ---- --- -- ---- ----- ---- -- | -----    -----    ----  | ---- ---- --- --- -- -- -- -
  - 6.37s  --------    0  Y   Y  1.00  0.36 1.00 -  |   470.8    426.0  0.00 |  0.0  0.0 0   0   0  0  1  0
  - 6.26s  --------    0  Y   Y  1.00  0.47 1.00 -  |   470.4    426.0  0.00 |  0.0  0.0 0   0   0  0  1  0
  - 6.16s  --------    0  Y   Y  1.00  0.57 1.00 -  |   470.4    426.0  0.00 |  0.0  0.0 0   0   0  0  1  0
  - 6.05s  --------    0  Y   Y  1.00  0.68 1.00 -  |   470.4    426.0  0.00 |  0.0  0.0 0   0   0  0  1  0
  - 5.94s  --------    0  Y   Y  1.00  0.78 1.00 -  |   470.4    426.0  0.00 |  0.0  0.0 0   0   0  0  0  0
  - 5.84s  --------    0  Y   Y  1.00  0.89 1.00 -  |   470.4    426.0  0.00 |  0.0  0.0 0   0   0  0  0  0
  - 5.73s  --------    0  Y   Y  1.00  1.00 1.00 -  |   470.4    426.0  0.00 |  0.0  0.0 0   0   0  0  0  0
  - 5.62s  --------    0  Y   Y  1.00  1.10 1.00 -  |   470.4    426.0  0.00 |  0.0  0.0 0   0   0  0  0  0
  - 5.52s  --------    0  Y   Y  1.00  1.21 1.00 -  |   470.4    426.0  0.00 |  0.0  0.0 0   0   0  0  0  0
  - 5.40s  --------    0  Y   Y  1.00  1.32 1.00 -  |   470.4    426.0  0.00 |  0.0  0.0 0   0   0  0  0  0
  - 5.29s  --------    0  Y   Y  1.00  1.43 1.00 -  |   470.4    426.0  0.00 |  0.0  0.0 0   0   0  0  0  0
  - 5.18s  --------    0  Y   Y  1.00  1.54 1.00 -  |   470.4    426.0  0.00 |  0.0  0.0 0   0   0  0  0  0
  - 5.08s  --------    0  Y   Y  1.00  1.64 1.00 -  |   470.4    426.0  0.00 |  0.0  0.0 0   0   0  0  0  0
  - 4.98s  --------    0  Y   Y  1.00  1.75 1.00 -  |   470.4    426.0  0.00 |  0.0  0.0 0   0   0  0  0  0
  - 4.87s  --------    0  Y   Y  1.00  1.85 1.00 -  |   470.4    426.0  0.00 |  0.0  0.0 0   0   0  0  0  0
  - 4.77s  --------    0  Y   Y  1.00  1.96 1.00 -  |   470.4    426.0  0.00 |  0.0  0.0 0   0   0  0  0  0
  - 4.66s  --------    0  Y   Y  1.00  2.07 1.00 -  |   470.4    426.0  0.00 |  0.0  0.0 0   0   0  0  0  0
  - 4.56s  --------    0  Y   Y  1.00  2.17 1.00 -  |   470.4    426.0  0.00 |  0.0  0.0 0   0   0  0  0  0
  - 4.45s  --------    0  Y   Y  1.00  2.28 1.00 -  |   470.4    426.0  0.00 |  0.0  1.0 0   0   0  0  0  0
  - 4.34s  --------    0  Y   Y  1.00  2.38 1.00 -  |   470.4    426.2  0.00 |  0.0  1.0 0   0   0  0  0  0
  - 4.24s  --------    0  Y   Y  1.00  2.49 1.00 -  |   470.4    426.4  0.00 |  0.0  1.0 0   0   0  0  0  0
  - 4.13s  --------    0  Y   Y  1.00  2.59 1.00 -  |   470.4    426.7  0.00 |  0.0  1.0 0   0   0  0  0  0
  - 4.02s  --------    0  Y   Y  1.00  2.70 1.00 -  |   470.4    427.4  0.00 |  0.0  1.0 0   0   0  0  1  0
  - 3.92s  --------    0  Y   Y  1.00  2.81 1.00 -  |   470.4    428.1  0.00 |  0.0  1.0 0   0   0  0  1  0
  - 3.81s  --------    0  Y   Y  1.00  2.91 1.00 -  |   470.4    428.9  0.00 |  0.0  1.0 0   0   0  0  1  0
  - 3.70s  --------    0  Y   Y  1.00  3.03 1.00 -  |   470.4    429.6  0.00 |  0.0  1.0 0   0   0  0  1  0
  - 3.59s  --------    0  Y   Y  1.00  3.13 1.00 -  |   470.4    430.4  0.00 |  0.0  1.0 0   0   0  0  1  0
  - 3.48s  --------    0  Y   Y  1.00  3.25 1.00 -  |   470.5    431.1  0.00 |  1.0  1.0 0   0   0  0  1  0
  - 3.38s  --------    0  Y   Y  1.00  3.35 1.00 -  |   470.8    431.9  0.00 |  1.0  1.0 0   0   0  0  1  0
  - 3.27s  --------    0  Y   Y  1.00  3.45 1.00 -  |   471.2    432.5  0.00 |  1.0  1.0 0   0   0  0  1  0
  - 3.17s  --------    0  Y   Y  1.00  3.56 1.00 -  |   471.7    433.0  0.00 |  1.0  1.0 0   0   0  0  1  0
  - 3.06s  --------    0  Y   Y  1.00  3.66 1.00 -  |   472.2    433.5  0.00 |  1.0  1.0 0   0   0  0  1  0
  - 2.96s  --------    0  Y   Y  1.00  3.77 1.00 -  |   472.7    434.0  0.00 |  1.0  1.0 0   0   0  0  1  0
  - 2.85s  --------    0  Y   Y  1.00  3.88 1.00 -  |   473.3    434.5  0.00 |  1.0  1.0 0   0   0  0  1  0
  - 2.74s  --------    0  Y   Y  1.00  3.98 1.00 -  |   473.8    435.0  0.00 |  1.0  1.0 0   0   0  0  1  0
  - 2.63s  --------    0  Y   Y  1.00  4.10 1.00 -  |   474.4    435.6  0.00 |  1.0  1.0 0   0   0  0  1  0
  - 2.52s  --------    0  Y   Y  1.00  4.20 1.00 -  |   474.9    436.1  0.00 |  1.0  1.0 0   0   0  0  1  0
  - 2.42s  --------    0  Y   Y  1.00  4.31 1.00 -  |   475.4    436.6  0.00 |  1.0  1.0 0   0   0  0  1  0
  - 2.31s  --------    0  Y   Y  1.00  4.42 1.00 -  |   476.0    437.2  0.00 |  1.0  1.0 0   0   0  0  1  0
  - 2.21s  --------    0  Y   Y  1.00  4.52 1.00 -  |   476.5    437.7  0.00 |  1.0  1.0 0   0   0  0  1  0
  - 2.09s  --------    0  Y   Y  1.00  4.63 1.00 -  |   477.1    438.3  0.00 |  1.0  1.0 0   0   0  0  1  0
  - 1.98s  --------    0  Y   Y  1.00  4.75 1.00 -  |   477.6    438.8  0.00 |  1.0  1.0 0   0   0  0  1  0
  - 1.87s  --------    0  Y   Y  1.00  4.85 1.00 -  |   478.1    439.4  0.00 |  1.0  1.0 0   0   0  0  1  0
  - 1.77s  --------    0  Y   Y  1.00  4.96 1.00 -  |   478.6    439.9  0.00 |  1.0  1.0 0   0   0  0  1  0
  - 1.66s  --------    0  Y   Y  1.00  5.07 1.00 -  |   479.1    440.4  0.00 |  1.0  1.0 0   0   0  0  1  0
  - 1.55s  --------    0  Y   Y  1.00  5.17 1.00 -  |   479.7    441.0  0.00 |  1.0  1.0 0   0   0  0  1  0
  - 1.44s  --------    0  Y   Y  1.00  5.29 1.00 -  |   480.2    441.5  0.00 |  1.0  1.0 0   0   0  0  1  0
  - 1.33s  --------    0  Y   Y  1.00  5.40 1.00 -  |   480.8    442.1  0.00 |  1.0  1.0 0   0   0  0  1  0
  - 1.22s  --------    0  Y   Y  1.00  5.51 1.00 -  |   481.3    442.6  0.00 |  1.0  1.0 0   0   0  0  1  0
  - 1.11s  --------    0  Y   Y  1.00  5.62 1.00 -  |   481.9    443.2  0.00 |  1.0  1.0 0   0   0  0  1  0
  - 1.00s  --------    0  Y   Y  1.00  5.73 1.00 -  |   482.4    443.7  0.00 |  0.0  1.0 0   0   0  0  1  0
  - 0.89s  --------    0  Y   Y  1.00  5.83 1.00 -  |   483.0    444.2  0.00 |  0.0  1.0 0   0   0  0  1  0
  - 0.78s  --------    0  Y   Y  1.00  5.94 1.00 -  |   482.9    444.9  0.00 | -1.0  1.0 0   0   0  0  1  0
  - 0.67s  --------    0  Y   Y  1.00  6.05 1.00 -  |   482.6    445.7  0.00 | -1.0  1.0 0   0   0  0  1  0
  - 0.56s  --------    0  Y   Y  1.00  6.16 1.00 -  |   482.2    446.3  0.00 | -1.0  1.0 0   0   0  0  1  0
  - 0.46s  --------    0  Y   Y  1.00  6.27 1.00 -  |   481.7    446.8  0.00 | -1.0  1.0 0   0   0  0  1  0
  - 0.35s  --------    0  Y   Y  1.00  6.37 1.00 -  |   481.1    447.4  0.00 | -1.0  1.0 0   0   0  0  1  0
  - 0.24s  --------    0  Y   Y  1.00  6.48 1.00 -  |   480.6    447.8  0.00 |  0.0  1.0 0   0   0  0  1  0
  - 0.14s  --------    0  Y   Y  1.00  6.59 1.00 -  |   480.3    448.1  0.00 |  0.0  0.0 0   0   0  0  0  0
  - 0.03s  --------    0  Y   Y  1.00  6.70 1.00 -  |   479.8    448.5  0.00 |  0.0  1.0 0   0   0  0  1  0
=========================================================== END

[  1230   21.585 x1.00] LOG  [Combat] Combo 1: 10 dmg
[  1230   21.585 x1.00] LOG  [ComboTrace] START step=1 state='Combo1' queued=0 target='OniBoss' at 8.2m
[  1230   21.585 x1.00] LOG  [ComboTrace] LAUNCH STEP (too far: OniBoss at 5.2m > engage 4.7m) dist=0.90m in 0.13s
[  1239   21.727 x1.00] LOG  [ComboTrace] LAUNCH RESULT wanted=0.90m actually moved=0.90m — completed
[  1280   22.363 x1.00] LOG  🐾 VFX_AttackPaw triggered!
[  1297   22.634 x1.00] LOG  [ComboTrace] END step=1 clipProgress=0.85 clipLen=1.23s queued=0 elapsed=1.05s
[  1309   22.821 x1.00] LOG  🚶 2-LEG JUMP
[  1309   22.821 x1.00] LOG  🐾 Jump 1 VFX spawned!
[  1369   23.758 x1.00] LOG  💨 Landing VFX spawned!
[  1369   23.758 x1.00] LOG  ✅ LANDED! (was jump #1)
[  1391   24.096 x1.00] LOG  🚶 2-LEG JUMP
[  1391   24.096 x1.00] LOG  🐾 Jump 1 VFX spawned!
[  1398   24.211 x1.00] LOG  [StormWeather] ⚡ strike at (473.41, 45.00, 439.43)
[  1448   25.019 x1.00] LOG  💨 Landing VFX spawned!
[  1448   25.019 x1.00] LOG  ✅ LANDED! (was jump #1)
[  1460   25.204 x1.00] LOG  🚶 2-LEG JUMP
[  1460   25.204 x1.00] LOG  🐾 Jump 1 VFX spawned!
[  1483   25.570 x1.00] LOG  [TailAirShot4Leg] entry refused: this airtime is not a 4 leg jump | y=1.74 ts=1.00 fdt=0.0200
[  1483   25.570 x0.10] LOG  [TailAirShot] ENTER, slow on, waiting for RMB, drawState=RightTail_Fast | y=1.74 ts=0.10 fdt=0.0020
[  1483   25.570 x0.10] LOG  [AirPosePin] engaged, holding body at 1.927m above the transform
[  1493   25.731 x0.10] LOG  [TailAirShot] DRAW started | y=1.80 ts=0.10 fdt=0.0020
[  1500   25.842 x0.10] LOG  [TailAirShot] READY, frozen on frame 4 | y=1.82 ts=0.10 fdt=0.0020
[  1567   26.850 x0.10] LOG  [TailAirShot] SHOT released (released from ready pose) | y=1.92 ts=0.10 fdt=0.0020
[  1569   26.880 x1.00] LOG  [TailAirShot] FINISHER (R released mid motion), motion completes and fires | y=1.92 ts=1.00 fdt=0.0200
[  1580   27.052 x1.00] LOG  [TailAirShot] FIRE, arrow away, dir=(0.36, -0.41, 0.84) | y=1.65 ts=1.00 fdt=0.0200
[  1597   27.321 x1.00] LOG  💨 Landing VFX spawned!
[  1597   27.321 x1.00] LOG  ✅ LANDED! (was jump #1)
[  1597   27.321 x1.00] LOG  OniBoss took 20 damage. HP: 480/500
[  1597   27.321 x1.00] LOG  [OniBoss] 🤕 Hit during LostSoul — flash only
[  1597   27.321 x1.00] LOG  [OniBoss] LostSoul → Alert
[  1597   27.321 x1.00] LOG  [OniBoss] Playing animation: Oni_Alert
[  1597   27.321 x1.00] LOG  [OniBoss] Became HOSTILE
[  1597   27.321 x1.00] LOG  [OniBoss:Layer] woken by damage (20) — back attacks count.
[  1597   27.321 x1.00] LOG  [AirPosePin] released, peak correction was 1.341m
[  1598   27.339 x1.00] LOG  [BossBar] Showing bar for: Oni (480/500)
[  1598   27.339 x1.00] LOG  [OniBoss:Layer] boss bar shown
[  1621   27.711 x1.00] LOG  [TailAirShot] finisher done, fully idle | y=-0.02 ts=1.00 fdt=0.0200
[  1628   27.829 x1.00] LOG  [OniBoss] Alert → Chase
[  1629   27.845 x1.00] LOG  [OniBoss] Pull-band decision: RUN-IN (dist 4.8m, pullRange 0m, chance 0.50)
[  1629   27.845 x1.00] LOG  [OniBoss] Playing animation: run
[  1642   28.053 x1.00] LOG  
==================== [FREEZE-DEBUG v3] ====================
  Reason : WASD-NOMOVE: WASD recent + speed 0.00m/s for 0.40s
  Time   : 24.316s   Frame: 1642   Snaps: 60
===========================================================

--- CURRENT STATE ---
  Flags: atk=False hvy=False dod=False dsh=False
         grd=False hit=False aerial=False lockPos=False
         comboStep=1
  Anim : speed=1.00  combatLayer hash=-792875657 normT=0.328 weight=1.00 inTransition=False
  CC   : grounded=True  enabled=True  pos=(479.08, -0.02, 451.04)  vel=(0.00, 0.00, 0.00)
  Move : IsRunning=False
  Input: H=0.00 V=-1.00  LMB=False MMB=False Q=False Sp=False Sh=False C=False
         WASD pressed in last 0.5s: True (last 0.00s ago)

--- FLIGHT RECORDER (60 snapshots, oldest first, dt=0.10s) ---
  Legend: flags = A(tk) H(vy) D(od) S(sh) G(rd) R(eact) Y(aerial) L(ock)   gnd/cc: Y/n
  t-now    flags     step gnd cc anSp normT layW tr | posX     posZ     spd   | H    V    LMB MMB Q  Sp Sh C
  ------   --------  ---- --- -- ---- ----- ---- -- | -----    -----    ----  | ---- ---- --- --- -- -- -- -
  - 6.40s  --------    0  Y   Y  1.00  5.94 1.00 -  |   482.9    444.9  0.00 | -1.0  1.0 0   0   0  0  1  0
  - 6.29s  --------    0  Y   Y  1.00  6.05 1.00 -  |   482.6    445.7  0.00 | -1.0  1.0 0   0   0  0  1  0
  - 6.19s  --------    0  Y   Y  1.00  6.16 1.00 -  |   482.2    446.3  0.00 | -1.0  1.0 0   0   0  0  1  0
  - 6.08s  --------    0  Y   Y  1.00  6.27 1.00 -  |   481.7    446.8  0.00 | -1.0  1.0 0   0   0  0  1  0
  - 5.97s  --------    0  Y   Y  1.00  6.37 1.00 -  |   481.1    447.4  0.00 | -1.0  1.0 0   0   0  0  1  0
  - 5.86s  --------    0  Y   Y  1.00  6.48 1.00 -  |   480.6    447.8  0.00 |  0.0  1.0 0   0   0  0  1  0
  - 5.76s  --------    0  Y   Y  1.00  6.59 1.00 -  |   480.3    448.1  0.00 |  0.0  0.0 0   0   0  0  0  0
  - 5.65s  --------    0  Y   Y  1.00  6.70 1.00 -  |   479.8    448.5  0.00 |  0.0  1.0 0   0   0  0  1  0
  - 5.54s  --------    0  Y   Y  1.00  6.80 1.00 -  |   479.3    449.0  0.00 |  0.0  1.0 0   0   0  0  1  0
  - 5.43s  --------    0  Y   Y  1.00  6.91 1.00 -  |   478.7    449.6  0.00 |  0.0  0.0 1   0   0  0  1  0
  - 5.32s  --------    0  Y   Y  1.00  7.03 1.00 -  |   478.3    449.9  0.00 |  0.0  0.0 1   0   0  0  0  0
  - 5.21s  A-------    1  Y   Y  1.00  0.05 1.00 -  |   478.7    450.6  0.00 |  0.0  0.0 0   0   0  0  0  0
  - 5.10s  A-------    1  Y   Y  1.00  0.14 1.00 -  |   478.7    450.7  0.00 |  0.0  0.0 0   0   0  0  0  0
  - 4.99s  A-------    1  Y   Y  1.00  0.23 1.00 -  |   478.7    450.7  0.00 |  0.0  0.0 0   0   0  0  0  0
  - 4.88s  A-------    1  Y   Y  1.00  0.32 1.00 -  |   478.7    450.7  0.00 |  0.0  0.0 0   0   0  0  0  0
  - 4.77s  A-------    1  Y   Y  1.00  0.41 1.00 -  |   478.7    450.7  0.00 |  0.0  0.0 0   0   0  0  0  0
  - 4.66s  A-------    1  Y   Y  1.00  0.50 1.00 -  |   478.7    450.7  0.00 |  0.0  0.0 0   0   0  0  0  0
  - 4.55s  A-------    1  Y   Y  1.00  0.58 1.00 -  |   478.7    450.7  0.00 |  0.0  0.0 0   0   0  0  0  0
  - 4.45s  A-------    1  Y   Y  1.00  0.67 1.00 -  |   478.7    450.7  0.00 |  0.0  0.0 0   0   0  0  0  0
  - 4.34s  A-------    1  Y   Y  1.00  0.76 1.00 -  |   478.7    450.7  0.00 |  0.0  0.0 0   0   0  0  0  0
  - 4.22s  --------    1  Y   Y  1.00  0.85 1.00 -  |   478.7    450.7  0.00 |  0.0  0.0 0   0   0  0  0  0
  - 4.12s  --------    1  Y   Y  1.00  0.10 1.00 -  |   478.7    450.7  0.00 |  0.0  0.0 0   0   0  0  0  0
  - 4.00s  --------    1  n   Y  1.00  0.20 1.00 -  |   478.7    450.7  0.00 |  0.0  0.0 0   0   0  1  0  0
  - 3.89s  --------    1  n   Y  1.00  0.31 1.00 -  |   478.8    450.8  0.00 |  0.0  0.0 0   0   0  1  0  0
  - 3.78s  --------    1  n   Y  1.00  0.42 1.00 -  |   478.8    450.8  0.00 |  0.0  0.0 0   0   0  1  0  0
  - 3.68s  --------    1  n   Y  1.00  0.53 1.00 -  |   478.8    450.8  0.00 |  0.0  0.0 0   0   0  1  0  0
  - 3.57s  --------    1  n   Y  1.00  0.64 1.00 -  |   478.8    450.9  0.00 |  0.0  0.0 0   0   0  1  0  0
  - 3.47s  --------    1  n   Y  1.00  0.74 1.00 -  |   478.9    450.9  0.00 |  0.0  0.0 0   0   0  1  0  0
  - 3.36s  --------    1  n   Y  1.00  0.85 1.00 -  |   478.9    451.0  0.00 |  0.0  0.0 0   0   0  1  0  0
  - 3.25s  --------    1  n   Y  1.00  0.96 1.00 -  |   478.9    451.0  0.00 |  0.0  0.0 0   0   0  0  0  0
  - 3.14s  --------    1  n   Y  1.00  1.06 1.00 -  |   478.9    451.0  0.00 |  0.0  0.0 0   0   0  0  0  0
  - 3.04s  --------    1  Y   Y  1.00  1.17 1.00 -  |   478.9    451.1  0.00 |  0.0  0.0 0   0   0  0  0  0
  - 2.93s  --------    1  Y   Y  1.00  1.28 1.00 -  |   478.9    451.1  0.00 |  0.0  0.0 0   0   0  0  0  0
  - 2.82s  --------    1  Y   Y  1.00  1.39 1.00 -  |   478.9    451.1  0.00 |  0.0  0.0 0   0   0  0  0  0
  - 2.71s  --------    1  n   Y  1.00  1.50 1.00 -  |   479.0    451.1  0.00 |  0.0  0.0 0   0   0  1  0  0
  - 2.60s  --------    1  n   Y  1.00  1.61 1.00 -  |   479.0    451.1  0.00 |  0.0  0.0 0   0   0  0  0  0
  - 2.48s  --------    1  n   Y  1.00  1.72 1.00 -  |   479.0    451.2  0.00 |  0.0  0.0 0   0   0  0  0  0
  - 2.38s  --------    1  n   Y  1.00  1.82 1.00 -  |   479.0    451.2  0.00 |  0.0  0.0 0   0   0  0  0  0
  - 2.27s  --------    1  n   Y  1.00  1.93 1.00 -  |   479.1    451.2  0.00 |  0.0  0.0 0   0   0  0  0  0
  - 2.16s  --------    1  n   Y  1.00  2.04 1.00 -  |   479.1    451.3  0.00 |  0.0  0.0 0   0   0  0  0  0
  - 2.05s  --------    1  n   Y  1.00  2.16 1.00 -  |   479.1    451.3  0.00 |  0.0  0.0 0   0   0  0  0  0
  - 1.94s  --------    1  n   Y  1.00  2.27 1.00 -  |   479.1    451.4  0.00 |  0.0  0.0 0   0   0  0  0  0
  - 1.84s  --------    1  Y   Y  1.00  2.37 1.00 -  |   479.2    451.4  0.00 |  0.0  0.0 0   0   0  0  0  0
  - 1.73s  --------    1  Y   Y  1.00  2.48 1.00 -  |   479.2    451.4  0.00 |  0.0  0.0 0   0   0  0  0  0
  - 1.62s  --------    1  n   Y  1.00  2.59 1.00 -  |   479.2    451.4  0.00 |  0.0  0.0 0   0   0  1  0  0
  - 1.51s  --------    1  n   Y  1.00  2.70 1.00 -  |   479.2    451.5  0.00 |  0.0  0.0 0   0   0  0  0  0
  - 1.40s  --------    1  n   Y  1.00  2.81 1.00 -  |   479.2    451.5  0.00 |  0.0  0.0 0   0   0  0  0  0
  - 1.30s  --------    1  n   Y  1.00  2.93 1.00 -  |   479.3    451.5  0.00 |  0.0  0.0 0   0   0  0  0  0
  - 1.20s  --------    1  n   Y  1.00  0.10 1.00 -  |   479.3    451.5  0.00 |  0.0  0.0 0   0   0  0  0  0
  - 1.09s  --------    1  n   Y  1.00  0.20 1.00 -  |   479.3    451.6  0.00 |  0.0  0.0 0   0   0  0  0  0
  - 0.98s  --------    1  n   Y  1.00  0.32 1.00 -  |   479.3    451.6  0.00 |  0.0  0.0 0   0   0  0  0  0
  - 0.88s  --------    1  n   Y  1.00  0.43 1.00 -  |   479.3    451.6  0.00 |  0.0  0.0 0   0   0  0  0  0
  - 0.78s  --------    1  n   Y  1.00  0.54 1.00 -  |   479.3    451.7  0.00 |  0.0  0.0 0   0   0  0  0  0
  - 0.67s  --------    1  Y   Y  1.00  0.66 1.00 -  |   479.4    451.7  0.00 |  0.0  0.0 0   0   0  0  0  0
  - 0.56s  --------    1  Y   Y  1.00  0.77 1.00 -  |   479.4    451.7  0.00 |  0.0  0.0 0   0   0  0  0  0
  - 0.45s  --------    1  Y   Y  1.00  0.89 1.00 -  |   479.4    451.7  0.00 |  0.0  0.0 0   0   0  0  0  0
  - 0.34s  --------    1  Y   Y  1.00  1.00 1.00 -  |   479.3    451.7  0.00 |  0.0 -1.0 0   0   0  0  0  0
  - 0.22s  --------    1  Y   Y  1.00  1.13 1.00 T  |   479.3    451.4  0.00 |  0.0 -1.0 0   0   0  0  0  0
  - 0.12s  --------    1  Y   Y  1.00  0.20 1.00 -  |   479.2    451.3  0.00 |  0.0 -1.0 0   0   0  0  0  0
  - 0.01s  --------    1  Y   Y  1.00  0.31 1.00 -  |   479.1    451.1  0.00 |  0.0 -1.0 0   0   0  0  0  0
=========================================================== END

[  1691   28.825 x1.00] LOG  [OniBoss] Playing animation: Watch
[  1691   28.825 x1.00] LOG  [OniBoss] Combo started: swing1-2 (2 steps remaining)
[  1691   28.825 x1.00] LOG  [OniBoss] Chase → Attack
[  1691   28.825 x1.00] LOG  [OniBoss] Attack: Club_Swing (16 dmg)
[  1691   28.825 x1.00] LOG  [OniBoss:Layer] swing wave: club reached her at 3.5m, wave is visual only.
[  1701   28.987 x1.00] LOG  [OniBoss:Layer] step-in: 'Club_Swing' closed 0.77m, Yoru now 3.0m away (range 3.5)
[  1702   29.003 x1.00] LOG  [OniBoss:Layer] step-in: 'Club_Swing' closed 0.80m, Yoru now 3.0m away (range 3.5)
[  1703   29.023 x1.00] LOG  [OniBoss:Layer] step-in: 'Club_Swing' closed 0.84m, Yoru now 3.0m away (range 3.5)
[  1705   29.052 x1.00] LOG  [OniBoss:Layer] step-in: 'Club_Swing' closed 0.87m, Yoru now 3.0m away (range 3.5)
[  1706   29.072 x1.00] LOG  [OniBoss:Layer] step-in: 'Club_Swing' closed 0.91m, Yoru now 3.0m away (range 3.5)
[  1707   29.087 x1.00] LOG  [OniBoss:Layer] step-in: 'Club_Swing' closed 0.94m, Yoru now 3.0m away (range 3.5)
[  1722   29.306 x1.00] LOG  [CameraGameFeel] Shake: intensity=0.20 duration=0.250s
[  1722   29.306 x1.00] LOG  [OniBoss] Attack missed, player out of range (3.6m > 3.5m)
[  1745   29.675 x1.00] LOG  [OniBoss] Attack → Recovery
[  1745   29.675 x1.00] LOG  [OniBoss] Playing animation: Watch
[  1745   29.675 x1.00] LOG  [OniBoss:Strike] Club_Swing: club tip closest to Yoru at 3.20m, clip position 0.40 | damage fires at 0.55 | clip 0.84s => damage fires 125 ms AFTER the club is closest — it lands once the club has passed her
[  1755   29.840 x1.00] LOG  [OniBoss] Recovery → Attack
[  1755   29.840 x1.00] LOG  [OniBoss] Attack: ClubSwing2 (16 dmg)
[  1781   30.231 x1.00] LOG  [CameraGameFeel] Shake: intensity=0.20 duration=0.250s
[  1781   30.231 x1.00] LOG  [Combat] Hit react: HitReact_Running_4Leg (2.5s)
[  1781   30.231 x1.00] LOG  [CameraGameFeel] Shake: intensity=0.28 duration=0.150s
[  1781   30.231 x1.00] LOG  [CameraGameFeel] FOV punch: player damage (-3.0°)
[  1781   30.231 x1.00] LOG  [OniBoss] Hit player for 16 (ClubSwing2)
[  1781   30.231 x1.00] LOG  [OniBoss:Layer] swing wave: club reached her at 3.3m, wave is visual only.
[  1781   30.231 x1.00] LOG  [AirPosePin] engaged, holding body at 0.709m above the transform
[  1791   30.390 x1.00] LOG  [AirPosePin] released, peak correction was 0.006m
[  1831   31.022 x1.00] LOG  [OniBoss] Attack → Recovery
[  1831   31.022 x1.00] LOG  [OniBoss] Playing animation: Watch
[  1831   31.022 x1.00] LOG  [OniBoss:Strike] ClubSwing2: club tip closest to Yoru at 1.05m, clip position 0.30 | damage fires at 0.32 | clip 1.17s => MATCHED (within one or two frames)
[  1841   31.186 x1.00] LOG  [OniBoss] Recovery → Chase
[  1842   31.201 x1.00] LOG  [OniBoss] hold-ground: BACKSTEP 1.5m (player 2.5m)
[  1903   32.142 x1.00] LOG  [OniBoss] hold-ground: backstep done (1.50m), WATCH (player 3.9m, cooldown 2.0s)
[  1903   32.142 x1.00] LOG  [OniBoss] Playing animation: Watch
[  1919   32.392 x1.00] LOG  
==================== [FREEZE-DEBUG v3] ====================
  Reason : WASD-NOMOVE: WASD recent + speed 0.00m/s for 0.41s
  Time   : 28.654s   Frame: 1919   Snaps: 60
===========================================================

--- CURRENT STATE ---
  Flags: atk=False hvy=False dod=False dsh=False
         grd=False hit=False aerial=False lockPos=False
         comboStep=0
  Anim : speed=1.00  combatLayer hash=-792875657 normT=1.747 weight=1.00 inTransition=False
  CC   : grounded=True  enabled=True  pos=(477.84, -0.02, 449.32)  vel=(0.00, 0.00, 0.00)
  Move : IsRunning=False
  Input: H=0.00 V=-1.00  LMB=False MMB=False Q=False Sp=False Sh=False C=False
         WASD pressed in last 0.5s: True (last 0.00s ago)

--- FLIGHT RECORDER (60 snapshots, oldest first, dt=0.10s) ---
  Legend: flags = A(tk) H(vy) D(od) S(sh) G(rd) R(eact) Y(aerial) L(ock)   gnd/cc: Y/n
  t-now    flags     step gnd cc anSp normT layW tr | posX     posZ     spd   | H    V    LMB MMB Q  Sp Sh C
  ------   --------  ---- --- -- ---- ----- ---- -- | -----    -----    ----  | ---- ---- --- --- -- -- -- -
  - 6.50s  --------    1  n   Y  1.00  2.04 1.00 -  |   479.1    451.3  0.00 |  0.0  0.0 0   0   0  0  0  0
  - 6.39s  --------    1  n   Y  1.00  2.16 1.00 -  |   479.1    451.3  0.00 |  0.0  0.0 0   0   0  0  0  0
  - 6.28s  --------    1  n   Y  1.00  2.27 1.00 -  |   479.1    451.4  0.00 |  0.0  0.0 0   0   0  0  0  0
  - 6.18s  --------    1  Y   Y  1.00  2.37 1.00 -  |   479.2    451.4  0.00 |  0.0  0.0 0   0   0  0  0  0
  - 6.07s  --------    1  Y   Y  1.00  2.48 1.00 -  |   479.2    451.4  0.00 |  0.0  0.0 0   0   0  0  0  0
  - 5.96s  --------    1  n   Y  1.00  2.59 1.00 -  |   479.2    451.4  0.00 |  0.0  0.0 0   0   0  1  0  0
  - 5.85s  --------    1  n   Y  1.00  2.70 1.00 -  |   479.2    451.5  0.00 |  0.0  0.0 0   0   0  0  0  0
  - 5.74s  --------    1  n   Y  1.00  2.81 1.00 -  |   479.2    451.5  0.00 |  0.0  0.0 0   0   0  0  0  0
  - 5.64s  --------    1  n   Y  1.00  2.93 1.00 -  |   479.3    451.5  0.00 |  0.0  0.0 0   0   0  0  0  0
  - 5.54s  --------    1  n   Y  1.00  0.10 1.00 -  |   479.3    451.5  0.00 |  0.0  0.0 0   0   0  0  0  0
  - 5.43s  --------    1  n   Y  1.00  0.20 1.00 -  |   479.3    451.6  0.00 |  0.0  0.0 0   0   0  0  0  0
  - 5.32s  --------    1  n   Y  1.00  0.32 1.00 -  |   479.3    451.6  0.00 |  0.0  0.0 0   0   0  0  0  0
  - 5.22s  --------    1  n   Y  1.00  0.43 1.00 -  |   479.3    451.6  0.00 |  0.0  0.0 0   0   0  0  0  0
  - 5.12s  --------    1  n   Y  1.00  0.54 1.00 -  |   479.3    451.7  0.00 |  0.0  0.0 0   0   0  0  0  0
  - 5.01s  --------    1  Y   Y  1.00  0.66 1.00 -  |   479.4    451.7  0.00 |  0.0  0.0 0   0   0  0  0  0
  - 4.90s  --------    1  Y   Y  1.00  0.77 1.00 -  |   479.4    451.7  0.00 |  0.0  0.0 0   0   0  0  0  0
  - 4.79s  --------    1  Y   Y  1.00  0.89 1.00 -  |   479.4    451.7  0.00 |  0.0  0.0 0   0   0  0  0  0
  - 4.68s  --------    1  Y   Y  1.00  1.00 1.00 -  |   479.3    451.7  0.00 |  0.0 -1.0 0   0   0  0  0  0
  - 4.56s  --------    1  Y   Y  1.00  1.13 1.00 T  |   479.3    451.4  0.00 |  0.0 -1.0 0   0   0  0  0  0
  - 4.46s  --------    1  Y   Y  1.00  0.20 1.00 -  |   479.2    451.3  0.00 |  0.0 -1.0 0   0   0  0  0  0
  - 4.35s  --------    1  Y   Y  1.00  0.31 1.00 -  |   479.1    451.1  0.00 |  0.0 -1.0 0   0   0  0  0  0
  - 4.25s  --------    1  Y   Y  1.00  0.41 1.00 -  |   479.0    450.9  0.00 |  0.0 -1.0 0   0   0  0  0  0
  - 4.15s  --------    1  Y   Y  1.00  0.52 1.00 -  |   478.9    450.7  0.00 |  0.0 -1.0 0   0   0  0  0  0
  - 4.03s  --------    1  Y   Y  1.00  0.63 1.00 -  |   478.8    450.5  0.00 | -1.0 -1.0 0   0   0  0  0  0
  - 3.92s  --------    1  Y   Y  1.00  0.74 1.00 -  |   478.7    450.3  0.00 | -1.0 -1.0 0   0   0  0  0  0
  - 3.81s  --------    1  Y   Y  1.00  0.85 1.00 -  |   478.5    450.2  0.00 | -1.0 -1.0 0   0   0  0  0  0
  - 3.71s  --------    1  Y   Y  1.00  0.96 1.00 -  |   478.3    450.1  0.00 | -1.0 -1.0 0   0   0  0  0  0
  - 3.60s  --------    1  Y   Y  1.00  1.07 1.00 -  |   478.1    450.0  0.00 | -1.0 -1.0 0   0   0  0  0  0
  - 3.48s  --------    1  Y   Y  1.00  1.18 1.00 -  |   477.9    449.9  0.00 |  0.0  0.0 0   0   0  0  0  0
  - 3.37s  --------    1  Y   Y  1.00  1.29 1.00 -  |   477.7    449.9  0.00 |  0.0  0.0 0   0   0  0  0  0
  - 3.26s  --------    1  Y   Y  1.00  1.40 1.00 -  |   477.5    449.8  0.00 | -1.0  0.0 0   0   0  0  0  0
  - 3.15s  --------    1  Y   Y  1.00  1.51 1.00 -  |   477.0    450.0  0.00 | -1.0  0.0 0   0   0  0  1  0
  - 3.05s  --------    1  Y   Y  1.00  1.61 1.00 -  |   476.2    450.3  0.00 | -1.0  0.0 0   0   0  0  1  0
  - 2.94s  --------    1  Y   Y  1.00  1.73 1.00 -  |   475.6    450.6  0.00 | -1.0  0.0 0   0   0  0  1  0
  - 2.83s  --------    1  Y   Y  1.00  1.84 1.00 -  |   474.8    450.9  0.00 | -1.0  0.0 0   0   0  0  1  0
  - 2.72s  --------    1  Y   Y  1.00  1.95 1.00 -  |   474.2    451.2  0.00 | -1.0  0.0 0   0   0  0  1  0
  - 2.60s  --------    1  Y   Y  1.00  2.06 1.00 -  |   473.4    451.5  0.00 |  0.0  0.0 0   0   0  0  1  0
  - 2.50s  --------    1  Y   Y  1.00  2.17 1.00 -  |   473.1    451.6  0.00 |  1.0  0.0 0   0   0  0  0  0
  - 2.39s  --------    1  Y   Y  1.00  2.28 1.00 -  |   473.3    451.6  0.00 |  1.0  0.0 0   0   0  0  0  0
  - 2.28s  --------    1  Y   Y  1.00  2.38 1.00 -  |   473.5    451.5  0.00 |  1.0  0.0 0   0   0  0  1  0
  - 2.17s  --------    1  Y   Y  1.00  2.49 1.00 -  |   474.2    451.2  0.00 |  1.0  0.0 0   0   0  0  1  0
  - 2.07s  -----R--    0  Y   Y  1.00  0.13 1.00 -  |   474.8    451.2  0.00 |  1.0  0.0 0   0   0  0  1  0
  - 1.95s  -----R--    0  Y   Y  1.00  0.30 1.00 -  |   474.9    451.2  0.00 |  1.0  0.0 0   0   0  0  1  0
  - 1.84s  -----R--    0  Y   Y  1.00  0.48 1.00 -  |   474.9    451.2  0.00 |  1.0  0.0 0   0   0  0  1  0
  - 1.73s  --------    0  Y   Y  1.00  0.65 1.00 T  |   475.0    451.2  0.00 |  1.0  0.0 0   0   0  0  1  0
  - 1.62s  --------    0  Y   Y  1.00  0.13 1.00 -  |   475.7    450.9  0.00 |  1.0  0.0 0   0   0  0  1  0
  - 1.51s  --------    0  Y   Y  1.00  0.24 1.00 -  |   476.3    450.4  0.00 |  1.0  0.0 0   0   0  0  1  0
  - 1.40s  --------    0  Y   Y  1.00  0.34 1.00 -  |   476.9    450.1  0.00 |  1.0  0.0 0   0   0  0  1  0
  - 1.29s  --------    0  Y   Y  1.00  0.46 1.00 -  |   477.7    449.8  0.00 |  1.0  0.0 0   0   0  0  1  0
  - 1.17s  --------    0  Y   Y  1.00  0.57 1.00 -  |   478.5    449.5  0.00 |  1.0  0.0 0   0   0  0  0  0
  - 1.06s  --------    0  Y   Y  1.00  0.68 1.00 -  |   478.7    449.4  0.00 |  1.0  0.0 0   0   0  0  0  0
  - 0.95s  --------    0  Y   Y  1.00  0.79 1.00 -  |   478.9    449.3  0.00 |  1.0  0.0 0   0   0  0  0  0
  - 0.85s  --------    0  Y   Y  1.00  0.90 1.00 -  |   479.1    449.2  0.00 |  1.0  0.0 0   0   0  0  0  0
  - 0.74s  --------    0  Y   Y  1.00  1.01 1.00 -  |   479.2    449.2  0.00 | -1.0  0.0 0   0   0  0  0  0
  - 0.63s  --------    0  Y   Y  1.00  1.12 1.00 -  |   479.0    449.2  0.00 | -1.0  0.0 0   0   0  0  0  0
  - 0.52s  --------    0  Y   Y  1.00  1.23 1.00 -  |   478.8    449.3  0.00 | -1.0  0.0 0   0   0  0  0  0
  - 0.41s  --------    0  Y   Y  1.00  1.33 1.00 -  |   478.6    449.4  0.00 | -1.0  0.0 0   0   0  0  0  0
  - 0.31s  --------    0  Y   Y  1.00  1.44 1.00 -  |   478.4    449.5  0.00 | -1.0 -1.0 0   0   0  0  0  0
  - 0.20s  --------    0  Y   Y  1.00  1.55 1.00 -  |   478.2    449.5  0.00 |  0.0 -1.0 0   0   0  0  0  0
  - 0.09s  --------    0  Y   Y  1.00  1.66 1.00 -  |   478.0    449.4  0.00 |  0.0 -1.0 0   0   0  0  0  0
=========================================================== END

[  1940   32.706 x1.00] LOG  [OniBoss] Playing animation: run
[  2036   34.197 x1.00] LOG  [OniBoss] Pull-band decision: RUN-IN (dist 5.0m, pullRange 0m, chance 0.50)
[  2057   34.525 x1.00] LOG  [OniBoss] Playing animation: Watch
[  2057   34.525 x1.00] LOG  [OniBoss] Chase → Attack
[  2057   34.525 x1.00] LOG  [OniBoss] Attack: ClubSwing2 (16 dmg)
[  2057   34.525 x1.00] LOG  [OniBoss:Layer] swing wave: club reached her at 3.5m, wave is visual only.
[  2064   34.631 x1.00] LOG  [OniBoss:Layer] step-in: 'ClubSwing2' closed 0.48m, Yoru now 3.0m away (range 3.5)
[  2083   34.920 x1.00] LOG  [CameraGameFeel] Shake: intensity=0.20 duration=0.250s
[  2083   34.920 x1.00] LOG  [Combat] Hit react: HitReact_Light_2Leg (0.5s)
[  2083   34.920 x1.00] LOG  [CameraGameFeel] Shake: intensity=0.09 duration=0.150s
[  2083   34.920 x1.00] LOG  [CameraGameFeel] FOV punch: player damage (-2.0°)
[  2083   34.920 x1.00] LOG  [OniBoss] Hit player for 16 (ClubSwing2)
[  2083   34.920 x1.00] LOG  [AirPosePin] engaged, holding body at 0.614m above the transform
[  2094   35.088 x1.00] LOG  [AirPosePin] released, peak correction was 0.002m
[  2134   35.703 x1.00] LOG  [OniBoss] Attack → Recovery
[  2134   35.703 x1.00] LOG  [OniBoss] Playing animation: Watch
[  2134   35.703 x1.00] LOG  [OniBoss:Strike] ClubSwing2: club tip closest to Yoru at 0.51m, clip position 0.30 | damage fires at 0.32 | clip 1.17s => MATCHED (within one or two frames)
[  2144   35.855 x1.00] LOG  [OniBoss] Recovery → Chase
[  2145   35.870 x1.00] LOG  [OniBoss] hold-ground: BACKSTEP 1.5m (player 2.5m)
[  2207   36.822 x1.00] LOG  [OniBoss] hold-ground: backstep done (1.52m), WATCH (player 4.0m, cooldown 2.0s)
[  2207   36.822 x1.00] LOG  [OniBoss] Playing animation: Watch
[  2342   38.869 x1.00] LOG  [OniBoss] hold-ground: cooldown over, player 4.0m > 3.5m — APPROACH
[  2342   38.869 x1.00] LOG  [OniBoss] Playing animation: Walk
[  2361   39.163 x1.00] LOG  [OniBoss] Combo started: ClubSwing1 → ClubSwing2 → ClubSlam (3 steps remaining)
[  2361   39.163 x1.00] LOG  [OniBoss] Chase → Attack
[  2361   39.163 x1.00] LOG  [OniBoss] Attack: Club_Swing (16 dmg)
[  2365   39.232 x1.00] LOG  
==================== [FREEZE-DEBUG v3] ====================
  Reason : WASD-NOMOVE: WASD recent + speed 0.00m/s for 0.41s
  Time   : 35.494s   Frame: 2365   Snaps: 60
===========================================================

--- CURRENT STATE ---
  Flags: atk=False hvy=False dod=False dsh=False
         grd=False hit=False aerial=False lockPos=False
         comboStep=0
  Anim : speed=1.00  combatLayer hash=-792875657 normT=3.792 weight=1.00 inTransition=False
  CC   : grounded=True  enabled=True  pos=(475.33, -0.02, 444.29)  vel=(0.00, 0.00, 0.00)
  Move : IsRunning=False
  Input: H=0.00 V=1.00  LMB=False MMB=False Q=False Sp=False Sh=False C=False
         WASD pressed in last 0.5s: True (last 0.00s ago)

--- FLIGHT RECORDER (60 snapshots, oldest first, dt=0.10s) ---
  Legend: flags = A(tk) H(vy) D(od) S(sh) G(rd) R(eact) Y(aerial) L(ock)   gnd/cc: Y/n
  t-now    flags     step gnd cc anSp normT layW tr | posX     posZ     spd   | H    V    LMB MMB Q  Sp Sh C
  ------   --------  ---- --- -- ---- ----- ---- -- | -----    -----    ----  | ---- ---- --- --- -- -- -- -
  - 6.39s  --------    0  Y   Y  1.00  2.20 1.00 -  |   477.1    447.6  0.00 |  0.0 -1.0 0   0   0  0  1  0
  - 6.27s  --------    0  Y   Y  1.00  2.31 1.00 -  |   476.7    446.8  0.00 |  0.0 -1.0 0   0   0  0  1  0
  - 6.17s  --------    0  Y   Y  1.00  2.42 1.00 -  |   476.5    446.1  0.00 |  0.0 -1.0 0   0   0  0  1  0
  - 6.06s  --------    0  Y   Y  1.00  2.53 1.00 -  |   476.2    445.5  0.00 |  0.0 -1.0 0   0   0  0  1  0
  - 5.94s  --------    0  Y   Y  1.00  2.64 1.00 -  |   475.9    444.7  0.00 |  0.0  0.0 0   0   0  0  1  0
  - 5.84s  --------    0  Y   Y  1.00  2.75 1.00 -  |   475.6    444.1  0.00 |  0.0  0.0 0   0   0  0  1  0
  - 5.73s  --------    0  Y   Y  1.00  2.86 1.00 -  |   475.3    443.3  0.00 |  0.0  0.0 0   0   0  0  1  0
  - 5.62s  --------    0  Y   Y  1.00  2.96 1.00 -  |   475.2    443.1  0.00 |  0.0  0.0 0   0   0  0  0  0
  - 5.51s  --------    0  Y   Y  1.00  3.07 1.00 -  |   475.2    443.1  0.00 |  0.0  0.0 0   0   0  0  0  0
  - 5.41s  --------    0  Y   Y  1.00  3.18 1.00 -  |   475.2    443.1  0.00 |  0.0  0.0 0   0   0  0  0  0
  - 5.30s  --------    0  Y   Y  1.00  3.29 1.00 -  |   475.2    443.1  0.00 |  0.0  0.0 0   0   0  0  1  0
  - 5.19s  --------    0  Y   Y  1.00  3.40 1.00 -  |   475.2    443.1  0.00 |  0.0  0.0 0   0   0  0  1  0
  - 5.08s  --------    0  Y   Y  1.00  3.51 1.00 -  |   475.2    443.1  0.00 |  0.0  0.0 0   0   0  0  1  0
  - 4.98s  --------    0  Y   Y  1.00  3.61 1.00 -  |   475.2    443.1  0.00 |  0.0  0.0 0   0   0  0  1  0
  - 4.87s  --------    0  Y   Y  1.00  3.72 1.00 -  |   475.2    443.1  0.00 |  0.0  0.0 0   0   0  0  1  0
  - 4.76s  --------    0  Y   Y  1.00  3.82 1.00 -  |   475.2    443.1  0.00 |  0.0  0.0 0   0   0  0  1  0
  - 4.65s  --------    0  Y   Y  1.00  3.94 1.00 -  |   475.2    443.1  0.00 |  0.0  0.0 0   0   0  0  1  0
  - 4.54s  --------    0  Y   Y  1.00  4.04 1.00 -  |   475.2    443.1  0.00 |  0.0  0.0 0   0   0  0  1  0
  - 4.42s  --------    0  Y   Y  1.00  4.16 1.00 -  |   475.2    443.1  0.00 |  0.0  0.0 0   0   0  0  1  0
  - 4.31s  --------    0  Y   Y  1.00  4.27 1.00 -  |   475.2    443.1  0.00 |  0.0  0.0 0   0   0  0  1  0
  - 4.20s  -----R--    0  Y   Y  1.00  0.08 1.00 -  |   475.3    443.5  0.00 |  0.0  0.0 0   0   0  0  1  0
  - 4.10s  -----R--    0  Y   Y  1.00  0.17 1.00 -  |   475.3    443.6  0.00 |  0.0  0.0 0   0   0  0  1  0
  - 3.99s  -----R--    0  Y   Y  1.00  0.26 1.00 -  |   475.3    443.6  0.00 |  0.0  0.0 0   0   0  0  1  0
  - 3.88s  -----R--    0  Y   Y  1.00  0.34 1.00 -  |   475.3    443.6  0.00 |  0.0  0.0 0   0   0  0  1  0
  - 3.78s  --------    0  Y   Y  1.00  0.43 1.00 T  |   475.3    443.6  0.00 |  0.0  0.0 0   0   0  0  1  0
  - 3.67s  --------    0  Y   Y  1.00  0.13 1.00 -  |   475.3    443.6  0.00 |  0.0  0.0 0   0   0  0  1  0
  - 3.56s  --------    0  Y   Y  1.00  0.23 1.00 -  |   475.3    443.6  0.00 |  0.0  0.0 0   0   0  0  1  0
  - 3.45s  --------    0  Y   Y  1.00  0.35 1.00 -  |   475.3    443.6  0.00 |  0.0  0.0 0   0   0  0  1  0
  - 3.35s  --------    0  Y   Y  1.00  0.45 1.00 -  |   475.3    443.6  0.00 |  0.0  0.0 0   0   0  0  1  0
  - 3.24s  --------    0  Y   Y  1.00  0.56 1.00 -  |   475.3    443.6  0.00 |  0.0  0.0 0   0   0  0  1  0
  - 3.13s  --------    0  Y   Y  1.00  0.67 1.00 -  |   475.3    443.6  0.00 |  0.0  0.0 0   0   0  0  1  0
  - 3.01s  --------    0  Y   Y  1.00  0.78 1.00 -  |   475.3    443.6  0.00 |  0.0  0.0 0   0   0  0  1  0
  - 2.91s  --------    0  Y   Y  1.00  0.88 1.00 -  |   475.3    443.6  0.00 |  0.0  0.0 0   0   0  0  1  0
  - 2.80s  --------    0  Y   Y  1.00  1.00 1.00 -  |   475.3    443.6  0.00 |  0.0  0.0 0   0   0  0  1  0
  - 2.70s  --------    0  Y   Y  1.00  1.10 1.00 -  |   475.3    443.6  0.00 |  0.0  0.0 0   0   0  0  1  0
  - 2.59s  --------    0  Y   Y  1.00  1.20 1.00 -  |   475.3    443.6  0.00 |  0.0  0.0 0   0   0  0  1  0
  - 2.49s  --------    0  Y   Y  1.00  1.31 1.00 -  |   475.3    443.6  0.00 |  0.0  0.0 0   0   0  0  1  0
  - 2.38s  --------    0  Y   Y  1.00  1.42 1.00 -  |   475.3    443.6  0.00 |  0.0  0.0 0   0   0  0  1  0
  - 2.28s  --------    0  Y   Y  1.00  1.52 1.00 -  |   475.3    443.6  0.00 |  0.0  0.0 0   0   0  0  1  0
  - 2.17s  --------    0  Y   Y  1.00  1.63 1.00 -  |   475.3    443.6  0.00 |  0.0  0.0 0   0   0  0  1  0
  - 2.06s  --------    0  Y   Y  1.00  1.73 1.00 -  |   475.3    443.6  0.00 |  0.0  0.0 0   0   0  0  1  0
  - 1.95s  --------    0  Y   Y  1.00  1.84 1.00 -  |   475.3    443.6  0.00 |  0.0  0.0 0   0   0  0  1  0
  - 1.85s  --------    0  Y   Y  1.00  1.95 1.00 -  |   475.3    443.6  0.00 |  0.0  0.0 0   0   0  0  1  0
  - 1.75s  --------    0  Y   Y  1.00  2.04 1.00 -  |   475.3    443.6  0.00 |  0.0  0.0 0   0   0  0  1  0
  - 1.65s  --------    0  Y   Y  1.00  2.15 1.00 -  |   475.3    443.6  0.00 |  0.0  0.0 0   0   0  0  1  0
  - 1.54s  --------    0  Y   Y  1.00  2.26 1.00 -  |   475.3    443.6  0.00 |  0.0  0.0 0   0   0  0  1  0
  - 1.44s  --------    0  Y   Y  1.00  2.36 1.00 -  |   475.3    443.6  0.00 |  0.0  0.0 0   0   0  0  1  0
  - 1.33s  --------    0  Y   Y  1.00  2.47 1.00 -  |   475.3    443.6  0.00 |  0.0  0.0 0   0   0  0  1  0
  - 1.22s  --------    0  Y   Y  1.00  2.57 1.00 -  |   475.3    443.6  0.00 |  0.0  0.0 0   0   0  0  1  0
  - 1.12s  --------    0  Y   Y  1.00  2.68 1.00 -  |   475.3    443.6  0.00 |  0.0  0.0 0   0   0  0  1  0
  - 1.01s  --------    0  Y   Y  1.00  2.79 1.00 -  |   475.3    443.6  0.00 |  0.0  0.0 0   0   0  0  1  0
  - 0.90s  --------    0  Y   Y  1.00  2.89 1.00 -  |   475.3    443.6  0.00 |  0.0  0.0 0   0   0  0  1  0
  - 0.80s  --------    0  Y   Y  1.00  2.99 1.00 -  |   475.3    443.6  0.00 |  0.0  0.0 0   0   0  0  1  0
  - 0.69s  --------    0  Y   Y  1.00  3.11 1.00 -  |   475.3    443.6  0.00 |  0.0  0.0 0   0   0  0  1  0
  - 0.58s  --------    0  Y   Y  1.00  3.21 1.00 -  |   475.3    443.6  0.00 |  0.0  0.0 0   0   0  0  1  0
  - 0.48s  --------    0  Y   Y  1.00  3.32 1.00 -  |   475.3    443.6  0.00 |  0.0  0.0 0   0   0  0  0  0
  - 0.36s  --------    0  Y   Y  1.00  3.43 1.00 -  |   475.3    443.6  0.00 |  0.0  1.0 0   0   0  0  0  0
  - 0.26s  --------    0  Y   Y  1.00  3.53 1.00 -  |   475.3    443.8  0.00 |  0.0  1.0 0   0   0  0  0  0
  - 0.15s  --------    0  Y   Y  1.00  3.65 1.00 -  |   475.3    444.0  0.00 |  0.0  1.0 0   0   0  0  0  0
  - 0.04s  --------    0  Y   Y  1.00  3.76 1.00 -  |   475.3    444.2  0.00 |  0.0  1.0 0   0   0  0  0  0
=========================================================== END

[  2391   39.646 x1.00] LOG  [CameraGameFeel] Shake: intensity=0.20 duration=0.250s
[  2391   39.646 x1.00] LOG  [Combat] Hit react: HitReact_Light_2Leg (0.5s)
[  2391   39.646 x1.00] LOG  [CameraGameFeel] Shake: intensity=0.09 duration=0.150s
[  2391   39.646 x1.00] LOG  [CameraGameFeel] FOV punch: player damage (-2.0°)
[  2391   39.646 x1.00] LOG  [OniBoss] Hit player for 16 (Club_Swing)
[  2391   39.646 x1.00] LOG  [OniBoss:Layer] swing wave: club reached her at 2.1m, wave is visual only.
[  2391   39.646 x1.00] LOG  [AirPosePin] engaged, holding body at 0.615m above the transform
[  2401   39.803 x1.00] LOG  [AirPosePin] released, peak correction was 0.003m
[  2415   40.013 x1.00] LOG  [OniBoss] Attack → Recovery
[  2415   40.013 x1.00] LOG  [OniBoss] Playing animation: Watch
[  2415   40.013 x1.00] LOG  [OniBoss:Strike] Club_Swing: club tip closest to Yoru at 0.52m, clip position 0.91 | damage fires at 0.55 | clip 0.84s => damage fires 298 ms BEFORE the club is closest
[  2424   40.164 x1.00] LOG  [OniBoss] Recovery → Attack
[  2424   40.164 x1.00] LOG  [OniBoss] Attack: ClubSwing2 (16 dmg)
[  2450   40.563 x1.00] LOG  [CameraGameFeel] Shake: intensity=0.20 duration=0.250s
[  2450   40.563 x1.00] LOG  [Combat] Hit react: HitReact_Light_2Leg (0.5s)
[  2450   40.563 x1.00] LOG  [CameraGameFeel] Shake: intensity=0.09 duration=0.150s
[  2450   40.563 x1.00] LOG  [CameraGameFeel] FOV punch: player damage (-2.0°)
[  2450   40.563 x1.00] LOG  [OniBoss] Hit player for 16 (ClubSwing2)
[  2450   40.563 x1.00] LOG  [OniBoss:Layer] swing wave: club reached her at 2.0m, wave is visual only.
[  2450   40.563 x1.00] LOG  [AirPosePin] engaged, holding body at 0.615m above the transform
[  2460   40.721 x1.00] LOG  [AirPosePin] released, peak correction was 0.003m
[  2501   41.344 x1.00] LOG  [OniBoss] Attack → Recovery
[  2501   41.344 x1.00] LOG  [OniBoss] Playing animation: Watch
[  2501   41.344 x1.00] LOG  [OniBoss:Strike] ClubSwing2: club tip closest to Yoru at 1.30m, clip position 0.30 | damage fires at 0.32 | clip 1.17s => MATCHED (within one or two frames)
[  2512   41.502 x1.00] LOG  [OniBoss] Recovery → Attack
[  2512   41.502 x1.00] LOG  [OniBoss] Attack: ClubSlam (20 dmg)
[  2545   42.013 x1.00] LOG  [CameraGameFeel] Shake: intensity=0.50 duration=0.400s
[  2545   42.013 x1.00] LOG  [Combat] Hit react: HitReact_Heavy_2Leg (0.9s)
[  2545   42.013 x1.00] LOG  [CameraGameFeel] Shake: intensity=0.28 duration=0.150s
[  2545   42.013 x1.00] LOG  [CameraGameFeel] FOV punch: player damage (-3.0°)
[  2545   42.013 x1.00] LOG  [OniBoss] Hit player for 20 (ClubSlam)
[  2545   42.013 x1.00] LOG  [OniBoss:Layer] swing wave: club reached her at 2.0m, wave is visual only.
[  2545   42.013 x1.00] LOG  [AirPosePin] engaged, holding body at 0.612m above the transform
[  2555   42.172 x1.00] LOG  [AirPosePin] released, peak correction was 0.000m
[  2573   42.442 x1.00] LOG  [OniBoss] Attack → Recovery
[  2573   42.442 x1.00] LOG  [OniBoss] Playing animation: Watch
[  2573   42.442 x1.00] LOG  [OniBoss:Strike] ClubSlam: club tip closest to Yoru at 0.40m, clip position 0.95 | damage fires at 0.52 | clip 0.93s => damage fires 394 ms BEFORE the club is closest
[  2583   42.593 x1.00] LOG  [OniBoss] Recovery → Chase
[  2583   42.593 x1.00] LOG  [StormWeather] ⚡ strike at (478.15, 45.00, 446.35)
[  2584   42.612 x1.00] LOG  [OniBoss] hold-ground: BACKSTEP 1.5m (player 2.0m)
[  2645   43.554 x1.00] LOG  [OniBoss] hold-ground: backstep done (1.51m), WATCH (player 3.5m, cooldown 2.0s)
[  2645   43.554 x1.00] LOG  [OniBoss] Playing animation: Watch
[  2778   45.600 x1.00] LOG  [OniBoss] Chase → Attack
[  2778   45.600 x1.00] LOG  [OniBoss] Attack: Club_Swing (16 dmg)
[  2778   45.600 x1.00] LOG  [OniBoss:Layer] swing wave: club reached her at 3.5m, wave is visual only.
[  2785   45.709 x1.00] LOG  [OniBoss:Layer] step-in: 'Club_Swing' closed 0.49m, Yoru now 3.0m away (range 3.5)
[  2801   45.966 x1.00] LOG  [StormWeather] terrain layers restored to dry values.
# end — 252 lines
