# Oni combat log — 2026-09-11 06:37:22
# Unity 6000.2.7f2 | scene 'CaveScene_Oni_Boss1' | platform OSXEditor
# columns: [frame realSeconds timeScale] KIND message      (KIND: LOG WARN ERR EXC TEL)
#
[     0    0.000 x1.00] LOG  [OniLog] console + telemetry → /Users/asenahazal/Documents/Yoru/OniLogs/oni_2026-09-11_06-37-22.log
[     0    0.000 x1.00] LOG  [RingMesh] Auto-found 11/11 left, 11/11 right meshes
[     1    0.000 x1.00] LOG  [BossBar] BossHealthBarUI initialized
[     1    0.000 x1.00] LOG  [StormWeather] layer 'TerrainLayer_Dirt_01' dry smoothness=0.00 (restore to this if a crash ever leaves it wet)
[     1    0.000 x1.00] LOG  [StormWeather] post volumes ready on layer 9 (storm priority 10, flash priority 11).
[     1    0.000 x1.00] LOG  [StormWeather] ROUND 80: fur weather ready on 'Weather Zone'. Rain 0, wind 0.50 in the open, sky check 30 m from 'PlayerYoru_1.1'.
[     1    0.000 x1.00] LOG  [StormWeather] COZY bridge: Rain_Cave retired, COZY owns the rain now.
[     1    0.000 x1.00] LOG  [StormWeather] COZY → 'Clear' (pre-fight - open sky, 0 s)
[     1    0.000 x1.00] LOG  [StormWeather] Ready. Open sky, dry floor. Waiting for the fight.
[     1    0.000 x1.00] LOG  OniBoss initialized with 500 HP
[     1    0.000 x1.00] LOG  [OniBoss] ANIMATOR SETUP: cullingMode=CullUpdateTransforms updateMode=Normal applyRootMotion=False speed=1
[     1    0.000 x1.00] LOG  [OniBoss] Initialized
[     1    0.000 x1.00] LOG  [OniBoss:Layer] facing: minFlat 1m, snapOnAttack off, trackInHitReact off
[     1    0.000 x1.00] LOG  [OniBoss:Layer] Yoru launch model ON: launches ALL THE WAY to an enemy within 4.7m of its surface at 10m/s (stop gap 0.00m, NO minimum distance), else steps 0.90m forward. Targeting cone left exactly as her prefab has it.
[     1    0.000 x1.00] LOG  [OniBoss:Layer] Yoru launch ROUND 9: airborne attacks launch too (ON), edge probe now runs on its OWN layer mask (Everything) instead of the line-of-sight mask - the Ground-only mask found no floor in this cave and was cancelling 100% of launches at 0.00m travelled.
[     1    0.000 x1.00] LOG  [OniBoss:Layer] animator speed x1.35 — his 1.13s swing now plays in 0.84s.
[     1    0.000 x1.00] LOG  [OniBoss:Layer] chase speed pushed: phase1 4.5, phase2 5.5 (Yoru runs at 7).
[     1    0.000 x1.00] LOG  [OniBoss:Layer] ground wave ON (round 38): half the club's damage on TOUCH, 12m/s x 6.0m from 1.6m in front at 0.35m height — a club hit cancels that swing's wave, jumping clears it. Per-attack effects come from the Swing Wave VFX By Attack rows. PlayerHealth found, PlayerMovement found.
[     1    0.000 x1.00] LOG  [StormWeather] storm break HELD (waiting for the lightning beat)
[     1    0.000 x1.00] LOG  [OniBoss:Layer] storm break HELD — it releases at the lightning-on-the-club beat.
[     1    0.000 x1.00] LOG  [OniBoss:Layer] club tracking ON — tip 'Kanabo3' (depth 4), shaft root 'kanabo'.
[     1    0.000 x1.00] LOG  [OniBoss:Layer] skinned meshes: 46 renderer(s), updateWhenOffscreen ON, body renderer 'Body' rootBone 'Hips'
[     1    0.000 x1.00] LOG  [OniBoss:Layer] charge travel bone: 'Hips' at depth 1 under 'OniBoss', rest local (0.00, 3.24, -0.24)
[     1    0.000 x1.00] LOG  [OniBoss:Layer] anti-kite ON: thrown swing after 4s of failed chase (within 7.6m), charge after 6s.
[     1    0.000 x1.00] LOG  [OniBoss:Layer] charge drive ON (windup to 0.40 at x1.3, rush 14m/s stops at 2.6m, steers 0.35s then commits, strike section from 0.58, strike moment 0.76, trail VFX off)
[     1    0.000 x1.00] LOG  [OniBoss:Layer] attack armor ON (his swings are not interrupted by light/medium hits; heavy hits and rapid-hit bursts still stop him)
[     1    0.000 x1.00] LOG  [OniBoss:Layer] strike moments overridden: Club_Swing=0.42 ClubSwing2=0.32 ClubSlam=0.85 KanaboSweep=0.48
[     1    0.000 x1.00] LOG  [OniBoss:Layer] club TOUCH hits ON (radius 0.70m, min tip speed 50m/s, armed from 0.20 of the clip): Club_Swing ClubSwing2 ClubSlam KanaboSweep. First touch wins — club full damage, wave half, one hit per swing.
[     1    0.000 x1.00] LOG  [OniBoss:Layer] combo damage ramp ON: mid x1.25, finisher x1.50 — finisher wave carries FULL damage at x2.0 size, x2.0 travel.
[     1    0.000 x1.00] LOG  [OniBoss:Layer] charge follow-up ON: 90 % of solo charges chain into a random melee finisher.
[     1    0.000 x1.00] LOG  [OniBoss:Layer] hold-ground ON (backstep 1.5m @ 1.6m/s after own attacks, watch 'Watch', attack facing LOCKED)
[     1    0.000 x1.00] LOG  [OniBoss:Layer] OniBoss layer ready (reactions, wake-on-hit, watch stance, boss bar). player=found
[     1    0.000 x1.00] LOG  [OniBoss:Layer] charge clip 'Oni Charge.fbx' imports with Root Motion Node = None (in place) — good.
[     1    0.000 x1.00] LOG  [OniBoss:Layer] clips importing with Root Transform Position (Y) NOT baked into pose (12): Oni_Alert(Oni Alert), Club_Slam(Oni Club Slam), Club_Swing(Oni Club Swing), Club_swing2(Oni Club Swing 2), Death(Oni Death Kneel), Hit_react_light(Oni Hit react lighter light), KanaboSweep(Oni Kanabo sweep), Phase_Transition(Oni Phase transition), run(Oni Run), Walk(Oni Walk), Watch(Oni Watch), Idle(Oni Idle) — their hips' up/down motion is stripped (see round notes; optional).
[     1    0.000 x1.00] LOG  === VFX MANAGER INITIALIZED ===
[     1    0.000 x1.00] LOG  Auto-detect animations: False
[     1    0.000 x1.00] LOG  Parent effects to tail: True
[     1    0.000 x1.00] LOG  Prefabs: Jump=True, Land=True, LTail=True, RTail=True
[     1    0.000 x1.00] LOG  ✅ Left Tail Tip: LeftTailVFX
[     1    0.000 x1.00] LOG  ✅ Right Tail Tip: RightTailTip_Anchor
[     1    0.000 x1.00] LOG  [VolumetricFogController] applyPresets is OFF in this scene. The Volumetric Fog component keeps its hand-set inspector values.
[     1    0.000 x1.00] LOG  [TailAirShot] Ready. drawState=RightTail_Fast castParam=TailCastSpeed (found)
  arrow leaves: PlayerYoru_1.1/Cat_All_10_Tails_v4/Group/DeformationSystem/root/Root_M/Tail15_R/Tail151_R/Tail152_R/Tail153_R/Tail154_R/Tail155_R/Tail156_R/Tail157_R/Tail158_R/Tail159_R/Tail1510_R/Tail1511_R/Tail1512_R/Tail6_R/Tail6_R_end/Tail6_R_end_end/Tail6_R_end_end_end/RightTailTip_Anchor
  aim VFX: PlayerYoru_1.1/Cat_All_10_Tails_v4/Group/DeformationSystem/root/Root_M/Tail15_R/Tail151_R/Tail152_R/Tail153_R/Tail154_R/Tail155_R/Tail156_R/Tail157_R/Tail158_R/Tail159_R/Tail1510_R/Tail1511_R/Tail1512_R/Tail6_R/Tail6_R_end/Tail6_R_end_end/Tail6_R_end_end_end/RightTailTip_Anchor/vfx_Muzzle_Fireball01Blue
[     1    0.000 x1.00] LOG  [RingMesh] VFX Status:
[     1    0.000 x1.00] LOG    Left: Prefab=✓, Spawn=Tail6_L_end_end_end
[     1    0.000 x1.00] LOG    Right: Prefab=✓, Spawn=Tail6_R_end_end_end
[     1    0.000 x1.00] LOG  [TailAirShot4Leg] Ready. drawState=shoot_4Leg castParam=Shoot4LegSpeed (found) readyFrame=5 fireFrame=10 frames=24 slowBudget=3s real damageMultiplier=2.00
  arrow leaves: PlayerYoru_1.1/Cat_All_10_Tails_v4/Group/DeformationSystem/root/Root_M/Tail15_R/Tail151_R/Tail152_R/Tail153_R/Tail154_R/Tail155_R/Tail156_R/Tail157_R/Tail158_R/Tail159_R/Tail1510_R/Tail1511_R/Tail1512_R/Tail6_R/Tail6_R_end/Tail6_R_end_end/Tail6_R_end_end_end/RightTailTip_Anchor
  aim VFX left:  PlayerYoru_1.1/Cat_All_10_Tails_v4/Group/DeformationSystem/root/Root_M/Tail15_L/Tail151_L/Tail152_L/Tail153_L/Tail154_L/Tail155_L/Tail156_L/Tail157_L/Tail158_L/Tail159_L/Tail1510_L/Tail1511_L/Tail1512_L/Tail6_L/Tail6_L_end/Tail6_L_end_end/Tail6_L_end_end_end/LeftTailTip_Anchor/Glow_4Leg_L
  aim VFX right: PlayerYoru_1.1/Cat_All_10_Tails_v4/Group/DeformationSystem/root/Root_M/Tail15_R/Tail151_R/Tail152_R/Tail153_R/Tail154_R/Tail155_R/Tail156_R/Tail157_R/Tail158_R/Tail159_R/Tail1510_R/Tail1511_R/Tail1512_R/Tail6_R/Tail6_R_end/Tail6_R_end_end/Tail6_R_end_end_end/RightTailTip_Anchor/Glow_4Leg_R
[     1    0.000 x1.00] LOG  [PlayerCombat] Phase 2 form gate CONNECTED (FormController found on this GameObject).
[     1    0.000 x1.00] LOG  [Combat] PlayerCombat initialized, Phase 3C v27
[     1    0.000 x1.00] LOG  [CameraGameFeel] CameraGameFeel initialized (shake + FOV)
[     1    2.697 x1.00] LOG  [OniBoss] Playing animation: Idle
[     1    2.697 x1.00] LOG  [OniBoss:Layer] watch stance ON (player 13.4m)
[   110    3.670 x1.00] LOG  💨 Landing VFX spawned!
[   110    3.670 x1.00] LOG  ✅ LANDED! (was jump #0)
[   491    4.975 x1.00] LOG  🐾 4-LEG JUMP #0
[   491    4.975 x1.00] LOG  🐾 Jump 1 VFX spawned!
[   538    5.143 x1.00] LOG  [TailAirShot] entry refused: this airtime is not a 2 leg jump | y=1.00 ts=1.00 fdt=0.0200
[   538    5.143 x0.10] LOG  [TailAirShot4Leg] ENTER 4 leg, slow on for up to 3s real, waiting for the fire button, drawState=shoot_4Leg | y=1.00 ts=0.10 fdt=0.0020
[   538    5.143 x0.10] LOG  [AirPosePin] engaged, holding body at 0.513m above the transform
[   592    5.322 x0.10] LOG  [TailAirShot4Leg] DRAW started | y=1.18 ts=0.10 fdt=0.0020
[   642    5.494 x0.10] LOG  [TailAirShot4Leg] READY, frozen on frame 5 | y=1.26 ts=0.10 fdt=0.0020
[  1284    7.799 x0.10] LOG  [TailAirShot4Leg] SHOT released (released from ready pose) | y=1.91 ts=0.10 fdt=0.0020
[  1332    7.964 x0.10] LOG  [TailAirShot4Leg] FIRE, arrow away, dir=(-0.74, -0.09, 0.67) damage=40 (20 x 2.00) | y=1.93 ts=0.10 fdt=0.0020
[  1380    8.145 x1.00] LOG  [TailAirShot4Leg] FINISHER (slow timer ran out mid motion), motion completes and fires | y=1.94 ts=1.00 fdt=0.0200
[  1425    8.317 x1.00] LOG  OniBoss took 40 damage. HP: 460/500
[  1425    8.317 x1.00] LOG  [OniBoss] LostSoul → Stagger
[  1425    8.317 x1.00] LOG  [OniBoss] Playing animation: Stagger
[  1425    8.317 x1.00] LOG  [OniBoss] STAGGERED for 2.5s
[  1425    8.317 x1.00] LOG  [OniBoss:Layer] heavy knock-back react (40 dmg) → 'HitReact_Heavy', down for 1.80s
[  1426    8.324 x1.00] LOG  [BossBar] Showing bar for: Oni (460/500)
[  1426    8.324 x1.00] LOG  [OniBoss:Layer] boss bar shown
[  1453    8.426 x1.00] LOG  [TailAirShot4Leg] finisher done, fully idle | y=1.28 ts=1.00 fdt=0.0200
[  1453    8.426 x1.00] LOG  [AirPosePin] released, peak correction was -0.096m
[  1503    8.603 x1.00] LOG  💨 Landing VFX spawned!
[  1503    8.603 x1.00] LOG  ✅ LANDED! (was jump #1)
[  1915   10.117 x1.00] LOG  [OniBoss] Stagger → Chase
[  1916   10.120 x1.00] LOG  [StormWeather] COZY → 'Yoru_Oni_Phase1_Storm' (fight engaged - storm rolls in, 0 s)
[  1916   10.120 x1.00] LOG  [StormWeather] FIGHT STARTED (he engaged) - storm on, floor starts to soak.
[  1916   10.120 x1.00] LOG  [OniBoss] Ranged combo started: Charge→Slam: (2 steps, dist 15.2m)
[  1916   10.120 x1.00] LOG  [OniBoss] Chase → Attack
[  1916   10.120 x1.00] LOG  [OniBoss] Attack: Oni_Charge (18 dmg)

[  1916   10.120 x1.00] TEL ────────── CHARGE ──────────
[  1916   10.120 x1.00] LOG  [OniBoss:Layer] charge begin: travel bone 'Hips' depth 1, local now (0.00, 3.24, -0.24) vs rest (0.00, 3.24, -0.24); pin ON; drive windup→rush→strike; engine Attack, AnimSpeed 1.30, clip at 0.00, dist 15.2m
[  1916   10.120 x1.00] TEL charge Windup n=0.00 spd=1.30 mult=1.00 st=Attack anim=h-1757638897/Charge drift=0.00 cut=0.00 meshOff=0.24m vis bounds+0.1m pos=(467.1,439.3) dist=15.2 vel=0.0
[  1917   10.127 x1.00] WARN The referenced script on this Behaviour (Game Object '<null>') is missing!
[  1917   10.127 x1.00] WARN The referenced script on this Behaviour (Game Object 'Lightning Light') is missing!
[  1917   10.127 x1.00] WARN The referenced script on this Behaviour (Game Object 'Lightning Light') is missing!
[  1938   10.207 x1.00] TEL charge Windup n=0.07 spd=1.30 mult=1.00 st=Attack anim=h-1757638897/Charge drift=0.28 cut=0.28 meshOff=0.24m vis bounds+0.1m pos=(467.1,439.3) dist=15.9 vel=0.0
[  1960   10.296 x1.00] TEL charge Windup n=0.15 spd=1.30 mult=1.30 st=Attack anim=Charge/- drift=0.95 cut=0.95 meshOff=0.24m vis bounds+0.3m pos=(467.1,439.3) dist=16.4 vel=0.0
[  1977   10.380 x1.00] TEL charge Windup n=0.22 spd=1.30 mult=1.30 st=Attack anim=Charge/- drift=1.14 cut=1.14 meshOff=0.24m vis bounds+0.3m pos=(467.1,439.3) dist=17.0 vel=0.0
[  1992   10.466 x1.00] TEL charge Windup n=0.29 spd=1.30 mult=1.30 st=Attack anim=Charge/- drift=0.53 cut=0.53 meshOff=0.24m vis bounds+0.3m pos=(467.1,439.3) dist=17.7 vel=0.0
[  2009   10.551 x1.00] TEL charge Windup n=0.36 spd=1.30 mult=1.30 st=Attack anim=Charge/- drift=4.48 cut=4.48 meshOff=0.24m vis bounds+0.1m pos=(467.1,439.3) dist=17.9 vel=0.0
[  2018   10.597 x1.00] LOG  [OniBoss:Layer] charge RUSH: clip frozen at 0.40, 17.9m to go at 14m/s
[  2019   10.601 x1.00] LOG  [OniBoss:Layer] charge fire trail: 'ToonFireTrail' attached to his feet for the rush.
[  2026   10.636 x1.00] TEL charge Rush   n=0.40 spd=0.00 mult=0.00 st=Attack anim=Charge/- drift=7.52 cut=7.52 meshOff=0.24m vis bounds+0.5m pos=(467.2,438.7) dist=17.4 vel=0.0
[  2041   10.722 x1.00] TEL charge Rush   n=0.40 spd=0.00 mult=0.00 st=Attack anim=Charge/- drift=7.52 cut=7.52 meshOff=0.24m vis bounds+0.5m pos=(467.3,437.5) dist=16.2 vel=0.0
[  2067   10.809 x1.00] TEL charge Rush   n=0.40 spd=0.00 mult=0.00 st=Attack anim=Charge/- drift=7.52 cut=7.52 meshOff=0.24m vis bounds+0.5m pos=(467.4,436.3) dist=15.0 vel=0.0
[  2092   10.892 x1.00] TEL charge Rush   n=0.40 spd=0.00 mult=0.00 st=Attack anim=Charge/- drift=7.52 cut=7.52 meshOff=0.24m vis bounds+0.5m pos=(467.5,435.2) dist=13.8 vel=0.0
[  2101   10.921 x1.00] LOG  [StormWeather] storm post weight -> 0.40
[  2119   10.978 x1.00] TEL charge Rush   n=0.40 spd=0.00 mult=0.00 st=Attack anim=Charge/- drift=7.52 cut=7.52 meshOff=0.24m vis bounds+0.5m pos=(467.6,434.0) dist=12.6 vel=0.0
[  2143   11.063 x1.00] TEL charge Rush   n=0.40 spd=0.00 mult=0.00 st=Attack anim=Charge/- drift=7.52 cut=7.52 meshOff=0.24m vis bounds+0.5m pos=(467.7,432.8) dist=11.4 vel=0.0
[  2167   11.148 x1.00] TEL charge Rush   n=0.40 spd=0.00 mult=0.00 st=Attack anim=Charge/- drift=7.52 cut=7.52 meshOff=0.24m vis bounds+0.5m pos=(467.8,431.6) dist=10.2 vel=0.0
[  2183   11.203 x1.00] LOG  [StormWeather] fur: rain reaching the coat (intensity 0.01, follows floor wetness).
[  2192   11.234 x1.00] TEL charge Rush   n=0.40 spd=0.00 mult=0.00 st=Attack anim=Charge/- drift=7.52 cut=7.52 meshOff=0.24m vis bounds+0.5m pos=(467.9,430.4) dist=9.0 vel=0.0
[  2217   11.319 x1.00] TEL charge Rush   n=0.40 spd=0.00 mult=0.00 st=Attack anim=Charge/- drift=7.52 cut=7.52 meshOff=0.24m vis bounds+0.5m pos=(468.0,429.2) dist=7.8 vel=0.0
[  2243   11.403 x1.00] TEL charge Rush   n=0.40 spd=0.00 mult=0.00 st=Attack anim=Charge/- drift=7.52 cut=7.52 meshOff=0.24m vis bounds+0.5m pos=(468.1,428.0) dist=6.7 vel=0.0
[  2268   11.486 x1.00] TEL charge Rush   n=0.40 spd=0.00 mult=0.00 st=Attack anim=Charge/- drift=7.52 cut=7.52 meshOff=0.24m vis bounds+0.5m pos=(468.2,426.9) dist=5.5 vel=0.0
[  2293   11.570 x1.00] TEL charge Rush   n=0.40 spd=0.00 mult=0.00 st=Attack anim=Charge/- drift=7.52 cut=7.52 meshOff=0.24m vis bounds+0.5m pos=(468.4,425.7) dist=4.3 vel=0.0
[  2317   11.656 x1.00] TEL charge Rush   n=0.40 spd=0.00 mult=0.00 st=Attack anim=Charge/- drift=7.52 cut=7.52 meshOff=0.24m vis bounds+0.5m pos=(468.5,424.5) dist=3.1 vel=0.0
[  2328   11.695 x1.00] LOG  [OniBoss:Layer] charge STRIKE: arrived 2.6m from the lock point after 1.10s real — clip 0.40 → 0.58 (blend 0.10s), strike moment 0.76, Yoru 2.6m away
[  2341   11.741 x1.00] TEL charge Strike n=0.61 spd=1.00 mult=1.00 st=Attack anim=Charge/Charge drift=12.54 cut=12.54 meshOff=0.24m vis bounds+0.3m pos=(468.5,424.0) dist=2.6 vel=0.0
[  2364   11.826 x1.00] TEL charge Strike n=0.66 spd=1.00 mult=1.00 st=Attack anim=Charge/- drift=15.74 cut=15.74 meshOff=0.24m vis bounds+0.4m pos=(468.5,424.0) dist=2.6 vel=0.0
[  2387   11.909 x1.00] TEL charge Strike n=0.72 spd=1.00 mult=1.00 st=Attack anim=Charge/- drift=16.43 cut=16.43 meshOff=0.24m vis bounds+0.4m pos=(468.5,424.0) dist=2.6 vel=0.0
[  2406   11.981 x1.00] LOG  [CameraGameFeel] Shake: intensity=0.45 duration=0.350s
[  2406   11.981 x1.00] LOG  [Combat] Hit react: HitReact_Heavy_2Leg (0.9s, clip starts at 0.35s)
[  2406   11.981 x1.00] LOG  [CameraGameFeel] Shake: intensity=0.60 duration=0.200s
[  2406   11.981 x1.00] LOG  [CameraGameFeel] FOV punch: player damage (-3.0°)
[  2406   11.981 x1.00] LOG  [OniBoss] Hit player for 18 (Oni_Charge)
[  2408   11.994 x1.00] TEL charge Strike n=0.77 spd=1.00 mult=1.00 st=Attack anim=Charge/- drift=16.94 cut=16.94 meshOff=0.24m vis bounds+0.4m pos=(468.5,424.0) dist=2.6 vel=0.0
[  2410   12.001 x1.00] LOG  [HitReactTrace] asked for 'HitReact_Heavy_2Leg' (0.90s, clip start 0.35s): playing it, blend resolved after 20 ms, state 1.21s long at speed 1.00, now at 0.37s, layer weight 1.00, animator.speed 1.00.
[  2428   12.077 x1.00] TEL charge Strike n=0.83 spd=1.00 mult=1.00 st=Attack anim=Charge/- drift=17.39 cut=17.39 meshOff=0.24m vis bounds+0.3m pos=(468.5,424.0) dist=2.6 vel=0.0
[  2444   12.161 x1.00] TEL charge Strike n=0.88 spd=1.00 mult=1.00 st=Attack anim=Charge/- drift=17.75 cut=17.75 meshOff=0.24m vis bounds+0.2m pos=(468.5,424.0) dist=2.6 vel=0.0
[  2468   12.247 x1.00] TEL charge Strike n=0.94 spd=1.00 mult=1.00 st=Attack anim=Charge/- drift=17.98 cut=17.98 meshOff=0.24m vis bounds+0.1m pos=(468.5,424.0) dist=2.6 vel=0.0
[  2492   12.335 x1.00] TEL charge Strike n=0.99 spd=1.00 mult=1.00 st=Attack anim=Charge/- drift=18.07 cut=18.07 meshOff=0.24m vis bounds+0.1m pos=(468.5,424.0) dist=2.6 vel=0.0
[  2493   12.339 x1.00] LOG  [OniBoss] Attack → Recovery
[  2493   12.339 x1.00] LOG  [OniBoss] Playing animation: Watch
[  2493   12.339 x1.00] LOG  [OniBoss:Layer] charge fire trail: released — burns out over 3.8s where the rush ended.
[  2493   12.339 x1.00] LOG  [OniBoss:Layer] charge complete: engine left Attack (now Recovery) during Strike
[  2515   12.419 x1.00] TEL charge None   n=1.05 spd=1.00 mult=1.00 st=Recovery anim=Charge/h-1849006814 drift=9.90 cut=9.90 meshOff=0.24m vis bounds+0.1m pos=(468.5,424.0) dist=2.6 vel=0.0
[  2535   12.492 x1.00] LOG  [OniBoss] Recovery → Attack
[  2535   12.492 x1.00] LOG  [OniBoss] Attack: ClubSlam (20 dmg)
[  2535   12.492 x1.00] LOG  [OniBoss:Trail] ClubSlam trail START at clip 1.00 (transition still blending).
[  2538   12.503 x1.00] TEL charge None   n=1.10 spd=2.00 mult=2.00 st=Attack anim=Charge/h283984468 drift=2.68 cut=2.68 meshOff=0.24m vis bounds+0.2m pos=(468.5,424.0) dist=2.6 vel=0.0
[  2560   12.587 x1.00] TEL charge None   n=1.10 spd=2.00 mult=2.00 st=Attack anim=Charge/h283984468 drift=0.45 cut=0.45 meshOff=0.24m vis bounds+0.4m pos=(468.5,424.0) dist=2.6 vel=0.0
[  2565   12.604 x1.00] LOG  [OniBoss:Layer] charge end (clip left the animator) after 2.48s real: pin measured 649 frames, cancelled on 643, max raw drift 18.07m, max cancelled 18.07m — travel WAS baked in, pin held it
[  2645   12.900 x1.00] LOG  [CameraGameFeel] Shake: intensity=0.50 duration=0.400s
[  2645   12.900 x1.00] LOG  [Combat] Hit react: HitReact_Heavy_2Leg (0.9s, clip starts at 0.35s)
[  2645   12.900 x1.00] LOG  [CameraGameFeel] Shake: intensity=0.60 duration=0.200s
[  2645   12.900 x1.00] LOG  [CameraGameFeel] FOV punch: player damage (-3.0°)
[  2645   12.900 x1.00] LOG  [OniBoss] Hit player for 30 (ClubSlam) [combo x1.50]
[  2645   12.900 x1.00] LOG  [OniBoss:Touch] ClubSlam: club TOUCHED Yoru at clip 0.44 — shaft 0.69m from her body line, tip speed 116m/s, ONE FRAME EARLY (predicted). Full club hit delivered this frame.
[  2652   12.929 x1.00] LOG  [HitReactTrace] asked for 'HitReact_Heavy_2Leg' (0.90s, clip start 0.35s): playing it, blend resolved after 29 ms, state 1.21s long at speed 1.00, now at 0.37s, layer weight 1.00, animator.speed 1.00.
[  2752   13.286 x1.00] LOG  [OniBoss:ClubPos] ClubSlam at strike: club tip 0.58m up, 2.90m in front, -0.22m to his right (2.91m out from his centre). Club faces 5deg from his forward, pitch -0.25. (the ground wave is born 1.6m in front of him at 0.35m.)
[  2752   13.286 x1.00] LOG  [OniBoss:Layer] ClubSlam: club already hit — ground wave released as VISUAL only (0 damage), finisher size x2.0.
[  2786   13.415 x1.00] LOG  [OniBoss] Attack → Recovery
[  2786   13.415 x1.00] LOG  [OniBoss] Playing animation: Watch
[  2786   13.415 x1.00] LOG  [OniBoss:Trail] trail END at clip 0.99, fading over 0.40s.
[  2786   13.415 x1.00] LOG  [OniBoss:Strike] ClubSlam: club tip closest to Yoru at 0.31m, clip position 0.85 | damage fires at 0.85 | clip 0.93s => MATCHED (within one or two frames)
[  2827   13.567 x1.00] LOG  [OniBoss] Recovery → Chase
[  2828   13.572 x1.00] LOG  [OniBoss] hold-ground: BACKSTEP 1.5m (player 2.6m)
[  3080   14.511 x1.00] LOG  [OniBoss] hold-ground: backstep done (1.50m), WATCH (player 4.1m, cooldown 0.9s)
[  3080   14.511 x1.00] LOG  [OniBoss] Playing animation: Watch
[  3286   15.367 x1.00] LOG  [OniBoss] hold-ground: cooldown over, player 4.1m > 3.5m — APPROACH
[  3286   15.367 x1.00] LOG  [OniBoss] Playing animation: Walk
[  3440   15.977 x1.00] LOG  [OniBoss] Chase → Attack
[  3440   15.977 x1.00] LOG  [OniBoss] Attack: Club_Swing (16 dmg)
[  3440   15.977 x1.00] LOG  [OniBoss:Trail] Club_Swing trail START at clip 0.33 (transition done).
[  3444   15.995 x1.00] LOG  [OniBoss:Layer] step-in: 'Club_Swing' closed 0.08m, Yoru now 3.0m away (range 3.5)
[  3520   16.333 x1.00] LOG  [OniBoss:ClubPos] Club_Swing at strike: club tip 3.02m up, 2.75m in front, -2.81m to his right (3.93m out from his centre). Club faces -77deg from his forward, pitch 0.40. (the ground wave is born 1.6m in front of him at 0.35m.)
[  3520   16.333 x1.00] LOG  [OniBoss:Layer] Club_Swing: club has not connected — ground wave released ARMED, 1.6m in front, 12m/s x 6.0m = 0.50s, carrying 8 (half of the club's 16).
[  3521   16.340 x1.00] LOG  [Combat] Hit react: HitReact_Light_2Leg (0.5s, clip starts at 0.35s)
[  3521   16.340 x1.00] LOG  [CameraGameFeel] Shake: intensity=0.30 duration=0.200s
[  3521   16.340 x1.00] LOG  [CameraGameFeel] FOV punch: player damage (-2.0°)
[  3521   16.340 x1.00] LOG  [OniBoss:Wave] wave TOUCHED Yoru (grounded) for 8 after 0.1m / 0.01s of travel.
[  3526   16.360 x1.00] LOG  [HitReactTrace] asked for 'HitReact_Light_2Leg' (0.50s, clip start 0.35s): playing it, blend resolved after 21 ms, state 1.21s long at speed 1.00, now at 0.37s, layer weight 1.00, animator.speed 1.00.
[  3633   16.812 x1.00] LOG  [OniBoss] Attack → Recovery
[  3633   16.812 x1.00] LOG  [OniBoss] Playing animation: Watch
[  3633   16.812 x1.00] LOG  [OniBoss:Trail] trail END at clip 0.99, fading over 0.40s.
[  3633   16.812 x1.00] LOG  [OniBoss:Strike] Club_Swing: club tip closest to Yoru at 1.49m, clip position 0.91 | damage fires at 0.42 | clip 0.84s => damage fires 412 ms BEFORE the club is closest
[  3671   16.963 x1.00] LOG  [OniBoss] Recovery → Chase
[  3672   16.966 x1.00] LOG  [OniBoss] hold-ground: BACKSTEP 1.5m (player 3.0m)
[  3881   17.793 x1.00] LOG  [OniBoss] hold-ground: backstep done (1.32m), WATCH (player 4.3m, cooldown 1.0s)
[  3881   17.793 x1.00] LOG  [OniBoss] Playing animation: Watch
[  4091   18.767 x1.00] LOG  [OniBoss] hold-ground: cooldown over, player 4.3m > 3.5m — APPROACH
[  4091   18.767 x1.00] LOG  [OniBoss] Playing animation: Walk
[  4256   19.467 x1.00] LOG  [OniBoss] Chase → Attack
[  4256   19.467 x1.00] LOG  [OniBoss] Attack: ClubSlam (20 dmg)
[  4256   19.467 x1.00] LOG  [OniBoss:Trail] ClubSlam trail START at clip 0.38 (transition done).
[  4260   19.486 x1.00] LOG  [OniBoss:Layer] step-in: 'ClubSlam' closed 0.08m, Yoru now 3.0m away (range 3.5)
[  4357   19.883 x1.00] LOG  [CameraGameFeel] Shake: intensity=0.50 duration=0.400s
[  4357   19.883 x1.00] LOG  [Combat] Hit react: HitReact_Heavy_2Leg (0.9s, clip starts at 0.35s)
[  4357   19.883 x1.00] LOG  [CameraGameFeel] Shake: intensity=0.60 duration=0.200s
[  4357   19.883 x1.00] LOG  [CameraGameFeel] FOV punch: player damage (-3.0°)
[  4357   19.883 x1.00] LOG  [OniBoss] Hit player for 20 (ClubSlam)
[  4357   19.883 x1.00] LOG  [OniBoss:Touch] ClubSlam: club TOUCHED Yoru at clip 0.45 — shaft 0.49m from her body line, tip speed 112m/s, ONE FRAME EARLY (predicted). Full club hit delivered this frame.
[  4358   19.887 x1.00] LOG  [HitReactTrace] asked for 'HitReact_Heavy_2Leg' (0.90s, clip start 0.35s): NOT playing it, another state took the combat layer, blend resolved after 4 ms, state 1.00s long at speed 1.00, now at 3.04s, layer weight 1.00, animator.speed 1.00.
[  4445   20.260 x1.00] LOG  [OniBoss:ClubPos] ClubSlam at strike: club tip 0.55m up, 2.91m in front, -0.14m to his right (2.91m out from his centre). Club faces 7deg from his forward, pitch -0.26. (the ground wave is born 1.6m in front of him at 0.35m.)
[  4445   20.260 x1.00] LOG  [OniBoss:Layer] ClubSlam: club already hit — ground wave released as VISUAL only (0 damage).
[  4473   20.391 x1.00] LOG  [OniBoss] Attack → Recovery
[  4473   20.391 x1.00] LOG  [OniBoss] Playing animation: Watch
[  4473   20.391 x1.00] LOG  [OniBoss:Trail] trail END at clip 0.99, fading over 0.40s.
[  4473   20.391 x1.00] LOG  [OniBoss:Strike] ClubSlam: club tip closest to Yoru at 0.16m, clip position 0.85 | damage fires at 0.85 | clip 0.93s => MATCHED (within one or two frames)
[  4476   20.404 x1.00] WARN The referenced script on this Behaviour (Game Object '<null>') is missing!
[  4476   20.404 x1.00] WARN The referenced script on this Behaviour (Game Object 'Lightning Light') is missing!
[  4476   20.404 x1.00] WARN The referenced script on this Behaviour (Game Object 'Lightning Light') is missing!
[  4507   20.548 x1.00] LOG  [OniBoss] Recovery → Chase
[  4508   20.558 x1.00] LOG  [OniBoss] hold-ground: BACKSTEP 1.5m (player 3.0m)
[  4685   21.377 x1.00] LOG  [OniBoss] hold-ground: backstep done (1.32m), WATCH (player 4.3m, cooldown 1.0s)
[  4685   21.377 x1.00] LOG  [OniBoss] Playing animation: Watch
[  4931   22.350 x1.00] LOG  [OniBoss] hold-ground: cooldown over, player 4.3m > 3.5m — APPROACH
[  4931   22.350 x1.00] LOG  [OniBoss] Playing animation: Walk
[  5102   23.050 x1.00] LOG  [OniBoss] Chase → Attack
[  5102   23.050 x1.00] LOG  [OniBoss] Attack: ClubSlam (20 dmg)
[  5102   23.050 x1.00] LOG  [OniBoss:Trail] ClubSlam trail START at clip 0.38 (transition done).
[  5106   23.069 x1.00] LOG  [OniBoss:Layer] step-in: 'ClubSlam' closed 0.08m, Yoru now 3.0m away (range 3.5)
[  5174   23.464 x1.00] LOG  [CameraGameFeel] Shake: intensity=0.50 duration=0.400s
[  5174   23.464 x1.00] LOG  [Combat] Hit react: HitReact_Heavy_2Leg (0.9s, clip starts at 0.35s)
[  5174   23.464 x1.00] LOG  [CameraGameFeel] Shake: intensity=0.60 duration=0.200s
[  5174   23.464 x1.00] LOG  [CameraGameFeel] FOV punch: player damage (-3.0°)
[  5174   23.464 x1.00] LOG  [OniBoss] Hit player for 20 (ClubSlam)
[  5174   23.464 x1.00] LOG  [OniBoss:Touch] ClubSlam: club TOUCHED Yoru at clip 0.45 — shaft 0.57m from her body line, tip speed 113m/s, ONE FRAME EARLY (predicted). Full club hit delivered this frame.
[  5175   23.469 x1.00] LOG  [HitReactTrace] asked for 'HitReact_Heavy_2Leg' (0.90s, clip start 0.35s): NOT playing it, another state took the combat layer, blend resolved after 6 ms, state 1.00s long at speed 1.00, now at 2.70s, layer weight 1.00, animator.speed 1.00.
[  5261   23.843 x1.00] LOG  [OniBoss:ClubPos] ClubSlam at strike: club tip 0.58m up, 2.90m in front, -0.21m to his right (2.91m out from his centre). Club faces 5deg from his forward, pitch -0.25. (the ground wave is born 1.6m in front of him at 0.35m.)
[  5261   23.843 x1.00] LOG  [OniBoss:Layer] ClubSlam: club already hit — ground wave released as VISUAL only (0 damage).
[  5288   23.977 x1.00] LOG  [OniBoss] Attack → Recovery
[  5288   23.977 x1.00] LOG  [OniBoss] Playing animation: Watch
[  5288   23.977 x1.00] LOG  [OniBoss:Trail] trail END at clip 0.99, fading over 0.40s.
[  5288   23.977 x1.00] LOG  [OniBoss:Strike] ClubSlam: club tip closest to Yoru at 0.14m, clip position 0.85 | damage fires at 0.85 | clip 0.93s => MATCHED (within one or two frames)
[  5316   24.129 x1.00] LOG  [OniBoss] Recovery → Chase
[  5317   24.132 x1.00] LOG  [OniBoss] hold-ground: BACKSTEP 1.5m (player 3.0m)
[  5491   24.965 x1.00] LOG  [OniBoss] hold-ground: backstep done (1.33m), WATCH (player 4.3m, cooldown 1.0s)
[  5491   24.965 x1.00] LOG  [OniBoss] Playing animation: Idle
[  5696   25.931 x1.00] LOG  [OniBoss] hold-ground: cooldown over, player 4.3m > 3.5m — APPROACH
[  5696   25.931 x1.00] LOG  [OniBoss] Playing animation: Walk
[  5881   26.635 x1.00] LOG  [OniBoss] Combo started: ClubSwing1 → ClubSwing2 → ClubSlam (3 steps remaining)
[  5881   26.635 x1.00] LOG  [OniBoss] Chase → Attack
[  5881   26.635 x1.00] LOG  [OniBoss] Attack: Club_Swing (16 dmg)
[  5881   26.635 x1.00] LOG  [OniBoss:Trail] Club_Swing trail START at clip 0.38 (transition done).
[  5885   26.651 x1.00] LOG  [OniBoss:Layer] step-in: 'Club_Swing' closed 0.08m, Yoru now 3.0m away (range 3.5)
[  5976   26.992 x1.00] LOG  [OniBoss:ClubPos] Club_Swing at strike: club tip 3.02m up, 2.54m in front, -2.94m to his right (3.88m out from his centre). Club faces -81deg from his forward, pitch 0.40. (the ground wave is born 1.6m in front of him at 0.35m.)
[  5976   26.992 x1.00] LOG  [OniBoss:Layer] Club_Swing: club has not connected — ground wave released ARMED, 1.6m in front, 12m/s x 6.0m = 0.50s, carrying 8 (half of the club's 16).
[  5977   26.997 x1.00] LOG  [Combat] Hit react: HitReact_Light_2Leg (0.5s, clip starts at 0.35s)
[  5977   26.997 x1.00] LOG  [CameraGameFeel] Shake: intensity=0.30 duration=0.200s
[  5977   26.997 x1.00] LOG  [CameraGameFeel] FOV punch: player damage (-2.0°)
[  5977   26.997 x1.00] LOG  [OniBoss:Wave] wave TOUCHED Yoru (grounded) for 8 after 0.1m / 0.00s of travel.
[  5982   27.017 x1.00] LOG  [HitReactTrace] asked for 'HitReact_Light_2Leg' (0.50s, clip start 0.35s): playing it, blend resolved after 20 ms, state 1.21s long at speed 1.00, now at 0.37s, layer weight 1.00, animator.speed 1.00.
[  6105   27.468 x1.00] LOG  [OniBoss] Attack → Recovery
[  6105   27.468 x1.00] LOG  [OniBoss] Playing animation: Watch
[  6105   27.468 x1.00] LOG  [OniBoss:Trail] trail END at clip 0.99, fading over 0.40s.
[  6105   27.468 x1.00] LOG  [OniBoss:Strike] Club_Swing: club tip closest to Yoru at 1.49m, clip position 0.91 | damage fires at 0.42 | clip 0.84s => damage fires 411 ms BEFORE the club is closest
[  6145   27.620 x1.00] LOG  [OniBoss] Recovery → Attack
[  6145   27.620 x1.00] LOG  [OniBoss] Attack: ClubSwing2 (16 dmg)
[  6145   27.620 x1.00] LOG  [OniBoss:Trail] ClubSwing2 trail START at clip 1.00 (transition still blending).
[  6242   27.958 x1.00] LOG  [CameraGameFeel] Shake: intensity=0.20 duration=0.250s
[  6242   27.958 x1.00] LOG  [Combat] Hit react: HitReact_Light_2Leg (0.5s, clip starts at 0.35s)
[  6242   27.958 x1.00] LOG  [CameraGameFeel] Shake: intensity=0.30 duration=0.200s
[  6242   27.958 x1.00] LOG  [CameraGameFeel] FOV punch: player damage (-2.0°)
[  6242   27.958 x1.00] LOG  [OniBoss] Hit player for 20 (ClubSwing2) [combo x1.25]
[  6242   27.958 x1.00] LOG  [OniBoss:Touch] ClubSwing2: club TOUCHED Yoru at clip 0.29 — shaft 0.60m from her body line, tip speed 102m/s, ONE FRAME EARLY (predicted). Full club hit delivered this frame.
[  6243   27.963 x1.00] LOG  [HitReactTrace] asked for 'HitReact_Light_2Leg' (0.50s, clip start 0.35s): NOT playing it, another state took the combat layer, blend resolved after 4 ms, state 1.00s long at speed 1.00, now at 0.46s, layer weight 1.00, animator.speed 1.00.
[  6253   27.998 x1.00] LOG  [OniBoss:ClubPos] ClubSwing2 at strike: club tip 0.04m up, 1.95m in front, 2.25m to his right (2.98m out from his centre). Club faces -2deg from his forward, pitch -0.86. (the ground wave is born 1.6m in front of him at 0.35m.)
[  6253   27.998 x1.00] LOG  [OniBoss:Layer] ClubSwing2: club already hit — ground wave released as VISUAL only (0 damage).
[  6472   28.782 x1.00] LOG  [OniBoss] Attack → Recovery
[  6472   28.782 x1.00] LOG  [OniBoss] Playing animation: Watch
[  6472   28.782 x1.00] LOG  [OniBoss:Trail] trail END at clip 0.99, fading over 0.40s.
[  6472   28.782 x1.00] LOG  [OniBoss:Strike] ClubSwing2: club tip closest to Yoru at 0.41m, clip position 0.30 | damage fires at 0.32 | clip 1.17s => MATCHED (within one or two frames)
[  6514   28.933 x1.00] LOG  [OniBoss] Recovery → Attack
[  6514   28.933 x1.00] LOG  [OniBoss] Attack: ClubSlam (20 dmg)
[  6514   28.933 x1.00] LOG  [OniBoss:Trail] ClubSlam trail START at clip 1.00 (transition still blending).
[  6629   29.346 x1.00] LOG  [CameraGameFeel] Shake: intensity=0.50 duration=0.400s
[  6629   29.346 x1.00] LOG  [Combat] Hit react: HitReact_Heavy_2Leg (0.9s, clip starts at 0.35s)
[  6629   29.346 x1.00] LOG  [CameraGameFeel] Shake: intensity=0.60 duration=0.200s
[  6629   29.346 x1.00] LOG  [CameraGameFeel] FOV punch: player damage (-3.0°)
[  6629   29.346 x1.00] LOG  [OniBoss] Hit player for 30 (ClubSlam) [combo x1.50]
[  6629   29.346 x1.00] LOG  [OniBoss:Touch] ClubSlam: club TOUCHED Yoru at clip 0.45 — shaft 0.65m from her body line, tip speed 114m/s, ONE FRAME EARLY (predicted). Full club hit delivered this frame.
[  6630   29.351 x1.00] LOG  [HitReactTrace] asked for 'HitReact_Heavy_2Leg' (0.90s, clip start 0.35s): NOT playing it, another state took the combat layer, blend resolved after 5 ms, state 1.00s long at speed 1.00, now at 0.89s, layer weight 1.00, animator.speed 1.00.
[  6732   29.727 x1.00] LOG  [OniBoss:ClubPos] ClubSlam at strike: club tip 0.58m up, 2.90m in front, -0.23m to his right (2.91m out from his centre). Club faces 5deg from his forward, pitch -0.25. (the ground wave is born 1.6m in front of him at 0.35m.)
[  6732   29.727 x1.00] LOG  [OniBoss:Layer] ClubSlam: club already hit — ground wave released as VISUAL only (0 damage), finisher size x2.0.
[  6766   29.854 x1.00] LOG  [OniBoss] Attack → Recovery
[  6766   29.854 x1.00] LOG  [OniBoss] Playing animation: Watch
[  6766   29.854 x1.00] LOG  [OniBoss:Trail] trail END at clip 0.99, fading over 0.40s.
[  6766   29.854 x1.00] LOG  [OniBoss:Strike] ClubSlam: club tip closest to Yoru at 0.14m, clip position 0.85 | damage fires at 0.85 | clip 0.93s => MATCHED (within one or two frames)
[  6807   30.008 x1.00] LOG  [OniBoss] Recovery → Chase
[  6808   30.011 x1.00] LOG  [OniBoss] hold-ground: BACKSTEP 1.5m (player 3.0m)
[  7030   30.848 x1.00] LOG  [OniBoss] hold-ground: backstep done (1.33m), WATCH (player 4.3m, cooldown 1.0s)
[  7030   30.848 x1.00] LOG  [OniBoss] Playing animation: Watch
[  7031   30.852 x1.00] LOG  [OniBoss] Playing animation: Walk
[  7172   31.408 x1.00] LOG  [OniBoss] Playing animation: Watch
[  7281   31.808 x1.00] LOG  [OniBoss] hold-ground: cooldown over, player 3.8m > 3.5m — APPROACH
[  7281   31.808 x1.00] LOG  [OniBoss] Playing animation: Walk
[  7399   32.224 x1.00] WARN The referenced script on this Behaviour (Game Object '<null>') is missing!
[  7399   32.224 x1.00] WARN The referenced script on this Behaviour (Game Object 'Lightning Light') is missing!
[  7399   32.224 x1.00] WARN The referenced script on this Behaviour (Game Object 'Lightning Light') is missing!
[  7414   32.281 x1.00] LOG  [OniBoss] Chase → Attack
[  7414   32.281 x1.00] LOG  [OniBoss] Attack: ClubSwing2 (16 dmg)
[  7414   32.281 x1.00] LOG  [OniBoss:Trail] ClubSwing2 trail START at clip 0.25 (transition done).
[  7417   32.294 x1.00] LOG  [OniBoss:Layer] step-in: 'ClubSwing2' closed 0.08m, Yoru now 3.0m away (range 3.5)
[  7482   32.621 x1.00] LOG  [CameraGameFeel] Shake: intensity=0.20 duration=0.250s
[  7482   32.621 x1.00] LOG  [Combat] Hit react: HitReact_Light_2Leg (0.5s, clip starts at 0.35s)
[  7482   32.621 x1.00] LOG  [CameraGameFeel] Shake: intensity=0.30 duration=0.200s
[  7482   32.621 x1.00] LOG  [CameraGameFeel] FOV punch: player damage (-2.0°)
[  7482   32.621 x1.00] LOG  [OniBoss] Hit player for 16 (ClubSwing2)
[  7482   32.621 x1.00] LOG  [OniBoss:Touch] ClubSwing2: club TOUCHED Yoru at clip 0.29 — shaft 0.36m from her body line, tip speed 101m/s, ONE FRAME EARLY (predicted). Full club hit delivered this frame.
[  7483   32.631 x1.00] LOG  [HitReactTrace] asked for 'HitReact_Light_2Leg' (0.50s, clip start 0.35s): NOT playing it, another state took the combat layer, blend resolved after 10 ms, state 1.00s long at speed 1.00, now at 2.41s, layer weight 1.00, animator.speed 1.00.
[  7490   32.664 x1.00] LOG  [OniBoss:ClubPos] ClubSwing2 at strike: club tip 0.17m up, 1.63m in front, 2.63m to his right (3.09m out from his centre). Club faces 14deg from his forward, pitch -0.89. (the ground wave is born 1.6m in front of him at 0.35m.)
[  7490   32.664 x1.00] LOG  [OniBoss:Layer] ClubSwing2: club already hit — ground wave released as VISUAL only (0 damage).
[  7702   33.443 x1.00] LOG  [OniBoss] Attack → Recovery
[  7702   33.443 x1.00] LOG  [OniBoss] Playing animation: Watch
[  7702   33.443 x1.00] LOG  [OniBoss:Trail] trail END at clip 0.99, fading over 0.40s.
[  7702   33.443 x1.00] LOG  [OniBoss:Strike] ClubSwing2: club tip closest to Yoru at 0.40m, clip position 0.30 | damage fires at 0.32 | clip 1.17s => MATCHED (within one or two frames)
[  7743   33.594 x1.00] LOG  [OniBoss] Recovery → Chase
[  7744   33.599 x1.00] LOG  [OniBoss] hold-ground: BACKSTEP 1.5m (player 3.0m)
[  7956   34.426 x1.00] LOG  [OniBoss] hold-ground: backstep done (1.32m), WATCH (player 4.3m, cooldown 1.0s)
[  7956   34.426 x1.00] LOG  [OniBoss] Playing animation: Watch
[  8195   35.395 x1.00] LOG  [OniBoss] hold-ground: cooldown over, player 4.3m > 3.5m — APPROACH
[  8195   35.395 x1.00] LOG  [OniBoss] Playing animation: Walk
[  8370   36.096 x1.00] LOG  [OniBoss] Chase → Attack
[  8370   36.096 x1.00] LOG  [OniBoss] Attack: ClubSwing2 (16 dmg)
[  8370   36.096 x1.00] LOG  [OniBoss:Trail] ClubSwing2 trail START at clip 0.38 (transition done).
[  8373   36.117 x1.00] LOG  [OniBoss:Layer] step-in: 'ClubSwing2' closed 0.07m, Yoru now 3.0m away (range 3.5)
[  8436   36.650 x1.00] LOG  [OniBoss:ClubPos] ClubSwing2 at strike: club tip 4.71m up, -0.95m in front, 3.67m to his right (3.80m out from his centre). Club faces 113deg from his forward, pitch 0.02. (the ground wave is born 1.6m in front of him at 0.35m.)
[  8436   36.650 x1.00] LOG  [OniBoss:Layer] ClubSwing2: club has not connected — ground wave released ARMED, 1.6m in front, 12m/s x 6.0m = 0.50s, carrying 8 (half of the club's 16).
[  8437   36.661 x1.00] LOG  [Combat] Hit react: HitReact_Light_2Leg (0.5s, clip starts at 0.35s)
[  8437   36.661 x1.00] LOG  [CameraGameFeel] Shake: intensity=0.30 duration=0.200s
[  8437   36.661 x1.00] LOG  [CameraGameFeel] FOV punch: player damage (-2.0°)
[  8437   36.661 x1.00] LOG  [OniBoss:Wave] wave TOUCHED Yoru (grounded) for 8 after 0.1m / 0.01s of travel.
[  8440   36.683 x1.00] LOG  [HitReactTrace] asked for 'HitReact_Light_2Leg' (0.50s, clip start 0.35s): playing it, blend resolved after 22 ms, state 1.21s long at speed 1.00, now at 0.36s, layer weight 1.00, animator.speed 1.00.
[  8577   37.261 x1.00] LOG  [OniBoss] Attack → Recovery
[  8577   37.261 x1.00] LOG  [OniBoss] Playing animation: Watch
[  8577   37.261 x1.00] LOG  [OniBoss:Trail] trail END at clip 0.99, fading over 0.40s.
[  8577   37.261 x1.00] LOG  [OniBoss:Strike] ClubSwing2: club tip closest to Yoru at 2.38m, clip position 0.74 | damage fires at 0.32 | clip 1.17s => damage fires 496 ms BEFORE the club is closest
[  8611   37.412 x1.00] LOG  [OniBoss] Recovery → Chase
[  8612   37.416 x1.00] LOG  [OniBoss] hold-ground: BACKSTEP 1.5m (player 3.0m)
[  8816   38.214 x1.00] LOG  [StormWeather] ⚡ strike at (483.50, 45.00, 452.25)
[  8824   38.244 x1.00] LOG  [OniBoss] hold-ground: backstep done (1.32m), WATCH (player 4.3m, cooldown 1.0s)
[  8824   38.244 x1.00] LOG  [OniBoss] Playing animation: Watch
[  8825   38.248 x1.00] LOG  [OniBoss] Playing animation: Walk
[  8964   38.813 x1.00] LOG  [OniBoss] Playing animation: Watch
[  9077   39.213 x1.00] LOG  [OniBoss] hold-ground: cooldown over, player 3.8m > 3.5m — APPROACH
[  9077   39.213 x1.00] LOG  [OniBoss] Playing animation: Walk
[  9196   39.682 x1.00] LOG  [OniBoss] Combo started: ClubSwing1 → ClubSwing2 → ClubSlam (3 steps remaining)
[  9196   39.682 x1.00] LOG  [OniBoss] Chase → Attack
[  9196   39.682 x1.00] LOG  [OniBoss] Attack: Club_Swing (16 dmg)
[  9196   39.682 x1.00] LOG  [OniBoss:Trail] Club_Swing trail START at clip 0.25 (transition done).
[  9197   39.690 x1.00] LOG  [OniBoss:Layer] step-in: 'Club_Swing' closed 0.06m, Yoru now 3.0m away (range 3.5)
[  9282   40.040 x1.00] LOG  [OniBoss:ClubPos] Club_Swing at strike: club tip 3.02m up, 2.50m in front, -2.96m to his right (3.87m out from his centre). Club faces -82deg from his forward, pitch 0.41. (the ground wave is born 1.6m in front of him at 0.35m.)
[  9282   40.040 x1.00] LOG  [OniBoss:Layer] Club_Swing: club has not connected — ground wave released ARMED, 1.6m in front, 12m/s x 6.0m = 0.50s, carrying 8 (half of the club's 16).
[  9283   40.044 x1.00] LOG  [Combat] Hit react: HitReact_Light_2Leg (0.5s, clip starts at 0.35s)
[  9283   40.044 x1.00] LOG  [CameraGameFeel] Shake: intensity=0.30 duration=0.200s
[  9283   40.044 x1.00] LOG  [CameraGameFeel] FOV punch: player damage (-2.0°)
[  9283   40.044 x1.00] LOG  [OniBoss:Wave] wave TOUCHED Yoru (grounded) for 8 after 0.0m / 0.00s of travel.
[  9288   40.069 x1.00] LOG  [HitReactTrace] asked for 'HitReact_Light_2Leg' (0.50s, clip start 0.35s): playing it, blend resolved after 24 ms, state 1.21s long at speed 1.00, now at 0.37s, layer weight 1.00, animator.speed 1.00.
[  9399   40.516 x1.00] LOG  [OniBoss] Attack → Recovery
[  9399   40.516 x1.00] LOG  [OniBoss] Playing animation: Watch
[  9399   40.516 x1.00] LOG  [OniBoss:Trail] trail END at clip 0.99, fading over 0.40s.
[  9399   40.516 x1.00] LOG  [OniBoss:Strike] Club_Swing: club tip closest to Yoru at 1.49m, clip position 0.91 | damage fires at 0.42 | clip 0.84s => damage fires 414 ms BEFORE the club is closest
[  9433   40.667 x1.00] LOG  [OniBoss] Recovery → Attack
[  9433   40.667 x1.00] LOG  [OniBoss] Attack: ClubSwing2 (16 dmg)
[  9433   40.667 x1.00] LOG  [OniBoss:Layer] step-in: 'ClubSwing2' closed 0.00m, Yoru now 3.0m away (range 3.5)
[  9433   40.667 x1.00] LOG  [OniBoss:Trail] ClubSwing2 trail START at clip 1.00 (transition still blending).
[  9436   40.684 x1.00] LOG  [OniBoss:Layer] step-in: 'ClubSwing2' closed 0.01m, Yoru now 3.0m away (range 3.5)
[  9442   40.703 x1.00] LOG  [OniBoss:Layer] step-in: 'ClubSwing2' closed 0.01m, Yoru now 3.0m away (range 3.5)
[  9445   40.717 x1.00] WARN The referenced script on this Behaviour (Game Object '<null>') is missing!
[  9445   40.717 x1.00] WARN The referenced script on this Behaviour (Game Object 'Lightning Light') is missing!
[  9445   40.717 x1.00] WARN The referenced script on this Behaviour (Game Object 'Lightning Light') is missing!
[  9447   40.726 x1.00] LOG  [OniBoss:Layer] step-in: 'ClubSwing2' closed 0.02m, Yoru now 3.0m away (range 3.5)
[  9450   40.744 x1.00] LOG  [OniBoss:Layer] step-in: 'ClubSwing2' closed 0.04m, Yoru now 3.0m away (range 3.5)
[  9455   40.772 x1.00] LOG  [OniBoss:Layer] step-in: 'ClubSwing2' closed 0.07m, Yoru now 3.0m away (range 3.5)
[  9459   40.792 x1.00] LOG  [OniBoss:Layer] step-in: 'ClubSwing2' closed 0.10m, Yoru now 3.0m away (range 3.5)
[  9463   40.812 x1.00] LOG  [OniBoss:Layer] step-in: 'ClubSwing2' closed 0.14m, Yoru now 3.0m away (range 3.5)
[  9467   40.832 x1.00] LOG  [OniBoss:Layer] step-in: 'ClubSwing2' closed 0.18m, Yoru now 3.0m away (range 3.5)
[  9471   40.852 x1.00] LOG  [OniBoss:Layer] step-in: 'ClubSwing2' closed 0.22m, Yoru now 3.0m away (range 3.5)
[  9475   40.872 x1.00] LOG  [OniBoss:Layer] step-in: 'ClubSwing2' closed 0.26m, Yoru now 3.0m away (range 3.5)
[  9478   40.892 x1.00] LOG  [OniBoss:Layer] step-in: 'ClubSwing2' closed 0.30m, Yoru now 3.0m away (range 3.5)
[  9482   40.913 x1.00] LOG  [OniBoss:Layer] step-in: 'ClubSwing2' closed 0.34m, Yoru now 3.0m away (range 3.5)
[  9486   40.932 x1.00] LOG  [OniBoss:Layer] step-in: 'ClubSwing2' closed 0.38m, Yoru now 3.0m away (range 3.5)
[  9489   40.952 x1.00] LOG  [OniBoss:Layer] step-in: 'ClubSwing2' closed 0.42m, Yoru now 3.0m away (range 3.5)
[  9492   40.973 x1.00] LOG  [OniBoss:Layer] step-in: 'ClubSwing2' closed 0.46m, Yoru now 3.0m away (range 3.5)
[  9496   41.014 x1.00] LOG  [CameraGameFeel] Shake: intensity=0.20 duration=0.250s
[  9496   41.014 x1.00] LOG  [HitReactTrace] 4-leg LIGHT hit at 7.39 m/s (running threshold 3.00) => RUNNING reaction.
[  9496   41.014 x1.00] LOG  [CameraGameFeel] Shake: intensity=0.30 duration=0.200s
[  9496   41.014 x1.00] LOG  [CameraGameFeel] FOV punch: player damage (-2.0°)
[  9496   41.014 x1.00] LOG  [Combat] Running hit react: HitReact_Running_4Leg (0.45s then a 0.25s blend back into the run, clip starts at 0.10s, movement NOT blocked)
[  9496   41.014 x1.00] LOG  [OniBoss] Hit player for 20 (ClubSwing2) [combo x1.25]
[  9496   41.014 x1.00] LOG  [OniBoss:Touch] ClubSwing2: club TOUCHED Yoru at clip 0.30 — shaft 0.02m from her body line, tip speed 99m/s. Full club hit delivered this frame.
[  9502   41.051 x1.00] LOG  [OniBoss:ClubPos] ClubSwing2 at strike: club tip 0.08m up, 1.84m in front, 2.38m to his right (3.01m out from his centre). Club faces 3deg from his forward, pitch -0.87. (the ground wave is born 1.6m in front of him at 0.35m.)
[  9502   41.051 x1.00] LOG  [OniBoss:Layer] ClubSwing2: club already hit — ground wave released as VISUAL only (0 damage).
[  9510   41.104 x1.00] LOG  [HitReactTrace] running flinch 'HitReact_Running_4Leg' on screen 14 frame(s) / 89 ms after the hit, run still moving.
[  9663   41.830 x1.00] LOG  [OniBoss] Attack → Recovery
[  9663   41.830 x1.00] LOG  [OniBoss] Playing animation: Watch
[  9663   41.830 x1.00] LOG  [OniBoss:Trail] trail END at clip 0.99, fading over 0.40s.
[  9663   41.830 x1.00] LOG  [OniBoss:Strike] ClubSwing2: club tip closest to Yoru at 0.33m, clip position 0.30 | damage fires at 0.32 | clip 1.17s => MATCHED (within one or two frames)
[  9696   41.982 x1.00] LOG  [OniBoss] Recovery → Attack
[  9696   41.982 x1.00] LOG  [OniBoss] Attack: ClubSlam (20 dmg)
[  9696   41.982 x1.00] LOG  [OniBoss:Trail] ClubSlam trail START at clip 1.00 (transition still blending).
[  9877   42.774 x1.00] LOG  [OniBoss:ClubPos] ClubSlam at strike: club tip 0.53m up, 2.91m in front, -0.10m to his right (2.91m out from his centre). Club faces 8deg from his forward, pitch -0.26. (the ground wave is born 1.6m in front of him at 0.35m.)
[  9877   42.774 x1.00] LOG  [OniBoss:Layer] ClubSlam: club has not connected — ground wave released ARMED, 1.6m in front, 12m/s x 12.0m = 1.00s, COMBO FINISHER: FULL 30 damage, x2.0 size, x2.0 travel.
[  9905   42.904 x1.00] LOG  [OniBoss] Attack → Recovery
[  9905   42.904 x1.00] LOG  [OniBoss] Playing animation: Watch
[  9905   42.904 x1.00] LOG  [OniBoss:Trail] trail END at clip 0.99, fading over 0.40s.
[  9905   42.904 x1.00] LOG  [OniBoss:Touch] ClubSlam: no touch this swing — closest 2.72m at clip 0.46, fastest tip 156m/s (radius 0.70, min speed 50).
[  9905   42.904 x1.00] LOG  [OniBoss:Strike] ClubSlam: club tip closest to Yoru at 2.93m, clip position 0.47 | damage fires at 0.85 | clip 0.93s => damage fires 351 ms AFTER the club is closest — it lands once the club has passed her
[  9939   43.055 x1.00] LOG  [OniBoss] Recovery → Chase
[  9940   43.058 x1.00] LOG  [OniBoss] Playing animation: run
[  9975   43.225 x1.00] LOG  [Combat] Hit react: HitReact_Light_2Leg (0.5s, clip starts at 0.35s)
[  9975   43.225 x1.00] LOG  [CameraGameFeel] Shake: intensity=0.30 duration=0.200s
[  9975   43.225 x1.00] LOG  [CameraGameFeel] FOV punch: player damage (-2.0°)
[  9975   43.225 x1.00] LOG  [OniBoss:Wave] wave TOUCHED Yoru (grounded) for 30 after 5.4m / 0.45s of travel.
[  9980   43.247 x1.00] LOG  [HitReactTrace] asked for 'HitReact_Light_2Leg' (0.50s, clip start 0.35s): playing it, blend resolved after 22 ms, state 1.21s long at speed 1.00, now at 0.37s, layer weight 1.00, animator.speed 1.00.
[ 10370   44.800 x1.00] LOG  [OniBoss] hold-ground: BACKSTEP 1.5m (player 3.5m)
[ 10557   45.733 x1.00] LOG  [OniBoss] hold-ground: backstep done (1.49m), WATCH (player 4.3m, cooldown 0.0s)
[ 10557   45.733 x1.00] LOG  [OniBoss] Playing animation: Watch
[ 10558   45.737 x1.00] LOG  [OniBoss] hold-ground: cooldown over, player 4.3m > 3.5m — APPROACH
[ 10558   45.737 x1.00] LOG  [OniBoss] Playing animation: Walk
[ 10570   45.804 x1.00] LOG  [OniBoss] Pull-band decision: RUN-IN (dist 4.8m, pullRange 0m, chance 0.50)
[ 10570   45.804 x1.00] LOG  [OniBoss] Playing animation: run
[ 10714   46.533 x1.00] LOG  [OniBoss] Playing animation: Idle
[ 10714   46.533 x1.00] LOG  [OniBoss] Chase → Attack
[ 10714   46.533 x1.00] LOG  [OniBoss] Attack: ClubSwing2 (16 dmg)
[ 10714   46.533 x1.00] LOG  [OniBoss:Trail] ClubSwing2 trail START at clip 0.78 (transition done).
[ 10733   46.633 x1.00] LOG  [OniBoss:Layer] step-in: 'ClubSwing2' closed 0.48m, Yoru now 3.0m away (range 3.5)
[ 10778   46.873 x1.00] LOG  [CameraGameFeel] Shake: intensity=0.20 duration=0.250s
[ 10778   46.873 x1.00] LOG  [Combat] Hit react: HitReact_Light_2Leg (0.5s, clip starts at 0.35s)
[ 10778   46.873 x1.00] LOG  [CameraGameFeel] Shake: intensity=0.30 duration=0.200s
[ 10778   46.873 x1.00] LOG  [CameraGameFeel] FOV punch: player damage (-2.0°)
[ 10778   46.873 x1.00] LOG  [OniBoss] Hit player for 16 (ClubSwing2)
[ 10778   46.873 x1.00] LOG  [OniBoss:Touch] ClubSwing2: club TOUCHED Yoru at clip 0.29 — shaft 0.65m from her body line, tip speed 101m/s. Full club hit delivered this frame.
[ 10779   46.878 x1.00] LOG  [HitReactTrace] asked for 'HitReact_Light_2Leg' (0.50s, clip start 0.35s): NOT playing it, another state took the combat layer, blend resolved after 4 ms, state 1.00s long at speed 1.00, now at 3.15s, layer weight 1.00, animator.speed 1.00.
[ 10786   46.913 x1.00] LOG  [OniBoss:ClubPos] ClubSwing2 at strike: club tip 0.06m up, 1.91m in front, 2.30m to his right (2.99m out from his centre). Club faces 0deg from his forward, pitch -0.87. (the ground wave is born 1.6m in front of him at 0.35m.)
[ 10786   46.913 x1.00] LOG  [OniBoss:Layer] ClubSwing2: club already hit — ground wave released as VISUAL only (0 damage).
[ 10953   47.696 x1.00] LOG  [OniBoss] Attack → Recovery
[ 10953   47.696 x1.00] LOG  [OniBoss] Playing animation: Watch
[ 10953   47.696 x1.00] LOG  [OniBoss:Trail] trail END at clip 0.99, fading over 0.40s.
[ 10953   47.696 x1.00] LOG  [OniBoss:Strike] ClubSwing2: club tip closest to Yoru at 0.47m, clip position 0.30 | damage fires at 0.32 | clip 1.17s => MATCHED (within one or two frames)
[ 10985   47.850 x1.00] LOG  [OniBoss] Recovery → Chase
[ 10986   47.854 x1.00] LOG  [OniBoss] hold-ground: BACKSTEP 1.5m (player 3.0m)
[ 11173   48.684 x1.00] LOG  [OniBoss] hold-ground: backstep done (1.33m), WATCH (player 4.3m, cooldown 1.0s)
[ 11173   48.684 x1.00] LOG  [OniBoss] Playing animation: Idle
[ 11337   49.291 x1.00] WARN The referenced script on this Behaviour (Game Object '<null>') is missing!
[ 11337   49.291 x1.00] WARN The referenced script on this Behaviour (Game Object 'Lightning Light') is missing!
[ 11337   49.291 x1.00] WARN The referenced script on this Behaviour (Game Object 'Lightning Light') is missing!
[ 11410   49.654 x1.00] LOG  [OniBoss] hold-ground: cooldown over, player 4.3m > 3.5m — APPROACH
[ 11410   49.654 x1.00] LOG  [OniBoss] Playing animation: Walk
[ 11573   50.356 x1.00] LOG  [OniBoss] Chase → Attack
[ 11573   50.356 x1.00] LOG  [OniBoss] Attack: ClubSwing2 (16 dmg)
[ 11573   50.356 x1.00] LOG  [OniBoss:Trail] ClubSwing2 trail START at clip 0.38 (transition done).
[ 11577   50.373 x1.00] LOG  [OniBoss:Layer] step-in: 'ClubSwing2' closed 0.08m, Yoru now 3.0m away (range 3.5)
[ 11659   50.695 x1.00] LOG  [CameraGameFeel] Shake: intensity=0.20 duration=0.250s
[ 11659   50.695 x1.00] LOG  [Combat] Hit react: HitReact_Light_2Leg (0.5s, clip starts at 0.35s)
[ 11659   50.695 x1.00] LOG  [CameraGameFeel] Shake: intensity=0.30 duration=0.200s
[ 11659   50.695 x1.00] LOG  [CameraGameFeel] FOV punch: player damage (-2.0°)
[ 11659   50.695 x1.00] LOG  [OniBoss] Hit player for 16 (ClubSwing2)
[ 11659   50.695 x1.00] LOG  [OniBoss:Touch] ClubSwing2: club TOUCHED Yoru at clip 0.29 — shaft 0.53m from her body line, tip speed 102m/s, ONE FRAME EARLY (predicted). Full club hit delivered this frame.
[ 11660   50.699 x1.00] LOG  [HitReactTrace] asked for 'HitReact_Light_2Leg' (0.50s, clip start 0.35s): NOT playing it, another state took the combat layer, blend resolved after 4 ms, state 1.00s long at speed 1.00, now at 3.32s, layer weight 1.00, animator.speed 1.00.
[ 11669   50.734 x1.00] LOG  [OniBoss:ClubPos] ClubSwing2 at strike: club tip 0.04m up, 1.97m in front, 2.22m to his right (2.97m out from his centre). Club faces -3deg from his forward, pitch -0.86. (the ground wave is born 1.6m in front of him at 0.35m.)
[ 11669   50.734 x1.00] LOG  [OniBoss:Layer] ClubSwing2: club already hit — ground wave released as VISUAL only (0 damage).
[ 11876   51.518 x1.00] LOG  [OniBoss] Attack → Recovery
[ 11876   51.518 x1.00] LOG  [OniBoss] Playing animation: Watch
[ 11876   51.518 x1.00] LOG  [OniBoss:Trail] trail END at clip 0.99, fading over 0.40s.
[ 11876   51.518 x1.00] LOG  [OniBoss:Strike] ClubSwing2: club tip closest to Yoru at 0.47m, clip position 0.30 | damage fires at 0.32 | clip 1.17s => MATCHED (within one or two frames)
[ 11915   51.672 x1.00] LOG  [OniBoss] Recovery → Chase
[ 11916   51.675 x1.00] LOG  [OniBoss] hold-ground: BACKSTEP 1.5m (player 3.9m)
[ 11934   51.754 x1.00] LOG  [OniBoss] hold-ground: backstep done (0.13m), WATCH (player 4.3m, cooldown 1.7s)
[ 11934   51.754 x1.00] LOG  [OniBoss] Playing animation: Watch
[ 11959   51.846 x1.00] LOG  [OniBoss] Playing animation: run
[ 12184   52.759 x1.00] LOG  [OniBoss] Playing animation: Idle
[ 12363   53.474 x1.00] LOG  [OniBoss] Combo started: swing1-2 (2 steps remaining)
[ 12363   53.474 x1.00] LOG  [OniBoss] Chase → Attack
[ 12363   53.474 x1.00] LOG  [OniBoss] Attack: Club_Swing (16 dmg)
[ 12363   53.474 x1.00] LOG  [OniBoss:Trail] Club_Swing trail START at clip 0.46 (transition done).
[ 12364   53.479 x1.00] LOG  [OniBoss:Layer] step-in: 'Club_Swing' closed 0.00m, Yoru now 3.0m away (range 3.5)
[ 12445   53.791 x1.00] LOG  [CameraGameFeel] Shake: intensity=0.20 duration=0.250s
[ 12445   53.791 x1.00] LOG  [Combat] Hit react: HitReact_Light_2Leg (0.5s, clip starts at 0.35s)
[ 12445   53.791 x1.00] LOG  [CameraGameFeel] Shake: intensity=0.30 duration=0.200s
[ 12445   53.791 x1.00] LOG  [CameraGameFeel] FOV punch: player damage (-2.0°)
[ 12445   53.791 x1.00] LOG  [OniBoss] Hit player for 16 (Club_Swing)
[ 12445   53.791 x1.00] LOG  [OniBoss:Touch] Club_Swing: club TOUCHED Yoru at clip 0.38 — shaft 0.67m from her body line, tip speed 172m/s, ONE FRAME EARLY (predicted). Full club hit delivered this frame.
[ 12446   53.796 x1.00] LOG  [HitReactTrace] asked for 'HitReact_Light_2Leg' (0.50s, clip start 0.35s): NOT playing it, another state took the combat layer, blend resolved after 5 ms, state 1.00s long at speed 1.00, now at 2.59s, layer weight 1.00, animator.speed 1.00.
[ 12455   53.834 x1.00] LOG  [OniBoss:ClubPos] Club_Swing at strike: club tip 3.02m up, 2.38m in front, -3.02m to his right (3.84m out from his centre). Club faces -85deg from his forward, pitch 0.41. (the ground wave is born 1.6m in front of him at 0.35m.)
[ 12455   53.834 x1.00] LOG  [OniBoss:Layer] Club_Swing: club already hit — ground wave released as VISUAL only (0 damage).
[ 12576   54.312 x1.00] LOG  [OniBoss] Attack → Recovery
[ 12576   54.312 x1.00] LOG  [OniBoss] Playing animation: Watch
[ 12576   54.312 x1.00] LOG  [OniBoss:Trail] trail END at clip 0.99, fading over 0.40s.
[ 12576   54.312 x1.00] LOG  [OniBoss:Strike] Club_Swing: club tip closest to Yoru at 1.19m, clip position 0.92 | damage fires at 0.42 | clip 0.84s => damage fires 420 ms BEFORE the club is closest
[ 12614   54.466 x1.00] LOG  [OniBoss] Recovery → Attack
[ 12614   54.466 x1.00] LOG  [OniBoss] Attack: ClubSwing2 (16 dmg)
[ 12614   54.466 x1.00] LOG  [OniBoss:Trail] ClubSwing2 trail START at clip 1.00 (transition still blending).
[ 12700   54.812 x1.00] LOG  [CameraGameFeel] Shake: intensity=0.20 duration=0.250s
[ 12700   54.812 x1.00] LOG  [Combat] Hit react: HitReact_Heavy_2Leg (0.9s, clip starts at 0.35s)
[ 12700   54.812 x1.00] LOG  [CameraGameFeel] Shake: intensity=0.60 duration=0.200s
[ 12700   54.812 x1.00] LOG  [CameraGameFeel] FOV punch: player damage (-3.0°)
[ 12700   54.812 x1.00] LOG  [OniBoss] Hit player for 24 (ClubSwing2) [combo x1.50]
[ 12700   54.812 x1.00] LOG  [OniBoss:Touch] ClubSwing2: club TOUCHED Yoru at clip 0.30 — shaft 0.52m from her body line, tip speed 106m/s, ONE FRAME EARLY (predicted). Full club hit delivered this frame.
[ 12701   54.816 x1.00] LOG  [HitReactTrace] asked for 'HitReact_Heavy_2Leg' (0.90s, clip start 0.35s): NOT playing it, another state took the combat layer, blend resolved after 5 ms, state 1.00s long at speed 1.00, now at 0.52s, layer weight 1.00, animator.speed 1.00.
[ 12708   54.845 x1.00] LOG  [OniBoss:ClubPos] ClubSwing2 at strike: club tip 0.06m up, 1.91m in front, 2.30m to his right (2.99m out from his centre). Club faces 0deg from his forward, pitch -0.87. (the ground wave is born 1.6m in front of him at 0.35m.)
[ 12708   54.845 x1.00] LOG  [OniBoss:Layer] ClubSwing2: club already hit — ground wave released as VISUAL only (0 damage), finisher size x2.0.
[ 12905   55.631 x1.00] LOG  [OniBoss] Attack → Recovery
[ 12905   55.631 x1.00] LOG  [OniBoss] Playing animation: Watch
[ 12905   55.631 x1.00] LOG  [OniBoss:Trail] trail END at clip 0.99, fading over 0.40s.
[ 12905   55.631 x1.00] LOG  [OniBoss:Strike] ClubSwing2: club tip closest to Yoru at 0.69m, clip position 0.30 | damage fires at 0.32 | clip 1.17s => MATCHED (within one or two frames)
[ 12945   55.783 x1.00] LOG  [OniBoss] Recovery → Chase
[ 12946   55.787 x1.00] LOG  [OniBoss] hold-ground: BACKSTEP 1.5m (player 2.7m)
[ 13176   56.726 x1.00] LOG  [OniBoss] hold-ground: backstep done (1.50m), WATCH (player 4.2m, cooldown 0.9s)
[ 13176   56.726 x1.00] LOG  [OniBoss] Playing animation: Idle
[ 13177   56.730 x1.00] LOG  [OniBoss] Playing animation: Walk
[ 13288   57.184 x1.00] LOG  [OniBoss] Playing animation: Idle
[ 13387   57.585 x1.00] LOG  [OniBoss] hold-ground: cooldown over, player 3.8m > 3.5m — APPROACH
[ 13387   57.585 x1.00] LOG  [OniBoss] Playing animation: Walk
[ 13490   58.067 x1.00] LOG  [OniBoss] Combo started: ClubSwing1 → ClubSwing2 → ClubSlam (3 steps remaining)
[ 13490   58.067 x1.00] LOG  [OniBoss] Chase → Attack
[ 13490   58.067 x1.00] LOG  [OniBoss] Attack: Club_Swing (16 dmg)
[ 13490   58.067 x1.00] LOG  [OniBoss:Trail] Club_Swing trail START at clip 0.26 (transition done).
[ 13492   58.076 x1.00] LOG  [OniBoss:Layer] step-in: 'Club_Swing' closed 0.08m, Yoru now 3.0m away (range 3.5)
[ 13555   58.393 x1.00] LOG  [CameraGameFeel] Shake: intensity=0.20 duration=0.250s
[ 13555   58.393 x1.00] LOG  [Combat] Hit react: HitReact_Light_2Leg (0.5s, clip starts at 0.35s)
[ 13555   58.393 x1.00] LOG  [CameraGameFeel] Shake: intensity=0.30 duration=0.200s
[ 13555   58.393 x1.00] LOG  [CameraGameFeel] FOV punch: player damage (-2.0°)
[ 13555   58.393 x1.00] LOG  [OniBoss] Hit player for 16 (Club_Swing)
[ 13555   58.393 x1.00] LOG  [OniBoss:Touch] Club_Swing: club TOUCHED Yoru at clip 0.39 — shaft 0.70m from her body line, tip speed 162m/s, ONE FRAME EARLY (predicted). Full club hit delivered this frame.
[ 13556   58.398 x1.00] LOG  [HitReactTrace] asked for 'HitReact_Light_2Leg' (0.50s, clip start 0.35s): NOT playing it, another state took the combat layer, blend resolved after 5 ms, state 1.00s long at speed 1.00, now at 2.71s, layer weight 1.00, animator.speed 1.00.
[ 13562   58.426 x1.00] LOG  [OniBoss:ClubPos] Club_Swing at strike: club tip 3.02m up, 2.70m in front, -2.84m to his right (3.92m out from his centre). Club faces -78deg from his forward, pitch 0.40. (the ground wave is born 1.6m in front of him at 0.35m.)
[ 13562   58.426 x1.00] LOG  [OniBoss:Layer] Club_Swing: club already hit — ground wave released as VISUAL only (0 damage).
[ 13668   58.902 x1.00] LOG  [OniBoss] Attack → Recovery
[ 13668   58.902 x1.00] LOG  [OniBoss] Playing animation: Watch
[ 13668   58.902 x1.00] LOG  [OniBoss:Trail] trail END at clip 0.99, fading over 0.40s.
[ 13668   58.902 x1.00] LOG  [OniBoss:Strike] Club_Swing: club tip closest to Yoru at 1.49m, clip position 0.91 | damage fires at 0.42 | clip 0.84s => damage fires 411 ms BEFORE the club is closest
[ 13707   59.053 x1.00] LOG  [OniBoss] Recovery → Attack
[ 13707   59.053 x1.00] LOG  [OniBoss] Attack: ClubSwing2 (16 dmg)
[ 13707   59.053 x1.00] LOG  [OniBoss:Trail] ClubSwing2 trail START at clip 1.00 (transition still blending).
[ 13783   59.393 x1.00] WARN The referenced script on this Behaviour (Game Object '<null>') is missing!
[ 13783   59.393 x1.00] WARN The referenced script on this Behaviour (Game Object 'Lightning Light') is missing!
[ 13783   59.393 x1.00] WARN The referenced script on this Behaviour (Game Object 'Lightning Light') is missing!
[ 13783   59.393 x1.00] LOG  [CameraGameFeel] Shake: intensity=0.20 duration=0.250s
[ 13783   59.393 x1.00] LOG  [Combat] Hit react: HitReact_Light_2Leg (0.5s, clip starts at 0.35s)
[ 13783   59.393 x1.00] LOG  [CameraGameFeel] Shake: intensity=0.30 duration=0.200s
[ 13783   59.393 x1.00] LOG  [CameraGameFeel] FOV punch: player damage (-2.0°)
[ 13783   59.393 x1.00] LOG  [OniBoss] Hit player for 20 (ClubSwing2) [combo x1.25]
[ 13783   59.393 x1.00] LOG  [OniBoss:Touch] ClubSwing2: club TOUCHED Yoru at clip 0.29 — shaft 0.54m from her body line, tip speed 102m/s, ONE FRAME EARLY (predicted). Full club hit delivered this frame.
[ 13784   59.398 x1.00] LOG  [HitReactTrace] asked for 'HitReact_Light_2Leg' (0.50s, clip start 0.35s): NOT playing it, another state took the combat layer, blend resolved after 6 ms, state 1.00s long at speed 1.00, now at 0.50s, layer weight 1.00, animator.speed 1.00.
[ 13792   59.432 x1.00] LOG  [OniBoss:ClubPos] ClubSwing2 at strike: club tip 0.06m up, 1.91m in front, 2.30m to his right (2.99m out from his centre). Club faces 0deg from his forward, pitch -0.87. (the ground wave is born 1.6m in front of him at 0.35m.)
[ 13792   59.432 x1.00] LOG  [OniBoss:Layer] ClubSwing2: club already hit — ground wave released as VISUAL only (0 damage).
[ 13954   60.214 x1.00] LOG  [OniBoss] Attack → Recovery
[ 13954   60.214 x1.00] LOG  [OniBoss] Playing animation: Watch
[ 13954   60.214 x1.00] LOG  [OniBoss:Trail] trail END at clip 0.99, fading over 0.40s.
[ 13954   60.214 x1.00] LOG  [OniBoss:Strike] ClubSwing2: club tip closest to Yoru at 0.48m, clip position 0.30 | damage fires at 0.32 | clip 1.17s => MATCHED (within one or two frames)
[ 13987   60.367 x1.00] LOG  [OniBoss] Recovery → Attack
[ 13987   60.367 x1.00] LOG  [OniBoss] Attack: ClubSlam (20 dmg)
[ 13987   60.367 x1.00] LOG  [OniBoss:Trail] ClubSlam trail START at clip 1.00 (transition still blending).
[ 14089   60.778 x1.00] LOG  [CameraGameFeel] Shake: intensity=0.50 duration=0.400s
[ 14089   60.778 x1.00] LOG  [Combat] Hit react: HitReact_Heavy_2Leg (0.9s, clip starts at 0.35s)
[ 14089   60.778 x1.00] LOG  [CameraGameFeel] Shake: intensity=0.60 duration=0.200s
[ 14089   60.778 x1.00] LOG  [CameraGameFeel] FOV punch: player damage (-3.0°)
[ 14089   60.778 x1.00] LOG  [OniBoss] Hit player for 30 (ClubSlam) [combo x1.50]
[ 14089   60.778 x1.00] LOG  [OniBoss:Touch] ClubSlam: club TOUCHED Yoru at clip 0.44 — shaft 0.69m from her body line, tip speed 114m/s, ONE FRAME EARLY (predicted). Full club hit delivered this frame.
[ 14090   60.783 x1.00] LOG  [HitReactTrace] asked for 'HitReact_Heavy_2Leg' (0.90s, clip start 0.35s): NOT playing it, another state took the combat layer, blend resolved after 4 ms, state 1.00s long at speed 1.00, now at 0.88s, layer weight 1.00, animator.speed 1.00.
[ 14170   61.167 x1.00] LOG  [OniBoss:ClubPos] ClubSlam at strike: club tip 0.61m up, 2.89m in front, -0.28m to his right (2.91m out from his centre). Club faces 3deg from his forward, pitch -0.24. (the ground wave is born 1.6m in front of him at 0.35m.)
[ 14170   61.167 x1.00] LOG  [OniBoss:Layer] ClubSlam: club already hit — ground wave released as VISUAL only (0 damage), finisher size x2.0.
[ 14194   61.291 x1.00] LOG  [OniBoss] Attack → Recovery
[ 14194   61.291 x1.00] LOG  [OniBoss] Playing animation: Watch
[ 14194   61.291 x1.00] LOG  [OniBoss:Trail] trail END at clip 0.99, fading over 0.40s.
[ 14194   61.291 x1.00] LOG  [OniBoss:Strike] ClubSlam: club tip closest to Yoru at 0.23m, clip position 0.85 | damage fires at 0.85 | clip 0.93s => MATCHED (within one or two frames)
[ 14230   61.441 x1.00] LOG  [OniBoss] Recovery → Chase
[ 14231   61.445 x1.00] LOG  [OniBoss] hold-ground: BACKSTEP 1.5m (player 3.0m)
[ 14429   62.235 x1.00] LOG  [StormWeather] terrain layers restored to dry values.
# end — 553 lines
