# Oni combat log — 2026-09-22 19:25:25
# Unity 6000.2.7f2 | scene 'CaveScene_Oni_Boss1' | platform OSXEditor
# columns: [frame realSeconds timeScale] KIND message      (KIND: LOG WARN ERR EXC TEL)
#
[     0    0.000 x1.00] LOG  [OniLog] console + telemetry → /Users/asenahazal/Documents/Yoru/OniLogs/oni_2026-09-22_19-25-25.log
[     0    0.000 x1.00] LOG  [OniHairShadows] shadow casting off on 27 hair renderers
[     0    0.000 x1.00] LOG  [RingMesh] Auto-found 11/11 left, 11/11 right meshes
[     1    0.000 x1.00] LOG  [GameOver] ready (sumi-e): PlayerCombat found, ink shader ok, paper set, kanji set, font YujiSyuku-Regular SDF, Main Menu faint (no scene set)
[     1    0.000 x1.00] LOG  [PeachUI] row ready: 4 peaches, 64 px, TopLeft, bleed sprite set, PlayerHealth found
[     1    0.000 x1.00] LOG  [Pause] ready: key Escape, paper shader ok, paper set, kanji set, font YujiSyuku-Regular SDF, capture ScreenGrab, Main Menu faint (no scene set)
[     1    0.000 x1.00] LOG  [BossBar] BossHealthBarUI initialized
[     1    0.000 x1.00] LOG  [StormWeather] layer 'TerrainLayer_Dirt_01' dry smoothness=0.00 (restore to this if a crash ever leaves it wet)
[     1    0.000 x1.00] LOG  [StormWeather] post volumes ready on layer 9 (storm priority 10, flash priority 11).
[     1    0.000 x1.00] LOG  [StormWeather] ROUND 80: fur weather ready on 'Weather Zone'. Rain 0, wind 0.50 in the open, sky check 30 m from 'PlayerYoru_1.1'.
[     1    0.000 x1.00] LOG  [StormWeather] COZY bridge: Rain_Cave retired, COZY owns the rain now.
[     1    0.000 x1.00] LOG  [StormWeather] COZY → 'Clear' (pre-fight - open sky, 0 s)
[     1    0.000 x1.00] LOG  [StormWeather] Ready. Open sky, dry floor. Waiting for the fight.
[     1    0.000 x1.00] LOG  OniBoss initialized with 2500 HP
[     1    0.000 x1.00] LOG  [OniBoss] ANIMATOR SETUP: cullingMode=CullUpdateTransforms updateMode=Normal applyRootMotion=False speed=1
[     1    0.000 x1.00] LOG  [OniBoss] Initialized
[     1    0.000 x1.00] LOG  [OniBoss:Layer] facing: minFlat 1m, snapOnAttack off, trackInHitReact off, aimTurn 540 deg/s for the first 0.20 of the swing
[     1    0.000 x1.00] LOG  [OniBoss:Layer] Yoru launch model ON: launches ALL THE WAY to an enemy within 4.7m of its surface at 10m/s (stop gap 0.00m, NO minimum distance), else steps 0.90m forward. Targeting cone left exactly as her prefab has it.
[     1    0.000 x1.00] LOG  [OniBoss:Layer] Yoru launch ROUND 9: airborne attacks launch too (ON), edge probe now runs on its OWN layer mask (Everything) instead of the line-of-sight mask - the Ground-only mask found no floor in this cave and was cancelling 100% of launches at 0.00m travelled.
[     1    0.000 x1.00] LOG  [OniBoss:Layer] animator speed x1.35 — his 1.13s swing now plays in 0.84s.
[     1    0.000 x1.00] LOG  [OniBoss:Layer] chase speed pushed: phase1 4.5, phase2 5.5 (Yoru runs at 7).
[     1    0.000 x1.00] LOG  [OniBoss:Layer] ground wave ON (round 38): half the club's damage on TOUCH, 12m/s x 6.0m from 1.6m in front at 0.35m height — a club hit cancels that swing's wave, jumping clears it. Per-attack effects come from the Swing Wave VFX By Attack rows. PlayerHealth found, PlayerMovement found.
[     1    0.000 x1.00] LOG  [StormWeather] storm break HELD (waiting for the lightning beat)
[     1    0.000 x1.00] LOG  [OniBoss:Layer] storm break HELD — it releases at the lightning-on-the-club beat.
[     1    0.000 x1.00] LOG  [OniBoss:Layer] club tracking ON — tip 'Kanabo3' (depth 4), shaft root 'kanabo'.
[     1    0.000 x1.00] LOG  [OniBoss:Layer] skinned meshes: 46 renderer(s), updateWhenOffscreen ON, body renderer 'Body' rootBone 'Hips'
[     1    0.000 x1.00] LOG  [OniBoss:Layer] charge travel bone: 'Hips' at depth 1 under 'OniBoss', rest local (0.00, 3.24, -0.24)
[     1    0.000 x1.00] LOG  [OniBoss:Layer] anti-kite ON: thrown swing after 4s of failed chase (within 7.6m), charge after 6s.
[     1    0.000 x1.00] LOG  [OniBoss:Layer] charge drive ON (windup to 0.40 at x1.3, rush 14m/s stops at 2.6m, steers 0.35s then commits, strike section from 0.58, strike moment 0.76, trail VFX off)
[     1    0.000 x1.00] LOG  [OniBoss:Layer] attack armor ON (his swings are not interrupted by light/medium hits; heavy hits and rapid-hit bursts still stop him)
[     1    0.000 x1.00] LOG  [OniBoss:Layer] strike moments overridden: Club_Swing=0.42 ClubSwing2=0.32 ClubSlam=0.85 KanaboSweep=0.48
[     1    0.000 x1.00] LOG  [OniBoss:Layer] club TOUCH hits ON (radius 0.70m, min tip speed 50m/s, armed from 0.20 of the clip): Club_Swing ClubSwing2 ClubSlam KanaboSweep. First touch wins — club full damage, wave half, one hit per swing.
[     1    0.000 x1.00] LOG  [OniBoss:Layer] combo damage ramp ON: mid x1.25, finisher x1.50 — finisher wave carries FULL damage at x2.0 size, x2.0 travel.
[     1    0.000 x1.00] LOG  [OniBoss:Layer] charge follow-up ON: 90 % of solo charges chain into a random melee finisher.
[     1    0.000 x1.00] LOG  [OniBoss:Layer] hold-ground ON (backstep 1.5m @ 1.6m/s after own attacks, watch 'Watch', attack facing LOCKED)
[     1    0.000 x1.00] LOG  [OniBoss:Layer] OniBoss layer ready (reactions, wake-on-hit, watch stance, boss bar). player=found
[     1    0.000 x1.00] LOG  [OniBoss:Layer] charge clip 'Oni Charge.fbx' imports with Root Motion Node = None (in place) — good.
[     1    0.000 x1.00] LOG  [OniBoss:Layer] clips importing with Root Transform Position (Y) NOT baked into pose (12): Oni_Alert(Oni Alert), Club_Slam(Oni Club Slam), Club_Swing(Oni Club Swing), Club_swing2(Oni Club Swing 2), Death(Oni Death Kneel), Hit_react_light(Oni Hit react lighter light), KanaboSweep(Oni Kanabo sweep), Phase_Transition(Oni Phase transition), run(Oni Run), Walk(Oni Walk), Watch(Oni Watch), Idle(Oni Idle) — their hips' up/down motion is stripped (see round notes; optional).
[     1    0.000 x1.00] LOG  === VFX MANAGER INITIALIZED ===
[     1    0.000 x1.00] LOG  Auto-detect animations: False
[     1    0.000 x1.00] LOG  Parent effects to tail: True
[     1    0.000 x1.00] LOG  Prefabs: Jump=True, Land=True, LTail=True, RTail=True
[     1    0.000 x1.00] LOG  ✅ Left Tail Tip: LeftTailTip_Anchor
[     1    0.000 x1.00] LOG  ✅ Right Tail Tip: RightTailTip_Anchor
[     1    0.000 x1.00] LOG  [VolumetricFogController] applyPresets is OFF in this scene. The Volumetric Fog component keeps its hand-set inspector values.
[     1    0.000 x1.00] LOG  [TailAirShot] Ready. drawState=RightTail_Fast castParam=TailCastSpeed (found)
  arrow leaves: PlayerYoru_1.1/Cat_All_10_Tails_v4/Group/DeformationSystem/root/Root_M/Tail15_R/Tail151_R/Tail152_R/Tail153_R/Tail154_R/Tail155_R/Tail156_R/Tail157_R/Tail158_R/Tail159_R/Tail1510_R/Tail1511_R/Tail1512_R/Tail6_R/Tail6_R_end/Tail6_R_end_end/Tail6_R_end_end_end/RightTailTip_Anchor
  aim VFX: PlayerYoru_1.1/Cat_All_10_Tails_v4/Group/DeformationSystem/root/Root_M/Tail15_R/Tail151_R/Tail152_R/Tail153_R/Tail154_R/Tail155_R/Tail156_R/Tail157_R/Tail158_R/Tail159_R/Tail1510_R/Tail1511_R/Tail1512_R/Tail6_R/Tail6_R_end/Tail6_R_end_end/Tail6_R_end_end_end/RightTailTip_Anchor/vfx_Muzzle_Fireball01Blue
[     1    0.000 x1.00] LOG  [RingMesh] VFX Status:
[     1    0.000 x1.00] LOG    Left: Prefab=✓, Spawn=Tail6_L_end_end_end
[     1    0.000 x1.00] LOG    Right: Prefab=✓, Spawn=Tail6_R_end_end_end
[     1    0.000 x1.00] LOG  [TailAirShot4Leg] Ready. drawState=shoot_4Leg castParam=Shoot4LegSpeed (found) readyFrame=5 fireFrame=10 frames=24 slowBudget=3s real damageMultiplier=2.00
  arrow leaves: PlayerYoru_1.1/Cat_All_10_Tails_v4/Group/DeformationSystem/root/Root_M/Tail15_R/Tail151_R/Tail152_R/Tail153_R/Tail154_R/Tail155_R/Tail156_R/Tail157_R/Tail158_R/Tail159_R/Tail1510_R/Tail1511_R/Tail1512_R/Tail6_R/Tail6_R_end/Tail6_R_end_end/Tail6_R_end_end_end/RightTailTip_Anchor
  aim VFX left:  PlayerYoru_1.1/Cat_All_10_Tails_v4/Group/DeformationSystem/root/Root_M/Tail15_L/Tail151_L/Tail152_L/Tail153_L/Tail154_L/Tail155_L/Tail156_L/Tail157_L/Tail158_L/Tail159_L/Tail1510_L/Tail1511_L/Tail1512_L/Tail6_L/Tail6_L_end/Tail6_L_end_end/Tail6_L_end_end_end/LeftTailTip_Anchor/Glow_4Leg_L
  aim VFX right: PlayerYoru_1.1/Cat_All_10_Tails_v4/Group/DeformationSystem/root/Root_M/Tail15_R/Tail151_R/Tail152_R/Tail153_R/Tail154_R/Tail155_R/Tail156_R/Tail157_R/Tail158_R/Tail159_R/Tail1510_R/Tail1511_R/Tail1512_R/Tail6_R/Tail6_R_end/Tail6_R_end_end/Tail6_R_end_end_end/RightTailTip_Anchor/Glow_4Leg_R
[     1    0.000 x1.00] LOG  [PlayerCombat] Phase 2 form gate CONNECTED (FormController found on this GameObject).
[     1    0.000 x1.00] LOG  [Combat] PlayerCombat initialized, Phase 3C v27
[     1    0.000 x1.00] LOG  [CameraGameFeel] CameraGameFeel initialized (shake + FOV)
[     1    6.036 x1.00] LOG  [OniBoss] Playing animation: Idle
[    45    7.737 x1.00] LOG  💨 Landing VFX spawned!
[    45    7.737 x1.00] LOG  ✅ LANDED! (was jump #0)
[   647   12.178 x1.00] LOG  [OniBoss:Layer] watch stance ON (player 15.0m)
[   763   13.057 x1.00] LOG  [OniBoss] LostSoul → Alert
[   763   13.057 x1.00] LOG  [OniBoss] Playing animation: Oni_Alert
[   763   13.057 x1.00] LOG  [BossBar] Showing bar for: Oni (2500/2500)
[   763   13.057 x1.00] LOG  [OniBoss:Layer] boss bar shown
[   764   13.066 x1.00] LOG  [StormWeather] COZY → 'Yoru_Oni_Phase1_Storm' (fight engaged - storm rolls in, 0 s)
[   764   13.066 x1.00] LOG  [StormWeather] FIGHT STARTED (he engaged) - storm on, floor starts to soak.
[   765   13.076 x1.00] WARN The referenced script on this Behaviour (Game Object '<null>') is missing!
[   765   13.076 x1.00] WARN The referenced script on this Behaviour (Game Object 'Lightning Light') is missing!
[   765   13.076 x1.00] WARN The referenced script on this Behaviour (Game Object 'Lightning Light') is missing!
[   808   13.447 x1.00] LOG  [StormWeather] fur: rain reaching the coat (intensity 0.01, follows floor wetness).
[   821   13.558 x1.00] LOG  [OniBoss] Alert → Chase
[   822   13.566 x1.00] LOG  [OniBoss] Pull-band decision: RUN-IN (dist 5.4m, pullRange 0m, chance 0.50)
[   822   13.566 x1.00] LOG  [OniBoss] Playing animation: run
[   837   13.665 x1.00] LOG  🚶 2-LEG JUMP
[   837   13.665 x1.00] LOG  🐾 Jump 1 VFX spawned!
[   863   13.866 x1.00] LOG  [StormWeather] storm post weight -> 0.40
[   874   13.947 x1.00] LOG  [ComboTrace] LAUNCH OniBoss at 2.4m dist=2.38m in 0.24s [AIRBORNE]
[   874   13.947 x1.00] LOG  [Combat] Aerial spin, 25 dmg
[   874   13.947 x1.00] LOG  [YoruVFX] Air spin: 'VFX_Void_Burst_AirSpinYoru' at CenterVFX, 46 systems, longest 1.00s fitted to 0.79s at speed 1.27, 8 forced Local, 38 delays zeroed, tail 2.37s
[   874   13.947 x1.00] LOG  [AirPosePin] engaged, holding body at 1.319m above the transform
[   878   13.983 x1.00] LOG  [OniBoss] Playing animation: Watch
[   878   13.983 x1.00] LOG  [OniBoss] Chase → Attack
[   878   13.983 x1.00] LOG  [OniBoss] Attack: ClubSwing2 (16 dmg)
[   878   13.983 x1.00] LOG  [OniBoss:Trail] ClubSwing2 trail START at clip 0.44 (transition done).
[   892   14.104 x1.00] LOG  OniBoss took 10 damage. HP: 2490/2500
[   892   14.104 x1.00] LOG  [OniBoss] 🤕 Hit during Attack — flash only
[   892   14.104 x1.00] LOG  [Momentum] 0 -> 1 (hit), speed x1.05, damage x1.05, impact x1.05
[   892   14.104 x1.00] LOG  [CameraGameFeel] Shake: intensity=0.06 duration=0.080s
[   892   14.104 x1.00] LOG  [CameraGameFeel] Shake: intensity=0.53 duration=0.200s
[   892   14.104 x1.00] LOG  [CameraGameFeel] FOV punch: hit light (+1.5°)
[   901   14.187 x1.00] LOG  [ComboTrace] LAUNCH RESULT wanted=2.38m actually moved=1.75m, completed
[   909   14.257 x1.00] LOG  OniBoss took 10 damage. HP: 2480/2500
[   909   14.257 x1.00] LOG  [OniBoss] 🤕 Hit during Attack — flash only
[   909   14.257 x1.00] LOG  [CameraGameFeel] Shake: intensity=0.18 duration=0.200s
[   928   14.417 x1.00] LOG  OniBoss took 10 damage. HP: 2470/2500
[   928   14.417 x1.00] LOG  [OniBoss] 🤕 Hit during Attack — flash only
[   928   14.417 x1.00] LOG  [OniBoss] Attack → Stagger
[   928   14.417 x1.00] LOG  [OniBoss] Playing animation: Stagger
[   928   14.417 x1.00] LOG  [OniBoss] STAGGERED for 2.5s
[   928   14.417 x1.00] LOG  [OniBoss:Layer] heavy knock-back react (swirl burst, 3 hits / 30 dmg) → 'HitReact_Heavy', down for 1.80s
[   928   14.417 x1.00] LOG  [OniReactTrace] #1 HEAVY (0 dmg) asked for 'HitReact_Heavy': crossfade 0.08s, animator speed 1.35, world x1.00
[   928   14.417 x1.00] LOG  [OniBoss:Layer] burst: 3 hits / 30 dmg inside 0.8s → knock-back + 0.90m push
[   928   14.417 x1.00] LOG  [Momentum] 1 -> 2 (hit), speed x1.10, damage x1.10, impact x1.10
[   928   14.417 x1.00] LOG  [CameraGameFeel] Shake: intensity=0.06 duration=0.080s
[   928   14.417 x1.00] LOG  [CameraGameFeel] Shake: intensity=0.19 duration=0.200s
[   928   14.417 x1.00] LOG  [OniBoss:Touch] ClubSwing2: no touch this swing, closest 1.37m at clip 0.27 (head 0.54 along the club), fastest tip 110m/s (radius 0.70, min speed 50, max tip height 2.5m).
[   928   14.417 x1.00] LOG  [OniBoss:Strike] ClubSwing2: club tip closest to Yoru at 2.43m, clip position 0.29 | damage fires at 0.32 | clip 1.17s => damage fires 37 ms AFTER the club is closest — it lands once the club has passed her
[   929   14.428 x1.00] LOG  [OniBoss:Trail] trail END at clip 0.32, fading over 0.40s.
[   929   14.428 x1.00] LOG  [OniReactTrace] #1 +0.01s state SOMETHING ELSE, clip on his bones 'Take 001' weight 0.76, blending INTO 'HitReact_Heavy', layer weight 1.00, animator speed 1.35, world x1.00, engine Stagger
[   940   14.522 x1.00] LOG  [OniReactTrace] #1 +0.11s state 'HitReact_Heavy' at 9 % of its 1.11s, clip on his bones 'Take 001' weight 1.00, layer weight 1.00, animator speed 1.35, world x1.00, engine Stagger
[   946   14.572 x1.00] LOG  OniBoss punish window! 11 → 16 (x1.5)
[   946   14.572 x1.00] LOG  OniBoss took 16 damage. HP: 2454/2500
[   946   14.572 x1.00] LOG  [CameraGameFeel] Shake: intensity=0.19 duration=0.200s
[   951   14.617 x1.00] LOG  💨 Landing VFX spawned!
[   951   14.617 x1.00] LOG  ✅ LANDED! (was jump #1)
[   951   14.617 x1.00] LOG  [AirPosePin] released, peak correction was 0.040m
[   958   14.675 x1.00] LOG  [OniReactTrace] #1 +0.26s state 'HitReact_Heavy' at 22 % of its 1.11s, clip on his bones 'Take 001' weight 1.00, layer weight 1.00, animator speed 1.35, world x1.00, engine Stagger
[   959   14.683 x1.00] LOG  🚶 2-LEG JUMP
[   959   14.683 x1.00] LOG  🐾 Jump 1 VFX spawned!
[   959   14.683 x1.00] LOG  [YoruVFX] Spin VFX stopped, fading for 2.37s
[   961   14.697 x1.00] LOG  [AirPosePin] engaged, holding body at 0.697m above the transform
[   963   14.717 x1.00] LOG  [ComboTrace] END step=3 clipProgress=0.91 clipLen=0.79s queued=0 elapsed=0.77s
[   964   14.724 x1.00] LOG  [AirPosePin] released, peak correction was 0.013m
[   982   14.877 x1.00] LOG  [OniReactTrace] #1 +0.46s state 'HitReact_Heavy' at 40 % of its 1.11s, clip on his bones 'Take 001' weight 1.00, layer weight 1.00, animator speed 1.35, world x1.00, engine Stagger
[  1013   15.123 x1.00] LOG  [OniReactTrace] #1 +0.71s state 'HitReact_Heavy' at 63 % of its 1.11s, clip on his bones 'Take 001' weight 1.00, layer weight 1.00, animator speed 1.35, world x1.00, engine Stagger
[  1046   15.370 x1.00] LOG  [OniReactTrace] #1 +0.95s state 'HitReact_Heavy' at 85 % of its 1.11s, clip on his bones 'Take 001' weight 1.00, layer weight 1.00, animator speed 1.35, world x1.00, engine Stagger
[  1046   15.370 x1.00] LOG  [OniReactTrace] #1 HEAVY verdict: played to 85 % of the clip, so the reaction IS on screen and what is missing is movement inside the clip itself
[  1079   15.617 x1.00] LOG  💨 Landing VFX spawned!
[  1079   15.617 x1.00] LOG  ✅ LANDED! (was jump #1)
[  1156   16.218 x1.00] LOG  [OniBoss] Stagger → Chase
[  1157   16.225 x1.00] LOG  [OniBoss] Playing animation: Watch
[  1157   16.225 x1.00] LOG  [OniBoss] Chase → Attack
[  1157   16.225 x1.00] LOG  [OniBoss] Attack: ClubSlam (20 dmg)
[  1157   16.225 x1.00] LOG  [OniBoss:Trail] ClubSlam trail START at clip 1.00 (transition done).
[  1213   16.654 x1.00] LOG  [CameraGameFeel] Shake: intensity=0.50 duration=0.400s
[  1213   16.654 x1.00] LOG  [Peach] heavy hit 20 dmg: 3 bites. 13/16 bites = 3.25 of 4 peaches
[  1213   16.654 x1.00] LOG  [Momentum] 2 -> 0 (heavy hit taken, reset), speed x1.00, damage x1.00, impact x1.00
[  1213   16.654 x1.00] LOG  [Combat] Hit react: HitReact_Heavy_2Leg (0.9s, clip starts at 0.35s)
[  1213   16.654 x1.00] LOG  [CameraGameFeel] Shake: intensity=0.60 duration=0.200s
[  1213   16.654 x1.00] LOG  [CameraGameFeel] FOV punch: player damage (-3.0°)
[  1213   16.654 x1.00] LOG  [OniBoss] Hit player for 20 (ClubSlam)
[  1213   16.654 x1.00] LOG  [OniBoss:Touch] ClubSlam: club TOUCHED Yoru at clip 0.46, shaft 0.17m from her body line, head 0.46 along the club, tip 2.01m up, tip speed 99m/s. Full club hit delivered this frame.
[  1214   16.666 x1.00] LOG  [HitReactTrace] asked for 'HitReact_Heavy_2Leg' (0.90s, clip start 0.35s): NOT playing it, another state took the combat layer, blend resolved after 12 ms, state 1.00s long at speed 1.00, now at 1.93s, layer weight 1.00, animator.speed 1.00.
[  1257   17.024 x1.00] LOG  [OniBoss:ClubPos] ClubSlam at strike: club tip 0.61m up, 2.89m in front, -0.29m to his right (2.91m out from his centre). Club faces 3deg from his forward, pitch -0.24. (the ground wave is born 1.6m in front of him at 0.35m.)
[  1257   17.024 x1.00] LOG  [OniBoss:Layer] ClubSlam: club already hit — ground wave released as VISUAL only (0 damage).
[  1274   17.157 x1.00] LOG  [OniBoss] Attack → Recovery
[  1274   17.157 x1.00] LOG  [OniBoss] Playing animation: Watch
[  1274   17.157 x1.00] LOG  [OniBoss:Trail] trail END at clip 1.00, fading over 0.40s.
[  1274   17.157 x1.00] LOG  [OniBoss:Strike] ClubSlam: club tip closest to Yoru at 0.38m, clip position 0.94 | damage fires at 0.85 | clip 0.93s => damage fires 85 ms BEFORE the club is closest
[  1293   17.307 x1.00] LOG  [OniBoss] Recovery → Chase
[  1294   17.317 x1.00] LOG  [OniBoss] hold-ground: BACKSTEP 1.5m (player 2.0m)
[  1411   18.257 x1.00] LOG  [OniBoss] hold-ground: backstep done (1.51m), WATCH (player 3.5m, cooldown 0.8s)
[  1411   18.257 x1.00] LOG  [OniBoss] Playing animation: Watch
[  1412   18.267 x1.00] LOG  [OniBoss] Playing animation: Walk
[  1475   18.718 x1.00] LOG  [OniBoss] Playing animation: Watch
[  1503   18.949 x1.00] LOG  [Combat] Combo 1: 10 dmg
[  1503   18.949 x1.00] LOG  [ComboTrace] START step=1 state='Combo1' queued=0 target='OniBoss' at 3.4m
[  1503   18.949 x1.00] LOG  [ComboTrace] LAUNCH OniBoss at 2.0m dist=1.96m in 0.20s
[  1524   19.111 x1.00] LOG  [OniBoss] Chase → Attack
[  1524   19.111 x1.00] LOG  [OniBoss] Attack: ClubSlam (20 dmg)
[  1524   19.111 x1.00] LOG  [OniBoss:Trail] ClubSlam trail START at clip 0.25 (transition done).
[  1529   19.150 x1.00] LOG  [ComboTrace] LAUNCH RESULT wanted=1.96m actually moved=1.31m, completed
[  1566   19.421 x1.00] LOG  OniBoss took 10 damage. HP: 2444/2500
[  1566   19.421 x1.00] LOG  [OniBoss] 🤕 Hit during Attack — flash only
[  1566   19.421 x1.00] LOG  [Momentum] 0 -> 1 (hit), speed x1.05, damage x1.05, impact x1.05
[  1566   19.421 x1.00] LOG  [CameraGameFeel] Shake: intensity=0.06 duration=0.080s
[  1566   19.421 x1.00] LOG  [Combat] Hit OniBoss for 10
[  1566   19.421 x1.00] LOG  [CameraGameFeel] Shake: intensity=0.53 duration=0.200s
[  1566   19.421 x1.00] LOG  [CameraGameFeel] FOV punch: hit light (+1.5°)
[  1585   19.574 x1.00] LOG  [CameraGameFeel] Shake: intensity=0.50 duration=0.400s
[  1585   19.574 x1.00] LOG  [Peach] heavy hit 20 dmg: 3 bites. 10/16 bites = 2.5 of 4 peaches
[  1585   19.574 x1.00] LOG  [Momentum] 1 -> 0 (heavy hit taken, reset), speed x1.00, damage x1.00, impact x1.00
[  1585   19.574 x1.00] LOG  [Combat] Hit react: HitReact_Heavy_2Leg (0.9s, clip starts at 0.35s)
[  1585   19.574 x1.00] LOG  [CameraGameFeel] Shake: intensity=0.60 duration=0.200s
[  1585   19.574 x1.00] LOG  [CameraGameFeel] FOV punch: player damage (-3.0°)
[  1585   19.574 x1.00] LOG  [OniBoss] Hit player for 20 (ClubSlam)
[  1585   19.574 x1.00] LOG  [OniBoss:Touch] ClubSlam: club TOUCHED Yoru at clip 0.46, shaft 0.15m from her body line, head 0.44 along the club, tip 2.26m up, tip speed 102m/s. Full club hit delivered this frame.
[  1586   19.583 x1.00] LOG  [HitReactTrace] asked for 'HitReact_Heavy_2Leg' (0.90s, clip start 0.35s): NOT playing it, another state took the combat layer, blend resolved after 8 ms, state 0.95s long at speed 1.60, now at 0.59s, layer weight 1.00, animator.speed 1.00.
[  1586   19.583 x1.00] LOG  🐾 VFX_AttackPaw triggered!
[  1631   19.949 x1.00] LOG  [OniBoss:ClubPos] ClubSlam at strike: club tip 0.57m up, 2.90m in front, -0.19m to his right (2.91m out from his centre). Club faces 6deg from his forward, pitch -0.25. (the ground wave is born 1.6m in front of him at 0.35m.)
[  1631   19.949 x1.00] LOG  [OniBoss:Layer] ClubSlam: club already hit — ground wave released as VISUAL only (0 damage).
[  1647   20.079 x1.00] LOG  [OniBoss] Attack → Recovery
[  1647   20.079 x1.00] LOG  [OniBoss] Playing animation: Watch
[  1647   20.079 x1.00] LOG  [OniBoss:Trail] trail END at clip 1.00, fading over 0.40s.
[  1647   20.079 x1.00] LOG  [OniBoss:Strike] ClubSlam: club tip closest to Yoru at 0.29m, clip position 0.94 | damage fires at 0.85 | clip 0.93s => damage fires 82 ms BEFORE the club is closest
[  1666   20.233 x1.00] LOG  [OniBoss] Recovery → Chase
[  1667   20.240 x1.00] LOG  [OniBoss] hold-ground: BACKSTEP 1.5m (player 2.0m)
[  1746   20.885 x1.00] LOG  [Combat] Combo 1: 10 dmg
[  1746   20.885 x1.00] LOG  [ComboTrace] START step=1 state='Combo1' queued=0 target='OniBoss' at 3.0m
[  1746   20.885 x1.00] LOG  [ComboTrace] LAUNCH OniBoss at 1.7m dist=1.70m in 0.17s
[  1746   20.885 x1.00] LOG  [AirPosePin] engaged, holding body at 0.652m above the transform
[  1748   20.898 x1.00] LOG  [AirPosePin] released, peak correction was 0.000m
[  1761   20.985 x1.00] WARN The referenced script on this Behaviour (Game Object '<null>') is missing!
[  1761   20.985 x1.00] WARN The referenced script on this Behaviour (Game Object 'Lightning Light') is missing!
[  1761   20.985 x1.00] WARN The referenced script on this Behaviour (Game Object 'Lightning Light') is missing!
[  1771   21.058 x1.00] LOG  [ComboTrace] LAUNCH RESULT wanted=1.70m actually moved=1.26m, completed
[  1788   21.183 x1.00] LOG  [OniBoss] hold-ground: backstep done (1.51m), WATCH (player 2.2m, cooldown 0.9s)
[  1788   21.183 x1.00] LOG  [OniBoss] Playing animation: Idle
[  1789   21.190 x1.00] LOG  [OniBoss] Playing animation: Walk
[  1809   21.356 x1.00] LOG  OniBoss took 10 damage. HP: 2434/2500
[  1809   21.356 x1.00] LOG  [OniBoss] Chase → HitReact
[  1809   21.356 x1.00] LOG  [OniBoss:Layer] react tier: LIGHT (10 dmg) → 'Hit_react_light'
[  1809   21.356 x1.00] LOG  [OniReactTrace] #2 LIGHT (10 dmg) asked for 'Hit_react_light': crossfade 0.08s, animator speed 1.35, world x1.00
[  1809   21.356 x1.00] LOG  [Momentum] 0 -> 1 (hit), speed x1.05, damage x1.05, impact x1.05
[  1809   21.356 x1.00] LOG  [CameraGameFeel] Shake: intensity=0.06 duration=0.080s
[  1809   21.356 x1.00] LOG  [Combat] Hit OniBoss for 10
[  1809   21.356 x1.00] LOG  [CameraGameFeel] Shake: intensity=0.53 duration=0.200s
[  1809   21.356 x1.00] LOG  [CameraGameFeel] FOV punch: hit light (+1.5°)
[  1810   21.365 x1.00] LOG  [OniReactTrace] #2 +0.01s state SOMETHING ELSE, clip on his bones '?' weight 0.00, blending into a DIFFERENT state, layer weight 1.00, animator speed 0.00, world x1.00, engine HitReact
[  1821   21.458 x1.00] LOG  [OniReactTrace] #2 +0.10s state 'Hit_react_light' at 11 % of its 0.59s, clip on his bones '?' weight 0.00, layer weight 1.00, animator speed 1.35, world x1.00, engine HitReact
[  1829   21.511 x1.00] LOG  🐾 VFX_AttackPaw triggered!
[  1842   21.608 x1.00] LOG  [OniReactTrace] #2 +0.25s state 'Hit_react_light' at 36 % of its 0.59s, clip on his bones 'Take 001' weight 1.00, layer weight 1.00, animator speed 1.35, world x1.00, engine HitReact
[  1857   21.723 x1.00] LOG  [ComboTrace] END step=1 clipProgress=0.85 clipLen=0.95s queued=0 elapsed=0.84s
[  1868   21.808 x1.00] LOG  [OniReactTrace] #2 +0.45s state 'Hit_react_light' at 70 % of its 0.59s, clip on his bones 'Take 001' weight 1.00, layer weight 1.00, animator speed 1.35, world x1.00, engine HitReact
[  1903   22.059 x1.00] LOG  [OniReactTrace] #2 +0.70s state 'Hit_react_light' at 100 % of its 0.59s, clip on his bones 'Take 001' weight 1.00, layer weight 1.00, animator speed 1.35, world x1.00, engine HitReact
[  1915   22.158 x1.00] LOG  [OniBoss] HitReact → Chase
[  1916   22.168 x1.00] LOG  [OniBoss] Playing animation: Idle
[  1916   22.168 x1.00] LOG  [OniBoss] Combo started: ClubSwing1 → ClubSwing2 → ClubSlam (3 steps remaining)
[  1916   22.168 x1.00] LOG  [OniBoss] Chase → Attack
[  1916   22.168 x1.00] LOG  [OniBoss] Attack: Club_Swing (16 dmg)
[  1916   22.168 x1.00] LOG  [OniBoss:Trail] Club_Swing trail START at clip 1.00 (transition done).
[  1933   22.308 x1.00] LOG  [OniReactTrace] #2 +0.95s state SOMETHING ELSE, clip on his bones 'Take 001' weight 1.00, layer weight 1.00, animator speed 1.35, world x1.00, engine Attack
[  1933   22.308 x1.00] LOG  [OniReactTrace] #2 LIGHT verdict: played to 100 % of the clip, so the reaction IS on screen and what is missing is movement inside the clip itself
[  1958   22.509 x1.00] LOG  [Combat] Combo 2: 20 dmg
[  1958   22.509 x1.00] LOG  [ComboTrace] START step=2 state='Combo2' queued=0 target='OniBoss' at 2.2m
[  1958   22.509 x1.00] LOG  [ComboTrace] LAUNCH OniBoss at 1.0m dist=1.00m in 0.13s
[  1961   22.532 x1.00] LOG  [OniBoss:ClubPos] Club_Swing at strike: club tip 3.03m up, 2.10m in front, -3.13m to his right (3.77m out from his centre). Club faces -91deg from his forward, pitch 0.41. (the ground wave is born 1.6m in front of him at 0.35m.)
[  1961   22.532 x1.00] LOG  [OniBoss:Layer] Club_Swing: club has not connected — ground wave released ARMED, 1.6m in front, 12m/s x 6.0m = 0.50s, carrying 8 (half of the club's 16).
[  1962   22.539 x1.00] LOG  [Peach] light hit 8 dmg: 1 bite. 9/16 bites = 2.25 of 4 peaches
[  1962   22.539 x1.00] LOG  [Momentum] 1 -> 0 (light hit taken, 50% = -1), speed x1.00, damage x1.00, impact x1.00
[  1962   22.539 x1.00] LOG  [Combat] Combo memory: light hit, keeping step 2
[  1962   22.539 x1.00] LOG  [Combat] Hit react: HitReact_Light_2Leg (0.5s, clip starts at 0.35s)
[  1962   22.539 x1.00] LOG  [CameraGameFeel] Shake: intensity=0.30 duration=0.200s
[  1962   22.539 x1.00] LOG  [CameraGameFeel] FOV punch: player damage (-2.0°)
[  1962   22.539 x1.00] LOG  [OniBoss:Wave] wave TOUCHED Yoru (grounded) for 8 after 0.1m / 0.01s of travel.
[  1965   22.568 x1.00] LOG  [HitReactTrace] asked for 'HitReact_Light_2Leg' (0.50s, clip start 0.35s): playing it, blend resolved after 29 ms, state 1.21s long at speed 1.00, now at 0.37s, layer weight 1.00, animator.speed 1.00.
[  2021   23.008 x1.00] LOG  [OniBoss] Attack → Recovery
[  2021   23.008 x1.00] LOG  [OniBoss] Playing animation: Watch
[  2021   23.008 x1.00] LOG  [OniBoss:Trail] trail END at clip 0.99, fading over 0.40s.
[  2021   23.008 x1.00] LOG  [OniBoss:Strike] Club_Swing: club tip closest to Yoru at 0.49m, clip position 0.91 | damage fires at 0.42 | clip 0.84s => damage fires 411 ms BEFORE the club is closest
[  2041   23.161 x1.00] LOG  [OniBoss] Recovery → Attack
[  2041   23.161 x1.00] LOG  [OniBoss] Attack: ClubSwing2 (16 dmg)
[  2041   23.161 x1.00] LOG  [OniBoss:Trail] ClubSwing2 trail START at clip 1.00 (transition still blending).
[  2077   23.431 x1.00] LOG  [Combat] Combo 3: 35 dmg
[  2077   23.431 x1.00] LOG  [ComboTrace] START step=3 state='Combo3' queued=0 target='OniBoss' at 2.0m
[  2077   23.431 x1.00] LOG  [ComboTrace] LAUNCH OniBoss at 0.8m dist=0.78m in 0.13s
[  2077   23.431 x1.00] LOG  [YoruVFX] Ground hazard: 'VFX_Void_Area_GroundSpinYORU' laid at GroundVFX ((484.69, 0.53, 403.12)), floor tilt 9.4 deg, 17 delays shifted by 2.00s, own lifetime 8.98s
[  2077   23.431 x1.00] LOG  [Combat] Hazard zone tick: OniBoss for 25
[  2077   23.431 x1.00] LOG  [Combat] Hazard zone laid: 8.98s, 25 dmg every 0.50s in 2.00m
[  2084   23.488 x1.00] LOG  [CameraGameFeel] Shake: intensity=0.20 duration=0.250s
[  2084   23.488 x1.00] LOG  [Peach] light hit 20 dmg: 2 bites. 7/16 bites = 1.75 of 4 peaches
[  2084   23.488 x1.00] LOG  [Momentum] light hit inside the 1.0s grace, no cost (count 0)
[  2084   23.488 x1.00] LOG  [Combat] Combo memory: light hit, keeping step 3
[  2084   23.488 x1.00] LOG  [Combat] Hit react: HitReact_Light_2Leg (0.5s, clip starts at 0.35s)
[  2084   23.488 x1.00] LOG  [CameraGameFeel] Shake: intensity=0.30 duration=0.200s
[  2084   23.488 x1.00] LOG  [CameraGameFeel] FOV punch: player damage (-2.0°)
[  2084   23.488 x1.00] LOG  [OniBoss] Hit player for 20 (ClubSwing2) [combo x1.25]
[  2084   23.488 x1.00] LOG  [OniBoss:Touch] ClubSwing2: club TOUCHED Yoru at clip 0.28, shaft 0.62m from her body line, head 0.48 along the club, tip 1.70m up, tip speed 90m/s, ONE FRAME EARLY (predicted). Full club hit delivered this frame.
[  2085   23.499 x1.00] LOG  [HitReactTrace] asked for 'HitReact_Light_2Leg' (0.50s, clip start 0.35s): NOT playing it, another state took the combat layer, blend resolved after 11 ms, state 0.79s long at speed 0.80, now at 0.06s, layer weight 1.00, animator.speed 1.00.
[  2092   23.549 x1.00] LOG  [OniBoss:ClubPos] ClubSwing2 at strike: club tip 0.12m up, 1.76m in front, 2.48m to his right (3.04m out from his centre). Club faces 8deg from his forward, pitch -0.88. (the ground wave is born 1.6m in front of him at 0.35m.)
[  2092   23.549 x1.00] LOG  [OniBoss:Layer] ClubSwing2: club already hit — ground wave released as VISUAL only (0 damage).
[  2141   23.939 x1.00] LOG  [Combat] Hazard zone tick: OniBoss for 25
[  2191   24.329 x1.00] LOG  [OniBoss] Attack → Recovery
[  2191   24.329 x1.00] LOG  [OniBoss] Playing animation: Watch
[  2191   24.329 x1.00] LOG  [OniBoss:Trail] trail END at clip 0.99, fading over 0.40s.
[  2191   24.329 x1.00] LOG  [OniBoss:Strike] ClubSwing2: club tip closest to Yoru at 1.36m, clip position 0.30 | damage fires at 0.32 | clip 1.17s => MATCHED (within one or two frames)
[  2205   24.439 x1.00] LOG  [Combat] Hazard zone tick: OniBoss for 25
[  2210   24.482 x1.00] LOG  [OniBoss] Recovery → Attack
[  2210   24.482 x1.00] LOG  [OniBoss] Attack: ClubSlam (20 dmg)
[  2210   24.482 x1.00] LOG  [OniBoss:Trail] ClubSlam trail START at clip 1.00 (transition still blending).
[  2263   24.909 x1.00] LOG  [CameraGameFeel] Shake: intensity=0.50 duration=0.400s
[  2263   24.909 x1.00] LOG  [Peach] heavy hit 30 dmg: 4 bites. 3/16 bites = 0.75 of 4 peaches
[  2263   24.909 x1.00] LOG  [Combat] Hit react: HitReact_Heavy_2Leg (0.9s, clip starts at 0.35s)
[  2263   24.909 x1.00] LOG  [CameraGameFeel] Shake: intensity=0.60 duration=0.200s
[  2263   24.909 x1.00] LOG  [CameraGameFeel] FOV punch: player damage (-3.0°)
[  2263   24.909 x1.00] LOG  [OniBoss] Hit player for 30 (ClubSlam) [combo x1.50]
[  2263   24.909 x1.00] LOG  [OniBoss:Touch] ClubSlam: club TOUCHED Yoru at clip 0.46, shaft 0.16m from her body line, head 0.45 along the club, tip 2.22m up, tip speed 103m/s. Full club hit delivered this frame.
[  2264   24.917 x1.00] LOG  [PeachUI] LOW HEALTH cue ON: 3 bites left, heartbeat 1.00s, bleed on, sound set
[  2264   24.917 x1.00] LOG  [HitReactTrace] asked for 'HitReact_Heavy_2Leg' (0.90s, clip start 0.35s): NOT playing it, another state took the combat layer, blend resolved after 8 ms, state 1.00s long at speed 1.00, now at 0.92s, layer weight 1.00, animator.speed 1.00.
[  2267   24.939 x1.00] LOG  [Combat] Hazard zone tick: OniBoss for 25
[  2308   25.280 x1.00] LOG  [OniBoss:ClubPos] ClubSlam at strike: club tip 0.60m up, 2.90m in front, -0.25m to his right (2.91m out from his centre). Club faces 4deg from his forward, pitch -0.24. (the ground wave is born 1.6m in front of him at 0.35m.)
[  2308   25.280 x1.00] LOG  [OniBoss:Layer] ClubSlam: club already hit — ground wave released as VISUAL only (0 damage), finisher size x2.0.
[  2323   25.409 x1.00] LOG  [OniBoss] Attack → Recovery
[  2323   25.409 x1.00] LOG  [OniBoss] Playing animation: Watch
[  2323   25.409 x1.00] LOG  [OniBoss:Trail] trail END at clip 0.99, fading over 0.40s.
[  2323   25.409 x1.00] LOG  [OniBoss:Strike] ClubSlam: club tip closest to Yoru at 0.23m, clip position 0.94 | damage fires at 0.85 | clip 0.93s => damage fires 80 ms BEFORE the club is closest
[  2327   25.440 x1.00] LOG  [Combat] Hazard zone tick: OniBoss for 25
[  2341   25.559 x1.00] LOG  [OniBoss] Recovery → Chase
[  2342   25.567 x1.00] LOG  [OniBoss] hold-ground: BACKSTEP 1.5m (player 2.0m)
[  2378   25.849 x1.00] LOG  🚶 2-LEG JUMP
[  2378   25.849 x1.00] LOG  🐾 Jump 1 VFX spawned!
[  2390   25.949 x1.00] LOG  [Combat] Hazard zone tick: OniBoss for 25
[  2427   26.235 x1.00] LOG  [ComboTrace] LAUNCH OniBoss at 1.5m dist=1.49m in 0.15s [AIRBORNE]
[  2427   26.235 x1.00] LOG  [Combat] Aerial spin, 25 dmg
[  2427   26.235 x1.00] LOG  [YoruVFX] Air spin: 'VFX_Void_Burst_AirSpinYoru' at CenterVFX, 46 systems, longest 1.00s fitted to 0.79s at speed 1.27, 8 forced Local, 38 delays zeroed, tail 2.37s
[  2427   26.235 x1.00] LOG  OniBoss took 10 damage. HP: 2274/2500
[  2427   26.235 x1.00] LOG  [OniBoss] Chase → HitReact
[  2427   26.235 x1.00] LOG  [OniBoss:Layer] react tier: LIGHT (10 dmg) → 'Hit_react_light'
[  2427   26.235 x1.00] LOG  [OniReactTrace] #3 LIGHT (10 dmg) asked for 'Hit_react_light': crossfade 0.08s, animator speed 1.35, world x1.00
[  2427   26.235 x1.00] LOG  [Momentum] 0 -> 1 (hit), speed x1.05, damage x1.05, impact x1.05
[  2427   26.235 x1.00] LOG  [CameraGameFeel] Shake: intensity=0.06 duration=0.080s
[  2427   26.235 x1.00] LOG  [CameraGameFeel] Shake: intensity=0.53 duration=0.200s
[  2427   26.235 x1.00] LOG  [CameraGameFeel] FOV punch: hit light (+1.5°)
[  2427   26.235 x1.00] LOG  [AirPosePin] engaged, holding body at 1.990m above the transform
[  2428   26.247 x1.00] LOG  [OniReactTrace] #3 +0.01s state SOMETHING ELSE, clip on his bones 'Take 001' weight 1.00, blending INTO 'Hit_react_light', layer weight 1.00, animator speed 0.00, world x1.00, engine HitReact
[  2439   26.340 x1.00] LOG  [OniReactTrace] #3 +0.10s state SOMETHING ELSE, clip on his bones 'Take 001' weight 0.11, blending INTO 'Hit_react_light', layer weight 1.00, animator speed 1.35, world x1.00, engine HitReact
[  2445   26.389 x1.00] LOG  [ComboTrace] LAUNCH RESULT wanted=1.49m actually moved=0.91m, completed
[  2445   26.389 x1.00] LOG  OniBoss took 10 damage. HP: 2264/2500
[  2445   26.389 x1.00] LOG  [OniBoss:Layer] burst: 2 hits / 20 dmg → flinch upgraded to 'HitReact_medium'
[  2445   26.389 x1.00] LOG  [OniReactTrace] #4 BURST UPGRADE (20 dmg) asked for 'HitReact_medium': crossfade 0.08s, animator speed 1.35, world x1.00
[  2445   26.389 x1.00] LOG  [CameraGameFeel] Shake: intensity=0.18 duration=0.200s
[  2446   26.399 x1.00] LOG  [OniReactTrace] #4 +0.01s state SOMETHING ELSE, clip on his bones 'Take 001' weight 0.84, blending INTO 'HitReact_medium', layer weight 1.00, animator speed 1.35, world x1.00, engine HitReact
[  2453   26.459 x1.00] LOG  [Combat] Hazard zone tick: OniBoss for 25
[  2457   26.492 x1.00] LOG  [OniReactTrace] #4 +0.10s state 'HitReact_medium' at 8 % of its 1.08s, clip on his bones 'Take 001' weight 1.00, layer weight 1.00, animator speed 1.35, world x1.00, engine HitReact
[  2463   26.541 x1.00] LOG  OniBoss took 10 damage. HP: 2229/2500
[  2463   26.541 x1.00] LOG  [OniBoss] HitReact → Stagger
[  2463   26.541 x1.00] LOG  [OniBoss] Playing animation: Stagger
[  2463   26.541 x1.00] LOG  [OniBoss] STAGGERED for 2.5s
[  2463   26.541 x1.00] LOG  [OniBoss:Layer] heavy knock-back react (swirl burst, 3 hits / 30 dmg) → 'HitReact_Heavy', down for 1.80s
[  2463   26.541 x1.00] LOG  [OniReactTrace] #5 HEAVY (0 dmg) asked for 'HitReact_Heavy': crossfade 0.08s, animator speed 1.35, world x1.00
[  2463   26.541 x1.00] LOG  [OniBoss:Layer] burst: 3 hits / 30 dmg inside 0.8s → knock-back + 0.90m push
[  2463   26.541 x1.00] LOG  [Momentum] 1 -> 2 (hit), speed x1.10, damage x1.10, impact x1.10
[  2463   26.541 x1.00] LOG  [CameraGameFeel] Shake: intensity=0.06 duration=0.080s
[  2463   26.541 x1.00] LOG  [CameraGameFeel] Shake: intensity=0.19 duration=0.200s
[  2464   26.550 x1.00] LOG  [OniReactTrace] #5 +0.01s state SOMETHING ELSE, clip on his bones 'Take 001' weight 0.75, blending INTO 'HitReact_Heavy', layer weight 1.00, animator speed 1.35, world x1.00, engine Stagger
[  2475   26.642 x1.00] LOG  [OniReactTrace] #5 +0.10s state 'HitReact_Heavy' at 8 % of its 1.11s, clip on his bones 'Take 001' weight 1.00, layer weight 1.00, animator speed 1.35, world x1.00, engine Stagger
[  2481   26.691 x1.00] LOG  OniBoss punish window! 11 → 16 (x1.5)
[  2481   26.691 x1.00] LOG  OniBoss took 16 damage. HP: 2213/2500
[  2481   26.691 x1.00] LOG  [CameraGameFeel] Shake: intensity=0.19 duration=0.200s
[  2492   26.779 x1.00] LOG  💨 Landing VFX spawned!
[  2492   26.779 x1.00] LOG  ✅ LANDED! (was jump #1)
[  2492   26.779 x1.00] LOG  [AirPosePin] released, peak correction was 0.059m
[  2494   26.798 x1.00] LOG  [OniReactTrace] #5 +0.26s state 'HitReact_Heavy' at 22 % of its 1.11s, clip on his bones 'Take 001' weight 1.00, layer weight 1.00, animator speed 1.35, world x1.00, engine Stagger
[  2500   26.849 x1.00] LOG  OniBoss punish window! 11 → 16 (x1.5)
[  2500   26.849 x1.00] LOG  OniBoss took 16 damage. HP: 2197/2500
[  2500   26.849 x1.00] LOG  [Momentum] 2 -> 3 (hit), speed x1.15, damage x1.15, impact x1.15
[  2500   26.849 x1.00] LOG  [CameraGameFeel] Shake: intensity=0.06 duration=0.080s
[  2500   26.849 x1.00] LOG  [CameraGameFeel] Shake: intensity=0.20 duration=0.200s
[  2513   26.960 x1.00] LOG  [YoruVFX] Spin VFX stopped, fading for 2.37s
[  2517   26.991 x1.00] LOG  [OniReactTrace] #5 +0.45s state 'HitReact_Heavy' at 40 % of its 1.11s, clip on his bones 'Take 001' weight 1.00, layer weight 1.00, animator speed 1.35, world x1.00, engine Stagger
[  2517   26.991 x1.00] LOG  [ComboTrace] END step=3 clipProgress=0.90 clipLen=0.79s queued=0 elapsed=0.76s
[  2533   27.121 x1.00] LOG  🚶 2-LEG JUMP
[  2533   27.121 x1.00] LOG  🐾 Jump 1 VFX spawned!
[  2548   27.241 x1.00] LOG  [OniReactTrace] #5 +0.70s state 'HitReact_Heavy' at 62 % of its 1.11s, clip on his bones 'Take 001' weight 1.00, layer weight 1.00, animator speed 1.35, world x1.00, engine Stagger
[  2579   27.499 x1.00] LOG  [OniReactTrace] #5 +0.96s state 'HitReact_Heavy' at 85 % of its 1.11s, clip on his bones 'Take 001' weight 1.00, layer weight 1.00, animator speed 1.35, world x1.00, engine Stagger
[  2579   27.499 x1.00] LOG  [OniReactTrace] #5 HEAVY verdict: played to 85 % of the clip, so the reaction IS on screen and what is missing is movement inside the clip itself
[  2590   27.581 x1.00] LOG  [ComboTrace] LAUNCH OniBoss at 2.1m dist=2.08m in 0.21s [AIRBORNE]
[  2590   27.581 x1.00] LOG  [Combat] Aerial spin, 25 dmg
[  2590   27.581 x1.00] LOG  [YoruVFX] Air spin: 'VFX_Void_Burst_AirSpinYoru' at CenterVFX, 46 systems, longest 1.00s fitted to 0.79s at speed 1.27, 8 forced Local, 38 delays zeroed, tail 2.37s
[  2590   27.581 x1.00] LOG  [AirPosePin] engaged, holding body at 2.103m above the transform
[  2608   27.741 x1.00] LOG  OniBoss punish window! 12 → 18 (x1.5)
[  2608   27.741 x1.00] LOG  OniBoss took 18 damage. HP: 2179/2500
[  2608   27.741 x1.00] LOG  [Momentum] 3 -> 4 (hit), speed x1.20, damage x1.20, impact x1.20
[  2608   27.741 x1.00] LOG  [CameraGameFeel] Shake: intensity=0.06 duration=0.080s
[  2608   27.741 x1.00] LOG  [CameraGameFeel] Shake: intensity=0.60 duration=0.200s
[  2608   27.741 x1.00] LOG  [CameraGameFeel] FOV punch: hit light (+1.5°)
[  2615   27.799 x1.00] LOG  [ComboTrace] LAUNCH RESULT wanted=2.08m actually moved=1.57m, completed
[  2627   27.899 x1.00] LOG  OniBoss punish window! 12 → 18 (x1.5)
[  2627   27.899 x1.00] LOG  OniBoss took 18 damage. HP: 2161/2500
[  2627   27.899 x1.00] LOG  [CameraGameFeel] Shake: intensity=0.21 duration=0.200s
[  2642   28.050 x1.00] LOG  OniBoss punish window! 12 → 18 (x1.5)
[  2642   28.050 x1.00] LOG  OniBoss took 18 damage. HP: 2143/2500
[  2642   28.050 x1.00] LOG  [Momentum] 4 -> 5 (hit), speed x1.25, damage x1.25, impact x1.25
[  2642   28.050 x1.00] LOG  [CameraGameFeel] Shake: intensity=0.14 duration=0.080s
[  2642   28.050 x1.00] LOG  [CameraGameFeel] Shake: intensity=0.22 duration=0.200s
[  2643   28.058 x1.00] LOG  💨 Landing VFX spawned!
[  2643   28.058 x1.00] LOG  ✅ LANDED! (was jump #1)
[  2643   28.058 x1.00] LOG  [AirPosePin] released, peak correction was 0.070m
[  2676   28.316 x1.00] LOG  [YoruVFX] Spin VFX stopped, fading for 2.37s
[  2679   28.342 x1.00] LOG  [OniBoss] Stagger → Chase
[  2679   28.342 x1.00] LOG  [ComboTrace] END step=3 clipProgress=0.90 clipLen=0.79s queued=0 elapsed=0.76s
[  2680   28.350 x1.00] LOG  [OniBoss] Playing animation: Idle
[  2680   28.350 x1.00] LOG  [OniBoss] hold-ground: cooldown over, player 3.6m > 3.5m — APPROACH
[  2680   28.350 x1.00] LOG  [OniBoss] Playing animation: Walk
[  2706   28.550 x1.00] LOG  🚶 2-LEG JUMP
[  2706   28.550 x1.00] LOG  🐾 Jump 1 VFX spawned!
[  2728   28.729 x1.00] WARN The referenced script on this Behaviour (Game Object '<null>') is missing!
[  2728   28.729 x1.00] WARN The referenced script on this Behaviour (Game Object 'Lightning Light') is missing!
[  2728   28.729 x1.00] WARN The referenced script on this Behaviour (Game Object 'Lightning Light') is missing!
[  2731   28.754 x1.00] LOG  [OniBoss] Chase → Attack
[  2731   28.754 x1.00] LOG  [OniBoss] Attack: ClubSlam (20 dmg)
[  2731   28.754 x1.00] LOG  [OniBoss:Trail] ClubSlam trail START at clip 0.21 (transition done).
[  2768   29.063 x1.00] LOG  [ComboTrace] LAUNCH OniBoss at 1.4m dist=1.37m in 0.14s [AIRBORNE]
[  2768   29.063 x1.00] LOG  [Combat] Aerial spin, 25 dmg
[  2768   29.063 x1.00] LOG  [YoruVFX] Air spin: 'VFX_Void_Burst_AirSpinYoru' at CenterVFX, 46 systems, longest 1.00s fitted to 0.79s at speed 1.27, 8 forced Local, 38 delays zeroed, tail 2.37s
[  2768   29.063 x1.00] LOG  OniBoss took 12 damage. HP: 2131/2500
[  2768   29.063 x1.00] LOG  [OniBoss] 🤕 Hit during Attack — flash only
[  2768   29.063 x1.00] LOG  [Momentum] 5 -> 6 (hit), speed x1.30, damage x1.30, impact x1.30
[  2768   29.063 x1.00] LOG  [CameraGameFeel] Shake: intensity=0.06 duration=0.080s
[  2768   29.063 x1.00] LOG  [CameraGameFeel] Shake: intensity=0.65 duration=0.200s
[  2768   29.063 x1.00] LOG  [CameraGameFeel] FOV punch: hit light (+1.5°)
[  2768   29.063 x1.00] LOG  [AirPosePin] engaged, holding body at 2.472m above the transform
[  2784   29.210 x1.00] LOG  [ComboTrace] LAUNCH RESULT wanted=1.37m actually moved=0.79m, completed
[  2785   29.217 x1.00] LOG  OniBoss took 13 damage. HP: 2118/2500
[  2785   29.217 x1.00] LOG  [OniBoss] 🤕 Hit during Attack — flash only
[  2785   29.217 x1.00] LOG  [CameraGameFeel] Shake: intensity=0.23 duration=0.200s
[  2786   29.226 x1.00] LOG  [CameraGameFeel] Shake: intensity=0.50 duration=0.400s
[  2786   29.226 x1.00] LOG  [Peach] heavy hit 20 dmg: 3 bites. 0/16 bites = 0 of 4 peaches
[  2786   29.226 x1.00] LOG  [Health] Player died (heavy killing hit). Game over menu: next pass.
[  2786   29.226 x1.00] LOG  [CameraGameFeel] Shake: intensity=0.60 duration=0.200s
[  2786   29.226 x1.00] LOG  [CameraGameFeel] FOV punch: player damage (-3.0°)
[  2786   29.226 x0.15] LOG  [YoruVFX] Spin VFX stopped, fading for 2.37s
[  2786   29.226 x0.15] LOG  [Death] Yoru died in the air on 2 legs (heavy hit): HR_big_die_2legs from 32.5 %. Slow motion x0.15 for 0.8s then x0.50, death sound set.
[  2786   29.226 x0.15] LOG  [OniBoss] Hit player for 20 (ClubSlam)
[  2786   29.226 x0.15] LOG  [OniBoss:Touch] ClubSlam: club TOUCHED Yoru at clip 0.45, shaft 0.20m from her body line, head 0.46 along the club, tip 1.86m up, tip speed 113m/s. Full club hit delivered this frame.
[  2787   29.238 x0.15] LOG  [GameOver] Yoru died: waiting for the death animation to finish, then 1.0s, then ink 3.0s, title 2.0s, buttons 1.5s
[  2787   29.238 x0.15] LOG  [PeachUI] LOW HEALTH cue OFF (she died: heartbeat stops, bleed holds at full)
[  2946   30.565 x0.34] LOG  💨 Landing VFX spawned!
[  2946   30.565 x0.35] LOG  [AirPosePin] released, peak correction was -0.036m
[  2985   30.891 x0.48] LOG  [OniBoss:ClubPos] ClubSlam at strike: club tip 0.57m up, 2.90m in front, -0.19m to his right (2.91m out from his centre). Club faces 6deg from his forward, pitch -0.25. (the ground wave is born 1.6m in front of him at 0.35m.)
[  2985   30.891 x0.48] LOG  [OniBoss:Layer] ClubSlam: club already hit — ground wave released as VISUAL only (0 damage).
[  3016   31.150 x0.50] LOG  [OniBoss] Attack → Recovery
[  3016   31.150 x0.50] LOG  [OniBoss] Playing animation: Watch
[  3016   31.150 x0.50] LOG  [OniBoss:Trail] trail END at clip 0.99, fading over 0.40s.
[  3016   31.150 x0.50] LOG  [OniBoss:Strike] ClubSlam: club tip closest to Yoru at 0.14m, clip position 0.94 | damage fires at 0.85 | clip 0.93s => damage fires 81 ms BEFORE the club is closest
[  3017   31.160 x0.50] LOG  [OniBoss] Yoru is dead: standing down
[  3017   31.160 x0.50] LOG  [OniBoss] Recovery → Idle
[  3017   31.160 x0.50] LOG  [OniBoss] Playing animation: Idle
[  3017   31.160 x0.50] LOG  [OniBoss:Layer] watch stance ON (player 2.0m)
[  3017   31.160 x0.50] LOG  [BossBar] Hiding bar (Oni disengaged)
[  3017   31.160 x0.50] LOG  [OniBoss:Layer] boss bar hidden (disengage)
[  3350   33.756 x0.50] LOG  [GameOver] death animation finished 4.5s after the hit (world at x0.50); the world freezes in 1.0s
[  3486   34.757 x0.50] LOG  [GameOver] world frozen: 1426 x 802 from camera 'mainCamera (1)', levels 0.13 to 0.53 (measured), red edges start at 0.55
[  3532   35.131 x0.50] LOG  [Momentum] 6 -> 5 (drain), speed x1.25, damage x1.25, impact x1.25
[  3662   36.132 x0.50] LOG  [Momentum] 5 -> 4 (drain), speed x1.20, damage x1.20, impact x1.20
[  3790   37.141 x0.50] LOG  [Momentum] 4 -> 3 (drain), speed x1.15, damage x1.15, impact x1.15
[  3920   38.141 x0.50] LOG  [Momentum] 3 -> 2 (drain), speed x1.10, damage x1.10, impact x1.10
[  4050   39.141 x0.50] LOG  [Momentum] 2 -> 1 (drain), speed x1.05, damage x1.05, impact x1.05
[  4184   40.145 x0.50] LOG  [Momentum] 1 -> 0 (drain), speed x1.00, damage x1.00, impact x1.00
[  4349   41.393 x0.50] LOG  [Pause] Esc ignored: another menu is open, Esc belongs to it
[  4446   42.122 x0.50] LOG  [GameOver] screen complete 12.9s after the hit, waiting for Replay or Main Menu
[  4568   43.069 x0.50] LOG  [StormWeather] terrain layers restored to dry values.
# end — 429 lines
