# Oni combat log — 2026-09-17 12:56:53
# Unity 6000.2.7f2 | scene 'CaveScene_Oni_Boss1' | platform OSXEditor
# columns: [frame realSeconds timeScale] KIND message      (KIND: LOG WARN ERR EXC TEL)
#
[     0    0.000 x1.00] LOG  [OniLog] console + telemetry → /Users/asenahazal/Documents/Yoru/OniLogs/oni_2026-09-17_12-56-53.log
[     0    0.000 x1.00] LOG  [OniHairShadows] shadow casting off on 27 hair renderers
[     0    0.000 x1.00] LOG  [RingMesh] Auto-found 11/11 left, 11/11 right meshes
[     1    0.000 x1.00] LOG  [BossBar] BossHealthBarUI initialized
[     1    0.000 x1.00] LOG  [StormWeather] layer 'TerrainLayer_Dirt_01' dry smoothness=0.00 (restore to this if a crash ever leaves it wet)
[     1    0.000 x1.00] LOG  [StormWeather] post volumes ready on layer 9 (storm priority 10, flash priority 11).
[     1    0.000 x1.00] LOG  [StormWeather] ROUND 80: fur weather ready on 'Weather Zone'. Rain 0, wind 0.50 in the open, sky check 30 m from 'PlayerYoru_1.1'.
[     1    0.000 x1.00] LOG  [StormWeather] COZY bridge: Rain_Cave retired, COZY owns the rain now.
[     1    0.000 x1.00] LOG  [StormWeather] COZY → 'Clear' (pre-fight - open sky, 0 s)
[     1    0.000 x1.00] LOG  [StormWeather] Ready. Open sky, dry floor. Waiting for the fight.
[     1    0.000 x1.00] LOG  OniBoss initialized with 500 HP
[     1    0.000 x1.00] LOG  [OniBoss] ANIMATOR SETUP: cullingMode=CullUpdateTransforms updateMode=Normal applyRootMotion=False speed=1
[     1    0.000 x1.00] LOG  [OniBoss] Initialized
[     1    0.000 x1.00] LOG  [OniBoss:Layer] facing: minFlat 1m, snapOnAttack off, trackInHitReact off, aimTurn 540 deg/s for the first 0.20 of the swing
[     1    0.000 x1.00] LOG  [OniBoss:Layer] Yoru launch model ON: launches ALL THE WAY to an enemy within 4.7m of its surface at 10m/s (stop gap 0.00m, NO minimum distance), else steps 0.90m forward. Targeting cone left exactly as her prefab has it.
[     1    0.000 x1.00] LOG  [OniBoss:Layer] Yoru launch ROUND 9: airborne attacks launch too (ON), edge probe now runs on its OWN layer mask (Everything) instead of the line-of-sight mask - the Ground-only mask found no floor in this cave and was cancelling 100% of launches at 0.00m travelled.
[     1    0.000 x1.00] LOG  [OniBoss:Layer] animator speed x1.35 — his 1.13s swing now plays in 0.84s.
[     1    0.000 x1.00] LOG  [OniBoss:Layer] chase speed pushed: phase1 4.5, phase2 5.5 (Yoru runs at 7).
[     1    0.000 x1.00] LOG  [OniBoss:Layer] ground wave ON (round 38): half the club's damage on TOUCH, 12m/s x 6.0m from 1.6m in front at 0.35m height — a club hit cancels that swing's wave, jumping clears it. Per-attack effects come from the Swing Wave VFX By Attack rows. PlayerHealth found, PlayerMovement found.
[     1    0.000 x1.00] LOG  [StormWeather] storm break HELD (waiting for the lightning beat)
[     1    0.000 x1.00] LOG  [OniBoss:Layer] storm break HELD — it releases at the lightning-on-the-club beat.
[     1    0.000 x1.00] LOG  [OniBoss:Layer] club tracking ON — tip 'Kanabo3' (depth 4), shaft root 'kanabo'.
[     1    0.000 x1.00] LOG  [OniBoss:Layer] skinned meshes: 46 renderer(s), updateWhenOffscreen ON, body renderer 'Body' rootBone 'Hips'
[     1    0.000 x1.00] LOG  [OniBoss:Layer] charge travel bone: 'Hips' at depth 1 under 'OniBoss', rest local (0.00, 3.24, -0.24)
[     1    0.000 x1.00] LOG  [OniBoss:Layer] anti-kite ON: thrown swing after 4s of failed chase (within 7.6m), charge after 6s.
[     1    0.000 x1.00] LOG  [OniBoss:Layer] charge drive ON (windup to 0.40 at x1.3, rush 14m/s stops at 2.6m, steers 0.35s then commits, strike section from 0.58, strike moment 0.76, trail VFX off)
[     1    0.000 x1.00] LOG  [OniBoss:Layer] attack armor ON (his swings are not interrupted by light/medium hits; heavy hits and rapid-hit bursts still stop him)
[     1    0.000 x1.00] LOG  [OniBoss:Layer] strike moments overridden: Club_Swing=0.42 ClubSwing2=0.32 ClubSlam=0.85 KanaboSweep=0.48
[     1    0.000 x1.00] LOG  [OniBoss:Layer] club TOUCH hits ON (radius 0.70m, min tip speed 50m/s, armed from 0.20 of the clip): Club_Swing ClubSwing2 ClubSlam KanaboSweep. First touch wins — club full damage, wave half, one hit per swing.
[     1    0.000 x1.00] LOG  [OniBoss:Layer] combo damage ramp ON: mid x1.25, finisher x1.50 — finisher wave carries FULL damage at x2.0 size, x2.0 travel.
[     1    0.000 x1.00] LOG  [OniBoss:Layer] charge follow-up ON: 90 % of solo charges chain into a random melee finisher.
[     1    0.000 x1.00] LOG  [OniBoss:Layer] hold-ground ON (backstep 1.5m @ 1.6m/s after own attacks, watch 'Watch', attack facing LOCKED)
[     1    0.000 x1.00] LOG  [OniBoss:Layer] OniBoss layer ready (reactions, wake-on-hit, watch stance, boss bar). player=found
[     1    0.000 x1.00] LOG  [OniBoss:Layer] charge clip 'Oni Charge.fbx' imports with Root Motion Node = None (in place) — good.
[     1    0.000 x1.00] LOG  [OniBoss:Layer] clips importing with Root Transform Position (Y) NOT baked into pose (12): Oni_Alert(Oni Alert), Club_Slam(Oni Club Slam), Club_Swing(Oni Club Swing), Club_swing2(Oni Club Swing 2), Death(Oni Death Kneel), Hit_react_light(Oni Hit react lighter light), KanaboSweep(Oni Kanabo sweep), Phase_Transition(Oni Phase transition), run(Oni Run), Walk(Oni Walk), Watch(Oni Watch), Idle(Oni Idle) — their hips' up/down motion is stripped (see round notes; optional).
[     1    0.000 x1.00] LOG  === VFX MANAGER INITIALIZED ===
[     1    0.000 x1.00] LOG  Auto-detect animations: False
[     1    0.000 x1.00] LOG  Parent effects to tail: True
[     1    0.000 x1.00] LOG  Prefabs: Jump=True, Land=True, LTail=True, RTail=True
[     1    0.000 x1.00] LOG  ✅ Left Tail Tip: LeftTailTip_Anchor
[     1    0.000 x1.00] LOG  ✅ Right Tail Tip: RightTailTip_Anchor
[     1    0.000 x1.00] LOG  [VolumetricFogController] applyPresets is OFF in this scene. The Volumetric Fog component keeps its hand-set inspector values.
[     1    0.000 x1.00] LOG  [TailAirShot] Ready. drawState=RightTail_Fast castParam=TailCastSpeed (found)
  arrow leaves: PlayerYoru_1.1/Cat_All_10_Tails_v4/Group/DeformationSystem/root/Root_M/Tail15_R/Tail151_R/Tail152_R/Tail153_R/Tail154_R/Tail155_R/Tail156_R/Tail157_R/Tail158_R/Tail159_R/Tail1510_R/Tail1511_R/Tail1512_R/Tail6_R/Tail6_R_end/Tail6_R_end_end/Tail6_R_end_end_end/RightTailTip_Anchor
  aim VFX: PlayerYoru_1.1/Cat_All_10_Tails_v4/Group/DeformationSystem/root/Root_M/Tail15_R/Tail151_R/Tail152_R/Tail153_R/Tail154_R/Tail155_R/Tail156_R/Tail157_R/Tail158_R/Tail159_R/Tail1510_R/Tail1511_R/Tail1512_R/Tail6_R/Tail6_R_end/Tail6_R_end_end/Tail6_R_end_end_end/RightTailTip_Anchor/vfx_Muzzle_Fireball01Blue
[     1    0.000 x1.00] LOG  [RingMesh] VFX Status:
[     1    0.000 x1.00] LOG    Left: Prefab=✓, Spawn=Tail6_L_end_end_end
[     1    0.000 x1.00] LOG    Right: Prefab=✓, Spawn=Tail6_R_end_end_end
[     1    0.000 x1.00] LOG  [TailAirShot4Leg] Ready. drawState=shoot_4Leg castParam=Shoot4LegSpeed (found) readyFrame=5 fireFrame=10 frames=24 slowBudget=3s real damageMultiplier=2.00
  arrow leaves: PlayerYoru_1.1/Cat_All_10_Tails_v4/Group/DeformationSystem/root/Root_M/Tail15_R/Tail151_R/Tail152_R/Tail153_R/Tail154_R/Tail155_R/Tail156_R/Tail157_R/Tail158_R/Tail159_R/Tail1510_R/Tail1511_R/Tail1512_R/Tail6_R/Tail6_R_end/Tail6_R_end_end/Tail6_R_end_end_end/RightTailTip_Anchor
  aim VFX left:  PlayerYoru_1.1/Cat_All_10_Tails_v4/Group/DeformationSystem/root/Root_M/Tail15_L/Tail151_L/Tail152_L/Tail153_L/Tail154_L/Tail155_L/Tail156_L/Tail157_L/Tail158_L/Tail159_L/Tail1510_L/Tail1511_L/Tail1512_L/Tail6_L/Tail6_L_end/Tail6_L_end_end/Tail6_L_end_end_end/LeftTailTip_Anchor/Glow_4Leg_L
  aim VFX right: PlayerYoru_1.1/Cat_All_10_Tails_v4/Group/DeformationSystem/root/Root_M/Tail15_R/Tail151_R/Tail152_R/Tail153_R/Tail154_R/Tail155_R/Tail156_R/Tail157_R/Tail158_R/Tail159_R/Tail1510_R/Tail1511_R/Tail1512_R/Tail6_R/Tail6_R_end/Tail6_R_end_end/Tail6_R_end_end_end/RightTailTip_Anchor/Glow_4Leg_R
[     1    0.000 x1.00] LOG  [PlayerCombat] Phase 2 form gate CONNECTED (FormController found on this GameObject).
[     1    0.000 x1.00] LOG  [Combat] PlayerCombat initialized, Phase 3C v27
[     1    0.000 x1.00] LOG  [CameraGameFeel] CameraGameFeel initialized (shake + FOV)
[     1    2.961 x1.00] LOG  [OniBoss] Playing animation: Idle
[     1    2.961 x1.00] LOG  [OniBoss:Layer] watch stance ON (player 13.4m)
[    13    4.011 x1.00] LOG  💨 Landing VFX spawned!
[    13    4.011 x1.00] LOG  ✅ LANDED! (was jump #0)
[    91    4.476 x1.00] LOG  [Combat] Dash: DodgeDash_2Leg (4m, 20 dmg, 2leg)
[    91    4.476 x1.00] LOG  [Combat] Dash movement: 4.0m over 0.40s (Dash Move Duration) = 10.0 m/s
[    91    4.476 x1.00] LOG  [AirPosePin] engaged, holding body at 0.597m above the transform
[   111    4.667 x1.00] LOG  [OniBoss:Layer] watch stance OFF, back to Idle (player 16.6m)
[   130    4.845 x1.00] LOG  [AirPosePin] released, peak correction was 0.000m
[   131    4.856 x1.00] LOG  💨 Landing VFX spawned!
[   131    4.856 x1.00] LOG  [AirPosePin] engaged, holding body at 0.645m above the transform
[   133    4.872 x1.00] LOG  [Combat] Dash ended
[   133    4.872 x1.00] LOG  [AirPosePin] released, peak correction was 0.000m
[   134    4.882 x1.00] LOG  ✅ LANDED! (was jump #0)
[   242    5.387 x1.00] LOG  [Combat] Dash: DodgeDash_2Leg (4m, 20 dmg, 2leg)
[   242    5.387 x1.00] LOG  [Combat] Dash movement: 4.0m over 0.40s (Dash Move Duration) = 10.0 m/s
[   242    5.387 x1.00] LOG  [AirPosePin] engaged, holding body at 0.581m above the transform
[   286    5.781 x1.00] LOG  [Combat] Dash ended
[   286    5.781 x1.00] LOG  [AirPosePin] released, peak correction was 0.000m
[   290    5.804 x1.00] LOG  💨 Landing VFX spawned!
[   290    5.804 x1.00] LOG  ✅ LANDED! (was jump #0)
[   487    6.687 x1.00] LOG  [Combat] Dash: DodgeDash_2Leg (4m, 20 dmg, 2leg)
[   487    6.687 x1.00] LOG  [Combat] Dash movement: 4.0m over 0.40s (Dash Move Duration) = 10.0 m/s
[   487    6.687 x1.00] LOG  [AirPosePin] engaged, holding body at 0.582m above the transform
[   534    7.090 x1.00] LOG  [Combat] Dash ended
[   534    7.090 x1.00] LOG  [AirPosePin] released, peak correction was 0.000m
[   537    7.103 x1.00] LOG  💨 Landing VFX spawned!
[   537    7.103 x1.00] LOG  ✅ LANDED! (was jump #0)
[  1354   10.548 x1.00] LOG  [Combat] Dodge: Dodge_2Leg (3m, 2leg)
[  1354   10.548 x1.00] LOG  [AirPosePin] engaged, holding body at 0.656m above the transform
[  1356   10.567 x1.00] LOG  [AirPosePin] released, peak correction was 0.000m
[  1357   10.570 x1.00] LOG  [AirPosePin] engaged, holding body at 0.660m above the transform
[  1358   10.579 x1.00] LOG  [AirPosePin] released, peak correction was 0.000m
[  1359   10.588 x1.00] LOG  [AirPosePin] engaged, holding body at 0.675m above the transform
[  1360   10.597 x1.00] LOG  [AirPosePin] released, peak correction was 0.000m
[  1361   10.605 x1.00] LOG  [AirPosePin] engaged, holding body at 0.712m above the transform
[  1362   10.614 x1.00] LOG  [AirPosePin] released, peak correction was 0.000m
[  1363   10.622 x1.00] LOG  [AirPosePin] engaged, holding body at 0.773m above the transform
[  1364   10.631 x1.00] LOG  [AirPosePin] released, peak correction was 0.000m
[  1365   10.640 x1.00] LOG  [AirPosePin] engaged, holding body at 0.866m above the transform
[  1366   10.650 x1.00] LOG  [AirPosePin] released, peak correction was 0.000m
[  1367   10.659 x1.00] LOG  [AirPosePin] engaged, holding body at 1.009m above the transform
[  1368   10.667 x1.00] LOG  [AirPosePin] released, peak correction was 0.000m
[  1369   10.677 x1.00] LOG  [AirPosePin] engaged, holding body at 1.129m above the transform
[  1370   10.685 x1.00] LOG  [AirPosePin] released, peak correction was 0.000m
[  1371   10.693 x1.00] LOG  [AirPosePin] engaged, holding body at 1.224m above the transform
[  1372   10.701 x1.00] LOG  [AirPosePin] released, peak correction was 0.000m
[  1373   10.710 x1.00] LOG  [AirPosePin] engaged, holding body at 1.324m above the transform
[  1374   10.718 x1.00] LOG  [AirPosePin] released, peak correction was 0.000m
[  1375   10.727 x1.00] LOG  [AirPosePin] engaged, holding body at 1.421m above the transform
[  1376   10.735 x1.00] LOG  [AirPosePin] released, peak correction was 0.000m
[  1377   10.744 x1.00] LOG  [AirPosePin] engaged, holding body at 1.507m above the transform
[  1378   10.752 x1.00] LOG  [AirPosePin] released, peak correction was 0.000m
[  1379   10.761 x1.00] LOG  [AirPosePin] engaged, holding body at 1.585m above the transform
[  1380   10.769 x1.00] LOG  [AirPosePin] released, peak correction was 0.000m
[  1381   10.777 x1.00] LOG  [AirPosePin] engaged, holding body at 1.645m above the transform
[  1382   10.785 x1.00] LOG  [AirPosePin] released, peak correction was 0.000m
[  1383   10.795 x1.00] LOG  [AirPosePin] engaged, holding body at 1.687m above the transform
[  1384   10.803 x1.00] LOG  [AirPosePin] released, peak correction was 0.000m
[  1385   10.812 x1.00] LOG  [AirPosePin] engaged, holding body at 1.705m above the transform
[  1386   10.821 x1.00] LOG  [AirPosePin] released, peak correction was 0.000m
[  1387   10.829 x1.00] LOG  [AirPosePin] engaged, holding body at 1.704m above the transform
[  1388   10.838 x1.00] LOG  [AirPosePin] released, peak correction was 0.000m
[  1389   10.847 x1.00] LOG  [AirPosePin] engaged, holding body at 1.667m above the transform
[  1390   10.859 x1.00] LOG  [AirPosePin] released, peak correction was 0.000m
[  1391   10.867 x1.00] LOG  [AirPosePin] engaged, holding body at 1.525m above the transform
[  1392   10.877 x1.00] LOG  [AirPosePin] released, peak correction was 0.000m
[  1393   10.885 x1.00] LOG  [AirPosePin] engaged, holding body at 1.393m above the transform
[  1394   10.894 x1.00] LOG  [AirPosePin] released, peak correction was 0.000m
[  1395   10.902 x1.00] LOG  [AirPosePin] engaged, holding body at 1.306m above the transform
[  1396   10.910 x1.00] LOG  [AirPosePin] released, peak correction was 0.000m
[  1397   10.918 x1.00] LOG  [AirPosePin] engaged, holding body at 1.228m above the transform
[  1398   10.927 x1.00] LOG  [AirPosePin] released, peak correction was 0.000m
[  1399   10.935 x1.00] LOG  [AirPosePin] engaged, holding body at 1.146m above the transform
[  1400   10.943 x1.00] LOG  [AirPosePin] released, peak correction was 0.000m
[  1401   10.951 x1.00] LOG  [AirPosePin] engaged, holding body at 1.061m above the transform
[  1402   10.959 x1.00] LOG  [AirPosePin] released, peak correction was 0.000m
[  1403   10.967 x1.00] LOG  [AirPosePin] engaged, holding body at 0.965m above the transform
[  1404   10.977 x1.00] LOG  [AirPosePin] released, peak correction was 0.000m
[  1405   10.987 x1.00] LOG  [AirPosePin] engaged, holding body at 0.862m above the transform
[  1406   10.995 x1.00] LOG  [AirPosePin] released, peak correction was 0.000m
[  1407   11.004 x1.00] LOG  [AirPosePin] engaged, holding body at 0.790m above the transform
[  1408   11.012 x1.00] LOG  [AirPosePin] released, peak correction was 0.000m
[  1409   11.021 x1.00] LOG  [AirPosePin] engaged, holding body at 0.762m above the transform
[  1410   11.030 x1.00] LOG  [AirPosePin] released, peak correction was 0.000m
[  1411   11.038 x1.00] LOG  [AirPosePin] engaged, holding body at 0.794m above the transform
[  1412   11.046 x1.00] LOG  [AirPosePin] released, peak correction was 0.000m
[  1413   11.060 x1.00] LOG  [AirPosePin] engaged, holding body at 0.799m above the transform
[  1414   11.068 x1.00] LOG  [AirPosePin] released, peak correction was 0.000m
[  1415   11.076 x1.00] LOG  [AirPosePin] engaged, holding body at 0.774m above the transform
[  1416   11.084 x1.00] LOG  [AirPosePin] released, peak correction was 0.000m
[  1417   11.092 x1.00] LOG  [AirPosePin] engaged, holding body at 0.753m above the transform
[  1418   11.100 x1.00] LOG  [AirPosePin] released, peak correction was 0.000m
[  1419   11.109 x1.00] LOG  [AirPosePin] engaged, holding body at 0.731m above the transform
[  1420   11.117 x1.00] LOG  [AirPosePin] released, peak correction was 0.000m
[  1421   11.127 x1.00] LOG  [AirPosePin] engaged, holding body at 0.709m above the transform
[  1422   11.135 x1.00] LOG  [AirPosePin] released, peak correction was 0.000m
[  1423   11.144 x1.00] LOG  [AirPosePin] engaged, holding body at 0.691m above the transform
[  1424   11.151 x1.00] LOG  [AirPosePin] released, peak correction was 0.000m
[  1425   11.160 x1.00] LOG  [AirPosePin] engaged, holding body at 0.677m above the transform
[  1426   11.167 x1.00] LOG  [AirPosePin] released, peak correction was 0.000m
[  1427   11.176 x1.00] LOG  [AirPosePin] engaged, holding body at 0.665m above the transform
[  1428   11.183 x1.00] LOG  [AirPosePin] released, peak correction was 0.000m
[  1429   11.191 x1.00] LOG  [AirPosePin] engaged, holding body at 0.657m above the transform
[  1430   11.199 x1.00] LOG  [AirPosePin] released, peak correction was 0.000m
[  1431   11.210 x1.00] LOG  [AirPosePin] engaged, holding body at 0.653m above the transform
[  1432   11.218 x1.00] LOG  [AirPosePin] released, peak correction was 0.000m
[  1433   11.226 x1.00] LOG  [DodgeTrace] 2leg flip: clip 0.67s, ran 0.68s, 3.0m, travel finished at 0.67s, leaving 0.01s of clip with nothing moving.
[  1433   11.226 x1.00] LOG  [Combat] Dodge ended
[  1571   11.818 x1.00] LOG  [Combat] Dodge: Dodge_2Leg (3m, 2leg)
[  1571   11.818 x1.00] LOG  [AirPosePin] engaged, holding body at 0.653m above the transform
[  1573   11.830 x1.00] LOG  [AirPosePin] released, peak correction was 0.000m
[  1574   11.834 x1.00] LOG  [AirPosePin] engaged, holding body at 0.656m above the transform
[  1575   11.845 x1.00] LOG  [AirPosePin] released, peak correction was 0.000m
[  1576   11.857 x1.00] LOG  [AirPosePin] engaged, holding body at 0.673m above the transform
[  1577   11.876 x1.00] LOG  [AirPosePin] released, peak correction was 0.000m
[  1578   11.888 x1.00] LOG  [AirPosePin] engaged, holding body at 0.757m above the transform
[  1579   11.903 x1.00] LOG  [AirPosePin] released, peak correction was 0.000m
[  1580   11.915 x1.00] LOG  [AirPosePin] engaged, holding body at 0.905m above the transform
[  1581   11.928 x1.00] LOG  [AirPosePin] released, peak correction was 0.000m
[  1582   11.941 x1.00] LOG  [AirPosePin] engaged, holding body at 1.095m above the transform
[  1583   11.953 x1.00] LOG  [AirPosePin] released, peak correction was 0.000m
[  1584   11.980 x1.00] LOG  [AirPosePin] engaged, holding body at 1.325m above the transform
[  1585   11.990 x1.00] LOG  [AirPosePin] released, peak correction was 0.000m
[  1586   12.000 x1.00] LOG  [AirPosePin] engaged, holding body at 1.438m above the transform
[  1587   12.009 x1.00] LOG  [AirPosePin] released, peak correction was 0.000m
[  1589   12.026 x1.00] LOG  [AirPosePin] engaged, holding body at 1.569m above the transform
[  1590   12.034 x1.00] LOG  [AirPosePin] released, peak correction was 0.000m
[  1591   12.043 x1.00] LOG  [AirPosePin] engaged, holding body at 1.631m above the transform
[  1592   12.051 x1.00] LOG  [AirPosePin] released, peak correction was 0.000m
[  1593   12.060 x1.00] LOG  [AirPosePin] engaged, holding body at 1.678m above the transform
[  1594   12.069 x1.00] LOG  [AirPosePin] released, peak correction was 0.000m
[  1595   12.078 x1.00] LOG  [AirPosePin] engaged, holding body at 1.704m above the transform
[  1596   12.087 x1.00] LOG  [AirPosePin] released, peak correction was 0.000m
[  1597   12.098 x1.00] LOG  [AirPosePin] engaged, holding body at 1.705m above the transform
[  1598   12.106 x1.00] LOG  [AirPosePin] released, peak correction was 0.000m
[  1599   12.115 x1.00] LOG  [AirPosePin] engaged, holding body at 1.673m above the transform
[  1600   12.123 x1.00] LOG  [AirPosePin] released, peak correction was 0.000m
[  1601   12.132 x1.00] LOG  [AirPosePin] engaged, holding body at 1.564m above the transform
[  1602   12.140 x1.00] LOG  [AirPosePin] released, peak correction was 0.000m
[  1603   12.149 x1.00] LOG  [AirPosePin] engaged, holding body at 1.429m above the transform
[  1604   12.158 x1.00] LOG  [AirPosePin] released, peak correction was 0.000m
[  1605   12.167 x1.00] LOG  [AirPosePin] engaged, holding body at 1.327m above the transform
[  1606   12.177 x1.00] LOG  [AirPosePin] released, peak correction was 0.000m
[  1607   12.187 x1.00] LOG  [AirPosePin] engaged, holding body at 1.231m above the transform
[  1608   12.195 x1.00] LOG  [AirPosePin] released, peak correction was 0.000m
[  1609   12.206 x1.00] LOG  [AirPosePin] engaged, holding body at 1.138m above the transform
[  1610   12.214 x1.00] LOG  [AirPosePin] released, peak correction was 0.000m
[  1611   12.222 x1.00] LOG  [AirPosePin] engaged, holding body at 1.052m above the transform
[  1612   12.230 x1.00] LOG  [AirPosePin] released, peak correction was 0.000m
[  1613   12.238 x1.00] LOG  [AirPosePin] engaged, holding body at 0.960m above the transform
[  1614   12.247 x1.00] LOG  [AirPosePin] released, peak correction was 0.000m
[  1615   12.259 x1.00] LOG  [AirPosePin] engaged, holding body at 0.851m above the transform
[  1616   12.267 x1.00] LOG  [AirPosePin] released, peak correction was 0.000m
[  1617   12.277 x1.00] LOG  [AirPosePin] engaged, holding body at 0.778m above the transform
[  1618   12.285 x1.00] LOG  [AirPosePin] released, peak correction was 0.000m
[  1619   12.293 x1.00] LOG  [AirPosePin] engaged, holding body at 0.764m above the transform
[  1620   12.301 x1.00] LOG  [AirPosePin] released, peak correction was 0.000m
[  1621   12.310 x1.00] LOG  [AirPosePin] engaged, holding body at 0.797m above the transform
[  1622   12.317 x1.00] LOG  [AirPosePin] released, peak correction was 0.000m
[  1623   12.325 x1.00] LOG  [AirPosePin] engaged, holding body at 0.804m above the transform
[  1624   12.333 x1.00] LOG  [AirPosePin] released, peak correction was 0.000m
[  1625   12.342 x1.00] LOG  [AirPosePin] engaged, holding body at 0.781m above the transform
[  1626   12.350 x1.00] LOG  [AirPosePin] released, peak correction was 0.000m
[  1627   12.359 x1.00] LOG  [AirPosePin] engaged, holding body at 0.757m above the transform
[  1628   12.368 x1.00] LOG  [AirPosePin] released, peak correction was 0.000m
[  1644   12.498 x1.00] LOG  [DodgeTrace] 2leg flip: clip 0.67s, ran 0.68s, 3.0m, travel finished at 0.68s, leaving 0.01s of clip with nothing moving.
[  1644   12.498 x1.00] LOG  [Combat] Dodge ended
[  1836   13.297 x1.00] LOG  [Combat] Combo 1: 10 dmg
[  1836   13.297 x1.00] LOG  [ComboTrace] START step=1 state='Combo1' queued=0 target=none: no collider on enemyLayer within 8m
[  1836   13.297 x1.00] LOG  [ComboTrace] LAUNCH STEP (no enemy) dist=0.90m in 0.13s
[  1853   13.439 x1.00] LOG  [ComboTrace] LAUNCH RESULT wanted=0.90m actually moved=0.90m, completed
[  1868   13.491 x1.00] LOG  [Combat] Queued click #1 (combo 1)
[  1868   13.491 x1.00] LOG  [ComboTrace] QUEUED #1 during step 1
[  1968   13.898 x1.00] LOG  🐾 VFX_AttackPaw triggered!
[  1993   13.998 x1.00] LOG  [Combat] Combo 2: 20 dmg
[  1993   13.998 x1.00] LOG  [ComboTrace] START step=2 state='Combo2' queued=0 target=none: no collider on enemyLayer within 8m
[  1993   13.998 x1.00] LOG  [ComboTrace] LAUNCH STEP (no enemy) dist=0.90m in 0.13s
[  2009   14.135 x1.00] LOG  [ComboTrace] LAUNCH RESULT wanted=0.90m actually moved=0.90m, completed
[  2125   14.625 x1.00] LOG  🐾🐾 VFX_TowPaw triggered!
[  2209   14.998 x1.00] LOG  🐾🐾 VFX_TowPaw triggered!
[  2238   15.131 x1.00] LOG  [ComboTrace] END step=2 clipProgress=0.84 clipLen=1.35s queued=0 elapsed=1.13s
[  2725   17.318 x1.00] LOG  [Combat] Dash: DodgeDash_2Leg (4m, 20 dmg, 2leg)
[  2725   17.318 x1.00] LOG  [Combat] Dash movement: 4.0m over 0.40s (Dash Move Duration) = 10.0 m/s
[  2725   17.318 x1.00] LOG  [AirPosePin] engaged, holding body at 0.585m above the transform
[  2772   17.718 x1.00] LOG  [Combat] Dash ended
[  2772   17.718 x1.00] LOG  [AirPosePin] released, peak correction was -0.060m
[  2805   17.902 x1.00] LOG  💨 Landing VFX spawned!
[  2805   17.902 x1.00] LOG  ✅ LANDED! (was jump #0)
[  2966   18.550 x1.00] LOG  [Combat] Dash: DodgeDash_2Leg (4m, 20 dmg, 2leg)
[  2966   18.550 x1.00] LOG  [Combat] Dash movement: 4.0m over 0.40s (Dash Move Duration) = 10.0 m/s
[  2966   18.550 x1.00] LOG  [AirPosePin] engaged, holding body at 0.632m above the transform
[  3014   18.951 x1.00] LOG  [Combat] Dash ended
[  3014   18.951 x1.00] LOG  [AirPosePin] released, peak correction was -0.005m
[  3047   19.121 x1.00] LOG  💨 Landing VFX spawned!
[  3047   19.121 x1.00] LOG  ✅ LANDED! (was jump #0)
[  3146   19.532 x1.00] LOG  [Combat] Dash: DodgeDash_2Leg (4m, 20 dmg, 2leg)
[  3146   19.532 x1.00] LOG  [Combat] Dash movement: 4.0m over 0.40s (Dash Move Duration) = 10.0 m/s
[  3146   19.532 x1.00] LOG  [AirPosePin] engaged, holding body at 0.625m above the transform
[  3189   19.890 x1.00] LOG  [AirPosePin] released, peak correction was 0.000m
[  3190   19.902 x1.00] LOG  💨 Landing VFX spawned!
[  3190   19.902 x1.00] LOG  [AirPosePin] engaged, holding body at 0.645m above the transform
[  3195   19.933 x1.00] LOG  [Combat] Dash ended
[  3195   19.933 x1.00] LOG  [AirPosePin] released, peak correction was 0.000m
[  3198   19.948 x1.00] LOG  ✅ LANDED! (was jump #0)
[  3297   20.365 x1.00] LOG  [Combat] Dash: DodgeDash_2Leg (4m, 20 dmg, 2leg)
[  3297   20.365 x1.00] LOG  [Combat] Dash movement: 4.0m over 0.40s (Dash Move Duration) = 10.0 m/s
[  3297   20.365 x1.00] LOG  [AirPosePin] engaged, holding body at 0.619m above the transform
[  3345   20.772 x1.00] LOG  [Combat] Dash ended
[  3345   20.772 x1.00] LOG  [AirPosePin] released, peak correction was 0.000m
[  3348   20.787 x1.00] LOG  💨 Landing VFX spawned!
[  3348   20.787 x1.00] LOG  ✅ LANDED! (was jump #0)
[  3472   21.325 x1.00] LOG  [Combat] Dash: DodgeDash_2Leg (4m, 20 dmg, 2leg)
[  3472   21.325 x1.00] LOG  [Combat] Dash movement: 4.0m over 0.40s (Dash Move Duration) = 10.0 m/s
[  3472   21.325 x1.00] LOG  [AirPosePin] engaged, holding body at 0.624m above the transform
[  3520   21.723 x1.00] LOG  [Combat] Dash ended
[  3520   21.723 x1.00] LOG  [AirPosePin] released, peak correction was 0.000m
[  3525   21.741 x1.00] LOG  💨 Landing VFX spawned!
[  3525   21.741 x1.00] LOG  ✅ LANDED! (was jump #0)
[  4778   29.123 x1.00] LOG  [OniBoss:Layer] watch stance ON (player 15.0m)
[  4987   30.458 x1.00] LOG  🐾 4-LEG JUMP #0
[  4987   30.458 x1.00] LOG  🐾 Jump 1 VFX spawned!
[  5047   30.858 x1.00] LOG  [ComboTrace] LAUNCH OniBoss at 2.5m dist=2.51m in 0.25s [AIRBORNE]
[  5047   30.858 x1.00] LOG  [Combat] Aerial spin, 25 dmg
[  5047   30.858 x1.00] LOG  [YoruVFX] Air spin: 'VFX_Void_Burst_AirSpinYoru' at CenterVFX, 46 systems, longest 1.00s fitted to 0.79s at speed 1.27, 8 forced Local, 38 delays zeroed, tail 2.37s
[  5047   30.858 x1.00] LOG  [AirPosePin] engaged, holding body at 1.395m above the transform
[  5063   31.010 x1.00] LOG  OniBoss took 10 damage. HP: 490/500
[  5063   31.010 x1.00] LOG  [OniBoss] 🤕 Hit during LostSoul — flash only
[  5063   31.010 x1.00] LOG  [OniBoss] LostSoul → Alert
[  5063   31.010 x1.00] LOG  [OniBoss] Playing animation: Oni_Alert
[  5063   31.010 x1.00] LOG  [OniBoss] Became HOSTILE
[  5063   31.010 x1.00] LOG  [OniBoss:Layer] woken by damage (10) — back attacks count.
[  5063   31.010 x1.00] LOG  [CameraGameFeel] Shake: intensity=0.50 duration=0.200s
[  5063   31.010 x1.00] LOG  [CameraGameFeel] FOV punch: hit light (+1.5°)
[  5064   31.025 x1.00] LOG  [StormWeather] COZY → 'Yoru_Oni_Phase1_Storm' (fight engaged - storm rolls in, 0 s)
[  5064   31.025 x1.00] LOG  [StormWeather] FIGHT STARTED (he engaged) - storm on, floor starts to soak.
[  5064   31.025 x1.00] LOG  [BossBar] Showing bar for: Oni (490/500)
[  5064   31.025 x1.00] LOG  [OniBoss:Layer] boss bar shown
[  5065   31.034 x1.00] WARN The referenced script on this Behaviour (Game Object '<null>') is missing!
[  5065   31.034 x1.00] WARN The referenced script on this Behaviour (Game Object 'Lightning Light') is missing!
[  5065   31.034 x1.00] WARN The referenced script on this Behaviour (Game Object 'Lightning Light') is missing!
[  5075   31.107 x1.00] LOG  [ComboTrace] LAUNCH RESULT wanted=2.51m actually moved=1.96m, completed
[  5081   31.163 x1.00] LOG  OniBoss took 10 damage. HP: 480/500
[  5081   31.163 x1.00] LOG  [OniBoss] 🤕 Hit during Alert — flash only
[  5081   31.163 x1.00] LOG  [CameraGameFeel] Shake: intensity=0.18 duration=0.200s
[  5092   31.250 x1.00] LOG  [StormWeather] fur: rain reaching the coat (intensity 0.01, follows floor wetness).
[  5100   31.320 x1.00] LOG  OniBoss took 10 damage. HP: 470/500
[  5100   31.320 x1.00] LOG  [OniBoss] 🤕 Hit during Alert — flash only
[  5100   31.320 x1.00] LOG  [CameraGameFeel] Shake: intensity=0.18 duration=0.200s
[  5108   31.382 x1.00] LOG  💨 Landing VFX spawned!
[  5108   31.382 x1.00] LOG  ✅ LANDED! (was jump #1)
[  5108   31.382 x1.00] LOG  [AirPosePin] released, peak correction was 0.000m
[  5119   31.481 x1.00] LOG  OniBoss took 10 damage. HP: 460/500
[  5119   31.481 x1.00] LOG  [OniBoss] 🤕 Hit during Alert — flash only
[  5119   31.481 x1.00] LOG  [OniBoss] Alert → Stagger
[  5119   31.481 x1.00] LOG  [OniBoss] Playing animation: Stagger
[  5119   31.481 x1.00] LOG  [OniBoss] STAGGERED for 2.5s
[  5119   31.481 x1.00] LOG  [OniBoss:Layer] heavy knock-back react (swirl burst, 3 hits / 30 dmg) → 'HitReact_Heavy', down for 1.80s
[  5119   31.481 x1.00] LOG  [OniBoss:Layer] burst: 3 hits / 30 dmg inside 0.8s → knock-back + 0.90m push
[  5119   31.481 x1.00] LOG  [CameraGameFeel] Shake: intensity=0.18 duration=0.200s
[  5132   31.594 x1.00] LOG  [YoruVFX] Spin VFX stopped, fading for 2.37s
[  5135   31.621 x1.00] LOG  [ComboTrace] END step=3 clipProgress=0.91 clipLen=0.79s queued=0 elapsed=0.76s
[  5136   31.627 x1.00] LOG  [ComboTrace] CLICK DROPPED by attackCooldown (0.10s, 0.01s since last attack) step=3
[  5159   31.799 x1.00] LOG  [Combat] Combo 1: 10 dmg
[  5159   31.799 x1.00] LOG  [ComboTrace] START step=1 state='Combo1' queued=0 target='OniBoss' at 6.2m
[  5159   31.799 x1.00] LOG  [ComboTrace] LAUNCH OniBoss at 2.3m dist=2.29m in 0.23s
[  5162   31.825 x1.00] LOG  [StormWeather] storm post weight -> 0.40
[  5186   31.990 x1.00] LOG  [Combat] Queued click #1 (combo 1)
[  5186   31.990 x1.00] LOG  [ComboTrace] QUEUED #1 during step 1
[  5193   32.025 x1.00] LOG  [ComboTrace] LAUNCH RESULT wanted=2.29m actually moved=1.63m, completed
[  5215   32.154 x1.00] LOG  [Combat] Queued click #2 (combo 1)
[  5215   32.154 x1.00] LOG  [ComboTrace] QUEUED #2 during step 1
[  5237   32.270 x1.00] LOG  OniBoss punish window! 10 → 15 (x1.5)
[  5237   32.270 x1.00] LOG  OniBoss took 15 damage. HP: 445/500
[  5237   32.270 x1.00] LOG  [Combat] Hit OniBoss for 10
[  5237   32.270 x1.00] LOG  [CameraGameFeel] Shake: intensity=0.50 duration=0.200s
[  5237   32.270 x1.00] LOG  [CameraGameFeel] FOV punch: hit light (+1.5°)
[  5247   32.320 x1.00] LOG  [ComboTrace] CLICK IGNORED (step=1 queued=2)
[  5266   32.430 x1.00] LOG  🐾 VFX_AttackPaw triggered!
[  5280   32.498 x1.00] LOG  [ComboTrace] CLICK IGNORED (step=1 queued=2)
[  5287   32.541 x1.00] LOG  [Combat] Combo 2: 20 dmg
[  5287   32.541 x1.00] LOG  [ComboTrace] START step=2 state='Combo2' queued=1 target='OniBoss' at 2.9m
[  5287   32.541 x1.00] LOG  [ComboTrace] LAUNCH OniBoss at 1.6m dist=1.59m in 0.16s
[  5308   32.688 x1.00] LOG  [Combat] Queued click #2 (combo 2)
[  5308   32.688 x1.00] LOG  [ComboTrace] QUEUED #2 during step 2
[  5311   32.702 x1.00] LOG  [ComboTrace] LAUNCH RESULT wanted=1.59m actually moved=0.90m, completed
[  5344   32.870 x1.00] LOG  [ComboTrace] CLICK IGNORED (step=2 queued=2)
[  5375   33.038 x1.00] LOG  [ComboTrace] CLICK IGNORED (step=2 queued=2)
[  5399   33.167 x1.00] LOG  🐾🐾 VFX_TowPaw triggered!
[  5403   33.187 x1.00] LOG  OniBoss punish window! 20 → 30 (x1.5)
[  5403   33.187 x1.00] LOG  OniBoss took 30 damage. HP: 415/500
[  5403   33.187 x1.00] LOG  [Combat] Hit OniBoss for 20
[  5403   33.187 x1.00] LOG  [CameraGameFeel] Shake: intensity=0.50 duration=0.200s
[  5403   33.187 x1.00] LOG  [CameraGameFeel] FOV punch: hit light (+1.5°)
[  5411   33.235 x1.00] LOG  [ComboTrace] CLICK IGNORED (step=2 queued=2)
[  5420   33.286 x1.00] LOG  [OniBoss] Stagger → Chase
[  5421   33.293 x1.00] LOG  [OniBoss] Playing animation: Idle
[  5421   33.293 x1.00] LOG  [OniBoss] Combo started: swing1-2 (2 steps remaining)
[  5421   33.293 x1.00] LOG  [OniBoss] Chase → Attack
[  5421   33.293 x1.00] LOG  [OniBoss] Attack: Club_Swing (16 dmg)
[  5421   33.293 x1.00] LOG  [OniBoss:Trail] Club_Swing trail START at clip 1.00 (transition done).
[  5445   33.422 x1.00] LOG  [ComboTrace] CLICK IGNORED (step=2 queued=2)
[  5474   33.574 x1.00] LOG  🐾🐾 VFX_TowPaw triggered!
[  5479   33.606 x1.00] LOG  [ComboTrace] CLICK IGNORED (step=2 queued=2)
[  5479   33.606 x1.00] LOG  [Combat] Combo 3: 35 dmg
[  5479   33.606 x1.00] LOG  [ComboTrace] START step=3 state='Combo3' queued=1 target='OniBoss' at 2.9m
[  5479   33.606 x1.00] LOG  [ComboTrace] LAUNCH OniBoss at 1.6m dist=1.58m in 0.16s
[  5479   33.606 x1.00] LOG  [YoruVFX] Ground hazard: 'VFX_Void_Area_GroundSpinYORU' laid at GroundVFX ((467.71, 0.18, 438.50)), floor tilt 0.5 deg, 17 delays shifted by 2.00s, own lifetime 8.98s
[  5479   33.606 x1.00] LOG  OniBoss took 5 damage. HP: 410/500
[  5479   33.606 x1.00] LOG  [OniBoss] 🤕 Hit during Attack — flash only
[  5479   33.606 x1.00] LOG  [OniBoss] Attack → Stagger
[  5479   33.606 x1.00] LOG  [OniBoss] Playing animation: Stagger
[  5479   33.606 x1.00] LOG  [OniBoss] STAGGERED for 2.5s
[  5479   33.606 x1.00] LOG  [OniBoss:Layer] heavy knock-back react (swirl burst, 2 hits / 35 dmg) → 'HitReact_Heavy', down for 1.80s
[  5479   33.606 x1.00] LOG  [OniBoss:Layer] burst: 2 hits / 35 dmg inside 0.8s → knock-back + 0.90m push
[  5479   33.606 x1.00] LOG  [Combat] Hazard zone tick: OniBoss for 5
[  5479   33.606 x1.00] LOG  [Combat] Hazard zone laid: 8.98s, 5 dmg every 0.50s in 2.00m
[  5479   33.606 x1.00] LOG  [OniBoss:Touch] Club_Swing: no touch this swing, closest 1.96m at clip 0.37 (head 0.41 along the club), fastest tip 190m/s (radius 0.70, min speed 50, head from 0.50).
[  5479   33.606 x1.00] LOG  [OniBoss:Strike] Club_Swing: club tip closest to Yoru at 4.77m, clip position 0.37 | damage fires at 0.42 | clip 0.84s => damage fires 43 ms AFTER the club is closest — it lands once the club has passed her
[  5480   33.618 x1.00] LOG  [OniBoss:Trail] trail END at clip 0.37, fading over 0.40s.
[  5485   33.669 x1.00] LOG  OniBoss punish window! 35 → 52 (x1.5)
[  5485   33.669 x1.00] LOG  OniBoss took 52 damage. HP: 358/500
[  5485   33.669 x1.00] LOG  [CameraGameFeel] Shake: intensity=0.50 duration=0.200s
[  5485   33.669 x1.00] LOG  [CameraGameFeel] FOV punch: hit light (+1.5°)
[  5495   33.777 x1.00] LOG  [ComboTrace] LAUNCH RESULT wanted=1.58m actually moved=1.58m, completed
[  5496   33.783 x1.00] LOG  [ComboTrace] CLICK IGNORED (step=3 queued=1)
[  5532   33.992 x1.00] LOG  [ComboTrace] CLICK IGNORED (step=3 queued=1)
[  5569   34.202 x1.00] LOG  [ComboTrace] CLICK IGNORED (step=3 queued=1)
[  5605   34.396 x1.00] LOG  [ComboTrace] CLICK IGNORED (step=3 queued=1)
[  5610   34.423 x1.00] LOG  [ComboTrace] END step=3 clipProgress=0.96 clipLen=0.79s queued=0 elapsed=0.82s
[  5647   34.620 x1.00] LOG  [Combat] Combo 1: 10 dmg
[  5647   34.620 x1.00] LOG  [ComboTrace] START step=1 state='Combo1' queued=0 target='OniBoss' at 2.2m
[  5647   34.620 x1.00] LOG  [ComboTrace] LAUNCH OniBoss at 1.0m dist=0.96m in 0.13s
[  5668   34.750 x1.00] LOG  [ComboTrace] LAUNCH RESULT wanted=0.96m actually moved=0.22m, completed
[  5680   34.803 x1.00] LOG  [Combat] Queued click #1 (combo 1)
[  5680   34.803 x1.00] LOG  [ComboTrace] QUEUED #1 during step 1
[  5720   35.027 x1.00] LOG  [Combat] Queued click #2 (combo 1)
[  5720   35.027 x1.00] LOG  [ComboTrace] QUEUED #2 during step 1
[  5733   35.092 x1.00] LOG  OniBoss punish window! 10 → 15 (x1.5)
[  5733   35.092 x1.00] LOG  OniBoss took 15 damage. HP: 343/500
[  5733   35.092 x1.00] LOG  [Combat] Hit OniBoss for 10
[  5733   35.092 x1.00] LOG  [CameraGameFeel] Shake: intensity=0.50 duration=0.200s
[  5733   35.092 x1.00] LOG  [CameraGameFeel] FOV punch: hit light (+1.5°)
[  5760   35.237 x1.00] LOG  [ComboTrace] CLICK IGNORED (step=1 queued=2)
[  5763   35.252 x1.00] LOG  🐾 VFX_AttackPaw triggered!
[  5778   35.362 x1.00] LOG  [Combat] Combo 2: 20 dmg
[  5778   35.362 x1.00] LOG  [ComboTrace] START step=2 state='Combo2' queued=1 target='OniBoss' at 2.9m
[  5778   35.362 x1.00] LOG  [ComboTrace] LAUNCH OniBoss at 1.6m dist=1.58m in 0.16s
[  5782   35.430 x1.00] LOG  [OniBoss] Stagger → Chase
[  5783   35.442 x1.00] LOG  [OniBoss] Playing animation: Idle
[  5783   35.442 x1.00] LOG  [OniBoss] Combo started: swing1-2 (2 steps remaining)
[  5783   35.442 x1.00] LOG  [OniBoss] Chase → Attack
[  5783   35.442 x1.00] LOG  [OniBoss] Attack: Club_Swing (16 dmg)
[  5783   35.442 x1.00] LOG  [OniBoss:Trail] Club_Swing trail START at clip 1.00 (transition done).
[  5783   35.442 x1.00] LOG  [ComboTrace] CLICK DROPPED by attackCooldown (0.10s, 0.08s since last attack) step=2
[  5796   35.520 x1.00] LOG  [ComboTrace] LAUNCH RESULT wanted=1.58m actually moved=0.90m, completed
[  5821   35.654 x1.00] LOG  [Combat] Queued click #2 (combo 2)
[  5821   35.654 x1.00] LOG  [ComboTrace] QUEUED #2 during step 2
[  5847   35.805 x1.00] LOG  [OniBoss:ClubPos] Club_Swing at strike: club tip 3.03m up, 2.06m in front, -3.14m to his right (3.76m out from his centre). Club faces -92deg from his forward, pitch 0.41. (the ground wave is born 1.6m in front of him at 0.35m.)
[  5847   35.805 x1.00] LOG  [OniBoss:Layer] Club_Swing: club has not connected — ground wave released ARMED, 1.6m in front, 12m/s x 6.0m = 0.50s, carrying 8 (half of the club's 16).
[  5848   35.812 x1.00] LOG  [Combat] Combo memory: light hit, keeping step 2
[  5848   35.812 x1.00] LOG  [Combat] Hit react: HitReact_Light_2Leg (0.5s, clip starts at 0.35s)
[  5848   35.812 x1.00] LOG  [CameraGameFeel] Shake: intensity=0.30 duration=0.200s
[  5848   35.812 x1.00] LOG  [CameraGameFeel] FOV punch: player damage (-2.0°)
[  5848   35.812 x1.00] LOG  [OniBoss:Wave] wave TOUCHED Yoru (grounded) for 8 after 0.1m / 0.01s of travel.
[  5851   35.831 x1.00] LOG  [HitReactTrace] asked for 'HitReact_Light_2Leg' (0.50s, clip start 0.35s): playing it, blend resolved after 19 ms, state 1.21s long at speed 1.00, now at 0.36s, layer weight 1.00, animator.speed 1.00.
[  5934   36.281 x1.00] LOG  [OniBoss] Attack → Recovery
[  5934   36.281 x1.00] LOG  [OniBoss] Playing animation: Watch
[  5934   36.281 x1.00] LOG  [OniBoss:Trail] trail END at clip 1.00, fading over 0.40s.
[  5934   36.281 x1.00] LOG  [OniBoss:Strike] Club_Swing: club tip closest to Yoru at 0.50m, clip position 0.91 | damage fires at 0.42 | clip 0.84s => damage fires 408 ms BEFORE the club is closest
[  5960   36.434 x1.00] LOG  [OniBoss] Recovery → Attack
[  5960   36.434 x1.00] LOG  [OniBoss] Attack: ClubSwing2 (16 dmg)
[  5960   36.434 x1.00] LOG  [OniBoss:Trail] ClubSwing2 trail START at clip 1.00 (transition still blending).
[  5973   36.505 x1.00] LOG  [Combat] Combo 3: 35 dmg
[  5973   36.505 x1.00] LOG  [ComboTrace] START step=3 state='Combo3' queued=0 target='OniBoss' at 2.0m
[  5973   36.505 x1.00] LOG  [ComboTrace] LAUNCH OniBoss at 0.8m dist=0.77m in 0.13s
[  5973   36.505 x1.00] LOG  [YoruVFX] Ground hazard: 'VFX_Void_Area_GroundSpinYORU' laid at GroundVFX ((465.96, 0.18, 440.43)), floor tilt 0.5 deg, 17 delays shifted by 2.00s, own lifetime 8.98s
[  5973   36.505 x1.00] LOG  OniBoss took 5 damage. HP: 338/500
[  5973   36.505 x1.00] LOG  [OniBoss] 🤕 Hit during Attack — flash only
[  5973   36.505 x1.00] LOG  [Combat] Hazard zone tick: OniBoss for 5
[  5973   36.505 x1.00] LOG  [Combat] Hazard zone laid: 8.98s, 5 dmg every 0.50s in 2.00m
[  5983   36.567 x1.00] LOG  OniBoss took 35 damage. HP: 303/500
[  5983   36.567 x1.00] LOG  [OniBoss] Attack → Stagger
[  5983   36.567 x1.00] LOG  [OniBoss] Playing animation: Stagger
[  5983   36.567 x1.00] LOG  [OniBoss] STAGGERED for 2.5s
[  5983   36.567 x1.00] LOG  [OniBoss:Layer] heavy knock-back react (35 dmg) → 'HitReact_Heavy', down for 1.80s
[  5983   36.567 x1.00] LOG  [CameraGameFeel] Shake: intensity=0.50 duration=0.200s
[  5983   36.567 x1.00] LOG  [CameraGameFeel] FOV punch: hit light (+1.5°)
[  5983   36.567 x1.00] LOG  [OniBoss:Strike] ClubSwing2: club tip closest to Yoru at 4.36m, clip position 0.09 | damage fires at 0.32 | clip 1.17s => damage fires 266 ms AFTER the club is closest — it lands once the club has passed her
[  5984   36.573 x1.00] LOG  [OniBoss:Trail] trail END at clip 0.11, fading over 0.40s.
[  5995   36.635 x1.00] LOG  [ComboTrace] LAUNCH RESULT wanted=0.77m actually moved=0.00m, completed
[  6006   36.706 x1.00] LOG  [ComboTrace] CLICK IGNORED (step=3 queued=0)
[  6043   36.906 x1.00] LOG  [ComboTrace] CLICK IGNORED (step=3 queued=0)
[  6060   37.006 x1.00] LOG  OniBoss punish window! 5 → 8 (x1.5)
[  6060   37.006 x1.00] LOG  OniBoss took 8 damage. HP: 295/500
[  6060   37.006 x1.00] LOG  [Combat] Hazard zone tick: OniBoss for 5
[  6082   37.134 x1.00] LOG  [ComboTrace] CLICK IGNORED (step=3 queued=0)
[  6111   37.310 x1.00] LOG  [ComboTrace] END step=3 clipProgress=0.95 clipLen=0.79s queued=0 elapsed=0.81s
[  6118   37.353 x1.00] LOG  [ComboTrace] CLICK DROPPED by attackCooldown (0.10s, 0.04s since last attack) step=3
[  6148   37.515 x1.00] LOG  OniBoss punish window! 5 → 8 (x1.5)
[  6148   37.515 x1.00] LOG  OniBoss took 8 damage. HP: 287/500
[  6148   37.515 x1.00] LOG  [Combat] Hazard zone tick: OniBoss for 5
[  6166   37.602 x1.00] LOG  [Combat] Combo 1: 10 dmg
[  6166   37.602 x1.00] LOG  [ComboTrace] START step=1 state='Combo1' queued=0 target='OniBoss' at 3.7m
[  6166   37.602 x1.00] LOG  [ComboTrace] LAUNCH OniBoss at 2.3m dist=2.35m in 0.23s
[  6199   37.839 x1.00] LOG  [ComboTrace] LAUNCH RESULT wanted=2.35m actually moved=1.80m, completed
[  6204   37.865 x1.00] LOG  [Combat] Queued click #1 (combo 1)
[  6204   37.865 x1.00] LOG  [ComboTrace] QUEUED #1 during step 1
[  6243   38.073 x1.00] LOG  OniBoss punish window! 10 → 15 (x1.5)
[  6243   38.073 x1.00] LOG  OniBoss took 15 damage. HP: 272/500
[  6243   38.073 x1.00] LOG  [Combat] Hit OniBoss for 10
[  6243   38.073 x1.00] LOG  [CameraGameFeel] Shake: intensity=0.50 duration=0.200s
[  6243   38.073 x1.00] LOG  [CameraGameFeel] FOV punch: hit light (+1.5°)
[  6244   38.079 x1.00] LOG  [Combat] Queued click #2 (combo 1)
[  6244   38.079 x1.00] LOG  [ComboTrace] QUEUED #2 during step 1
[  6271   38.234 x1.00] LOG  🐾 VFX_AttackPaw triggered!
[  6283   38.297 x1.00] LOG  [ComboTrace] CLICK IGNORED (step=1 queued=2)
[  6292   38.354 x1.00] LOG  [Combat] Combo 2: 20 dmg
[  6292   38.354 x1.00] LOG  [ComboTrace] START step=2 state='Combo2' queued=1 target='OniBoss' at 2.9m
[  6292   38.354 x1.00] LOG  [ComboTrace] LAUNCH OniBoss at 1.6m dist=1.59m in 0.16s
[  6294   38.373 x1.00] LOG  [OniBoss] Stagger → Chase
[  6295   38.385 x1.00] LOG  [OniBoss] Playing animation: Watch
[  6295   38.385 x1.00] LOG  [OniBoss] Combo started: ClubSwing1 → ClubSwing2 → ClubSlam (3 steps remaining)
[  6295   38.385 x1.00] LOG  [OniBoss] Chase → Attack
[  6295   38.385 x1.00] LOG  [OniBoss] Attack: Club_Swing (16 dmg)
[  6295   38.385 x1.00] LOG  [OniBoss:Trail] Club_Swing trail START at clip 1.00 (transition done).
[  6315   38.511 x1.00] LOG  [Combat] Queued click #2 (combo 2)
[  6315   38.511 x1.00] LOG  [ComboTrace] QUEUED #2 during step 2
[  6315   38.511 x1.00] LOG  [ComboTrace] LAUNCH RESULT wanted=1.59m actually moved=0.90m, completed
[  6354   38.717 x1.00] LOG  [ComboTrace] CLICK IGNORED (step=2 queued=2)
[  6360   38.745 x1.00] LOG  [OniBoss:ClubPos] Club_Swing at strike: club tip 3.02m up, 2.39m in front, -3.01m to his right (3.84m out from his centre). Club faces -85deg from his forward, pitch 0.41. (the ground wave is born 1.6m in front of him at 0.35m.)
[  6360   38.745 x1.00] LOG  [OniBoss:Layer] Club_Swing: club has not connected — ground wave released ARMED, 1.6m in front, 12m/s x 6.0m = 0.50s, carrying 8 (half of the club's 16).
[  6361   38.751 x1.00] LOG  [Combat] Combo memory: light hit, keeping step 2
[  6361   38.751 x1.00] LOG  [Combat] Hit react: HitReact_Light_2Leg (0.5s, clip starts at 0.35s)
[  6361   38.751 x1.00] LOG  [CameraGameFeel] Shake: intensity=0.30 duration=0.200s
[  6361   38.751 x1.00] LOG  [CameraGameFeel] FOV punch: player damage (-2.0°)
[  6361   38.751 x1.00] LOG  [OniBoss:Wave] wave TOUCHED Yoru (grounded) for 8 after 0.1m / 0.01s of travel.
[  6365   38.776 x1.00] LOG  [HitReactTrace] asked for 'HitReact_Light_2Leg' (0.50s, clip start 0.35s): playing it, blend resolved after 25 ms, state 1.21s long at speed 1.00, now at 0.37s, layer weight 1.00, animator.speed 1.00.
[  6386   38.896 x1.00] WARN The referenced script on this Behaviour (Game Object '<null>') is missing!
[  6386   38.896 x1.00] WARN The referenced script on this Behaviour (Game Object 'Lightning Light') is missing!
[  6386   38.896 x1.00] WARN The referenced script on this Behaviour (Game Object 'Lightning Light') is missing!
[  6441   39.226 x1.00] LOG  [OniBoss] Attack → Recovery
[  6441   39.226 x1.00] LOG  [OniBoss] Playing animation: Watch
[  6441   39.226 x1.00] LOG  [OniBoss:Trail] trail END at clip 1.00, fading over 0.40s.
[  6441   39.226 x1.00] LOG  [OniBoss:Strike] Club_Swing: club tip closest to Yoru at 0.51m, clip position 0.91 | damage fires at 0.42 | clip 0.84s => damage fires 406 ms BEFORE the club is closest
[  6463   39.379 x1.00] LOG  [OniBoss] Recovery → Attack
[  6463   39.379 x1.00] LOG  [OniBoss] Attack: ClubSwing2 (16 dmg)
[  6463   39.379 x1.00] LOG  [OniBoss:Trail] ClubSwing2 trail START at clip 1.00 (transition still blending).
[  6464   39.384 x1.00] LOG  [Combat] Combo 3: 35 dmg
[  6464   39.384 x1.00] LOG  [ComboTrace] START step=3 state='Combo3' queued=0 target='OniBoss' at 2.0m
[  6464   39.384 x1.00] LOG  [ComboTrace] LAUNCH OniBoss at 0.8m dist=0.79m in 0.13s
[  6464   39.384 x1.00] LOG  [YoruVFX] Ground hazard: 'VFX_Void_Area_GroundSpinYORU' laid at GroundVFX ((464.15, 0.18, 442.43)), floor tilt 0.0 deg, 17 delays shifted by 2.00s, own lifetime 8.98s
[  6464   39.384 x1.00] LOG  OniBoss took 5 damage. HP: 267/500
[  6464   39.384 x1.00] LOG  [OniBoss] 🤕 Hit during Attack — flash only
[  6464   39.384 x1.00] LOG  [Combat] Hazard zone tick: OniBoss for 5
[  6464   39.384 x1.00] LOG  [Combat] Hazard zone laid: 8.98s, 5 dmg every 0.50s in 2.00m
[  6473   39.447 x1.00] LOG  OniBoss took 35 damage. HP: 232/500
[  6473   39.447 x1.00] LOG  [OniBoss] Attack → Stagger
[  6473   39.447 x1.00] LOG  [OniBoss] Playing animation: Stagger
[  6473   39.447 x1.00] LOG  [OniBoss] STAGGERED for 2.5s
[  6473   39.447 x1.00] LOG  [OniBoss:Layer] heavy knock-back react (35 dmg) → 'HitReact_Heavy', down for 1.80s
[  6473   39.447 x1.00] LOG  [CameraGameFeel] Shake: intensity=0.50 duration=0.200s
[  6473   39.447 x1.00] LOG  [CameraGameFeel] FOV punch: hit light (+1.5°)
[  6474   39.453 x1.00] LOG  [OniBoss] ⚡ PHASE 2 ACTIVATED
[  6474   39.453 x1.00] LOG  [OniBoss:Trail] trail END at clip 1.00, fading over 0.40s.
[  6474   39.453 x1.00] LOG  [OniBoss:Layer] PHASE 2: health snapped 232 → 250 (exactly half) for the phase-2 start.
[  6474   39.453 x1.00] LOG  [OniBoss] STAGGERED (parry) for 3s
[  6474   39.453 x0.45] LOG  [Combat] Combat reset
[  6474   39.453 x0.45] LOG  [OniBoss:Cine] CINEMATIC ON — hard cut, bars in, world at x0.45, roar at x0.80 + 0.9s linger, rise at x0.45, beat frames 27-37/94 at x0.20, hang 2.0s, orbit roar 120° / rise 40° / drop 30°, lens 65° locked, fill 0.70, screen-y 0.40/0.33, apex at clip 0.40.
[  6474   39.453 x0.45] LOG  [OniBoss:Layer] PHASE 2: transition 'Phase_Transition' driven at x0.60 + 0.6s hold — untouchable, roar at 0.60
[  6474   39.453 x0.45] LOG  [BossBar] Hiding bar INSTANTLY (cinematic)
[  6474   39.453 x0.45] LOG  [OniBoss:Layer] boss bar hidden (cinematic)
[  6475   39.465 x0.45] LOG  [OniBoss:Layer] PHASE 2: clip is 2.42s — cinematic: scream ~1.81s in + 0.9s linger
[  6629   40.411 x0.45] LOG  [Combat] Hazard zone tick: OniBoss for 5
[  6785   41.267 x0.45] LOG  [CameraGameFeel] Shake: intensity=0.60 duration=0.500s
[  6785   41.267 x0.45] LOG  [OniBoss:Layer] PHASE 2: roar at 1.45 clip-s
[  6825   41.522 x0.45] LOG  [Combat] Hazard zone tick: OniBoss for 5
[  6939   42.172 x0.45] LOG  [OniBoss:Layer] PHASE 2: transition over after 2.72s real — he is back, and angrier
[  6939   42.172 x0.45] LOG  [OniBoss:Layer] PHASE 2: chaining into the GROUND POUND — no pause. The cinematic rides along until the top of the jump.
[  6939   42.172 x0.45] LOG  [OniBoss] STAGGERED (parry) for 3s
[  6939   42.172 x0.45] LOG  [OniBoss:Layer] GROUND POUND (phase-2 entrance): driving 'Ground_Pound' at x1.00, slam at 0.60, cinematic until the apex at 0.40
[  6940   42.183 x0.45] LOG  [OniBoss:Layer] GROUND POUND: clip is 3.13s
[  7024   42.643 x0.45] LOG  OniBoss punish window! 5 → 8 (x1.5)
[  7024   42.643 x0.45] LOG  OniBoss took 8 damage. HP: 242/500
[  7024   42.643 x0.45] LOG  [Combat] Hazard zone tick: OniBoss for 5
[  7217   43.756 x0.45] LOG  OniBoss punish window! 5 → 8 (x1.5)
[  7217   43.756 x0.45] LOG  OniBoss took 8 damage. HP: 234/500
[  7217   43.756 x0.45] LOG  [Combat] Hazard zone tick: OniBoss for 5
[  7295   44.180 x0.45] LOG  [StormWeather] storm break released
[  7295   44.180 x0.45] LOG  [CameraGameFeel] Shake: intensity=0.90 duration=0.500s
[  7295   44.180 x0.45] LOG  [OniBoss:Cine] LIGHTNING BEAT — sky show off, single strike 'LightningOrbSoftYellow'.
[  7296   44.187 x0.20] LOG  [StormWeather] ⚡ strike at (472.34, 45.00, 438.11)
[  7296   44.187 x0.20] LOG  [StormWeather] COZY → 'Yoru_Oni_Phase2_Storm' (the sky answers, storm chaos)
[  7296   44.187 x0.20] LOG  [StormWeather] fur lights boosted for the storm: fill 1.45, rim x1.30.
[  7296   44.187 x0.20] LOG  [StormWeather] PHASE 2 - storm breaking.
[  7460   45.112 x0.20] LOG  [StormWeather] terrain layers restored to dry values.
# end — 546 lines
