# Oni combat log — 2026-09-06 17:22:20
# Unity 6000.2.7f2 | scene 'CaveScene_Oni_Boss1' | platform OSXEditor
# columns: [frame realSeconds timeScale] KIND message      (KIND: LOG WARN ERR EXC TEL)
#
[     0    0.000 x1.00] LOG  [OniLog] console + telemetry → /Users/asenahazal/Documents/Yoru/OniLogs/oni_2026-09-06_17-22-20.log
[     1    0.000 x1.00] LOG  [TailAirShot4Leg] Ready. drawState=shoot_4Leg castParam=Shoot4LegSpeed (found) readyFrame=5 fireFrame=10 frames=24 slowBudget=3s real damageMultiplier=2.00
  arrow leaves: PlayerYoru_1.1/Cat_All_10_Tails_v4/Group/DeformationSystem/root/Root_M/Tail15_R/Tail151_R/Tail152_R/Tail153_R/Tail154_R/Tail155_R/Tail156_R/Tail157_R/Tail158_R/Tail159_R/Tail1510_R/Tail1511_R/Tail1512_R/Tail6_R/Tail6_R_end/Tail6_R_end_end/Tail6_R_end_end_end/RightTailTip_Anchor
  aim VFX left:  PlayerYoru_1.1/Cat_All_10_Tails_v4/Group/DeformationSystem/root/Root_M/Tail15_L/Tail151_L/Tail152_L/Tail153_L/Tail154_L/Tail155_L/Tail156_L/Tail157_L/Tail158_L/Tail159_L/Tail1510_L/Tail1511_L/Tail1512_L/Tail6_L/Tail6_L_end/Tail6_L_end_end/Tail6_L_end_end_end/LeftTailTip_Anchor/Glow_4Leg_L
  aim VFX right: PlayerYoru_1.1/Cat_All_10_Tails_v4/Group/DeformationSystem/root/Root_M/Tail15_R/Tail151_R/Tail152_R/Tail153_R/Tail154_R/Tail155_R/Tail156_R/Tail157_R/Tail158_R/Tail159_R/Tail1510_R/Tail1511_R/Tail1512_R/Tail6_R/Tail6_R_end/Tail6_R_end_end/Tail6_R_end_end_end/RightTailTip_Anchor/Glow_4Leg_R
[     1    0.000 x1.00] LOG  [TailAirShot] Ready. drawState=RightTail_Fast castParam=TailCastSpeed (found)
  arrow leaves: PlayerYoru_1.1/Cat_All_10_Tails_v4/Group/DeformationSystem/root/Root_M/Tail15_R/Tail151_R/Tail152_R/Tail153_R/Tail154_R/Tail155_R/Tail156_R/Tail157_R/Tail158_R/Tail159_R/Tail1510_R/Tail1511_R/Tail1512_R/Tail6_R/Tail6_R_end/Tail6_R_end_end/Tail6_R_end_end_end/RightTailTip_Anchor
  aim VFX: PlayerYoru_1.1/Cat_All_10_Tails_v4/Group/DeformationSystem/root/Root_M/Tail15_R/Tail151_R/Tail152_R/Tail153_R/Tail154_R/Tail155_R/Tail156_R/Tail157_R/Tail158_R/Tail159_R/Tail1510_R/Tail1511_R/Tail1512_R/Tail6_R/Tail6_R_end/Tail6_R_end_end/Tail6_R_end_end_end/RightTailTip_Anchor/vfx_Muzzle_Fireball01Blue
[     1    0.000 x1.00] LOG  [PlayerCombat] Phase 2 form gate CONNECTED (FormController found on this GameObject).
[     1    0.000 x1.00] LOG  [Combat] PlayerCombat initialized — Phase 3C v27
[     1    0.000 x1.00] LOG  [RingMesh] VFX Status:
[     1    0.000 x1.00] LOG    Left: Prefab=✓, Spawn=Tail6_L_end_end_end
[     1    0.000 x1.00] LOG    Right: Prefab=✓, Spawn=Tail6_R_end_end_end
[     1    0.000 x1.00] LOG  === VFX MANAGER INITIALIZED ===
[     1    0.000 x1.00] LOG  Auto-detect animations: False
[     1    0.000 x1.00] LOG  Parent effects to tail: True
[     1    0.000 x1.00] LOG  Prefabs: Jump=True, Land=True, LTail=True, RTail=True
[     1    0.000 x1.00] LOG  ✅ Left Tail Tip: LeftTailVFX
[     1    0.000 x1.00] LOG  ✅ Right Tail Tip: RightTailTip_Anchor
[     1    0.000 x1.00] LOG  [StormWeather] layer 'TerrainLayer_Dirt_01' dry smoothness=0.00 (restore to this if a crash ever leaves it wet)
[     1    0.000 x1.00] LOG  [StormWeather] post volumes ready on layer 9 (storm priority 10, flash priority 11).
[     1    0.000 x1.00] LOG  [StormWeather] COZY bridge: Rain_Cave retired — COZY owns the rain now.
[     1    0.000 x1.00] LOG  [StormWeather] COZY → 'Clear' (pre-fight - open sky, 0 s)
[     1    0.000 x1.00] LOG  [StormWeather] Ready. Open sky, dry floor. Waiting for the fight.
[     1    0.000 x1.00] LOG  [FreezeDebug v3] Armed. Manual=L. Auto=True. Buffer=60 snaps @ 0.1s = 6.0s history.
[     1    0.000 x1.00] LOG  OniBoss initialized with 500 HP
[     1    0.000 x1.00] LOG  [OniBoss] ANIMATOR SETUP: cullingMode=CullUpdateTransforms updateMode=Normal applyRootMotion=False speed=1
[     1    0.000 x1.00] LOG  [OniBoss] Initialized
[     1    0.000 x1.00] LOG  [OniBoss:Layer] facing: minFlat 1m, snapOnAttack off, trackInHitReact off
[     1    0.000 x1.00] LOG  [OniBoss:Layer] Yoru launch model ON: launches ALL THE WAY to an enemy within 4.7m of its surface at 10m/s (stop gap 0.00m, NO minimum distance), else steps 0.90m forward. Targeting cone left exactly as her prefab has it.
[     1    0.000 x1.00] LOG  [OniBoss:Layer] Yoru launch ROUND 9: airborne attacks launch too (ON), edge probe now runs on its OWN layer mask (Everything) instead of the line-of-sight mask - the Ground-only mask found no floor in this cave and was cancelling 100% of launches at 0.00m travelled.
[     1    0.000 x1.00] LOG  [OniBoss:Layer] animator speed x1.35 — his 1.13s swing now plays in 0.84s.
[     1    0.000 x1.00] LOG  [OniBoss:Layer] chase speed pushed: phase1 4.5, phase2 5.5 (Yoru runs at 7).
[     1    0.000 x1.00] LOG  [OniBoss:Layer] ground wave ON (round 38): half the club's damage on TOUCH, 12m/s x 6.0m from 1.6m in front at 0.35m height — a club hit cancels that swing's wave, jumping clears it. Per-attack effects come from the Swing Wave VFX By Attack rows. PlayerHealth found, PlayerMovement found.
[     1    0.000 x1.00] LOG  [StormWeather] storm break HELD (waiting for the lightning beat)
[     1    0.000 x1.00] LOG  [OniBoss:Layer] storm break HELD — it releases at the lightning-on-the-club beat.
[     1    0.000 x1.00] LOG  [OniBoss:Layer] club tracking ON — tip 'Kanabo3' (depth 4), shaft root 'kanabo'.
[     1    0.000 x1.00] LOG  [OniBoss:Layer] skinned meshes: 46 renderer(s), updateWhenOffscreen ON, body renderer 'Body' rootBone 'Hips'
[     1    0.000 x1.00] LOG  [OniBoss:Layer] charge travel bone: 'Hips' at depth 1 under 'OniBoss', rest local (0.00, 3.24, -0.24)
[     1    0.000 x1.00] LOG  [OniBoss:Layer] anti-kite ON: thrown swing after 4s of failed chase (within 7.6m), charge after 6s.
[     1    0.000 x1.00] LOG  [OniBoss:Layer] charge drive ON (windup to 0.40 at x1.3, rush 14m/s stops at 2.6m, steers 0.35s then commits, strike section from 0.58, strike moment 0.76, trail VFX off)
[     1    0.000 x1.00] LOG  [OniBoss:Layer] attack armor ON (his swings are not interrupted by light/medium hits; heavy hits and rapid-hit bursts still stop him)
[     1    0.000 x1.00] LOG  [OniBoss:Layer] strike moments overridden: Club_Swing=0.42 ClubSwing2=0.32 ClubSlam=0.85 KanaboSweep=0.48
[     1    0.000 x1.00] LOG  [OniBoss:Layer] club TOUCH hits ON (radius 0.70m, min tip speed 50m/s, armed from 0.20 of the clip): Club_Swing ClubSwing2 ClubSlam KanaboSweep. First touch wins — club full damage, wave half, one hit per swing.
[     1    0.000 x1.00] LOG  [OniBoss:Layer] combo damage ramp ON: mid x1.25, finisher x1.50 — finisher wave carries FULL damage at x2.0 size, x2.0 travel.
[     1    0.000 x1.00] LOG  [OniBoss:Layer] charge follow-up ON: 90 % of solo charges chain into a random melee finisher.
[     1    0.000 x1.00] LOG  [OniBoss:Layer] hold-ground ON (backstep 1.5m @ 1.6m/s after own attacks, watch 'Watch', attack facing LOCKED)
[     1    0.000 x1.00] LOG  [OniBoss:Layer] OniBoss layer ready (reactions, wake-on-hit, watch stance, boss bar). player=found
[     1    0.000 x1.00] LOG  [OniBoss:Layer] charge clip 'Oni Charge.fbx' imports with Root Motion Node = None (in place) — good.
[     1    0.000 x1.00] LOG  [OniBoss:Layer] clips importing with Root Transform Position (Y) NOT baked into pose (12): Oni_Alert(Oni Alert), Club_Slam(Oni Club Slam), Club_Swing(Oni Club Swing), Club_swing2(Oni Club Swing 2), Death(Oni Death Kneel), Hit_react_light(Oni Hit react lighter light), KanaboSweep(Oni Kanabo sweep), Phase_Transition(Oni Phase transition), run(Oni Run), Walk(Oni Walk), Watch(Oni Watch), Idle(Oni Idle) — their hips' up/down motion is stripped (see round notes; optional).
[     1    0.000 x1.00] LOG  [VolumetricFogController] Found VolumetricFog component on mainCamera (1)
[     1    0.000 x1.00] LOG  [VolumetricFogController] Reflection init: density=True, height=True, baselineHeight=True, alpha=True, noiseStrength=True, lightScatteringExposure=True
[     1    0.000 x1.00] LOG  [VolumetricFogController] Initialized with Neutral preset (height=60, baselineHeight=0)
[     1    0.000 x1.00] WARN [VolumetricFogController] WorldStateManager not found!
[     1    0.000 x1.00] LOG  [CameraGameFeel] CameraGameFeel initialized (shake + FOV)
[     1    2.215 x1.00] LOG  [OniBoss] Playing animation: Idle
[     1    2.215 x1.00] LOG  [OniBoss:Layer] watch stance ON (player 13.4m)
[    79    3.033 x1.00] LOG  💨 Landing VFX spawned!
[    79    3.033 x1.00] LOG  ✅ LANDED! (was jump #0)
[   257    3.879 x1.00] LOG  
==================== [FREEZE-DEBUG v3] ====================
  Reason : WASD-NOMOVE: WASD recent + speed 0.00m/s for 0.40s
  Time   : 1.270s   Frame: 257   Snaps: 13
===========================================================

--- CURRENT STATE ---
  Flags: atk=False hvy=False dod=False dsh=False
         grd=False hit=False aerial=False lockPos=False
         comboStep=0
  Anim : speed=1.00  combatLayer hash=-792875657 normT=1.266 weight=1.00 inTransition=False
  CC   : grounded=True  enabled=True  pos=(474.50, -0.02, 426.51)  vel=(0.00, 0.00, 0.00)
  Move : IsRunning=False
  Input: H=0.00 V=-1.00  LMB=False MMB=False Q=False Sp=False Sh=False C=False
         WASD pressed in last 0.5s: True (last 0.00s ago)

--- FLIGHT RECORDER (13 snapshots, oldest first, dt=0.10s) ---
  Legend: flags = A(tk) H(vy) D(od) S(sh) G(rd) R(eact) Y(aerial) L(ock)   gnd/cc: Y/n
  t-now    flags     step gnd cc anSp normT layW tr | posX     posZ     spd   | H    V    LMB MMB Q  Sp Sh C
  ------   --------  ---- --- -- ---- ----- ---- -- | -----    -----    ----  | ---- ---- --- --- -- -- -- -
  - 1.27s  --------    0  n   Y  1.00  0.00 1.00 -  |   474.5    427.2  0.00 |  0.0  0.0 0   0   0  0  0  0
  - 1.17s  --------    0  n   Y  1.00  0.10 1.00 -  |   474.5    427.2  0.00 |  0.0  0.0 0   0   0  0  0  0
  - 1.06s  --------    0  n   Y  1.00  0.20 1.00 -  |   474.5    427.2  0.00 |  0.0  0.0 0   0   0  0  0  0
  - 0.96s  --------    0  n   Y  1.00  0.31 1.00 -  |   474.5    427.2  0.00 |  0.0  0.0 0   0   0  0  0  0
  - 0.86s  --------    0  n   Y  1.00  0.41 1.00 -  |   474.5    427.2  0.00 |  0.0  0.0 0   0   0  0  0  0
  - 0.76s  --------    0  Y   Y  1.00  0.51 1.00 -  |   474.5    427.2  0.00 |  0.0  0.0 0   0   0  0  0  0
  - 0.65s  --------    0  Y   Y  1.00  0.61 1.00 -  |   474.5    427.2  0.00 |  0.0  0.0 0   0   0  0  0  0
  - 0.55s  --------    0  Y   Y  1.00  0.72 1.00 -  |   474.5    427.2  0.00 |  0.0  0.0 0   0   0  0  0  0
  - 0.45s  --------    0  Y   Y  1.00  0.82 1.00 -  |   474.5    427.2  0.00 |  0.0  0.0 0   0   0  0  0  0
  - 0.34s  --------    0  Y   Y  1.00  0.92 1.00 -  |   474.5    427.2  0.00 |  0.0 -1.0 0   0   0  0  0  0
  - 0.24s  --------    0  Y   Y  1.00  1.02 1.00 -  |   474.5    427.0  0.00 |  0.0 -1.0 0   0   0  0  0  0
  - 0.14s  --------    0  Y   Y  1.00  1.12 1.00 -  |   474.5    426.8  0.00 |  0.0 -1.0 0   0   0  0  0  0
  - 0.04s  --------    0  Y   Y  1.00  1.23 1.00 -  |   474.5    426.6  0.00 |  0.0 -1.0 0   0   0  0  0  0
=========================================================== END

[   393    4.533 x1.00] LOG  [OniBoss:Layer] watch stance OFF, back to Idle (player 16.6m)
[  1078    7.907 x1.00] LOG  
==================== [FREEZE-DEBUG v3] ====================
  Reason : WASD-NOMOVE: WASD recent + speed 0.00m/s for 0.40s
  Time   : 5.299s   Frame: 1078   Snaps: 52
===========================================================

--- CURRENT STATE ---
  Flags: atk=False hvy=False dod=False dsh=False
         grd=False hit=False aerial=False lockPos=False
         comboStep=0
  Anim : speed=1.00  combatLayer hash=-792875657 normT=5.295 weight=1.00 inTransition=False
  CC   : grounded=True  enabled=True  pos=(467.03, 0.02, 408.40)  vel=(0.00, 0.00, 0.00)
  Move : IsRunning=True
  Input: H=-1.00 V=-1.00  LMB=False MMB=False Q=False Sp=False Sh=True C=False
         WASD pressed in last 0.5s: True (last 0.00s ago)

--- FLIGHT RECORDER (52 snapshots, oldest first, dt=0.10s) ---
  Legend: flags = A(tk) H(vy) D(od) S(sh) G(rd) R(eact) Y(aerial) L(ock)   gnd/cc: Y/n
  t-now    flags     step gnd cc anSp normT layW tr | posX     posZ     spd   | H    V    LMB MMB Q  Sp Sh C
  ------   --------  ---- --- -- ---- ----- ---- -- | -----    -----    ----  | ---- ---- --- --- -- -- -- -
  - 5.30s  --------    0  n   Y  1.00  0.00 1.00 -  |   474.5    427.2  0.00 |  0.0  0.0 0   0   0  0  0  0
  - 5.20s  --------    0  n   Y  1.00  0.10 1.00 -  |   474.5    427.2  0.00 |  0.0  0.0 0   0   0  0  0  0
  - 5.09s  --------    0  n   Y  1.00  0.20 1.00 -  |   474.5    427.2  0.00 |  0.0  0.0 0   0   0  0  0  0
  - 4.99s  --------    0  n   Y  1.00  0.31 1.00 -  |   474.5    427.2  0.00 |  0.0  0.0 0   0   0  0  0  0
  - 4.89s  --------    0  n   Y  1.00  0.41 1.00 -  |   474.5    427.2  0.00 |  0.0  0.0 0   0   0  0  0  0
  - 4.78s  --------    0  Y   Y  1.00  0.51 1.00 -  |   474.5    427.2  0.00 |  0.0  0.0 0   0   0  0  0  0
  - 4.68s  --------    0  Y   Y  1.00  0.61 1.00 -  |   474.5    427.2  0.00 |  0.0  0.0 0   0   0  0  0  0
  - 4.58s  --------    0  Y   Y  1.00  0.72 1.00 -  |   474.5    427.2  0.00 |  0.0  0.0 0   0   0  0  0  0
  - 4.48s  --------    0  Y   Y  1.00  0.82 1.00 -  |   474.5    427.2  0.00 |  0.0  0.0 0   0   0  0  0  0
  - 4.37s  --------    0  Y   Y  1.00  0.92 1.00 -  |   474.5    427.2  0.00 |  0.0 -1.0 0   0   0  0  0  0
  - 4.27s  --------    0  Y   Y  1.00  1.02 1.00 -  |   474.5    427.0  0.00 |  0.0 -1.0 0   0   0  0  0  0
  - 4.17s  --------    0  Y   Y  1.00  1.12 1.00 -  |   474.5    426.8  0.00 |  0.0 -1.0 0   0   0  0  0  0
  - 4.07s  --------    0  Y   Y  1.00  1.23 1.00 -  |   474.5    426.6  0.00 |  0.0 -1.0 0   0   0  0  0  0
  - 3.96s  --------    0  Y   Y  1.00  1.33 1.00 -  |   474.5    426.4  0.00 |  0.0 -1.0 0   0   0  0  0  0
  - 3.86s  --------    0  Y   Y  1.00  1.43 1.00 -  |   474.5    426.2  0.00 |  0.0 -1.0 0   0   0  0  0  0
  - 3.76s  --------    0  Y   Y  1.00  1.54 1.00 -  |   474.5    425.9  0.00 |  0.0 -1.0 0   0   0  0  0  0
  - 3.65s  --------    0  Y   Y  1.00  1.64 1.00 -  |   474.5    425.4  0.00 |  0.0 -1.0 0   0   0  0  1  0
  - 3.55s  --------    0  Y   Y  1.00  1.74 1.00 -  |   474.5    424.7  0.00 |  0.0 -1.0 0   0   0  0  1  0
  - 3.44s  --------    0  Y   Y  1.00  1.85 1.00 -  |   474.5    424.0  0.00 |  0.0 -1.0 0   0   0  0  1  0
  - 3.34s  --------    0  Y   Y  1.00  1.95 1.00 -  |   474.5    423.3  0.00 | -1.0 -1.0 0   0   0  0  1  0
  - 3.23s  --------    0  Y   Y  1.00  2.06 1.00 -  |   474.3    422.5  0.00 | -1.0 -1.0 0   0   0  0  1  0
  - 3.13s  --------    0  Y   Y  1.00  2.16 1.00 -  |   474.0    421.9  0.00 | -1.0 -1.0 0   0   0  0  1  0
  - 3.02s  --------    0  Y   Y  1.00  2.27 1.00 -  |   473.5    421.4  0.00 | -1.0 -1.0 0   0   0  0  1  0
  - 2.92s  --------    0  Y   Y  1.00  2.37 1.00 -  |   473.0    420.9  0.00 | -1.0 -1.0 0   0   0  0  1  0
  - 2.82s  --------    0  Y   Y  1.00  2.48 1.00 -  |   472.4    420.3  0.00 | -1.0 -1.0 0   0   0  0  1  0
  - 2.71s  --------    0  Y   Y  1.00  2.58 1.00 -  |   471.9    419.8  0.00 | -1.0 -1.0 0   0   0  0  1  0
  - 2.61s  --------    0  Y   Y  1.00  2.68 1.00 -  |   471.4    419.3  0.00 | -1.0 -1.0 0   0   0  0  1  0
  - 2.50s  --------    0  Y   Y  1.00  2.79 1.00 -  |   470.9    418.8  0.00 | -1.0 -1.0 0   0   0  0  1  0
  - 2.40s  --------    0  Y   Y  1.00  2.89 1.00 -  |   470.4    418.3  0.00 | -1.0 -1.0 0   0   0  0  1  0
  - 2.30s  --------    0  Y   Y  1.00  2.99 1.00 -  |   469.9    417.8  0.00 | -1.0 -1.0 0   0   0  0  1  0
  - 2.20s  --------    0  Y   Y  1.00  3.09 1.00 -  |   469.4    417.3  0.00 |  0.0 -1.0 0   0   0  0  1  0
  - 2.10s  --------    0  Y   Y  1.00  3.20 1.00 -  |   468.8    416.7  0.00 |  0.0 -1.0 0   0   0  0  1  0
  - 1.99s  --------    0  Y   Y  1.00  3.30 1.00 -  |   468.3    416.3  0.00 |  0.0 -1.0 0   0   0  0  1  0
  - 1.89s  --------    0  Y   Y  1.00  3.41 1.00 -  |   467.9    415.8  0.00 |  0.0 -1.0 0   0   0  0  1  0
  - 1.78s  --------    0  Y   Y  1.00  3.51 1.00 -  |   467.4    415.3  0.00 |  0.0 -1.0 0   0   0  0  1  0
  - 1.68s  --------    0  Y   Y  1.00  3.61 1.00 -  |   466.9    414.8  0.00 |  0.0 -1.0 0   0   0  0  1  0
  - 1.58s  --------    0  Y   Y  1.00  3.72 1.00 -  |   466.4    414.3  0.00 |  0.0 -1.0 0   0   0  0  1  0
  - 1.47s  --------    0  Y   Y  1.00  3.82 1.00 -  |   465.8    413.7  0.00 |  0.0 -1.0 0   0   0  0  1  0
  - 1.37s  --------    0  Y   Y  1.00  3.92 1.00 -  |   465.6    413.5  0.00 |  0.0 -1.0 0   0   0  0  0  0
  - 1.27s  --------    0  Y   Y  1.00  4.03 1.00 -  |   465.4    413.3  0.00 |  0.0 -1.0 0   0   0  0  0  0
  - 1.16s  --------    0  Y   Y  1.00  4.13 1.00 -  |   465.4    413.1  0.00 |  1.0 -1.0 0   0   0  0  0  0
  - 1.06s  --------    0  Y   Y  1.00  4.23 1.00 -  |   465.4    413.0  0.00 |  1.0 -1.0 0   0   0  0  0  0
  - 0.96s  --------    0  Y   Y  1.00  4.34 1.00 -  |   465.5    412.8  0.00 |  1.0 -1.0 0   0   0  0  0  0
  - 0.86s  --------    0  Y   Y  1.00  4.43 1.00 -  |   465.7    412.6  0.00 |  1.0 -1.0 0   0   0  0  0  0
  - 0.75s  --------    0  Y   Y  1.00  4.54 1.00 -  |   465.8    412.5  0.00 |  0.0 -1.0 0   0   0  0  0  0
  - 0.65s  --------    0  Y   Y  1.00  4.65 1.00 -  |   466.3    412.0  0.00 |  0.0 -1.0 0   0   0  0  1  0
  - 0.54s  --------    0  Y   Y  1.00  4.75 1.00 -  |   466.8    411.5  0.00 |  0.0 -1.0 0   0   0  0  1  0
  - 0.44s  --------    0  Y   Y  1.00  4.85 1.00 -  |   467.3    411.0  0.00 |  0.0 -1.0 0   0   0  0  1  0
  - 0.34s  --------    0  Y   Y  1.00  4.96 1.00 -  |   467.8    410.5  0.00 |  0.0 -1.0 0   0   0  0  1  0
  - 0.24s  --------    0  Y   Y  1.00  5.06 1.00 -  |   467.9    409.8  0.00 | -1.0 -1.0 0   0   0  0  1  0
  - 0.14s  --------    0  Y   Y  1.00  5.16 1.00 -  |   467.6    409.2  0.00 | -1.0 -1.0 0   0   0  0  1  0
  - 0.03s  --------    0  Y   Y  1.00  5.26 1.00 -  |   467.1    408.5  0.00 | -1.0 -1.0 0   0   0  0  1  0
=========================================================== END

[  3365   25.767 x1.00] LOG  
==================== [FREEZE-DEBUG v3] ====================
  Reason : WASD-NOMOVE: WASD recent + speed 0.00m/s for 0.42s
  Time   : 23.159s   Frame: 3365   Snaps: 60
===========================================================

--- CURRENT STATE ---
  Flags: atk=False hvy=False dod=False dsh=False
         grd=False hit=False aerial=False lockPos=False
         comboStep=0
  Anim : speed=1.00  combatLayer hash=-792875657 normT=23.140 weight=1.00 inTransition=False
  CC   : grounded=True  enabled=True  pos=(463.70, -0.02, 406.96)  vel=(0.00, 0.00, 0.00)
  Move : IsRunning=True
  Input: H=0.00 V=1.00  LMB=False MMB=False Q=False Sp=False Sh=True C=False
         WASD pressed in last 0.5s: True (last 0.00s ago)

--- FLIGHT RECORDER (60 snapshots, oldest first, dt=0.10s) ---
  Legend: flags = A(tk) H(vy) D(od) S(sh) G(rd) R(eact) Y(aerial) L(ock)   gnd/cc: Y/n
  t-now    flags     step gnd cc anSp normT layW tr | posX     posZ     spd   | H    V    LMB MMB Q  Sp Sh C
  ------   --------  ---- --- -- ---- ----- ---- -- | -----    -----    ----  | ---- ---- --- --- -- -- -- -
  - 6.32s  --------    0  Y   Y  1.00 16.83 1.00 -  |   463.8    405.2  0.00 |  0.0  0.0 0   0   0  0  1  0
  - 6.22s  --------    0  Y   Y  1.00 16.94 1.00 -  |   463.8    405.2  0.00 |  0.0  0.0 0   0   0  0  1  0
  - 6.11s  --------    0  Y   Y  1.00 17.03 1.00 -  |   463.8    405.2  0.00 |  0.0  0.0 0   0   0  0  1  0
  - 6.01s  --------    0  Y   Y  1.00 17.14 1.00 -  |   463.8    405.2  0.00 |  0.0  0.0 0   0   0  0  1  0
  - 5.91s  --------    0  Y   Y  1.00 17.23 1.00 -  |   463.8    405.2  0.00 |  0.0  0.0 0   0   0  0  1  0
  - 5.79s  --------    0  Y   Y  1.00 17.35 1.00 -  |   463.8    405.2  0.00 |  0.0  0.0 0   0   0  0  1  0
  - 5.69s  --------    0  Y   Y  1.00 17.45 1.00 -  |   463.8    405.2  0.00 |  0.0  0.0 0   0   0  0  1  0
  - 5.59s  --------    0  Y   Y  1.00 17.56 1.00 -  |   463.8    405.2  0.00 |  0.0  0.0 0   0   0  0  1  0
  - 5.48s  --------    0  Y   Y  1.00 17.66 1.00 -  |   463.8    405.2  0.00 |  0.0  0.0 0   0   0  0  1  0
  - 5.38s  --------    0  Y   Y  1.00 17.77 1.00 -  |   463.8    405.2  0.00 |  0.0  0.0 0   0   0  0  1  0
  - 5.28s  --------    0  Y   Y  1.00 17.87 1.00 -  |   463.8    405.2  0.00 |  0.0  0.0 0   0   0  0  1  0
  - 5.16s  --------    0  Y   Y  1.00 17.98 1.00 -  |   463.8    405.2  0.00 |  0.0  0.0 0   0   0  0  1  0
  - 5.05s  --------    0  Y   Y  1.00 18.10 1.00 -  |   463.8    405.2  0.00 |  0.0  0.0 0   0   0  0  1  0
  - 4.95s  --------    0  Y   Y  1.00 18.20 1.00 -  |   463.8    405.2  0.00 |  0.0  0.0 0   0   0  0  1  0
  - 4.84s  --------    0  Y   Y  1.00 18.31 1.00 -  |   463.8    405.2  0.00 |  0.0  0.0 0   0   0  0  1  0
  - 4.74s  --------    0  Y   Y  1.00 18.41 1.00 -  |   463.8    405.2  0.00 |  0.0  0.0 0   0   0  0  1  0
  - 4.63s  --------    0  Y   Y  1.00 18.51 1.00 -  |   463.8    405.2  0.00 |  0.0  0.0 0   0   0  0  1  0
  - 4.52s  --------    0  Y   Y  1.00 18.63 1.00 -  |   463.8    405.2  0.00 |  0.0  0.0 0   0   0  0  1  0
  - 4.42s  --------    0  Y   Y  1.00 18.74 1.00 -  |   463.8    405.2  0.00 |  0.0  0.0 0   0   0  0  1  0
  - 4.31s  --------    0  Y   Y  1.00 18.84 1.00 -  |   463.8    405.2  0.00 |  0.0  0.0 0   0   0  0  0  0
  - 4.20s  --------    0  Y   Y  1.00 18.94 1.00 -  |   463.8    405.2  0.00 |  0.0  0.0 0   0   0  0  0  0
  - 4.10s  --------    0  Y   Y  1.00 19.05 1.00 -  |   463.8    405.2  0.00 |  0.0  0.0 0   0   0  0  0  0
  - 3.99s  --------    0  Y   Y  1.00 19.15 1.00 -  |   463.8    405.2  0.00 |  0.0  0.0 0   0   0  0  0  0
  - 3.88s  --------    0  Y   Y  1.00 19.27 1.00 -  |   463.8    405.2  0.00 |  0.0  0.0 0   0   0  0  0  0
  - 3.77s  --------    0  Y   Y  1.00 19.38 1.00 -  |   463.8    405.2  0.00 |  0.0  0.0 0   0   0  0  0  0
  - 3.65s  --------    0  Y   Y  1.00 19.49 1.00 -  |   463.8    405.2  0.00 |  0.0  0.0 0   0   0  0  0  0
  - 3.54s  --------    0  Y   Y  1.00 19.61 1.00 -  |   463.8    405.2  0.00 |  0.0  0.0 0   0   0  0  0  0
  - 3.43s  --------    0  Y   Y  1.00 19.72 1.00 -  |   463.8    405.2  0.00 |  0.0  0.0 0   0   0  0  0  0
  - 3.33s  --------    0  Y   Y  1.00 19.82 1.00 -  |   463.8    405.2  0.00 |  0.0  0.0 0   0   0  0  0  0
  - 3.23s  --------    0  Y   Y  1.00 19.93 1.00 -  |   463.8    405.2  0.00 |  0.0  0.0 0   0   0  0  0  0
  - 3.11s  --------    0  Y   Y  1.00 20.03 1.00 -  |   463.8    405.2  0.00 |  0.0  0.0 0   0   0  0  0  0
  - 3.01s  --------    0  Y   Y  1.00 20.15 1.00 -  |   463.8    405.2  0.00 |  0.0  0.0 0   0   0  0  0  0
  - 2.91s  --------    0  Y   Y  1.00 20.25 1.00 -  |   463.8    405.2  0.00 |  0.0  0.0 0   0   0  0  0  0
  - 2.80s  --------    0  Y   Y  1.00 20.34 1.00 -  |   463.8    405.2  0.00 |  0.0  0.0 0   0   0  0  0  0
  - 2.69s  --------    0  Y   Y  1.00 20.45 1.00 -  |   463.8    405.2  0.00 |  0.0  0.0 0   0   0  0  0  0
  - 2.59s  --------    0  Y   Y  1.00 20.57 1.00 -  |   463.8    405.2  0.00 |  0.0  0.0 0   0   0  0  0  0
  - 2.49s  --------    0  Y   Y  1.00 20.67 1.00 -  |   463.8    405.2  0.00 |  0.0  0.0 0   0   0  0  0  0
  - 2.38s  --------    0  Y   Y  1.00 20.77 1.00 -  |   463.8    405.2  0.00 |  0.0  0.0 0   0   0  0  0  0
  - 2.28s  --------    0  Y   Y  1.00 20.88 1.00 -  |   463.8    405.2  0.00 |  0.0  0.0 0   0   0  0  0  0
  - 2.17s  --------    0  Y   Y  1.00 20.97 1.00 -  |   463.8    405.2  0.00 |  0.0  0.0 0   0   0  0  0  0
  - 2.07s  --------    0  Y   Y  1.00 21.08 1.00 -  |   463.8    405.2  0.00 |  0.0  0.0 0   0   0  0  0  0
  - 1.96s  --------    0  Y   Y  1.00 21.19 1.00 -  |   463.8    405.2  0.00 |  0.0  0.0 0   0   0  0  0  0
  - 1.86s  --------    0  Y   Y  1.00 21.30 1.00 -  |   463.8    405.2  0.00 |  0.0  0.0 0   0   0  0  0  0
  - 1.75s  --------    0  Y   Y  1.00 21.39 1.00 -  |   463.8    405.2  0.00 |  0.0  0.0 0   0   0  0  0  0
  - 1.64s  --------    0  Y   Y  1.00 21.50 1.00 -  |   463.8    405.2  0.00 |  0.0  0.0 0   0   0  0  0  0
  - 1.54s  --------    0  Y   Y  1.00 21.61 1.00 -  |   463.8    405.2  0.00 |  0.0  0.0 0   0   0  0  0  0
  - 1.44s  --------    0  Y   Y  1.00 21.72 1.00 -  |   463.8    405.2  0.00 |  0.0  0.0 0   0   0  0  0  0
  - 1.33s  --------    0  Y   Y  1.00 21.82 1.00 -  |   463.8    405.2  0.00 |  0.0  0.0 0   0   0  0  0  0
  - 1.23s  --------    0  Y   Y  1.00 21.93 1.00 -  |   463.8    405.2  0.00 |  0.0  0.0 0   0   0  0  0  0
  - 1.12s  --------    0  Y   Y  1.00 22.03 1.00 -  |   463.8    405.2  0.00 |  0.0  0.0 0   0   0  0  0  0
  - 1.02s  --------    0  Y   Y  1.00 22.13 1.00 -  |   463.8    405.2  0.00 |  0.0  0.0 0   0   0  0  0  0
  - 0.92s  --------    0  Y   Y  1.00 22.24 1.00 -  |   463.8    405.2  0.00 |  0.0  0.0 0   0   0  0  0  0
  - 0.81s  --------    0  Y   Y  1.00 22.34 1.00 -  |   463.8    405.2  0.00 |  0.0  0.0 0   0   0  0  0  0
  - 0.71s  --------    0  Y   Y  1.00 22.44 1.00 -  |   463.8    405.2  0.00 |  0.0  0.0 0   0   0  0  0  0
  - 0.60s  --------    0  Y   Y  1.00 22.54 1.00 -  |   463.8    405.2  0.00 |  0.0  0.0 0   0   0  0  0  0
  - 0.49s  --------    0  Y   Y  1.00 22.65 1.00 -  |   463.8    405.2  0.00 |  0.0  0.0 0   0   0  0  0  0
  - 0.39s  --------    0  Y   Y  1.00 22.76 1.00 -  |   463.8    405.2  0.00 |  0.0  1.0 0   0   0  0  0  0
  - 0.29s  --------    0  Y   Y  1.00 22.87 1.00 -  |   463.7    405.4  0.00 |  0.0  1.0 0   0   0  0  0  0
  - 0.18s  --------    0  Y   Y  1.00 22.96 1.00 -  |   463.7    405.7  0.00 |  0.0  1.0 0   0   0  0  1  0
  - 0.08s  --------    0  Y   Y  1.00 23.07 1.00 -  |   463.7    406.4  0.00 |  0.0  1.0 0   0   0  0  1  0
=========================================================== END

[  3444   26.378 x1.00] LOG  🐾 4-LEG JUMP #0
[  3444   26.378 x1.00] LOG  🐾 Jump 1 VFX spawned!
[  3467   26.568 x0.10] LOG  [TailAirShot4Leg] ENTER 4 leg, slow on for up to 3s real, waiting for the fire button, drawState=shoot_4Leg | y=1.10 ts=0.10 fdt=0.0020
[  3467   26.568 x0.10] LOG  [TailAirShot] entry refused: this airtime is not a 2 leg jump | y=1.10 ts=0.10 fdt=0.0020
[  3467   26.568 x0.10] LOG  [AirPosePin] engaged, holding body at 0.529m above the transform
[  3488   26.750 x0.10] LOG  [TailAirShot4Leg] DRAW started | y=1.28 ts=0.10 fdt=0.0020
[  3510   26.933 x0.10] LOG  [TailAirShot4Leg] READY, frozen on frame 5 | y=1.36 ts=0.10 fdt=0.0020
[  3560   27.349 x0.10] LOG  [TailAirShot4Leg] SHOT released (released from ready pose) | y=1.52 ts=0.10 fdt=0.0020
[  3570   27.418 x1.00] LOG  [TailAirShot4Leg] FINISHER (R released mid motion), motion completes and fires | y=1.55 ts=1.00 fdt=0.0200
[  3582   27.515 x1.00] LOG  [TailAirShot4Leg] FIRE, arrow away, dir=(0.13, -0.02, 0.99) damage=40 (20 x 2.00) | y=1.77 ts=1.00 fdt=0.0200
[  3639   27.968 x1.00] LOG  [TailAirShot4Leg] finisher done, fully idle | y=0.80 ts=1.00 fdt=0.0200
[  3639   27.968 x1.00] LOG  [AirPosePin] released, peak correction was -0.078m
[  3652   28.058 x1.00] LOG  💨 Landing VFX spawned!
[  3652   28.058 x1.00] LOG  ✅ LANDED! (was jump #1)
[  3731   28.658 x1.00] LOG  OniBoss took 40 damage. HP: 460/500
[  3731   28.658 x1.00] LOG  [OniBoss] LostSoul → Stagger
[  3731   28.658 x1.00] LOG  [OniBoss] Playing animation: Stagger
[  3731   28.658 x1.00] LOG  [OniBoss] STAGGERED for 2.5s
[  3731   28.658 x1.00] LOG  [OniBoss:Layer] heavy knock-back react (40 dmg) → 'HitReact_Heavy', down for 1.80s
[  3956   30.461 x1.00] LOG  [OniBoss] Stagger → Chase
[  3957   30.469 x1.00] LOG  [StormWeather] COZY → 'Receeding Storm' (fight engaged - storm rolls in, 0 s)
[  3957   30.469 x1.00] LOG  [StormWeather] FIGHT STARTED (he engaged) - storm on, floor starts to soak.
[  3957   30.469 x1.00] LOG  [OniBoss] Playing animation: run
[  4055   31.276 x1.00] LOG  [StormWeather] storm post weight -> 0.40
[  4141   31.963 x1.00] LOG  [OniBoss] Leash exceeded (21.6m > 15m for 1.5s) — returning home
[  4141   31.963 x1.00] LOG  [OniBoss] Chase → Returning
[  4141   31.963 x1.00] LOG  [OniBoss] Playing animation: Idle
[  4141   31.963 x1.00] LOG  [OniBoss] Disengaging — pausing before return walk
[  4282   33.089 x1.00] LOG  
==================== [FREEZE-DEBUG v3] ====================
  Reason : WASD-NOMOVE: WASD recent + speed 0.00m/s for 0.41s
  Time   : 29.716s   Frame: 4282   Snaps: 60
===========================================================

--- CURRENT STATE ---
  Flags: atk=False hvy=False dod=False dsh=False
         grd=False hit=False aerial=False lockPos=False
         comboStep=0
  Anim : speed=1.00  combatLayer hash=-792875657 normT=5.113 weight=1.00 inTransition=False
  CC   : grounded=True  enabled=True  pos=(461.18, -0.02, 414.76)  vel=(0.00, 0.00, 0.00)
  Move : IsRunning=True
  Input: H=-1.00 V=1.00  LMB=False MMB=False Q=False Sp=False Sh=True C=False
         WASD pressed in last 0.5s: True (last 0.00s ago)

--- FLIGHT RECORDER (60 snapshots, oldest first, dt=0.10s) ---
  Legend: flags = A(tk) H(vy) D(od) S(sh) G(rd) R(eact) Y(aerial) L(ock)   gnd/cc: Y/n
  t-now    flags     step gnd cc anSp normT layW tr | posX     posZ     spd   | H    V    LMB MMB Q  Sp Sh C
  ------   --------  ---- --- -- ---- ----- ---- -- | -----    -----    ----  | ---- ---- --- --- -- -- -- -
  - 6.32s  --------    0  Y   Y  1.00 23.39 1.00 -  |   463.7    408.6  0.00 |  0.0  1.0 0   0   0  0  1  0
  - 6.21s  --------    0  Y   Y  1.00 23.49 1.00 -  |   463.6    409.5  0.00 |  0.0  1.0 0   0   0  0  1  0
  - 6.11s  --------    0  Y   Y  1.00 23.59 1.00 -  |   463.6    410.2  0.00 |  0.0  1.0 0   0   0  0  1  0
  - 6.01s  --------    0  Y   Y  1.00 23.70 1.00 -  |   463.6    410.9  0.00 |  0.0  1.0 0   0   0  0  1  0
  - 5.89s  --------    0  n   Y  1.00 23.81 1.00 -  |   463.6    411.6  0.00 |  0.0  1.0 0   0   0  1  1  0
  - 5.78s  --------    0  n   Y  1.00 23.93 1.00 -  |   463.5    412.1  0.00 |  0.0  1.0 0   0   0  1  1  0
  - 5.68s  --------    0  n   Y  1.00  0.25 1.00 -  |   463.6    412.6  0.00 |  0.0  1.0 0   0   0  0  1  0
  - 5.57s  --------    0  n   Y  1.00  0.43 1.00 -  |   463.6    413.0  0.00 |  0.0  0.0 0   0   0  0  0  0
  - 5.47s  --------    0  n   Y  1.00  0.56 1.00 -  |   463.7    413.5  0.00 |  0.0  0.0 0   0   0  0  0  0
  - 5.36s  --------    0  n   Y  1.00  0.69 1.00 -  |   463.7    414.0  0.00 |  0.0  0.0 0   0   0  0  0  0
  - 5.26s  --------    0  n   Y  1.00  0.83 1.00 -  |   463.8    414.4  0.00 |  0.0  0.0 0   0   0  0  0  0
  - 5.15s  --------    0  n   Y  1.00  0.95 1.00 -  |   463.9    414.9  0.00 |  0.0  0.0 0   0   0  0  0  0
  - 5.05s  --------    0  n   Y  1.00  1.08 1.00 T  |   463.9    415.4  0.00 |  0.0 -1.0 0   0   0  0  0  0
  - 4.94s  --------    0  Y   Y  1.00  0.17 1.00 -  |   463.9    415.3  0.00 |  0.0 -1.0 0   0   0  0  0  0
  - 4.84s  --------    0  Y   Y  1.00  0.28 1.00 -  |   463.9    415.1  0.00 |  0.0 -1.0 0   0   0  0  0  0
  - 4.74s  --------    0  Y   Y  1.00  0.38 1.00 -  |   463.9    414.9  0.00 |  0.0 -1.0 0   0   0  0  0  0
  - 4.63s  --------    0  Y   Y  1.00  0.48 1.00 -  |   463.8    414.7  0.00 |  0.0 -1.0 0   0   0  0  0  0
  - 4.52s  --------    0  Y   Y  1.00  0.59 1.00 -  |   463.8    414.5  0.00 |  0.0 -1.0 0   0   0  0  0  0
  - 4.42s  --------    0  Y   Y  1.00  0.69 1.00 -  |   463.8    414.3  0.00 |  0.0 -1.0 0   0   0  0  0  0
  - 4.31s  --------    0  Y   Y  1.00  0.79 1.00 -  |   463.7    414.0  0.00 |  0.0 -1.0 0   0   0  0  0  0
  - 4.20s  --------    0  Y   Y  1.00  0.91 1.00 -  |   463.7    413.8  0.00 |  0.0 -1.0 0   0   0  0  0  0
  - 4.10s  --------    0  Y   Y  1.00  1.01 1.00 -  |   463.7    413.7  0.00 |  0.0  0.0 0   0   0  0  0  0
  - 4.00s  --------    0  Y   Y  1.00  1.12 1.00 -  |   463.7    413.5  0.00 | -1.0  0.0 0   0   0  0  0  0
  - 3.89s  --------    0  Y   Y  1.00  1.22 1.00 -  |   463.3    413.1  0.00 | -1.0  0.0 0   0   0  0  1  0
  - 3.79s  --------    0  Y   Y  1.00  1.33 1.00 -  |   462.6    413.1  0.00 | -1.0  0.0 0   0   0  0  1  0
  - 3.68s  --------    0  Y   Y  1.00  1.42 1.00 -  |   461.9    413.2  0.00 | -1.0  0.0 0   0   0  0  1  0
  - 3.58s  --------    0  Y   Y  1.00  1.52 1.00 -  |   461.5    413.2  0.00 |  0.0  0.0 0   0   0  0  0  0
  - 3.48s  --------    0  Y   Y  1.00  1.64 1.00 -  |   461.3    413.2  0.00 |  0.0  0.0 0   0   0  0  0  0
  - 3.37s  --------    0  Y   Y  1.00  1.74 1.00 -  |   461.1    413.3  0.00 |  0.0  0.0 0   0   0  0  0  0
  - 3.26s  --------    0  Y   Y  1.00  1.85 1.00 -  |   461.1    413.3  0.00 |  0.0  0.0 0   0   0  0  0  0
  - 3.16s  --------    0  Y   Y  1.00  1.96 1.00 -  |   461.1    413.3  0.00 |  0.0  0.0 0   0   0  0  0  0
  - 3.05s  --------    0  Y   Y  1.00  2.05 1.00 -  |   461.1    413.3  0.00 |  0.0  0.0 0   0   0  0  0  0
  - 2.95s  --------    0  Y   Y  1.00  2.17 1.00 -  |   461.1    413.3  0.00 |  0.0  0.0 0   0   0  0  0  0
  - 2.84s  --------    0  Y   Y  1.00  2.27 1.00 -  |   461.1    413.3  0.00 |  0.0  0.0 0   0   0  0  0  0
  - 2.73s  --------    0  Y   Y  1.00  2.37 1.00 -  |   461.1    413.3  0.00 |  0.0  0.0 0   0   0  0  0  0
  - 2.63s  --------    0  Y   Y  1.00  2.49 1.00 -  |   461.1    413.3  0.00 |  0.0  0.0 0   0   0  0  0  0
  - 2.53s  --------    0  Y   Y  1.00  2.59 1.00 -  |   461.1    413.3  0.00 |  0.0  0.0 0   0   0  0  0  0
  - 2.43s  --------    0  Y   Y  1.00  2.69 1.00 -  |   461.1    413.3  0.00 |  0.0  0.0 0   0   0  0  0  0
  - 2.31s  --------    0  Y   Y  1.00  2.79 1.00 -  |   461.1    413.3  0.00 |  0.0  0.0 0   0   0  0  0  0
  - 2.21s  --------    0  Y   Y  1.00  2.91 1.00 -  |   461.1    413.3  0.00 |  0.0  0.0 0   0   0  0  0  0
  - 2.11s  --------    0  Y   Y  1.00  3.00 1.00 -  |   461.1    413.3  0.00 |  0.0  0.0 0   0   0  0  1  0
  - 2.00s  --------    0  Y   Y  1.00  3.12 1.00 -  |   461.1    413.3  0.00 |  0.0  0.0 0   0   0  0  1  0
  - 1.90s  --------    0  Y   Y  1.00  3.21 1.00 -  |   461.1    413.3  0.00 |  0.0  0.0 0   0   0  0  1  0
  - 1.80s  --------    0  Y   Y  1.00  3.31 1.00 -  |   461.1    413.3  0.00 |  0.0  0.0 0   0   0  0  1  0
  - 1.70s  --------    0  Y   Y  1.00  3.42 1.00 -  |   461.1    413.3  0.00 |  0.0  0.0 0   0   0  0  0  0
  - 1.60s  --------    0  Y   Y  1.00  3.52 1.00 -  |   461.1    413.3  0.00 |  0.0  0.0 0   0   0  0  0  0
  - 1.48s  --------    0  Y   Y  1.00  3.62 1.00 -  |   461.1    413.3  0.00 |  0.0  0.0 0   0   0  0  0  0
  - 1.38s  --------    0  Y   Y  1.00  3.73 1.00 -  |   461.1    413.3  0.00 |  0.0  0.0 0   0   0  0  0  0
  - 1.27s  --------    0  Y   Y  1.00  3.84 1.00 -  |   461.1    413.3  0.00 |  0.0  0.0 0   0   0  0  0  0
  - 1.16s  --------    0  Y   Y  1.00  3.94 1.00 -  |   461.1    413.3  0.00 |  0.0  0.0 0   0   0  0  0  0
  - 1.06s  --------    0  Y   Y  1.00  4.05 1.00 -  |   461.1    413.3  0.00 |  0.0  0.0 0   0   0  0  0  0
  - 0.95s  --------    0  Y   Y  1.00  4.15 1.00 -  |   461.1    413.3  0.00 |  0.0  0.0 0   0   0  0  0  0
  - 0.84s  --------    0  Y   Y  1.00  4.26 1.00 -  |   461.1    413.3  0.00 |  0.0  0.0 0   0   0  0  0  0
  - 0.74s  --------    0  Y   Y  1.00  4.38 1.00 -  |   461.1    413.3  0.00 |  0.0  0.0 0   0   0  0  0  0
  - 0.62s  --------    0  Y   Y  1.00  4.48 1.00 -  |   461.1    413.3  0.00 |  0.0  0.0 0   0   0  0  0  0
  - 0.52s  --------    0  Y   Y  1.00  4.60 1.00 -  |   461.1    413.3  0.00 |  0.0  0.0 0   0   0  0  0  0
  - 0.42s  --------    0  Y   Y  1.00  4.70 1.00 -  |   461.1    413.3  0.00 |  0.0  0.0 0   0   0  0  0  0
  - 0.31s  --------    0  Y   Y  1.00  4.80 1.00 -  |   461.1    413.4  0.00 |  0.0  1.0 0   0   0  0  0  0
  - 0.21s  --------    0  Y   Y  1.00  4.91 1.00 -  |   461.2    413.6  0.00 |  0.0  1.0 0   0   0  0  0  0
  - 0.10s  --------    0  Y   Y  1.00  5.01 1.00 -  |   461.2    414.1  0.00 | -1.0  1.0 0   0   0  0  1  0
=========================================================== END

[  4366   33.769 x1.00] LOG  🐾 4-LEG JUMP #0
[  4366   33.769 x1.00] LOG  🐾 Jump 1 VFX spawned!
[  4393   33.965 x1.00] LOG  [OniBoss] Playing animation: Walk
[  4393   33.965 x1.00] LOG  [OniBoss] Pause complete — walking home
[  4413   34.150 x0.10] LOG  [TailAirShot4Leg] ENTER 4 leg, slow on for up to 3s real, waiting for the fire button, drawState=shoot_4Leg | y=1.78 ts=0.10 fdt=0.0020
[  4413   34.150 x0.10] LOG  [TailAirShot] entry refused: this airtime is not a 2 leg jump | y=1.78 ts=0.10 fdt=0.0020
[  4413   34.150 x0.10] LOG  [AirPosePin] engaged, holding body at 1.457m above the transform
[  4433   34.311 x0.10] LOG  [TailAirShot4Leg] DRAW started | y=1.83 ts=0.10 fdt=0.0020
[  4453   34.483 x0.10] LOG  [TailAirShot4Leg] READY, frozen on frame 5 | y=1.86 ts=0.10 fdt=0.0020
[  4524   35.021 x0.10] LOG  [TailAirShot4Leg] SHOT released (released from ready pose) | y=1.91 ts=0.10 fdt=0.0020
[  4533   35.090 x1.00] LOG  [TailAirShot4Leg] FINISHER (R released mid motion), motion completes and fires | y=1.91 ts=1.00 fdt=0.0200
[  4549   35.220 x1.00] LOG  [TailAirShot4Leg] FIRE, arrow away, dir=(0.45, -0.07, 0.89) damage=40 (20 x 2.00) | y=1.81 ts=1.00 fdt=0.0200
[  4588   35.540 x1.00] LOG  💨 Landing VFX spawned!
[  4588   35.540 x1.00] LOG  ✅ LANDED! (was jump #1)
[  4588   35.540 x1.00] LOG  [AirPosePin] released, peak correction was 0.648m
[  4603   35.659 x1.00] LOG  [TailAirShot4Leg] finisher done, fully idle | y=-0.02 ts=1.00 fdt=0.0200
[  4633   35.880 x1.00] LOG  OniBoss took 40 damage. HP: 420/500
[  4633   35.880 x1.00] LOG  [OniBoss] Returning → Stagger
[  4633   35.880 x1.00] LOG  [OniBoss] Playing animation: Stagger
[  4633   35.880 x1.00] LOG  [OniBoss] STAGGERED for 2.5s
[  4633   35.880 x1.00] LOG  [OniBoss:Layer] heavy knock-back react (40 dmg) → 'HitReact_Heavy', down for 1.80s
[  4862   37.684 x1.00] LOG  [OniBoss] Stagger → Chase
[  4863   37.688 x1.00] LOG  [OniBoss] Ranged combo started: Charge→Slam: (2 steps, dist 15.8m)
[  4863   37.688 x1.00] LOG  [OniBoss] Chase → Attack
[  4863   37.688 x1.00] LOG  [OniBoss] Attack: Oni_Charge (18 dmg)

[  4863   37.688 x1.00] TEL ────────── CHARGE ──────────
[  4863   37.688 x1.00] LOG  [OniBoss:Layer] charge begin: travel bone 'Hips' depth 1, local now (0.00, 3.24, -0.24) vs rest (0.00, 3.24, -0.24); pin ON; drive windup→rush→strike; engine Attack, AnimSpeed 1.30, clip at 0.00, dist 15.8m
[  4863   37.688 x1.00] TEL charge Windup n=0.00 spd=1.30 mult=1.00 st=Attack anim=h-1757638897/Charge drift=0.00 cut=0.00 meshOff=0.24m vis bounds+0.0m pos=(467.3,436.4) dist=15.8 vel=0.0
[  4874   37.774 x1.00] TEL charge Windup n=0.07 spd=1.30 mult=1.00 st=Attack anim=h-1757638897/Charge drift=0.27 cut=0.27 meshOff=0.24m vis bounds+0.0m pos=(467.3,436.4) dist=15.8 vel=0.0
[  4886   37.862 x1.00] TEL charge Windup n=0.15 spd=1.30 mult=1.30 st=Attack anim=Charge/- drift=0.94 cut=0.94 meshOff=0.24m vis bounds+0.3m pos=(467.3,436.4) dist=15.8 vel=0.0
[  4898   37.949 x1.00] TEL charge Windup n=0.22 spd=1.30 mult=1.30 st=Attack anim=Charge/- drift=1.14 cut=1.14 meshOff=0.24m vis bounds+0.3m pos=(467.3,436.4) dist=15.8 vel=0.0
[  4909   38.033 x1.00] TEL charge Windup n=0.29 spd=1.30 mult=1.30 st=Attack anim=Charge/- drift=0.56 cut=0.56 meshOff=0.24m vis bounds+0.4m pos=(467.3,436.4) dist=15.8 vel=0.0
[  4920   38.117 x1.00] TEL charge Windup n=0.36 spd=1.30 mult=1.30 st=Attack anim=Charge/- drift=4.37 cut=4.37 meshOff=0.24m vis bounds+0.3m pos=(467.3,436.4) dist=15.8 vel=0.0
[  4925   38.164 x1.00] LOG  [OniBoss:Layer] charge RUSH: clip frozen at 0.40, 15.8m to go at 14m/s
[  4926   38.170 x1.00] LOG  [OniBoss:Layer] charge fire trail: 'ToonFireTrail' attached to his feet for the rush.
[  4930   38.204 x1.00] TEL charge Rush   n=0.40 spd=0.00 mult=0.00 st=Attack anim=Charge/- drift=7.47 cut=7.47 meshOff=0.24m vis bounds+0.1m pos=(467.0,435.9) dist=15.2 vel=0.0
[  4941   38.290 x1.00] TEL charge Rush   n=0.40 spd=0.00 mult=0.00 st=Attack anim=Charge/- drift=7.47 cut=7.47 meshOff=0.24m vis bounds+0.1m pos=(466.5,434.9) dist=14.0 vel=0.0
[  4952   38.375 x1.00] TEL charge Rush   n=0.40 spd=0.00 mult=0.00 st=Attack anim=Charge/- drift=7.47 cut=7.47 meshOff=0.24m vis bounds+0.1m pos=(465.9,433.8) dist=12.8 vel=0.0
[  4961   38.460 x1.00] TEL charge Rush   n=0.40 spd=0.00 mult=0.00 st=Attack anim=Charge/- drift=7.47 cut=7.47 meshOff=0.24m vis bounds+0.1m pos=(465.4,432.7) dist=11.6 vel=0.0
[  4973   38.544 x1.00] TEL charge Rush   n=0.40 spd=0.00 mult=0.00 st=Attack anim=Charge/- drift=7.47 cut=7.47 meshOff=0.24m vis bounds+0.1m pos=(464.8,431.7) dist=10.5 vel=0.0
[  4983   38.628 x1.00] TEL charge Rush   n=0.40 spd=0.00 mult=0.00 st=Attack anim=Charge/- drift=7.47 cut=7.47 meshOff=0.24m vis bounds+0.1m pos=(464.3,430.7) dist=9.3 vel=0.0
[  4995   38.720 x1.00] TEL charge Rush   n=0.40 spd=0.00 mult=0.00 st=Attack anim=Charge/- drift=7.47 cut=7.47 meshOff=0.24m vis bounds+0.2m pos=(463.7,429.5) dist=8.0 vel=0.0
[  5004   38.804 x1.00] TEL charge Rush   n=0.40 spd=0.00 mult=0.00 st=Attack anim=Charge/- drift=7.47 cut=7.47 meshOff=0.24m vis bounds+0.2m pos=(463.2,428.5) dist=6.8 vel=0.0
[  5016   38.890 x1.00] TEL charge Rush   n=0.40 spd=0.00 mult=0.00 st=Attack anim=Charge/- drift=7.47 cut=7.47 meshOff=0.24m vis bounds+0.2m pos=(462.6,427.4) dist=5.6 vel=0.0
[  5026   38.974 x1.00] TEL charge Rush   n=0.40 spd=0.00 mult=0.00 st=Attack anim=Charge/- drift=7.47 cut=7.47 meshOff=0.24m vis bounds+0.2m pos=(462.1,426.4) dist=4.4 vel=0.0
[  5038   39.070 x1.00] TEL charge Rush   n=0.40 spd=0.00 mult=0.00 st=Attack anim=Charge/- drift=7.47 cut=7.47 meshOff=0.24m vis bounds+0.2m pos=(461.4,425.2) dist=3.1 vel=0.0
[  5043   39.114 x1.00] LOG  [OniBoss:Layer] charge STRIKE: arrived 2.6m from the lock point after 0.95s real — clip 0.40 → 0.58 (blend 0.10s), strike moment 0.76, Yoru 2.6m away
[  5048   39.160 x1.00] TEL charge Strike n=0.61 spd=1.00 mult=1.00 st=Attack anim=Charge/Charge drift=12.45 cut=12.45 meshOff=0.24m vis bounds+0.1m pos=(461.2,424.7) dist=2.6 vel=0.0
[  5060   39.260 x1.00] TEL charge Strike n=0.67 spd=1.00 mult=1.00 st=Attack anim=Charge/- drift=15.86 cut=15.86 meshOff=0.24m vis bounds+0.5m pos=(461.2,424.7) dist=2.6 vel=0.0
[  5070   39.345 x1.00] TEL charge Strike n=0.73 spd=1.00 mult=1.00 st=Attack anim=Charge/- drift=16.52 cut=16.52 meshOff=0.24m vis bounds+0.6m pos=(461.2,424.7) dist=2.6 vel=0.0
[  5072   39.362 x1.00] LOG  🚶 2-LEG JUMP
[  5072   39.362 x1.00] LOG  🐾 Jump 1 VFX spawned!
[  5078   39.417 x1.00] LOG  [CameraGameFeel] Shake: intensity=0.45 duration=0.350s
[  5078   39.417 x1.00] LOG  [Combat] Hit react: HitReact_Heavy_2Leg (0.9s)
[  5078   39.417 x1.00] LOG  [HitReactTrace] asked for 'HitReact_Heavy_2Leg' (0.90s) — blend resolved after 0 ms, now playing a clip 1.00s long at speed 1.00, layer weight 1.00, animator.speed 1.00.
[  5078   39.417 x1.00] LOG  [CameraGameFeel] Shake: intensity=0.60 duration=0.200s
[  5078   39.417 x1.00] LOG  [CameraGameFeel] FOV punch: player damage (-3.0°)
[  5078   39.417 x1.00] LOG  [OniBoss] Hit player for 18 (Oni_Charge)
[  5078   39.417 x1.00] LOG  [AirPosePin] engaged, holding body at 0.563m above the transform
[  5079   39.438 x1.00] TEL charge Strike n=0.79 spd=1.00 mult=1.00 st=Attack anim=Charge/- drift=17.07 cut=17.07 meshOff=0.24m vis bounds+0.6m pos=(461.2,424.7) dist=2.6 vel=0.0
[  5091   39.530 x1.00] TEL charge Strike n=0.85 spd=1.00 mult=1.00 st=Attack anim=Charge/- drift=17.54 cut=17.54 meshOff=0.24m vis bounds+0.4m pos=(461.2,424.7) dist=2.5 vel=0.0
[  5102   39.618 x1.00] TEL charge Strike n=0.90 spd=1.00 mult=1.00 st=Attack anim=Charge/- drift=17.86 cut=17.86 meshOff=0.24m vis bounds+0.2m pos=(461.2,424.7) dist=2.5 vel=0.0
[  5114   39.710 x1.00] TEL charge Strike n=0.96 spd=1.00 mult=1.00 st=Attack anim=Charge/- drift=18.04 cut=18.04 meshOff=0.24m vis bounds+0.1m pos=(461.2,424.7) dist=2.4 vel=0.0
[  5122   39.765 x1.00] LOG  [OniBoss] Attack → Recovery
[  5122   39.765 x1.00] LOG  [OniBoss] Playing animation: Watch
[  5122   39.765 x1.00] LOG  [OniBoss:Layer] charge fire trail: released — burns out over 3.8s where the rush ended.
[  5122   39.765 x1.00] LOG  [OniBoss:Layer] charge complete: engine left Attack (now Recovery) during Strike
[  5126   39.800 x1.00] TEL charge None   n=1.02 spd=1.00 mult=1.00 st=Recovery anim=Charge/h-1849006814 drift=14.23 cut=14.23 meshOff=0.24m vis bounds+0.0m pos=(461.2,424.7) dist=2.4 vel=0.0
[  5134   39.884 x1.00] TEL charge None   n=1.08 spd=1.00 mult=1.00 st=Recovery anim=Charge/h-1849006814 drift=6.01 cut=6.01 meshOff=0.24m vis bounds+0.1m pos=(461.2,424.7) dist=2.4 vel=0.0
[  5141   39.915 x1.00] LOG  [OniBoss] Recovery → Attack
[  5141   39.915 x1.00] LOG  [OniBoss] Attack: ClubSlam (20 dmg)
[  5141   39.915 x1.00] LOG  [OniBoss:Trail] ClubSlam trail START at clip 1.00 (transition still blending).
[  5148   39.982 x1.00] TEL charge None   n=1.10 spd=2.00 mult=2.00 st=Attack anim=Charge/h283984468 drift=1.26 cut=1.26 meshOff=0.24m vis bounds+0.2m pos=(461.2,424.7) dist=2.3 vel=0.0
[  5155   40.025 x1.00] LOG  [OniBoss:Layer] charge end (clip left the animator) after 2.34s real: pin measured 292 frames, cancelled on 287, max raw drift 18.07m, max cancelled 18.07m — travel WAS baked in, pin held it
[  5187   40.290 x1.00] LOG  💨 Landing VFX spawned!
[  5187   40.290 x1.00] LOG  [AirPosePin] released, peak correction was -0.070m
[  5190   40.318 x1.00] LOG  ✅ LANDED! (was jump #0)
[  5190   40.318 x1.00] LOG  [CameraGameFeel] Shake: intensity=0.50 duration=0.400s
[  5190   40.318 x1.00] LOG  [Combat] Hit react: HitReact_Heavy_2Leg (0.9s)
[  5190   40.318 x1.00] LOG  [CameraGameFeel] Shake: intensity=0.60 duration=0.200s
[  5190   40.318 x1.00] LOG  [CameraGameFeel] FOV punch: player damage (-3.0°)
[  5190   40.318 x1.00] LOG  [OniBoss] Hit player for 30 (ClubSlam) [combo x1.50]
[  5190   40.318 x1.00] LOG  [OniBoss:Touch] ClubSlam: club TOUCHED Yoru at clip 0.43 — shaft 0.12m from her body line, tip speed 119m/s, ONE FRAME EARLY (predicted). Full club hit delivered this frame.
[  5192   40.344 x1.00] LOG  [HitReactTrace] asked for 'HitReact_Heavy_2Leg' (0.90s) — blend resolved after 27 ms, now playing a clip 1.21s long at speed 1.00, layer weight 1.00, animator.speed 1.00.
[  5243   40.731 x1.00] LOG  [OniBoss:ClubPos] ClubSlam at strike: club tip 0.69m up, 2.85m in front, -0.47m to his right (2.89m out from his centre). Club faces -2deg from his forward, pitch -0.22. (the ground wave is born 1.6m in front of him at 0.35m.)
[  5243   40.731 x1.00] LOG  [OniBoss:Layer] ClubSlam: club already hit — ground wave released as VISUAL only (0 damage), finisher size x2.0.
[  5259   40.841 x1.00] LOG  [OniBoss] Attack → Recovery
[  5259   40.841 x1.00] LOG  [OniBoss] Playing animation: Watch
[  5259   40.841 x1.00] LOG  [OniBoss:Trail] trail END at clip 0.99, fading over 0.40s.
[  5259   40.841 x1.00] LOG  [OniBoss:Strike] ClubSlam: club tip closest to Yoru at 0.38m, clip position 0.94 | damage fires at 0.85 | clip 0.93s => damage fires 84 ms BEFORE the club is closest
[  5279   40.994 x1.00] LOG  [OniBoss] Recovery → Chase
[  5280   41.000 x1.00] LOG  [OniBoss] hold-ground: BACKSTEP 1.5m (player 2.2m)
[  5312   41.264 x1.00] LOG  [Combat] Combo 1: 10 dmg
[  5312   41.264 x1.00] LOG  [ComboTrace] START step=1 state='Combo1' queued=0 target='OniBoss' at 2.7m
[  5312   41.264 x1.00] LOG  [ComboTrace] LAUNCH OniBoss at 1.4m dist=1.35m in 0.14s
[  5329   41.412 x1.00] LOG  [ComboTrace] LAUNCH RESULT wanted=1.35m actually moved=0.80m — completed
[  5340   41.491 x1.00] LOG  [Combat] Queued click #1 (combo 1)
[  5340   41.491 x1.00] LOG  [ComboTrace] QUEUED #1 during step 1
[  5361   41.651 x1.00] LOG  [Combat] Queued click #2 (combo 1)
[  5361   41.651 x1.00] LOG  [ComboTrace] QUEUED #2 during step 1
[  5386   41.845 x1.00] LOG  [ComboTrace] CLICK IGNORED (step=1 queued=2)
[  5399   41.942 x1.00] LOG  [OniBoss] hold-ground: backstep done (1.50m), WATCH (player 2.9m, cooldown 0.9s)
[  5399   41.942 x1.00] LOG  [OniBoss] Playing animation: Idle
[  5400   41.951 x1.00] LOG  [OniBoss] Playing animation: Walk
[  5410   42.033 x1.00] LOG  🐾 VFX_AttackPaw triggered!
[  5418   42.086 x1.00] LOG  [ComboTrace] CLICK IGNORED (step=1 queued=2)
[  5428   42.176 x1.00] LOG  [Combat] Combo 2: 20 dmg
[  5428   42.176 x1.00] LOG  [ComboTrace] START step=2 state='Combo2' queued=1 target='OniBoss' at 2.9m
[  5428   42.176 x1.00] LOG  [ComboTrace] LAUNCH OniBoss at 1.6m dist=1.58m in 0.16s
[  5443   42.282 x1.00] LOG  [Combat] Queued click #2 (combo 2)
[  5443   42.282 x1.00] LOG  [ComboTrace] QUEUED #2 during step 2
[  5450   42.338 x1.00] LOG  [ComboTrace] LAUNCH RESULT wanted=1.58m actually moved=0.90m — completed
[  5456   42.395 x1.00] LOG  [OniBoss] Playing animation: Idle
[  5466   42.478 x1.00] LOG  [ComboTrace] CLICK IGNORED (step=2 queued=2)
[  5490   42.658 x1.00] LOG  [ComboTrace] CLICK IGNORED (step=2 queued=2)
[  5509   42.803 x1.00] LOG  [OniBoss] Combo started: ClubSwing1 → ClubSwing2 → ClubSlam (3 steps remaining)
[  5509   42.803 x1.00] LOG  [OniBoss] Chase → Attack
[  5509   42.803 x1.00] LOG  [OniBoss] Attack: Club_Swing (16 dmg)
[  5509   42.803 x1.00] LOG  [OniBoss:Trail] Club_Swing trail START at clip 0.26 (transition done).
[  5525   42.928 x1.00] LOG  [ComboTrace] CLICK IGNORED (step=2 queued=2)
[  5533   42.991 x1.00] LOG  🐾🐾 VFX_TowPaw triggered!
[  5536   43.023 x1.00] LOG  OniBoss took 20 damage. HP: 400/500
[  5536   43.023 x1.00] LOG  [OniBoss] 🤕 Hit during Attack — flash only
[  5536   43.023 x1.00] LOG  [Combat] Hit OniBoss for 20
[  5536   43.023 x1.00] LOG  [CameraGameFeel] Shake: intensity=0.50 duration=0.200s
[  5536   43.023 x1.00] LOG  [CameraGameFeel] FOV punch: hit light (+1.5°)
[  5551   43.129 x1.00] LOG  [ComboTrace] CLICK IGNORED (step=2 queued=2)
[  5553   43.151 x1.00] LOG  [CameraGameFeel] Shake: intensity=0.20 duration=0.250s
[  5553   43.151 x1.00] LOG  [Combat] Hit react: HitReact_Light_2Leg (0.5s)
[  5553   43.151 x1.00] LOG  [HitReactTrace] asked for 'HitReact_Light_2Leg' (0.50s) — blend resolved after 0 ms, now playing a clip 1.75s long at speed 1.60, layer weight 1.00, animator.speed 1.00.
[  5553   43.151 x1.00] LOG  [CameraGameFeel] Shake: intensity=0.30 duration=0.200s
[  5553   43.151 x1.00] LOG  [CameraGameFeel] FOV punch: player damage (-2.0°)
[  5553   43.151 x1.00] LOG  [OniBoss] Hit player for 16 (Club_Swing)
[  5553   43.151 x1.00] LOG  [OniBoss:Touch] Club_Swing: club TOUCHED Yoru at clip 0.37 — shaft 0.18m from her body line, tip speed 174m/s, ONE FRAME EARLY (predicted). Full club hit delivered this frame.
[  5559   43.195 x1.00] LOG  [OniBoss:ClubPos] Club_Swing at strike: club tip 3.02m up, 2.67m in front, -2.86m to his right (3.92m out from his centre). Club faces -79deg from his forward, pitch 0.40. (the ground wave is born 1.6m in front of him at 0.35m.)
[  5559   43.195 x1.00] LOG  [OniBoss:Layer] Club_Swing: club already hit — ground wave released as VISUAL only (0 damage).
[  5618   43.681 x1.00] LOG  [OniBoss] Attack → Recovery
[  5618   43.681 x1.00] LOG  [OniBoss] Playing animation: Watch
[  5618   43.681 x1.00] LOG  [OniBoss:Trail] trail END at clip 1.00, fading over 0.40s.
[  5618   43.681 x1.00] LOG  [OniBoss:Strike] Club_Swing: club tip closest to Yoru at 0.82m, clip position 0.93 | damage fires at 0.42 | clip 0.84s => damage fires 423 ms BEFORE the club is closest
[  5629   43.759 x1.00] LOG  🚶 2-LEG JUMP
[  5629   43.759 x1.00] LOG  🐾 Jump 1 VFX spawned!
[  5636   43.833 x1.00] LOG  [OniBoss] Recovery → Attack
[  5636   43.833 x1.00] LOG  [OniBoss] Attack: ClubSwing2 (16 dmg)
[  5636   43.833 x1.00] LOG  [OniBoss:Trail] ClubSwing2 trail START at clip 1.00 (transition still blending).
[  5652   43.942 x1.00] LOG  [ComboTrace] LAUNCH OniBoss at 0.9m dist=0.90m in 0.13s [AIRBORNE]
[  5652   43.942 x1.00] LOG  [Combat] Aerial spin — 25 dmg
[  5652   43.942 x1.00] LOG  OniBoss took 10 damage. HP: 390/500
[  5652   43.942 x1.00] LOG  [OniBoss] 🤕 Hit during Attack — flash only
[  5652   43.942 x1.00] LOG  [CameraGameFeel] Shake: intensity=0.50 duration=0.200s
[  5652   43.942 x1.00] LOG  [CameraGameFeel] FOV punch: hit light (+1.5°)
[  5652   43.942 x1.00] LOG  [AirPosePin] engaged, holding body at 0.937m above the transform
[  5669   44.070 x1.00] LOG  [ComboTrace] LAUNCH RESULT wanted=0.90m actually moved=0.31m — completed
[  5672   44.097 x1.00] LOG  OniBoss took 10 damage. HP: 380/500
[  5672   44.097 x1.00] LOG  [OniBoss] 🤕 Hit during Attack — flash only
[  5672   44.097 x1.00] LOG  [CameraGameFeel] Shake: intensity=0.18 duration=0.200s
[  5691   44.251 x1.00] LOG  OniBoss took 10 damage. HP: 370/500
[  5691   44.251 x1.00] LOG  [OniBoss] 🤕 Hit during Attack — flash only
[  5691   44.251 x1.00] LOG  [OniBoss] Attack → Stagger
[  5691   44.251 x1.00] LOG  [OniBoss] Playing animation: Stagger
[  5691   44.251 x1.00] LOG  [OniBoss] STAGGERED for 2.5s
[  5691   44.251 x1.00] LOG  [OniBoss:Layer] heavy knock-back react (swirl burst, 3 hits / 30 dmg) → 'HitReact_Heavy', down for 1.80s
[  5691   44.251 x1.00] LOG  [OniBoss:Layer] burst: 3 hits / 30 dmg inside 0.8s → knock-back + 0.90m push
[  5691   44.251 x1.00] LOG  [CameraGameFeel] Shake: intensity=0.18 duration=0.200s
[  5691   44.251 x1.00] LOG  [OniBoss:Touch] ClubSwing2: no touch this swing — closest 1.71m at clip 0.28, fastest tip 110m/s (radius 0.70, min speed 50).
[  5691   44.251 x1.00] LOG  [OniBoss:Strike] ClubSwing2: club tip closest to Yoru at 2.64m, clip position 0.30 | damage fires at 0.32 | clip 1.17s => MATCHED (within one or two frames)
[  5692   44.271 x1.00] LOG  [OniBoss:Trail] trail END at clip 0.32, fading over 0.40s.
[  5707   44.402 x1.00] LOG  OniBoss punish window! 10 → 15 (x1.5)
[  5707   44.402 x1.00] LOG  OniBoss took 15 damage. HP: 355/500
[  5707   44.402 x1.00] LOG  [CameraGameFeel] Shake: intensity=0.18 duration=0.200s
[  5727   44.555 x1.00] LOG  OniBoss punish window! 10 → 15 (x1.5)
[  5727   44.555 x1.00] LOG  OniBoss took 15 damage. HP: 340/500
[  5727   44.555 x1.00] LOG  [CameraGameFeel] Shake: intensity=0.18 duration=0.200s
[  5743   44.691 x1.00] LOG  💨 Landing VFX spawned!
[  5743   44.691 x1.00] LOG  ✅ LANDED! (was jump #1)
[  5743   44.691 x1.00] LOG  [ComboTrace] END step=3 clipProgress=0.91 clipLen=0.79s queued=0 elapsed=0.75s
[  5743   44.691 x1.00] LOG  [AirPosePin] released, peak correction was 0.246m
[  5756   44.795 x1.00] LOG  🚶 2-LEG JUMP
[  5756   44.795 x1.00] LOG  🐾 Jump 1 VFX spawned!
[  5761   44.828 x1.00] LOG  [ComboTrace] LAUNCH OniBoss at 2.3m dist=2.26m in 0.23s [AIRBORNE]
[  5761   44.828 x1.00] LOG  [Combat] Aerial spin — 25 dmg
[  5761   44.828 x1.00] LOG  [AirPosePin] engaged, holding body at 0.564m above the transform
[  5781   44.982 x1.00] LOG  OniBoss punish window! 10 → 15 (x1.5)
[  5781   44.982 x1.00] LOG  OniBoss took 15 damage. HP: 325/500
[  5781   44.982 x1.00] LOG  [CameraGameFeel] Shake: intensity=0.50 duration=0.200s
[  5781   44.982 x1.00] LOG  [CameraGameFeel] FOV punch: hit light (+1.5°)
[  5790   45.056 x1.00] LOG  [ComboTrace] LAUNCH RESULT wanted=2.26m actually moved=1.81m — completed
[  5800   45.141 x1.00] LOG  OniBoss punish window! 10 → 15 (x1.5)
[  5800   45.141 x1.00] LOG  OniBoss took 15 damage. HP: 310/500
[  5800   45.141 x1.00] LOG  [CameraGameFeel] Shake: intensity=0.18 duration=0.200s
[  5819   45.293 x1.00] LOG  OniBoss punish window! 10 → 15 (x1.5)
[  5819   45.293 x1.00] LOG  OniBoss took 15 damage. HP: 295/500
[  5819   45.293 x1.00] LOG  [CameraGameFeel] Shake: intensity=0.18 duration=0.200s
[  5854   45.584 x1.00] LOG  [ComboTrace] END step=3 clipProgress=0.90 clipLen=0.79s queued=0 elapsed=0.76s
[  5855   45.591 x1.00] LOG  [AirPosePin] released, peak correction was -0.123m
[  5875   45.745 x1.00] LOG  [Combat] Combo 1: 10 dmg
[  5875   45.745 x1.00] LOG  [ComboTrace] START step=1 state='Combo1' queued=0 target='OniBoss' at 3.3m
[  5875   45.745 x1.00] LOG  [ComboTrace] LAUNCH OniBoss at 2.0m dist=1.97m in 0.20s
[  5875   45.745 x1.00] LOG  💨 Landing VFX spawned!
[  5903   45.933 x1.00] LOG  [ComboTrace] LAUNCH RESULT wanted=1.97m actually moved=1.29m — completed
[  5907   45.968 x1.00] LOG  [Combat] Queued click #1 (combo 1)
[  5907   45.968 x1.00] LOG  [ComboTrace] QUEUED #1 during step 1
[  5918   46.054 x1.00] LOG  [OniBoss] Stagger → Chase
[  5919   46.059 x1.00] LOG  [OniBoss] Playing animation: Idle
[  5919   46.059 x1.00] LOG  [OniBoss] Chase → Attack
[  5919   46.059 x1.00] LOG  [OniBoss] Attack: ClubSwing2 (16 dmg)
[  5919   46.059 x1.00] LOG  [OniBoss:Trail] ClubSwing2 trail START at clip 1.00 (transition done).
[  5935   46.170 x1.00] LOG  [Combat] Queued click #2 (combo 1)
[  5935   46.170 x1.00] LOG  [ComboTrace] QUEUED #2 during step 1
[  5961   46.356 x1.00] LOG  OniBoss took 10 damage. HP: 285/500
[  5961   46.356 x1.00] LOG  [OniBoss] 🤕 Hit during Attack — flash only
[  5961   46.356 x1.00] LOG  [Combat] Hit OniBoss for 10
[  5961   46.356 x1.00] LOG  [CameraGameFeel] Shake: intensity=0.50 duration=0.200s
[  5961   46.356 x1.00] LOG  [CameraGameFeel] FOV punch: hit light (+1.5°)
[  5966   46.390 x1.00] LOG  [ComboTrace] CLICK IGNORED (step=1 queued=2)
[  5971   46.431 x1.00] LOG  [CameraGameFeel] Shake: intensity=0.20 duration=0.250s
[  5971   46.431 x1.00] LOG  [Combat] Hit react: HitReact_Light_2Leg (0.5s)
[  5971   46.431 x1.00] LOG  [HitReactTrace] asked for 'HitReact_Light_2Leg' (0.50s) — blend resolved after 0 ms, now playing a clip 1.23s long at speed 1.60, layer weight 1.00, animator.speed 1.00.
[  5971   46.431 x1.00] LOG  [CameraGameFeel] Shake: intensity=0.30 duration=0.200s
[  5971   46.431 x1.00] LOG  [CameraGameFeel] FOV punch: player damage (-2.0°)
[  5971   46.431 x1.00] LOG  [OniBoss] Hit player for 16 (ClubSwing2)
[  5971   46.431 x1.00] LOG  [OniBoss:Touch] ClubSwing2: club TOUCHED Yoru at clip 0.29 — shaft 0.51m from her body line, tip speed 97m/s, ONE FRAME EARLY (predicted). Full club hit delivered this frame.
[  5977   46.481 x1.00] LOG  [OniBoss:ClubPos] ClubSwing2 at strike: club tip 0.13m up, 1.73m in front, 2.52m to his right (3.05m out from his centre). Club faces 9deg from his forward, pitch -0.88. (the ground wave is born 1.6m in front of him at 0.35m.)
[  5977   46.481 x1.00] LOG  [OniBoss:Layer] ClubSwing2: club already hit — ground wave released as VISUAL only (0 damage).
[  6035   46.932 x1.00] LOG  ✅ LANDED! (was jump #0)
[  6038   46.967 x1.00] LOG  🚶 2-LEG JUMP
[  6038   46.967 x1.00] LOG  🐾 Jump 1 VFX spawned!
[  6050   47.042 x1.00] LOG  [ComboTrace] LAUNCH OniBoss at 0.7m dist=0.67m in 0.13s [AIRBORNE]
[  6050   47.042 x1.00] LOG  [Combat] Aerial spin — 25 dmg
[  6050   47.042 x1.00] LOG  OniBoss took 10 damage. HP: 275/500
[  6050   47.042 x1.00] LOG  [OniBoss] 🤕 Hit during Attack — flash only
[  6050   47.042 x1.00] LOG  [CameraGameFeel] Shake: intensity=0.50 duration=0.200s
[  6050   47.042 x1.00] LOG  [CameraGameFeel] FOV punch: hit light (+1.5°)
[  6050   47.042 x1.00] LOG  [AirPosePin] engaged, holding body at 0.569m above the transform
[  6068   47.177 x1.00] LOG  [ComboTrace] LAUNCH RESULT wanted=0.67m actually moved=0.00m — completed
[  6069   47.195 x1.00] LOG  OniBoss took 10 damage. HP: 265/500
[  6069   47.195 x1.00] LOG  [OniBoss] 🤕 Hit during Attack — flash only
[  6069   47.195 x1.00] LOG  [OniBoss] Attack → Stagger
[  6069   47.195 x1.00] LOG  [OniBoss] Playing animation: Stagger
[  6069   47.195 x1.00] LOG  [OniBoss] STAGGERED for 2.5s
[  6069   47.195 x1.00] LOG  [OniBoss:Layer] heavy knock-back react (swirl burst, 3 hits / 30 dmg) → 'HitReact_Heavy', down for 1.80s
[  6069   47.195 x1.00] LOG  [OniBoss:Layer] burst: 3 hits / 30 dmg inside 0.8s → knock-back + 0.90m push
[  6069   47.195 x1.00] LOG  [CameraGameFeel] Shake: intensity=0.18 duration=0.200s
[  6069   47.195 x1.00] LOG  [OniBoss:Strike] ClubSwing2: club tip closest to Yoru at 1.32m, clip position 0.30 | damage fires at 0.32 | clip 1.17s => MATCHED (within one or two frames)
[  6070   47.203 x1.00] LOG  [OniBoss:Trail] trail END at clip 0.90, fading over 0.40s.
[  6087   47.347 x1.00] LOG  OniBoss punish window! 10 → 15 (x1.5)
[  6087   47.347 x1.00] LOG  OniBoss took 15 damage. HP: 250/500
[  6087   47.347 x1.00] LOG  [CameraGameFeel] Shake: intensity=0.18 duration=0.200s
[  6088   47.362 x1.00] LOG  [OniBoss] ⚡ PHASE 2 ACTIVATED
[  6088   47.362 x1.00] LOG  [OniBoss] STAGGERED (parry) for 3s
[  6088   47.362 x0.45] LOG  [Combat] Combat reset
[  6088   47.362 x0.45] LOG  [OniBoss:Cine] CINEMATIC ON — hard cut, bars in, world at x0.45, roar at x0.80 + 0.9s linger, rise at x0.45, beat frames 27-37/94 at x0.20, hang 2.0s, orbit roar 120° / rise 40° / drop 30°, lens 65° locked, fill 0.70, screen-y 0.40/0.33, apex at clip 0.40.
[  6088   47.362 x0.45] LOG  [OniBoss:Layer] PHASE 2: transition 'Phase_Transition' driven at x0.60 + 0.6s hold — untouchable, roar at 0.60
[  6088   47.362 x0.45] LOG  [AirPosePin] released, peak correction was -0.214m
[  6089   47.374 x0.45] LOG  [OniBoss:Layer] PHASE 2: clip is 2.42s — cinematic: scream ~1.81s in + 0.9s linger
[  6230   48.541 x0.45] LOG  💨 Landing VFX spawned!
[  6230   48.541 x0.45] LOG  ✅ LANDED! (was jump #1)
[  6294   49.192 x0.45] LOG  [CameraGameFeel] Shake: intensity=0.60 duration=0.500s
[  6294   49.192 x0.45] LOG  [OniBoss:Layer] PHASE 2: roar at 1.46 clip-s
[  6405   50.102 x0.45] LOG  [OniBoss:Layer] PHASE 2: transition over after 2.74s real — he is back, and angrier
[  6405   50.102 x0.45] LOG  [OniBoss:Layer] PHASE 2: chaining into the GROUND POUND — no pause. The cinematic rides along until the top of the jump.
[  6405   50.102 x0.45] LOG  [OniBoss] STAGGERED (parry) for 3s
[  6405   50.102 x0.45] LOG  [OniBoss:Layer] GROUND POUND (phase-2 entrance): driving 'Ground_Pound' at x1.00, slam at 0.60, cinematic until the apex at 0.40
[  6406   50.122 x0.45] LOG  [OniBoss:Layer] GROUND POUND: clip is 3.13s
[  6636   52.122 x0.45] LOG  [StormWeather] storm break released
[  6636   52.122 x0.45] LOG  [StormWeather] ⚡ strike at (460.01, 45.00, 416.58) x1.5
[  6636   52.122 x0.45] LOG  [StormWeather] ⚡ strike at (461.98, 45.00, 415.74) x1.2
[  6636   52.122 x0.45] LOG  [OniBoss:Cine] LIGHTNING BEAT — the SKY SHOW begins: 9 bolts converging from 14m (sky height), club strike at call AND climax, sky-fill 'LightningOrbSoftYellow' (club slot), 3 streamers, storm released.
[  6637   52.155 x0.20] LOG  [StormWeather] ⚡ strike at (479.24, 45.00, 452.71)
[  6637   52.155 x0.20] LOG  [StormWeather] COZY → 'Thunder Storm' (the sky answers — storm chaos)
[  6637   52.155 x0.20] LOG  [StormWeather] PHASE 2 - storm breaking.
[  6638   52.161 x0.20] EXC  NullReferenceException: Object reference not set to an instance of an object
        at DistantLands.Cozy.Data.ParticleFX.InitializeEffect (DistantLands.Cozy.CozyWeather weather) (at ./Packages/com.distantlands.cozy.core/Runtime/Data/FX/ParticleFX.cs:53)
        at DistantLands.Cozy.Data.ParticleFX.PlayEffect (System.Single intensity) (at ./Packages/com.distantlands.cozy.core/Runtime/Data/FX/ParticleFX.cs:28)
        at DistantLands.Cozy.Data.MultiFXProfile.PlayEffect (System.Single weight) (at ./Packages/com.distantlands.cozy.core/Runtime/Data/FX/MultiFXProfile.cs:43)
        at DistantLands.Cozy.CozyEcosystem.UpdateEcosystem () (at ./Packages/com.distantlands.cozy.core/Runtime/Core/CozyEcosystem.cs:201)
[  6693   52.647 x0.20] LOG  [StormWeather] ⚡ strike at (469.96, 45.00, 416.18) x1.5
[  6693   52.647 x0.20] LOG  [StormWeather] ⚡ strike at (472.40, 45.00, 417.00) x1.2
[  6693   52.647 x0.20] LOG  [CameraGameFeel] Shake: intensity=0.15 duration=0.150s
[  6721   52.923 x0.20] LOG  [StormWeather] ⚡ strike at (461.78, 45.00, 417.26) x1.5
[  6721   52.923 x0.20] LOG  [StormWeather] ⚡ strike at (465.15, 45.00, 416.23) x1.2
[  6721   52.923 x0.20] LOG  [CameraGameFeel] Shake: intensity=0.17 duration=0.150s
[  6749   53.166 x0.20] LOG  [StormWeather] ⚡ strike at (463.63, 45.00, 418.11) x1.5
[  6749   53.166 x0.20] LOG  [StormWeather] ⚡ strike at (466.71, 45.00, 417.60) x1.2
[  6749   53.166 x0.20] LOG  [CameraGameFeel] Shake: intensity=0.19 duration=0.150s
[  6772   53.387 x0.20] LOG  [StormWeather] ⚡ strike at (456.53, 45.00, 424.52) x1.5
[  6772   53.387 x0.20] LOG  [StormWeather] ⚡ strike at (457.96, 45.00, 421.92) x1.2
[  6772   53.387 x0.20] WARN The referenced script on this Behaviour (Game Object '<null>') is missing!
[  6772   53.387 x0.20] WARN The referenced script on this Behaviour (Game Object 'Lightning Light') is missing!
[  6772   53.387 x0.20] WARN The referenced script on this Behaviour (Game Object 'Lightning Light') is missing!
[  6772   53.387 x0.20] LOG  [StormWeather] COZY thunder → Strike()
[  6772   53.387 x0.20] LOG  [CameraGameFeel] Shake: intensity=0.21 duration=0.150s
[  6794   53.592 x0.20] LOG  [StormWeather] ⚡ strike at (467.73, 45.00, 420.73) x1.5
[  6794   53.592 x0.20] LOG  [StormWeather] ⚡ strike at (470.24, 45.00, 421.37) x1.2
[  6794   53.592 x0.20] LOG  [CameraGameFeel] Shake: intensity=0.23 duration=0.150s
[  6813   53.773 x0.20] LOG  [StormWeather] ⚡ strike at (460.25, 45.00, 423.77) x1.5
[  6813   53.773 x0.20] LOG  [StormWeather] ⚡ strike at (461.78, 45.00, 422.35) x1.2
[  6813   53.773 x0.20] LOG  [CameraGameFeel] Shake: intensity=0.24 duration=0.150s
[  6829   53.929 x0.45] LOG  [StormWeather] ⚡ strike at (459.18, 45.00, 428.02) x1.5
[  6829   53.929 x0.45] LOG  [StormWeather] ⚡ strike at (459.76, 45.00, 425.43) x1.2
[  6829   53.929 x0.45] WARN The referenced script on this Behaviour (Game Object '<null>') is missing!
[  6829   53.929 x0.45] WARN The referenced script on this Behaviour (Game Object 'Lightning Light') is missing!
[  6829   53.929 x0.45] WARN The referenced script on this Behaviour (Game Object 'Lightning Light') is missing!
[  6829   53.929 x0.45] LOG  [StormWeather] COZY thunder → Strike()
[  6829   53.929 x0.45] LOG  [CameraGameFeel] Shake: intensity=0.26 duration=0.150s
[  6843   54.070 x0.45] LOG  [StormWeather] ⚡ strike at (464.58, 45.00, 424.29) x1.5
[  6843   54.070 x0.45] LOG  [StormWeather] ⚡ strike at (466.76, 45.00, 423.89) x1.2
[  6843   54.070 x0.45] LOG  [CameraGameFeel] Shake: intensity=0.28 duration=0.150s
[  6853   54.193 x0.45] LOG  [StormWeather] ⚡ strike at (461.56, 45.00, 428.86) x1.5
[  6853   54.193 x0.45] LOG  [StormWeather] ⚡ strike at (462.05, 45.00, 425.57) x1.2
[  6853   54.193 x0.45] LOG  [CameraGameFeel] Shake: intensity=0.30 duration=0.150s
[  6860   54.289 x0.45] LOG  [StormWeather] ⚡ strike at (467.08, 45.00, 432.02)
[  6860   54.289 x0.45] LOG  [CameraGameFeel] Shake: intensity=0.90 duration=0.500s
[  6860   54.289 x0.45] LOG  [OniBoss:Cine] SKY SHOW CLIMAX — the club takes the storm.
[  6997   55.824 x1.00] LOG  [OniBoss:Cine] the DROP at clip 0.40 (hung 2.0s) — full speed, the camera rides him DOWN.
[  7031   56.124 x1.00] LOG  [OniBoss:Layer] sky show lights restored (show complete)
[  7069   56.443 x1.00] LOG  [CameraGameFeel] FOV punch: hit light (+1.5°)
[  7069   56.443 x1.00] LOG  [StormWeather] storm break released
[  7069   56.443 x1.00] LOG  [OniBoss:Cine] CINEMATIC OFF (he LANDS at clip 0.60) — control returned, bars out, camera hands over in 0.30s. Lens locked at 65°; the camera stepped back to 28.2m at the farthest.
[  7069   56.443 x1.00] LOG  [CameraGameFeel] Shake: intensity=1.10 duration=0.800s
[  7069   56.443 x1.00] LOG  [OniBoss:Pound] SLAM at clip 0.60 (1.88 clip-s) — ring 12m/s out to 12m, 45 damage, jumpable.
[  7090   56.593 x1.00] LOG  [Combat] Hit react: HitReact_Heavy_2Leg (0.9s)
[  7090   56.593 x1.00] LOG  [HitReactTrace] asked for 'HitReact_Heavy_2Leg' (0.90s) — blend resolved after 0 ms, now playing a clip 1.00s long at speed 1.00, layer weight 1.00, animator.speed 1.00.
[  7090   56.593 x1.00] LOG  [CameraGameFeel] Shake: intensity=0.60 duration=0.200s
[  7090   56.593 x1.00] LOG  [CameraGameFeel] FOV punch: player damage (-3.0°)
[  7090   56.593 x1.00] LOG  [OniBoss:Pound] shockwave CAUGHT Yoru (grounded) at 2.6m for 45.
[  7158   57.085 x1.00] LOG  [StormWeather] storm post weight -> 1.00
[  7231   57.693 x1.00] LOG  [OniBoss] Stagger → Chase
[  7231   57.693 x1.00] LOG  [OniBoss:Cine] first-attack GRACE — at least 2.0s before he may swing.
[  7231   57.693 x1.00] LOG  [OniBoss:Layer] GROUND POUND: done — the engine is his again.
[  7232   57.698 x1.00] LOG  [OniBoss] Playing animation: Watch
[  7232   57.698 x1.00] LOG  [OniBoss] Playing animation: Walk
[  7422   59.295 x1.00] LOG  [OniBoss] Playing animation: Watch
[  7469   59.693 x1.00] LOG  [OniBoss] Combo started: ClubSwing1 → ClubSwing2 → ClubSlam (3 steps remaining)
[  7469   59.693 x1.00] LOG  [OniBoss] Chase → Attack
[  7469   59.693 x1.00] LOG  [OniBoss] Attack: Club_Swing (16 dmg)
[  7469   59.693 x1.00] LOG  [OniBoss:Trail] Club_Swing trail START at clip 0.26 (transition done).
[  7511   60.025 x1.00] LOG  [CameraGameFeel] Shake: intensity=0.20 duration=0.250s
[  7511   60.025 x1.00] LOG  [Combat] Hit react: HitReact_Light_2Leg (0.5s)
[  7511   60.025 x1.00] LOG  [HitReactTrace] asked for 'HitReact_Light_2Leg' (0.50s) — blend resolved after 0 ms, now playing a clip 1.00s long at speed 1.00, layer weight 1.00, animator.speed 1.00.
[  7511   60.025 x1.00] LOG  [CameraGameFeel] Shake: intensity=0.30 duration=0.200s
[  7511   60.025 x1.00] LOG  [CameraGameFeel] FOV punch: player damage (-2.0°)
[  7511   60.025 x1.00] LOG  [OniBoss] Hit player for 16 (Club_Swing)
[  7511   60.025 x1.00] LOG  [OniBoss:Touch] Club_Swing: club TOUCHED Yoru at clip 0.40 — shaft 0.58m from her body line, tip speed 158m/s. Full club hit delivered this frame.
[  7516   60.053 x1.00] LOG  [OniBoss:ClubPos] Club_Swing at strike: club tip 3.02m up, 2.56m in front, -2.93m to his right (3.89m out from his centre). Club faces -81deg from his forward, pitch 0.40. (the ground wave is born 1.6m in front of him at 0.35m.)
[  7516   60.053 x1.00] LOG  [OniBoss:Layer] Club_Swing: club already hit — ground wave released as VISUAL only (0 damage).
[  7572   60.531 x1.00] LOG  [OniBoss] Attack → Recovery
[  7572   60.531 x1.00] LOG  [OniBoss] Playing animation: Watch
[  7572   60.531 x1.00] LOG  [OniBoss:Trail] trail END at clip 0.99, fading over 0.40s.
[  7572   60.531 x1.00] LOG  [OniBoss:Strike] Club_Swing: club tip closest to Yoru at 1.02m, clip position 0.90 | damage fires at 0.42 | clip 0.84s => damage fires 400 ms BEFORE the club is closest
[  7591   60.685 x1.00] LOG  [OniBoss] Recovery → Attack
[  7591   60.685 x1.00] LOG  [OniBoss] Attack: ClubSwing2 (16 dmg)
[  7591   60.685 x1.00] LOG  [OniBoss:Trail] ClubSwing2 trail START at clip 1.00 (transition still blending).
[  7631   61.011 x1.00] LOG  [CameraGameFeel] Shake: intensity=0.20 duration=0.250s
[  7631   61.011 x1.00] LOG  [Combat] Hit react: HitReact_Light_2Leg (0.5s)
[  7631   61.011 x1.00] LOG  [HitReactTrace] asked for 'HitReact_Light_2Leg' (0.50s) — blend resolved after 0 ms, now playing a clip 1.00s long at speed 1.00, layer weight 1.00, animator.speed 1.00.
[  7631   61.011 x1.00] LOG  [CameraGameFeel] Shake: intensity=0.30 duration=0.200s
[  7631   61.011 x1.00] LOG  [CameraGameFeel] FOV punch: player damage (-2.0°)
[  7631   61.011 x1.00] LOG  [OniBoss] Hit player for 20 (ClubSwing2) [combo x1.25]
[  7631   61.011 x1.00] LOG  [OniBoss:Touch] ClubSwing2: club TOUCHED Yoru at clip 0.28 — shaft 0.42m from her body line, tip speed 90m/s, ONE FRAME EARLY (predicted). Full club hit delivered this frame.
[  7637   61.073 x1.00] LOG  [OniBoss:ClubPos] ClubSwing2 at strike: club tip 0.29m up, 1.43m in front, 2.86m to his right (3.19m out from his centre). Club faces 26deg from his forward, pitch -0.89. (the ground wave is born 1.6m in front of him at 0.35m.)
[  7637   61.073 x1.00] LOG  [OniBoss:Layer] ClubSwing2: club already hit — ground wave released as VISUAL only (0 damage).
[  7734   61.855 x1.00] LOG  [OniBoss] Attack → Recovery
[  7734   61.855 x1.00] LOG  [OniBoss] Playing animation: Watch
[  7734   61.855 x1.00] LOG  [OniBoss:Trail] trail END at clip 0.99, fading over 0.40s.
[  7734   61.855 x1.00] LOG  [OniBoss:Strike] ClubSwing2: club tip closest to Yoru at 1.04m, clip position 0.29 | damage fires at 0.32 | clip 1.17s => damage fires 31 ms AFTER the club is closest — it lands once the club has passed her
[  7754   62.010 x1.00] LOG  [OniBoss] Recovery → Attack
[  7754   62.010 x1.00] LOG  [OniBoss] Attack: ClubSlam (20 dmg)
[  7754   62.010 x1.00] LOG  [OniBoss:Trail] ClubSlam trail START at clip 1.00 (transition still blending).
[  7799   62.410 x1.00] LOG  [CameraGameFeel] Shake: intensity=0.50 duration=0.400s
[  7799   62.410 x1.00] LOG  [Combat] Hit react: HitReact_Heavy_2Leg (0.9s)
[  7799   62.410 x1.00] LOG  [HitReactTrace] asked for 'HitReact_Heavy_2Leg' (0.90s) — blend resolved after 0 ms, now playing a clip 1.00s long at speed 1.00, layer weight 1.00, animator.speed 1.00.
[  7799   62.410 x1.00] LOG  [CameraGameFeel] Shake: intensity=0.60 duration=0.200s
[  7799   62.410 x1.00] LOG  [CameraGameFeel] FOV punch: player damage (-3.0°)
[  7799   62.410 x1.00] LOG  [OniBoss] Hit player for 30 (ClubSlam) [combo x1.50]
[  7799   62.410 x1.00] LOG  [OniBoss:Touch] ClubSlam: club TOUCHED Yoru at clip 0.43 — shaft 0.67m from her body line, tip speed 120m/s, ONE FRAME EARLY (predicted). Full club hit delivered this frame.
[  7842   62.808 x1.00] LOG  [OniBoss:ClubPos] ClubSlam at strike: club tip 0.63m up, 2.88m in front, -0.33m to his right (2.90m out from his centre). Club faces 2deg from his forward, pitch -0.23. (the ground wave is born 1.6m in front of him at 0.35m.)
[  7842   62.808 x1.00] LOG  [OniBoss:Layer] ClubSlam: club already hit — ground wave released as VISUAL only (0 damage), finisher size x2.0.
[  7859   62.937 x1.00] LOG  [OniBoss] Attack → Recovery
[  7859   62.937 x1.00] LOG  [OniBoss] Playing animation: Watch
[  7859   62.937 x1.00] LOG  [OniBoss:Trail] trail END at clip 0.99, fading over 0.40s.
[  7859   62.937 x1.00] LOG  [OniBoss:Strike] ClubSlam: club tip closest to Yoru at 0.40m, clip position 0.86 | damage fires at 0.85 | clip 0.93s => MATCHED (within one or two frames)
[  7881   63.095 x1.00] LOG  [OniBoss] Recovery → Chase
[  7882   63.101 x1.00] LOG  [OniBoss] hold-ground: BACKSTEP 1.5m (player 2.5m)
[  8000   64.042 x1.00] LOG  [OniBoss] hold-ground: backstep done (1.51m), WATCH (player 4.0m, cooldown 0.3s)
[  8000   64.042 x1.00] LOG  [OniBoss] Playing animation: Idle
[  8031   64.296 x1.00] LOG  [OniBoss] hold-ground: cooldown over, player 4.0m > 3.5m — APPROACH
[  8031   64.296 x1.00] LOG  [OniBoss] Playing animation: Walk
[  8094   64.857 x1.00] LOG  [OniBoss] Combo started: ClubSwing1 → ClubSwing2 → ClubSlam (3 steps remaining)
[  8094   64.857 x1.00] LOG  [OniBoss] Chase → Attack
[  8094   64.857 x1.00] LOG  [OniBoss] Attack: Club_Swing (16 dmg)
[  8094   64.857 x1.00] LOG  [OniBoss:Trail] Club_Swing trail START at clip 0.30 (transition done).
[  8095   64.865 x1.00] LOG  [OniBoss:Layer] step-in: 'Club_Swing' closed 0.07m, Yoru now 3.0m away (range 3.5)
[  8130   65.182 x1.00] LOG  [CameraGameFeel] Shake: intensity=0.20 duration=0.250s
[  8130   65.182 x1.00] LOG  [Combat] Hit react: HitReact_Light_2Leg (0.5s)
[  8130   65.182 x1.00] LOG  [HitReactTrace] asked for 'HitReact_Light_2Leg' (0.50s) — blend resolved after 0 ms, now playing a clip 1.00s long at speed 1.00, layer weight 1.00, animator.speed 1.00.
[  8130   65.182 x1.00] LOG  [CameraGameFeel] Shake: intensity=0.30 duration=0.200s
[  8130   65.182 x1.00] LOG  [CameraGameFeel] FOV punch: player damage (-2.0°)
[  8130   65.182 x1.00] LOG  [OniBoss] Hit player for 16 (Club_Swing)
[  8130   65.182 x1.00] LOG  [OniBoss:Touch] Club_Swing: club TOUCHED Yoru at clip 0.39 — shaft 0.70m from her body line, tip speed 164m/s, ONE FRAME EARLY (predicted). Full club hit delivered this frame.
[  8135   65.217 x1.00] LOG  [OniBoss:ClubPos] Club_Swing at strike: club tip 3.02m up, 2.61m in front, -2.90m to his right (3.90m out from his centre). Club faces -80deg from his forward, pitch 0.40. (the ground wave is born 1.6m in front of him at 0.35m.)
[  8135   65.217 x1.00] LOG  [OniBoss:Layer] Club_Swing: club already hit — ground wave released as VISUAL only (0 damage).
[  8192   65.697 x1.00] LOG  [OniBoss] Attack → Recovery
[  8192   65.697 x1.00] LOG  [OniBoss] Playing animation: Watch
[  8192   65.697 x1.00] LOG  [OniBoss:Trail] trail END at clip 0.99, fading over 0.40s.
[  8192   65.697 x1.00] LOG  [OniBoss:Strike] Club_Swing: club tip closest to Yoru at 1.50m, clip position 0.91 | damage fires at 0.42 | clip 0.84s => damage fires 409 ms BEFORE the club is closest
[  8211   65.850 x1.00] LOG  [OniBoss] Recovery → Attack
[  8211   65.850 x1.00] LOG  [OniBoss] Attack: ClubSwing2 (16 dmg)
[  8211   65.850 x1.00] LOG  [OniBoss:Trail] ClubSwing2 trail START at clip 1.00 (transition still blending).
[  8254   66.187 x1.00] LOG  [CameraGameFeel] Shake: intensity=0.20 duration=0.250s
[  8254   66.187 x1.00] LOG  [Combat] Hit react: HitReact_Light_2Leg (0.5s)
[  8254   66.187 x1.00] LOG  [HitReactTrace] asked for 'HitReact_Light_2Leg' (0.50s) — blend resolved after 0 ms, now playing a clip 1.00s long at speed 1.00, layer weight 1.00, animator.speed 1.00.
[  8254   66.187 x1.00] LOG  [CameraGameFeel] Shake: intensity=0.30 duration=0.200s
[  8254   66.187 x1.00] LOG  [CameraGameFeel] FOV punch: player damage (-2.0°)
[  8254   66.187 x1.00] LOG  [OniBoss] Hit player for 20 (ClubSwing2) [combo x1.25]
[  8254   66.187 x1.00] LOG  [OniBoss:Touch] ClubSwing2: club TOUCHED Yoru at clip 0.29 — shaft 0.37m from her body line, tip speed 92m/s, ONE FRAME EARLY (predicted). Full club hit delivered this frame.
[  8259   66.233 x1.00] LOG  [OniBoss:ClubPos] ClubSwing2 at strike: club tip 0.10m up, 1.80m in front, 2.44m to his right (3.03m out from his centre). Club faces 6deg from his forward, pitch -0.88. (the ground wave is born 1.6m in front of him at 0.35m.)
[  8259   66.233 x1.00] LOG  [OniBoss:Layer] ClubSwing2: club already hit — ground wave released as VISUAL only (0 damage).
[  8265   66.285 x1.00] LOG  [StormWeather] terrain layers restored to dry values.
# end — 502 lines
