# Oni combat log — 2026-09-03 22:51:55
# Unity 6000.2.7f2 | scene 'CaveScene_Oni_Boss1' | platform OSXEditor
# columns: [frame realSeconds timeScale] KIND message      (KIND: LOG WARN ERR EXC TEL)
#
[     0    0.000 x1.00] LOG  [OniLog] console + telemetry → /Users/asenahazal/Documents/Yoru/OniLogs/oni_2026-09-03_22-51-55.log
[     1    0.000 x1.00] LOG  [TailAirShot4Leg] Ready. drawState=shoot_4Leg castParam=Shoot4LegSpeed (found) readyFrame=5 fireFrame=10 frames=24 slowBudget=3s real damageMultiplier=2.00
  arrow leaves: PlayerYoru_1.1/Cat_All_10_Tails_v4/Group/DeformationSystem/root/Root_M/Tail15_R/Tail151_R/Tail152_R/Tail153_R/Tail154_R/Tail155_R/Tail156_R/Tail157_R/Tail158_R/Tail159_R/Tail1510_R/Tail1511_R/Tail1512_R/Tail6_R/Tail6_R_end/Tail6_R_end_end/Tail6_R_end_end_end/RightTailTip_Anchor
  aim VFX left:  PlayerYoru_1.1/Cat_All_10_Tails_v4/Group/DeformationSystem/root/Root_M/Tail15_L/Tail151_L/Tail152_L/Tail153_L/Tail154_L/Tail155_L/Tail156_L/Tail157_L/Tail158_L/Tail159_L/Tail1510_L/Tail1511_L/Tail1512_L/Tail6_L/Tail6_L_end/Tail6_L_end_end/Tail6_L_end_end_end/LeftTailTip_Anchor/Glow_4Leg_L
  aim VFX right: PlayerYoru_1.1/Cat_All_10_Tails_v4/Group/DeformationSystem/root/Root_M/Tail15_R/Tail151_R/Tail152_R/Tail153_R/Tail154_R/Tail155_R/Tail156_R/Tail157_R/Tail158_R/Tail159_R/Tail1510_R/Tail1511_R/Tail1512_R/Tail6_R/Tail6_R_end/Tail6_R_end_end/Tail6_R_end_end_end/RightTailTip_Anchor/Glow_4Leg_R
[     1    0.000 x1.00] LOG  [TailAirShot] Ready. drawState=RightTail_Fast castParam=TailCastSpeed (found)
  arrow leaves: PlayerYoru_1.1/Cat_All_10_Tails_v4/Group/DeformationSystem/root/Root_M/Tail15_R/Tail151_R/Tail152_R/Tail153_R/Tail154_R/Tail155_R/Tail156_R/Tail157_R/Tail158_R/Tail159_R/Tail1510_R/Tail1511_R/Tail1512_R/Tail6_R/Tail6_R_end/Tail6_R_end_end/Tail6_R_end_end_end/RightTailTip_Anchor
  aim VFX: PlayerYoru_1.1/Cat_All_10_Tails_v4/Group/DeformationSystem/root/Root_M/Tail15_R/Tail151_R/Tail152_R/Tail153_R/Tail154_R/Tail155_R/Tail156_R/Tail157_R/Tail158_R/Tail159_R/Tail1510_R/Tail1511_R/Tail1512_R/Tail6_R/Tail6_R_end/Tail6_R_end_end/Tail6_R_end_end_end/RightTailTip_Anchor/vfx_Muzzle_Fireball01Blue
[     1    0.000 x1.00] LOG  [PlayerCombat] Phase 2 form gate CONNECTED (FormController found on this GameObject).
[     1    0.000 x1.00] LOG  [Combat] PlayerCombat initialized — Phase 3C v27
[     1    0.000 x1.00] LOG  [RingMesh] VFX Status:
[     1    0.000 x1.00] LOG    Left: Prefab=✓, Spawn=Tail6_L_end_end_end
[     1    0.000 x1.00] LOG    Right: Prefab=✓, Spawn=Tail6_R_end_end_end
[     1    0.000 x1.00] LOG  === VFX MANAGER INITIALIZED ===
[     1    0.000 x1.00] LOG  Auto-detect animations: False
[     1    0.000 x1.00] LOG  Parent effects to tail: True
[     1    0.000 x1.00] LOG  Prefabs: Jump=True, Land=True, LTail=True, RTail=True
[     1    0.000 x1.00] LOG  ✅ Left Tail Tip: LeftTailVFX
[     1    0.000 x1.00] LOG  ✅ Right Tail Tip: RightTailTip_Anchor
[     1    0.000 x1.00] LOG  [StormWeather] layer 'TerrainLayer_Dirt_01' dry smoothness=0.00 (restore to this if a crash ever leaves it wet)
[     1    0.000 x1.00] LOG  [StormWeather] COZY bridge: Rain_Cave retired — COZY owns the rain now.
[     1    0.000 x1.00] LOG  [StormWeather] COZY → 'Clear' (pre-fight - open sky, 0 s)
[     1    0.000 x1.00] LOG  [StormWeather] Ready. Open sky, dry floor. Waiting for the fight.
[     1    0.000 x1.00] LOG  [FreezeDebug v3] Armed. Manual=L. Auto=True. Buffer=60 snaps @ 0.1s = 6.0s history.
[     1    0.000 x1.00] LOG  [BossBar] BossHealthBarUI initialized
[     1    0.000 x1.00] LOG  OniBoss initialized with 500 HP
[     1    0.000 x1.00] LOG  [OniBoss] ANIMATOR SETUP: cullingMode=CullUpdateTransforms updateMode=Normal applyRootMotion=False speed=1
[     1    0.000 x1.00] LOG  [OniBoss] Initialized
[     1    0.000 x1.00] LOG  [OniBoss:Layer] facing: minFlat 1m, snapOnAttack off, trackInHitReact off
[     1    0.000 x1.00] LOG  [OniBoss:Layer] Yoru launch model ON: launches ALL THE WAY to an enemy within 4.7m of its surface at 10m/s (stop gap 0.00m, NO minimum distance), else steps 0.90m forward. Targeting cone left exactly as her prefab has it.
[     1    0.000 x1.00] LOG  [OniBoss:Layer] Yoru launch ROUND 9: airborne attacks launch too (ON), edge probe now runs on its OWN layer mask (Everything) instead of the line-of-sight mask - the Ground-only mask found no floor in this cave and was cancelling 100% of launches at 0.00m travelled.
[     1    0.000 x1.00] LOG  [OniBoss:Layer] animator speed x1.35 — his 1.13s swing now plays in 0.84s.
[     1    0.000 x1.00] LOG  [OniBoss:Layer] chase speed pushed: phase1 4.5, phase2 5.5 (Yoru runs at 7).
[     1    0.000 x1.00] LOG  [OniBoss:Layer] ground wave ON (round 38): half the club's damage on TOUCH, 12m/s x 6.0m from 1.6m in front at 0.35m height — a club hit cancels that swing's wave, jumping clears it. Per-attack effects come from the Swing Wave VFX By Attack rows. PlayerHealth found, PlayerMovement found.
[     1    0.000 x1.00] LOG  [StormWeather] storm break HELD (waiting for the lightning beat)
[     1    0.000 x1.00] LOG  [OniBoss:Layer] storm break HELD — it releases at the lightning-on-the-club beat.
[     1    0.000 x1.00] LOG  [OniBoss:Layer] club tracking ON — tip 'Kanabo3' (depth 4), shaft root 'kanabo'.
[     1    0.000 x1.00] LOG  [OniBoss:Layer] skinned meshes: 46 renderer(s), updateWhenOffscreen ON, body renderer 'Body' rootBone 'Hips'
[     1    0.000 x1.00] LOG  [OniBoss:Layer] charge travel bone: 'Hips' at depth 1 under 'OniBoss', rest local (0.00, 3.24, -0.24)
[     1    0.000 x1.00] LOG  [OniBoss:Layer] anti-kite ON: thrown swing after 4s of failed chase (within 7.6m), charge after 6s.
[     1    0.000 x1.00] LOG  [OniBoss:Layer] charge drive ON (windup to 0.40 at x1.3, rush 14m/s stops at 2.6m, steers 0.35s then commits, strike section from 0.58, strike moment 0.76, trail VFX off)
[     1    0.000 x1.00] LOG  [OniBoss:Layer] attack armor ON (his swings are not interrupted by light/medium hits; heavy hits and rapid-hit bursts still stop him)
[     1    0.000 x1.00] LOG  [OniBoss:Layer] strike moments overridden: Club_Swing=0.42 ClubSwing2=0.32 ClubSlam=0.85 KanaboSweep=0.48
[     1    0.000 x1.00] LOG  [OniBoss:Layer] club TOUCH hits ON (radius 0.70m, min tip speed 50m/s, armed from 0.20 of the clip): Club_Swing ClubSwing2 ClubSlam KanaboSweep. First touch wins — club full damage, wave half, one hit per swing.
[     1    0.000 x1.00] LOG  [OniBoss:Layer] combo damage ramp ON: mid x1.25, finisher x1.50 — finisher wave carries FULL damage at x2.0 size, x2.0 travel.
[     1    0.000 x1.00] LOG  [OniBoss:Layer] charge follow-up ON: 90 % of solo charges chain into a random melee finisher.
[     1    0.000 x1.00] LOG  [OniBoss:Layer] hold-ground ON (backstep 1.5m @ 1.6m/s after own attacks, watch 'Watch', attack facing LOCKED)
[     1    0.000 x1.00] LOG  [OniBoss:Layer] OniBoss layer ready (reactions, wake-on-hit, watch stance, boss bar). player=found
[     1    0.000 x1.00] LOG  [OniBoss:Layer] charge clip 'Oni Charge.fbx' imports with Root Motion Node = None (in place) — good.
[     1    0.000 x1.00] LOG  [OniBoss:Layer] clips importing with Root Transform Position (Y) NOT baked into pose (12): Oni_Alert(Oni Alert), Club_Slam(Oni Club Slam), Club_Swing(Oni Club Swing), Club_swing2(Oni Club Swing 2), Death(Oni Death Kneel), Hit_react_light(Oni Hit react lighter light), KanaboSweep(Oni Kanabo sweep), Phase_Transition(Oni Phase transition), run(Oni Run), Walk(Oni Walk), Watch(Oni Watch), Idle(Oni Idle) — their hips' up/down motion is stripped (see round notes; optional).
[     1    0.000 x1.00] LOG  [VolumetricFogController] Found VolumetricFog component on mainCamera (1)
[     1    0.000 x1.00] LOG  [VolumetricFogController] Reflection init: density=True, height=True, baselineHeight=True, alpha=True, noiseStrength=True, lightScatteringExposure=True
[     1    0.000 x1.00] LOG  [VolumetricFogController] Initialized with Neutral preset (height=60, baselineHeight=0)
[     1    0.000 x1.00] WARN [VolumetricFogController] WorldStateManager not found!
[     1    0.000 x1.00] LOG  [CameraGameFeel] CameraGameFeel initialized (shake + FOV)
[     1    2.901 x1.00] LOG  [OniBoss] Playing animation: Idle
[     1    2.901 x1.00] LOG  [OniBoss:Layer] watch stance ON (player 13.4m)
[    86    3.794 x1.00] LOG  💨 Landing VFX spawned!
[    86    3.794 x1.00] LOG  ✅ LANDED! (was jump #0)
[   368    5.572 x1.00] LOG  
==================== [FREEZE-DEBUG v3] ====================
  Reason : WASD-NOMOVE: WASD recent + speed 0.00m/s for 0.40s
  Time   : 2.201s   Frame: 368   Snaps: 22
===========================================================

--- CURRENT STATE ---
  Flags: atk=False hvy=False dod=False dsh=False
         grd=False hit=False aerial=False lockPos=False
         comboStep=0
  Anim : speed=1.00  combatLayer hash=-792875657 normT=2.195 weight=1.00 inTransition=False
  CC   : grounded=True  enabled=True  pos=(473.88, -0.02, 426.86)  vel=(0.00, 0.00, 0.00)
  Move : IsRunning=False
  Input: H=0.00 V=1.00  LMB=False MMB=False Q=False Sp=False Sh=False C=False
         WASD pressed in last 0.5s: True (last 0.00s ago)

--- FLIGHT RECORDER (22 snapshots, oldest first, dt=0.10s) ---
  Legend: flags = A(tk) H(vy) D(od) S(sh) G(rd) R(eact) Y(aerial) L(ock)   gnd/cc: Y/n
  t-now    flags     step gnd cc anSp normT layW tr | posX     posZ     spd   | H    V    LMB MMB Q  Sp Sh C
  ------   --------  ---- --- -- ---- ----- ---- -- | -----    -----    ----  | ---- ---- --- --- -- -- -- -
  - 2.20s  --------    0  n   Y  1.00  0.00 1.00 -  |   474.5    427.2  0.00 |  0.0  0.0 0   0   0  0  0  0
  - 2.10s  --------    0  n   Y  1.00  0.10 1.00 -  |   474.5    427.2  0.00 |  0.0  0.0 0   0   0  0  0  0
  - 2.00s  --------    0  n   Y  1.00  0.20 1.00 -  |   474.5    427.2  0.00 |  0.0  0.0 0   0   0  0  0  0
  - 1.90s  --------    0  n   Y  1.00  0.30 1.00 -  |   474.5    427.2  0.00 |  0.0  0.0 0   0   0  0  0  0
  - 1.79s  --------    0  n   Y  1.00  0.40 1.00 -  |   474.5    427.2  0.00 |  0.0  0.0 0   0   0  0  0  0
  - 1.69s  --------    0  Y   Y  1.00  0.51 1.00 -  |   474.5    427.2  0.00 |  0.0  0.0 0   0   0  0  0  0
  - 1.59s  --------    0  Y   Y  1.00  0.61 1.00 -  |   474.5    427.2  0.00 |  0.0  0.0 0   0   0  0  0  0
  - 1.49s  --------    0  Y   Y  1.00  0.70 1.00 -  |   474.5    427.2  0.00 |  0.0  0.0 0   0   0  0  0  0
  - 1.39s  --------    0  Y   Y  1.00  0.81 1.00 -  |   474.5    427.2  0.00 |  0.0  0.0 0   0   0  0  0  0
  - 1.29s  --------    0  Y   Y  1.00  0.91 1.00 -  |   474.5    427.2  0.00 |  0.0  0.0 0   0   0  0  0  0
  - 1.18s  --------    0  Y   Y  1.00  1.01 1.00 -  |   474.5    427.2  0.00 |  0.0  0.0 0   0   0  0  0  0
  - 1.08s  --------    0  Y   Y  1.00  1.11 1.00 -  |   474.5    427.2  0.00 |  0.0  0.0 0   0   0  0  0  0
  - 0.97s  --------    0  Y   Y  1.00  1.21 1.00 -  |   474.5    427.2  0.00 |  0.0  0.0 0   0   0  0  0  0
  - 0.86s  --------    0  Y   Y  1.00  1.33 1.00 -  |   474.5    427.2  0.00 |  0.0  0.0 0   0   0  0  0  0
  - 0.75s  --------    0  Y   Y  1.00  1.44 1.00 -  |   474.5    427.2  0.00 |  0.0  0.0 0   0   0  0  0  0
  - 0.65s  --------    0  Y   Y  1.00  1.54 1.00 -  |   474.5    427.2  0.00 |  0.0  0.0 0   0   0  0  0  0
  - 0.55s  --------    0  Y   Y  1.00  1.63 1.00 -  |   474.5    427.2  0.00 |  0.0  0.0 0   0   0  0  0  0
  - 0.45s  --------    0  Y   Y  1.00  1.75 1.00 -  |   474.5    427.2  0.00 |  0.0  0.0 0   0   0  0  0  0
  - 0.35s  --------    0  Y   Y  1.00  1.85 1.00 -  |   474.5    427.2  0.00 |  0.0  1.0 0   0   0  0  0  0
  - 0.24s  --------    0  Y   Y  1.00  1.94 1.00 -  |   474.3    427.1  0.00 |  0.0  1.0 0   0   0  0  0  0
  - 0.14s  --------    0  Y   Y  1.00  2.05 1.00 -  |   474.1    427.0  0.00 |  0.0  1.0 0   0   0  0  0  0
  - 0.03s  --------    0  Y   Y  1.00  2.16 1.00 -  |   473.9    426.9  0.00 |  0.0  1.0 0   0   0  0  0  0
=========================================================== END

[  2200   17.814 x1.00] LOG  
==================== [FREEZE-DEBUG v3] ====================
  Reason : WASD-NOMOVE: WASD recent + speed 0.00m/s for 0.40s
  Time   : 14.443s   Frame: 2200   Snaps: 60
===========================================================

--- CURRENT STATE ---
  Flags: atk=False hvy=False dod=False dsh=False
         grd=False hit=False aerial=False lockPos=False
         comboStep=0
  Anim : speed=1.00  combatLayer hash=-792875657 normT=14.436 weight=1.00 inTransition=False
  CC   : grounded=True  enabled=True  pos=(468.93, -0.02, 423.32)  vel=(0.00, 0.00, 0.00)
  Move : IsRunning=True
  Input: H=-1.00 V=0.00  LMB=False MMB=False Q=False Sp=False Sh=True C=False
         WASD pressed in last 0.5s: True (last 0.00s ago)

--- FLIGHT RECORDER (60 snapshots, oldest first, dt=0.10s) ---
  Legend: flags = A(tk) H(vy) D(od) S(sh) G(rd) R(eact) Y(aerial) L(ock)   gnd/cc: Y/n
  t-now    flags     step gnd cc anSp normT layW tr | posX     posZ     spd   | H    V    LMB MMB Q  Sp Sh C
  ------   --------  ---- --- -- ---- ----- ---- -- | -----    -----    ----  | ---- ---- --- --- -- -- -- -
  - 6.14s  --------    0  Y   Y  1.00  8.28 1.00 -  |   469.9    423.8  0.00 |  0.0  0.0 0   0   0  0  0  0
  - 6.04s  --------    0  Y   Y  1.00  8.40 1.00 -  |   469.9    423.8  0.00 |  0.0  0.0 0   0   0  0  0  0
  - 5.93s  --------    0  Y   Y  1.00  8.49 1.00 -  |   469.9    423.8  0.00 |  0.0  0.0 0   0   0  0  0  0
  - 5.83s  --------    0  Y   Y  1.00  8.59 1.00 -  |   469.9    423.8  0.00 |  0.0  0.0 0   0   0  0  0  0
  - 5.73s  --------    0  Y   Y  1.00  8.71 1.00 -  |   469.9    423.8  0.00 |  0.0  0.0 0   0   0  0  0  0
  - 5.62s  --------    0  Y   Y  1.00  8.81 1.00 -  |   469.9    423.8  0.00 |  0.0  0.0 0   0   0  0  0  0
  - 5.51s  --------    0  Y   Y  1.00  8.92 1.00 -  |   469.9    423.8  0.00 |  0.0  0.0 0   0   0  0  0  0
  - 5.41s  --------    0  Y   Y  1.00  9.03 1.00 -  |   469.9    423.8  0.00 |  0.0  0.0 0   0   0  0  0  0
  - 5.31s  --------    0  Y   Y  1.00  9.13 1.00 -  |   469.9    423.8  0.00 |  0.0  0.0 0   0   0  0  0  0
  - 5.20s  --------    0  Y   Y  1.00  9.23 1.00 -  |   469.9    423.8  0.00 |  0.0  0.0 0   0   0  0  0  0
  - 5.10s  --------    0  Y   Y  1.00  9.33 1.00 -  |   469.9    423.8  0.00 |  0.0  0.0 0   0   0  0  0  0
  - 4.99s  --------    0  Y   Y  1.00  9.44 1.00 -  |   469.9    423.8  0.00 |  0.0  0.0 0   0   0  0  0  0
  - 4.89s  --------    0  Y   Y  1.00  9.54 1.00 -  |   469.9    423.8  0.00 |  0.0  0.0 0   0   0  0  0  0
  - 4.79s  --------    0  Y   Y  1.00  9.65 1.00 -  |   469.9    423.8  0.00 |  0.0  0.0 0   0   0  0  0  0
  - 4.68s  --------    0  Y   Y  1.00  9.75 1.00 -  |   469.9    423.8  0.00 |  0.0  0.0 0   0   0  0  0  0
  - 4.58s  --------    0  Y   Y  1.00  9.85 1.00 -  |   469.9    423.8  0.00 |  0.0  0.0 0   0   0  0  0  0
  - 4.47s  --------    0  Y   Y  1.00  9.96 1.00 -  |   469.9    423.8  0.00 |  0.0  0.0 0   0   0  0  0  0
  - 4.37s  --------    0  Y   Y  1.00 10.06 1.00 -  |   469.9    423.8  0.00 |  0.0  0.0 0   0   0  0  0  0
  - 4.27s  --------    0  Y   Y  1.00 10.17 1.00 -  |   469.9    423.8  0.00 |  0.0  0.0 0   0   0  0  0  0
  - 4.17s  --------    0  Y   Y  1.00 10.27 1.00 -  |   469.9    423.8  0.00 |  0.0  0.0 0   0   0  0  0  0
  - 4.07s  --------    0  Y   Y  1.00 10.37 1.00 -  |   469.9    423.8  0.00 |  0.0  0.0 0   0   0  0  0  0
  - 3.96s  --------    0  Y   Y  1.00 10.47 1.00 -  |   469.9    423.8  0.00 |  0.0  0.0 0   0   0  0  0  0
  - 3.86s  --------    0  Y   Y  1.00 10.57 1.00 -  |   469.9    423.8  0.00 |  0.0  0.0 0   0   0  0  0  0
  - 3.76s  --------    0  Y   Y  1.00 10.68 1.00 -  |   469.9    423.8  0.00 |  0.0  0.0 0   0   0  0  0  0
  - 3.66s  --------    0  Y   Y  1.00 10.78 1.00 -  |   469.9    423.8  0.00 |  0.0  0.0 0   0   0  0  0  0
  - 3.54s  --------    0  Y   Y  1.00 10.88 1.00 -  |   469.9    423.8  0.00 |  0.0  0.0 0   0   0  0  0  0
  - 3.43s  --------    0  Y   Y  1.00 11.00 1.00 -  |   469.9    423.8  0.00 |  0.0  0.0 0   0   0  0  0  0
  - 3.33s  --------    0  Y   Y  1.00 11.11 1.00 -  |   469.9    423.8  0.00 |  0.0  0.0 0   0   0  0  0  0
  - 3.23s  --------    0  Y   Y  1.00 11.19 1.00 -  |   469.9    423.8  0.00 |  0.0  0.0 0   0   0  0  0  0
  - 3.13s  --------    0  Y   Y  1.00 11.31 1.00 -  |   469.9    423.8  0.00 |  0.0  0.0 0   0   0  0  0  0
  - 3.02s  --------    0  Y   Y  1.00 11.41 1.00 -  |   469.9    423.8  0.00 |  0.0  0.0 0   0   0  0  0  0
  - 2.92s  --------    0  Y   Y  1.00 11.52 1.00 -  |   469.9    423.8  0.00 |  0.0  0.0 0   0   0  0  0  0
  - 2.82s  --------    0  Y   Y  1.00 11.61 1.00 -  |   469.9    423.8  0.00 |  0.0  0.0 0   0   0  0  0  0
  - 2.72s  --------    0  Y   Y  1.00 11.72 1.00 -  |   469.9    423.8  0.00 |  0.0  0.0 0   0   0  0  0  0
  - 2.61s  --------    0  Y   Y  1.00 11.83 1.00 -  |   469.9    423.8  0.00 |  0.0  0.0 0   0   0  0  0  0
  - 2.50s  --------    0  Y   Y  1.00 11.93 1.00 -  |   469.9    423.8  0.00 |  0.0  0.0 0   0   0  0  0  0
  - 2.40s  --------    0  Y   Y  1.00 12.03 1.00 -  |   469.9    423.8  0.00 |  0.0  0.0 0   0   0  0  0  0
  - 2.29s  --------    0  Y   Y  1.00 12.14 1.00 -  |   469.9    423.8  0.00 |  0.0  0.0 0   0   0  0  0  0
  - 2.19s  --------    0  Y   Y  1.00 12.25 1.00 -  |   469.9    423.8  0.00 |  0.0  0.0 0   0   0  0  0  0
  - 2.09s  --------    0  Y   Y  1.00 12.35 1.00 -  |   469.9    423.8  0.00 |  0.0  0.0 0   0   0  0  0  0
  - 1.98s  --------    0  Y   Y  1.00 12.45 1.00 -  |   469.9    423.8  0.00 |  0.0  0.0 0   0   0  0  0  0
  - 1.88s  --------    0  Y   Y  1.00 12.56 1.00 -  |   469.9    423.8  0.00 |  0.0  0.0 0   0   0  0  0  0
  - 1.78s  --------    0  Y   Y  1.00 12.66 1.00 -  |   469.9    423.8  0.00 |  0.0  0.0 0   0   0  0  0  0
  - 1.67s  --------    0  Y   Y  1.00 12.77 1.00 -  |   469.9    423.8  0.00 |  0.0  0.0 0   0   0  0  0  0
  - 1.57s  --------    0  Y   Y  1.00 12.86 1.00 -  |   469.9    423.8  0.00 |  0.0  0.0 0   0   0  0  0  0
  - 1.47s  --------    0  Y   Y  1.00 12.96 1.00 -  |   469.9    423.8  0.00 |  0.0  0.0 0   0   0  0  0  0
  - 1.37s  --------    0  Y   Y  1.00 13.07 1.00 -  |   469.9    423.8  0.00 |  0.0  0.0 0   0   0  0  0  0
  - 1.26s  --------    0  Y   Y  1.00 13.17 1.00 -  |   469.9    423.8  0.00 |  0.0  0.0 0   0   0  0  0  0
  - 1.15s  --------    0  Y   Y  1.00 13.28 1.00 -  |   469.9    423.8  0.00 |  0.0  0.0 0   0   0  0  0  0
  - 1.05s  --------    0  Y   Y  1.00 13.39 1.00 -  |   469.9    423.8  0.00 |  0.0  0.0 0   0   0  0  0  0
  - 0.95s  --------    0  Y   Y  1.00 13.49 1.00 -  |   469.9    423.8  0.00 |  0.0  0.0 0   0   0  0  0  0
  - 0.84s  --------    0  Y   Y  1.00 13.59 1.00 -  |   469.9    423.8  0.00 |  0.0  0.0 0   0   0  0  0  0
  - 0.74s  --------    0  Y   Y  1.00 13.70 1.00 -  |   469.9    423.8  0.00 |  0.0  0.0 0   0   0  0  0  0
  - 0.63s  --------    0  Y   Y  1.00 13.80 1.00 -  |   469.9    423.8  0.00 |  0.0  0.0 0   0   0  0  0  0
  - 0.52s  --------    0  Y   Y  1.00 13.91 1.00 -  |   469.9    423.8  0.00 |  0.0  0.0 0   0   0  0  0  0
  - 0.42s  --------    0  Y   Y  1.00 14.02 1.00 -  |   469.9    423.8  0.00 |  0.0  0.0 0   0   0  0  0  0
  - 0.32s  --------    0  Y   Y  1.00 14.12 1.00 -  |   469.8    423.8  0.00 |  0.0  1.0 0   0   0  0  0  0
  - 0.21s  --------    0  Y   Y  1.00 14.23 1.00 -  |   469.7    423.7  0.00 |  0.0  1.0 0   0   0  0  0  0
  - 0.11s  --------    0  Y   Y  1.00 14.33 1.00 -  |   469.5    423.6  0.00 |  0.0  1.0 0   0   0  0  0  0
  - 0.00s  --------    0  Y   Y  1.00 14.44 1.00 -  |   468.9    423.3  0.00 | -1.0  0.0 0   0   0  0  1  0
=========================================================== END

[  2227   18.012 x1.00] LOG  [OniBoss:Layer] watch stance OFF, back to Idle (player 16.6m)
[  2837   22.209 x1.00] LOG  [StormWeather] terrain layers restored to dry values.
# end — 58 lines
