# Oni combat log — 2026-08-21 14:19:37
# Unity 6000.2.7f2 | scene 'CaveScene_Oni_Boss1' | platform OSXEditor
# columns: [frame realSeconds timeScale] KIND message      (KIND: LOG WARN ERR EXC TEL)
#
[     0    0.000 x1.00] LOG  [OniLog] console + telemetry → /Users/asenahazal/Documents/Yoru/OniLogs/oni_2026-08-21_14-19-37.log
[     1    0.000 x1.00] LOG  [TailAirShot4Leg] Ready. drawState=shoot_4Leg castParam=Shoot4LegSpeed (found) readyFrame=5 fireFrame=10 frames=24 slowBudget=3s real damageMultiplier=2.00
  arrow leaves: PlayerYoru_1.1/Cat_All_10_Tails_v4/Group/DeformationSystem/root/Root_M/Tail15_R/Tail151_R/Tail152_R/Tail153_R/Tail154_R/Tail155_R/Tail156_R/Tail157_R/Tail158_R/Tail159_R/Tail1510_R/Tail1511_R/Tail1512_R/Tail6_R/Tail6_R_end/Tail6_R_end_end/Tail6_R_end_end_end/RightTailTip_Anchor
  aim VFX left:  PlayerYoru_1.1/Cat_All_10_Tails_v4/Group/DeformationSystem/root/Root_M/Tail15_L/Tail151_L/Tail152_L/Tail153_L/Tail154_L/Tail155_L/Tail156_L/Tail157_L/Tail158_L/Tail159_L/Tail1510_L/Tail1511_L/Tail1512_L/Tail6_L/Tail6_L_end/Tail6_L_end_end/Tail6_L_end_end_end/LeftTailTip_Anchor/Glow_4Leg_L
  aim VFX right: PlayerYoru_1.1/Cat_All_10_Tails_v4/Group/DeformationSystem/root/Root_M/Tail15_R/Tail151_R/Tail152_R/Tail153_R/Tail154_R/Tail155_R/Tail156_R/Tail157_R/Tail158_R/Tail159_R/Tail1510_R/Tail1511_R/Tail1512_R/Tail6_R/Tail6_R_end/Tail6_R_end_end/Tail6_R_end_end_end/RightTailTip_Anchor/Glow_4Leg_R
[     1    0.000 x1.00] LOG  [TailAirShot] Ready. drawState=RightTail_Fast castParam=TailCastSpeed (found)
  arrow leaves: PlayerYoru_1.1/Cat_All_10_Tails_v4/Group/DeformationSystem/root/Root_M/Tail15_R/Tail151_R/Tail152_R/Tail153_R/Tail154_R/Tail155_R/Tail156_R/Tail157_R/Tail158_R/Tail159_R/Tail1510_R/Tail1511_R/Tail1512_R/Tail6_R/Tail6_R_end/Tail6_R_end_end/Tail6_R_end_end_end/RightTailTip_Anchor
  aim VFX: PlayerYoru_1.1/Cat_All_10_Tails_v4/Group/DeformationSystem/root/Root_M/Tail15_R/Tail151_R/Tail152_R/Tail153_R/Tail154_R/Tail155_R/Tail156_R/Tail157_R/Tail158_R/Tail159_R/Tail1510_R/Tail1511_R/Tail1512_R/Tail6_R/Tail6_R_end/Tail6_R_end_end/Tail6_R_end_end_end/RightTailTip_Anchor/vfx_Muzzle_Fireball01Blue
[     1    0.000 x1.00] LOG  [PlayerCombat] Phase 2 form gate CONNECTED (FormController found on this GameObject).
[     1    0.000 x1.00] LOG  [Combat] PlayerCombat initialized — Phase 3C v27
[     1    0.000 x1.00] LOG  [RingMesh] VFX Status:
[     1    0.000 x1.00] LOG    Left: Prefab=✓, Spawn=Tail6_L_end_end_end
[     1    0.000 x1.00] LOG    Right: Prefab=✓, Spawn=Tail6_R_end_end_end
[     1    0.000 x1.00] LOG  === VFX MANAGER INITIALIZED ===
[     1    0.000 x1.00] LOG  Auto-detect animations: False
[     1    0.000 x1.00] LOG  Parent effects to tail: True
[     1    0.000 x1.00] LOG  Prefabs: Jump=True, Land=True, LTail=True, RTail=True
[     1    0.000 x1.00] LOG  ✅ Left Tail Tip: LeftTailVFX
[     1    0.000 x1.00] LOG  ✅ Right Tail Tip: RightTailTip_Anchor
[     1    0.000 x1.00] LOG  [StormWeather] layer 'TerrainLayer_Dirt_01' dry smoothness=0.00 (restore to this if a crash ever leaves it wet)
[     1    0.000 x1.00] LOG  [StormWeather] Ready. Rain on, floor drying... wait, soaking.
[     1    0.000 x1.00] LOG  [FreezeDebug v3] Armed. Manual=L. Auto=True. Buffer=60 snaps @ 0.1s = 6.0s history.
[     1    0.000 x1.00] LOG  [BossBar] BossHealthBarUI initialized
[     1    0.000 x1.00] LOG  OniBoss initialized with 500 HP
[     1    0.000 x1.00] LOG  [OniBoss] ANIMATOR SETUP: cullingMode=CullUpdateTransforms updateMode=Normal applyRootMotion=False speed=1
[     1    0.000 x1.00] LOG  [OniBoss] Initialized
[     1    0.000 x1.00] LOG  [OniBoss:Layer] facing: minFlat 1m, snapOnAttack off, trackInHitReact off
[     1    0.000 x1.00] LOG  [OniBoss:Layer] Yoru launch model ON: launches ALL THE WAY to an enemy within 4.7m of its surface at 10m/s (stop gap 0.00m, NO minimum distance), else steps 0.90m forward. Targeting cone left exactly as her prefab has it.
[     1    0.000 x1.00] LOG  [OniBoss:Layer] Yoru launch ROUND 9: airborne attacks launch too (ON), edge probe now runs on its OWN layer mask (Everything) instead of the line-of-sight mask - the Ground-only mask found no floor in this cave and was cancelling 100% of launches at 0.00m travelled.
[     1    0.000 x1.00] LOG  [OniBoss:Layer] animator speed x1.35 — his 1.13s swing now plays in 0.84s.
[     1    0.000 x1.00] LOG  [OniBoss:Layer] chase speed pushed: phase1 4.5, phase2 5.5 (Yoru runs at 7).
[     1    0.000 x1.00] LOG  [OniBoss:Layer] swing wave ON: 8 dmg out to 5.5m in a 120deg arc, only when the club itself missed. VFX NOT SET — damage only. PlayerHealth found.
[     1    0.000 x1.00] LOG  [OniBoss:Layer] strike contact measurement ON — tracking 'Kanabo3' at depth 4.
[     1    0.000 x1.00] LOG  [OniBoss:Layer] skinned meshes: 46 renderer(s), updateWhenOffscreen ON, body renderer 'Body' rootBone 'Hips'
[     1    0.000 x1.00] LOG  [OniBoss:Layer] charge travel bone: 'Hips' at depth 1 under 'OniBoss', rest local (0.00, 3.24, -0.24)
[     1    0.000 x1.00] LOG  [OniBoss:Layer] charge drive ON (windup to 0.40 at x1.3, rush 14m/s stops at 2.6m, steers 0.35s then commits, strike section from 0.58, strike moment 0.76, trail VFX off)
[     1    0.000 x1.00] LOG  [OniBoss:Layer] attack armor ON (his swings are not interrupted by light/medium hits; heavy hits and rapid-hit bursts still stop him)
[     1    0.000 x1.00] LOG  [OniBoss:Layer] strike moments overridden: Club_Swing=0.85 ClubSwing2=0.32 ClubSlam=0.52 KanaboSweep=0.48
[     1    0.000 x1.00] LOG  [OniBoss:Layer] hold-ground ON (backstep 1.5m @ 1.6m/s after own attacks, watch 'Watch', attack facing LOCKED)
[     1    0.000 x1.00] LOG  [OniBoss:Layer] OniBoss layer ready (reactions, wake-on-hit, watch stance, boss bar). player=found
[     1    0.000 x1.00] LOG  [OniBoss:Layer] charge clip 'Oni Charge.fbx' imports with Root Motion Node = None (in place) — good.
[     1    0.000 x1.00] LOG  [OniBoss:Layer] clips importing with Root Transform Position (Y) NOT baked into pose (12): Oni_Alert(Oni Alert), Club_Slam(Oni Club Slam), Club_Swing(Oni Club Swing), Club_swing2(Oni Club Swing 2), Death(Oni Death Kneel), Hit_react_light(Oni Hit react lighter light), KanaboSweep(Oni Kanabo sweep), Phase_Transition(Oni Phase transition), run(Oni Run), Walk(Oni Walk), Watch(Oni Watch), Idle(Oni Idle) — their hips' up/down motion is stripped (see round notes; optional).
[     1    0.000 x1.00] LOG  [VolumetricFogController] Found VolumetricFog component on mainCamera (1)
[     1    0.000 x1.00] LOG  [VolumetricFogController] Reflection init: density=True, height=True, baselineHeight=True, alpha=True, noiseStrength=True, lightScatteringExposure=True
[     1    0.000 x1.00] LOG  [VolumetricFogController] Initialized with Neutral preset (height=60, baselineHeight=0)
[     1    0.000 x1.00] WARN [VolumetricFogController] WorldStateManager not found!
[     1    0.000 x1.00] LOG  [CameraGameFeel] CameraGameFeel initialized (shake + FOV)
[     1    2.967 x1.00] LOG  [OniBoss] Playing animation: Idle
[    15    3.795 x1.00] LOG  💨 Landing VFX spawned!
[    15    3.795 x1.00] LOG  ✅ LANDED! (was jump #0)
[   237    7.497 x1.00] LOG  
==================== [FREEZE-DEBUG v3] ====================
  Reason : WASD-NOMOVE: WASD recent + speed 0.00m/s for 0.40s
  Time   : 3.990s   Frame: 237   Snaps: 37
===========================================================

--- CURRENT STATE ---
  Flags: atk=False hvy=False dod=False dsh=False
         grd=False hit=False aerial=False lockPos=False
         comboStep=0
  Anim : speed=1.00  combatLayer hash=-792875657 normT=3.970 weight=1.00 inTransition=False
  CC   : grounded=True  enabled=True  pos=(476.22, 1.43, 427.24)  vel=(0.00, -0.44, 0.00)
  Move : IsRunning=True
  Input: H=1.00 V=1.00  LMB=False MMB=False Q=False Sp=False Sh=True C=False
         WASD pressed in last 0.5s: True (last 0.00s ago)

--- FLIGHT RECORDER (37 snapshots, oldest first, dt=0.10s) ---
  Legend: flags = A(tk) H(vy) D(od) S(sh) G(rd) R(eact) Y(aerial) L(ock)   gnd/cc: Y/n
  t-now    flags     step gnd cc anSp normT layW tr | posX     posZ     spd   | H    V    LMB MMB Q  Sp Sh C
  ------   --------  ---- --- -- ---- ----- ---- -- | -----    -----    ----  | ---- ---- --- --- -- -- -- -
  - 3.99s  --------    0  n   Y  1.00  0.00 1.00 -  |   474.5    427.2  0.00 |  0.0  0.0 0   0   0  0  0  0
  - 3.87s  --------    0  n   Y  1.00  0.10 1.00 -  |   474.5    427.2  0.00 |  0.0  0.0 0   0   0  0  0  0
  - 3.75s  --------    0  n   Y  1.00  0.22 1.00 -  |   474.5    427.2  0.00 |  0.0  0.0 0   0   0  0  0  0
  - 3.64s  --------    0  Y   Y  1.00  0.33 1.00 -  |   474.5    427.2  0.00 |  0.0  0.0 0   0   0  0  0  0
  - 3.53s  --------    0  Y   Y  1.00  0.44 1.00 -  |   474.5    427.2  0.00 |  0.0  0.0 0   0   0  0  0  0
  - 3.43s  --------    0  Y   Y  1.00  0.55 1.00 -  |   474.5    427.2  0.00 |  0.0  0.0 0   0   0  0  0  0
  - 3.31s  --------    0  Y   Y  1.00  0.66 1.00 -  |   474.5    427.2  0.00 |  0.0  0.0 0   0   0  0  0  0
  - 3.20s  --------    0  Y   Y  1.00  0.77 1.00 -  |   474.5    427.2  0.00 |  0.0  0.0 0   0   0  0  0  0
  - 3.09s  --------    0  Y   Y  1.00  0.88 1.00 -  |   474.5    427.2  0.00 |  0.0  0.0 0   0   0  0  0  0
  - 2.98s  --------    0  Y   Y  1.00  1.00 1.00 -  |   474.5    427.2  0.00 |  0.0  0.0 0   0   0  0  0  0
  - 2.86s  --------    0  Y   Y  1.00  1.11 1.00 -  |   474.5    427.2  0.00 |  0.0  0.0 0   0   0  0  0  0
  - 2.76s  --------    0  Y   Y  1.00  1.21 1.00 -  |   474.5    427.2  0.00 |  0.0  0.0 0   0   0  0  0  0
  - 2.65s  --------    0  Y   Y  1.00  1.33 1.00 -  |   474.5    427.2  0.00 |  0.0  0.0 0   0   0  0  0  0
  - 2.53s  --------    0  Y   Y  1.00  1.44 1.00 -  |   474.5    427.2  0.00 |  0.0  0.0 0   0   0  0  0  0
  - 2.43s  --------    0  Y   Y  1.00  1.54 1.00 -  |   474.5    427.2  0.00 |  0.0  0.0 0   0   0  0  0  0
  - 2.32s  --------    0  Y   Y  1.00  1.66 1.00 -  |   474.5    427.2  0.00 |  0.0  0.0 0   0   0  0  0  0
  - 2.20s  --------    0  Y   Y  1.00  1.77 1.00 -  |   474.5    427.2  0.00 |  0.0  0.0 0   0   0  0  0  0
  - 2.09s  --------    0  Y   Y  1.00  1.89 1.00 -  |   474.5    427.2  0.00 |  0.0  0.0 0   0   0  0  0  0
  - 1.99s  --------    0  Y   Y  1.00  1.99 1.00 -  |   474.5    427.2  0.00 |  0.0  0.0 0   0   0  0  0  0
  - 1.87s  --------    0  Y   Y  1.00  2.10 1.00 -  |   474.5    427.2  0.00 |  0.0  0.0 0   0   0  0  0  0
  - 1.77s  --------    0  Y   Y  1.00  2.20 1.00 -  |   474.5    427.2  0.00 |  0.0  0.0 0   0   0  0  0  0
  - 1.66s  --------    0  Y   Y  1.00  2.32 1.00 -  |   474.5    427.2  0.00 |  0.0  0.0 0   0   0  0  0  0
  - 1.56s  --------    0  Y   Y  1.00  2.42 1.00 -  |   474.5    427.2  0.00 |  0.0  0.0 0   0   0  0  0  0
  - 1.44s  --------    0  Y   Y  1.00  2.53 1.00 -  |   474.5    427.2  0.00 |  0.0  0.0 0   0   0  0  0  0
  - 1.34s  --------    0  Y   Y  1.00  2.63 1.00 -  |   474.5    427.2  0.00 |  0.0  0.0 0   0   0  0  0  0
  - 1.23s  --------    0  Y   Y  1.00  2.74 1.00 -  |   474.5    427.2  0.00 |  0.0  0.0 0   0   0  0  0  0
  - 1.12s  --------    0  Y   Y  1.00  2.86 1.00 -  |   474.5    427.2  0.00 |  0.0  0.0 0   0   0  0  0  0
  - 1.00s  --------    0  Y   Y  1.00  2.97 1.00 -  |   474.5    427.2  0.00 |  0.0  0.0 0   0   0  0  0  0
  - 0.89s  --------    0  Y   Y  1.00  3.08 1.00 -  |   474.5    427.2  0.00 |  0.0  0.0 0   0   0  0  0  0
  - 0.79s  --------    0  Y   Y  1.00  3.19 1.00 -  |   474.5    427.2  0.00 |  0.0  0.0 0   0   0  0  0  0
  - 0.68s  --------    0  Y   Y  1.00  3.29 1.00 -  |   474.5    427.2  0.00 |  0.0  0.0 0   0   0  0  0  0
  - 0.57s  --------    0  Y   Y  1.00  3.41 1.00 -  |   474.5    427.2  0.00 |  0.0  0.0 0   0   0  0  0  0
  - 0.45s  --------    0  Y   Y  1.00  3.52 1.00 -  |   474.5    427.2  0.00 |  0.0  0.0 0   0   0  0  0  0
  - 0.35s  --------    0  Y   Y  1.00  3.62 1.00 -  |   474.5    427.2  0.00 |  1.0  0.0 0   0   0  0  0  0
  - 0.24s  --------    0  Y   Y  1.00  3.73 1.00 -  |   474.7    427.2  0.00 |  1.0  0.0 0   0   0  0  0  0
  - 0.12s  --------    0  Y   Y  1.00  3.85 1.00 -  |   475.4    427.2  0.00 |  1.0  0.0 0   0   0  0  1  0
  - 0.02s  --------    0  Y   Y  1.00  3.95 1.00 -  |   476.1    427.2  0.00 |  1.0  1.0 0   0   0  0  1  0
=========================================================== END

[   301    8.879 x1.00] LOG  🐾 4-LEG JUMP #0
[   301    8.879 x1.00] LOG  🐾 Jump 1 VFX spawned!
[   315    9.244 x0.10] LOG  [TailAirShot4Leg] ENTER 4 leg, slow on for up to 3s real, waiting for the fire button, drawState=shoot_4Leg | y=1.75 ts=0.10 fdt=0.0020
[   315    9.244 x0.10] LOG  [TailAirShot] entry refused: this airtime is not a 2 leg jump | y=1.75 ts=0.10 fdt=0.0020
[   315    9.244 x0.10] LOG  [AirPosePin] engaged, holding body at 1.349m above the transform
[   321    9.416 x0.10] LOG  [TailAirShot4Leg] DRAW started | y=1.82 ts=0.10 fdt=0.0020
[   329    9.645 x0.10] LOG  [TailAirShot4Leg] READY, frozen on frame 5 | y=1.86 ts=0.10 fdt=0.0020
[   339    9.900 x0.10] LOG  [TailAirShot4Leg] SHOT released (released from ready pose) | y=1.89 ts=0.10 fdt=0.0020
[   342    9.966 x1.00] LOG  [TailAirShot4Leg] FINISHER (R released mid motion), motion completes and fires | y=1.90 ts=1.00 fdt=0.0200
[   348   10.098 x1.00] LOG  [TailAirShot4Leg] FIRE, arrow away, dir=(0.10, -0.05, 0.99) damage=40 (20 x 2.00) | y=1.89 ts=1.00 fdt=0.0200
[   364   10.451 x1.00] LOG  💨 Landing VFX spawned!
[   364   10.451 x1.00] LOG  ✅ LANDED! (was jump #1)
[   364   10.451 x1.00] LOG  [AirPosePin] released, peak correction was 0.576m
[   368   10.538 x1.00] LOG  [TailAirShot4Leg] finisher done, fully idle | y=-0.02 ts=1.00 fdt=0.0200
[   385   10.889 x1.00] LOG  OniBoss took 40 damage. HP: 460/500
[   385   10.889 x1.00] LOG  [OniBoss] LostSoul → Stagger
[   385   10.889 x1.00] LOG  [OniBoss] Playing animation: Stagger
[   385   10.889 x1.00] LOG  [OniBoss] STAGGERED for 2.5s
[   385   10.889 x1.00] LOG  [OniBoss:Layer] heavy knock-back react (40 dmg) → 'HitReact_Heavy', down for 1.80s
[   386   10.915 x1.00] LOG  [BossBar] Showing bar for: Oni (460/500)
[   386   10.915 x1.00] LOG  [OniBoss:Layer] boss bar shown
[   453   12.270 x1.00] LOG  
==================== [FREEZE-DEBUG v3] ====================
  Reason : WASD-NOMOVE: WASD recent + speed 0.00m/s for 0.42s
  Time   : 8.112s   Frame: 453   Snaps: 60
===========================================================

--- CURRENT STATE ---
  Flags: atk=False hvy=False dod=False dsh=False
         grd=False hit=False aerial=False lockPos=False
         comboStep=0
  Anim : speed=1.00  combatLayer hash=-792875657 normT=1.713 weight=1.00 inTransition=False
  CC   : grounded=True  enabled=True  pos=(475.77, -0.02, 438.06)  vel=(0.00, 0.00, 0.00)
  Move : IsRunning=True
  Input: H=0.00 V=0.00  LMB=False MMB=False Q=False Sp=False Sh=True C=False
         WASD pressed in last 0.5s: True (last 0.28s ago)

--- FLIGHT RECORDER (60 snapshots, oldest first, dt=0.10s) ---
  Legend: flags = A(tk) H(vy) D(od) S(sh) G(rd) R(eact) Y(aerial) L(ock)   gnd/cc: Y/n
  t-now    flags     step gnd cc anSp normT layW tr | posX     posZ     spd   | H    V    LMB MMB Q  Sp Sh C
  ------   --------  ---- --- -- ---- ----- ---- -- | -----    -----    ----  | ---- ---- --- --- -- -- -- -
  - 6.55s  --------    0  Y   Y  1.00  1.54 1.00 -  |   474.5    427.2  0.00 |  0.0  0.0 0   0   0  0  0  0
  - 6.44s  --------    0  Y   Y  1.00  1.66 1.00 -  |   474.5    427.2  0.00 |  0.0  0.0 0   0   0  0  0  0
  - 6.33s  --------    0  Y   Y  1.00  1.77 1.00 -  |   474.5    427.2  0.00 |  0.0  0.0 0   0   0  0  0  0
  - 6.21s  --------    0  Y   Y  1.00  1.89 1.00 -  |   474.5    427.2  0.00 |  0.0  0.0 0   0   0  0  0  0
  - 6.11s  --------    0  Y   Y  1.00  1.99 1.00 -  |   474.5    427.2  0.00 |  0.0  0.0 0   0   0  0  0  0
  - 6.00s  --------    0  Y   Y  1.00  2.10 1.00 -  |   474.5    427.2  0.00 |  0.0  0.0 0   0   0  0  0  0
  - 5.90s  --------    0  Y   Y  1.00  2.20 1.00 -  |   474.5    427.2  0.00 |  0.0  0.0 0   0   0  0  0  0
  - 5.78s  --------    0  Y   Y  1.00  2.32 1.00 -  |   474.5    427.2  0.00 |  0.0  0.0 0   0   0  0  0  0
  - 5.68s  --------    0  Y   Y  1.00  2.42 1.00 -  |   474.5    427.2  0.00 |  0.0  0.0 0   0   0  0  0  0
  - 5.57s  --------    0  Y   Y  1.00  2.53 1.00 -  |   474.5    427.2  0.00 |  0.0  0.0 0   0   0  0  0  0
  - 5.47s  --------    0  Y   Y  1.00  2.63 1.00 -  |   474.5    427.2  0.00 |  0.0  0.0 0   0   0  0  0  0
  - 5.35s  --------    0  Y   Y  1.00  2.74 1.00 -  |   474.5    427.2  0.00 |  0.0  0.0 0   0   0  0  0  0
  - 5.24s  --------    0  Y   Y  1.00  2.86 1.00 -  |   474.5    427.2  0.00 |  0.0  0.0 0   0   0  0  0  0
  - 5.13s  --------    0  Y   Y  1.00  2.97 1.00 -  |   474.5    427.2  0.00 |  0.0  0.0 0   0   0  0  0  0
  - 5.01s  --------    0  Y   Y  1.00  3.08 1.00 -  |   474.5    427.2  0.00 |  0.0  0.0 0   0   0  0  0  0
  - 4.91s  --------    0  Y   Y  1.00  3.19 1.00 -  |   474.5    427.2  0.00 |  0.0  0.0 0   0   0  0  0  0
  - 4.81s  --------    0  Y   Y  1.00  3.29 1.00 -  |   474.5    427.2  0.00 |  0.0  0.0 0   0   0  0  0  0
  - 4.69s  --------    0  Y   Y  1.00  3.41 1.00 -  |   474.5    427.2  0.00 |  0.0  0.0 0   0   0  0  0  0
  - 4.58s  --------    0  Y   Y  1.00  3.52 1.00 -  |   474.5    427.2  0.00 |  0.0  0.0 0   0   0  0  0  0
  - 4.47s  --------    0  Y   Y  1.00  3.62 1.00 -  |   474.5    427.2  0.00 |  1.0  0.0 0   0   0  0  0  0
  - 4.36s  --------    0  Y   Y  1.00  3.73 1.00 -  |   474.7    427.2  0.00 |  1.0  0.0 0   0   0  0  0  0
  - 4.24s  --------    0  Y   Y  1.00  3.85 1.00 -  |   475.4    427.2  0.00 |  1.0  0.0 0   0   0  0  1  0
  - 4.14s  --------    0  Y   Y  1.00  3.95 1.00 -  |   476.1    427.2  0.00 |  1.0  1.0 0   0   0  0  1  0
  - 4.02s  --------    0  Y   Y  1.00  4.07 1.00 -  |   476.9    427.4  0.00 |  1.0  1.0 0   0   0  0  1  0
  - 3.90s  --------    0  Y   Y  1.00  4.18 1.00 -  |   477.6    427.8  0.00 |  1.0  1.0 0   0   0  0  1  0
  - 3.80s  --------    0  Y   Y  1.00  4.29 1.00 -  |   478.1    428.3  0.00 |  0.0  1.0 0   0   0  0  1  0
  - 3.70s  --------    0  Y   Y  1.00  4.39 1.00 -  |   478.6    428.8  0.00 |  1.0  1.0 0   0   0  0  1  0
  - 3.59s  --------    0  Y   Y  1.00  4.50 1.00 -  |   479.1    429.5  0.00 |  1.0  1.0 0   0   0  0  1  0
  - 3.49s  --------    0  Y   Y  1.00  4.60 1.00 -  |   479.4    429.8  0.00 |  1.0  1.0 0   0   0  0  0  0
  - 3.39s  --------    0  Y   Y  1.00  4.70 1.00 -  |   479.5    429.9  0.00 |  0.0  1.0 0   0   0  0  0  0
  - 3.28s  --------    0  Y   Y  1.00  4.81 1.00 -  |   479.7    430.3  0.00 |  0.0  1.0 0   0   0  0  1  0
  - 3.16s  --------    0  Y   Y  1.00  4.92 1.00 -  |   480.0    431.1  0.00 |  0.0  1.0 0   0   0  0  1  0
  - 3.06s  --------    0  Y   Y  1.00  5.03 1.00 -  |   480.0    431.8  0.00 |  0.0  1.0 0   0   0  0  1  0
  - 2.95s  --------    0  Y   Y  1.00  5.14 1.00 -  |   480.0    432.6  0.00 |  0.0  1.0 0   0   0  0  1  0
  - 2.83s  --------    0  Y   Y  1.00  5.26 1.00 -  |   480.0    433.3  0.00 |  0.0  1.0 0   0   0  0  1  0
  - 2.72s  --------    0  n   Y  1.00  5.37 1.00 -  |   480.0    434.1  0.00 |  0.0  1.0 0   0   0  1  1  0
  - 2.61s  --------    0  n   Y  1.00  5.48 1.00 -  |   480.0    434.7  0.00 |  0.0  1.0 0   0   0  1  1  0
  - 2.50s  --------    0  n   Y  1.00  5.59 1.00 -  |   480.0    435.1  0.00 |  0.0  1.0 0   0   0  0  1  0
  - 2.38s  --------    0  n   Y  1.00  5.69 1.00 -  |   480.0    435.7  0.00 |  0.0  1.0 0   0   0  0  0  0
  - 2.26s  --------    0  n   Y  1.00  0.33 1.00 -  |   480.0    436.2  0.00 |  0.0  1.0 0   0   0  0  0  0
  - 2.15s  --------    0  n   Y  1.00  0.46 1.00 -  |   479.9    436.7  0.00 |  0.0  1.0 0   0   0  0  0  0
  - 2.04s  --------    0  n   Y  1.00  0.61 1.00 -  |   479.9    437.2  0.00 |  0.0  1.0 0   0   0  0  0  0
  - 1.93s  --------    0  n   Y  1.00  0.74 1.00 -  |   479.9    437.7  0.00 |  1.0  0.0 0   0   0  0  0  0
  - 1.82s  --------    0  Y   Y  1.00  0.88 1.00 -  |   479.9    438.2  0.00 |  1.0  0.0 0   0   0  0  0  0
  - 1.71s  --------    0  Y   Y  1.00  1.01 1.00 T  |   480.1    438.3  0.00 |  1.0  0.0 0   0   0  0  0  0
  - 1.60s  --------    0  Y   Y  1.00  0.11 1.00 -  |   480.3    438.4  0.00 |  1.0  0.0 0   0   0  0  0  0
  - 1.50s  --------    0  Y   Y  1.00  0.21 1.00 -  |   480.5    438.4  0.00 |  1.0  0.0 0   0   0  0  0  0
  - 1.38s  --------    0  Y   Y  1.00  0.33 1.00 -  |   480.8    438.4  0.00 |  1.0  0.0 0   0   0  0  0  0
  - 1.27s  --------    0  Y   Y  1.00  0.44 1.00 -  |   481.0    438.4  0.00 |  1.0  0.0 0   0   0  0  0  0
  - 1.16s  --------    0  Y   Y  1.00  0.55 1.00 -  |   481.2    438.5  0.00 |  1.0  0.0 0   0   0  0  0  0
  - 1.04s  --------    0  Y   Y  1.00  0.67 1.00 -  |   481.4    438.5  0.00 |  0.0  0.0 0   0   0  0  0  0
  - 0.94s  --------    0  Y   Y  1.00  0.77 1.00 -  |   481.6    438.5  0.00 | -1.0  0.0 0   0   0  0  0  0
  - 0.82s  --------    0  Y   Y  1.00  0.89 1.00 -  |   481.4    438.5  0.00 | -1.0  0.0 0   0   0  0  0  0
  - 0.72s  --------    0  Y   Y  1.00  0.99 1.00 -  |   480.8    438.4  0.00 | -1.0  0.0 0   0   0  0  1  0
  - 0.60s  --------    0  Y   Y  1.00  1.11 1.00 -  |   480.0    438.4  0.00 | -1.0  0.0 0   0   0  0  1  0
  - 0.50s  --------    0  Y   Y  1.00  1.21 1.00 -  |   479.3    438.3  0.00 | -1.0  0.0 0   0   0  0  1  0
  - 0.40s  --------    0  Y   Y  1.00  1.32 1.00 -  |   478.6    438.3  0.00 | -1.0  0.0 0   0   0  0  1  0
  - 0.28s  --------    0  Y   Y  1.00  1.43 1.00 -  |   477.7    438.2  0.00 | -1.0  0.0 0   0   0  0  1  0
  - 0.16s  --------    0  Y   Y  1.00  1.55 1.00 -  |   476.9    438.1  0.00 |  0.0  0.0 0   0   0  0  1  0
  - 0.04s  --------    0  Y   Y  1.00  1.67 1.00 -  |   476.1    438.1  0.00 |  0.0  0.0 0   0   0  0  1  0
=========================================================== END

[   476   12.695 x1.00] LOG  [OniBoss] Stagger → Chase
[   477   12.715 x1.00] LOG  [OniBoss] Ranged attack: Oni_Charge (dist 19.4m)
[   477   12.715 x1.00] LOG  [OniBoss] Chase → Attack
[   477   12.715 x1.00] LOG  [OniBoss] Attack: Oni_Charge (18 dmg)

[   477   12.715 x1.00] TEL ────────── CHARGE ──────────
[   477   12.715 x1.00] LOG  [OniBoss:Layer] charge begin: travel bone 'Hips' depth 1, local now (0.00, 3.24, -0.24) vs rest (0.00, 3.24, -0.24); pin ON; drive windup→rush→strike; engine Attack, AnimSpeed 1.30, clip at 0.00, dist 19.4m
[   477   12.715 x1.00] TEL charge Windup n=0.00 spd=1.30 mult=1.00 st=Attack anim=h-1757638897/Charge drift=0.00 cut=0.00 meshOff=0.24m vis bounds+0.1m pos=(481.8,456.3) dist=19.4 vel=0.0
[   482   12.818 x1.00] TEL charge Windup n=0.09 spd=1.30 mult=1.30 st=Attack anim=Charge/- drift=0.46 cut=0.46 meshOff=0.24m vis bounds+0.2m pos=(481.8,456.3) dist=19.4 vel=0.0
[   487   12.915 x1.00] TEL charge Windup n=0.17 spd=1.30 mult=1.30 st=Attack anim=Charge/- drift=1.07 cut=1.07 meshOff=0.24m vis bounds+0.3m pos=(481.8,456.3) dist=19.4 vel=0.0
[   492   13.017 x1.00] TEL charge Windup n=0.25 spd=1.30 mult=1.30 st=Attack anim=Charge/- drift=1.02 cut=1.02 meshOff=0.24m vis bounds+0.4m pos=(481.8,456.3) dist=19.4 vel=0.0
[   497   13.108 x1.00] TEL charge Windup n=0.33 spd=1.30 mult=1.30 st=Attack anim=Charge/- drift=1.44 cut=1.44 meshOff=0.24m vis bounds+0.3m pos=(481.8,456.3) dist=19.4 vel=0.0
[   502   13.205 x1.00] LOG  [OniBoss:Layer] charge RUSH: clip frozen at 0.41, 19.4m to go at 14m/s
[   502   13.205 x1.00] TEL charge Rush   n=0.41 spd=0.00 mult=1.30 st=Attack anim=Charge/- drift=8.04 cut=8.04 meshOff=0.24m vis bounds+0.3m pos=(481.8,456.3) dist=19.4 vel=0.0
[   507   13.297 x1.00] TEL charge Rush   n=0.41 spd=0.00 mult=0.00 st=Attack anim=Charge/- drift=8.04 cut=8.04 meshOff=0.24m vis bounds+0.3m pos=(481.4,455.1) dist=18.1 vel=0.0
[   512   13.398 x1.00] TEL charge Rush   n=0.41 spd=0.00 mult=0.00 st=Attack anim=Charge/- drift=8.04 cut=8.04 meshOff=0.24m vis bounds+0.3m pos=(480.9,453.8) dist=16.7 vel=0.0
[   517   13.498 x1.00] TEL charge Rush   n=0.41 spd=0.00 mult=0.00 st=Attack anim=Charge/- drift=8.04 cut=8.04 meshOff=0.24m vis bounds+0.3m pos=(480.5,452.5) dist=15.3 vel=0.0
[   522   13.599 x1.00] TEL charge Rush   n=0.41 spd=0.00 mult=0.00 st=Attack anim=Charge/- drift=8.04 cut=8.04 meshOff=0.24m vis bounds+0.3m pos=(480.0,451.1) dist=13.8 vel=0.0
[   527   13.701 x1.00] TEL charge Rush   n=0.41 spd=0.00 mult=0.00 st=Attack anim=Charge/- drift=8.04 cut=8.04 meshOff=0.24m vis bounds+0.4m pos=(479.6,449.8) dist=12.4 vel=0.0
[   532   13.802 x1.00] TEL charge Rush   n=0.41 spd=0.00 mult=0.00 st=Attack anim=Charge/- drift=8.04 cut=8.04 meshOff=0.24m vis bounds+0.4m pos=(479.1,448.4) dist=11.0 vel=0.0
[   537   13.901 x1.00] TEL charge Rush   n=0.41 spd=0.00 mult=0.00 st=Attack anim=Charge/- drift=8.04 cut=8.04 meshOff=0.24m vis bounds+0.4m pos=(478.6,447.1) dist=9.6 vel=0.0
[   542   14.002 x1.00] TEL charge Rush   n=0.41 spd=0.00 mult=0.00 st=Attack anim=Charge/- drift=8.04 cut=8.04 meshOff=0.24m vis bounds+0.4m pos=(478.2,445.8) dist=8.2 vel=0.0
[   547   14.101 x1.00] TEL charge Rush   n=0.41 spd=0.00 mult=0.00 st=Attack anim=Charge/- drift=8.04 cut=8.04 meshOff=0.24m vis bounds+0.4m pos=(477.7,444.5) dist=6.8 vel=0.0
[   552   14.199 x1.00] TEL charge Rush   n=0.41 spd=0.00 mult=0.00 st=Attack anim=Charge/- drift=8.04 cut=8.04 meshOff=0.24m vis bounds+0.4m pos=(477.3,443.2) dist=5.4 vel=0.0
[   557   14.302 x1.00] TEL charge Rush   n=0.41 spd=0.00 mult=0.00 st=Attack anim=Charge/- drift=8.04 cut=8.04 meshOff=0.24m vis bounds+0.4m pos=(476.8,441.8) dist=4.0 vel=0.0
[   562   14.401 x1.00] TEL charge Rush   n=0.41 spd=0.00 mult=0.00 st=Attack anim=Charge/- drift=8.04 cut=8.04 meshOff=0.24m vis bounds+0.4m pos=(476.3,440.5) dist=2.6 vel=0.0
[   563   14.422 x1.00] LOG  [OniBoss:Layer] charge STRIKE: arrived 2.6m from the lock point after 1.22s real — clip 0.41 → 0.58 (blend 0.10s), strike moment 0.76, Yoru 2.6m away
[   567   14.498 x1.00] TEL charge Strike n=0.62 spd=1.00 mult=1.00 st=Attack anim=Charge/- drift=14.87 cut=14.87 meshOff=0.24m vis bounds+0.5m pos=(476.3,440.5) dist=2.6 vel=0.0
[   572   14.597 x1.00] TEL charge Strike n=0.68 spd=1.00 mult=1.00 st=Attack anim=Charge/- drift=15.98 cut=15.98 meshOff=0.24m vis bounds+0.5m pos=(476.3,440.5) dist=2.6 vel=0.0
[   577   14.695 x1.00] TEL charge Strike n=0.74 spd=1.00 mult=1.00 st=Attack anim=Charge/- drift=16.69 cut=16.69 meshOff=0.24m vis bounds+0.5m pos=(476.3,440.5) dist=2.6 vel=0.0
[   580   14.757 x1.00] LOG  [CameraGameFeel] Shake: intensity=0.45 duration=0.350s
[   580   14.757 x1.00] LOG  [Combat] Hit react: HitReact_Heavy_2Leg (0.9s)
[   580   14.757 x1.00] LOG  [CameraGameFeel] Shake: intensity=0.28 duration=0.150s
[   580   14.757 x1.00] LOG  [CameraGameFeel] FOV punch: player damage (-3.0°)
[   580   14.757 x1.00] LOG  [OniBoss] Hit player for 18 (Oni_Charge)
[   580   14.757 x1.00] LOG  [AirPosePin] engaged, holding body at 0.610m above the transform
[   582   14.798 x1.00] TEL charge Strike n=0.81 spd=1.00 mult=1.00 st=Attack anim=Charge/- drift=17.27 cut=17.27 meshOff=0.24m vis bounds+0.5m pos=(476.3,440.5) dist=2.3 vel=0.0
[   587   14.898 x1.00] TEL charge Strike n=0.87 spd=1.00 mult=1.00 st=Attack anim=Charge/- drift=17.72 cut=17.72 meshOff=0.24m vis bounds+0.3m pos=(476.3,440.5) dist=2.1 vel=0.0
[   588   14.919 x1.00] LOG  [AirPosePin] released, peak correction was -0.002m
[   592   14.996 x1.00] TEL charge Strike n=0.94 spd=1.00 mult=1.00 st=Attack anim=Charge/- drift=17.99 cut=17.99 meshOff=0.24m vis bounds+0.3m pos=(476.3,440.5) dist=2.1 vel=0.0
[   597   15.097 x1.00] LOG  [OniBoss] Attack → Recovery
[   597   15.097 x1.00] LOG  [OniBoss] Playing animation: Watch
[   597   15.097 x1.00] LOG  [OniBoss:Layer] charge complete: engine left Attack (now Recovery) during Strike
[   597   15.097 x1.00] TEL charge None   n=1.00 spd=1.00 mult=1.00 st=Recovery anim=Charge/h-1849006814 drift=16.32 cut=16.32 meshOff=0.24m vis bounds+0.0m pos=(476.3,440.5) dist=2.1 vel=0.0
[   602   15.196 x1.00] TEL charge None   n=1.07 spd=1.00 mult=1.00 st=Recovery anim=Charge/h-1849006814 drift=6.63 cut=6.63 meshOff=0.24m vis bounds+0.1m pos=(476.3,440.5) dist=2.1 vel=0.0
[   605   15.256 x1.00] LOG  [OniBoss] Recovery → Chase
[   606   15.276 x1.00] LOG  [OniBoss] hold-ground: BACKSTEP 1.5m (player 2.1m)
[   607   15.299 x1.00] TEL charge None   n=1.12 spd=1.00 mult=1.00 st=Chase anim=Charge/h765711723 drift=0.41 cut=0.41 meshOff=0.24m vis bounds+0.1m pos=(476.4,440.6) dist=2.2 vel=0.0
[   610   15.364 x1.00] LOG  [OniBoss:Layer] charge end (clip left the animator) after 2.65s real: pin measured 133 frames, cancelled on 132, max raw drift 18.07m, max cancelled 18.07m — travel WAS baked in, pin held it
[   650   16.225 x1.00] LOG  [OniBoss] hold-ground: backstep done (1.52m), WATCH (player 3.6m, cooldown 2.0s)
[   650   16.225 x1.00] LOG  [OniBoss] Playing animation: Watch
[   676   16.769 x1.00] LOG  
==================== [FREEZE-DEBUG v3] ====================
  Reason : WASD-NOMOVE: WASD recent + speed 0.00m/s for 0.40s
  Time   : 12.612s   Frame: 676   Snaps: 60
===========================================================

--- CURRENT STATE ---
  Flags: atk=False hvy=False dod=False dsh=False
         grd=False hit=False aerial=False lockPos=False
         comboStep=0
  Anim : speed=1.00  combatLayer hash=-792875657 normT=1.078 weight=1.00 inTransition=False
  CC   : grounded=True  enabled=True  pos=(475.42, -0.02, 438.97)  vel=(0.00, 0.00, 0.00)
  Move : IsRunning=False
  Input: H=0.00 V=0.00  LMB=False MMB=False Q=False Sp=False Sh=False C=False
         WASD pressed in last 0.5s: True (last 0.23s ago)

--- FLIGHT RECORDER (60 snapshots, oldest first, dt=0.10s) ---
  Legend: flags = A(tk) H(vy) D(od) S(sh) G(rd) R(eact) Y(aerial) L(ock)   gnd/cc: Y/n
  t-now    flags     step gnd cc anSp normT layW tr | posX     posZ     spd   | H    V    LMB MMB Q  Sp Sh C
  ------   --------  ---- --- -- ---- ----- ---- -- | -----    -----    ----  | ---- ---- --- --- -- -- -- -
  - 6.54s  --------    0  n   Y  1.00  0.61 1.00 -  |   479.9    437.2  0.00 |  0.0  1.0 0   0   0  0  0  0
  - 6.43s  --------    0  n   Y  1.00  0.74 1.00 -  |   479.9    437.7  0.00 |  1.0  0.0 0   0   0  0  0  0
  - 6.32s  --------    0  Y   Y  1.00  0.88 1.00 -  |   479.9    438.2  0.00 |  1.0  0.0 0   0   0  0  0  0
  - 6.21s  --------    0  Y   Y  1.00  1.01 1.00 T  |   480.1    438.3  0.00 |  1.0  0.0 0   0   0  0  0  0
  - 6.10s  --------    0  Y   Y  1.00  0.11 1.00 -  |   480.3    438.4  0.00 |  1.0  0.0 0   0   0  0  0  0
  - 6.00s  --------    0  Y   Y  1.00  0.21 1.00 -  |   480.5    438.4  0.00 |  1.0  0.0 0   0   0  0  0  0
  - 5.88s  --------    0  Y   Y  1.00  0.33 1.00 -  |   480.8    438.4  0.00 |  1.0  0.0 0   0   0  0  0  0
  - 5.77s  --------    0  Y   Y  1.00  0.44 1.00 -  |   481.0    438.4  0.00 |  1.0  0.0 0   0   0  0  0  0
  - 5.66s  --------    0  Y   Y  1.00  0.55 1.00 -  |   481.2    438.5  0.00 |  1.0  0.0 0   0   0  0  0  0
  - 5.54s  --------    0  Y   Y  1.00  0.67 1.00 -  |   481.4    438.5  0.00 |  0.0  0.0 0   0   0  0  0  0
  - 5.44s  --------    0  Y   Y  1.00  0.77 1.00 -  |   481.6    438.5  0.00 | -1.0  0.0 0   0   0  0  0  0
  - 5.32s  --------    0  Y   Y  1.00  0.89 1.00 -  |   481.4    438.5  0.00 | -1.0  0.0 0   0   0  0  0  0
  - 5.22s  --------    0  Y   Y  1.00  0.99 1.00 -  |   480.8    438.4  0.00 | -1.0  0.0 0   0   0  0  1  0
  - 5.10s  --------    0  Y   Y  1.00  1.11 1.00 -  |   480.0    438.4  0.00 | -1.0  0.0 0   0   0  0  1  0
  - 5.00s  --------    0  Y   Y  1.00  1.21 1.00 -  |   479.3    438.3  0.00 | -1.0  0.0 0   0   0  0  1  0
  - 4.90s  --------    0  Y   Y  1.00  1.32 1.00 -  |   478.6    438.3  0.00 | -1.0  0.0 0   0   0  0  1  0
  - 4.78s  --------    0  Y   Y  1.00  1.43 1.00 -  |   477.7    438.2  0.00 | -1.0  0.0 0   0   0  0  1  0
  - 4.66s  --------    0  Y   Y  1.00  1.55 1.00 -  |   476.9    438.1  0.00 |  0.0  0.0 0   0   0  0  1  0
  - 4.54s  --------    0  Y   Y  1.00  1.67 1.00 -  |   476.1    438.1  0.00 |  0.0  0.0 0   0   0  0  1  0
  - 4.42s  --------    0  Y   Y  1.00  1.79 1.00 -  |   475.5    438.0  0.00 |  0.0  0.0 0   0   0  0  1  0
  - 4.31s  --------    0  Y   Y  1.00  1.90 1.00 -  |   475.5    438.0  0.00 |  0.0  0.0 0   0   0  0  0  0
  - 4.20s  --------    0  Y   Y  1.00  2.01 1.00 -  |   475.5    438.0  0.00 |  0.0  0.0 0   0   0  0  0  0
  - 4.09s  --------    0  Y   Y  1.00  2.12 1.00 -  |   475.5    438.0  0.00 |  0.0  0.0 0   0   0  0  1  0
  - 3.99s  --------    0  Y   Y  1.00  2.22 1.00 -  |   475.5    438.0  0.00 |  0.0  0.0 0   0   0  0  1  0
  - 3.87s  --------    0  Y   Y  1.00  2.34 1.00 -  |   475.5    438.0  0.00 |  0.0  0.0 0   0   0  0  1  0
  - 3.75s  --------    0  Y   Y  1.00  2.46 1.00 -  |   475.5    438.0  0.00 |  0.0  0.0 0   0   0  0  1  0
  - 3.64s  --------    0  Y   Y  1.00  2.57 1.00 -  |   475.5    438.0  0.00 |  0.0  0.0 0   0   0  0  1  0
  - 3.53s  --------    0  Y   Y  1.00  2.68 1.00 -  |   475.5    438.0  0.00 |  0.0  0.0 0   0   0  0  1  0
  - 3.43s  --------    0  Y   Y  1.00  2.78 1.00 -  |   475.5    438.0  0.00 |  0.0  0.0 0   0   0  0  1  0
  - 3.31s  --------    0  Y   Y  1.00  2.90 1.00 -  |   475.5    438.0  0.00 |  0.0  0.0 0   0   0  0  1  0
  - 3.21s  --------    0  Y   Y  1.00  3.00 1.00 -  |   475.5    438.0  0.00 |  0.0  0.0 0   0   0  0  1  0
  - 3.09s  --------    0  Y   Y  1.00  3.12 1.00 -  |   475.5    438.0  0.00 |  0.0  0.0 0   0   0  0  1  0
  - 2.99s  --------    0  Y   Y  1.00  3.22 1.00 -  |   475.5    438.0  0.00 |  0.0  0.0 0   0   0  0  1  0
  - 2.87s  --------    0  Y   Y  1.00  3.34 1.00 -  |   475.5    438.0  0.00 |  0.0  0.0 0   0   0  0  1  0
  - 2.77s  --------    0  Y   Y  1.00  3.45 1.00 -  |   475.5    438.0  0.00 |  0.0  0.0 0   0   0  0  1  0
  - 2.65s  --------    0  Y   Y  1.00  3.56 1.00 -  |   475.5    438.0  0.00 |  0.0  0.0 0   0   0  0  1  0
  - 2.53s  --------    0  Y   Y  1.00  3.68 1.00 -  |   475.5    438.0  0.00 |  0.0  0.0 0   0   0  0  1  0
  - 2.43s  --------    0  Y   Y  1.00  3.78 1.00 -  |   475.5    438.0  0.00 |  0.0  0.0 0   0   0  0  1  0
  - 2.33s  --------    0  Y   Y  1.00  3.88 1.00 -  |   475.5    438.0  0.00 |  0.0  0.0 0   0   0  0  1  0
  - 2.21s  --------    0  Y   Y  1.00  4.00 1.00 -  |   475.5    438.0  0.00 |  0.0  0.0 0   0   0  0  1  0
  - 2.09s  --------    0  Y   Y  1.00  4.12 1.00 -  |   475.5    438.0  0.00 |  0.0  0.0 0   0   0  0  1  0
  - 1.99s  -----R--    0  Y   Y  1.00  0.00 1.00 -  |   475.5    438.2  0.00 |  0.0  0.0 0   0   0  0  1  0
  - 1.89s  -----R--    0  Y   Y  1.00  0.08 1.00 -  |   475.6    438.5  0.00 |  0.0  0.0 0   0   0  0  1  0
  - 1.77s  -----R--    0  Y   Y  1.00  0.18 1.00 -  |   475.7    438.5  0.00 |  0.0  0.0 0   0   0  0  1  0
  - 1.67s  -----R--    0  Y   Y  1.00  0.27 1.00 -  |   475.7    438.5  0.00 |  0.0  0.0 0   0   0  0  1  0
  - 1.55s  -----R--    0  Y   Y  1.00  0.36 1.00 -  |   475.7    438.5  0.00 |  0.0  0.0 0   0   0  0  1  0
  - 1.45s  -----R--    0  Y   Y  1.00  0.45 1.00 -  |   475.7    438.5  0.00 |  0.0  0.0 0   0   0  0  1  0
  - 1.34s  -----R--    0  Y   Y  1.00  0.54 1.00 -  |   475.7    438.5  0.00 |  0.0  0.0 0   0   0  0  1  0
  - 1.24s  -----R--    0  Y   Y  1.00  0.63 1.00 -  |   475.7    438.5  0.00 |  0.0  0.0 0   0   0  0  1  0
  - 1.12s  -----R--    0  Y   Y  1.00  0.72 1.00 -  |   475.7    438.5  0.00 |  0.0  0.0 0   0   0  0  1  0
  - 1.01s  --------    0  Y   Y  1.00  0.81 1.00 T  |   475.7    438.5  0.00 |  0.0  0.0 0   0   0  0  1  0
  - 0.90s  --------    0  Y   Y  1.00  0.17 1.00 -  |   475.7    438.5  0.00 |  0.0  0.0 0   0   0  0  1  0
  - 0.80s  --------    0  Y   Y  1.00  0.28 1.00 -  |   475.7    438.5  0.00 |  0.0  0.0 0   0   0  0  1  0
  - 0.68s  --------    0  Y   Y  1.00  0.40 1.00 -  |   475.7    438.5  0.00 |  0.0  0.0 0   0   0  0  1  0
  - 0.57s  --------    0  Y   Y  1.00  0.51 1.00 -  |   475.7    438.5  0.00 |  0.0  0.0 0   0   0  0  1  0
  - 0.46s  --------    0  Y   Y  1.00  0.61 1.00 -  |   475.7    438.5  0.00 |  0.0  0.0 0   0   0  0  0  0
  - 0.34s  --------    0  Y   Y  1.00  0.73 1.00 -  |   475.6    438.5  0.00 | -1.0  0.0 0   0   0  0  0  0
  - 0.23s  --------    0  Y   Y  1.00  0.84 1.00 -  |   475.5    438.7  0.00 | -1.0  0.0 0   0   0  0  0  0
  - 0.12s  --------    0  Y   Y  1.00  0.95 1.00 -  |   475.4    438.9  0.00 |  0.0  0.0 0   0   0  0  0  0
  - 0.02s  --------    0  Y   Y  1.00  1.06 1.00 -  |   475.4    439.0  0.00 |  0.0  0.0 0   0   0  0  0  0
=========================================================== END

[   751   18.267 x1.00] LOG  [OniBoss] Chase → Attack
[   751   18.267 x1.00] LOG  [OniBoss] Attack: ClubSwing2 (16 dmg)
[   751   18.267 x1.00] LOG  [OniBoss:ClubPos] ClubSwing2 at strike: club tip 5.07m up, -1.77m in front, 1.03m to his right (2.05m out from his centre). Club faces 157deg from his forward, pitch 0.09. Effect currently spawns at 1.20m up / 1.50m front => off by 3.87m up, -3.27m front.
[   751   18.267 x1.00] LOG  [OniBoss:Layer] swing wave: club reached her at 3.3m, wave is visual only.
[   754   18.346 x1.00] LOG  [OniBoss:Layer] step-in: 'ClubSwing2' closed 0.30m, Yoru now 3.0m away (range 3.5)
[   769   18.668 x1.00] LOG  [CameraGameFeel] Shake: intensity=0.20 duration=0.250s
[   769   18.668 x1.00] LOG  [Combat] Hit react: HitReact_Light_2Leg (0.5s)
[   769   18.668 x1.00] LOG  [CameraGameFeel] Shake: intensity=0.09 duration=0.150s
[   769   18.668 x1.00] LOG  [CameraGameFeel] FOV punch: player damage (-2.0°)
[   769   18.668 x1.00] LOG  [OniBoss] Hit player for 16 (ClubSwing2)
[   769   18.668 x1.00] LOG  [AirPosePin] engaged, holding body at 0.612m above the transform
[   777   18.843 x1.00] LOG  [AirPosePin] released, peak correction was 0.000m
[   807   19.447 x1.00] LOG  [OniBoss] Attack → Recovery
[   807   19.447 x1.00] LOG  [OniBoss] Playing animation: Watch
[   807   19.447 x1.00] LOG  [OniBoss:Strike] ClubSwing2: club tip closest to Yoru at 0.68m, clip position 0.29 | damage fires at 0.32 | clip 1.17s => MATCHED (within one or two frames)
[   815   19.607 x1.00] LOG  [OniBoss] Recovery → Chase
[   816   19.627 x1.00] LOG  [OniBoss] hold-ground: BACKSTEP 1.5m (player 2.5m)
[   859   20.570 x1.00] LOG  [OniBoss] hold-ground: backstep done (1.50m), WATCH (player 4.0m, cooldown 2.0s)
[   859   20.570 x1.00] LOG  [OniBoss] Playing animation: Watch
[   960   22.632 x1.00] LOG  [OniBoss] hold-ground: cooldown over, player 4.0m > 3.5m — APPROACH
[   960   22.632 x1.00] LOG  [OniBoss] Playing animation: Walk
[   976   23.056 x1.00] LOG  [OniBoss] Combo started: ClubSwing1 → ClubSwing2 → ClubSlam (3 steps remaining)
[   976   23.056 x1.00] LOG  [OniBoss] Chase → Attack
[   976   23.056 x1.00] LOG  [OniBoss] Attack: Club_Swing (16 dmg)
[   976   23.056 x1.00] LOG  [OniBoss:Layer] step-in: 'Club_Swing' closed 0.06m, Yoru now 3.0m away (range 3.5)
[   979   23.136 x1.00] LOG  
==================== [FREEZE-DEBUG v3] ====================
  Reason : WASD-NOMOVE: WASD recent + speed 0.00m/s for 0.41s
  Time   : 18.979s   Frame: 979   Snaps: 60
===========================================================

--- CURRENT STATE ---
  Flags: atk=False hvy=False dod=False dsh=False
         grd=False hit=False aerial=False lockPos=False
         comboStep=0
  Anim : speed=1.00  combatLayer hash=-792875657 normT=3.945 weight=1.00 inTransition=False
  CC   : grounded=True  enabled=True  pos=(475.40, -0.02, 440.06)  vel=(0.00, 0.00, 0.00)
  Move : IsRunning=False
  Input: H=0.00 V=0.00  LMB=False MMB=False Q=False Sp=False Sh=False C=False
         WASD pressed in last 0.5s: True (last 0.13s ago)

--- FLIGHT RECORDER (60 snapshots, oldest first, dt=0.10s) ---
  Legend: flags = A(tk) H(vy) D(od) S(sh) G(rd) R(eact) Y(aerial) L(ock)   gnd/cc: Y/n
  t-now    flags     step gnd cc anSp normT layW tr | posX     posZ     spd   | H    V    LMB MMB Q  Sp Sh C
  ------   --------  ---- --- -- ---- ----- ---- -- | -----    -----    ----  | ---- ---- --- --- -- -- -- -
  - 6.49s  --------    0  Y   Y  1.00  0.95 1.00 -  |   475.4    438.9  0.00 |  0.0  0.0 0   0   0  0  0  0
  - 6.39s  --------    0  Y   Y  1.00  1.06 1.00 -  |   475.4    439.0  0.00 |  0.0  0.0 0   0   0  0  0  0
  - 6.27s  --------    0  Y   Y  1.00  1.17 1.00 -  |   475.4    439.0  0.00 |  0.0  0.0 0   0   0  0  0  0
  - 6.17s  --------    0  Y   Y  1.00  1.28 1.00 -  |   475.4    439.0  0.00 |  0.0  0.0 0   0   0  0  0  0
  - 6.05s  --------    0  Y   Y  1.00  1.40 1.00 -  |   475.4    439.0  0.00 |  0.0  0.0 0   0   0  0  0  0
  - 5.95s  --------    0  Y   Y  1.00  1.49 1.00 -  |   475.4    439.0  0.00 |  0.0  0.0 0   0   0  0  0  0
  - 5.83s  --------    0  Y   Y  1.00  1.61 1.00 -  |   475.4    439.0  0.00 |  0.0  0.0 0   0   0  0  0  0
  - 5.73s  --------    0  Y   Y  1.00  1.71 1.00 -  |   475.4    439.0  0.00 |  0.0  0.0 0   0   0  0  0  0
  - 5.63s  --------    0  Y   Y  1.00  1.81 1.00 -  |   475.4    439.0  0.00 |  0.0  0.0 0   0   0  0  0  0
  - 5.53s  --------    0  Y   Y  1.00  1.91 1.00 -  |   475.4    439.0  0.00 |  0.0  0.0 0   0   0  0  0  0
  - 5.41s  --------    0  Y   Y  1.00  2.04 1.00 -  |   475.4    439.0  0.00 |  0.0  0.0 0   0   0  0  0  0
  - 5.29s  --------    0  Y   Y  1.00  2.15 1.00 -  |   475.4    439.0  0.00 |  0.0  0.0 0   0   0  0  0  0
  - 5.19s  --------    0  Y   Y  1.00  2.25 1.00 -  |   475.4    439.0  0.00 |  0.0  0.0 0   0   0  0  0  0
  - 5.07s  --------    0  Y   Y  1.00  2.37 1.00 -  |   475.4    439.0  0.00 |  0.0  0.0 0   0   0  0  0  0
  - 4.97s  --------    0  Y   Y  1.00  2.48 1.00 -  |   475.4    439.0  0.00 |  0.0  0.0 0   0   0  0  0  0
  - 4.84s  --------    0  Y   Y  1.00  2.59 1.00 -  |   475.4    439.0  0.00 |  0.0  0.0 0   0   0  0  0  0
  - 4.74s  --------    0  Y   Y  1.00  2.70 1.00 -  |   475.4    439.0  0.00 |  0.0  0.0 0   0   0  0  0  0
  - 4.63s  --------    0  Y   Y  1.00  2.82 1.00 -  |   475.4    439.0  0.00 |  0.0  0.0 0   0   0  0  0  0
  - 4.52s  --------    0  Y   Y  1.00  2.91 1.00 -  |   475.4    439.0  0.00 |  0.0  0.0 0   0   0  0  0  0
  - 4.41s  -----R--    0  Y   Y  1.00  0.03 1.00 -  |   475.5    439.2  0.00 |  0.0  0.0 0   0   0  0  0  0
  - 4.29s  -----R--    0  Y   Y  1.00  0.13 1.00 -  |   475.6    439.4  0.00 |  0.0  0.0 0   0   0  0  0  0
  - 4.19s  -----R--    0  Y   Y  1.00  0.21 1.00 -  |   475.6    439.4  0.00 |  0.0  0.0 0   0   0  0  0  0
  - 4.09s  -----R--    0  Y   Y  1.00  0.30 1.00 -  |   475.6    439.4  0.00 |  0.0  0.0 0   0   0  0  0  0
  - 3.99s  -----R--    0  Y   Y  1.00  0.38 1.00 -  |   475.6    439.4  0.00 |  0.0  0.0 0   0   0  0  0  0
  - 3.87s  --------    0  Y   Y  1.00  0.48 1.00 T  |   475.6    439.4  0.00 |  0.0  0.0 0   0   0  0  0  0
  - 3.75s  --------    0  Y   Y  1.00  0.20 1.00 -  |   475.6    439.4  0.00 |  0.0  0.0 0   0   0  0  0  0
  - 3.65s  --------    0  Y   Y  1.00  0.30 1.00 -  |   475.6    439.4  0.00 |  0.0  0.0 0   0   0  0  0  0
  - 3.53s  --------    0  Y   Y  1.00  0.42 1.00 -  |   475.6    439.4  0.00 |  0.0  0.0 0   0   0  0  0  0
  - 3.42s  --------    0  Y   Y  1.00  0.53 1.00 -  |   475.6    439.4  0.00 |  0.0  0.0 0   0   0  0  0  0
  - 3.31s  --------    0  Y   Y  1.00  0.63 1.00 -  |   475.6    439.4  0.00 |  0.0  0.0 0   0   0  0  0  0
  - 3.20s  --------    0  Y   Y  1.00  0.74 1.00 -  |   475.6    439.4  0.00 |  0.0  0.0 0   0   0  0  0  0
  - 3.09s  --------    0  Y   Y  1.00  0.85 1.00 -  |   475.6    439.4  0.00 |  0.0  0.0 0   0   0  0  0  0
  - 2.98s  --------    0  Y   Y  1.00  0.97 1.00 -  |   475.6    439.4  0.00 |  0.0  0.0 0   0   0  0  0  0
  - 2.87s  --------    0  Y   Y  1.00  1.07 1.00 -  |   475.6    439.4  0.00 |  0.0  0.0 0   0   0  0  0  0
  - 2.76s  --------    0  Y   Y  1.00  1.18 1.00 -  |   475.6    439.4  0.00 |  0.0  0.0 0   0   0  0  0  0
  - 2.65s  --------    0  Y   Y  1.00  1.29 1.00 -  |   475.6    439.4  0.00 |  0.0  0.0 0   0   0  0  0  0
  - 2.54s  --------    0  Y   Y  1.00  1.40 1.00 -  |   475.6    439.4  0.00 |  0.0  0.0 0   0   0  0  0  0
  - 2.43s  --------    0  Y   Y  1.00  1.52 1.00 -  |   475.6    439.4  0.00 |  0.0  0.0 0   0   0  0  0  0
  - 2.33s  --------    0  Y   Y  1.00  1.62 1.00 -  |   475.6    439.4  0.00 |  0.0  0.0 0   0   0  0  0  0
  - 2.21s  --------    0  Y   Y  1.00  1.74 1.00 -  |   475.6    439.4  0.00 |  0.0  0.0 0   0   0  0  0  0
  - 2.10s  --------    0  Y   Y  1.00  1.84 1.00 -  |   475.6    439.4  0.00 |  0.0  0.0 0   0   0  0  0  0
  - 2.00s  --------    0  Y   Y  1.00  1.95 1.00 -  |   475.6    439.4  0.00 |  0.0  0.0 0   0   0  0  0  0
  - 1.90s  --------    0  Y   Y  1.00  2.05 1.00 -  |   475.6    439.4  0.00 |  0.0  0.0 0   0   0  0  0  0
  - 1.78s  --------    0  Y   Y  1.00  2.17 1.00 -  |   475.6    439.4  0.00 |  0.0  0.0 0   0   0  0  0  0
  - 1.65s  --------    0  Y   Y  1.00  2.29 1.00 -  |   475.6    439.4  0.00 |  0.0  0.0 0   0   0  0  0  0
  - 1.55s  --------    0  Y   Y  1.00  2.39 1.00 -  |   475.6    439.4  0.00 |  0.0  0.0 0   0   0  0  0  0
  - 1.45s  --------    0  Y   Y  1.00  2.50 1.00 -  |   475.6    439.4  0.00 |  0.0  0.0 0   0   0  0  0  0
  - 1.33s  --------    0  Y   Y  1.00  2.61 1.00 -  |   475.6    439.4  0.00 |  0.0  0.0 0   0   0  0  0  0
  - 1.22s  --------    0  Y   Y  1.00  2.73 1.00 -  |   475.6    439.4  0.00 |  0.0  0.0 0   0   0  0  0  0
  - 1.12s  --------    0  Y   Y  1.00  2.83 1.00 -  |   475.6    439.4  0.00 |  0.0  0.0 0   0   0  0  0  0
  - 1.00s  --------    0  Y   Y  1.00  2.95 1.00 -  |   475.6    439.4  0.00 |  0.0  0.0 0   0   0  0  0  0
  - 0.90s  --------    0  Y   Y  1.00  3.05 1.00 -  |   475.6    439.4  0.00 |  0.0  0.0 0   0   0  0  0  0
  - 0.79s  --------    0  Y   Y  1.00  3.16 1.00 -  |   475.6    439.4  0.00 |  0.0  0.0 0   0   0  0  0  0
  - 0.68s  --------    0  Y   Y  1.00  3.26 1.00 -  |   475.6    439.4  0.00 |  0.0  0.0 0   0   0  0  0  0
  - 0.58s  --------    0  Y   Y  1.00  3.37 1.00 -  |   475.6    439.4  0.00 |  0.0  0.0 0   0   0  0  0  0
  - 0.45s  --------    0  Y   Y  1.00  3.49 1.00 -  |   475.6    439.4  0.00 |  0.0  0.0 0   0   0  0  0  0
  - 0.35s  --------    0  Y   Y  1.00  3.59 1.00 -  |   475.6    439.4  0.00 | -1.0  0.0 0   0   0  0  0  0
  - 0.24s  --------    0  Y   Y  1.00  3.70 1.00 -  |   475.6    439.6  0.00 | -1.0  0.0 0   0   0  0  0  0
  - 0.13s  --------    0  Y   Y  1.00  3.81 1.00 -  |   475.5    439.8  0.00 | -1.0  0.0 0   0   0  0  0  0
  - 0.02s  --------    0  Y   Y  1.00  3.92 1.00 -  |   475.4    440.0  0.00 |  0.0  0.0 0   0   0  0  0  0
=========================================================== END

[  1008   23.790 x1.00] LOG  [CameraGameFeel] Shake: intensity=0.20 duration=0.250s
[  1008   23.790 x1.00] LOG  [Combat] Hit react: HitReact_Light_2Leg (0.5s)
[  1008   23.790 x1.00] LOG  [CameraGameFeel] Shake: intensity=0.09 duration=0.150s
[  1008   23.790 x1.00] LOG  [CameraGameFeel] FOV punch: player damage (-2.0°)
[  1008   23.790 x1.00] LOG  [OniBoss] Hit player for 16 (Club_Swing)
[  1008   23.790 x1.00] LOG  [OniBoss:ClubPos] Club_Swing at strike: club tip 1.02m up, 0.88m in front, -1.33m to his right (1.59m out from his centre). Club faces -87deg from his forward, pitch -0.23. Effect currently spawns at 1.20m up / 1.50m front => off by -0.18m up, -0.62m front.
[  1008   23.790 x1.00] LOG  [OniBoss:Layer] swing wave: club reached her at 2.6m, wave is visual only.
[  1008   23.790 x1.00] LOG  [AirPosePin] engaged, holding body at 0.610m above the transform
[  1014   23.936 x1.00] LOG  [OniBoss] Attack → Recovery
[  1014   23.936 x1.00] LOG  [OniBoss] Playing animation: Watch
[  1014   23.936 x1.00] LOG  [OniBoss:Strike] Club_Swing: club tip closest to Yoru at 0.89m, clip position 0.93 | damage fires at 0.85 | clip 0.84s => damage fires 67 ms BEFORE the club is closest
[  1015   23.961 x1.00] LOG  [AirPosePin] released, peak correction was -0.002m
[  1021   24.092 x1.00] LOG  [OniBoss] Recovery → Attack
[  1021   24.092 x1.00] LOG  [OniBoss] Attack: ClubSwing2 (16 dmg)
[  1040   24.492 x1.00] LOG  [CameraGameFeel] Shake: intensity=0.20 duration=0.250s
[  1040   24.492 x1.00] LOG  [Combat] Hit react: HitReact_Light_2Leg (0.5s)
[  1040   24.492 x1.00] LOG  [CameraGameFeel] Shake: intensity=0.09 duration=0.150s
[  1040   24.492 x1.00] LOG  [CameraGameFeel] FOV punch: player damage (-2.0°)
[  1040   24.492 x1.00] LOG  [OniBoss] Hit player for 16 (ClubSwing2)
[  1040   24.492 x1.00] LOG  [OniBoss:ClubPos] ClubSwing2 at strike: club tip 0.19m up, 1.60m in front, 2.67m to his right (3.11m out from his centre). Club faces 16deg from his forward, pitch -0.89. Effect currently spawns at 1.20m up / 1.50m front => off by -1.01m up, 0.10m front.
[  1040   24.492 x1.00] LOG  [OniBoss:Layer] swing wave: club reached her at 2.1m, wave is visual only.
[  1040   24.492 x1.00] LOG  [AirPosePin] engaged, holding body at 0.610m above the transform
[  1047   24.659 x1.00] LOG  [AirPosePin] released, peak correction was -0.002m
[  1078   25.284 x1.00] LOG  [OniBoss] Attack → Recovery
[  1078   25.284 x1.00] LOG  [OniBoss] Playing animation: Watch
[  1078   25.284 x1.00] LOG  [OniBoss:Strike] ClubSwing2: club tip closest to Yoru at 1.12m, clip position 0.31 | damage fires at 0.32 | clip 1.17s => MATCHED (within one or two frames)
[  1085   25.444 x1.00] LOG  [OniBoss] Recovery → Attack
[  1085   25.444 x1.00] LOG  [OniBoss] Attack: ClubSlam (20 dmg)
[  1107   25.952 x1.00] LOG  [CameraGameFeel] Shake: intensity=0.50 duration=0.400s
[  1107   25.952 x1.00] LOG  [Combat] Hit react: HitReact_Heavy_2Leg (0.9s)
[  1107   25.952 x1.00] LOG  [CameraGameFeel] Shake: intensity=0.28 duration=0.150s
[  1107   25.952 x1.00] LOG  [CameraGameFeel] FOV punch: player damage (-3.0°)
[  1107   25.952 x1.00] LOG  [OniBoss] Hit player for 20 (ClubSlam)
[  1107   25.952 x1.00] LOG  [OniBoss:ClubPos] ClubSlam at strike: club tip 0.14m up, 3.53m in front, 0.36m to his right (3.55m out from his centre). Club faces 19deg from his forward, pitch -0.11. Effect currently spawns at 1.20m up / 1.50m front => off by -1.06m up, 2.03m front.
[  1107   25.952 x1.00] LOG  [OniBoss:Layer] swing wave: club reached her at 2.0m, wave is visual only.
[  1107   25.952 x1.00] LOG  [AirPosePin] engaged, holding body at 0.610m above the transform
[  1113   26.109 x1.00] LOG  [AirPosePin] released, peak correction was -0.002m
[  1125   26.391 x1.00] LOG  [OniBoss] Attack → Recovery
[  1125   26.391 x1.00] LOG  [OniBoss] Playing animation: Watch
[  1125   26.391 x1.00] LOG  [OniBoss:Strike] ClubSlam: club tip closest to Yoru at 0.25m, clip position 0.95 | damage fires at 0.52 | clip 0.93s => damage fires 394 ms BEFORE the club is closest
[  1131   26.543 x1.00] LOG  [OniBoss] Recovery → Chase
[  1132   26.570 x1.00] LOG  [OniBoss] hold-ground: BACKSTEP 1.5m (player 2.0m)
[  1170   27.517 x1.00] LOG  [OniBoss] hold-ground: backstep done (1.52m), WATCH (player 3.2m, cooldown 2.0s)
[  1170   27.517 x1.00] LOG  [OniBoss] Playing animation: Watch
[  1178   27.716 x1.00] LOG  [StormWeather] ⚡ strike at (471.33, 45.00, 455.72)
[  1180   27.768 x1.00] LOG  
==================== [FREEZE-DEBUG v3] ====================
  Reason : WASD-NOMOVE: WASD recent + speed 0.00m/s for 0.42s
  Time   : 23.610s   Frame: 1180   Snaps: 60
===========================================================

--- CURRENT STATE ---
  Flags: atk=False hvy=False dod=False dsh=False
         grd=False hit=False aerial=False lockPos=False
         comboStep=0
  Anim : speed=1.00  combatLayer hash=-792875657 normT=0.879 weight=1.00 inTransition=False
  CC   : grounded=True  enabled=True  pos=(474.85, -0.02, 443.35)  vel=(0.00, 0.00, 0.00)
  Move : IsRunning=True
  Input: H=-1.00 V=0.00  LMB=False MMB=False Q=False Sp=False Sh=True C=False
         WASD pressed in last 0.5s: True (last 0.00s ago)

--- FLIGHT RECORDER (60 snapshots, oldest first, dt=0.10s) ---
  Legend: flags = A(tk) H(vy) D(od) S(sh) G(rd) R(eact) Y(aerial) L(ock)   gnd/cc: Y/n
  t-now    flags     step gnd cc anSp normT layW tr | posX     posZ     spd   | H    V    LMB MMB Q  Sp Sh C
  ------   --------  ---- --- -- ---- ----- ---- -- | -----    -----    ----  | ---- ---- --- --- -- -- -- -
  - 6.63s  --------    0  Y   Y  1.00  1.95 1.00 -  |   475.6    439.4  0.00 |  0.0  0.0 0   0   0  0  0  0
  - 6.53s  --------    0  Y   Y  1.00  2.05 1.00 -  |   475.6    439.4  0.00 |  0.0  0.0 0   0   0  0  0  0
  - 6.41s  --------    0  Y   Y  1.00  2.17 1.00 -  |   475.6    439.4  0.00 |  0.0  0.0 0   0   0  0  0  0
  - 6.29s  --------    0  Y   Y  1.00  2.29 1.00 -  |   475.6    439.4  0.00 |  0.0  0.0 0   0   0  0  0  0
  - 6.19s  --------    0  Y   Y  1.00  2.39 1.00 -  |   475.6    439.4  0.00 |  0.0  0.0 0   0   0  0  0  0
  - 6.08s  --------    0  Y   Y  1.00  2.50 1.00 -  |   475.6    439.4  0.00 |  0.0  0.0 0   0   0  0  0  0
  - 5.97s  --------    0  Y   Y  1.00  2.61 1.00 -  |   475.6    439.4  0.00 |  0.0  0.0 0   0   0  0  0  0
  - 5.85s  --------    0  Y   Y  1.00  2.73 1.00 -  |   475.6    439.4  0.00 |  0.0  0.0 0   0   0  0  0  0
  - 5.75s  --------    0  Y   Y  1.00  2.83 1.00 -  |   475.6    439.4  0.00 |  0.0  0.0 0   0   0  0  0  0
  - 5.63s  --------    0  Y   Y  1.00  2.95 1.00 -  |   475.6    439.4  0.00 |  0.0  0.0 0   0   0  0  0  0
  - 5.53s  --------    0  Y   Y  1.00  3.05 1.00 -  |   475.6    439.4  0.00 |  0.0  0.0 0   0   0  0  0  0
  - 5.42s  --------    0  Y   Y  1.00  3.16 1.00 -  |   475.6    439.4  0.00 |  0.0  0.0 0   0   0  0  0  0
  - 5.31s  --------    0  Y   Y  1.00  3.26 1.00 -  |   475.6    439.4  0.00 |  0.0  0.0 0   0   0  0  0  0
  - 5.21s  --------    0  Y   Y  1.00  3.37 1.00 -  |   475.6    439.4  0.00 |  0.0  0.0 0   0   0  0  0  0
  - 5.09s  --------    0  Y   Y  1.00  3.49 1.00 -  |   475.6    439.4  0.00 |  0.0  0.0 0   0   0  0  0  0
  - 4.98s  --------    0  Y   Y  1.00  3.59 1.00 -  |   475.6    439.4  0.00 | -1.0  0.0 0   0   0  0  0  0
  - 4.87s  --------    0  Y   Y  1.00  3.70 1.00 -  |   475.6    439.6  0.00 | -1.0  0.0 0   0   0  0  0  0
  - 4.76s  --------    0  Y   Y  1.00  3.81 1.00 -  |   475.5    439.8  0.00 | -1.0  0.0 0   0   0  0  0  0
  - 4.66s  --------    0  Y   Y  1.00  3.92 1.00 -  |   475.4    440.0  0.00 |  0.0  0.0 0   0   0  0  0  0
  - 4.53s  --------    0  Y   Y  1.00  4.04 1.00 -  |   475.3    440.3  0.00 |  0.0  0.0 0   0   0  0  0  0
  - 4.43s  --------    0  Y   Y  1.00  4.15 1.00 -  |   475.3    440.3  0.00 |  0.0  0.0 0   0   0  0  0  0
  - 4.32s  --------    0  Y   Y  1.00  4.26 1.00 -  |   475.3    440.3  0.00 |  0.0  0.0 0   0   0  0  0  0
  - 4.21s  --------    0  Y   Y  1.00  4.37 1.00 -  |   475.3    440.3  0.00 |  0.0  0.0 0   0   0  0  0  0
  - 4.09s  --------    0  Y   Y  1.00  4.49 1.00 -  |   475.3    440.3  0.00 |  0.0  0.0 0   0   0  0  0  0
  - 3.98s  --------    0  Y   Y  1.00  4.60 1.00 -  |   475.3    440.3  0.00 |  0.0  0.0 0   0   0  0  0  0
  - 3.86s  -----R--    0  Y   Y  1.00  0.08 1.00 -  |   475.6    440.6  0.00 |  0.0  0.0 0   0   0  0  0  0
  - 3.74s  -----R--    0  Y   Y  1.00  0.18 1.00 -  |   475.6    440.7  0.00 |  0.0  0.0 0   0   0  0  0  0
  - 3.63s  -----R--    0  Y   Y  1.00  0.27 1.00 -  |   475.6    440.7  0.00 |  0.0  0.0 0   0   0  0  0  0
  - 3.52s  -----R--    0  Y   Y  1.00  0.36 1.00 -  |   475.6    440.7  0.00 |  0.0  0.0 0   0   0  0  0  0
  - 3.42s  --------    0  Y   Y  1.00  0.45 1.00 T  |   475.6    440.7  0.00 |  0.0  0.0 0   0   0  0  0  0
  - 3.31s  --------    0  Y   Y  1.00  0.12 1.00 -  |   475.6    440.7  0.00 |  0.0  0.0 0   0   0  0  0  0
  - 3.20s  -----R--    0  Y   Y  1.00  0.04 1.00 -  |   475.8    440.9  0.00 |  0.0  0.0 0   0   0  0  0  0
  - 3.09s  -----R--    0  Y   Y  1.00  0.14 1.00 -  |   475.8    440.9  0.00 |  0.0  0.0 0   0   0  0  0  0
  - 2.99s  -----R--    0  Y   Y  1.00  0.22 1.00 -  |   475.8    440.9  0.00 |  0.0  0.0 0   0   0  0  0  0
  - 2.88s  -----R--    0  Y   Y  1.00  0.31 1.00 -  |   475.8    440.9  0.00 |  0.0  0.0 0   0   0  0  0  0
  - 2.77s  --------    0  Y   Y  1.00  0.41 1.00 -  |   475.8    440.9  0.00 |  0.0  0.0 0   0   0  0  0  0
  - 2.67s  --------    0  Y   Y  1.00  0.08 1.00 -  |   475.8    440.9  0.00 |  0.0  0.0 0   0   0  0  0  0
  - 2.56s  --------    0  Y   Y  1.00  0.18 1.00 -  |   475.8    440.9  0.00 |  0.0  0.0 0   0   0  0  0  0
  - 2.46s  --------    0  Y   Y  1.00  0.28 1.00 -  |   475.8    440.9  0.00 |  0.0  0.0 0   0   0  0  0  0
  - 2.34s  --------    0  Y   Y  1.00  0.40 1.00 -  |   475.8    440.9  0.00 |  0.0  0.0 0   0   0  0  0  0
  - 2.23s  --------    0  Y   Y  1.00  0.52 1.00 -  |   475.8    440.9  0.00 |  0.0  0.0 0   0   0  0  0  0
  - 2.12s  --------    0  Y   Y  1.00  0.62 1.00 -  |   475.8    440.9  0.00 |  0.0  0.0 0   0   0  0  0  0
  - 2.01s  --------    0  Y   Y  1.00  0.74 1.00 -  |   475.8    440.9  0.00 |  0.0  0.0 0   0   0  0  0  0
  - 1.89s  --------    0  Y   Y  1.00  0.85 1.00 -  |   475.8    440.9  0.00 |  0.0  0.0 0   0   0  0  0  0
  - 1.76s  -----R--    0  Y   Y  1.00  0.02 1.00 -  |   475.8    440.9  0.00 |  0.0  0.0 0   0   0  0  0  0
  - 1.64s  -----R--    0  Y   Y  1.00  0.13 1.00 -  |   475.8    440.9  0.00 |  0.0  0.0 0   0   0  0  0  0
  - 1.52s  -----R--    0  Y   Y  1.00  0.23 1.00 -  |   475.8    440.9  0.00 |  0.0  0.0 0   0   0  0  0  0
  - 1.40s  -----R--    0  Y   Y  1.00  0.32 1.00 -  |   475.8    440.9  0.00 |  0.0  0.0 0   0   0  0  0  0
  - 1.30s  -----R--    0  Y   Y  1.00  0.41 1.00 -  |   475.8    440.9  0.00 |  0.0  0.0 0   0   0  0  0  0
  - 1.17s  -----R--    0  Y   Y  1.00  0.51 1.00 -  |   475.8    440.9  0.00 |  0.0  0.0 0   0   0  0  0  0
  - 1.06s  -----R--    0  Y   Y  1.00  0.60 1.00 -  |   475.8    440.9  0.00 |  0.0  0.0 0   0   0  0  0  0
  - 0.96s  -----R--    0  Y   Y  1.00  0.69 1.00 -  |   475.8    440.9  0.00 |  0.0  0.0 0   0   0  0  0  0
  - 0.85s  --------    0  Y   Y  1.00  0.77 1.00 T  |   475.8    440.9  0.00 |  0.0  0.0 0   0   0  0  0  0
  - 0.73s  --------    0  Y   Y  1.00  0.15 1.00 -  |   475.8    440.9  0.00 |  0.0  0.0 0   0   0  0  0  0
  - 0.62s  --------    0  Y   Y  1.00  0.26 1.00 -  |   475.8    440.9  0.00 |  0.0  0.0 0   0   0  0  0  0
  - 0.49s  --------    0  Y   Y  1.00  0.39 1.00 -  |   475.8    440.9  0.00 |  0.0  0.0 0   0   0  0  0  0
  - 0.37s  --------    0  Y   Y  1.00  0.51 1.00 -  |   475.8    440.9  0.00 | -1.0  0.0 0   0   0  0  1  0
  - 0.25s  --------    0  Y   Y  1.00  0.63 1.00 -  |   475.5    441.6  0.00 | -1.0  0.0 0   0   0  0  1  0
  - 0.13s  --------    0  Y   Y  1.00  0.75 1.00 -  |   475.2    442.4  0.00 | -1.0  0.0 0   0   0  0  1  0
  - 0.02s  --------    0  Y   Y  1.00  0.85 1.00 -  |   474.9    443.1  0.00 | -1.0  0.0 0   0   0  0  1  0
=========================================================== END

[  1248   29.561 x1.00] LOG  [OniBoss] hold-ground: cooldown over, player 4.0m > 3.5m — APPROACH
[  1248   29.561 x1.00] LOG  [OniBoss] Playing animation: Walk
[  1252   29.673 x1.00] LOG  [Combat] Combo 1: 10 dmg
[  1252   29.673 x1.00] LOG  [ComboTrace] START step=1 state='Combo1' queued=0 target='OniBoss' at 4.2m
[  1252   29.673 x1.00] LOG  [ComboTrace] LAUNCH OniBoss at 2.2m dist=2.19m in 0.22s
[  1252   29.673 x1.00] LOG  [OniBoss] Chase → Attack
[  1252   29.673 x1.00] LOG  [OniBoss] Attack: Club_Swing (16 dmg)
[  1259   29.866 x1.00] LOG  [Combat] Queued click #1 (combo 1)
[  1259   29.866 x1.00] LOG  [ComboTrace] QUEUED #1 during step 1
[  1260   29.890 x1.00] LOG  [ComboTrace] LAUNCH RESULT wanted=2.19m actually moved=1.50m — completed
[  1267   30.052 x1.00] LOG  [Combat] Queued click #2 (combo 1)
[  1267   30.052 x1.00] LOG  [ComboTrace] QUEUED #2 during step 1
[  1278   30.295 x1.00] LOG  OniBoss took 10 damage. HP: 450/500
[  1278   30.295 x1.00] LOG  [OniBoss] 🤕 Hit during Attack — flash only
[  1278   30.295 x1.00] LOG  [Combat] Hit OniBoss for 10
[  1278   30.295 x1.00] LOG  [CameraGameFeel] Shake: intensity=0.15 duration=0.150s
[  1278   30.295 x1.00] LOG  [CameraGameFeel] FOV punch: hit light (+1.5°)
[  1284   30.441 x1.00] LOG  [CameraGameFeel] Shake: intensity=0.20 duration=0.250s
[  1284   30.441 x1.00] LOG  [Combat] Hit react: HitReact_Light_2Leg (0.5s)
[  1284   30.441 x1.00] LOG  [CameraGameFeel] Shake: intensity=0.09 duration=0.150s
[  1284   30.441 x1.00] LOG  [CameraGameFeel] FOV punch: player damage (-2.0°)
[  1284   30.441 x1.00] LOG  [OniBoss] Hit player for 16 (Club_Swing)
[  1284   30.441 x1.00] LOG  [OniBoss:ClubPos] Club_Swing at strike: club tip 1.01m up, 0.92m in front, -1.28m to his right (1.58m out from his centre). Club faces -84deg from his forward, pitch -0.24. Effect currently spawns at 1.20m up / 1.50m front => off by -0.19m up, -0.58m front.
[  1284   30.441 x1.00] LOG  [OniBoss:Layer] swing wave: club reached her at 2.0m, wave is visual only.
[  1284   30.441 x1.00] LOG  [AirPosePin] engaged, holding body at 0.610m above the transform
[  1289   30.572 x1.00] LOG  [OniBoss] Attack → Recovery
[  1289   30.572 x1.00] LOG  [OniBoss] Playing animation: Watch
[  1289   30.572 x1.00] LOG  [OniBoss:Strike] Club_Swing: club tip closest to Yoru at 0.49m, clip position 0.91 | damage fires at 0.85 | clip 0.84s => damage fires 53 ms BEFORE the club is closest
[  1290   30.594 x1.00] LOG  [AirPosePin] released, peak correction was -0.002m
[  1296   30.732 x1.00] LOG  [OniBoss] Recovery → Chase
[  1297   30.756 x1.00] LOG  [OniBoss] hold-ground: BACKSTEP 1.5m (player 2.0m)
[  1308   31.063 x1.00] LOG  [Combat] Combo 1: 10 dmg
[  1308   31.063 x1.00] LOG  [ComboTrace] START step=1 state='Combo1' queued=0 target='OniBoss' at 2.5m
[  1308   31.063 x1.00] LOG  [ComboTrace] LAUNCH OniBoss at 1.2m dist=1.23m in 0.13s
[  1313   31.192 x1.00] LOG  [ComboTrace] LAUNCH RESULT wanted=1.23m actually moved=0.65m — completed
[  1315   31.244 x1.00] LOG  [Combat] Queued click #1 (combo 1)
[  1315   31.244 x1.00] LOG  [ComboTrace] QUEUED #1 during step 1
[  1322   31.435 x1.00] LOG  [Combat] Queued click #2 (combo 1)
[  1322   31.435 x1.00] LOG  [ComboTrace] QUEUED #2 during step 1
[  1328   31.599 x1.00] LOG  [ComboTrace] CLICK IGNORED (step=1 queued=2)
[  1332   31.703 x1.00] LOG  [OniBoss] hold-ground: backstep done (1.51m), WATCH (player 2.8m, cooldown 2.0s)
[  1332   31.703 x1.00] LOG  [OniBoss] Playing animation: Watch
[  1335   31.775 x1.00] LOG  [ComboTrace] CLICK IGNORED (step=1 queued=2)
[  1338   31.843 x1.00] LOG  🐾 VFX_AttackPaw triggered!
[  1344   31.988 x1.00] LOG  [Combat] Combo 2: 20 dmg
[  1344   31.988 x1.00] LOG  [ComboTrace] START step=2 state='Combo2' queued=1 target='OniBoss' at 2.8m
[  1344   31.988 x1.00] LOG  [ComboTrace] LAUNCH OniBoss at 1.6m dist=1.57m in 0.16s
[  1351   32.170 x1.00] LOG  [ComboTrace] LAUNCH RESULT wanted=1.57m actually moved=0.86m — completed
[  1377   32.831 x1.00] LOG  🐾🐾 VFX_TowPaw triggered!
[  1378   32.856 x1.00] LOG  OniBoss took 20 damage. HP: 430/500
[  1378   32.856 x1.00] LOG  [OniBoss] Chase → HitReact
[  1378   32.856 x1.00] LOG  [OniBoss:Layer] react tier: MEDIUM (20 dmg) → 'HitReact_medium'
[  1378   32.856 x1.00] LOG  [Combat] Hit OniBoss for 20
[  1378   32.856 x1.00] LOG  [CameraGameFeel] Shake: intensity=0.15 duration=0.150s
[  1378   32.856 x1.00] LOG  [CameraGameFeel] FOV punch: hit light (+1.5°)
[  1397   33.340 x1.00] LOG  🐾🐾 VFX_TowPaw triggered!
[  1399   33.389 x1.00] LOG  [Combat] Combo 3: 35 dmg
[  1399   33.389 x1.00] LOG  [ComboTrace] START step=3 state='Combo3' queued=0 target='OniBoss' at 2.3m
[  1399   33.389 x1.00] LOG  [ComboTrace] LAUNCH OniBoss at 1.1m dist=1.11m in 0.13s
[  1402   33.466 x1.00] LOG  OniBoss took 35 damage. HP: 395/500
[  1402   33.466 x1.00] LOG  [OniBoss] HitReact → Stagger
[  1402   33.466 x1.00] LOG  [OniBoss] Playing animation: Stagger
[  1402   33.466 x1.00] LOG  [OniBoss] STAGGERED for 2.5s
[  1402   33.466 x1.00] LOG  [OniBoss:Layer] heavy knock-back react (35 dmg) → 'HitReact_Heavy', down for 1.80s
[  1402   33.466 x1.00] LOG  [CameraGameFeel] Shake: intensity=0.15 duration=0.150s
[  1402   33.466 x1.00] LOG  [CameraGameFeel] FOV punch: hit light (+1.5°)
[  1404   33.535 x1.00] LOG  
==================== [FREEZE-DEBUG v3] ====================
  Reason : STUCK-FLAG: atk on for 2.50s
  Time   : 29.377s   Frame: 1404   Snaps: 60
===========================================================

--- CURRENT STATE ---
  Flags: atk=True hvy=False dod=False dsh=False
         grd=False hit=False aerial=False lockPos=False
         comboStep=3
  Anim : speed=0.00  combatLayer hash=-985085662 normT=0.037 weight=1.00 inTransition=False
  CC   : grounded=True  enabled=True  pos=(477.92, -0.02, 443.46)  vel=(0.00, 0.00, 0.00)
  Move : IsRunning=False
  Input: H=0.00 V=0.00  LMB=False MMB=False Q=False Sp=False Sh=False C=False
         WASD pressed in last 0.5s: False (last 3.83s ago)

--- FLIGHT RECORDER (60 snapshots, oldest first, dt=0.10s) ---
  Legend: flags = A(tk) H(vy) D(od) S(sh) G(rd) R(eact) Y(aerial) L(ock)   gnd/cc: Y/n
  t-now    flags     step gnd cc anSp normT layW tr | posX     posZ     spd   | H    V    LMB MMB Q  Sp Sh C
  ------   --------  ---- --- -- ---- ----- ---- -- | -----    -----    ----  | ---- ---- --- --- -- -- -- -
  - 6.73s  -----R--    0  Y   Y  1.00  0.69 1.00 -  |   475.8    440.9  0.00 |  0.0  0.0 0   0   0  0  0  0
  - 6.62s  --------    0  Y   Y  1.00  0.77 1.00 T  |   475.8    440.9  0.00 |  0.0  0.0 0   0   0  0  0  0
  - 6.50s  --------    0  Y   Y  1.00  0.15 1.00 -  |   475.8    440.9  0.00 |  0.0  0.0 0   0   0  0  0  0
  - 6.38s  --------    0  Y   Y  1.00  0.26 1.00 -  |   475.8    440.9  0.00 |  0.0  0.0 0   0   0  0  0  0
  - 6.26s  --------    0  Y   Y  1.00  0.39 1.00 -  |   475.8    440.9  0.00 |  0.0  0.0 0   0   0  0  0  0
  - 6.14s  --------    0  Y   Y  1.00  0.51 1.00 -  |   475.8    440.9  0.00 | -1.0  0.0 0   0   0  0  1  0
  - 6.02s  --------    0  Y   Y  1.00  0.63 1.00 -  |   475.5    441.6  0.00 | -1.0  0.0 0   0   0  0  1  0
  - 5.89s  --------    0  Y   Y  1.00  0.75 1.00 -  |   475.2    442.4  0.00 | -1.0  0.0 0   0   0  0  1  0
  - 5.79s  --------    0  Y   Y  1.00  0.85 1.00 -  |   474.9    443.1  0.00 | -1.0  0.0 0   0   0  0  1  0
  - 5.69s  --------    0  Y   Y  1.00  0.96 1.00 -  |   474.7    443.9  0.00 | -1.0  0.0 0   0   0  0  1  0
  - 5.58s  --------    0  Y   Y  1.00  1.07 1.00 -  |   474.5    444.2  0.00 |  0.0  0.0 0   0   0  0  0  0
  - 5.45s  --------    0  Y   Y  1.00  1.19 1.00 -  |   474.5    444.4  0.00 |  1.0  0.0 0   0   0  0  0  0
  - 5.34s  --------    0  Y   Y  1.00  1.31 1.00 -  |   474.5    444.3  0.00 |  1.0  0.0 0   0   0  0  0  0
  - 5.21s  --------    0  Y   Y  1.00  1.43 1.00 -  |   474.6    444.0  0.00 |  1.0  0.0 0   0   0  0  0  0
  - 5.11s  --------    0  Y   Y  1.00  1.53 1.00 -  |   474.7    443.8  0.00 |  1.0  0.0 0   0   0  0  0  0
  - 4.99s  --------    0  Y   Y  1.00  1.65 1.00 -  |   474.8    443.6  0.00 |  1.0  0.0 0   0   0  0  0  0
  - 4.89s  --------    0  Y   Y  1.00  1.75 1.00 -  |   474.8    443.4  0.00 |  0.0  0.0 0   0   0  0  0  0
  - 4.77s  --------    0  Y   Y  1.00  1.85 1.00 -  |   474.9    443.2  0.00 |  0.0  0.0 0   0   0  0  0  0
  - 4.66s  --------    0  Y   Y  1.00  1.98 1.00 -  |   475.1    442.6  0.00 |  1.0  0.0 0   0   0  0  1  0
  - 4.54s  --------    0  Y   Y  1.00  2.11 1.00 -  |   475.4    441.8  0.00 |  0.0  0.0 0   0   0  0  1  0
  - 4.41s  --------    0  Y   Y  1.00  2.23 1.00 -  |   475.7    441.0  0.00 |  0.0  0.0 0   0   0  0  1  0
  - 4.29s  --------    0  Y   Y  1.00  2.36 1.00 -  |   476.0    440.3  0.00 |  0.0  0.0 0   0   0  0  1  0
  - 4.17s  --------    0  Y   Y  1.00  2.48 1.00 -  |   476.3    439.5  0.00 |  0.0  0.0 0   0   0  0  1  0
  - 4.05s  --------    0  Y   Y  1.00  2.60 1.00 -  |   476.2    439.6  0.00 | -1.0  0.0 0   0   0  0  1  0
  - 3.94s  --------    0  Y   Y  1.00  2.70 1.00 -  |   476.0    440.3  0.00 | -1.0  0.0 1   0   0  0  1  0
  - 3.83s  A-------    1  Y   Y  1.00  2.81 1.00 T  |   476.1    441.2  0.00 | -1.0  0.0 0   0   0  0  1  0
  - 3.71s  A-------    1  Y   Y  1.00  0.10 1.00 -  |   476.7    442.0  0.00 |  0.0  0.0 1   0   0  0  0  0
  - 3.60s  A-------    1  Y   Y  1.00  0.19 1.00 -  |   476.7    442.0  0.00 |  0.0  0.0 0   0   0  0  0  0
  - 3.48s  A-------    1  Y   Y  1.00  0.29 1.00 -  |   476.7    442.0  0.00 |  0.0  0.0 0   0   0  0  0  0
  - 3.37s  A-------    1  Y   Y  1.00  0.38 1.00 -  |   476.7    442.0  0.00 |  0.0  0.0 0   0   0  0  0  0
  - 3.26s  A-------    1  Y   Y  1.00  0.47 1.00 -  |   476.7    442.0  0.00 |  0.0  0.0 0   0   0  0  0  0
  - 3.16s  A-------    1  Y   Y  1.00  0.52 1.00 -  |   476.7    442.0  0.00 |  0.0  0.0 0   0   0  0  0  0
  - 3.05s  -----R--    0  Y   Y  1.00  0.02 1.00 -  |   476.7    442.0  0.00 |  0.0  0.0 0   0   0  0  0  0
  - 2.94s  -----R--    0  Y   Y  1.00  0.11 1.00 -  |   476.7    442.0  0.00 |  0.0  0.0 0   0   0  0  0  0
  - 2.82s  -----R--    0  Y   Y  1.00  0.21 1.00 -  |   476.7    442.0  0.00 |  0.0  0.0 0   0   0  0  0  0
  - 2.70s  -----R--    0  Y   Y  1.00  0.30 1.00 -  |   476.7    442.0  0.00 |  0.0  0.0 0   0   0  0  0  0
  - 2.58s  --------    0  Y   Y  1.00  0.40 1.00 -  |   476.7    442.0  0.00 |  0.0  0.0 1   0   0  0  0  0
  - 2.47s  A-------    1  Y   Y  1.00  0.08 1.00 -  |   477.0    442.3  16.57 |  0.0  0.0 0   0   0  0  0  0
  - 2.37s  A-------    1  Y   Y  1.00  0.07 1.00 -  |   477.1    442.4  0.00 |  0.0  0.0 1   0   0  0  0  0
  - 2.26s  A-------    1  Y   Y  1.00  0.15 1.00 -  |   477.1    442.5  0.00 |  0.0  0.0 0   0   0  0  0  0
  - 2.15s  A-------    1  Y   Y  1.00  0.24 1.00 -  |   477.1    442.5  0.00 |  0.0  0.0 1   0   0  0  0  0
  - 2.05s  A-------    1  Y   Y  1.00  0.33 1.00 -  |   477.1    442.5  0.00 |  0.0  0.0 0   0   0  0  0  0
  - 1.94s  A-------    1  Y   Y  1.00  0.41 1.00 -  |   477.1    442.5  0.00 |  0.0  0.0 0   0   0  0  0  0
  - 1.83s  A-------    1  Y   Y  1.00  0.50 1.00 -  |   477.1    442.5  0.00 |  0.0  0.0 0   0   0  0  0  0
  - 1.71s  A-------    1  Y   Y  1.00  0.60 1.00 -  |   477.1    442.5  0.00 |  0.0  0.0 0   0   0  0  0  0
  - 1.60s  A-------    1  Y   Y  1.00  0.69 1.00 -  |   477.1    442.5  0.00 |  0.0  0.0 0   0   0  0  0  0
  - 1.47s  A-------    2  Y   Y  1.00  0.79 1.00 T  |   477.7    443.1  0.00 |  0.0  0.0 0   0   0  0  0  0
  - 1.36s  A-------    2  Y   Y  1.00  0.08 1.00 -  |   477.7    443.1  0.00 |  0.0  0.0 0   0   0  0  0  0
  - 1.24s  A-------    2  Y   Y  1.00  0.15 1.00 -  |   477.7    443.1  0.00 |  0.0  0.0 0   0   0  0  0  0
  - 1.14s  A-------    2  Y   Y  1.00  0.20 1.00 -  |   477.7    443.1  0.00 |  0.0  0.0 0   0   0  0  0  0
  - 1.02s  A-------    2  Y   Y  1.00  0.27 1.00 -  |   477.7    443.1  0.00 |  0.0  0.0 0   0   0  0  0  0
  - 0.91s  A-------    2  Y   Y  1.00  0.33 1.00 -  |   477.7    443.1  0.00 |  0.0  0.0 0   0   0  0  0  0
  - 0.80s  A-------    2  Y   Y  1.00  0.40 1.00 -  |   477.7    443.1  0.00 |  0.0  0.0 0   0   0  0  0  0
  - 0.70s  A-------    2  Y   Y  1.00  0.45 1.00 -  |   477.7    443.1  0.00 |  0.0  0.0 0   0   0  0  0  0
  - 0.59s  A-------    2  Y   Y  1.00  0.50 1.00 -  |   477.7    443.1  0.00 |  0.0  0.0 0   0   0  0  0  0
  - 0.48s  A-------    2  Y   Y  1.00  0.56 1.00 -  |   477.7    443.1  0.00 |  0.0  0.0 0   0   0  0  0  0
  - 0.36s  A-------    2  Y   Y  1.00  0.63 1.00 -  |   477.7    443.1  0.00 |  0.0  0.0 0   0   0  0  0  0
  - 0.24s  A-------    2  Y   Y  1.00  0.70 1.00 -  |   477.7    443.1  0.00 |  0.0  0.0 0   0   0  0  0  0
  - 0.12s  A-------    3  Y   Y  1.00  0.77 1.00 -  |   477.9    443.4  0.00 |  0.0  0.0 0   0   0  0  0  0
  - 0.00s  A-------    3  Y   Y  0.00  0.04 1.00 -  |   477.9    443.5  0.00 |  0.0  0.0 0   0   0  0  0  0
=========================================================== END

[  1404   33.535 x1.00] LOG  [ComboTrace] LAUNCH RESULT wanted=1.11m actually moved=0.40m — completed
[  1406   33.604 x1.00] LOG  [StormWeather] terrain layers restored to dry values.
# end — 260 lines
