# Oni combat log — 2026-09-06 14:53:16
# Unity 6000.2.7f2 | scene 'CaveScene_Oni_Boss1' | platform OSXEditor
# columns: [frame realSeconds timeScale] KIND message      (KIND: LOG WARN ERR EXC TEL)
#
[     0    0.000 x1.00] LOG  [OniLog] console + telemetry → /Users/asenahazal/Documents/Yoru/OniLogs/oni_2026-09-06_14-53-16.log
[     1    0.000 x1.00] LOG  [TailAirShot4Leg] Ready. drawState=shoot_4Leg castParam=Shoot4LegSpeed (found) readyFrame=5 fireFrame=10 frames=24 slowBudget=3s real damageMultiplier=2.00
  arrow leaves: PlayerYoru_1.1/Cat_All_10_Tails_v4/Group/DeformationSystem/root/Root_M/Tail15_R/Tail151_R/Tail152_R/Tail153_R/Tail154_R/Tail155_R/Tail156_R/Tail157_R/Tail158_R/Tail159_R/Tail1510_R/Tail1511_R/Tail1512_R/Tail6_R/Tail6_R_end/Tail6_R_end_end/Tail6_R_end_end_end/RightTailTip_Anchor
  aim VFX left:  PlayerYoru_1.1/Cat_All_10_Tails_v4/Group/DeformationSystem/root/Root_M/Tail15_L/Tail151_L/Tail152_L/Tail153_L/Tail154_L/Tail155_L/Tail156_L/Tail157_L/Tail158_L/Tail159_L/Tail1510_L/Tail1511_L/Tail1512_L/Tail6_L/Tail6_L_end/Tail6_L_end_end/Tail6_L_end_end_end/LeftTailTip_Anchor/Glow_4Leg_L
  aim VFX right: PlayerYoru_1.1/Cat_All_10_Tails_v4/Group/DeformationSystem/root/Root_M/Tail15_R/Tail151_R/Tail152_R/Tail153_R/Tail154_R/Tail155_R/Tail156_R/Tail157_R/Tail158_R/Tail159_R/Tail1510_R/Tail1511_R/Tail1512_R/Tail6_R/Tail6_R_end/Tail6_R_end_end/Tail6_R_end_end_end/RightTailTip_Anchor/Glow_4Leg_R
[     1    0.000 x1.00] LOG  [TailAirShot] Ready. drawState=RightTail_Fast castParam=TailCastSpeed (found)
  arrow leaves: PlayerYoru_1.1/Cat_All_10_Tails_v4/Group/DeformationSystem/root/Root_M/Tail15_R/Tail151_R/Tail152_R/Tail153_R/Tail154_R/Tail155_R/Tail156_R/Tail157_R/Tail158_R/Tail159_R/Tail1510_R/Tail1511_R/Tail1512_R/Tail6_R/Tail6_R_end/Tail6_R_end_end/Tail6_R_end_end_end/RightTailTip_Anchor
  aim VFX: PlayerYoru_1.1/Cat_All_10_Tails_v4/Group/DeformationSystem/root/Root_M/Tail15_R/Tail151_R/Tail152_R/Tail153_R/Tail154_R/Tail155_R/Tail156_R/Tail157_R/Tail158_R/Tail159_R/Tail1510_R/Tail1511_R/Tail1512_R/Tail6_R/Tail6_R_end/Tail6_R_end_end/Tail6_R_end_end_end/RightTailTip_Anchor/vfx_Muzzle_Fireball01Blue
[     1    0.000 x1.00] LOG  [PlayerCombat] Phase 2 form gate CONNECTED (FormController found on this GameObject).
[     1    0.000 x1.00] LOG  [Combat] PlayerCombat initialized — Phase 3C v27
[     1    0.000 x1.00] LOG  [RingMesh] VFX Status:
[     1    0.000 x1.00] LOG    Left: Prefab=✓, Spawn=Tail6_L_end_end_end
[     1    0.000 x1.00] LOG    Right: Prefab=✓, Spawn=Tail6_R_end_end_end
[     1    0.000 x1.00] LOG  === VFX MANAGER INITIALIZED ===
[     1    0.000 x1.00] LOG  Auto-detect animations: False
[     1    0.000 x1.00] LOG  Parent effects to tail: True
[     1    0.000 x1.00] LOG  Prefabs: Jump=True, Land=True, LTail=True, RTail=True
[     1    0.000 x1.00] LOG  ✅ Left Tail Tip: LeftTailVFX
[     1    0.000 x1.00] LOG  ✅ Right Tail Tip: RightTailTip_Anchor
[     1    0.000 x1.00] LOG  [StormWeather] layer 'TerrainLayer_Dirt_01' dry smoothness=0.00 (restore to this if a crash ever leaves it wet)
[     1    0.000 x1.00] LOG  [StormWeather] post volumes ready on layer 9 (storm priority 10, flash priority 11).
[     1    0.000 x1.00] LOG  [StormWeather] COZY bridge: Rain_Cave retired — COZY owns the rain now.
[     1    0.000 x1.00] LOG  [StormWeather] COZY → 'Clear' (pre-fight - open sky, 0 s)
[     1    0.000 x1.00] LOG  [StormWeather] Ready. Open sky, dry floor. Waiting for the fight.
[     1    0.000 x1.00] LOG  [FreezeDebug v3] Armed. Manual=L. Auto=True. Buffer=60 snaps @ 0.1s = 6.0s history.
[     1    0.000 x1.00] LOG  [BossBar] BossHealthBarUI initialized
[     1    0.000 x1.00] LOG  OniBoss initialized with 500 HP
[     1    0.000 x1.00] LOG  [OniBoss] ANIMATOR SETUP: cullingMode=CullUpdateTransforms updateMode=Normal applyRootMotion=False speed=1
[     1    0.000 x1.00] LOG  [OniBoss] Initialized
[     1    0.000 x1.00] LOG  [OniBoss:Layer] facing: minFlat 1m, snapOnAttack off, trackInHitReact off
[     1    0.000 x1.00] LOG  [OniBoss:Layer] Yoru launch model ON: launches ALL THE WAY to an enemy within 4.7m of its surface at 10m/s (stop gap 0.00m, NO minimum distance), else steps 0.90m forward. Targeting cone left exactly as her prefab has it.
[     1    0.000 x1.00] LOG  [OniBoss:Layer] Yoru launch ROUND 9: airborne attacks launch too (ON), edge probe now runs on its OWN layer mask (Everything) instead of the line-of-sight mask - the Ground-only mask found no floor in this cave and was cancelling 100% of launches at 0.00m travelled.
[     1    0.000 x1.00] LOG  [OniBoss:Layer] animator speed x1.35 — his 1.13s swing now plays in 0.84s.
[     1    0.000 x1.00] LOG  [OniBoss:Layer] chase speed pushed: phase1 4.5, phase2 5.5 (Yoru runs at 7).
[     1    0.000 x1.00] LOG  [OniBoss:Layer] ground wave ON (round 38): half the club's damage on TOUCH, 12m/s x 6.0m from 1.6m in front at 0.35m height — a club hit cancels that swing's wave, jumping clears it. Per-attack effects come from the Swing Wave VFX By Attack rows. PlayerHealth found, PlayerMovement found.
[     1    0.000 x1.00] LOG  [StormWeather] storm break HELD (waiting for the lightning beat)
[     1    0.000 x1.00] LOG  [OniBoss:Layer] storm break HELD — it releases at the lightning-on-the-club beat.
[     1    0.000 x1.00] LOG  [OniBoss:Layer] club tracking ON — tip 'Kanabo3' (depth 4), shaft root 'kanabo'.
[     1    0.000 x1.00] LOG  [OniBoss:Layer] skinned meshes: 46 renderer(s), updateWhenOffscreen ON, body renderer 'Body' rootBone 'Hips'
[     1    0.000 x1.00] LOG  [OniBoss:Layer] charge travel bone: 'Hips' at depth 1 under 'OniBoss', rest local (0.00, 3.24, -0.24)
[     1    0.000 x1.00] LOG  [OniBoss:Layer] anti-kite ON: thrown swing after 4s of failed chase (within 7.6m), charge after 6s.
[     1    0.000 x1.00] LOG  [OniBoss:Layer] charge drive ON (windup to 0.40 at x1.3, rush 14m/s stops at 2.6m, steers 0.35s then commits, strike section from 0.58, strike moment 0.76, trail VFX off)
[     1    0.000 x1.00] LOG  [OniBoss:Layer] attack armor ON (his swings are not interrupted by light/medium hits; heavy hits and rapid-hit bursts still stop him)
[     1    0.000 x1.00] LOG  [OniBoss:Layer] strike moments overridden: Club_Swing=0.42 ClubSwing2=0.32 ClubSlam=0.85 KanaboSweep=0.48
[     1    0.000 x1.00] LOG  [OniBoss:Layer] club TOUCH hits ON (radius 0.70m, min tip speed 50m/s, armed from 0.20 of the clip): Club_Swing ClubSwing2 ClubSlam KanaboSweep. First touch wins — club full damage, wave half, one hit per swing.
[     1    0.000 x1.00] LOG  [OniBoss:Layer] combo damage ramp ON: mid x1.25, finisher x1.50 — finisher wave carries FULL damage at x2.0 size, x2.0 travel.
[     1    0.000 x1.00] LOG  [OniBoss:Layer] charge follow-up ON: 90 % of solo charges chain into a random melee finisher.
[     1    0.000 x1.00] LOG  [OniBoss:Layer] hold-ground ON (backstep 1.5m @ 1.6m/s after own attacks, watch 'Watch', attack facing LOCKED)
[     1    0.000 x1.00] LOG  [OniBoss:Layer] OniBoss layer ready (reactions, wake-on-hit, watch stance, boss bar). player=found
[     1    0.000 x1.00] LOG  [OniBoss:Layer] charge clip 'Oni Charge.fbx' imports with Root Motion Node = None (in place) — good.
[     1    0.000 x1.00] LOG  [OniBoss:Layer] clips importing with Root Transform Position (Y) NOT baked into pose (12): Oni_Alert(Oni Alert), Club_Slam(Oni Club Slam), Club_Swing(Oni Club Swing), Club_swing2(Oni Club Swing 2), Death(Oni Death Kneel), Hit_react_light(Oni Hit react lighter light), KanaboSweep(Oni Kanabo sweep), Phase_Transition(Oni Phase transition), run(Oni Run), Walk(Oni Walk), Watch(Oni Watch), Idle(Oni Idle) — their hips' up/down motion is stripped (see round notes; optional).
[     1    0.000 x1.00] LOG  [VolumetricFogController] Found VolumetricFog component on mainCamera (1)
[     1    0.000 x1.00] LOG  [VolumetricFogController] Reflection init: density=True, height=True, baselineHeight=True, alpha=True, noiseStrength=True, lightScatteringExposure=True
[     1    0.000 x1.00] LOG  [VolumetricFogController] Initialized with Neutral preset (height=60, baselineHeight=0)
[     1    0.000 x1.00] WARN [VolumetricFogController] WorldStateManager not found!
[     1    0.000 x1.00] LOG  [CameraGameFeel] CameraGameFeel initialized (shake + FOV)
[     1    2.219 x1.00] LOG  [OniBoss] Playing animation: Idle
[     1    2.219 x1.00] LOG  [OniBoss:Layer] watch stance ON (player 13.4m)
[    26    3.114 x1.00] LOG  💨 Landing VFX spawned!
[    26    3.114 x1.00] LOG  ✅ LANDED! (was jump #0)
[   130    4.613 x1.00] LOG  
==================== [FREEZE-DEBUG v3] ====================
  Reason : WASD-NOMOVE: WASD recent + speed 0.00m/s for 0.41s
  Time   : 1.925s   Frame: 130   Snaps: 18
===========================================================

--- CURRENT STATE ---
  Flags: atk=False hvy=False dod=False dsh=False
         grd=False hit=False aerial=False lockPos=False
         comboStep=0
  Anim : speed=1.00  combatLayer hash=-792875657 normT=1.907 weight=1.00 inTransition=False
  CC   : grounded=True  enabled=True  pos=(473.78, -0.02, 427.23)  vel=(0.00, 0.00, 0.00)
  Move : IsRunning=False
  Input: H=-1.00 V=0.00  LMB=False MMB=False Q=False Sp=False Sh=False C=False
         WASD pressed in last 0.5s: True (last 0.00s ago)

--- FLIGHT RECORDER (18 snapshots, oldest first, dt=0.10s) ---
  Legend: flags = A(tk) H(vy) D(od) S(sh) G(rd) R(eact) Y(aerial) L(ock)   gnd/cc: Y/n
  t-now    flags     step gnd cc anSp normT layW tr | posX     posZ     spd   | H    V    LMB MMB Q  Sp Sh C
  ------   --------  ---- --- -- ---- ----- ---- -- | -----    -----    ----  | ---- ---- --- --- -- -- -- -
  - 1.93s  --------    0  n   Y  1.00  0.00 1.00 -  |   474.5    427.2  0.00 |  0.0  0.0 0   0   0  0  0  0
  - 1.81s  --------    0  n   Y  1.00  0.10 1.00 -  |   474.5    427.2  0.00 |  0.0  0.0 0   0   0  0  0  0
  - 1.70s  --------    0  n   Y  1.00  0.21 1.00 -  |   474.5    427.2  0.00 |  0.0  0.0 0   0   0  0  0  0
  - 1.59s  --------    0  n   Y  1.00  0.33 1.00 -  |   474.5    427.2  0.00 |  0.0  0.0 0   0   0  0  0  0
  - 1.48s  --------    0  Y   Y  1.00  0.43 1.00 -  |   474.5    427.2  0.00 |  0.0  0.0 0   0   0  0  0  0
  - 1.37s  --------    0  Y   Y  1.00  0.54 1.00 -  |   474.5    427.2  0.00 |  0.0  0.0 0   0   0  0  0  0
  - 1.27s  --------    0  Y   Y  1.00  0.64 1.00 -  |   474.5    427.2  0.00 |  0.0  0.0 0   0   0  0  0  0
  - 1.16s  --------    0  Y   Y  1.00  0.75 1.00 -  |   474.5    427.2  0.00 |  0.0  0.0 0   0   0  0  0  0
  - 1.05s  --------    0  Y   Y  1.00  0.86 1.00 -  |   474.5    427.2  0.00 |  0.0  0.0 0   0   0  0  0  0
  - 0.94s  --------    0  Y   Y  1.00  0.98 1.00 -  |   474.5    427.2  0.00 |  0.0  0.0 0   0   0  0  0  0
  - 0.83s  --------    0  Y   Y  1.00  1.08 1.00 -  |   474.5    427.2  0.00 |  0.0  0.0 0   0   0  0  0  0
  - 0.71s  --------    0  Y   Y  1.00  1.20 1.00 -  |   474.5    427.2  0.00 |  0.0  0.0 0   0   0  0  0  0
  - 0.60s  --------    0  Y   Y  1.00  1.31 1.00 -  |   474.5    427.2  0.00 |  0.0  0.0 0   0   0  0  0  0
  - 0.50s  --------    0  Y   Y  1.00  1.41 1.00 -  |   474.5    427.2  0.00 |  0.0  0.0 0   0   0  0  0  0
  - 0.39s  --------    0  Y   Y  1.00  1.51 1.00 -  |   474.5    427.2  0.00 | -1.0  0.0 0   0   0  0  0  0
  - 0.29s  --------    0  Y   Y  1.00  1.62 1.00 -  |   474.4    427.2  0.00 | -1.0  0.0 0   0   0  0  0  0
  - 0.18s  --------    0  Y   Y  1.00  1.73 1.00 -  |   474.1    427.2  0.00 | -1.0  0.0 0   0   0  0  0  0
  - 0.08s  --------    0  Y   Y  1.00  1.83 1.00 -  |   473.9    427.2  0.00 | -1.0  0.0 0   0   0  0  0  0
=========================================================== END

[   226    5.916 x1.00] LOG  [OniBoss:Layer] watch stance OFF, back to Idle (player 16.6m)
[   428    8.687 x1.00] LOG  
==================== [FREEZE-DEBUG v3] ====================
  Reason : WASD-NOMOVE: WASD recent + speed 0.00m/s for 0.41s
  Time   : 5.999s   Frame: 428   Snaps: 56
===========================================================

--- CURRENT STATE ---
  Flags: atk=False hvy=False dod=False dsh=False
         grd=False hit=False aerial=False lockPos=False
         comboStep=0
  Anim : speed=1.00  combatLayer hash=-792875657 normT=5.986 weight=1.00 inTransition=False
  CC   : grounded=True  enabled=True  pos=(458.62, -0.02, 415.09)  vel=(0.00, 0.00, 0.00)
  Move : IsRunning=True
  Input: H=0.00 V=-1.00  LMB=False MMB=False Q=False Sp=False Sh=True C=False
         WASD pressed in last 0.5s: True (last 0.00s ago)

--- FLIGHT RECORDER (56 snapshots, oldest first, dt=0.10s) ---
  Legend: flags = A(tk) H(vy) D(od) S(sh) G(rd) R(eact) Y(aerial) L(ock)   gnd/cc: Y/n
  t-now    flags     step gnd cc anSp normT layW tr | posX     posZ     spd   | H    V    LMB MMB Q  Sp Sh C
  ------   --------  ---- --- -- ---- ----- ---- -- | -----    -----    ----  | ---- ---- --- --- -- -- -- -
  - 6.00s  --------    0  n   Y  1.00  0.00 1.00 -  |   474.5    427.2  0.00 |  0.0  0.0 0   0   0  0  0  0
  - 5.88s  --------    0  n   Y  1.00  0.10 1.00 -  |   474.5    427.2  0.00 |  0.0  0.0 0   0   0  0  0  0
  - 5.77s  --------    0  n   Y  1.00  0.21 1.00 -  |   474.5    427.2  0.00 |  0.0  0.0 0   0   0  0  0  0
  - 5.66s  --------    0  n   Y  1.00  0.33 1.00 -  |   474.5    427.2  0.00 |  0.0  0.0 0   0   0  0  0  0
  - 5.55s  --------    0  Y   Y  1.00  0.43 1.00 -  |   474.5    427.2  0.00 |  0.0  0.0 0   0   0  0  0  0
  - 5.44s  --------    0  Y   Y  1.00  0.54 1.00 -  |   474.5    427.2  0.00 |  0.0  0.0 0   0   0  0  0  0
  - 5.34s  --------    0  Y   Y  1.00  0.64 1.00 -  |   474.5    427.2  0.00 |  0.0  0.0 0   0   0  0  0  0
  - 5.23s  --------    0  Y   Y  1.00  0.75 1.00 -  |   474.5    427.2  0.00 |  0.0  0.0 0   0   0  0  0  0
  - 5.12s  --------    0  Y   Y  1.00  0.86 1.00 -  |   474.5    427.2  0.00 |  0.0  0.0 0   0   0  0  0  0
  - 5.01s  --------    0  Y   Y  1.00  0.98 1.00 -  |   474.5    427.2  0.00 |  0.0  0.0 0   0   0  0  0  0
  - 4.90s  --------    0  Y   Y  1.00  1.08 1.00 -  |   474.5    427.2  0.00 |  0.0  0.0 0   0   0  0  0  0
  - 4.79s  --------    0  Y   Y  1.00  1.20 1.00 -  |   474.5    427.2  0.00 |  0.0  0.0 0   0   0  0  0  0
  - 4.68s  --------    0  Y   Y  1.00  1.31 1.00 -  |   474.5    427.2  0.00 |  0.0  0.0 0   0   0  0  0  0
  - 4.57s  --------    0  Y   Y  1.00  1.41 1.00 -  |   474.5    427.2  0.00 |  0.0  0.0 0   0   0  0  0  0
  - 4.47s  --------    0  Y   Y  1.00  1.51 1.00 -  |   474.5    427.2  0.00 | -1.0  0.0 0   0   0  0  0  0
  - 4.36s  --------    0  Y   Y  1.00  1.62 1.00 -  |   474.4    427.2  0.00 | -1.0  0.0 0   0   0  0  0  0
  - 4.26s  --------    0  Y   Y  1.00  1.73 1.00 -  |   474.1    427.2  0.00 | -1.0  0.0 0   0   0  0  0  0
  - 4.15s  --------    0  Y   Y  1.00  1.83 1.00 -  |   473.9    427.2  0.00 | -1.0  0.0 0   0   0  0  0  0
  - 4.05s  --------    0  Y   Y  1.00  1.94 1.00 -  |   473.7    427.2  0.00 | -1.0  0.0 0   0   0  0  0  0
  - 3.94s  --------    0  Y   Y  1.00  2.05 1.00 -  |   473.5    427.2  0.00 | -1.0  0.0 0   0   0  0  0  0
  - 3.83s  --------    0  Y   Y  1.00  2.16 1.00 -  |   473.3    427.2  0.00 | -1.0  0.0 0   0   0  0  0  0
  - 3.72s  --------    0  Y   Y  1.00  2.27 1.00 -  |   473.1    427.0  0.00 | -1.0  0.0 0   0   0  0  0  0
  - 3.61s  --------    0  Y   Y  1.00  2.38 1.00 -  |   473.1    426.8  0.00 | -1.0  0.0 0   0   0  0  0  0
  - 3.50s  --------    0  Y   Y  1.00  2.49 1.00 -  |   473.1    426.6  0.00 | -1.0  0.0 0   0   0  0  0  0
  - 3.39s  --------    0  Y   Y  1.00  2.60 1.00 -  |   473.1    426.4  0.00 | -1.0  0.0 0   0   0  0  0  0
  - 3.29s  --------    0  Y   Y  1.00  2.70 1.00 -  |   473.1    426.2  0.00 | -1.0 -1.0 0   0   0  0  0  0
  - 3.18s  --------    0  Y   Y  1.00  2.80 1.00 -  |   473.2    426.0  0.00 | -1.0  0.0 0   0   0  0  1  0
  - 3.08s  --------    0  Y   Y  1.00  2.91 1.00 -  |   473.4    425.2  0.00 | -1.0  0.0 0   0   0  0  1  0
  - 2.97s  --------    0  Y   Y  1.00  3.02 1.00 -  |   473.5    424.5  0.00 | -1.0  0.0 0   0   0  0  1  0
  - 2.86s  --------    0  Y   Y  1.00  3.12 1.00 -  |   473.5    423.8  0.00 | -1.0  0.0 0   0   0  0  1  0
  - 2.75s  --------    0  Y   Y  1.00  3.23 1.00 -  |   473.4    422.9  0.00 | -1.0  0.0 0   0   0  0  1  0
  - 2.65s  --------    0  Y   Y  1.00  3.34 1.00 -  |   473.3    422.2  0.00 | -1.0  0.0 0   0   0  0  1  0
  - 2.54s  --------    0  Y   Y  1.00  3.44 1.00 -  |   473.0    421.6  0.00 | -1.0  0.0 0   0   0  0  1  0
  - 2.44s  --------    0  Y   Y  1.00  3.55 1.00 -  |   472.6    420.9  0.00 | -1.0  0.0 0   0   0  0  1  0
  - 2.32s  --------    0  Y   Y  1.00  3.66 1.00 -  |   472.2    420.3  0.00 | -1.0  0.0 0   0   0  0  1  0
  - 2.21s  --------    0  Y   Y  1.00  3.78 1.00 -  |   471.6    419.7  0.00 | -1.0  0.0 0   0   0  0  1  0
  - 2.10s  --------    0  Y   Y  1.00  3.89 1.00 -  |   471.2    419.2  0.00 | -1.0  0.0 0   0   0  0  1  0
  - 2.00s  --------    0  Y   Y  1.00  3.99 1.00 -  |   470.6    418.5  0.00 | -1.0  0.0 0   0   0  0  1  0
  - 1.88s  --------    0  Y   Y  1.00  4.10 1.00 -  |   470.2    418.0  0.00 | -1.0  0.0 0   0   0  0  1  0
  - 1.77s  --------    0  Y   Y  1.00  4.21 1.00 -  |   469.6    417.4  0.00 | -1.0  0.0 0   0   0  0  1  0
  - 1.66s  --------    0  Y   Y  1.00  4.32 1.00 -  |   469.1    416.8  0.00 | -1.0  0.0 0   0   0  0  1  0
  - 1.55s  --------    0  Y   Y  1.00  4.43 1.00 -  |   468.5    416.3  0.00 | -1.0  0.0 0   0   0  0  1  0
  - 1.45s  --------    0  Y   Y  1.00  4.53 1.00 -  |   468.0    415.8  0.00 | -1.0  0.0 0   0   0  0  1  0
  - 1.34s  --------    0  Y   Y  1.00  4.65 1.00 -  |   467.3    415.4  0.00 | -1.0  0.0 0   0   0  0  1  0
  - 1.23s  --------    0  Y   Y  1.00  4.75 1.00 -  |   466.7    415.0  0.00 | -1.0  0.0 0   0   0  0  1  0
  - 1.13s  --------    0  Y   Y  1.00  4.85 1.00 -  |   466.1    414.6  0.00 | -1.0  0.0 0   0   0  0  1  0
  - 1.03s  --------    0  Y   Y  1.00  4.96 1.00 -  |   465.5    414.2  0.00 | -1.0  0.0 0   0   0  0  1  0
  - 0.92s  --------    0  Y   Y  1.00  5.07 1.00 -  |   464.9    413.9  0.00 | -1.0  0.0 0   0   0  0  1  0
  - 0.81s  --------    0  Y   Y  1.00  5.18 1.00 -  |   464.0    413.8  0.00 | -1.0  0.0 0   0   0  0  1  0
  - 0.70s  --------    0  Y   Y  1.00  5.28 1.00 -  |   463.4    413.9  0.00 | -1.0  0.0 0   0   0  0  1  0
  - 0.60s  --------    0  Y   Y  1.00  5.38 1.00 -  |   462.7    414.1  0.00 | -1.0  0.0 0   0   0  0  1  0
  - 0.50s  --------    0  Y   Y  1.00  5.49 1.00 -  |   461.9    414.4  0.00 | -1.0  0.0 0   0   0  0  1  0
  - 0.40s  --------    0  Y   Y  1.00  5.59 1.00 -  |   461.2    414.5  0.00 | -1.0  0.0 0   0   0  0  1  0
  - 0.29s  --------    0  Y   Y  1.00  5.70 1.00 -  |   460.5    414.7  0.00 | -1.0  0.0 0   0   0  0  1  0
  - 0.18s  --------    0  Y   Y  1.00  5.80 1.00 -  |   459.9    414.9  0.00 | -1.0  0.0 0   0   0  0  1  0
  - 0.08s  --------    0  Y   Y  1.00  5.91 1.00 -  |   459.0    415.1  0.00 | -1.0 -1.0 0   0   0  0  1  0
=========================================================== END

[   731   12.742 x1.00] LOG  
==================== [FREEZE-DEBUG v3] ====================
  Reason : WASD-NOMOVE: WASD recent + speed 0.00m/s for 0.41s
  Time   : 10.054s   Frame: 731   Snaps: 60
===========================================================

--- CURRENT STATE ---
  Flags: atk=False hvy=False dod=False dsh=False
         grd=False hit=False aerial=False lockPos=False
         comboStep=0
  Anim : speed=1.00  combatLayer hash=-792875657 normT=10.040 weight=1.00 inTransition=False
  CC   : grounded=True  enabled=True  pos=(468.51, -0.02, 410.82)  vel=(0.00, 0.00, 0.00)
  Move : IsRunning=True
  Input: H=-1.00 V=0.00  LMB=False MMB=False Q=False Sp=False Sh=True C=False
         WASD pressed in last 0.5s: True (last 0.00s ago)

--- FLIGHT RECORDER (60 snapshots, oldest first, dt=0.10s) ---
  Legend: flags = A(tk) H(vy) D(od) S(sh) G(rd) R(eact) Y(aerial) L(ock)   gnd/cc: Y/n
  t-now    flags     step gnd cc anSp normT layW tr | posX     posZ     spd   | H    V    LMB MMB Q  Sp Sh C
  ------   --------  ---- --- -- ---- ----- ---- -- | -----    -----    ----  | ---- ---- --- --- -- -- -- -
  - 6.38s  --------    0  Y   Y  1.00  3.66 1.00 -  |   472.2    420.3  0.00 | -1.0  0.0 0   0   0  0  1  0
  - 6.27s  --------    0  Y   Y  1.00  3.78 1.00 -  |   471.6    419.7  0.00 | -1.0  0.0 0   0   0  0  1  0
  - 6.15s  --------    0  Y   Y  1.00  3.89 1.00 -  |   471.2    419.2  0.00 | -1.0  0.0 0   0   0  0  1  0
  - 6.05s  --------    0  Y   Y  1.00  3.99 1.00 -  |   470.6    418.5  0.00 | -1.0  0.0 0   0   0  0  1  0
  - 5.94s  --------    0  Y   Y  1.00  4.10 1.00 -  |   470.2    418.0  0.00 | -1.0  0.0 0   0   0  0  1  0
  - 5.83s  --------    0  Y   Y  1.00  4.21 1.00 -  |   469.6    417.4  0.00 | -1.0  0.0 0   0   0  0  1  0
  - 5.72s  --------    0  Y   Y  1.00  4.32 1.00 -  |   469.1    416.8  0.00 | -1.0  0.0 0   0   0  0  1  0
  - 5.61s  --------    0  Y   Y  1.00  4.43 1.00 -  |   468.5    416.3  0.00 | -1.0  0.0 0   0   0  0  1  0
  - 5.51s  --------    0  Y   Y  1.00  4.53 1.00 -  |   468.0    415.8  0.00 | -1.0  0.0 0   0   0  0  1  0
  - 5.39s  --------    0  Y   Y  1.00  4.65 1.00 -  |   467.3    415.4  0.00 | -1.0  0.0 0   0   0  0  1  0
  - 5.29s  --------    0  Y   Y  1.00  4.75 1.00 -  |   466.7    415.0  0.00 | -1.0  0.0 0   0   0  0  1  0
  - 5.19s  --------    0  Y   Y  1.00  4.85 1.00 -  |   466.1    414.6  0.00 | -1.0  0.0 0   0   0  0  1  0
  - 5.08s  --------    0  Y   Y  1.00  4.96 1.00 -  |   465.5    414.2  0.00 | -1.0  0.0 0   0   0  0  1  0
  - 4.97s  --------    0  Y   Y  1.00  5.07 1.00 -  |   464.9    413.9  0.00 | -1.0  0.0 0   0   0  0  1  0
  - 4.87s  --------    0  Y   Y  1.00  5.18 1.00 -  |   464.0    413.8  0.00 | -1.0  0.0 0   0   0  0  1  0
  - 4.76s  --------    0  Y   Y  1.00  5.28 1.00 -  |   463.4    413.9  0.00 | -1.0  0.0 0   0   0  0  1  0
  - 4.66s  --------    0  Y   Y  1.00  5.38 1.00 -  |   462.7    414.1  0.00 | -1.0  0.0 0   0   0  0  1  0
  - 4.55s  --------    0  Y   Y  1.00  5.49 1.00 -  |   461.9    414.4  0.00 | -1.0  0.0 0   0   0  0  1  0
  - 4.45s  --------    0  Y   Y  1.00  5.59 1.00 -  |   461.2    414.5  0.00 | -1.0  0.0 0   0   0  0  1  0
  - 4.35s  --------    0  Y   Y  1.00  5.70 1.00 -  |   460.5    414.7  0.00 | -1.0  0.0 0   0   0  0  1  0
  - 4.24s  --------    0  Y   Y  1.00  5.80 1.00 -  |   459.9    414.9  0.00 | -1.0  0.0 0   0   0  0  1  0
  - 4.13s  --------    0  Y   Y  1.00  5.91 1.00 -  |   459.0    415.1  0.00 | -1.0 -1.0 0   0   0  0  1  0
  - 4.03s  --------    0  Y   Y  1.00  6.01 1.00 -  |   458.3    415.0  0.00 |  0.0 -1.0 0   0   0  0  1  0
  - 3.92s  --------    0  Y   Y  1.00  6.12 1.00 -  |   457.7    414.7  0.00 |  0.0 -1.0 0   0   0  0  1  0
  - 3.82s  --------    0  Y   Y  1.00  6.22 1.00 -  |   457.3    414.1  0.00 |  0.0 -1.0 0   0   0  0  1  0
  - 3.72s  --------    0  Y   Y  1.00  6.33 1.00 -  |   457.1    413.5  0.00 |  0.0 -1.0 0   0   0  0  1  0
  - 3.61s  --------    0  Y   Y  1.00  6.43 1.00 -  |   456.9    412.6  0.00 |  0.0 -1.0 0   0   0  0  1  0
  - 3.51s  --------    0  Y   Y  1.00  6.53 1.00 -  |   456.7    412.0  0.00 |  0.0 -1.0 0   0   0  0  1  0
  - 3.40s  --------    0  Y   Y  1.00  6.64 1.00 -  |   456.5    411.3  0.00 |  1.0 -1.0 0   0   0  0  1  0
  - 3.29s  --------    0  Y   Y  1.00  6.75 1.00 -  |   456.5    410.5  0.00 |  1.0  0.0 0   0   0  0  1  0
  - 3.19s  --------    0  Y   Y  1.00  6.85 1.00 -  |   456.9    409.9  0.00 |  1.0  0.0 0   0   0  0  1  0
  - 3.09s  --------    0  Y   Y  1.00  6.96 1.00 -  |   457.5    409.5  0.00 |  1.0  0.0 0   0   0  0  1  0
  - 2.98s  --------    0  Y   Y  1.00  7.06 1.00 -  |   458.1    409.3  0.00 |  1.0  0.0 0   0   0  0  1  0
  - 2.87s  --------    0  Y   Y  1.00  7.17 1.00 -  |   458.9    409.1  0.00 |  1.0  0.0 0   0   0  0  1  0
  - 2.77s  --------    0  Y   Y  1.00  7.28 1.00 -  |   459.6    408.9  0.00 |  1.0  0.0 0   0   0  0  1  0
  - 2.66s  --------    0  Y   Y  1.00  7.38 1.00 -  |   460.3    408.7  0.00 |  1.0  0.0 0   0   0  0  1  0
  - 2.56s  --------    0  Y   Y  1.00  7.48 1.00 -  |   461.0    408.6  0.00 |  1.0  0.0 0   0   0  0  1  0
  - 2.45s  --------    0  Y   Y  1.00  7.59 1.00 -  |   461.8    408.6  0.00 |  1.0  0.0 0   0   0  0  1  0
  - 2.34s  --------    0  Y   Y  1.00  7.70 1.00 -  |   462.5    408.6  0.00 |  1.0  0.0 0   0   0  0  1  0
  - 2.23s  --------    0  Y   Y  1.00  7.81 1.00 -  |   463.4    408.7  0.00 |  1.0  0.0 0   0   0  0  1  0
  - 2.12s  --------    0  Y   Y  1.00  7.92 1.00 -  |   464.0    408.9  0.00 |  1.0  0.0 0   0   0  0  1  0
  - 2.02s  --------    0  Y   Y  1.00  8.02 1.00 -  |   464.7    409.0  0.00 |  1.0  0.0 0   0   0  0  1  0
  - 1.91s  --------    0  Y   Y  1.00  8.13 1.00 -  |   465.5    409.3  0.00 |  1.0  0.0 0   0   0  0  1  0
  - 1.81s  --------    0  Y   Y  1.00  8.24 1.00 -  |   466.2    409.5  0.00 |  1.0  0.0 0   0   0  0  1  0
  - 1.70s  --------    0  Y   Y  1.00  8.35 1.00 -  |   466.8    409.8  0.00 |  1.0  0.0 0   0   0  0  1  0
  - 1.59s  --------    0  Y   Y  1.00  8.45 1.00 -  |   467.6    410.2  0.00 |  1.0  0.0 0   0   0  0  1  0
  - 1.48s  --------    0  Y   Y  1.00  8.56 1.00 -  |   468.1    410.7  0.00 |  1.0  0.0 0   0   0  0  1  0
  - 1.37s  --------    0  Y   Y  1.00  8.67 1.00 -  |   468.7    411.3  0.00 |  1.0  0.0 0   0   0  0  1  0
  - 1.26s  --------    0  Y   Y  1.00  8.78 1.00 -  |   469.1    411.8  0.00 |  0.0  0.0 0   0   0  0  1  0
  - 1.16s  --------    0  Y   Y  1.00  8.88 1.00 -  |   469.6    412.4  0.00 |  0.0  0.0 0   0   0  0  1  0
  - 1.05s  --------    0  Y   Y  1.00  8.99 1.00 -  |   470.0    413.0  0.00 |  1.0  0.0 0   0   0  0  1  0
  - 0.95s  --------    0  Y   Y  1.00  9.09 1.00 -  |   470.4    413.6  0.00 |  1.0  0.0 0   0   0  0  1  0
  - 0.84s  --------    0  Y   Y  1.00  9.20 1.00 -  |   470.8    414.1  0.00 |  1.0  0.0 0   0   0  0  0  0
  - 0.73s  --------    0  Y   Y  1.00  9.31 1.00 -  |   470.9    414.3  0.00 | -1.0  0.0 0   0   0  0  0  0
  - 0.62s  --------    0  Y   Y  1.00  9.42 1.00 -  |   470.8    414.1  0.00 | -1.0  0.0 0   0   0  0  0  0
  - 0.51s  --------    0  Y   Y  1.00  9.53 1.00 -  |   470.5    413.7  0.00 | -1.0  0.0 0   0   0  0  1  0
  - 0.41s  --------    0  Y   Y  1.00  9.63 1.00 -  |   470.1    413.1  0.00 | -1.0  0.0 0   0   0  0  1  0
  - 0.30s  --------    0  Y   Y  1.00  9.74 1.00 -  |   469.7    412.5  0.00 | -1.0  0.0 0   0   0  0  1  0
  - 0.19s  --------    0  Y   Y  1.00  9.85 1.00 -  |   469.2    411.9  0.00 | -1.0  0.0 0   0   0  0  1  0
  - 0.09s  --------    0  Y   Y  1.00  9.96 1.00 -  |   468.8    411.3  0.00 | -1.0  0.0 0   0   0  0  1  0
=========================================================== END

[   998   16.321 x1.00] LOG  [StormWeather] terrain layers restored to dry values.
# end — 60 lines
