# Oni combat log — 2026-09-20 21:38:16
# Unity 6000.2.7f2 | scene 'CaveScene_Oni_Boss1' | platform OSXEditor
# columns: [frame realSeconds timeScale] KIND message      (KIND: LOG WARN ERR EXC TEL)
#
[     0    0.000 x1.00] LOG  [OniLog] console + telemetry → /Users/asenahazal/Documents/Yoru/OniLogs/oni_2026-09-20_21-38-16.log
[     0    0.000 x1.00] LOG  [OniHairShadows] shadow casting off on 27 hair renderers
[     0    0.000 x1.00] LOG  [RingMesh] Auto-found 11/11 left, 11/11 right meshes
[     1    0.000 x1.00] LOG  [GameOver] ready (sumi-e): PlayerCombat found, ink shader ok, paper set, kanji set, font YujiSyuku-Regular SDF, Main Menu faint (no scene set)
[     1    0.000 x1.00] LOG  [PeachUI] row ready: 4 peaches, 64 px, TopLeft, bleed sprite set, PlayerHealth found
[     1    0.000 x1.00] LOG  [BossBar] BossHealthBarUI initialized
[     1    0.000 x1.00] LOG  [StormWeather] layer 'TerrainLayer_Dirt_01' dry smoothness=0.00 (restore to this if a crash ever leaves it wet)
[     1    0.000 x1.00] LOG  [StormWeather] post volumes ready on layer 9 (storm priority 10, flash priority 11).
[     1    0.000 x1.00] LOG  [StormWeather] ROUND 80: fur weather ready on 'Weather Zone'. Rain 0, wind 0.50 in the open, sky check 30 m from 'PlayerYoru_1.1'.
[     1    0.000 x1.00] LOG  [StormWeather] COZY bridge: Rain_Cave retired, COZY owns the rain now.
[     1    0.000 x1.00] LOG  [StormWeather] COZY → 'Clear' (pre-fight - open sky, 0 s)
[     1    0.000 x1.00] LOG  [StormWeather] Ready. Open sky, dry floor. Waiting for the fight.
[     1    0.000 x1.00] LOG  OniBoss initialized with 2500 HP
[     1    0.000 x1.00] LOG  [OniBoss] ANIMATOR SETUP: cullingMode=CullUpdateTransforms updateMode=Normal applyRootMotion=False speed=1
[     1    0.000 x1.00] LOG  [OniBoss] Initialized
[     1    0.000 x1.00] LOG  [OniBoss:Layer] facing: minFlat 1m, snapOnAttack off, trackInHitReact off, aimTurn 540 deg/s for the first 0.20 of the swing
[     1    0.000 x1.00] LOG  [OniBoss:Layer] Yoru launch model ON: launches ALL THE WAY to an enemy within 4.7m of its surface at 10m/s (stop gap 0.00m, NO minimum distance), else steps 0.90m forward. Targeting cone left exactly as her prefab has it.
[     1    0.000 x1.00] LOG  [OniBoss:Layer] Yoru launch ROUND 9: airborne attacks launch too (ON), edge probe now runs on its OWN layer mask (Everything) instead of the line-of-sight mask - the Ground-only mask found no floor in this cave and was cancelling 100% of launches at 0.00m travelled.
[     1    0.000 x1.00] LOG  [OniBoss:Layer] animator speed x1.35 — his 1.13s swing now plays in 0.84s.
[     1    0.000 x1.00] LOG  [OniBoss:Layer] chase speed pushed: phase1 4.5, phase2 5.5 (Yoru runs at 7).
[     1    0.000 x1.00] LOG  [OniBoss:Layer] ground wave ON (round 38): half the club's damage on TOUCH, 12m/s x 6.0m from 1.6m in front at 0.35m height — a club hit cancels that swing's wave, jumping clears it. Per-attack effects come from the Swing Wave VFX By Attack rows. PlayerHealth found, PlayerMovement found.
[     1    0.000 x1.00] LOG  [StormWeather] storm break HELD (waiting for the lightning beat)
[     1    0.000 x1.00] LOG  [OniBoss:Layer] storm break HELD — it releases at the lightning-on-the-club beat.
[     1    0.000 x1.00] LOG  [OniBoss:Layer] club tracking ON — tip 'Kanabo3' (depth 4), shaft root 'kanabo'.
[     1    0.000 x1.00] LOG  [OniBoss:Layer] skinned meshes: 46 renderer(s), updateWhenOffscreen ON, body renderer 'Body' rootBone 'Hips'
[     1    0.000 x1.00] LOG  [OniBoss:Layer] charge travel bone: 'Hips' at depth 1 under 'OniBoss', rest local (0.00, 3.24, -0.24)
[     1    0.000 x1.00] LOG  [OniBoss:Layer] anti-kite ON: thrown swing after 4s of failed chase (within 7.6m), charge after 6s.
[     1    0.000 x1.00] LOG  [OniBoss:Layer] charge drive ON (windup to 0.40 at x1.3, rush 14m/s stops at 2.6m, steers 0.35s then commits, strike section from 0.58, strike moment 0.76, trail VFX off)
[     1    0.000 x1.00] LOG  [OniBoss:Layer] attack armor ON (his swings are not interrupted by light/medium hits; heavy hits and rapid-hit bursts still stop him)
[     1    0.000 x1.00] LOG  [OniBoss:Layer] strike moments overridden: Club_Swing=0.42 ClubSwing2=0.32 ClubSlam=0.85 KanaboSweep=0.48
[     1    0.000 x1.00] LOG  [OniBoss:Layer] club TOUCH hits ON (radius 0.70m, min tip speed 50m/s, armed from 0.20 of the clip): Club_Swing ClubSwing2 ClubSlam KanaboSweep. First touch wins — club full damage, wave half, one hit per swing.
[     1    0.000 x1.00] LOG  [OniBoss:Layer] combo damage ramp ON: mid x1.25, finisher x1.50 — finisher wave carries FULL damage at x2.0 size, x2.0 travel.
[     1    0.000 x1.00] LOG  [OniBoss:Layer] charge follow-up ON: 90 % of solo charges chain into a random melee finisher.
[     1    0.000 x1.00] LOG  [OniBoss:Layer] hold-ground ON (backstep 1.5m @ 1.6m/s after own attacks, watch 'Watch', attack facing LOCKED)
[     1    0.000 x1.00] LOG  [OniBoss:Layer] OniBoss layer ready (reactions, wake-on-hit, watch stance, boss bar). player=found
[     1    0.000 x1.00] LOG  [OniBoss:Layer] charge clip 'Oni Charge.fbx' imports with Root Motion Node = None (in place) — good.
[     1    0.000 x1.00] LOG  [OniBoss:Layer] clips importing with Root Transform Position (Y) NOT baked into pose (12): Oni_Alert(Oni Alert), Club_Slam(Oni Club Slam), Club_Swing(Oni Club Swing), Club_swing2(Oni Club Swing 2), Death(Oni Death Kneel), Hit_react_light(Oni Hit react lighter light), KanaboSweep(Oni Kanabo sweep), Phase_Transition(Oni Phase transition), run(Oni Run), Walk(Oni Walk), Watch(Oni Watch), Idle(Oni Idle) — their hips' up/down motion is stripped (see round notes; optional).
[     1    0.000 x1.00] LOG  === VFX MANAGER INITIALIZED ===
[     1    0.000 x1.00] LOG  Auto-detect animations: False
[     1    0.000 x1.00] LOG  Parent effects to tail: True
[     1    0.000 x1.00] LOG  Prefabs: Jump=True, Land=True, LTail=True, RTail=True
[     1    0.000 x1.00] LOG  ✅ Left Tail Tip: LeftTailTip_Anchor
[     1    0.000 x1.00] LOG  ✅ Right Tail Tip: RightTailTip_Anchor
[     1    0.000 x1.00] LOG  [VolumetricFogController] applyPresets is OFF in this scene. The Volumetric Fog component keeps its hand-set inspector values.
[     1    0.000 x1.00] LOG  [TailAirShot] Ready. drawState=RightTail_Fast castParam=TailCastSpeed (found)
  arrow leaves: PlayerYoru_1.1/Cat_All_10_Tails_v4/Group/DeformationSystem/root/Root_M/Tail15_R/Tail151_R/Tail152_R/Tail153_R/Tail154_R/Tail155_R/Tail156_R/Tail157_R/Tail158_R/Tail159_R/Tail1510_R/Tail1511_R/Tail1512_R/Tail6_R/Tail6_R_end/Tail6_R_end_end/Tail6_R_end_end_end/RightTailTip_Anchor
  aim VFX: PlayerYoru_1.1/Cat_All_10_Tails_v4/Group/DeformationSystem/root/Root_M/Tail15_R/Tail151_R/Tail152_R/Tail153_R/Tail154_R/Tail155_R/Tail156_R/Tail157_R/Tail158_R/Tail159_R/Tail1510_R/Tail1511_R/Tail1512_R/Tail6_R/Tail6_R_end/Tail6_R_end_end/Tail6_R_end_end_end/RightTailTip_Anchor/vfx_Muzzle_Fireball01Blue
[     1    0.000 x1.00] LOG  [RingMesh] VFX Status:
[     1    0.000 x1.00] LOG    Left: Prefab=✓, Spawn=Tail6_L_end_end_end
[     1    0.000 x1.00] LOG    Right: Prefab=✓, Spawn=Tail6_R_end_end_end
[     1    0.000 x1.00] LOG  [TailAirShot4Leg] Ready. drawState=shoot_4Leg castParam=Shoot4LegSpeed (found) readyFrame=5 fireFrame=10 frames=24 slowBudget=3s real damageMultiplier=2.00
  arrow leaves: PlayerYoru_1.1/Cat_All_10_Tails_v4/Group/DeformationSystem/root/Root_M/Tail15_R/Tail151_R/Tail152_R/Tail153_R/Tail154_R/Tail155_R/Tail156_R/Tail157_R/Tail158_R/Tail159_R/Tail1510_R/Tail1511_R/Tail1512_R/Tail6_R/Tail6_R_end/Tail6_R_end_end/Tail6_R_end_end_end/RightTailTip_Anchor
  aim VFX left:  PlayerYoru_1.1/Cat_All_10_Tails_v4/Group/DeformationSystem/root/Root_M/Tail15_L/Tail151_L/Tail152_L/Tail153_L/Tail154_L/Tail155_L/Tail156_L/Tail157_L/Tail158_L/Tail159_L/Tail1510_L/Tail1511_L/Tail1512_L/Tail6_L/Tail6_L_end/Tail6_L_end_end/Tail6_L_end_end_end/LeftTailTip_Anchor/Glow_4Leg_L
  aim VFX right: PlayerYoru_1.1/Cat_All_10_Tails_v4/Group/DeformationSystem/root/Root_M/Tail15_R/Tail151_R/Tail152_R/Tail153_R/Tail154_R/Tail155_R/Tail156_R/Tail157_R/Tail158_R/Tail159_R/Tail1510_R/Tail1511_R/Tail1512_R/Tail6_R/Tail6_R_end/Tail6_R_end_end/Tail6_R_end_end_end/RightTailTip_Anchor/Glow_4Leg_R
[     1    0.000 x1.00] LOG  [PlayerCombat] Phase 2 form gate CONNECTED (FormController found on this GameObject).
[     1    0.000 x1.00] LOG  [Combat] PlayerCombat initialized, Phase 3C v27
[     1    0.000 x1.00] LOG  [CameraGameFeel] CameraGameFeel initialized (shake + FOV)
[     1    5.695 x1.00] LOG  [OniBoss] Playing animation: Idle
[    39    7.296 x1.00] LOG  💨 Landing VFX spawned!
[    39    7.296 x1.00] LOG  ✅ LANDED! (was jump #0)
[   727   11.853 x1.00] LOG  [OniBoss:Layer] watch stance ON (player 14.9m)
[  1008   13.640 x1.00] LOG  [OniBoss] LostSoul → Alert
[  1008   13.640 x1.00] LOG  [OniBoss] Playing animation: Oni_Alert
[  1008   13.640 x1.00] LOG  [BossBar] Showing bar for: Oni (2500/2500)
[  1008   13.640 x1.00] LOG  [OniBoss:Layer] boss bar shown
[  1009   13.648 x1.00] LOG  [StormWeather] COZY → 'Yoru_Oni_Phase1_Storm' (fight engaged - storm rolls in, 0 s)
[  1009   13.648 x1.00] LOG  [StormWeather] FIGHT STARTED (he engaged) - storm on, floor starts to soak.
[  1010   13.655 x1.00] WARN The referenced script on this Behaviour (Game Object '<null>') is missing!
[  1010   13.655 x1.00] WARN The referenced script on this Behaviour (Game Object 'Lightning Light') is missing!
[  1010   13.655 x1.00] WARN The referenced script on this Behaviour (Game Object 'Lightning Light') is missing!
[  1052   13.961 x1.00] LOG  🐾 4-LEG JUMP #0
[  1052   13.961 x1.00] LOG  🐾 Jump 1 VFX spawned!
[  1061   14.029 x1.00] LOG  [StormWeather] fur: rain reaching the coat (intensity 0.01, follows floor wetness).
[  1077   14.141 x1.00] LOG  [OniBoss] Alert → Chase
[  1078   14.147 x1.00] LOG  [OniBoss] Pull-band decision: RUN-IN (dist 5.9m, pullRange 0m, chance 0.50)
[  1078   14.147 x1.00] LOG  [OniBoss] Playing animation: run
[  1105   14.331 x1.00] LOG  [ComboTrace] LAUNCH OniBoss at 3.5m dist=3.20m in 0.32s (capped short) [AIRBORNE]
[  1105   14.331 x1.00] LOG  [Combat] Aerial spin, 25 dmg
[  1105   14.331 x1.00] LOG  [YoruVFX] Air spin: 'VFX_Void_Burst_AirSpinYoru' at CenterVFX, 46 systems, longest 1.00s fitted to 0.79s at speed 1.27, 8 forced Local, 38 delays zeroed, tail 2.37s
[  1105   14.331 x1.00] LOG  [AirPosePin] engaged, holding body at 1.250m above the transform
[  1115   14.400 x1.00] LOG  [OniBoss] Playing animation: Watch
[  1115   14.400 x1.00] LOG  [OniBoss] Chase → Attack
[  1115   14.400 x1.00] LOG  [OniBoss] Attack: Club_Swing (16 dmg)
[  1115   14.400 x1.00] LOG  [OniBoss:Trail] Club_Swing trail START at clip 0.27 (transition done).
[  1121   14.453 x1.00] LOG  [StormWeather] storm post weight -> 0.40
[  1125   14.485 x1.00] LOG  OniBoss took 10 damage. HP: 2490/2500
[  1125   14.485 x1.00] LOG  [Stance] OniBoss 10/100 (+10 light)
[  1125   14.485 x1.00] LOG  [OniBoss] 🤕 Hit during Attack — flash only
[  1125   14.485 x1.00] LOG  [Momentum] 0 -> 1 (hit), speed x1.05, damage x1.05, impact x1.05
[  1125   14.485 x1.00] LOG  [CameraGameFeel] Shake: intensity=0.06 duration=0.080s
[  1125   14.485 x1.00] LOG  [CameraGameFeel] Shake: intensity=0.53 duration=0.200s
[  1125   14.485 x1.00] LOG  [CameraGameFeel] FOV punch: hit light (+1.5°)
[  1143   14.635 x1.00] LOG  OniBoss took 10 damage. HP: 2480/2500
[  1143   14.635 x1.00] LOG  [Stance] OniBoss 20/100 (+10 light)
[  1143   14.635 x1.00] LOG  [OniBoss] 🤕 Hit during Attack — flash only
[  1143   14.635 x1.00] LOG  [CameraGameFeel] Shake: intensity=0.18 duration=0.200s
[  1145   14.651 x1.00] LOG  [ComboTrace] LAUNCH RESULT wanted=3.20m actually moved=2.91m, completed
[  1165   14.791 x1.00] LOG  OniBoss took 10 damage. HP: 2470/2500
[  1165   14.791 x1.00] LOG  [Stance] OniBoss 30/100 (+10 light)
[  1165   14.791 x1.00] LOG  [OniBoss] 🤕 Hit during Attack — flash only
[  1165   14.791 x1.00] LOG  [Momentum] 1 -> 2 (hit), speed x1.10, damage x1.10, impact x1.10
[  1165   14.791 x1.00] LOG  [CameraGameFeel] Shake: intensity=0.06 duration=0.080s
[  1165   14.791 x1.00] LOG  [CameraGameFeel] Shake: intensity=0.19 duration=0.200s
[  1168   14.811 x1.00] LOG  [OniBoss:ClubPos] Club_Swing at strike: club tip 3.02m up, 2.60m in front, -2.90m to his right (3.90m out from his centre). Club faces -80deg from his forward, pitch 0.40. (the ground wave is born 1.6m in front of him at 0.35m.)
[  1168   14.811 x1.00] LOG  [OniBoss:Layer] Club_Swing: club has not connected — ground wave released ARMED, 1.6m in front, 12m/s x 6.0m = 0.50s, carrying 8 (half of the club's 16).
[  1169   14.822 x1.00] LOG  💨 Landing VFX spawned!
[  1169   14.822 x1.00] LOG  ✅ LANDED! (was jump #1)
[  1169   14.822 x1.00] LOG  [Peach] light hit 8 dmg: 1 bite. 15/16 bites = 3.75 of 4 peaches
[  1169   14.822 x1.00] LOG  [Momentum] 2 -> 1 (light hit taken, 50% = -1), speed x1.05, damage x1.05, impact x1.05
[  1169   14.822 x1.00] LOG  [YoruVFX] Spin VFX stopped, fading for 2.37s
[  1169   14.822 x1.00] LOG  [Combat] Combo memory: light hit, keeping step 3
[  1169   14.822 x1.00] LOG  [Combat] Hit react: HitReact_Light_2Leg (0.5s, clip starts at 0.35s)
[  1169   14.822 x1.00] LOG  [CameraGameFeel] Shake: intensity=0.30 duration=0.200s
[  1169   14.822 x1.00] LOG  [CameraGameFeel] FOV punch: player damage (-2.0°)
[  1169   14.822 x1.00] LOG  [OniBoss:Wave] wave TOUCHED Yoru (grounded) for 8 after 0.1m / 0.01s of travel.
[  1169   14.822 x1.00] LOG  [AirPosePin] released, peak correction was 0.030m
[  1171   14.840 x1.00] LOG  [HitReactTrace] asked for 'HitReact_Light_2Leg' (0.50s, clip start 0.35s): playing it, blend resolved after 18 ms, state 1.21s long at speed 1.00, now at 0.36s, layer weight 1.00, animator.speed 1.00.
[  1237   15.289 x1.00] LOG  [OniBoss] Attack → Recovery
[  1237   15.289 x1.00] LOG  [OniBoss] Playing animation: Watch
[  1237   15.289 x1.00] LOG  [OniBoss:Trail] trail END at clip 0.99, fading over 0.40s.
[  1237   15.289 x1.00] LOG  [OniBoss:Strike] Club_Swing: club tip closest to Yoru at 0.50m, clip position 0.89 | damage fires at 0.42 | clip 0.84s => damage fires 398 ms BEFORE the club is closest
[  1259   15.439 x1.00] LOG  [OniBoss] Recovery → Chase
[  1260   15.445 x1.00] LOG  [OniBoss] hold-ground: BACKSTEP 1.5m (player 2.0m)
[  1274   15.592 x1.00] LOG  [Combat] Combo 1: 10 dmg
[  1274   15.592 x1.00] LOG  [ComboTrace] START step=1 state='Combo1' queued=0 target='OniBoss' at 2.3m
[  1274   15.592 x1.00] LOG  [ComboTrace] LAUNCH OniBoss at 1.0m dist=0.95m in 0.13s
[  1292   15.706 x1.00] LOG  [ComboTrace] LAUNCH RESULT wanted=0.95m actually moved=0.36m, completed
[  1304   15.789 x1.00] LOG  [Combat] Queued click #1 (combo 1)
[  1304   15.789 x1.00] LOG  [ComboTrace] QUEUED #1 during step 1
[  1335   16.017 x1.00] LOG  [Combat] Queued click #2 (combo 1)
[  1335   16.017 x1.00] LOG  [ComboTrace] QUEUED #2 during step 1
[  1339   16.039 x1.00] LOG  OniBoss took 10 damage. HP: 2460/2500
[  1339   16.039 x1.00] LOG  [Stance] OniBoss 40/100 (+10 light)
[  1339   16.039 x1.00] LOG  [OniBoss] Chase → HitReact
[  1339   16.039 x1.00] LOG  [OniBoss:Layer] react tier: LIGHT (10 dmg) → 'Hit_react_light'
[  1339   16.039 x1.00] LOG  [OniReactTrace] #1 LIGHT (10 dmg) asked for 'Hit_react_light': crossfade 0.08s, animator speed 1.35, world x1.00
[  1339   16.039 x1.00] LOG  [Momentum] 1 -> 2 (hit), speed x1.10, damage x1.10, impact x1.10
[  1339   16.039 x1.00] LOG  [CameraGameFeel] Shake: intensity=0.06 duration=0.080s
[  1339   16.039 x1.00] LOG  [Combat] Hit OniBoss for 10
[  1339   16.039 x1.00] LOG  [CameraGameFeel] Shake: intensity=0.55 duration=0.200s
[  1339   16.039 x1.00] LOG  [CameraGameFeel] FOV punch: hit light (+1.5°)
[  1340   16.047 x1.00] LOG  [OniReactTrace] #1 +0.01s state SOMETHING ELSE, clip on his bones 'Take 001' weight 1.00, layer weight 1.00, animator speed 0.00, world x1.00, engine HitReact
[  1352   16.144 x1.00] LOG  [OniReactTrace] #1 +0.10s state SOMETHING ELSE, clip on his bones 'Take 001' weight 0.23, blending INTO 'Hit_react_light', layer weight 1.00, animator speed 1.35, world x1.00, engine HitReact
[  1360   16.200 x1.00] LOG  🐾 VFX_AttackPaw triggered!
[  1364   16.224 x1.00] LOG  [ComboTrace] CLICK IGNORED (step=1 queued=2)
[  1373   16.291 x1.00] LOG  [OniReactTrace] #1 +0.25s state 'Hit_react_light' at 33 % of its 0.59s, clip on his bones 'Take 001' weight 1.00, layer weight 1.00, animator speed 1.35, world x1.00, engine HitReact
[  1376   16.311 x1.00] LOG  [Combat] Combo 2: 20 dmg
[  1376   16.311 x1.00] LOG  [ComboTrace] START step=2 state='Combo2' queued=1 target='OniBoss' at 2.6m
[  1376   16.311 x1.00] LOG  [ComboTrace] LAUNCH OniBoss at 1.3m dist=1.27m in 0.13s
[  1392   16.436 x1.00] LOG  [Combat] Queued click #2 (combo 2)
[  1392   16.436 x1.00] LOG  [ComboTrace] QUEUED #2 during step 2
[  1393   16.442 x1.00] LOG  [ComboTrace] LAUNCH RESULT wanted=1.27m actually moved=0.59m, completed
[  1398   16.491 x1.00] LOG  [OniReactTrace] #1 +0.45s state 'Hit_react_light' at 68 % of its 0.59s, clip on his bones 'Take 001' weight 1.00, layer weight 1.00, animator speed 1.35, world x1.00, engine HitReact
[  1419   16.636 x1.00] LOG  [ComboTrace] CLICK IGNORED (step=2 queued=2)
[  1434   16.743 x1.00] LOG  [OniReactTrace] #1 +0.70s state 'Hit_react_light' at 100 % of its 0.59s, clip on his bones 'Take 001' weight 1.00, layer weight 1.00, animator speed 1.35, world x1.00, engine HitReact
[  1453   16.856 x1.00] LOG  [ComboTrace] CLICK IGNORED (step=2 queued=2)
[  1457   16.890 x1.00] LOG  🐾🐾 VFX_TowPaw triggered!
[  1460   16.911 x1.00] LOG  OniBoss took 22 damage. HP: 2438/2500
[  1460   16.911 x1.00] LOG  [Stance] OniBoss 50/100 (+10 light)
[  1460   16.911 x1.00] LOG  [Momentum] 2 -> 3 (hit), speed x1.15, damage x1.15, impact x1.15
[  1460   16.911 x1.00] LOG  [CameraGameFeel] Shake: intensity=0.06 duration=0.080s
[  1460   16.911 x1.00] LOG  [Combat] Hit OniBoss for 22
[  1460   16.911 x1.00] LOG  [CameraGameFeel] Shake: intensity=0.58 duration=0.200s
[  1460   16.911 x1.00] LOG  [CameraGameFeel] FOV punch: hit light (+1.5°)
[  1472   16.994 x1.00] LOG  [OniReactTrace] #1 +0.95s state 'Hit_react_light' at 100 % of its 0.59s, clip on his bones 'Take 001' weight 1.00, layer weight 1.00, animator speed 1.35, world x1.00, engine HitReact
[  1472   16.994 x1.00] LOG  [OniReactTrace] #1 LIGHT verdict: played to 100 % of the clip, so the reaction IS on screen and what is missing is movement inside the clip itself
[  1477   17.033 x1.00] LOG  [ComboTrace] CLICK IGNORED (step=2 queued=2)
[  1493   17.143 x1.00] LOG  [OniBoss] HitReact → Chase
[  1494   17.148 x1.00] LOG  [OniBoss] Playing animation: Idle
[  1506   17.222 x1.00] LOG  [ComboTrace] CLICK IGNORED (step=2 queued=2)
[  1509   17.243 x1.00] LOG  [OniBoss] Combo started: swing1-2 (2 steps remaining)
[  1509   17.243 x1.00] LOG  [OniBoss] Chase → Attack
[  1509   17.243 x1.00] LOG  [OniBoss] Attack: Club_Swing (16 dmg)
[  1509   17.243 x1.00] LOG  [OniBoss:Trail] Club_Swing trail START at clip 1.00 (transition still blending).
[  1512   17.272 x1.00] LOG  🐾🐾 VFX_TowPaw triggered!
[  1516   17.298 x1.00] LOG  [Combat] Combo 3: 35 dmg
[  1516   17.298 x1.00] LOG  [ComboTrace] START step=3 state='Combo3' queued=1 target='OniBoss' at 2.3m
[  1516   17.298 x1.00] LOG  [ComboTrace] LAUNCH OniBoss at 1.1m dist=1.05m in 0.13s
[  1516   17.298 x1.00] LOG  [YoruVFX] Ground hazard: 'VFX_Void_Area_GroundSpinYORU' laid at GroundVFX ((482.82, 0.71, 404.39)), floor tilt 8.1 deg, 17 delays shifted by 2.00s, own lifetime 8.98s
[  1516   17.298 x1.00] LOG  [Combat] Hazard zone tick: OniBoss for 25
[  1516   17.298 x1.00] LOG  [Combat] Hazard zone laid: 8.98s, 25 dmg every 0.50s in 2.00m
[  1524   17.361 x1.00] LOG  OniBoss took 40 damage. HP: 2373/2500
[  1524   17.361 x1.00] LOG  [Stance] OniBoss 60/100 (+10 light)
[  1524   17.361 x1.00] LOG  [OniBoss] 🤕 Hit during Attack — flash only
[  1524   17.361 x1.00] LOG  [Momentum] 3 -> 4 (hit), speed x1.20, damage x1.20, impact x1.20
[  1524   17.361 x1.00] LOG  [CameraGameFeel] Shake: intensity=0.06 duration=0.080s
[  1524   17.361 x1.00] LOG  [CameraGameFeel] Shake: intensity=0.60 duration=0.200s
[  1524   17.361 x1.00] LOG  [CameraGameFeel] FOV punch: hit light (+1.5°)
[  1530   17.411 x1.00] LOG  [ComboTrace] CLICK IGNORED (step=3 queued=1)
[  1533   17.437 x1.00] LOG  [ComboTrace] LAUNCH RESULT wanted=1.05m actually moved=0.51m, completed
[  1554   17.601 x1.00] LOG  [ComboTrace] CLICK IGNORED (step=3 queued=1)
[  1561   17.652 x1.00] LOG  [OniBoss:ClubPos] Club_Swing at strike: club tip 3.02m up, 2.70m in front, -2.85m to his right (3.92m out from his centre). Club faces -78deg from his forward, pitch 0.40. (the ground wave is born 1.6m in front of him at 0.35m.)
[  1561   17.652 x1.00] LOG  [OniBoss:Layer] Club_Swing: club has not connected — ground wave released ARMED, 1.6m in front, 12m/s x 6.0m = 0.50s, carrying 8 (half of the club's 16).
[  1562   17.661 x1.00] LOG  [Peach] light hit 8 dmg: 1 bite. 14/16 bites = 3.5 of 4 peaches
[  1562   17.661 x1.00] LOG  [Momentum] 4 -> 2 (light hit taken, 50% = -2), speed x1.10, damage x1.10, impact x1.10
[  1562   17.661 x1.00] LOG  [Combat] Combo memory: light hit, keeping step 3
[  1562   17.661 x1.00] LOG  [Combat] Hit react: HitReact_Light_2Leg (0.5s, clip starts at 0.35s)
[  1562   17.661 x1.00] LOG  [CameraGameFeel] Shake: intensity=0.30 duration=0.200s
[  1562   17.661 x1.00] LOG  [CameraGameFeel] FOV punch: player damage (-2.0°)
[  1562   17.661 x1.00] LOG  [OniBoss:Wave] wave TOUCHED Yoru (grounded) for 8 after 0.1m / 0.01s of travel.
[  1564   17.678 x1.00] LOG  [HitReactTrace] asked for 'HitReact_Light_2Leg' (0.50s, clip start 0.35s): playing it, blend resolved after 17 ms, state 1.21s long at speed 1.00, now at 0.36s, layer weight 1.00, animator.speed 1.00.
[  1580   17.801 x1.00] LOG  [Combat] Hazard zone tick: OniBoss for 25
[  1626   18.133 x1.00] LOG  [OniBoss] Attack → Recovery
[  1626   18.133 x1.00] LOG  [OniBoss] Playing animation: Watch
[  1626   18.133 x1.00] LOG  [OniBoss:Trail] trail END at clip 1.00, fading over 0.40s.
[  1626   18.133 x1.00] LOG  [OniBoss:Strike] Club_Swing: club tip closest to Yoru at 0.71m, clip position 0.91 | damage fires at 0.42 | clip 0.84s => damage fires 412 ms BEFORE the club is closest
[  1638   18.222 x1.00] LOG  [Combat] Combo 1: 10 dmg
[  1638   18.222 x1.00] LOG  [ComboTrace] START step=1 state='Combo1' queued=0 target='OniBoss' at 2.2m
[  1638   18.222 x1.00] LOG  [ComboTrace] LAUNCH OniBoss at 0.9m dist=0.92m in 0.13s
[  1648   18.289 x1.00] LOG  [OniBoss] Recovery → Attack
[  1648   18.289 x1.00] LOG  [OniBoss] Attack: ClubSwing2 (16 dmg)
[  1648   18.289 x1.00] LOG  [OniBoss:Trail] ClubSwing2 trail START at clip 1.00 (transition still blending).
[  1651   18.309 x1.00] LOG  [Combat] Hazard zone tick: OniBoss for 25
[  1658   18.352 x1.00] LOG  [ComboTrace] LAUNCH RESULT wanted=0.92m actually moved=0.19m, completed
[  1669   18.433 x1.00] LOG  [Combat] Queued click #1 (combo 1)
[  1669   18.433 x1.00] LOG  [ComboTrace] QUEUED #1 during step 1
[  1698   18.622 x1.00] LOG  [CameraGameFeel] Shake: intensity=0.20 duration=0.250s
[  1698   18.622 x1.00] LOG  [Peach] heavy hit 24 dmg: 3 bites. 11/16 bites = 2.75 of 4 peaches
[  1698   18.622 x1.00] LOG  [Momentum] 2 -> 0 (heavy hit taken, reset), speed x1.00, damage x1.00, impact x1.00
[  1698   18.622 x1.00] LOG  [Combat] Hit react: HitReact_Heavy_2Leg (0.9s, clip starts at 0.35s)
[  1698   18.622 x1.00] LOG  [CameraGameFeel] Shake: intensity=0.60 duration=0.200s
[  1698   18.622 x1.00] LOG  [CameraGameFeel] FOV punch: player damage (-3.0°)
[  1698   18.622 x1.00] LOG  [OniBoss] Hit player for 24 (ClubSwing2) [combo x1.50]
[  1698   18.622 x1.00] LOG  [OniBoss:Touch] ClubSwing2: club TOUCHED Yoru at clip 0.29, shaft 0.68m from her body line, head 0.49 along the club, tip 1.17m up, tip speed 93m/s. Full club hit delivered this frame.
[  1699   18.632 x1.00] LOG  [HitReactTrace] asked for 'HitReact_Heavy_2Leg' (0.90s, clip start 0.35s): NOT playing it, another state took the combat layer, blend resolved after 10 ms, state 0.86s long at speed 1.60, now at 0.40s, layer weight 1.00, animator.speed 1.00.
[  1704   18.681 x1.00] LOG  [OniBoss:ClubPos] ClubSwing2 at strike: club tip 0.35m up, 1.35m in front, 2.94m to his right (3.24m out from his centre). Club faces 31deg from his forward, pitch -0.89. (the ground wave is born 1.6m in front of him at 0.35m.)
[  1704   18.681 x1.00] LOG  [OniBoss:Layer] ClubSwing2: club already hit — ground wave released as VISUAL only (0 damage), finisher size x2.0.
[  1720   18.811 x1.00] LOG  [Combat] Hazard zone tick: OniBoss for 25
[  1785   19.321 x1.00] LOG  [Combat] Hazard zone tick: OniBoss for 25
[  1804   19.461 x1.00] LOG  [OniBoss] Attack → Recovery
[  1804   19.461 x1.00] LOG  [OniBoss] Playing animation: Watch
[  1804   19.461 x1.00] LOG  [OniBoss:Trail] trail END at clip 0.99, fading over 0.40s.
[  1804   19.461 x1.00] LOG  [OniBoss:Strike] ClubSwing2: club tip closest to Yoru at 1.40m, clip position 0.30 | damage fires at 0.32 | clip 1.17s => MATCHED (within one or two frames)
[  1826   19.612 x1.00] LOG  [OniBoss] Recovery → Chase
[  1827   19.622 x1.00] LOG  [OniBoss] hold-ground: BACKSTEP 1.5m (player 2.0m)
[  1828   19.631 x1.00] LOG  [Combat] Combo 1: 10 dmg
[  1828   19.631 x1.00] LOG  [ComboTrace] START step=1 state='Combo1' queued=0 target='OniBoss' at 2.0m
[  1828   19.631 x1.00] LOG  [ComboTrace] LAUNCH OniBoss at 0.8m dist=0.78m in 0.13s
[  1848   19.771 x1.00] LOG  [ComboTrace] LAUNCH RESULT wanted=0.78m actually moved=0.18m, completed
[  1856   19.822 x1.00] LOG  [Combat] Queued click #1 (combo 1)
[  1856   19.822 x1.00] LOG  [ComboTrace] QUEUED #1 during step 1
[  1856   19.822 x1.00] LOG  [Combat] Hazard zone tick: OniBoss for 25
[  1884   20.015 x1.00] LOG  [Combat] Queued click #2 (combo 1)
[  1884   20.015 x1.00] LOG  [ComboTrace] QUEUED #2 during step 1
[  1899   20.102 x1.00] LOG  OniBoss took 10 damage. HP: 2238/2500
[  1899   20.102 x1.00] LOG  [Stance] OniBoss 45/100 (+10 light)
[  1899   20.102 x1.00] LOG  [OniBoss] Chase → HitReact
[  1899   20.102 x1.00] LOG  [OniBoss:Layer] react tier: LIGHT (10 dmg) → 'Hit_react_light'
[  1899   20.102 x1.00] LOG  [OniReactTrace] #2 LIGHT (10 dmg) asked for 'Hit_react_light': crossfade 0.08s, animator speed 1.35, world x1.00
[  1899   20.102 x1.00] LOG  [Momentum] 0 -> 1 (hit), speed x1.05, damage x1.05, impact x1.05
[  1899   20.102 x1.00] LOG  [CameraGameFeel] Shake: intensity=0.06 duration=0.080s
[  1899   20.102 x1.00] LOG  [Combat] Hit OniBoss for 10
[  1899   20.102 x1.00] LOG  [CameraGameFeel] Shake: intensity=0.53 duration=0.200s
[  1899   20.102 x1.00] LOG  [CameraGameFeel] FOV punch: hit light (+1.5°)
[  1900   20.116 x1.00] LOG  [OniReactTrace] #2 +0.01s state SOMETHING ELSE, clip on his bones 'Take 001' weight 1.00, layer weight 1.00, animator speed 0.00, world x1.00, engine HitReact
[  1912   20.202 x1.00] LOG  [ComboTrace] CLICK IGNORED (step=1 queued=2)
[  1913   20.213 x1.00] LOG  [OniReactTrace] #2 +0.11s state SOMETHING ELSE, clip on his bones 'Take 001' weight 0.03, blending INTO 'Hit_react_light', layer weight 1.00, animator speed 1.35, world x1.00, engine HitReact
[  1921   20.271 x1.00] LOG  🐾 VFX_AttackPaw triggered!
[  1933   20.356 x1.00] LOG  [OniReactTrace] #2 +0.25s state 'Hit_react_light' at 35 % of its 0.59s, clip on his bones 'Take 001' weight 1.00, layer weight 1.00, animator speed 1.35, world x1.00, engine HitReact
[  1936   20.374 x1.00] LOG  [Combat] Combo 2: 20 dmg
[  1936   20.374 x1.00] LOG  [ComboTrace] START step=2 state='Combo2' queued=1 target='OniBoss' at 2.6m
[  1936   20.374 x1.00] LOG  [ComboTrace] LAUNCH OniBoss at 1.3m dist=1.28m in 0.13s
[  1936   20.374 x1.00] LOG  [AirPosePin] engaged, holding body at 0.651m above the transform
[  1940   20.398 x1.00] LOG  [ComboTrace] CLICK DROPPED by attackCooldown (0.10s, 0.02s since last attack) step=2
[  1940   20.398 x1.00] LOG  [AirPosePin] released, peak correction was 0.000m
[  1956   20.514 x1.00] LOG  [ComboTrace] LAUNCH RESULT wanted=1.28m actually moved=0.60m, completed
[  1962   20.553 x1.00] LOG  [OniReactTrace] #2 +0.45s state 'Hit_react_light' at 69 % of its 0.59s, clip on his bones 'Take 001' weight 1.00, layer weight 1.00, animator speed 1.35, world x1.00, engine HitReact
[  1965   20.582 x1.00] LOG  [Combat] Queued click #2 (combo 2)
[  1965   20.582 x1.00] LOG  [ComboTrace] QUEUED #2 during step 2
[  1990   20.772 x1.00] LOG  [ComboTrace] CLICK IGNORED (step=2 queued=2)
[  1995   20.814 x1.00] LOG  [OniReactTrace] #2 +0.71s state 'Hit_react_light' at 100 % of its 0.59s, clip on his bones 'Take 001' weight 1.00, layer weight 1.00, animator speed 1.35, world x1.00, engine HitReact
[  2016   20.957 x1.00] LOG  [ComboTrace] CLICK IGNORED (step=2 queued=2)
[  2019   20.974 x1.00] LOG  🐾🐾 VFX_TowPaw triggered!
[  2022   20.992 x1.00] LOG  OniBoss took 21 damage. HP: 2217/2500
[  2022   20.992 x1.00] LOG  [Stance] OniBoss 55/100 (+10 light)
[  2022   20.992 x1.00] LOG  [Momentum] 1 -> 2 (hit), speed x1.10, damage x1.10, impact x1.10
[  2022   20.992 x1.00] LOG  [CameraGameFeel] Shake: intensity=0.06 duration=0.080s
[  2022   20.992 x1.00] LOG  [Combat] Hit OniBoss for 21
[  2022   20.992 x1.00] LOG  [CameraGameFeel] Shake: intensity=0.55 duration=0.200s
[  2022   20.992 x1.00] LOG  [CameraGameFeel] FOV punch: hit light (+1.5°)
[  2033   21.066 x1.00] LOG  [OniReactTrace] #2 +0.96s state 'Hit_react_light' at 100 % of its 0.59s, clip on his bones 'Take 001' weight 1.00, layer weight 1.00, animator speed 1.35, world x1.00, engine HitReact
[  2033   21.066 x1.00] LOG  [OniReactTrace] #2 LIGHT verdict: played to 100 % of the clip, so the reaction IS on screen and what is missing is movement inside the clip itself
[  2044   21.145 x1.00] LOG  [ComboTrace] CLICK IGNORED (step=2 queued=2)
[  2053   21.214 x1.00] LOG  [OniBoss] HitReact → Chase
[  2054   21.220 x1.00] LOG  [OniBoss] Playing animation: Watch
[  2068   21.332 x1.00] LOG  [ComboTrace] CLICK IGNORED (step=2 queued=2)
[  2073   21.371 x1.00] LOG  🐾🐾 VFX_TowPaw triggered!
[  2077   21.402 x1.00] LOG  [Combat] Combo 3: 35 dmg
[  2077   21.402 x1.00] LOG  [ComboTrace] START step=3 state='Combo3' queued=1 target='OniBoss' at 2.3m
[  2077   21.402 x1.00] LOG  [ComboTrace] LAUNCH OniBoss at 1.1m dist=1.06m in 0.13s
[  2077   21.402 x1.00] LOG  [YoruVFX] Ground hazard: 'VFX_Void_Area_GroundSpinYORU' laid at GroundVFX ((484.05, 0.60, 403.49)), floor tilt 9.4 deg, 17 delays shifted by 2.00s, own lifetime 8.98s
[  2077   21.402 x1.00] LOG  [Combat] Hazard zone tick: OniBoss for 25
[  2077   21.402 x1.00] LOG  [Combat] Hazard zone laid: 8.98s, 25 dmg every 0.50s in 2.00m
[  2078   21.414 x1.00] LOG  [OniBoss] Chase → Attack
[  2078   21.414 x1.00] LOG  [OniBoss] Attack: ClubSlam (20 dmg)
[  2078   21.414 x1.00] LOG  [OniBoss:Trail] ClubSlam trail START at clip 0.12 (transition done).
[  2085   21.463 x1.00] LOG  OniBoss took 38 damage. HP: 2154/2500
[  2085   21.463 x1.00] LOG  [Stance] OniBoss 65/100 (+10 light)
[  2085   21.463 x1.00] LOG  [OniBoss] 🤕 Hit during Attack — flash only
[  2085   21.463 x1.00] LOG  [Momentum] 2 -> 3 (hit), speed x1.15, damage x1.15, impact x1.15
[  2085   21.463 x1.00] LOG  [CameraGameFeel] Shake: intensity=0.06 duration=0.080s
[  2085   21.463 x1.00] LOG  [CameraGameFeel] Shake: intensity=0.58 duration=0.200s
[  2085   21.463 x1.00] LOG  [CameraGameFeel] FOV punch: hit light (+1.5°)
[  2093   21.520 x1.00] LOG  [ComboTrace] CLICK IGNORED (step=3 queued=1)
[  2095   21.532 x1.00] LOG  [ComboTrace] LAUNCH RESULT wanted=1.06m actually moved=0.51m, completed
[  2113   21.663 x1.00] LOG  [ComboTrace] CLICK IGNORED (step=3 queued=1)
[  2144   21.890 x1.00] LOG  [CameraGameFeel] Shake: intensity=0.50 duration=0.400s
[  2144   21.890 x1.00] LOG  [Peach] heavy hit 20 dmg: 3 bites. 8/16 bites = 2 of 4 peaches
[  2144   21.890 x1.00] LOG  [Momentum] 3 -> 0 (heavy hit taken, reset), speed x1.00, damage x1.00, impact x1.00
[  2144   21.890 x1.00] LOG  [Combat] Hit react: HitReact_Heavy_2Leg (0.9s, clip starts at 0.35s)
[  2144   21.890 x1.00] LOG  [CameraGameFeel] Shake: intensity=0.60 duration=0.200s
[  2144   21.890 x1.00] LOG  [CameraGameFeel] FOV punch: player damage (-3.0°)
[  2144   21.890 x1.00] LOG  [OniBoss] Hit player for 20 (ClubSlam)
[  2144   21.890 x1.00] LOG  [OniBoss:Touch] ClubSlam: club TOUCHED Yoru at clip 0.46, shaft 0.18m from her body line, head 0.49 along the club, tip 2.00m up, tip speed 99m/s. Full club hit delivered this frame.
[  2145   21.898 x1.00] LOG  [HitReactTrace] asked for 'HitReact_Heavy_2Leg' (0.90s, clip start 0.35s): NOT playing it, another state took the combat layer, blend resolved after 8 ms, state 0.79s long at speed 0.80, now at 0.43s, layer weight 1.00, animator.speed 1.00.
[  2146   21.905 x1.00] LOG  [Combat] Hazard zone tick: OniBoss for 25
[  2190   22.264 x1.00] LOG  [OniBoss:ClubPos] ClubSlam at strike: club tip 0.58m up, 2.90m in front, -0.22m to his right (2.91m out from his centre). Club faces 5deg from his forward, pitch -0.25. (the ground wave is born 1.6m in front of him at 0.35m.)
[  2190   22.264 x1.00] LOG  [OniBoss:Layer] ClubSlam: club already hit — ground wave released as VISUAL only (0 damage).
[  2206   22.391 x1.00] LOG  [OniBoss] Attack → Recovery
[  2206   22.391 x1.00] LOG  [OniBoss] Playing animation: Watch
[  2206   22.391 x1.00] LOG  [OniBoss:Trail] trail END at clip 1.00, fading over 0.40s.
[  2206   22.391 x1.00] LOG  [OniBoss:Strike] ClubSlam: club tip closest to Yoru at 0.39m, clip position 0.94 | damage fires at 0.85 | clip 0.93s => damage fires 80 ms BEFORE the club is closest
[  2209   22.412 x1.00] LOG  [Combat] Hazard zone tick: OniBoss for 25
[  2227   22.542 x1.00] LOG  [OniBoss] Recovery → Chase
[  2228   22.552 x1.00] LOG  [OniBoss] hold-ground: BACKSTEP 1.5m (player 2.2m)
[  2274   22.881 x1.00] WARN The referenced script on this Behaviour (Game Object '<null>') is missing!
[  2274   22.881 x1.00] WARN The referenced script on this Behaviour (Game Object 'Lightning Light') is missing!
[  2274   22.881 x1.00] WARN The referenced script on this Behaviour (Game Object 'Lightning Light') is missing!
[  2278   22.912 x1.00] LOG  [Combat] Hazard zone tick: OniBoss for 25
[  2291   23.022 x1.00] LOG  [Combat] Combo 1: 10 dmg
[  2291   23.022 x1.00] LOG  [ComboTrace] START step=1 state='Combo1' queued=0 target='OniBoss' at 2.9m
[  2291   23.022 x1.00] LOG  [ComboTrace] LAUNCH OniBoss at 1.6m dist=1.63m in 0.16s
[  2291   23.022 x1.00] LOG  [AirPosePin] engaged, holding body at 0.650m above the transform
[  2296   23.063 x1.00] LOG  [AirPosePin] released, peak correction was 0.000m
[  2313   23.187 x1.00] LOG  [ComboTrace] LAUNCH RESULT wanted=1.63m actually moved=1.16m, completed
[  2350   23.444 x1.00] LOG  [Combat] Queued click #1 (combo 1)
[  2350   23.444 x1.00] LOG  [ComboTrace] QUEUED #1 during step 1
[  2357   23.486 x1.00] LOG  [OniBoss] hold-ground: backstep done (1.50m), WATCH (player 2.5m, cooldown 0.9s)
[  2357   23.486 x1.00] LOG  [OniBoss] Playing animation: Idle
[  2358   23.492 x1.00] LOG  OniBoss took 10 damage. HP: 2069/2500
[  2358   23.492 x1.00] LOG  [Stance] OniBoss 65/100 (+10 light)
[  2358   23.492 x1.00] LOG  [OniBoss] Chase → HitReact
[  2358   23.492 x1.00] LOG  [OniBoss:Layer] react tier: LIGHT (10 dmg) → 'Hit_react_light'
[  2358   23.492 x1.00] LOG  [OniReactTrace] #3 LIGHT (10 dmg) asked for 'Hit_react_light': crossfade 0.08s, animator speed 1.35, world x1.00
[  2358   23.492 x1.00] LOG  [Momentum] 0 -> 1 (hit), speed x1.05, damage x1.05, impact x1.05
[  2358   23.492 x1.00] LOG  [CameraGameFeel] Shake: intensity=0.06 duration=0.080s
[  2358   23.492 x1.00] LOG  [Combat] Hit OniBoss for 10
[  2358   23.492 x1.00] LOG  [CameraGameFeel] Shake: intensity=0.53 duration=0.200s
[  2358   23.492 x1.00] LOG  [CameraGameFeel] FOV punch: hit light (+1.5°)
[  2359   23.502 x1.00] LOG  [OniReactTrace] #3 +0.01s state SOMETHING ELSE, clip on his bones 'Take 001' weight 0.94, blending into a DIFFERENT state, layer weight 1.00, animator speed 0.00, world x1.00, engine HitReact
[  2370   23.593 x1.00] LOG  [OniReactTrace] #3 +0.10s state SOMETHING ELSE, clip on his bones '?' weight 0.00, blending INTO 'Hit_react_light', layer weight 1.00, animator speed 1.35, world x1.00, engine HitReact
[  2379   23.664 x1.00] LOG  🐾 VFX_AttackPaw triggered!
[  2390   23.744 x1.00] LOG  [OniReactTrace] #3 +0.25s state 'Hit_react_light' at 35 % of its 0.59s, clip on his bones 'Take 001' weight 1.00, layer weight 1.00, animator speed 1.35, world x1.00, engine HitReact
[  2392   23.764 x1.00] LOG  [Combat] Combo 2: 20 dmg
[  2392   23.764 x1.00] LOG  [ComboTrace] START step=2 state='Combo2' queued=0 target='OniBoss' at 2.5m
[  2392   23.764 x1.00] LOG  [ComboTrace] LAUNCH OniBoss at 1.3m dist=1.26m in 0.13s
[  2410   23.888 x1.00] LOG  [ComboTrace] LAUNCH RESULT wanted=1.26m actually moved=0.53m, completed
[  2417   23.943 x1.00] LOG  [OniReactTrace] #3 +0.45s state 'Hit_react_light' at 69 % of its 0.59s, clip on his bones 'Take 001' weight 1.00, layer weight 1.00, animator speed 1.35, world x1.00, engine HitReact
[  2456   24.194 x1.00] LOG  [OniReactTrace] #3 +0.70s state 'Hit_react_light' at 100 % of its 0.59s, clip on his bones 'Take 001' weight 1.00, layer weight 1.00, animator speed 1.35, world x1.00, engine HitReact
[  2481   24.364 x1.00] LOG  🐾🐾 VFX_TowPaw triggered!
[  2484   24.381 x1.00] LOG  OniBoss took 21 damage. HP: 2048/2500
[  2484   24.381 x1.00] LOG  [Stance] OniBoss 75/100 (+10 light)
[  2484   24.381 x1.00] LOG  [Momentum] 1 -> 2 (hit), speed x1.10, damage x1.10, impact x1.10
[  2484   24.381 x1.00] LOG  [CameraGameFeel] Shake: intensity=0.06 duration=0.080s
[  2484   24.381 x1.00] LOG  [Combat] Hit OniBoss for 21
[  2484   24.381 x1.00] LOG  [CameraGameFeel] Shake: intensity=0.55 duration=0.200s
[  2484   24.381 x1.00] LOG  [CameraGameFeel] FOV punch: hit light (+1.5°)
[  2493   24.443 x1.00] LOG  [OniReactTrace] #3 +0.95s state 'Hit_react_light' at 100 % of its 0.59s, clip on his bones 'Take 001' weight 1.00, layer weight 1.00, animator speed 1.35, world x1.00, engine HitReact
[  2493   24.443 x1.00] LOG  [OniReactTrace] #3 LIGHT verdict: played to 100 % of the clip, so the reaction IS on screen and what is missing is movement inside the clip itself
[  2513   24.593 x1.00] LOG  [OniBoss] HitReact → Chase
[  2514   24.602 x1.00] LOG  [OniBoss] Playing animation: Idle
[  2514   24.602 x1.00] LOG  [OniBoss] Chase → Attack
[  2514   24.602 x1.00] LOG  [OniBoss] Attack: Club_Swing (16 dmg)
[  2514   24.602 x1.00] LOG  [OniBoss:Trail] Club_Swing trail START at clip 1.00 (transition done).
[  2534   24.764 x1.00] LOG  🐾🐾 VFX_TowPaw triggered!
[  2552   24.882 x1.00] LOG  [ComboTrace] END step=2 clipProgress=0.83 clipLen=1.28s queued=0 elapsed=1.12s
[  2564   24.963 x1.00] LOG  [OniBoss:ClubPos] Club_Swing at strike: club tip 3.02m up, 2.36m in front, -3.03m to his right (3.84m out from his centre). Club faces -85deg from his forward, pitch 0.41. (the ground wave is born 1.6m in front of him at 0.35m.)
[  2564   24.963 x1.00] LOG  [OniBoss:Layer] Club_Swing: club has not connected — ground wave released ARMED, 1.6m in front, 12m/s x 6.0m = 0.50s, carrying 8 (half of the club's 16).
[  2565   24.970 x1.00] LOG  [Peach] light hit 8 dmg: 1 bite. 7/16 bites = 1.75 of 4 peaches
[  2565   24.970 x1.00] LOG  [Momentum] 2 -> 1 (light hit taken, 50% = -1), speed x1.05, damage x1.05, impact x1.05
[  2565   24.970 x1.00] LOG  [Combat] Combo memory: light hit, keeping step 2
[  2565   24.970 x1.00] LOG  [Combat] Hit react: HitReact_Light_2Leg (0.5s, clip starts at 0.35s)
[  2565   24.970 x1.00] LOG  [CameraGameFeel] Shake: intensity=0.30 duration=0.200s
[  2565   24.970 x1.00] LOG  [CameraGameFeel] FOV punch: player damage (-2.0°)
[  2565   24.970 x1.00] LOG  [OniBoss:Wave] wave TOUCHED Yoru (grounded) for 8 after 0.1m / 0.01s of travel.
[  2569   24.994 x1.00] LOG  [HitReactTrace] asked for 'HitReact_Light_2Leg' (0.50s, clip start 0.35s): playing it, blend resolved after 25 ms, state 1.21s long at speed 1.00, now at 0.37s, layer weight 1.00, animator.speed 1.00.
[  2630   25.442 x1.00] LOG  [OniBoss] Attack → Recovery
[  2630   25.442 x1.00] LOG  [OniBoss] Playing animation: Watch
[  2630   25.442 x1.00] LOG  [OniBoss:Trail] trail END at clip 1.00, fading over 0.40s.
[  2630   25.442 x1.00] LOG  [OniBoss:Strike] Club_Swing: club tip closest to Yoru at 0.83m, clip position 0.91 | damage fires at 0.42 | clip 0.84s => damage fires 409 ms BEFORE the club is closest
[  2640   25.515 x1.00] LOG  🚶 2-LEG JUMP
[  2640   25.515 x1.00] LOG  🐾 Jump 1 VFX spawned!
[  2652   25.595 x1.00] LOG  [OniBoss] Recovery → Chase
[  2653   25.602 x1.00] LOG  [OniBoss] hold-ground: BACKSTEP 1.5m (player 2.3m)
[  2698   25.922 x1.00] LOG  [ComboTrace] LAUNCH OniBoss at 1.3m dist=1.28m in 0.13s [AIRBORNE]
[  2698   25.922 x1.00] LOG  [Combat] Aerial spin, 25 dmg
[  2698   25.922 x1.00] LOG  [YoruVFX] Air spin: 'VFX_Void_Burst_AirSpinYoru' at CenterVFX, 46 systems, longest 1.00s fitted to 0.79s at speed 1.27, 8 forced Local, 38 delays zeroed, tail 2.37s
[  2698   25.922 x1.00] LOG  OniBoss took 10 damage. HP: 2038/2500
[  2698   25.922 x1.00] LOG  [Stance] OniBoss 84/100 (+10 light)
[  2698   25.922 x1.00] LOG  [OniBoss] Chase → HitReact
[  2698   25.922 x1.00] LOG  [OniBoss:Layer] react tier: LIGHT (10 dmg) → 'Hit_react_light'
[  2698   25.922 x1.00] LOG  [OniReactTrace] #4 LIGHT (10 dmg) asked for 'Hit_react_light': crossfade 0.08s, animator speed 1.35, world x1.00
[  2698   25.922 x1.00] LOG  [Momentum] 1 -> 2 (hit), speed x1.10, damage x1.10, impact x1.10
[  2698   25.922 x1.00] LOG  [CameraGameFeel] Shake: intensity=0.06 duration=0.080s
[  2698   25.922 x1.00] LOG  [CameraGameFeel] Shake: intensity=0.55 duration=0.200s
[  2698   25.922 x1.00] LOG  [CameraGameFeel] FOV punch: hit light (+1.5°)
[  2698   25.922 x1.00] LOG  [AirPosePin] engaged, holding body at 2.078m above the transform
[  2699   25.933 x1.00] LOG  [OniReactTrace] #4 +0.01s state SOMETHING ELSE, clip on his bones 'Take 001' weight 1.00, blending INTO 'Hit_react_light', layer weight 1.00, animator speed 0.00, world x1.00, engine HitReact
[  2710   26.025 x1.00] LOG  [OniReactTrace] #4 +0.10s state SOMETHING ELSE, clip on his bones 'Take 001' weight 0.08, blending INTO 'Hit_react_light', layer weight 1.00, animator speed 1.35, world x1.00, engine HitReact
[  2714   26.052 x1.00] LOG  [ComboTrace] LAUNCH RESULT wanted=1.28m actually moved=0.70m, completed
[  2718   26.079 x1.00] LOG  OniBoss took 11 damage. HP: 2027/2500
[  2718   26.079 x1.00] LOG  [Stance] OniBoss 94/100 (+10 light)
[  2718   26.079 x1.00] LOG  [OniBoss:Layer] burst: 2 hits / 21 dmg → flinch upgraded to 'HitReact_medium'
[  2718   26.079 x1.00] LOG  [OniReactTrace] #5 BURST UPGRADE (21 dmg) asked for 'HitReact_medium': crossfade 0.08s, animator speed 1.35, world x1.00
[  2718   26.079 x1.00] LOG  [CameraGameFeel] Shake: intensity=0.19 duration=0.200s
[  2719   26.087 x1.00] LOG  [OniReactTrace] #5 +0.01s state SOMETHING ELSE, clip on his bones 'Take 001' weight 0.89, blending INTO 'HitReact_medium', layer weight 1.00, animator speed 1.35, world x1.00, engine HitReact
[  2730   26.180 x1.00] LOG  [OniReactTrace] #5 +0.10s state 'HitReact_medium' at 9 % of its 1.08s, clip on his bones 'Take 001' weight 1.00, layer weight 1.00, animator speed 1.35, world x1.00, engine HitReact
[  2737   26.231 x1.00] LOG  OniBoss took 11 damage. HP: 2016/2500
[  2737   26.231 x1.00] LOG  [Stance] OniBoss BREAK #1 at 100, next break needs 150, immune 3.5s
[  2737   26.231 x1.00] LOG  [OniBoss] HitReact → Stagger
[  2737   26.231 x1.00] LOG  [OniBoss] Playing animation: Stagger
[  2737   26.231 x1.00] LOG  [OniBoss] STAGGERED for 2.5s
[  2737   26.231 x1.00] LOG  [OniBoss:Layer] heavy knock-back react (11 dmg) → 'HitReact_Heavy', down for 1.80s
[  2737   26.231 x1.00] LOG  [OniReactTrace] #6 HEAVY (0 dmg) asked for 'HitReact_Heavy': crossfade 0.08s, animator speed 1.35, world x1.00
[  2737   26.231 x1.00] LOG  [Momentum] 2 -> 3 (hit), speed x1.15, damage x1.15, impact x1.15
[  2737   26.231 x1.00] LOG  [CameraGameFeel] Shake: intensity=0.06 duration=0.080s
[  2737   26.231 x1.00] LOG  [CameraGameFeel] Shake: intensity=0.20 duration=0.200s
[  2738   26.239 x1.00] LOG  [OniReactTrace] #6 +0.01s state SOMETHING ELSE, clip on his bones 'Take 001' weight 0.86, blending INTO 'HitReact_Heavy', layer weight 1.00, animator speed 1.35, world x1.00, engine Stagger
[  2750   26.336 x1.00] LOG  [OniReactTrace] #6 +0.11s state 'HitReact_Heavy' at 9 % of its 1.11s, clip on his bones 'Take 001' weight 1.00, layer weight 1.00, animator speed 1.35, world x1.00, engine Stagger
[  2756   26.384 x1.00] LOG  OniBoss punish window! 12 → 18 (x1.5)
[  2756   26.384 x1.00] LOG  OniBoss took 18 damage. HP: 1998/2500
[  2756   26.384 x1.00] LOG  [Stance] OniBoss immune for 3.3s more, hit adds nothing
[  2756   26.384 x1.00] LOG  [CameraGameFeel] Shake: intensity=0.20 duration=0.200s
[  2765   26.452 x1.00] LOG  💨 Landing VFX spawned!
[  2765   26.452 x1.00] LOG  ✅ LANDED! (was jump #1)
[  2765   26.452 x1.00] LOG  [AirPosePin] released, peak correction was 0.048m
[  2769   26.485 x1.00] LOG  [OniReactTrace] #6 +0.25s state 'HitReact_Heavy' at 22 % of its 1.11s, clip on his bones 'Take 001' weight 1.00, layer weight 1.00, animator speed 1.35, world x1.00, engine Stagger
[  2792   26.652 x1.00] LOG  [YoruVFX] Spin VFX stopped, fading for 2.37s
[  2795   26.678 x1.00] LOG  [ComboTrace] END step=3 clipProgress=0.90 clipLen=0.79s queued=0 elapsed=0.76s
[  2796   26.685 x1.00] LOG  [OniReactTrace] #6 +0.45s state 'HitReact_Heavy' at 40 % of its 1.11s, clip on his bones 'Take 001' weight 1.00, layer weight 1.00, animator speed 1.35, world x1.00, engine Stagger
[  2818   26.837 x1.00] LOG  🚶 2-LEG JUMP
[  2818   26.837 x1.00] LOG  🐾 Jump 1 VFX spawned!
[  2830   26.937 x1.00] LOG  [OniReactTrace] #6 +0.71s state 'HitReact_Heavy' at 63 % of its 1.11s, clip on his bones 'Take 001' weight 1.00, layer weight 1.00, animator speed 1.35, world x1.00, engine Stagger
[  2862   27.181 x1.00] LOG  [OniReactTrace] #6 +0.95s state 'HitReact_Heavy' at 85 % of its 1.11s, clip on his bones 'Take 001' weight 1.00, layer weight 1.00, animator speed 1.35, world x1.00, engine Stagger
[  2862   27.181 x1.00] LOG  [OniReactTrace] #6 HEAVY verdict: played to 85 % of the clip, so the reaction IS on screen and what is missing is movement inside the clip itself
[  2880   27.309 x1.00] LOG  [ComboTrace] LAUNCH OniBoss at 1.2m dist=1.18m in 0.13s [AIRBORNE]
[  2880   27.309 x1.00] LOG  [Combat] Aerial spin, 25 dmg
[  2880   27.309 x1.00] LOG  [YoruVFX] Air spin: 'VFX_Void_Burst_AirSpinYoru' at CenterVFX, 46 systems, longest 1.00s fitted to 0.79s at speed 1.27, 8 forced Local, 38 delays zeroed, tail 2.37s
[  2880   27.309 x1.00] LOG  OniBoss punish window! 12 → 18 (x1.5)
[  2880   27.309 x1.00] LOG  OniBoss took 18 damage. HP: 1980/2500
[  2880   27.309 x1.00] LOG  [Stance] OniBoss immune for 2.4s more, hit adds nothing
[  2880   27.309 x1.00] LOG  [Momentum] 3 -> 4 (hit), speed x1.20, damage x1.20, impact x1.20
[  2880   27.309 x1.00] LOG  [CameraGameFeel] Shake: intensity=0.06 duration=0.080s
[  2880   27.309 x1.00] LOG  [CameraGameFeel] Shake: intensity=0.60 duration=0.200s
[  2880   27.309 x1.00] LOG  [CameraGameFeel] FOV punch: hit light (+1.5°)
[  2880   27.309 x1.00] LOG  [AirPosePin] engaged, holding body at 2.347m above the transform
[  2896   27.444 x1.00] LOG  [ComboTrace] LAUNCH RESULT wanted=1.18m actually moved=1.25m, completed
[  2898   27.463 x1.00] LOG  OniBoss punish window! 12 → 18 (x1.5)
[  2898   27.463 x1.00] LOG  OniBoss took 18 damage. HP: 1962/2500
[  2898   27.463 x1.00] LOG  [Stance] OniBoss immune for 2.3s more, hit adds nothing
[  2898   27.463 x1.00] LOG  [CameraGameFeel] Shake: intensity=0.21 duration=0.200s
[  2917   27.613 x1.00] LOG  OniBoss punish window! 12 → 18 (x1.5)
[  2917   27.613 x1.00] LOG  OniBoss took 18 damage. HP: 1944/2500
[  2917   27.613 x1.00] LOG  [Stance] OniBoss immune for 2.1s more, hit adds nothing
[  2917   27.613 x1.00] LOG  [Momentum] 4 -> 5 (hit), speed x1.25, damage x1.25, impact x1.25
[  2917   27.613 x1.00] LOG  [CameraGameFeel] Shake: intensity=0.14 duration=0.080s
[  2917   27.613 x1.00] LOG  [CameraGameFeel] Shake: intensity=0.22 duration=0.200s
[  2936   27.772 x1.00] LOG  💨 Landing VFX spawned!
[  2936   27.772 x1.00] LOG  ✅ LANDED! (was jump #1)
[  2936   27.772 x1.00] LOG  [AirPosePin] released, peak correction was 0.001m
[  2953   27.914 x1.00] LOG  [ComboTrace] CLICK IGNORED (step=3 queued=0)
[  2970   28.035 x1.00] LOG  [OniBoss] Stagger → Chase
[  2970   28.035 x1.00] LOG  [YoruVFX] Spin VFX stopped, fading for 2.37s
[  2971   28.042 x1.00] LOG  [OniBoss] Playing animation: Watch
[  2971   28.042 x1.00] LOG  [OniBoss] Chase → Attack
[  2971   28.042 x1.00] LOG  [OniBoss] Attack: ClubSwing2 (16 dmg)
[  2971   28.042 x1.00] LOG  [OniBoss:Trail] ClubSwing2 trail START at clip 1.00 (transition done).
[  2975   28.067 x1.00] LOG  [ComboTrace] END step=3 clipProgress=0.90 clipLen=0.79s queued=0 elapsed=0.76s
[  3008   28.288 x1.00] LOG  [Combat] Combo 1: 10 dmg
[  3008   28.288 x1.00] LOG  [ComboTrace] START step=1 state='Combo1' queued=0 target='OniBoss' at 3.0m
[  3008   28.288 x1.00] LOG  [ComboTrace] LAUNCH OniBoss at 1.7m dist=1.72m in 0.17s
[  3020   28.372 x1.00] LOG  [CameraGameFeel] Shake: intensity=0.20 duration=0.250s
[  3020   28.372 x1.00] LOG  [Peach] light hit 16 dmg: 2 bites. 5/16 bites = 1.25 of 4 peaches
[  3020   28.372 x1.00] LOG  [Momentum] 5 -> 2 (light hit taken, 50% = -3), speed x1.10, damage x1.10, impact x1.10
[  3020   28.372 x1.00] LOG  [Combat] Combo memory: light hit, keeping step 1
[  3020   28.372 x1.00] LOG  [Combat] Hit react: HitReact_Light_2Leg (0.5s, clip starts at 0.35s)
[  3020   28.372 x1.00] LOG  [CameraGameFeel] Shake: intensity=0.30 duration=0.200s
[  3020   28.372 x1.00] LOG  [CameraGameFeel] FOV punch: player damage (-2.0°)
[  3020   28.372 x1.00] LOG  [OniBoss] Hit player for 16 (ClubSwing2)
[  3020   28.372 x1.00] LOG  [OniBoss:Touch] ClubSwing2: club TOUCHED Yoru at clip 0.28, shaft 0.53m from her body line, head 0.49 along the club, tip 1.71m up, tip speed 92m/s, ONE FRAME EARLY (predicted). Full club hit delivered this frame.
[  3021   28.380 x1.00] LOG  [HitReactTrace] asked for 'HitReact_Light_2Leg' (0.50s, clip start 0.35s): NOT playing it, another state took the combat layer, blend resolved after 7 ms, state 0.76s long at speed 1.60, now at 0.08s, layer weight 1.00, animator.speed 1.00.
[  3027   28.429 x1.00] LOG  [OniBoss:ClubPos] ClubSwing2 at strike: club tip 0.21m up, 1.57m in front, 2.69m to his right (3.12m out from his centre). Club faces 18deg from his forward, pitch -0.89. (the ground wave is born 1.6m in front of him at 0.35m.)
[  3027   28.429 x1.00] LOG  [OniBoss:Layer] ClubSwing2: club already hit — ground wave released as VISUAL only (0 damage).
[  3143   29.209 x1.00] LOG  [OniBoss] Attack → Recovery
[  3143   29.209 x1.00] LOG  [OniBoss] Playing animation: Watch
[  3143   29.209 x1.00] LOG  [OniBoss:Trail] trail END at clip 0.99, fading over 0.40s.
[  3143   29.209 x1.00] LOG  🚶 2-LEG JUMP
[  3143   29.209 x1.00] LOG  🐾 Jump 1 VFX spawned!
[  3143   29.209 x1.00] LOG  [OniBoss:Strike] ClubSwing2: club tip closest to Yoru at 1.28m, clip position 0.30 | damage fires at 0.32 | clip 1.17s => MATCHED (within one or two frames)
[  3167   29.361 x1.00] LOG  [OniBoss] Recovery → Chase
[  3168   29.367 x1.00] LOG  [OniBoss] hold-ground: BACKSTEP 1.5m (player 2.1m)
[  3199   29.569 x1.00] LOG  [ComboTrace] LAUNCH OniBoss at 0.8m dist=0.83m in 0.13s [AIRBORNE]
[  3199   29.569 x1.00] LOG  [Combat] Aerial spin, 25 dmg
[  3199   29.569 x1.00] LOG  [YoruVFX] Air spin: 'VFX_Void_Burst_AirSpinYoru' at CenterVFX, 46 systems, longest 1.00s fitted to 0.79s at speed 1.27, 8 forced Local, 38 delays zeroed, tail 2.37s
[  3199   29.569 x1.00] LOG  OniBoss took 11 damage. HP: 1933/2500
[  3199   29.569 x1.00] LOG  [Stance] OniBoss immune for 0.2s more, hit adds nothing
[  3199   29.569 x1.00] LOG  [OniBoss] Chase → HitReact
[  3199   29.569 x1.00] LOG  [OniBoss:Layer] react tier: LIGHT (11 dmg) → 'Hit_react_light'
[  3199   29.569 x1.00] LOG  [OniReactTrace] #7 LIGHT (11 dmg) asked for 'Hit_react_light': crossfade 0.08s, animator speed 1.35, world x1.00
[  3199   29.569 x1.00] LOG  [Momentum] 2 -> 3 (hit), speed x1.15, damage x1.15, impact x1.15
[  3199   29.569 x1.00] LOG  [CameraGameFeel] Shake: intensity=0.06 duration=0.080s
[  3199   29.569 x1.00] LOG  [CameraGameFeel] Shake: intensity=0.58 duration=0.200s
[  3199   29.569 x1.00] LOG  [CameraGameFeel] FOV punch: hit light (+1.5°)
[  3199   29.569 x1.00] LOG  [AirPosePin] engaged, holding body at 1.868m above the transform
[  3200   29.580 x1.00] LOG  [OniReactTrace] #7 +0.01s state SOMETHING ELSE, clip on his bones 'Take 001' weight 1.00, blending INTO 'Hit_react_light', layer weight 1.00, animator speed 0.00, world x1.00, engine HitReact
[  3212   29.673 x1.00] LOG  [OniReactTrace] #7 +0.10s state SOMETHING ELSE, clip on his bones 'Take 001' weight 0.24, blending INTO 'Hit_react_light', layer weight 1.00, animator speed 1.35, world x1.00, engine HitReact
[  3217   29.713 x1.00] LOG  [ComboTrace] LAUNCH RESULT wanted=0.83m actually moved=0.25m, completed
[  3218   29.724 x1.00] LOG  OniBoss took 12 damage. HP: 1921/2500
[  3218   29.724 x1.00] LOG  [Stance] OniBoss immune for 0.0s more, hit adds nothing
[  3218   29.724 x1.00] LOG  [OniBoss:Layer] burst: 2 hits / 23 dmg → flinch upgraded to 'HitReact_medium'
[  3218   29.724 x1.00] LOG  [OniReactTrace] #8 BURST UPGRADE (23 dmg) asked for 'HitReact_medium': crossfade 0.08s, animator speed 1.35, world x1.00
[  3218   29.724 x1.00] LOG  [CameraGameFeel] Shake: intensity=0.20 duration=0.200s
[  3219   29.732 x1.00] LOG  [OniReactTrace] #8 +0.01s state SOMETHING ELSE, clip on his bones 'Take 001' weight 0.82, blending INTO 'HitReact_medium', layer weight 1.00, animator speed 1.35, world x1.00, engine HitReact
[  3231   29.826 x1.00] LOG  [OniReactTrace] #8 +0.10s state 'HitReact_medium' at 9 % of its 1.08s, clip on his bones 'Take 001' weight 1.00, layer weight 1.00, animator speed 1.35, world x1.00, engine HitReact
[  3238   29.880 x1.00] LOG  OniBoss took 12 damage. HP: 1909/2500
[  3238   29.880 x1.00] LOG  [Stance] OniBoss 10/150 (+10 light)
[  3238   29.880 x1.00] LOG  [Momentum] 3 -> 4 (hit), speed x1.20, damage x1.20, impact x1.20
[  3238   29.880 x1.00] LOG  [CameraGameFeel] Shake: intensity=0.06 duration=0.080s
[  3238   29.880 x1.00] LOG  [CameraGameFeel] Shake: intensity=0.21 duration=0.200s
[  3251   29.975 x1.00] LOG  [OniReactTrace] #8 +0.25s state 'HitReact_medium' at 23 % of its 1.08s, clip on his bones 'Take 001' weight 1.00, layer weight 1.00, animator speed 1.35, world x1.00, engine HitReact
[  3258   30.030 x1.00] LOG  OniBoss took 12 damage. HP: 1897/2500
[  3258   30.030 x1.00] LOG  [Stance] OniBoss 20/150 (+10 light)
[  3258   30.030 x1.00] LOG  [CameraGameFeel] Shake: intensity=0.21 duration=0.200s
[  3273   30.137 x1.00] LOG  💨 Landing VFX spawned!
[  3273   30.137 x1.00] LOG  ✅ LANDED! (was jump #1)
[  3273   30.137 x1.00] LOG  [AirPosePin] released, peak correction was 0.000m
[  3278   30.175 x1.00] LOG  [OniReactTrace] #8 +0.45s state 'HitReact_medium' at 41 % of its 1.08s, clip on his bones 'Take 001' weight 1.00, layer weight 1.00, animator speed 1.35, world x1.00, engine HitReact
[  3279   30.182 x1.00] LOG  OniBoss took 12 damage. HP: 1885/2500
[  3279   30.182 x1.00] LOG  [Stance] OniBoss 30/150 (+10 light)
[  3279   30.182 x1.00] LOG  [Momentum] 4 -> 5 (hit), speed x1.25, damage x1.25, impact x1.25
[  3279   30.182 x1.00] LOG  [CameraGameFeel] Shake: intensity=0.14 duration=0.080s
[  3279   30.182 x1.00] LOG  [CameraGameFeel] Shake: intensity=0.22 duration=0.200s
[  3296   30.306 x1.00] LOG  [YoruVFX] Spin VFX stopped, fading for 2.37s
[  3300   30.330 x1.00] LOG  [ComboTrace] END step=3 clipProgress=0.90 clipLen=0.79s queued=0 elapsed=0.76s
[  3313   30.426 x1.00] LOG  [OniReactTrace] #8 +0.70s state 'HitReact_medium' at 64 % of its 1.08s, clip on his bones 'Take 001' weight 1.00, layer weight 1.00, animator speed 1.35, world x1.00, engine HitReact
[  3330   30.555 x1.00] LOG  [Combat] Combo 1: 10 dmg
[  3330   30.555 x1.00] LOG  [ComboTrace] START step=1 state='Combo1' queued=0 target='OniBoss' at 2.0m
[  3330   30.555 x1.00] LOG  [ComboTrace] LAUNCH OniBoss at 0.8m dist=0.84m in 0.13s
[  3347   30.675 x1.00] LOG  [OniBoss] HitReact → Chase
[  3347   30.675 x1.00] LOG  [OniReactTrace] #8 +0.95s state 'HitReact_medium' at 88 % of its 1.08s, clip on his bones 'Take 001' weight 1.00, layer weight 1.00, animator speed 1.35, world x1.00, engine Chase
[  3347   30.675 x1.00] LOG  [OniReactTrace] #8 BURST UPGRADE verdict: played to 88 % of the clip, so the reaction IS on screen and what is missing is movement inside the clip itself
[  3348   30.681 x1.00] LOG  [OniBoss] Playing animation: Watch
[  3348   30.681 x1.00] LOG  [OniBoss] Playing animation: Walk
[  3348   30.681 x1.00] LOG  [ComboTrace] LAUNCH RESULT wanted=0.84m actually moved=0.00m, completed
[  3354   30.729 x1.00] LOG  [Combat] Queued click #1 (combo 1)
[  3354   30.729 x1.00] LOG  [ComboTrace] QUEUED #1 during step 1
[  3358   30.763 x1.00] LOG  [OniBoss] Playing animation: Watch
[  3383   30.934 x1.00] LOG  [Combat] Queued click #2 (combo 1)
[  3383   30.934 x1.00] LOG  [ComboTrace] QUEUED #2 during step 1
[  3383   30.934 x1.00] LOG  OniBoss took 12 damage. HP: 1873/2500
[  3383   30.934 x1.00] LOG  [Stance] OniBoss 40/150 (+10 light)
[  3383   30.934 x1.00] LOG  [OniBoss] Chase → HitReact
[  3383   30.934 x1.00] LOG  [OniBoss:Layer] react tier: LIGHT (12 dmg) → 'Hit_react_light'
[  3383   30.934 x1.00] LOG  [OniReactTrace] #9 LIGHT (12 dmg) asked for 'Hit_react_light': crossfade 0.08s, animator speed 1.35, world x1.00
[  3383   30.934 x1.00] LOG  [Momentum] 5 -> 6 (hit), speed x1.30, damage x1.30, impact x1.30
[  3383   30.934 x1.00] LOG  [CameraGameFeel] Shake: intensity=0.06 duration=0.080s
[  3383   30.934 x1.00] LOG  [Combat] Hit OniBoss for 12
[  3383   30.934 x1.00] LOG  [CameraGameFeel] Shake: intensity=0.65 duration=0.200s
[  3383   30.934 x1.00] LOG  [CameraGameFeel] FOV punch: hit light (+1.5°)
[  3384   30.944 x1.00] LOG  [OniReactTrace] #9 +0.01s state SOMETHING ELSE, clip on his bones '?' weight 0.00, blending into a DIFFERENT state, layer weight 1.00, animator speed 0.00, world x1.00, engine HitReact
[  3391   30.985 x1.00] WARN The referenced script on this Behaviour (Game Object '<null>') is missing!
[  3391   30.985 x1.00] WARN The referenced script on this Behaviour (Game Object 'Lightning Light') is missing!
[  3391   30.985 x1.00] WARN The referenced script on this Behaviour (Game Object 'Lightning Light') is missing!
[  3400   31.039 x1.00] LOG  [OniReactTrace] #9 +0.10s state SOMETHING ELSE, clip on his bones '?' weight 0.00, blending INTO 'Hit_react_light', layer weight 1.00, animator speed 1.35, world x1.00, engine HitReact
[  3406   31.085 x1.00] LOG  🐾 VFX_AttackPaw triggered!
[  3414   31.138 x1.00] LOG  [ComboTrace] CLICK IGNORED (step=1 queued=2)
[  3418   31.169 x1.00] LOG  [Combat] Combo 2: 20 dmg
[  3418   31.169 x1.00] LOG  [ComboTrace] START step=2 state='Combo2' queued=1 target='OniBoss' at 2.0m
[  3418   31.169 x1.00] LOG  [ComboTrace] LAUNCH OniBoss at 0.8m dist=0.84m in 0.13s
[  3421   31.189 x1.00] LOG  [OniReactTrace] #9 +0.26s state 'Hit_react_light' at 34 % of its 0.59s, clip on his bones 'Take 001' weight 1.00, layer weight 1.00, animator speed 1.35, world x1.00, engine HitReact
[  3436   31.313 x1.00] LOG  [ComboTrace] LAUNCH RESULT wanted=0.84m actually moved=0.01m, completed
[  3441   31.355 x1.00] LOG  [Combat] Queued click #2 (combo 2)
[  3441   31.355 x1.00] LOG  [ComboTrace] QUEUED #2 during step 2
[  3445   31.386 x1.00] LOG  [OniReactTrace] #9 +0.45s state 'Hit_react_light' at 67 % of its 0.59s, clip on his bones 'Take 001' weight 1.00, layer weight 1.00, animator speed 1.35, world x1.00, engine HitReact
[  3463   31.522 x1.00] LOG  [ComboTrace] CLICK IGNORED (step=2 queued=2)
[  3482   31.641 x1.00] LOG  [OniReactTrace] #9 +0.71s state 'Hit_react_light' at 100 % of its 0.59s, clip on his bones 'Take 001' weight 1.00, layer weight 1.00, animator speed 1.35, world x1.00, engine HitReact
[  3484   31.655 x1.00] LOG  🐾🐾 VFX_TowPaw triggered!
[  3487   31.672 x1.00] LOG  OniBoss took 26 damage. HP: 1847/2500
[  3487   31.672 x1.00] LOG  [Stance] OniBoss 50/150 (+10 light)
[  3487   31.672 x1.00] LOG  [Momentum] 6 -> 7 (hit), speed x1.35, damage x1.35, impact x1.35
[  3487   31.672 x1.00] LOG  [CameraGameFeel] Shake: intensity=0.06 duration=0.080s
[  3487   31.672 x1.00] LOG  [Combat] Hit OniBoss for 26
[  3487   31.672 x1.00] LOG  [CameraGameFeel] Shake: intensity=0.68 duration=0.200s
[  3487   31.672 x1.00] LOG  [CameraGameFeel] FOV punch: hit light (+1.5°)
[  3497   31.735 x1.00] LOG  [ComboTrace] CLICK IGNORED (step=2 queued=2)
[  3517   31.884 x1.00] LOG  [OniReactTrace] #9 +0.95s state 'Hit_react_light' at 100 % of its 0.59s, clip on his bones 'Take 001' weight 1.00, layer weight 1.00, animator speed 1.35, world x1.00, engine HitReact
[  3517   31.884 x1.00] LOG  [OniReactTrace] #9 LIGHT verdict: played to 100 % of the clip, so the reaction IS on screen and what is missing is movement inside the clip itself
[  3521   31.923 x1.00] LOG  [ComboTrace] CLICK IGNORED (step=2 queued=2)
[  3531   31.993 x1.00] LOG  🐾🐾 VFX_TowPaw triggered!
[  3534   32.017 x1.00] LOG  [Combat] Combo 3: 35 dmg
[  3534   32.017 x1.00] LOG  [ComboTrace] START step=3 state='Combo3' queued=1 target='OniBoss' at 2.3m
[  3534   32.017 x1.00] LOG  [ComboTrace] LAUNCH OniBoss at 1.1m dist=1.13m in 0.13s
[  3534   32.017 x1.00] LOG  [YoruVFX] Ground hazard: 'VFX_Void_Area_GroundSpinYORU' laid at GroundVFX ((488.97, 0.05, 399.93)), floor tilt 0.0 deg, 17 delays shifted by 2.00s, own lifetime 8.98s
[  3534   32.017 x1.00] LOG  [Combat] Hazard zone tick: OniBoss for 25
[  3534   32.017 x1.00] LOG  [Combat] Hazard zone laid: 8.98s, 25 dmg every 0.50s in 2.00m
[  3536   32.036 x1.00] LOG  [OniBoss] HitReact → Chase
[  3537   32.041 x1.00] LOG  [OniBoss] Playing animation: Idle
[  3537   32.041 x1.00] LOG  [OniBoss] Chase → Attack
[  3537   32.041 x1.00] LOG  [OniBoss] Attack: Club_Swing (16 dmg)
[  3537   32.041 x1.00] LOG  [OniBoss:Trail] Club_Swing trail START at clip 1.00 (transition done).
[  3543   32.078 x1.00] LOG  OniBoss took 47 damage. HP: 1775/2500
[  3543   32.078 x1.00] LOG  [Stance] OniBoss 60/150 (+10 light)
[  3543   32.078 x1.00] LOG  [OniBoss] 🤕 Hit during Attack — flash only
[  3543   32.078 x1.00] LOG  [Momentum] 7 -> 8 (hit), speed x1.40, damage x1.40, impact x1.40
[  3543   32.078 x1.00] LOG  [CameraGameFeel] Shake: intensity=0.06 duration=0.080s
[  3543   32.078 x1.00] LOG  [CameraGameFeel] Shake: intensity=0.70 duration=0.200s
[  3543   32.078 x1.00] LOG  [CameraGameFeel] FOV punch: hit light (+1.5°)
[  3548   32.123 x1.00] LOG  [ComboTrace] CLICK IGNORED (step=3 queued=1)
[  3552   32.149 x1.00] LOG  [ComboTrace] LAUNCH RESULT wanted=1.13m actually moved=0.51m, completed
[  3579   32.337 x1.00] LOG  [ComboTrace] CLICK IGNORED (step=3 queued=1)
[  3594   32.461 x1.00] LOG  [OniBoss:ClubPos] Club_Swing at strike: club tip 3.03m up, 2.16m in front, -3.11m to his right (3.79m out from his centre). Club faces -89deg from his forward, pitch 0.41. (the ground wave is born 1.6m in front of him at 0.35m.)
[  3594   32.461 x1.00] LOG  [OniBoss:Layer] Club_Swing: club has not connected — ground wave released ARMED, 1.6m in front, 12m/s x 6.0m = 0.50s, carrying 8 (half of the club's 16).
[  3595   32.468 x1.00] LOG  [Peach] light hit 8 dmg: 1 bite. 4/16 bites = 1 of 4 peaches
[  3595   32.468 x1.00] LOG  [Momentum] 8 -> 4 (light hit taken, 50% = -4), speed x1.20, damage x1.20, impact x1.20
[  3595   32.468 x1.00] LOG  [Combat] Combo memory: light hit, keeping step 3
[  3595   32.468 x1.00] LOG  [Combat] Hit react: HitReact_Light_2Leg (0.5s, clip starts at 0.35s)
[  3595   32.468 x1.00] LOG  [CameraGameFeel] Shake: intensity=0.30 duration=0.200s
[  3595   32.468 x1.00] LOG  [CameraGameFeel] FOV punch: player damage (-2.0°)
[  3595   32.468 x1.00] LOG  [OniBoss:Wave] wave TOUCHED Yoru (grounded) for 8 after 0.1m / 0.01s of travel.
[  3596   32.477 x1.00] LOG  [PeachUI] LOW HEALTH cue ON: 4 bites left, heartbeat 1.00s, bleed on, sound set
[  3598   32.494 x1.00] LOG  [HitReactTrace] asked for 'HitReact_Light_2Leg' (0.50s, clip start 0.35s): playing it, blend resolved after 26 ms, state 1.21s long at speed 1.00, now at 0.37s, layer weight 1.00, animator.speed 1.00.
[  3601   32.520 x1.00] LOG  [Combat] Hazard zone tick: OniBoss for 25
[  3657   32.938 x1.00] LOG  [OniBoss] Attack → Recovery
[  3657   32.938 x1.00] LOG  [OniBoss] Playing animation: Watch
[  3657   32.938 x1.00] LOG  [OniBoss:Trail] trail END at clip 0.99, fading over 0.40s.
[  3657   32.938 x1.00] LOG  [OniBoss:Strike] Club_Swing: club tip closest to Yoru at 0.67m, clip position 0.91 | damage fires at 0.42 | clip 0.84s => damage fires 414 ms BEFORE the club is closest
[  3669   33.024 x1.00] LOG  [Combat] Hazard zone tick: OniBoss for 25
[  3680   33.094 x1.00] LOG  [OniBoss] Recovery → Chase
[  3681   33.106 x1.00] LOG  [OniBoss] hold-ground: BACKSTEP 1.5m (player 2.2m)
[  3809   34.043 x1.00] LOG  [OniBoss] hold-ground: backstep done (1.51m), WATCH (player 3.7m, cooldown 0.9s)
[  3809   34.043 x1.00] LOG  [OniBoss] Playing animation: Watch
[  3888   34.584 x1.00] LOG  [Momentum] 4 -> 3 (drain), speed x1.15, damage x1.15, impact x1.15
[  3888   34.584 x1.00] LOG  [StormWeather] ⚡ strike at (477.16, 45.00, 446.57)
[  3935   34.894 x1.00] LOG  [OniBoss] hold-ground: cooldown over, player 3.7m > 3.5m — APPROACH
[  3935   34.894 x1.00] LOG  [OniBoss] Playing animation: Walk
[  3965   35.086 x1.00] LOG  [Momentum] 3 -> 2 (drain), speed x1.10, damage x1.10, impact x1.10
[  3987   35.251 x1.00] LOG  [StormWeather] terrain layers restored to dry values.
# end — 642 lines
