# Oni combat log — 2026-09-21 20:09:52
# Unity 6000.2.7f2 | scene 'CaveScene_Oni_Boss1' | platform OSXEditor
# columns: [frame realSeconds timeScale] KIND message      (KIND: LOG WARN ERR EXC TEL)
#
[     0    0.000 x1.00] LOG  [OniLog] console + telemetry → /Users/asenahazal/Documents/Yoru/OniLogs/oni_2026-09-21_20-09-52.log
[     0    0.000 x1.00] LOG  [OniHairShadows] shadow casting off on 27 hair renderers
[     0    0.000 x1.00] LOG  [RingMesh] Auto-found 11/11 left, 11/11 right meshes
[     1    0.000 x1.00] LOG  [GameOver] ready (sumi-e): PlayerCombat found, ink shader ok, paper set, kanji set, font YujiSyuku-Regular SDF, Main Menu faint (no scene set)
[     1    0.000 x1.00] LOG  [PeachUI] row ready: 4 peaches, 64 px, TopLeft, bleed sprite set, PlayerHealth found
[     1    0.000 x1.00] LOG  [Pause] ready: key Escape, paper shader ok, paper set, kanji set, font YujiSyuku-Regular SDF, capture ScreenGrab, Main Menu faint (no scene set)
[     1    0.000 x1.00] LOG  [BossBar] BossHealthBarUI initialized
[     1    0.000 x1.00] LOG  [StormWeather] layer 'TerrainLayer_Dirt_01' dry smoothness=0.00 (restore to this if a crash ever leaves it wet)
[     1    0.000 x1.00] LOG  [StormWeather] post volumes ready on layer 9 (storm priority 10, flash priority 11).
[     1    0.000 x1.00] LOG  [StormWeather] ROUND 80: fur weather ready on 'Weather Zone'. Rain 0, wind 0.50 in the open, sky check 30 m from 'PlayerYoru_1.1'.
[     1    0.000 x1.00] LOG  [StormWeather] COZY bridge: Rain_Cave retired, COZY owns the rain now.
[     1    0.000 x1.00] LOG  [StormWeather] COZY → 'Clear' (pre-fight - open sky, 0 s)
[     1    0.000 x1.00] LOG  [StormWeather] Ready. Open sky, dry floor. Waiting for the fight.
[     1    0.000 x1.00] LOG  OniBoss initialized with 2500 HP
[     1    0.000 x1.00] LOG  [OniBoss] ANIMATOR SETUP: cullingMode=CullUpdateTransforms updateMode=Normal applyRootMotion=False speed=1
[     1    0.000 x1.00] LOG  [OniBoss] Initialized
[     1    0.000 x1.00] LOG  [OniBoss:Layer] facing: minFlat 1m, snapOnAttack off, trackInHitReact off, aimTurn 540 deg/s for the first 0.20 of the swing
[     1    0.000 x1.00] LOG  [OniBoss:Layer] Yoru launch model ON: launches ALL THE WAY to an enemy within 4.7m of its surface at 10m/s (stop gap 0.00m, NO minimum distance), else steps 0.90m forward. Targeting cone left exactly as her prefab has it.
[     1    0.000 x1.00] LOG  [OniBoss:Layer] Yoru launch ROUND 9: airborne attacks launch too (ON), edge probe now runs on its OWN layer mask (Everything) instead of the line-of-sight mask - the Ground-only mask found no floor in this cave and was cancelling 100% of launches at 0.00m travelled.
[     1    0.000 x1.00] LOG  [OniBoss:Layer] animator speed x1.35 — his 1.13s swing now plays in 0.84s.
[     1    0.000 x1.00] LOG  [OniBoss:Layer] chase speed pushed: phase1 4.5, phase2 5.5 (Yoru runs at 7).
[     1    0.000 x1.00] LOG  [OniBoss:Layer] ground wave ON (round 38): half the club's damage on TOUCH, 12m/s x 6.0m from 1.6m in front at 0.35m height — a club hit cancels that swing's wave, jumping clears it. Per-attack effects come from the Swing Wave VFX By Attack rows. PlayerHealth found, PlayerMovement found.
[     1    0.000 x1.00] LOG  [StormWeather] storm break HELD (waiting for the lightning beat)
[     1    0.000 x1.00] LOG  [OniBoss:Layer] storm break HELD — it releases at the lightning-on-the-club beat.
[     1    0.000 x1.00] LOG  [OniBoss:Layer] club tracking ON — tip 'Kanabo3' (depth 4), shaft root 'kanabo'.
[     1    0.000 x1.00] LOG  [OniBoss:Layer] skinned meshes: 46 renderer(s), updateWhenOffscreen ON, body renderer 'Body' rootBone 'Hips'
[     1    0.000 x1.00] LOG  [OniBoss:Layer] charge travel bone: 'Hips' at depth 1 under 'OniBoss', rest local (0.00, 3.24, -0.24)
[     1    0.000 x1.00] LOG  [OniBoss:Layer] anti-kite ON: thrown swing after 4s of failed chase (within 7.6m), charge after 6s.
[     1    0.000 x1.00] LOG  [OniBoss:Layer] charge drive ON (windup to 0.40 at x1.3, rush 14m/s stops at 2.6m, steers 0.35s then commits, strike section from 0.58, strike moment 0.76, trail VFX off)
[     1    0.000 x1.00] LOG  [OniBoss:Layer] attack armor ON (his swings are not interrupted by light/medium hits; heavy hits and rapid-hit bursts still stop him)
[     1    0.000 x1.00] LOG  [OniBoss:Layer] strike moments overridden: Club_Swing=0.42 ClubSwing2=0.32 ClubSlam=0.85 KanaboSweep=0.48
[     1    0.000 x1.00] LOG  [OniBoss:Layer] club TOUCH hits ON (radius 0.70m, min tip speed 50m/s, armed from 0.20 of the clip): Club_Swing ClubSwing2 ClubSlam KanaboSweep. First touch wins — club full damage, wave half, one hit per swing.
[     1    0.000 x1.00] LOG  [OniBoss:Layer] combo damage ramp ON: mid x1.25, finisher x1.50 — finisher wave carries FULL damage at x2.0 size, x2.0 travel.
[     1    0.000 x1.00] LOG  [OniBoss:Layer] charge follow-up ON: 90 % of solo charges chain into a random melee finisher.
[     1    0.000 x1.00] LOG  [OniBoss:Layer] hold-ground ON (backstep 1.5m @ 1.6m/s after own attacks, watch 'Watch', attack facing LOCKED)
[     1    0.000 x1.00] LOG  [OniBoss:Layer] OniBoss layer ready (reactions, wake-on-hit, watch stance, boss bar). player=found
[     1    0.000 x1.00] LOG  [OniBoss:Layer] charge clip 'Oni Charge.fbx' imports with Root Motion Node = None (in place) — good.
[     1    0.000 x1.00] LOG  [OniBoss:Layer] clips importing with Root Transform Position (Y) NOT baked into pose (12): Oni_Alert(Oni Alert), Club_Slam(Oni Club Slam), Club_Swing(Oni Club Swing), Club_swing2(Oni Club Swing 2), Death(Oni Death Kneel), Hit_react_light(Oni Hit react lighter light), KanaboSweep(Oni Kanabo sweep), Phase_Transition(Oni Phase transition), run(Oni Run), Walk(Oni Walk), Watch(Oni Watch), Idle(Oni Idle) — their hips' up/down motion is stripped (see round notes; optional).
[     1    0.000 x1.00] LOG  === VFX MANAGER INITIALIZED ===
[     1    0.000 x1.00] LOG  Auto-detect animations: False
[     1    0.000 x1.00] LOG  Parent effects to tail: True
[     1    0.000 x1.00] LOG  Prefabs: Jump=True, Land=True, LTail=True, RTail=True
[     1    0.000 x1.00] LOG  ✅ Left Tail Tip: LeftTailTip_Anchor
[     1    0.000 x1.00] LOG  ✅ Right Tail Tip: RightTailTip_Anchor
[     1    0.000 x1.00] LOG  [VolumetricFogController] applyPresets is OFF in this scene. The Volumetric Fog component keeps its hand-set inspector values.
[     1    0.000 x1.00] LOG  [TailAirShot] Ready. drawState=RightTail_Fast castParam=TailCastSpeed (found)
  arrow leaves: PlayerYoru_1.1/Cat_All_10_Tails_v4/Group/DeformationSystem/root/Root_M/Tail15_R/Tail151_R/Tail152_R/Tail153_R/Tail154_R/Tail155_R/Tail156_R/Tail157_R/Tail158_R/Tail159_R/Tail1510_R/Tail1511_R/Tail1512_R/Tail6_R/Tail6_R_end/Tail6_R_end_end/Tail6_R_end_end_end/RightTailTip_Anchor
  aim VFX: PlayerYoru_1.1/Cat_All_10_Tails_v4/Group/DeformationSystem/root/Root_M/Tail15_R/Tail151_R/Tail152_R/Tail153_R/Tail154_R/Tail155_R/Tail156_R/Tail157_R/Tail158_R/Tail159_R/Tail1510_R/Tail1511_R/Tail1512_R/Tail6_R/Tail6_R_end/Tail6_R_end_end/Tail6_R_end_end_end/RightTailTip_Anchor/vfx_Muzzle_Fireball01Blue
[     1    0.000 x1.00] LOG  [RingMesh] VFX Status:
[     1    0.000 x1.00] LOG    Left: Prefab=✓, Spawn=Tail6_L_end_end_end
[     1    0.000 x1.00] LOG    Right: Prefab=✓, Spawn=Tail6_R_end_end_end
[     1    0.000 x1.00] LOG  [TailAirShot4Leg] Ready. drawState=shoot_4Leg castParam=Shoot4LegSpeed (found) readyFrame=5 fireFrame=10 frames=24 slowBudget=3s real damageMultiplier=2.00
  arrow leaves: PlayerYoru_1.1/Cat_All_10_Tails_v4/Group/DeformationSystem/root/Root_M/Tail15_R/Tail151_R/Tail152_R/Tail153_R/Tail154_R/Tail155_R/Tail156_R/Tail157_R/Tail158_R/Tail159_R/Tail1510_R/Tail1511_R/Tail1512_R/Tail6_R/Tail6_R_end/Tail6_R_end_end/Tail6_R_end_end_end/RightTailTip_Anchor
  aim VFX left:  PlayerYoru_1.1/Cat_All_10_Tails_v4/Group/DeformationSystem/root/Root_M/Tail15_L/Tail151_L/Tail152_L/Tail153_L/Tail154_L/Tail155_L/Tail156_L/Tail157_L/Tail158_L/Tail159_L/Tail1510_L/Tail1511_L/Tail1512_L/Tail6_L/Tail6_L_end/Tail6_L_end_end/Tail6_L_end_end_end/LeftTailTip_Anchor/Glow_4Leg_L
  aim VFX right: PlayerYoru_1.1/Cat_All_10_Tails_v4/Group/DeformationSystem/root/Root_M/Tail15_R/Tail151_R/Tail152_R/Tail153_R/Tail154_R/Tail155_R/Tail156_R/Tail157_R/Tail158_R/Tail159_R/Tail1510_R/Tail1511_R/Tail1512_R/Tail6_R/Tail6_R_end/Tail6_R_end_end/Tail6_R_end_end_end/RightTailTip_Anchor/Glow_4Leg_R
[     1    0.000 x1.00] LOG  [PlayerCombat] Phase 2 form gate CONNECTED (FormController found on this GameObject).
[     1    0.000 x1.00] LOG  [Combat] PlayerCombat initialized, Phase 3C v27
[     1    0.000 x1.00] LOG  [CameraGameFeel] CameraGameFeel initialized (shake + FOV)
[     1    5.608 x1.00] LOG  [OniBoss] Playing animation: Idle
[    94    7.117 x1.00] LOG  💨 Landing VFX spawned!
[    94    7.117 x1.00] LOG  ✅ LANDED! (was jump #0)
[  1456   13.238 x1.00] LOG  [OniBoss:Layer] watch stance ON (player 15.0m)
[  1668   14.097 x1.00] LOG  [OniBoss] LostSoul → Alert
[  1668   14.097 x1.00] LOG  [OniBoss] Playing animation: Oni_Alert
[  1668   14.097 x1.00] LOG  [BossBar] Showing bar for: Oni (2500/2500)
[  1668   14.097 x1.00] LOG  [OniBoss:Layer] boss bar shown
[  1669   14.104 x1.00] LOG  [StormWeather] COZY → 'Yoru_Oni_Phase1_Storm' (fight engaged - storm rolls in, 0 s)
[  1669   14.104 x1.00] LOG  [StormWeather] FIGHT STARTED (he engaged) - storm on, floor starts to soak.
[  1752   14.418 x1.00] LOG  [StormWeather] fur: rain reaching the coat (intensity 0.01, follows floor wetness).
[  1796   14.597 x1.00] LOG  [OniBoss] Alert → Chase
[  1797   14.601 x1.00] LOG  [OniBoss] Pull-band decision: RUN-IN (dist 5.5m, pullRange 0m, chance 0.50)
[  1797   14.601 x1.00] LOG  [OniBoss] Playing animation: run
[  1859   14.851 x1.00] LOG  🐾 4-LEG JUMP #0
[  1859   14.851 x1.00] LOG  🐾 Jump 1 VFX spawned!
[  1861   14.859 x1.00] LOG  [OniBoss] Playing animation: Idle
[  1861   14.859 x1.00] LOG  [OniBoss] Chase → Attack
[  1861   14.859 x1.00] LOG  [OniBoss] Attack: ClubSwing2 (16 dmg)
[  1861   14.859 x1.00] LOG  [OniBoss:Trail] ClubSwing2 trail START at clip 0.27 (transition done).
[  1872   14.903 x1.00] LOG  [StormWeather] storm post weight -> 0.40
[  1873   14.907 x1.00] LOG  [OniBoss:Layer] step-in: 'ClubSwing2' closed 0.24m, Yoru now 3.0m away (range 3.5)
[  1941   15.222 x1.00] LOG  [ComboTrace] LAUNCH OniBoss at 0.6m dist=0.58m in 0.13s [AIRBORNE]
[  1941   15.222 x1.00] LOG  [Combat] Aerial spin, 25 dmg
[  1941   15.222 x1.00] LOG  [YoruVFX] Air spin: 'VFX_Void_Burst_AirSpinYoru' at CenterVFX, 46 systems, longest 1.00s fitted to 0.79s at speed 1.27, 8 forced Local, 38 delays zeroed, tail 2.37s
[  1941   15.222 x1.00] LOG  OniBoss took 10 damage. HP: 2490/2500
[  1941   15.222 x1.00] LOG  [OniBoss] 🤕 Hit during Attack — flash only
[  1941   15.222 x1.00] LOG  [Momentum] 0 -> 1 (hit), speed x1.05, damage x1.05, impact x1.05
[  1941   15.222 x1.00] LOG  [CameraGameFeel] Shake: intensity=0.06 duration=0.080s
[  1941   15.222 x1.00] LOG  [CameraGameFeel] Shake: intensity=0.53 duration=0.200s
[  1941   15.222 x1.00] LOG  [CameraGameFeel] FOV punch: hit light (+1.5°)
[  1941   15.222 x1.00] LOG  [AirPosePin] engaged, holding body at 1.358m above the transform
[  1954   15.298 x1.00] LOG  [OniBoss:ClubPos] ClubSwing2 at strike: club tip 0.12m up, 1.75m in front, 2.49m to his right (3.04m out from his centre). Club faces 8deg from his forward, pitch -0.88. (the ground wave is born 1.6m in front of him at 0.35m.)
[  1954   15.298 x1.00] LOG  [OniBoss:Layer] ClubSwing2: club has not connected — ground wave released ARMED, 1.6m in front, 12m/s x 6.0m = 0.50s, carrying 8 (half of the club's 16).
[  1967   15.356 x1.00] LOG  [ComboTrace] LAUNCH RESULT wanted=0.58m actually moved=0.20m, completed
[  1971   15.374 x1.00] LOG  OniBoss took 10 damage. HP: 2480/2500
[  1971   15.374 x1.00] LOG  [OniBoss] 🤕 Hit during Attack — flash only
[  1971   15.374 x1.00] LOG  [CameraGameFeel] Shake: intensity=0.18 duration=0.200s
[  2000   15.528 x1.00] LOG  OniBoss took 10 damage. HP: 2470/2500
[  2000   15.528 x1.00] LOG  [OniBoss] 🤕 Hit during Attack — flash only
[  2000   15.528 x1.00] LOG  [OniBoss] Attack → Stagger
[  2000   15.528 x1.00] LOG  [OniBoss] Playing animation: Stagger
[  2000   15.528 x1.00] LOG  [OniBoss] STAGGERED for 2.5s
[  2000   15.528 x1.00] LOG  [OniBoss:Layer] heavy knock-back react (swirl burst, 3 hits / 30 dmg) → 'HitReact_Heavy', down for 1.80s
[  2000   15.528 x1.00] LOG  [OniReactTrace] #1 HEAVY (0 dmg) asked for 'HitReact_Heavy': crossfade 0.08s, animator speed 1.35, world x1.00
[  2000   15.528 x1.00] LOG  [OniBoss:Layer] burst: 3 hits / 30 dmg inside 0.8s → knock-back + 0.90m push
[  2000   15.528 x1.00] LOG  [Momentum] 1 -> 2 (hit), speed x1.10, damage x1.10, impact x1.10
[  2000   15.528 x1.00] LOG  [CameraGameFeel] Shake: intensity=0.06 duration=0.080s
[  2000   15.528 x1.00] LOG  [CameraGameFeel] Shake: intensity=0.19 duration=0.200s
[  2000   15.528 x1.00] LOG  [OniBoss:Touch] ClubSwing2: no touch this swing, closest 1.49m at clip 0.27 (head 0.51 along the club), fastest tip 111m/s (radius 0.70, min speed 50, max tip height 2.5m).
[  2000   15.528 x1.00] LOG  [OniBoss:Strike] ClubSwing2: club tip closest to Yoru at 2.53m, clip position 0.28 | damage fires at 0.32 | clip 1.17s => damage fires 42 ms AFTER the club is closest — it lands once the club has passed her
[  2001   15.537 x1.00] LOG  [OniBoss:Trail] trail END at clip 0.52, fading over 0.40s.
[  2001   15.537 x1.00] LOG  [OniReactTrace] #1 +0.01s state SOMETHING ELSE, clip on his bones 'Take 001' weight 0.87, blending INTO 'HitReact_Heavy', layer weight 1.00, animator speed 1.35, world x1.00, engine Stagger
[  2017   15.632 x1.00] LOG  [OniReactTrace] #1 +0.10s state 'HitReact_Heavy' at 9 % of its 1.11s, clip on his bones 'Take 001' weight 1.00, layer weight 1.00, animator speed 1.35, world x1.00, engine Stagger
[  2025   15.679 x1.00] LOG  OniBoss punish window! 11 → 16 (x1.5)
[  2025   15.679 x1.00] LOG  OniBoss took 16 damage. HP: 2454/2500
[  2025   15.679 x1.00] LOG  [CameraGameFeel] Shake: intensity=0.19 duration=0.200s
[  2044   15.782 x1.00] LOG  [OniReactTrace] #1 +0.25s state 'HitReact_Heavy' at 22 % of its 1.11s, clip on his bones 'Take 001' weight 1.00, layer weight 1.00, animator speed 1.35, world x1.00, engine Stagger
[  2047   15.800 x1.00] LOG  💨 Landing VFX spawned!
[  2047   15.800 x1.00] LOG  ✅ LANDED! (was jump #1)
[  2047   15.800 x1.00] LOG  [OniBoss:Wave] armed wave expired UNTOUCHED — closest 0.31m to Yoru (hit width 1.60), she was AIRBORNE at the closest moment.
[  2047   15.800 x1.00] LOG  [AirPosePin] released, peak correction was 0.033m
[  2053   15.830 x1.00] LOG  OniBoss punish window! 11 → 16 (x1.5)
[  2053   15.830 x1.00] LOG  OniBoss took 16 damage. HP: 2438/2500
[  2053   15.830 x1.00] LOG  [Momentum] 2 -> 3 (hit), speed x1.15, damage x1.15, impact x1.15
[  2053   15.830 x1.00] LOG  [CameraGameFeel] Shake: intensity=0.06 duration=0.080s
[  2053   15.830 x1.00] LOG  [CameraGameFeel] Shake: intensity=0.20 duration=0.200s
[  2080   15.960 x1.00] LOG  [YoruVFX] Spin VFX stopped, fading for 2.37s
[  2084   15.980 x1.00] LOG  [OniReactTrace] #1 +0.45s state 'HitReact_Heavy' at 40 % of its 1.11s, clip on his bones 'Take 001' weight 1.00, layer weight 1.00, animator speed 1.35, world x1.00, engine Stagger
[  2085   15.988 x1.00] LOG  [ComboTrace] END step=3 clipProgress=0.90 clipLen=0.79s queued=0 elapsed=0.77s
[  2144   16.232 x1.00] LOG  [OniReactTrace] #1 +0.70s state 'HitReact_Heavy' at 63 % of its 1.11s, clip on his bones 'Take 001' weight 1.00, layer weight 1.00, animator speed 1.35, world x1.00, engine Stagger
[  2163   16.306 x1.00] LOG  [Combat] Combo 1: 10 dmg
[  2163   16.306 x1.00] LOG  [ComboTrace] START step=1 state='Combo1' queued=0 target='OniBoss' at 2.9m
[  2163   16.306 x1.00] LOG  [ComboTrace] LAUNCH OniBoss at 1.6m dist=1.63m in 0.16s
[  2207   16.472 x1.00] LOG  [ComboTrace] LAUNCH RESULT wanted=1.63m actually moved=0.97m, completed
[  2209   16.479 x1.00] LOG  [OniReactTrace] #1 +0.95s state 'HitReact_Heavy' at 85 % of its 1.11s, clip on his bones 'Take 001' weight 1.00, layer weight 1.00, animator speed 1.35, world x1.00, engine Stagger
[  2209   16.479 x1.00] LOG  [OniReactTrace] #1 HEAVY verdict: played to 85 % of the clip, so the reaction IS on screen and what is missing is movement inside the clip itself
[  2238   16.591 x1.00] LOG  [Combat] Queued click #1 (combo 1)
[  2238   16.591 x1.00] LOG  [ComboTrace] QUEUED #1 during step 1
[  2270   16.717 x1.00] LOG  OniBoss punish window! 12 → 18 (x1.5)
[  2270   16.717 x1.00] LOG  OniBoss took 18 damage. HP: 2420/2500
[  2270   16.717 x1.00] LOG  [Momentum] 3 -> 4 (hit), speed x1.20, damage x1.20, impact x1.20
[  2270   16.717 x1.00] LOG  [CameraGameFeel] Shake: intensity=0.06 duration=0.080s
[  2270   16.717 x1.00] LOG  [Combat] Hit OniBoss for 12
[  2270   16.717 x1.00] LOG  [CameraGameFeel] Shake: intensity=0.60 duration=0.200s
[  2270   16.717 x1.00] LOG  [CameraGameFeel] FOV punch: hit light (+1.5°)
[  2308   16.871 x1.00] LOG  🐾 VFX_AttackPaw triggered!
[  2330   16.963 x1.00] LOG  [Combat] Combo 2: 20 dmg
[  2330   16.963 x1.00] LOG  [ComboTrace] START step=2 state='Combo2' queued=0 target='OniBoss' at 2.9m
[  2330   16.963 x1.00] LOG  [ComboTrace] LAUNCH OniBoss at 1.6m dist=1.57m in 0.16s
[  2371   17.121 x1.00] LOG  [ComboTrace] LAUNCH RESULT wanted=1.57m actually moved=0.90m, completed
[  2414   17.282 x0.00] LOG  [Pause] screen frozen: 1426 x 802 from screen copy, turned the right way up (Auto), levels 0.10 to 0.57 (measured), world 0.58, blur mip 3.0
[  2526   17.732 x0.00] LOG  [Pause] paused: world clock was x1.00, screen frozen and blurred, up in 0.45s real
[  2774   18.716 x1.00] LOG  [Pause] resumed: world clock back to x1.00
[  2780   18.739 x1.00] LOG  [OniBoss:Layer] freeze guard: Stagger held 3.20s REAL (limit 3.20, world clock 1.00) → forcing Chase
[  2780   18.739 x1.00] LOG  [OniBoss] Stagger → Chase
[  2781   18.743 x1.00] LOG  [OniBoss] Playing animation: Watch
[  2781   18.743 x1.00] LOG  [OniBoss] Combo started: ClubSwing1 → ClubSwing2 → ClubSlam (3 steps remaining)
[  2781   18.743 x1.00] LOG  [OniBoss] Chase → Attack
[  2781   18.743 x1.00] LOG  [OniBoss] Attack: Club_Swing (16 dmg)
[  2781   18.743 x1.00] LOG  [OniBoss:Trail] Club_Swing trail START at clip 1.00 (transition done).
[  2824   18.919 x1.00] LOG  🐾🐾 VFX_TowPaw triggered!
[  2828   18.934 x1.00] LOG  OniBoss took 24 damage. HP: 2396/2500
[  2828   18.934 x1.00] LOG  [OniBoss] 🤕 Hit during Attack — flash only
[  2828   18.934 x1.00] LOG  [Momentum] 4 -> 5 (hit), speed x1.25, damage x1.25, impact x1.25
[  2828   18.934 x1.00] LOG  [CameraGameFeel] Shake: intensity=0.14 duration=0.080s
[  2828   18.934 x1.00] LOG  [Combat] Hit OniBoss for 24
[  2828   18.934 x1.00] LOG  [CameraGameFeel] Shake: intensity=0.63 duration=0.200s
[  2828   18.934 x1.00] LOG  [CameraGameFeel] FOV punch: hit light (+1.5°)
[  2844   18.999 x0.00] LOG  [Pause] screen frozen: 1426 x 802 from screen copy, turned the right way up (Auto), levels 0.10 to 0.66 (measured), world 0.58, blur mip 3.0
[  2950   19.451 x0.00] LOG  [Pause] paused: world clock was x1.00, screen frozen and blurred, up in 0.45s real
[  4247   25.000 x0.00] ERR  [OniBoss:Layer] SLOW-MOTION STUCK — Time.timeScale has been 0.00 for over 6s real (fixedDeltaTime 0.0200). An aim ability did not restore the world clock. THIS is the permanent freeze — send me this line.
        at UnityEngine.Debug:LogError (object)
        at OniBoss:UpdateSlowMotionWatchdog () (at Assets/Scripts/Enemy/OniBoss.cs:1174)
        at OniBoss:Update () (at Assets/Scripts/Enemy/OniBoss.cs:1229)
[  4260   25.063 x0.00] LOG  [Pause] RESTART asked again: the next press does it
[  4687   26.868 x0.00] LOG  [Pause] Restart: reloading 'CaveScene_Oni_Boss1'

[  4687   26.868 x0.00] TEL ────────── RESTART from the pause menu: scene reloaded ──────────
[  4687   26.868 x1.00] LOG  [Combat] Queued click #1 (combo 2)
[  4687   26.868 x1.00] LOG  [ComboTrace] QUEUED #1 during step 2
[  4688   26.915 x1.00] LOG  [StormWeather] storm break released
[  4688   26.915 x1.00] LOG  [StormWeather] terrain layers restored to dry values.
[  4688   26.915 x1.00] LOG  [OniHairShadows] shadow casting off on 27 hair renderers
[  4688   26.915 x1.00] LOG  [RingMesh] Auto-found 11/11 left, 11/11 right meshes
[  4688   26.915 x1.00] LOG  [GameOver] ready (sumi-e): PlayerCombat found, ink shader ok, paper set, kanji set, font YujiSyuku-Regular SDF, Main Menu faint (no scene set)
[  4688   26.915 x1.00] LOG  [PeachUI] row ready: 4 peaches, 64 px, TopLeft, bleed sprite set, PlayerHealth found
[  4688   26.915 x1.00] LOG  [Pause] ready: key Escape, paper shader ok, paper set, kanji set, font YujiSyuku-Regular SDF, capture ScreenGrab, Main Menu faint (no scene set)
[  4688   26.915 x1.00] LOG  [BossBar] BossHealthBarUI initialized
[  4688   26.915 x1.00] LOG  [StormWeather] layer 'TerrainLayer_Dirt_01' dry smoothness=0.00 (restore to this if a crash ever leaves it wet)
[  4688   26.915 x1.00] LOG  [StormWeather] post volumes ready on layer 9 (storm priority 10, flash priority 11).
[  4688   26.915 x1.00] LOG  [StormWeather] ROUND 80: fur weather ready on 'Weather Zone'. Rain 0, wind 0.50 in the open, sky check 30 m from 'PlayerYoru_1.1'.
[  4688   26.915 x1.00] LOG  [StormWeather] COZY bridge: Rain_Cave retired, COZY owns the rain now.
[  4688   26.915 x1.00] LOG  [StormWeather] COZY → 'Clear' (pre-fight - open sky, 0 s)
[  4688   26.915 x1.00] LOG  [StormWeather] Ready. Open sky, dry floor. Waiting for the fight.
[  4688   26.915 x1.00] LOG  OniBoss initialized with 2500 HP
[  4688   26.915 x1.00] LOG  [OniBoss] ANIMATOR SETUP: cullingMode=CullUpdateTransforms updateMode=Normal applyRootMotion=False speed=1
[  4688   26.915 x1.00] LOG  [OniBoss] Initialized
[  4688   26.915 x1.00] LOG  [OniBoss:Layer] facing: minFlat 1m, snapOnAttack off, trackInHitReact off, aimTurn 540 deg/s for the first 0.20 of the swing
[  4688   26.915 x1.00] LOG  [OniBoss:Layer] Yoru launch model ON: launches ALL THE WAY to an enemy within 4.7m of its surface at 10m/s (stop gap 0.00m, NO minimum distance), else steps 0.90m forward. Targeting cone left exactly as her prefab has it.
[  4688   26.915 x1.00] LOG  [OniBoss:Layer] Yoru launch ROUND 9: airborne attacks launch too (ON), edge probe now runs on its OWN layer mask (Everything) instead of the line-of-sight mask - the Ground-only mask found no floor in this cave and was cancelling 100% of launches at 0.00m travelled.
[  4688   26.915 x1.00] LOG  [OniBoss:Layer] animator speed x1.35 — his 1.13s swing now plays in 0.84s.
[  4688   26.915 x1.00] LOG  [OniBoss:Layer] chase speed pushed: phase1 4.5, phase2 5.5 (Yoru runs at 7).
[  4688   26.915 x1.00] LOG  [OniBoss:Layer] ground wave ON (round 38): half the club's damage on TOUCH, 12m/s x 6.0m from 1.6m in front at 0.35m height — a club hit cancels that swing's wave, jumping clears it. Per-attack effects come from the Swing Wave VFX By Attack rows. PlayerHealth found, PlayerMovement found.
[  4688   26.915 x1.00] LOG  [StormWeather] storm break HELD (waiting for the lightning beat)
[  4688   26.915 x1.00] LOG  [OniBoss:Layer] storm break HELD — it releases at the lightning-on-the-club beat.
[  4688   26.915 x1.00] LOG  [OniBoss:Layer] club tracking ON — tip 'Kanabo3' (depth 4), shaft root 'kanabo'.
[  4688   26.915 x1.00] LOG  [OniBoss:Layer] skinned meshes: 46 renderer(s), updateWhenOffscreen ON, body renderer 'Body' rootBone 'Hips'
[  4688   26.915 x1.00] LOG  [OniBoss:Layer] charge travel bone: 'Hips' at depth 1 under 'OniBoss', rest local (0.00, 3.24, -0.24)
[  4688   26.915 x1.00] LOG  [OniBoss:Layer] anti-kite ON: thrown swing after 4s of failed chase (within 7.6m), charge after 6s.
[  4688   26.915 x1.00] LOG  [OniBoss:Layer] charge drive ON (windup to 0.40 at x1.3, rush 14m/s stops at 2.6m, steers 0.35s then commits, strike section from 0.58, strike moment 0.76, trail VFX off)
[  4688   26.915 x1.00] LOG  [OniBoss:Layer] attack armor ON (his swings are not interrupted by light/medium hits; heavy hits and rapid-hit bursts still stop him)
[  4688   26.915 x1.00] LOG  [OniBoss:Layer] strike moments overridden: Club_Swing=0.42 ClubSwing2=0.32 ClubSlam=0.85 KanaboSweep=0.48
[  4688   26.915 x1.00] LOG  [OniBoss:Layer] club TOUCH hits ON (radius 0.70m, min tip speed 50m/s, armed from 0.20 of the clip): Club_Swing ClubSwing2 ClubSlam KanaboSweep. First touch wins — club full damage, wave half, one hit per swing.
[  4688   26.915 x1.00] LOG  [OniBoss:Layer] combo damage ramp ON: mid x1.25, finisher x1.50 — finisher wave carries FULL damage at x2.0 size, x2.0 travel.
[  4688   26.915 x1.00] LOG  [OniBoss:Layer] charge follow-up ON: 90 % of solo charges chain into a random melee finisher.
[  4688   26.915 x1.00] LOG  [OniBoss:Layer] hold-ground ON (backstep 1.5m @ 1.6m/s after own attacks, watch 'Watch', attack facing LOCKED)
[  4688   26.915 x1.00] LOG  [OniBoss:Layer] OniBoss layer ready (reactions, wake-on-hit, watch stance, boss bar). player=found
[  4688   26.915 x1.00] LOG  [OniBoss:Layer] charge clip 'Oni Charge.fbx' imports with Root Motion Node = None (in place) — good.
[  4688   26.915 x1.00] LOG  [OniBoss:Layer] clips importing with Root Transform Position (Y) NOT baked into pose (12): Oni_Alert(Oni Alert), Club_Slam(Oni Club Slam), Club_Swing(Oni Club Swing), Club_swing2(Oni Club Swing 2), Death(Oni Death Kneel), Hit_react_light(Oni Hit react lighter light), KanaboSweep(Oni Kanabo sweep), Phase_Transition(Oni Phase transition), run(Oni Run), Walk(Oni Walk), Watch(Oni Watch), Idle(Oni Idle) — their hips' up/down motion is stripped (see round notes; optional).
[  4688   26.915 x1.00] LOG  === VFX MANAGER INITIALIZED ===
[  4688   26.915 x1.00] LOG  Auto-detect animations: False
[  4688   26.915 x1.00] LOG  Parent effects to tail: True
[  4688   26.915 x1.00] LOG  Prefabs: Jump=True, Land=True, LTail=True, RTail=True
[  4688   26.915 x1.00] LOG  ✅ Left Tail Tip: LeftTailTip_Anchor
[  4688   26.915 x1.00] LOG  ✅ Right Tail Tip: RightTailTip_Anchor
[  4688   26.915 x1.00] LOG  [VolumetricFogController] applyPresets is OFF in this scene. The Volumetric Fog component keeps its hand-set inspector values.
[  4688   26.915 x1.00] LOG  [TailAirShot] Ready. drawState=RightTail_Fast castParam=TailCastSpeed (found)
  arrow leaves: PlayerYoru_1.1/Cat_All_10_Tails_v4/Group/DeformationSystem/root/Root_M/Tail15_R/Tail151_R/Tail152_R/Tail153_R/Tail154_R/Tail155_R/Tail156_R/Tail157_R/Tail158_R/Tail159_R/Tail1510_R/Tail1511_R/Tail1512_R/Tail6_R/Tail6_R_end/Tail6_R_end_end/Tail6_R_end_end_end/RightTailTip_Anchor
  aim VFX: PlayerYoru_1.1/Cat_All_10_Tails_v4/Group/DeformationSystem/root/Root_M/Tail15_R/Tail151_R/Tail152_R/Tail153_R/Tail154_R/Tail155_R/Tail156_R/Tail157_R/Tail158_R/Tail159_R/Tail1510_R/Tail1511_R/Tail1512_R/Tail6_R/Tail6_R_end/Tail6_R_end_end/Tail6_R_end_end_end/RightTailTip_Anchor/vfx_Muzzle_Fireball01Blue
[  4688   26.915 x1.00] LOG  [RingMesh] VFX Status:
[  4688   26.915 x1.00] LOG    Left: Prefab=✓, Spawn=Tail6_L_end_end_end
[  4688   26.915 x1.00] LOG    Right: Prefab=✓, Spawn=Tail6_R_end_end_end
[  4688   26.915 x1.00] LOG  [TailAirShot4Leg] Ready. drawState=shoot_4Leg castParam=Shoot4LegSpeed (found) readyFrame=5 fireFrame=10 frames=24 slowBudget=3s real damageMultiplier=2.00
  arrow leaves: PlayerYoru_1.1/Cat_All_10_Tails_v4/Group/DeformationSystem/root/Root_M/Tail15_R/Tail151_R/Tail152_R/Tail153_R/Tail154_R/Tail155_R/Tail156_R/Tail157_R/Tail158_R/Tail159_R/Tail1510_R/Tail1511_R/Tail1512_R/Tail6_R/Tail6_R_end/Tail6_R_end_end/Tail6_R_end_end_end/RightTailTip_Anchor
  aim VFX left:  PlayerYoru_1.1/Cat_All_10_Tails_v4/Group/DeformationSystem/root/Root_M/Tail15_L/Tail151_L/Tail152_L/Tail153_L/Tail154_L/Tail155_L/Tail156_L/Tail157_L/Tail158_L/Tail159_L/Tail1510_L/Tail1511_L/Tail1512_L/Tail6_L/Tail6_L_end/Tail6_L_end_end/Tail6_L_end_end_end/LeftTailTip_Anchor/Glow_4Leg_L
  aim VFX right: PlayerYoru_1.1/Cat_All_10_Tails_v4/Group/DeformationSystem/root/Root_M/Tail15_R/Tail151_R/Tail152_R/Tail153_R/Tail154_R/Tail155_R/Tail156_R/Tail157_R/Tail158_R/Tail159_R/Tail1510_R/Tail1511_R/Tail1512_R/Tail6_R/Tail6_R_end/Tail6_R_end_end/Tail6_R_end_end_end/RightTailTip_Anchor/Glow_4Leg_R
[  4688   26.915 x1.00] LOG  [PlayerCombat] Phase 2 form gate CONNECTED (FormController found on this GameObject).
[  4688   26.915 x1.00] LOG  [Combat] PlayerCombat initialized, Phase 3C v27
[  4688   26.915 x1.00] LOG  [CameraGameFeel] CameraGameFeel initialized (shake + FOV)
[  4688   26.915 x1.00] LOG  [OniBoss] Playing animation: Idle
[  4813   27.549 x1.00] LOG  💨 Landing VFX spawned!
[  4813   27.549 x1.00] LOG  ✅ LANDED! (was jump #0)
[  5145   28.611 x0.00] LOG  [Pause] screen frozen: 1426 x 802 from screen copy, turned the right way up (Auto), levels 0.25 to 0.39 (measured), world 0.58, blur mip 3.0
[  5270   29.060 x0.00] LOG  [Pause] paused: world clock was x1.00, screen frozen and blurred, up in 0.45s real
[  5372   29.424 x1.00] LOG  [Pause] resumed: world clock back to x1.00
[  5418   29.584 x0.00] LOG  [Pause] screen frozen: 1426 x 802 from screen copy, turned the right way up (Auto), levels 0.01 to 0.30 (measured), world 0.58, blur mip 3.0
[  5550   30.036 x0.00] LOG  [Pause] paused: world clock was x1.00, screen frozen and blurred, up in 0.45s real
[  5815   30.940 x1.00] LOG  [Pause] resumed: world clock back to x1.00
[  5901   31.321 x0.00] LOG  [Pause] screen frozen: 1426 x 802 from screen copy, turned the right way up (Auto), levels 0.01 to 0.30 (measured), world 0.58, blur mip 3.0
[  6001   31.682 x0.00] LOG  [Pause] paused: world clock was x1.00, screen frozen and blurred, up in 0.36s real
[  6095   31.995 x1.00] LOG  [Pause] resumed: world clock back to x1.00
[  7009   35.430 x1.00] LOG  [OniBoss:Layer] watch stance ON (player 14.9m)
[  7225   36.291 x1.00] LOG  [OniBoss] LostSoul → Alert
[  7225   36.291 x1.00] LOG  [OniBoss] Playing animation: Oni_Alert
[  7225   36.291 x1.00] LOG  [BossBar] Showing bar for: Oni (2500/2500)
[  7225   36.291 x1.00] LOG  [OniBoss:Layer] boss bar shown
[  7226   36.296 x1.00] LOG  [StormWeather] COZY → 'Yoru_Oni_Phase1_Storm' (fight engaged - storm rolls in, 0 s)
[  7226   36.296 x1.00] LOG  [StormWeather] FIGHT STARTED (he engaged) - storm on, floor starts to soak.
[  7319   36.667 x1.00] LOG  [StormWeather] fur: rain reaching the coat (intensity 0.01, follows floor wetness).
[  7337   36.737 x1.00] LOG  🐾 4-LEG JUMP #0
[  7337   36.737 x1.00] LOG  🐾 Jump 1 VFX spawned!
[  7351   36.795 x1.00] LOG  [OniBoss] Alert → Chase
[  7352   36.798 x1.00] LOG  [OniBoss] Pull-band decision: RUN-IN (dist 5.6m, pullRange 0m, chance 0.50)
[  7352   36.798 x1.00] LOG  [OniBoss] Playing animation: run
[  7421   37.095 x1.00] LOG  [StormWeather] storm post weight -> 0.40
[  7440   37.165 x1.00] LOG  [ComboTrace] LAUNCH OniBoss at 2.0m dist=2.01m in 0.20s [AIRBORNE]
[  7440   37.165 x1.00] LOG  [Combat] Aerial spin, 25 dmg
[  7440   37.165 x1.00] LOG  [YoruVFX] Air spin: 'VFX_Void_Burst_AirSpinYoru' at CenterVFX, 46 systems, longest 1.00s fitted to 0.79s at speed 1.27, 8 forced Local, 38 delays zeroed, tail 2.37s
[  7440   37.165 x1.00] LOG  [AirPosePin] engaged, holding body at 1.703m above the transform
[  7445   37.189 x1.00] LOG  [OniBoss] Playing animation: Idle
[  7445   37.189 x1.00] LOG  [OniBoss] Combo started: swing1-2 (2 steps remaining)
[  7445   37.189 x1.00] LOG  [OniBoss] Chase → Attack
[  7445   37.189 x1.00] LOG  [OniBoss] Attack: Club_Swing (16 dmg)
[  7445   37.189 x1.00] LOG  [OniBoss:Trail] Club_Swing trail START at clip 0.42 (transition done).
[  7468   37.316 x1.00] LOG  OniBoss took 10 damage. HP: 2490/2500
[  7468   37.316 x1.00] LOG  [OniBoss] 🤕 Hit during Attack — flash only
[  7468   37.316 x1.00] LOG  [Momentum] 0 -> 1 (hit), speed x1.05, damage x1.05, impact x1.05
[  7468   37.316 x1.00] LOG  [CameraGameFeel] Shake: intensity=0.06 duration=0.080s
[  7468   37.316 x1.00] LOG  [CameraGameFeel] Shake: intensity=0.53 duration=0.200s
[  7468   37.316 x1.00] LOG  [CameraGameFeel] FOV punch: hit light (+1.5°)
[  7478   37.371 x1.00] LOG  [ComboTrace] LAUNCH RESULT wanted=2.01m actually moved=1.47m, completed
[  7497   37.473 x1.00] LOG  OniBoss took 10 damage. HP: 2480/2500
[  7497   37.473 x1.00] LOG  [OniBoss] 🤕 Hit during Attack — flash only
[  7497   37.473 x1.00] LOG  [CameraGameFeel] Shake: intensity=0.18 duration=0.200s
[  7511   37.564 x1.00] LOG  [CameraGameFeel] Shake: intensity=0.20 duration=0.250s
[  7511   37.564 x1.00] LOG  [Peach] light hit 16 dmg: 2 bites. 14/16 bites = 3.5 of 4 peaches
[  7511   37.564 x1.00] LOG  [Momentum] 1 -> 0 (light hit taken, 50% = -1), speed x1.00, damage x1.00, impact x1.00
[  7511   37.564 x1.00] LOG  [YoruVFX] Spin VFX stopped, fading for 2.37s
[  7511   37.564 x1.00] LOG  [Combat] Combo memory: light hit, keeping step 3
[  7511   37.564 x1.00] LOG  [Combat] Hit react: HitReact_Light_2Leg (0.5s, clip starts at 0.35s)
[  7511   37.564 x1.00] LOG  [CameraGameFeel] Shake: intensity=0.30 duration=0.200s
[  7511   37.564 x1.00] LOG  [CameraGameFeel] FOV punch: player damage (-2.0°)
[  7511   37.564 x1.00] LOG  [OniBoss] Hit player for 16 (Club_Swing)
[  7511   37.564 x1.00] LOG  [OniBoss:Touch] Club_Swing: club TOUCHED Yoru at clip 0.40, shaft 0.31m from her body line, head 0.44 along the club, tip 2.48m up, tip speed 154m/s. Full club hit delivered this frame.
[  7512   37.573 x1.00] LOG  [HitReactTrace] asked for 'HitReact_Light_2Leg' (0.50s, clip start 0.35s): NOT playing it, another state took the combat layer, blend resolved after 9 ms, state 0.79s long at speed 0.80, now at 0.35s, layer weight 1.00, animator.speed 1.00.
[  7516   37.590 x1.00] LOG  [OniBoss:ClubPos] Club_Swing at strike: club tip 3.02m up, 2.64m in front, -2.88m to his right (3.91m out from his centre). Club faces -79deg from his forward, pitch 0.40. (the ground wave is born 1.6m in front of him at 0.35m.)
[  7516   37.590 x1.00] LOG  [OniBoss:Layer] Club_Swing: club already hit — ground wave released as VISUAL only (0 damage).
[  7536   37.694 x1.00] LOG  💨 Landing VFX spawned!
[  7536   37.694 x1.00] LOG  [AirPosePin] released, peak correction was 0.069m
[  7607   38.066 x1.00] LOG  ✅ LANDED! (was jump #0)
[  7608   38.072 x1.00] LOG  [OniBoss] Attack → Recovery
[  7608   38.072 x1.00] LOG  [OniBoss] Playing animation: Watch
[  7608   38.072 x1.00] LOG  [OniBoss:Trail] trail END at clip 0.99, fading over 0.40s.
[  7608   38.072 x1.00] LOG  [OniBoss:Strike] Club_Swing: club tip closest to Yoru at 0.47m, clip position 0.88 | damage fires at 0.42 | clip 0.84s => damage fires 389 ms BEFORE the club is closest
[  7634   38.204 x1.00] LOG  [Combat] Combo 1: 10 dmg
[  7634   38.204 x1.00] LOG  [ComboTrace] START step=1 state='Combo1' queued=0 target='OniBoss' at 2.3m
[  7634   38.204 x1.00] LOG  [ComboTrace] LAUNCH OniBoss at 0.8m dist=0.78m in 0.13s
[  7639   38.224 x1.00] LOG  [OniBoss] Recovery → Attack
[  7639   38.224 x1.00] LOG  [OniBoss] Attack: ClubSwing2 (16 dmg)
[  7639   38.224 x1.00] LOG  [OniBoss:Trail] ClubSwing2 trail START at clip 1.00 (transition still blending).
[  7666   38.338 x1.00] LOG  [ComboTrace] LAUNCH RESULT wanted=0.78m actually moved=0.00m, completed
[  7687   38.414 x1.00] LOG  [Combat] Queued click #1 (combo 1)
[  7687   38.414 x1.00] LOG  [ComboTrace] QUEUED #1 during step 1
[  7725   38.557 x1.00] LOG  [CameraGameFeel] Shake: intensity=0.20 duration=0.250s
[  7725   38.557 x1.00] LOG  [Peach] heavy hit 24 dmg: 3 bites. 11/16 bites = 2.75 of 4 peaches
[  7725   38.557 x1.00] LOG  [Combat] Hit react: HitReact_Heavy_2Leg (0.9s, clip starts at 0.35s)
[  7725   38.557 x1.00] LOG  [CameraGameFeel] Shake: intensity=0.60 duration=0.200s
[  7725   38.557 x1.00] LOG  [CameraGameFeel] FOV punch: player damage (-3.0°)
[  7725   38.557 x1.00] LOG  [OniBoss] Hit player for 24 (ClubSwing2) [combo x1.50]
[  7725   38.557 x1.00] LOG  [OniBoss:Touch] ClubSwing2: club TOUCHED Yoru at clip 0.29, shaft 0.69m from her body line, head 0.47 along the club, tip 1.38m up, tip speed 95m/s. Full club hit delivered this frame.
[  7726   38.563 x1.00] LOG  [HitReactTrace] asked for 'HitReact_Heavy_2Leg' (0.90s, clip start 0.35s): NOT playing it, another state took the combat layer, blend resolved after 6 ms, state 0.95s long at speed 1.60, now at 0.35s, layer weight 1.00, animator.speed 1.00.
[  7734   38.606 x1.00] LOG  [OniBoss:ClubPos] ClubSwing2 at strike: club tip 0.12m up, 1.74m in front, 2.50m to his right (3.05m out from his centre). Club faces 8deg from his forward, pitch -0.88. (the ground wave is born 1.6m in front of him at 0.35m.)
[  7734   38.606 x1.00] LOG  [OniBoss:Layer] ClubSwing2: club already hit — ground wave released as VISUAL only (0 damage), finisher size x2.0.
[  7913   39.386 x1.00] LOG  [OniBoss] Attack → Recovery
[  7913   39.386 x1.00] LOG  [OniBoss] Playing animation: Watch
[  7913   39.386 x1.00] LOG  [OniBoss:Trail] trail END at clip 0.99, fading over 0.40s.
[  7913   39.386 x1.00] LOG  [OniBoss:Strike] ClubSwing2: club tip closest to Yoru at 1.35m, clip position 0.30 | damage fires at 0.32 | clip 1.17s => MATCHED (within one or two frames)
[  7925   39.438 x1.00] LOG  [Combat] Combo 1: 10 dmg
[  7925   39.438 x1.00] LOG  [ComboTrace] START step=1 state='Combo1' queued=0 target='OniBoss' at 1.9m
[  7925   39.438 x1.00] LOG  [ComboTrace] LAUNCH OniBoss at 0.8m dist=0.78m in 0.13s
[  7947   39.537 x1.00] LOG  [OniBoss] Recovery → Chase
[  7948   39.542 x1.00] LOG  [OniBoss] hold-ground: BACKSTEP 1.5m (player 2.0m)
[  7955   39.570 x1.00] LOG  [ComboTrace] LAUNCH RESULT wanted=0.78m actually moved=0.00m, completed
[  7978   39.655 x1.00] LOG  [Combat] Queued click #1 (combo 1)
[  7978   39.655 x1.00] LOG  [ComboTrace] QUEUED #1 during step 1
[  8023   39.826 x1.00] LOG  [Combat] Queued click #2 (combo 1)
[  8023   39.826 x1.00] LOG  [ComboTrace] QUEUED #2 during step 1
[  8046   39.908 x1.00] LOG  OniBoss took 10 damage. HP: 2470/2500
[  8046   39.908 x1.00] LOG  [OniBoss] Chase → HitReact
[  8046   39.908 x1.00] LOG  [OniBoss:Layer] react tier: LIGHT (10 dmg) → 'Hit_react_light'
[  8046   39.908 x1.00] LOG  [OniReactTrace] #1 LIGHT (10 dmg) asked for 'Hit_react_light': crossfade 0.08s, animator speed 1.35, world x1.00
[  8046   39.908 x1.00] LOG  [Momentum] 0 -> 1 (hit), speed x1.05, damage x1.05, impact x1.05
[  8046   39.908 x1.00] LOG  [CameraGameFeel] Shake: intensity=0.06 duration=0.080s
[  8046   39.908 x1.00] LOG  [Combat] Hit OniBoss for 10
[  8046   39.908 x1.00] LOG  [CameraGameFeel] Shake: intensity=0.53 duration=0.200s
[  8046   39.908 x1.00] LOG  [CameraGameFeel] FOV punch: hit light (+1.5°)
[  8047   39.913 x1.00] LOG  [OniReactTrace] #1 +0.01s state SOMETHING ELSE, clip on his bones 'Take 001' weight 1.00, layer weight 1.00, animator speed 0.00, world x1.00, engine HitReact
[  8071   40.009 x1.00] LOG  [OniReactTrace] #1 +0.10s state SOMETHING ELSE, clip on his bones 'Take 001' weight 0.04, blending INTO 'Hit_react_light', layer weight 1.00, animator speed 1.35, world x1.00, engine HitReact
[  8078   40.034 x1.00] LOG  [ComboTrace] CLICK IGNORED (step=1 queued=2)
[  8087   40.072 x1.00] LOG  🐾 VFX_AttackPaw triggered!
[  8106   40.160 x1.00] LOG  [OniReactTrace] #1 +0.25s state 'Hit_react_light' at 35 % of its 0.59s, clip on his bones 'Take 001' weight 1.00, layer weight 1.00, animator speed 1.35, world x1.00, engine HitReact
[  8112   40.181 x1.00] LOG  [Combat] Combo 2: 20 dmg
[  8112   40.181 x1.00] LOG  [ComboTrace] START step=2 state='Combo2' queued=1 target='OniBoss' at 2.5m
[  8112   40.181 x1.00] LOG  [ComboTrace] LAUNCH OniBoss at 1.3m dist=1.28m in 0.13s
[  8125   40.230 x1.00] LOG  [ComboTrace] CLICK DROPPED by attackCooldown (0.10s, 0.05s since last attack) step=2
[  8146   40.314 x1.00] LOG  [ComboTrace] LAUNCH RESULT wanted=1.28m actually moved=0.56m, completed
[  8157   40.360 x1.00] LOG  [OniReactTrace] #1 +0.45s state 'Hit_react_light' at 70 % of its 0.59s, clip on his bones 'Take 001' weight 1.00, layer weight 1.00, animator speed 1.35, world x1.00, engine HitReact
[  8179   40.440 x1.00] LOG  [Combat] Queued click #2 (combo 2)
[  8179   40.440 x1.00] LOG  [ComboTrace] QUEUED #2 during step 2
[  8223   40.611 x1.00] LOG  [OniReactTrace] #1 +0.70s state 'Hit_react_light' at 100 % of its 0.59s, clip on his bones 'Take 001' weight 1.00, layer weight 1.00, animator speed 1.35, world x1.00, engine HitReact
[  8230   40.637 x1.00] LOG  [ComboTrace] CLICK IGNORED (step=2 queued=2)
[  8249   40.709 x1.00] LOG  [OniBoss] HitReact → Chase
[  8250   40.713 x1.00] LOG  [OniBoss] Playing animation: Idle
[  8265   40.777 x1.00] LOG  🐾🐾 VFX_TowPaw triggered!
[  8270   40.796 x1.00] LOG  OniBoss took 21 damage. HP: 2449/2500
[  8270   40.796 x1.00] LOG  [OniBoss] 🤕 Hit during Chase — flash only
[  8270   40.796 x1.00] LOG  [Momentum] 1 -> 2 (hit), speed x1.10, damage x1.10, impact x1.10
[  8270   40.796 x1.00] LOG  [CameraGameFeel] Shake: intensity=0.06 duration=0.080s
[  8270   40.796 x1.00] LOG  [Combat] Hit OniBoss for 21
[  8270   40.796 x1.00] LOG  [CameraGameFeel] Shake: intensity=0.55 duration=0.200s
[  8270   40.796 x1.00] LOG  [CameraGameFeel] FOV punch: hit light (+1.5°)
[  8282   40.845 x1.00] LOG  [ComboTrace] CLICK IGNORED (step=2 queued=2)
[  8286   40.861 x1.00] LOG  [OniReactTrace] #1 +0.95s state 'Hit_react_light' at 100 % of its 0.59s, clip on his bones 'Take 001' weight 0.42, blending into a DIFFERENT state, layer weight 1.00, animator speed 1.35, world x1.00, engine Chase
[  8286   40.861 x1.00] LOG  [OniReactTrace] #1 LIGHT verdict: played to 100 % of the clip, so the reaction IS on screen and what is missing is movement inside the clip itself
[  8335   41.058 x1.00] LOG  [ComboTrace] CLICK IGNORED (step=2 queued=2)
[  8367   41.174 x1.00] LOG  🐾🐾 VFX_TowPaw triggered!
[  8373   41.200 x1.00] LOG  [Combat] Combo 3: 35 dmg
[  8373   41.200 x1.00] LOG  [ComboTrace] START step=3 state='Combo3' queued=1 target='OniBoss' at 2.3m
[  8373   41.200 x1.00] LOG  [ComboTrace] LAUNCH OniBoss at 1.1m dist=1.09m in 0.13s
[  8373   41.200 x1.00] LOG  [YoruVFX] Ground hazard: 'VFX_Void_Area_GroundSpinYORU' laid at GroundVFX ((481.94, 0.73, 404.04)), floor tilt 6.1 deg, 17 delays shifted by 2.00s, own lifetime 8.98s
[  8373   41.200 x1.00] LOG  [Combat] Hazard zone tick: OniBoss for 25
[  8373   41.200 x1.00] LOG  [Combat] Hazard zone laid: 8.98s, 25 dmg every 0.50s in 2.00m
[  8387   41.261 x1.00] LOG  OniBoss took 38 damage. HP: 2386/2500
[  8387   41.261 x1.00] LOG  [OniBoss] Chase → Stagger
[  8387   41.261 x1.00] LOG  [OniBoss] Playing animation: Stagger
[  8387   41.261 x1.00] LOG  [OniBoss] STAGGERED for 2.5s
[  8387   41.261 x1.00] LOG  [OniBoss:Layer] heavy knock-back react (38 dmg) → 'HitReact_Heavy', down for 1.80s
[  8387   41.261 x1.00] LOG  [OniReactTrace] #2 HEAVY (0 dmg) asked for 'HitReact_Heavy': crossfade 0.08s, animator speed 1.35, world x1.00
[  8387   41.261 x1.00] LOG  [Momentum] 2 -> 3 (hit), speed x1.15, damage x1.15, impact x1.15
[  8387   41.261 x1.00] LOG  [CameraGameFeel] Shake: intensity=0.06 duration=0.080s
[  8387   41.261 x1.00] LOG  [CameraGameFeel] Shake: intensity=0.58 duration=0.200s
[  8387   41.261 x1.00] LOG  [CameraGameFeel] FOV punch: hit light (+1.5°)
[  8388   41.266 x1.00] LOG  [OniReactTrace] #2 +0.01s state SOMETHING ELSE, clip on his bones 'Take 001' weight 1.00, blending INTO 'HitReact_Heavy', layer weight 1.00, animator speed 0.00, world x1.00, engine Stagger
[  8395   41.296 x1.00] LOG  [ComboTrace] CLICK DROPPED by attackCooldown (0.10s, 0.10s since last attack) step=3
[  8404   41.336 x1.00] LOG  [ComboTrace] LAUNCH RESULT wanted=1.09m actually moved=0.58m, completed
[  8410   41.362 x1.00] LOG  [OniReactTrace] #2 +0.10s state 'HitReact_Heavy' at 5 % of its 1.11s, clip on his bones 'Take 001' weight 1.00, layer weight 1.00, animator speed 1.35, world x1.00, engine Stagger
[  8433   41.460 x1.00] LOG  [ComboTrace] CLICK IGNORED (step=3 queued=1)
[  8442   41.513 x1.00] LOG  [OniReactTrace] #2 +0.25s state 'HitReact_Heavy' at 18 % of its 1.11s, clip on his bones 'Take 001' weight 1.00, layer weight 1.00, animator speed 1.35, world x1.00, engine Stagger
[  8474   41.678 x1.00] LOG  [ComboTrace] CLICK IGNORED (step=3 queued=1)
[  8479   41.703 x1.00] LOG  [Combat] Hazard zone tick: OniBoss for 25
[  8481   41.713 x1.00] LOG  [OniReactTrace] #2 +0.45s state 'HitReact_Heavy' at 36 % of its 1.11s, clip on his bones 'Take 001' weight 1.00, layer weight 1.00, animator speed 1.35, world x1.00, engine Stagger
[  8514   41.898 x1.00] LOG  [ComboTrace] CLICK IGNORED (step=3 queued=1)
[  8527   41.962 x1.00] LOG  [OniReactTrace] #2 +0.70s state 'HitReact_Heavy' at 59 % of its 1.11s, clip on his bones 'Take 001' weight 1.00, layer weight 1.00, animator speed 1.35, world x1.00, engine Stagger
[  8539   42.018 x1.00] LOG  [ComboTrace] END step=3 clipProgress=0.95 clipLen=0.79s queued=0 elapsed=0.82s
[  8554   42.095 x1.00] LOG  [ComboTrace] CLICK DROPPED by attackCooldown (0.10s, 0.08s since last attack) step=3
[  8574   42.204 x1.00] LOG  [Combat] Hazard zone tick: OniBoss for 25
[  8576   42.213 x1.00] LOG  [OniReactTrace] #2 +0.95s state 'HitReact_Heavy' at 81 % of its 1.11s, clip on his bones 'Take 001' weight 1.00, layer weight 1.00, animator speed 1.35, world x1.00, engine Stagger
[  8576   42.213 x1.00] LOG  [OniReactTrace] #2 HEAVY verdict: played to 81 % of the clip, so the reaction IS on screen and what is missing is movement inside the clip itself
[  8587   42.278 x1.00] LOG  [Combat] Combo 1: 10 dmg
[  8587   42.278 x1.00] LOG  [ComboTrace] START step=1 state='Combo1' queued=0 target='OniBoss' at 2.6m
[  8587   42.278 x1.00] LOG  [ComboTrace] LAUNCH OniBoss at 1.4m dist=1.37m in 0.14s
[  8612   42.418 x1.00] LOG  [ComboTrace] LAUNCH RESULT wanted=1.37m actually moved=0.67m, completed
[  8627   42.470 x1.00] LOG  [Combat] Queued click #1 (combo 1)
[  8627   42.470 x1.00] LOG  [ComboTrace] QUEUED #1 during step 1
[  8674   42.667 x1.00] LOG  [Combat] Queued click #2 (combo 1)
[  8674   42.667 x1.00] LOG  [ComboTrace] QUEUED #2 during step 1
[  8679   42.688 x1.00] LOG  OniBoss punish window! 12 → 18 (x1.5)
[  8679   42.688 x1.00] LOG  OniBoss took 18 damage. HP: 2318/2500
[  8679   42.688 x1.00] LOG  [Momentum] 3 -> 4 (hit), speed x1.20, damage x1.20, impact x1.20
[  8679   42.688 x1.00] LOG  [CameraGameFeel] Shake: intensity=0.06 duration=0.080s
[  8679   42.688 x1.00] LOG  [Combat] Hit OniBoss for 12
[  8679   42.688 x1.00] LOG  [CameraGameFeel] Shake: intensity=0.60 duration=0.200s
[  8679   42.688 x1.00] LOG  [CameraGameFeel] FOV punch: hit light (+1.5°)
[  8682   42.705 x1.00] LOG  [Combat] Hazard zone tick: OniBoss for 25
[  8713   42.840 x1.00] LOG  🐾 VFX_AttackPaw triggered!
[  8719   42.874 x1.00] LOG  [ComboTrace] CLICK IGNORED (step=1 queued=2)
[  8735   42.934 x1.00] LOG  [Combat] Combo 2: 20 dmg
[  8735   42.934 x1.00] LOG  [ComboTrace] START step=2 state='Combo2' queued=1 target='OniBoss' at 2.9m
[  8735   42.934 x1.00] LOG  [ComboTrace] LAUNCH OniBoss at 1.6m dist=1.58m in 0.16s
[  8765   43.062 x1.00] LOG  [OniBoss] Stagger → Chase
[  8766   43.066 x1.00] LOG  [OniBoss] Playing animation: Watch
[  8766   43.066 x1.00] LOG  [OniBoss] Combo started: swing1-2 (2 steps remaining)
[  8766   43.066 x1.00] LOG  [OniBoss] Chase → Attack
[  8766   43.066 x1.00] LOG  [OniBoss] Attack: Club_Swing (16 dmg)
[  8766   43.066 x1.00] LOG  [OniBoss:Trail] Club_Swing trail START at clip 1.00 (transition done).
[  8771   43.087 x1.00] LOG  [Combat] Queued click #2 (combo 2)
[  8771   43.087 x1.00] LOG  [ComboTrace] QUEUED #2 during step 2
[  8773   43.094 x1.00] LOG  [ComboTrace] LAUNCH RESULT wanted=1.58m actually moved=0.90m, completed
[  8825   43.298 x1.00] LOG  [ComboTrace] CLICK IGNORED (step=2 queued=2)
[  8855   43.424 x1.00] LOG  [OniBoss:ClubPos] Club_Swing at strike: club tip 3.02m up, 2.60m in front, -2.90m to his right (3.90m out from his centre). Club faces -80deg from his forward, pitch 0.40. (the ground wave is born 1.6m in front of him at 0.35m.)
[  8855   43.424 x1.00] LOG  [OniBoss:Layer] Club_Swing: club has not connected — ground wave released ARMED, 1.6m in front, 12m/s x 6.0m = 0.50s, carrying 8 (half of the club's 16).
[  8856   43.428 x1.00] LOG  [Peach] light hit 8 dmg: 1 bite. 10/16 bites = 2.5 of 4 peaches
[  8856   43.428 x1.00] LOG  [Momentum] 4 -> 2 (light hit taken, 50% = -2), speed x1.10, damage x1.10, impact x1.10
[  8856   43.428 x1.00] LOG  [Combat] Combo memory: light hit, keeping step 2
[  8856   43.428 x1.00] LOG  [Combat] Hit react: HitReact_Light_2Leg (0.5s, clip starts at 0.35s)
[  8856   43.428 x1.00] LOG  [CameraGameFeel] Shake: intensity=0.30 duration=0.200s
[  8856   43.428 x1.00] LOG  [CameraGameFeel] FOV punch: player damage (-2.0°)
[  8856   43.428 x1.00] LOG  [OniBoss:Wave] wave TOUCHED Yoru (grounded) for 8 after 0.1m / 0.00s of travel.
[  8861   43.449 x1.00] LOG  [HitReactTrace] asked for 'HitReact_Light_2Leg' (0.50s, clip start 0.35s): playing it, blend resolved after 21 ms, state 1.21s long at speed 1.00, now at 0.37s, layer weight 1.00, animator.speed 1.00.
[  8964   43.904 x1.00] LOG  [OniBoss] Attack → Recovery
[  8964   43.904 x1.00] LOG  [OniBoss] Playing animation: Watch
[  8964   43.904 x1.00] LOG  [OniBoss:Trail] trail END at clip 0.99, fading over 0.40s.
[  8964   43.904 x1.00] LOG  [OniBoss:Strike] Club_Swing: club tip closest to Yoru at 0.49m, clip position 0.91 | damage fires at 0.42 | clip 0.84s => damage fires 413 ms BEFORE the club is closest
[  8980   43.981 x1.00] LOG  [Combat] Combo 3: 35 dmg
[  8980   43.981 x1.00] LOG  [ComboTrace] START step=3 state='Combo3' queued=0 target='OniBoss' at 2.0m
[  8980   43.981 x1.00] LOG  [ComboTrace] LAUNCH OniBoss at 0.8m dist=0.79m in 0.13s
[  8980   43.981 x1.00] LOG  [YoruVFX] Ground hazard: 'VFX_Void_Area_GroundSpinYORU' laid at GroundVFX ((484.03, 0.64, 403.99)), floor tilt 8.3 deg, 17 delays shifted by 2.00s, own lifetime 8.98s
[  8980   43.981 x1.00] LOG  [Combat] Hazard zone tick: OniBoss for 25
[  8980   43.981 x1.00] LOG  [Combat] Hazard zone laid: 8.98s, 25 dmg every 0.50s in 2.00m
[  8994   44.042 x1.00] LOG  OniBoss took 38 damage. HP: 2230/2500
[  8994   44.042 x1.00] LOG  [OniBoss] Recovery → Stagger
[  8994   44.042 x1.00] LOG  [OniBoss] Playing animation: Stagger
[  8994   44.042 x1.00] LOG  [OniBoss] STAGGERED for 2.5s
[  8994   44.042 x1.00] LOG  [OniBoss:Layer] heavy knock-back react (38 dmg) → 'HitReact_Heavy', down for 1.80s
[  8994   44.042 x1.00] LOG  [OniReactTrace] #3 HEAVY (0 dmg) asked for 'HitReact_Heavy': crossfade 0.08s, animator speed 1.35, world x1.00
[  8994   44.042 x1.00] LOG  [Momentum] 2 -> 3 (hit), speed x1.15, damage x1.15, impact x1.15
[  8994   44.042 x1.00] LOG  [CameraGameFeel] Shake: intensity=0.06 duration=0.080s
[  8994   44.042 x1.00] LOG  [CameraGameFeel] Shake: intensity=0.58 duration=0.200s
[  8994   44.042 x1.00] LOG  [CameraGameFeel] FOV punch: hit light (+1.5°)
[  8995   44.047 x1.00] LOG  [OniReactTrace] #3 +0.01s state SOMETHING ELSE, clip on his bones '?' weight 0.00, blending INTO 'HitReact_Heavy', layer weight 1.00, animator speed 0.00, world x1.00, engine Stagger
[  9010   44.116 x1.00] LOG  [ComboTrace] LAUNCH RESULT wanted=0.79m actually moved=0.17m, completed
[  9016   44.145 x1.00] LOG  [OniReactTrace] #3 +0.10s state 'HitReact_Heavy' at 5 % of its 1.11s, clip on his bones 'Take 001' weight 1.00, layer weight 1.00, animator speed 1.35, world x1.00, engine Stagger
[  9023   44.184 x1.00] LOG  [ComboTrace] CLICK IGNORED (step=3 queued=0)
[  9046   44.296 x1.00] LOG  [OniReactTrace] #3 +0.25s state 'HitReact_Heavy' at 18 % of its 1.11s, clip on his bones 'Take 001' weight 1.00, layer weight 1.00, animator speed 1.35, world x1.00, engine Stagger
[  9060   44.385 x1.00] LOG  [ComboTrace] CLICK IGNORED (step=3 queued=0)
[  9079   44.484 x1.00] LOG  [Combat] Hazard zone tick: OniBoss for 25
[  9081   44.494 x1.00] LOG  [OniReactTrace] #3 +0.45s state 'HitReact_Heavy' at 36 % of its 1.11s, clip on his bones 'Take 001' weight 1.00, layer weight 1.00, animator speed 1.35, world x1.00, engine Stagger
[  9106   44.607 x1.00] LOG  [ComboTrace] CLICK IGNORED (step=3 queued=0)
[  9135   44.746 x1.00] LOG  [OniReactTrace] #3 +0.70s state 'HitReact_Heavy' at 59 % of its 1.11s, clip on his bones 'Take 001' weight 1.00, layer weight 1.00, animator speed 1.35, world x1.00, engine Stagger
[  9143   44.791 x1.00] LOG  [ComboTrace] END step=3 clipProgress=0.95 clipLen=0.79s queued=0 elapsed=0.81s
[  9155   44.848 x1.00] LOG  [ComboTrace] CLICK DROPPED by attackCooldown (0.10s, 0.06s since last attack) step=3
[  9188   44.991 x1.00] LOG  [Combat] Hazard zone tick: OniBoss for 25
[  9189   44.995 x1.00] LOG  [OniReactTrace] #3 +0.95s state 'HitReact_Heavy' at 81 % of its 1.11s, clip on his bones 'Take 001' weight 1.00, layer weight 1.00, animator speed 1.35, world x1.00, engine Stagger
[  9189   44.995 x1.00] LOG  [OniReactTrace] #3 HEAVY verdict: played to 81 % of the clip, so the reaction IS on screen and what is missing is movement inside the clip itself
[  9212   45.085 x1.00] LOG  [Combat] Combo 1: 10 dmg
[  9212   45.085 x1.00] LOG  [ComboTrace] START step=1 state='Combo1' queued=0 target='OniBoss' at 2.7m
[  9212   45.085 x1.00] LOG  [ComboTrace] LAUNCH OniBoss at 1.4m dist=1.43m in 0.14s
[  9243   45.228 x1.00] LOG  [ComboTrace] LAUNCH RESULT wanted=1.43m actually moved=0.73m, completed
[  9258   45.295 x1.00] LOG  [Combat] Queued click #1 (combo 1)
[  9258   45.295 x1.00] LOG  [ComboTrace] QUEUED #1 during step 1
[  9304   45.491 x1.00] LOG  [Combat] Hazard zone tick: OniBoss for 25
[  9305   45.495 x1.00] LOG  [Combat] Queued click #2 (combo 1)
[  9305   45.495 x1.00] LOG  [ComboTrace] QUEUED #2 during step 1
[  9305   45.495 x1.00] LOG  OniBoss punish window! 12 → 18 (x1.5)
[  9305   45.495 x1.00] LOG  OniBoss took 18 damage. HP: 2137/2500
[  9305   45.495 x1.00] LOG  [Momentum] 3 -> 4 (hit), speed x1.20, damage x1.20, impact x1.20
[  9305   45.495 x1.00] LOG  [CameraGameFeel] Shake: intensity=0.06 duration=0.080s
[  9305   45.495 x1.00] LOG  [Combat] Hit OniBoss for 12
[  9305   45.495 x1.00] LOG  [CameraGameFeel] Shake: intensity=0.60 duration=0.200s
[  9305   45.495 x1.00] LOG  [CameraGameFeel] FOV punch: hit light (+1.5°)
[  9338   45.648 x1.00] LOG  🐾 VFX_AttackPaw triggered!
[  9342   45.668 x1.00] LOG  [ComboTrace] CLICK IGNORED (step=1 queued=2)
[  9357   45.744 x1.00] LOG  [Combat] Combo 2: 20 dmg
[  9357   45.744 x1.00] LOG  [ComboTrace] START step=2 state='Combo2' queued=1 target='OniBoss' at 2.9m
[  9357   45.744 x1.00] LOG  [ComboTrace] LAUNCH OniBoss at 1.6m dist=1.58m in 0.16s
[  9380   45.846 x1.00] LOG  [OniBoss] Stagger → Chase
[  9381   45.851 x1.00] LOG  [OniBoss] Playing animation: Watch
[  9381   45.851 x1.00] LOG  [OniBoss] Combo started: swing1-2 (2 steps remaining)
[  9381   45.851 x1.00] LOG  [OniBoss] Chase → Attack
[  9381   45.851 x1.00] LOG  [OniBoss] Attack: Club_Swing (16 dmg)
[  9381   45.851 x1.00] LOG  [OniBoss:Trail] Club_Swing trail START at clip 1.00 (transition done).
[  9388   45.882 x1.00] LOG  [Combat] Queued click #2 (combo 2)
[  9388   45.882 x1.00] LOG  [ComboTrace] QUEUED #2 during step 2
[  9393   45.911 x1.00] LOG  [ComboTrace] LAUNCH RESULT wanted=1.58m actually moved=0.90m, completed
[  9435   46.092 x1.00] LOG  [ComboTrace] CLICK IGNORED (step=2 queued=2)
[  9461   46.212 x1.00] LOG  [OniBoss:ClubPos] Club_Swing at strike: club tip 3.02m up, 2.66m in front, -2.87m to his right (3.91m out from his centre). Club faces -79deg from his forward, pitch 0.40. (the ground wave is born 1.6m in front of him at 0.35m.)
[  9461   46.212 x1.00] LOG  [OniBoss:Layer] Club_Swing: club has not connected — ground wave released ARMED, 1.6m in front, 12m/s x 6.0m = 0.50s, carrying 8 (half of the club's 16).
[  9462   46.218 x1.00] LOG  [Peach] light hit 8 dmg: 1 bite. 9/16 bites = 2.25 of 4 peaches
[  9462   46.218 x1.00] LOG  [Momentum] 4 -> 2 (light hit taken, 50% = -2), speed x1.10, damage x1.10, impact x1.10
[  9462   46.218 x1.00] LOG  [Combat] Combo memory: light hit, keeping step 2
[  9462   46.218 x1.00] LOG  [Combat] Hit react: HitReact_Light_2Leg (0.5s, clip starts at 0.35s)
[  9462   46.218 x1.00] LOG  [CameraGameFeel] Shake: intensity=0.30 duration=0.200s
[  9462   46.218 x1.00] LOG  [CameraGameFeel] FOV punch: player damage (-2.0°)
[  9462   46.218 x1.00] LOG  [OniBoss:Wave] wave TOUCHED Yoru (grounded) for 8 after 0.1m / 0.01s of travel.
[  9466   46.237 x1.00] LOG  [HitReactTrace] asked for 'HitReact_Light_2Leg' (0.50s, clip start 0.35s): playing it, blend resolved after 19 ms, state 1.21s long at speed 1.00, now at 0.36s, layer weight 1.00, animator.speed 1.00.
[  9557   46.687 x1.00] LOG  [OniBoss] Attack → Recovery
[  9557   46.687 x1.00] LOG  [OniBoss] Playing animation: Watch
[  9557   46.687 x1.00] LOG  [OniBoss:Trail] trail END at clip 0.99, fading over 0.40s.
[  9557   46.687 x1.00] LOG  [OniBoss:Strike] Club_Swing: club tip closest to Yoru at 0.51m, clip position 0.91 | damage fires at 0.42 | clip 0.84s => damage fires 414 ms BEFORE the club is closest
[  9586   46.837 x1.00] LOG  [OniBoss] Recovery → Attack
[  9586   46.837 x1.00] LOG  [OniBoss] Attack: ClubSwing2 (16 dmg)
[  9586   46.837 x1.00] LOG  [OniBoss:Trail] ClubSwing2 trail START at clip 1.00 (transition still blending).
[  9606   46.944 x1.00] LOG  [Combat] Combo 3: 35 dmg
[  9606   46.944 x1.00] LOG  [ComboTrace] START step=3 state='Combo3' queued=0 target='OniBoss' at 2.0m
[  9606   46.944 x1.00] LOG  [ComboTrace] LAUNCH OniBoss at 0.8m dist=0.78m in 0.13s
[  9606   46.944 x1.00] LOG  [YoruVFX] Ground hazard: 'VFX_Void_Area_GroundSpinYORU' laid at GroundVFX ((485.83, 0.56, 403.95)), floor tilt 8.0 deg, 17 delays shifted by 2.00s, own lifetime 8.98s
[  9606   46.944 x1.00] LOG  [Combat] Hazard zone tick: OniBoss for 25
[  9606   46.944 x1.00] LOG  [Combat] Hazard zone laid: 8.98s, 25 dmg every 0.50s in 2.00m
[  9617   47.005 x1.00] LOG  OniBoss took 38 damage. HP: 2074/2500
[  9617   47.005 x1.00] LOG  [OniBoss] Attack → Stagger
[  9617   47.005 x1.00] LOG  [OniBoss] Playing animation: Stagger
[  9617   47.005 x1.00] LOG  [OniBoss] STAGGERED for 2.5s
[  9617   47.005 x1.00] LOG  [OniBoss:Layer] heavy knock-back react (38 dmg) → 'HitReact_Heavy', down for 1.80s
[  9617   47.005 x1.00] LOG  [OniReactTrace] #4 HEAVY (0 dmg) asked for 'HitReact_Heavy': crossfade 0.08s, animator speed 1.35, world x1.00
[  9617   47.005 x1.00] LOG  [Momentum] 2 -> 3 (hit), speed x1.15, damage x1.15, impact x1.15
[  9617   47.005 x1.00] LOG  [CameraGameFeel] Shake: intensity=0.06 duration=0.080s
[  9617   47.005 x1.00] LOG  [CameraGameFeel] Shake: intensity=0.58 duration=0.200s
[  9617   47.005 x1.00] LOG  [CameraGameFeel] FOV punch: hit light (+1.5°)
[  9617   47.005 x1.00] LOG  [OniBoss:Strike] ClubSwing2: club tip closest to Yoru at 4.37m, clip position 0.09 | damage fires at 0.32 | clip 1.17s => damage fires 267 ms AFTER the club is closest — it lands once the club has passed her
[  9618   47.011 x1.00] LOG  [OniBoss:Trail] trail END at clip 0.14, fading over 0.40s.
[  9618   47.011 x1.00] LOG  [OniReactTrace] #4 +0.01s state SOMETHING ELSE, clip on his bones 'Take 001' weight 1.00, blending INTO 'HitReact_Heavy', layer weight 1.00, animator speed 0.00, world x1.00, engine Stagger
[  9631   47.074 x1.00] LOG  [ComboTrace] LAUNCH RESULT wanted=0.78m actually moved=0.17m, completed
[  9638   47.108 x1.00] LOG  [OniReactTrace] #4 +0.10s state 'HitReact_Heavy' at 5 % of its 1.11s, clip on his bones 'Take 001' weight 1.00, layer weight 1.00, animator speed 1.35, world x1.00, engine Stagger
[  9643   47.137 x1.00] LOG  [ComboTrace] CLICK IGNORED (step=3 queued=0)
[  9668   47.255 x1.00] LOG  [OniReactTrace] #4 +0.25s state 'HitReact_Heavy' at 18 % of its 1.11s, clip on his bones 'Take 001' weight 1.00, layer weight 1.00, animator speed 1.35, world x1.00, engine Stagger
[  9687   47.365 x1.00] LOG  [ComboTrace] CLICK IGNORED (step=3 queued=0)
[  9702   47.447 x1.00] LOG  [Combat] Hazard zone tick: OniBoss for 25
[  9704   47.458 x1.00] LOG  [OniReactTrace] #4 +0.45s state 'HitReact_Heavy' at 37 % of its 1.11s, clip on his bones 'Take 001' weight 1.00, layer weight 1.00, animator speed 1.35, world x1.00, engine Stagger
[  9726   47.569 x1.00] LOG  [ComboTrace] CLICK IGNORED (step=3 queued=0)
[  9755   47.710 x1.00] LOG  [OniReactTrace] #4 +0.71s state 'HitReact_Heavy' at 59 % of its 1.11s, clip on his bones 'Take 001' weight 1.00, layer weight 1.00, animator speed 1.35, world x1.00, engine Stagger
[  9762   47.755 x1.00] LOG  [ComboTrace] END step=3 clipProgress=0.96 clipLen=0.79s queued=0 elapsed=0.81s
[  9769   47.783 x1.00] LOG  [ComboTrace] CLICK DROPPED by attackCooldown (0.10s, 0.03s since last attack) step=3
[  9807   47.950 x1.00] LOG  [Combat] Hazard zone tick: OniBoss for 25
[  9809   47.958 x1.00] LOG  [OniReactTrace] #4 +0.95s state 'HitReact_Heavy' at 82 % of its 1.11s, clip on his bones 'Take 001' weight 1.00, layer weight 1.00, animator speed 1.35, world x1.00, engine Stagger
[  9809   47.958 x1.00] LOG  [OniReactTrace] #4 HEAVY verdict: played to 82 % of the clip, so the reaction IS on screen and what is missing is movement inside the clip itself
[  9825   48.028 x1.00] LOG  [Combat] Combo 1: 10 dmg
[  9825   48.028 x1.00] LOG  [ComboTrace] START step=1 state='Combo1' queued=0 target='OniBoss' at 2.7m
[  9825   48.028 x1.00] LOG  [ComboTrace] LAUNCH OniBoss at 1.4m dist=1.42m in 0.14s
[  9859   48.170 x1.00] LOG  [ComboTrace] LAUNCH RESULT wanted=1.42m actually moved=0.73m, completed
[  9873   48.235 x1.00] LOG  [Combat] Queued click #1 (combo 1)
[  9873   48.235 x1.00] LOG  [ComboTrace] QUEUED #1 during step 1
[  9919   48.435 x1.00] LOG  OniBoss punish window! 12 → 18 (x1.5)
[  9919   48.435 x1.00] LOG  OniBoss took 18 damage. HP: 2006/2500
[  9919   48.435 x1.00] LOG  [Momentum] 3 -> 4 (hit), speed x1.20, damage x1.20, impact x1.20
[  9919   48.435 x1.00] LOG  [CameraGameFeel] Shake: intensity=0.06 duration=0.080s
[  9919   48.435 x1.00] LOG  [Combat] Hit OniBoss for 12
[  9919   48.435 x1.00] LOG  [CameraGameFeel] Shake: intensity=0.60 duration=0.200s
[  9919   48.435 x1.00] LOG  [CameraGameFeel] FOV punch: hit light (+1.5°)
[  9923   48.452 x1.00] LOG  [Combat] Hazard zone tick: OniBoss for 25
[  9924   48.456 x1.00] LOG  [Combat] Queued click #2 (combo 1)
[  9924   48.456 x1.00] LOG  [ComboTrace] QUEUED #2 during step 1
[  9953   48.591 x1.00] LOG  🐾 VFX_AttackPaw triggered!
[  9974   48.687 x1.00] LOG  [Combat] Combo 2: 20 dmg
[  9974   48.687 x1.00] LOG  [ComboTrace] START step=2 state='Combo2' queued=1 target='OniBoss' at 2.9m
[  9974   48.687 x1.00] LOG  [ComboTrace] LAUNCH OniBoss at 1.6m dist=1.59m in 0.16s
[  9979   48.711 x1.00] LOG  [ComboTrace] CLICK DROPPED by attackCooldown (0.10s, 0.02s since last attack) step=2
[  9999   48.809 x1.00] LOG  [OniBoss] Stagger → Chase
[ 10000   48.812 x1.00] LOG  [OniBoss] Playing animation: Watch
[ 10000   48.812 x1.00] LOG  [OniBoss] Chase → Attack
[ 10000   48.812 x1.00] LOG  [OniBoss] Attack: Club_Swing (16 dmg)
[ 10000   48.812 x1.00] LOG  [OniBoss:Trail] Club_Swing trail START at clip 1.00 (transition done).
[ 10009   48.849 x1.00] LOG  [ComboTrace] LAUNCH RESULT wanted=1.59m actually moved=0.90m, completed
[ 10025   48.919 x1.00] LOG  [Combat] Queued click #2 (combo 2)
[ 10025   48.919 x1.00] LOG  [ComboTrace] QUEUED #2 during step 2
[ 10071   49.131 x1.00] LOG  [ComboTrace] CLICK IGNORED (step=2 queued=2)
[ 10081   49.172 x1.00] LOG  [OniBoss:ClubPos] Club_Swing at strike: club tip 3.02m up, 2.46m in front, -2.98m to his right (3.86m out from his centre). Club faces -83deg from his forward, pitch 0.41. (the ground wave is born 1.6m in front of him at 0.35m.)
[ 10081   49.172 x1.00] LOG  [OniBoss:Layer] Club_Swing: club has not connected — ground wave released ARMED, 1.6m in front, 12m/s x 6.0m = 0.50s, carrying 8 (half of the club's 16).
[ 10082   49.177 x1.00] LOG  [Peach] light hit 8 dmg: 1 bite. 8/16 bites = 2 of 4 peaches
[ 10082   49.177 x1.00] LOG  [Momentum] 4 -> 2 (light hit taken, 50% = -2), speed x1.10, damage x1.10, impact x1.10
[ 10082   49.177 x1.00] LOG  [Combat] Combo memory: light hit, keeping step 2
[ 10082   49.177 x1.00] LOG  [Combat] Hit react: HitReact_Light_2Leg (0.5s, clip starts at 0.35s)
[ 10082   49.177 x1.00] LOG  [CameraGameFeel] Shake: intensity=0.30 duration=0.200s
[ 10082   49.177 x1.00] LOG  [CameraGameFeel] FOV punch: player damage (-2.0°)
[ 10082   49.177 x1.00] LOG  [OniBoss:Wave] wave TOUCHED Yoru (grounded) for 8 after 0.1m / 0.00s of travel.
[ 10087   49.199 x1.00] LOG  [HitReactTrace] asked for 'HitReact_Light_2Leg' (0.50s, clip start 0.35s): playing it, blend resolved after 22 ms, state 1.21s long at speed 1.00, now at 0.37s, layer weight 1.00, animator.speed 1.00.
[ 10175   49.648 x1.00] LOG  [OniBoss] Attack → Recovery
[ 10175   49.648 x1.00] LOG  [OniBoss] Playing animation: Watch
[ 10175   49.648 x1.00] LOG  [OniBoss:Trail] trail END at clip 0.99, fading over 0.40s.
[ 10175   49.648 x1.00] LOG  [OniBoss:Strike] Club_Swing: club tip closest to Yoru at 0.48m, clip position 0.91 | damage fires at 0.42 | clip 0.84s => damage fires 410 ms BEFORE the club is closest
[ 10202   49.798 x1.00] LOG  [OniBoss] Recovery → Chase
[ 10203   49.804 x1.00] LOG  [OniBoss] hold-ground: BACKSTEP 1.5m (player 2.0m)
[ 10212   49.850 x1.00] LOG  [Combat] Combo 3: 35 dmg
[ 10212   49.850 x1.00] LOG  [ComboTrace] START step=3 state='Combo3' queued=0 target='OniBoss' at 2.1m
[ 10212   49.850 x1.00] LOG  [ComboTrace] LAUNCH OniBoss at 0.9m dist=0.86m in 0.13s
[ 10212   49.850 x1.00] LOG  [YoruVFX] Ground hazard: 'VFX_Void_Area_GroundSpinYORU' laid at GroundVFX ((487.68, 0.43, 403.90)), floor tilt 4.3 deg, 17 delays shifted by 2.00s, own lifetime 8.98s
[ 10212   49.850 x1.00] LOG  [Combat] Hazard zone tick: OniBoss for 25
[ 10212   49.850 x1.00] LOG  [Combat] Hazard zone laid: 8.98s, 25 dmg every 0.50s in 2.00m
[ 10221   49.915 x1.00] LOG  OniBoss took 38 damage. HP: 1918/2500
[ 10221   49.915 x1.00] LOG  [OniBoss] Chase → Stagger
[ 10221   49.915 x1.00] LOG  [OniBoss] Playing animation: Stagger
[ 10221   49.915 x1.00] LOG  [OniBoss] STAGGERED for 2.5s
[ 10221   49.915 x1.00] LOG  [OniBoss:Layer] heavy knock-back react (38 dmg) → 'HitReact_Heavy', down for 1.80s
[ 10221   49.915 x1.00] LOG  [OniReactTrace] #5 HEAVY (0 dmg) asked for 'HitReact_Heavy': crossfade 0.08s, animator speed 1.35, world x1.00
[ 10221   49.915 x1.00] LOG  [Momentum] 2 -> 3 (hit), speed x1.15, damage x1.15, impact x1.15
[ 10221   49.915 x1.00] LOG  [CameraGameFeel] Shake: intensity=0.06 duration=0.080s
[ 10221   49.915 x1.00] LOG  [CameraGameFeel] Shake: intensity=0.58 duration=0.200s
[ 10221   49.915 x1.00] LOG  [CameraGameFeel] FOV punch: hit light (+1.5°)
[ 10222   49.921 x1.00] LOG  [OniReactTrace] #5 +0.01s state SOMETHING ELSE, clip on his bones 'Take 001' weight 1.00, blending INTO 'HitReact_Heavy', layer weight 1.00, animator speed 0.00, world x1.00, engine Stagger
[ 10235   49.985 x1.00] LOG  [ComboTrace] LAUNCH RESULT wanted=0.86m actually moved=0.29m, completed
[ 10241   50.016 x1.00] LOG  [OniReactTrace] #5 +0.10s state 'HitReact_Heavy' at 5 % of its 1.11s, clip on his bones 'Take 001' weight 1.00, layer weight 1.00, animator speed 1.35, world x1.00, engine Stagger
[ 10254   50.095 x1.00] LOG  [ComboTrace] CLICK IGNORED (step=3 queued=0)
[ 10268   50.165 x1.00] LOG  [OniReactTrace] #5 +0.25s state 'HitReact_Heavy' at 18 % of its 1.11s, clip on his bones 'Take 001' weight 1.00, layer weight 1.00, animator speed 1.35, world x1.00, engine Stagger
[ 10301   50.349 x1.00] LOG  [ComboTrace] CLICK IGNORED (step=3 queued=0)
[ 10302   50.358 x1.00] LOG  [Combat] Hazard zone tick: OniBoss for 25
[ 10304   50.365 x1.00] LOG  [OniReactTrace] #5 +0.45s state 'HitReact_Heavy' at 36 % of its 1.11s, clip on his bones 'Take 001' weight 1.00, layer weight 1.00, animator speed 1.35, world x1.00, engine Stagger
[ 10350   50.581 x1.00] LOG  [ComboTrace] CLICK IGNORED (step=3 queued=0)
[ 10357   50.616 x1.00] LOG  [OniReactTrace] #5 +0.70s state 'HitReact_Heavy' at 59 % of its 1.11s, clip on his bones 'Take 001' weight 1.00, layer weight 1.00, animator speed 1.35, world x1.00, engine Stagger
[ 10364   50.659 x1.00] LOG  [ComboTrace] END step=3 clipProgress=0.95 clipLen=0.79s queued=0 elapsed=0.81s
[ 10403   50.828 x1.00] LOG  [Combat] Combo 1: 10 dmg
[ 10403   50.828 x1.00] LOG  [ComboTrace] START step=1 state='Combo1' queued=0 target='OniBoss' at 2.8m
[ 10403   50.828 x1.00] LOG  [ComboTrace] LAUNCH OniBoss at 1.5m dist=1.50m in 0.15s
[ 10411   50.861 x1.00] LOG  [Combat] Hazard zone tick: OniBoss for 25
[ 10412   50.867 x1.00] LOG  [OniReactTrace] #5 +0.95s state 'HitReact_Heavy' at 81 % of its 1.11s, clip on his bones 'Take 001' weight 1.00, layer weight 1.00, animator speed 1.35, world x1.00, engine Stagger
[ 10412   50.867 x1.00] LOG  [OniReactTrace] #5 HEAVY verdict: played to 81 % of the clip, so the reaction IS on screen and what is missing is movement inside the clip itself
[ 10437   50.980 x1.00] LOG  [ComboTrace] LAUNCH RESULT wanted=1.50m actually moved=0.79m, completed
[ 10459   51.076 x1.00] LOG  [Combat] Queued click #1 (combo 1)
[ 10459   51.076 x1.00] LOG  [ComboTrace] QUEUED #1 during step 1
[ 10496   51.236 x1.00] LOG  OniBoss punish window! 12 → 18 (x1.5)
[ 10496   51.236 x1.00] LOG  OniBoss took 18 damage. HP: 1850/2500
[ 10496   51.236 x1.00] LOG  [Momentum] 3 -> 4 (hit), speed x1.20, damage x1.20, impact x1.20
[ 10496   51.236 x1.00] LOG  [CameraGameFeel] Shake: intensity=0.06 duration=0.080s
[ 10496   51.236 x1.00] LOG  [Combat] Hit OniBoss for 12
[ 10496   51.236 x1.00] LOG  [CameraGameFeel] Shake: intensity=0.60 duration=0.200s
[ 10496   51.236 x1.00] LOG  [CameraGameFeel] FOV punch: hit light (+1.5°)
[ 10511   51.308 x1.00] LOG  [Combat] Queued click #2 (combo 1)
[ 10511   51.308 x1.00] LOG  [ComboTrace] QUEUED #2 during step 1
[ 10528   51.390 x1.00] LOG  🐾 VFX_AttackPaw triggered!
[ 10546   51.483 x1.00] LOG  [Combat] Combo 2: 20 dmg
[ 10546   51.483 x1.00] LOG  [ComboTrace] START step=2 state='Combo2' queued=1 target='OniBoss' at 2.9m
[ 10546   51.483 x1.00] LOG  [ComboTrace] LAUNCH OniBoss at 1.6m dist=1.61m in 0.16s
[ 10559   51.539 x1.00] LOG  [ComboTrace] CLICK DROPPED by attackCooldown (0.10s, 0.06s since last attack) step=2
[ 10582   51.644 x1.00] LOG  [ComboTrace] LAUNCH RESULT wanted=1.61m actually moved=0.90m, completed
[ 10597   51.720 x1.00] LOG  [OniBoss] Stagger → Chase
[ 10598   51.724 x1.00] LOG  [OniBoss] Playing animation: Watch
[ 10598   51.724 x1.00] LOG  [OniBoss] Combo started: swing1-2 (2 steps remaining)
[ 10598   51.724 x1.00] LOG  [OniBoss] Chase → Attack
[ 10598   51.724 x1.00] LOG  [OniBoss] Attack: Club_Swing (16 dmg)
[ 10598   51.724 x1.00] LOG  [OniBoss:Trail] Club_Swing trail START at clip 1.00 (transition done).
[ 10614   51.790 x1.00] LOG  [Combat] Queued click #2 (combo 2)
[ 10614   51.790 x1.00] LOG  [ComboTrace] QUEUED #2 during step 2
[ 10660   52.006 x1.00] LOG  🐾🐾 VFX_TowPaw triggered!
[ 10663   52.019 x1.00] LOG  OniBoss took 24 damage. HP: 1826/2500
[ 10663   52.019 x1.00] LOG  [OniBoss] 🤕 Hit during Attack — flash only
[ 10663   52.019 x1.00] LOG  [OniBoss] Attack → Stagger
[ 10663   52.019 x1.00] LOG  [OniBoss] Playing animation: Stagger
[ 10663   52.019 x1.00] LOG  [OniBoss] STAGGERED for 2.5s
[ 10663   52.019 x1.00] LOG  [OniBoss:Layer] heavy knock-back react (swirl burst, 2 hits / 42 dmg) → 'HitReact_Heavy', down for 1.80s
[ 10663   52.019 x1.00] LOG  [OniReactTrace] #6 HEAVY (0 dmg) asked for 'HitReact_Heavy': crossfade 0.08s, animator speed 1.35, world x1.00
[ 10663   52.019 x1.00] LOG  [OniBoss:Layer] burst: 2 hits / 42 dmg inside 0.8s → knock-back + 0.90m push
[ 10663   52.019 x1.00] LOG  [Momentum] 4 -> 5 (hit), speed x1.25, damage x1.25, impact x1.25
[ 10663   52.019 x1.00] LOG  [CameraGameFeel] Shake: intensity=0.14 duration=0.080s
[ 10663   52.019 x1.00] LOG  [Combat] Hit OniBoss for 24
[ 10663   52.019 x1.00] LOG  [CameraGameFeel] Shake: intensity=0.63 duration=0.200s
[ 10663   52.019 x1.00] LOG  [CameraGameFeel] FOV punch: hit light (+1.5°)
[ 10663   52.019 x1.00] LOG  [OniBoss:Touch] Club_Swing: no touch this swing, closest 1.96m at clip 0.35 (head 0.06 along the club), fastest tip 158m/s (radius 0.70, min speed 50, max tip height 2.5m).
[ 10663   52.019 x1.00] LOG  [OniBoss:Strike] Club_Swing: club tip closest to Yoru at 6.71m, clip position 0.35 | damage fires at 0.42 | clip 0.84s => damage fires 61 ms AFTER the club is closest — it lands once the club has passed her
[ 10664   52.025 x1.00] LOG  [OniBoss:Trail] trail END at clip 0.35, fading over 0.40s.
[ 10664   52.025 x1.00] LOG  [OniReactTrace] #6 +0.01s state SOMETHING ELSE, clip on his bones 'Take 001' weight 1.00, layer weight 1.00, animator speed 0.00, world x1.00, engine Stagger
[ 10669   52.050 x1.00] LOG  [ComboTrace] CLICK IGNORED (step=2 queued=2)
[ 10684   52.122 x1.00] LOG  [OniReactTrace] #6 +0.10s state 'HitReact_Heavy' at 4 % of its 1.11s, clip on his bones 'Take 001' weight 1.00, layer weight 1.00, animator speed 1.35, world x1.00, engine Stagger
[ 10716   52.270 x1.00] LOG  [OniReactTrace] #6 +0.25s state 'HitReact_Heavy' at 18 % of its 1.11s, clip on his bones 'Take 001' weight 1.00, layer weight 1.00, animator speed 1.35, world x1.00, engine Stagger
[ 10719   52.287 x1.00] LOG  [ComboTrace] CLICK IGNORED (step=2 queued=2)
[ 10738   52.366 x1.00] LOG  🐾🐾 VFX_TowPaw triggered!
[ 10744   52.391 x1.00] LOG  [Combat] Combo 3: 35 dmg
[ 10744   52.391 x1.00] LOG  [ComboTrace] START step=3 state='Combo3' queued=1 target='OniBoss' at 2.9m
[ 10744   52.391 x1.00] LOG  [ComboTrace] LAUNCH OniBoss at 1.6m dist=1.62m in 0.16s
[ 10744   52.391 x1.00] LOG  [YoruVFX] Ground hazard: 'VFX_Void_Area_GroundSpinYORU' laid at GroundVFX ((489.70, 0.27, 403.86)), floor tilt 5.7 deg, 17 delays shifted by 2.00s, own lifetime 8.98s
[ 10744   52.391 x1.00] LOG  [Combat] Hazard zone tick: OniBoss for 25
[ 10744   52.391 x1.00] LOG  [Combat] Hazard zone laid: 8.98s, 25 dmg every 0.50s in 2.00m
[ 10757   52.451 x1.00] LOG  OniBoss punish window! 44 → 66 (x1.5)
[ 10757   52.451 x1.00] LOG  OniBoss took 66 damage. HP: 1735/2500
[ 10757   52.451 x1.00] LOG  [Momentum] 5 -> 6 (hit), speed x1.30, damage x1.30, impact x1.30
[ 10757   52.451 x1.00] LOG  [CameraGameFeel] Shake: intensity=0.06 duration=0.080s
[ 10757   52.451 x1.00] LOG  [CameraGameFeel] Shake: intensity=0.65 duration=0.200s
[ 10757   52.451 x1.00] LOG  [CameraGameFeel] FOV punch: hit light (+1.5°)
[ 10760   52.474 x1.00] LOG  [OniReactTrace] #6 +0.45s state 'HitReact_Heavy' at 34 % of its Infinitys, clip on his bones 'Take 001' weight 1.00, layer weight 1.00, animator speed 0.00, world x1.00, engine Stagger
[ 10777   52.553 x1.00] LOG  [ComboTrace] CLICK IGNORED (step=3 queued=1)
[ 10778   52.558 x1.00] LOG  [ComboTrace] LAUNCH RESULT wanted=1.62m actually moved=1.34m, completed
[ 10807   52.726 x1.00] LOG  [OniReactTrace] #6 +0.71s state 'HitReact_Heavy' at 53 % of its 1.11s, clip on his bones 'Take 001' weight 1.00, layer weight 1.00, animator speed 1.35, world x1.00, engine Stagger
[ 10820   52.810 x1.00] LOG  [ComboTrace] CLICK IGNORED (step=3 queued=1)
[ 10850   52.970 x1.00] LOG  [OniReactTrace] #6 +0.95s state 'HitReact_Heavy' at 76 % of its 1.11s, clip on his bones 'Take 001' weight 1.00, layer weight 1.00, animator speed 1.35, world x1.00, engine Stagger
[ 10850   52.970 x1.00] LOG  [OniReactTrace] #6 HEAVY verdict: played to 76 % of the clip, so the reaction IS on screen and what is missing is movement inside the clip itself
[ 10867   53.056 x1.00] LOG  [ComboTrace] CLICK IGNORED (step=3 queued=1)
[ 10897   53.215 x1.00] LOG  [ComboTrace] END step=3 clipProgress=0.95 clipLen=0.79s queued=0 elapsed=0.82s
[ 10919   53.326 x1.00] LOG  [Combat] Combo 1: 10 dmg
[ 10919   53.326 x1.00] LOG  [ComboTrace] START step=1 state='Combo1' queued=0 target='OniBoss' at 2.4m
[ 10919   53.326 x1.00] LOG  [ComboTrace] LAUNCH OniBoss at 1.2m dist=1.23m in 0.13s
[ 10944   53.459 x1.00] LOG  [ComboTrace] LAUNCH RESULT wanted=1.23m actually moved=0.46m, completed
[ 10970   53.596 x1.00] LOG  [Combat] Queued click #1 (combo 1)
[ 10970   53.596 x1.00] LOG  [ComboTrace] QUEUED #1 during step 1
[ 10989   53.689 x1.00] LOG  OniBoss punish window! 13 → 20 (x1.5)
[ 10989   53.689 x1.00] LOG  OniBoss took 20 damage. HP: 1715/2500
[ 10989   53.689 x1.00] LOG  [Momentum] 6 -> 7 (hit), speed x1.35, damage x1.35, impact x1.35
[ 10989   53.689 x1.00] LOG  [CameraGameFeel] Shake: intensity=0.06 duration=0.080s
[ 10989   53.689 x1.00] LOG  [Combat] Hit OniBoss for 13
[ 10989   53.689 x1.00] LOG  [CameraGameFeel] Shake: intensity=0.68 duration=0.200s
[ 10989   53.689 x1.00] LOG  [CameraGameFeel] FOV punch: hit light (+1.5°)
[ 11016   53.825 x1.00] LOG  [OniBoss] Stagger → Chase
[ 11017   53.829 x1.00] LOG  [OniBoss] Playing animation: Watch
[ 11017   53.829 x1.00] LOG  [OniBoss] Chase → Attack
[ 11017   53.829 x1.00] LOG  [OniBoss] Attack: Club_Swing (16 dmg)
[ 11017   53.829 x1.00] LOG  [OniBoss:Trail] Club_Swing trail START at clip 1.00 (transition done).
[ 11018   53.837 x1.00] LOG  🐾 VFX_AttackPaw triggered!
[ 11028   53.878 x1.00] LOG  [Combat] Queued click #2 (combo 1)
[ 11028   53.878 x1.00] LOG  [ComboTrace] QUEUED #2 during step 1
[ 11036   53.918 x1.00] LOG  [Combat] Combo 2: 20 dmg
[ 11036   53.918 x1.00] LOG  [ComboTrace] START step=2 state='Combo2' queued=1 target='OniBoss' at 2.9m
[ 11036   53.918 x1.00] LOG  [ComboTrace] LAUNCH OniBoss at 1.6m dist=1.62m in 0.16s
[ 11070   54.085 x1.00] LOG  [ComboTrace] LAUNCH RESULT wanted=1.62m actually moved=0.90m, completed
[ 11082   54.150 x1.00] LOG  [Combat] Queued click #2 (combo 2)
[ 11082   54.150 x1.00] LOG  [ComboTrace] QUEUED #2 during step 2
[ 11090   54.189 x1.00] LOG  [OniBoss:ClubPos] Club_Swing at strike: club tip 3.02m up, 2.34m in front, -3.03m to his right (3.83m out from his centre). Club faces -86deg from his forward, pitch 0.41. (the ground wave is born 1.6m in front of him at 0.35m.)
[ 11090   54.189 x1.00] LOG  [OniBoss:Layer] Club_Swing: club has not connected — ground wave released ARMED, 1.6m in front, 12m/s x 6.0m = 0.50s, carrying 8 (half of the club's 16).
[ 11091   54.196 x1.00] LOG  [Peach] light hit 8 dmg: 1 bite. 7/16 bites = 1.75 of 4 peaches
[ 11091   54.196 x1.00] LOG  [Momentum] 7 -> 3 (light hit taken, 50% = -4), speed x1.15, damage x1.15, impact x1.15
[ 11091   54.196 x1.00] LOG  [Combat] Combo memory: light hit, keeping step 2
[ 11091   54.196 x1.00] LOG  [Combat] Hit react: HitReact_Light_2Leg (0.5s, clip starts at 0.35s)
[ 11091   54.196 x1.00] LOG  [CameraGameFeel] Shake: intensity=0.30 duration=0.200s
[ 11091   54.196 x1.00] LOG  [CameraGameFeel] FOV punch: player damage (-2.0°)
[ 11091   54.196 x1.00] LOG  [OniBoss:Wave] wave TOUCHED Yoru (grounded) for 8 after 0.1m / 0.01s of travel.
[ 11095   54.216 x1.00] LOG  [HitReactTrace] asked for 'HitReact_Light_2Leg' (0.50s, clip start 0.35s): playing it, blend resolved after 20 ms, state 1.21s long at speed 1.00, now at 0.36s, layer weight 1.00, animator.speed 1.00.
[ 11185   54.665 x1.00] LOG  [OniBoss] Attack → Recovery
[ 11185   54.665 x1.00] LOG  [OniBoss] Playing animation: Watch
[ 11185   54.665 x1.00] LOG  [OniBoss:Trail] trail END at clip 0.99, fading over 0.40s.
[ 11185   54.665 x1.00] LOG  [OniBoss:Strike] Club_Swing: club tip closest to Yoru at 0.50m, clip position 0.91 | damage fires at 0.42 | clip 0.84s => damage fires 408 ms BEFORE the club is closest
[ 11216   54.816 x1.00] LOG  [OniBoss] Recovery → Chase
[ 11217   54.820 x1.00] LOG  [OniBoss] hold-ground: BACKSTEP 1.5m (player 2.0m)
[ 11233   54.885 x1.00] LOG  [Combat] Combo 3: 35 dmg
[ 11233   54.885 x1.00] LOG  [ComboTrace] START step=3 state='Combo3' queued=0 target='OniBoss' at 2.1m
[ 11233   54.885 x1.00] LOG  [ComboTrace] LAUNCH OniBoss at 0.9m dist=0.93m in 0.13s
[ 11233   54.885 x1.00] LOG  [YoruVFX] Ground hazard: 'VFX_Void_Area_GroundSpinYORU' laid at GroundVFX ((492.38, 0.08, 403.79)), floor tilt 0.0 deg, 17 delays shifted by 2.00s, own lifetime 8.98s
[ 11233   54.885 x1.00] LOG  [Combat] Hazard zone tick: OniBoss for 25
[ 11233   54.885 x1.00] LOG  [Combat] Hazard zone laid: 8.98s, 25 dmg every 0.50s in 2.00m
[ 11246   54.952 x1.00] LOG  OniBoss took 40 damage. HP: 1650/2500
[ 11246   54.952 x1.00] LOG  [OniBoss] Chase → Stagger
[ 11246   54.952 x1.00] LOG  [OniBoss] Playing animation: Stagger
[ 11246   54.952 x1.00] LOG  [OniBoss] STAGGERED for 2.5s
[ 11246   54.952 x1.00] LOG  [OniBoss:Layer] heavy knock-back react (40 dmg) → 'HitReact_Heavy', down for 1.80s
[ 11246   54.952 x1.00] LOG  [OniReactTrace] #7 HEAVY (0 dmg) asked for 'HitReact_Heavy': crossfade 0.08s, animator speed 1.35, world x1.00
[ 11246   54.952 x1.00] LOG  [Momentum] 3 -> 4 (hit), speed x1.20, damage x1.20, impact x1.20
[ 11246   54.952 x1.00] LOG  [CameraGameFeel] Shake: intensity=0.06 duration=0.080s
[ 11246   54.952 x1.00] LOG  [CameraGameFeel] Shake: intensity=0.60 duration=0.200s
[ 11246   54.952 x1.00] LOG  [CameraGameFeel] FOV punch: hit light (+1.5°)
[ 11247   54.958 x1.00] LOG  [OniReactTrace] #7 +0.01s state SOMETHING ELSE, clip on his bones 'Take 001' weight 1.00, blending INTO 'HitReact_Heavy', layer weight 1.00, animator speed 0.00, world x1.00, engine Stagger
[ 11261   55.020 x1.00] LOG  [ComboTrace] LAUNCH RESULT wanted=0.93m actually moved=0.31m, completed
[ 11266   55.054 x1.00] LOG  [OniReactTrace] #7 +0.10s state 'HitReact_Heavy' at 4 % of its 1.11s, clip on his bones 'Take 001' weight 1.00, layer weight 1.00, animator speed 1.35, world x1.00, engine Stagger
[ 11272   55.089 x1.00] LOG  [ComboTrace] CLICK IGNORED (step=3 queued=0)
[ 11293   55.204 x1.00] LOG  [OniReactTrace] #7 +0.25s state 'HitReact_Heavy' at 18 % of its 1.11s, clip on his bones 'Take 001' weight 1.00, layer weight 1.00, animator speed 1.35, world x1.00, engine Stagger
[ 11313   55.316 x1.00] LOG  [ComboTrace] CLICK IGNORED (step=3 queued=0)
[ 11325   55.385 x1.00] LOG  [Combat] Hazard zone tick: OniBoss for 25
[ 11329   55.406 x1.00] LOG  [OniReactTrace] #7 +0.45s state 'HitReact_Heavy' at 36 % of its 1.11s, clip on his bones 'Take 001' weight 1.00, layer weight 1.00, animator speed 1.35, world x1.00, engine Stagger
[ 11354   55.541 x1.00] LOG  [ComboTrace] CLICK IGNORED (step=3 queued=0)
[ 11376   55.658 x1.00] LOG  [OniReactTrace] #7 +0.71s state 'HitReact_Heavy' at 59 % of its 1.11s, clip on his bones 'Take 001' weight 1.00, layer weight 1.00, animator speed 1.35, world x1.00, engine Stagger
[ 11384   55.700 x1.00] LOG  [ComboTrace] END step=3 clipProgress=0.96 clipLen=0.79s queued=0 elapsed=0.81s
[ 11401   55.790 x1.00] LOG  [ComboTrace] CLICK DROPPED by attackCooldown (0.10s, 0.09s since last attack) step=3
[ 11414   55.899 x1.00] LOG  [Combat] Hazard zone tick: OniBoss for 25
[ 11415   55.907 x1.00] LOG  [OniReactTrace] #7 +0.96s state 'HitReact_Heavy' at 81 % of its 1.11s, clip on his bones 'Take 001' weight 1.00, layer weight 1.00, animator speed 1.35, world x1.00, engine Stagger
[ 11415   55.907 x1.00] LOG  [OniReactTrace] #7 HEAVY verdict: played to 81 % of the clip, so the reaction IS on screen and what is missing is movement inside the clip itself
[ 11449   56.050 x1.00] LOG  [Combat] Combo 1: 10 dmg
[ 11449   56.050 x1.00] LOG  [ComboTrace] START step=1 state='Combo1' queued=0 target='OniBoss' at 2.8m
[ 11449   56.050 x1.00] LOG  [ComboTrace] LAUNCH OniBoss at 1.5m dist=1.53m in 0.15s
[ 11484   56.204 x1.00] LOG  [ComboTrace] LAUNCH RESULT wanted=1.53m actually moved=0.80m, completed
[ 11502   56.289 x1.00] LOG  [Combat] Queued click #1 (combo 1)
[ 11502   56.289 x1.00] LOG  [ComboTrace] QUEUED #1 during step 1
[ 11528   56.400 x1.00] LOG  [Combat] Hazard zone tick: OniBoss for 25
[ 11535   56.446 x1.00] LOG  OniBoss punish window! 12 → 18 (x1.5)
[ 11535   56.446 x1.00] LOG  OniBoss took 18 damage. HP: 1557/2500
[ 11535   56.446 x1.00] LOG  [Momentum] 4 -> 5 (hit), speed x1.25, damage x1.25, impact x1.25
[ 11535   56.446 x1.00] LOG  [CameraGameFeel] Shake: intensity=0.14 duration=0.080s
[ 11535   56.446 x1.00] LOG  [Combat] Hit OniBoss for 12
[ 11535   56.446 x1.00] LOG  [CameraGameFeel] Shake: intensity=0.63 duration=0.200s
[ 11535   56.446 x1.00] LOG  [CameraGameFeel] FOV punch: hit light (+1.5°)
[ 11553   56.536 x1.00] LOG  [Combat] Queued click #2 (combo 1)
[ 11553   56.536 x1.00] LOG  [ComboTrace] QUEUED #2 during step 1
[ 11563   56.596 x1.00] LOG  🐾 VFX_AttackPaw triggered!
[ 11581   56.686 x1.00] LOG  [Combat] Combo 2: 20 dmg
[ 11581   56.686 x1.00] LOG  [ComboTrace] START step=2 state='Combo2' queued=1 target='OniBoss' at 2.9m
[ 11581   56.686 x1.00] LOG  [ComboTrace] LAUNCH OniBoss at 1.6m dist=1.62m in 0.16s
[ 11594   56.756 x1.00] LOG  [OniBoss] Stagger → Chase
[ 11595   56.760 x1.00] LOG  [OniBoss] Playing animation: Idle
[ 11595   56.760 x1.00] LOG  [OniBoss] Combo started: ClubSwing1 → ClubSwing2 → ClubSlam (3 steps remaining)
[ 11595   56.760 x1.00] LOG  [OniBoss] Chase → Attack
[ 11595   56.760 x1.00] LOG  [OniBoss] Attack: Club_Swing (16 dmg)
[ 11595   56.760 x1.00] LOG  [OniBoss:Trail] Club_Swing trail START at clip 1.00 (transition done).
[ 11598   56.776 x1.00] LOG  [ComboTrace] CLICK DROPPED by attackCooldown (0.10s, 0.09s since last attack) step=2
[ 11613   56.849 x1.00] LOG  [ComboTrace] LAUNCH RESULT wanted=1.62m actually moved=0.90m, completed
[ 11651   57.012 x1.00] LOG  [Combat] Queued click #2 (combo 2)
[ 11651   57.012 x1.00] LOG  [ComboTrace] QUEUED #2 during step 2
[ 11676   57.123 x1.00] LOG  [OniBoss:ClubPos] Club_Swing at strike: club tip 3.02m up, 2.39m in front, -3.01m to his right (3.85m out from his centre). Club faces -85deg from his forward, pitch 0.41. (the ground wave is born 1.6m in front of him at 0.35m.)
[ 11676   57.123 x1.00] LOG  [OniBoss:Layer] Club_Swing: club has not connected — ground wave released ARMED, 1.6m in front, 12m/s x 6.0m = 0.50s, carrying 8 (half of the club's 16).
[ 11677   57.128 x1.00] LOG  [Peach] light hit 8 dmg: 1 bite. 6/16 bites = 1.5 of 4 peaches
[ 11677   57.128 x1.00] LOG  [Momentum] 5 -> 2 (light hit taken, 50% = -3), speed x1.10, damage x1.10, impact x1.10
[ 11677   57.128 x1.00] LOG  [Combat] Combo memory: light hit, keeping step 2
[ 11677   57.128 x1.00] LOG  [Combat] Hit react: HitReact_Light_2Leg (0.5s, clip starts at 0.35s)
[ 11677   57.128 x1.00] LOG  [CameraGameFeel] Shake: intensity=0.30 duration=0.200s
[ 11677   57.128 x1.00] LOG  [CameraGameFeel] FOV punch: player damage (-2.0°)
[ 11677   57.128 x1.00] LOG  [OniBoss:Wave] wave TOUCHED Yoru (grounded) for 8 after 0.1m / 0.01s of travel.
[ 11682   57.151 x1.00] LOG  [HitReactTrace] asked for 'HitReact_Light_2Leg' (0.50s, clip start 0.35s): playing it, blend resolved after 24 ms, state 1.21s long at speed 1.00, now at 0.37s, layer weight 1.00, animator.speed 1.00.
[ 11776   57.596 x1.00] LOG  [OniBoss] Attack → Recovery
[ 11776   57.596 x1.00] LOG  [OniBoss] Playing animation: Watch
[ 11776   57.596 x1.00] LOG  [OniBoss:Trail] trail END at clip 0.99, fading over 0.40s.
[ 11776   57.596 x1.00] LOG  [OniBoss:Strike] Club_Swing: club tip closest to Yoru at 0.49m, clip position 0.91 | damage fires at 0.42 | clip 0.84s => damage fires 410 ms BEFORE the club is closest
[ 11805   57.749 x1.00] LOG  [OniBoss] Recovery → Attack
[ 11805   57.749 x1.00] LOG  [OniBoss] Attack: ClubSwing2 (16 dmg)
[ 11805   57.749 x1.00] LOG  [OniBoss:Trail] ClubSwing2 trail START at clip 1.00 (transition still blending).
[ 11810   57.780 x1.00] LOG  [Combat] Combo 3: 35 dmg
[ 11810   57.780 x1.00] LOG  [ComboTrace] START step=3 state='Combo3' queued=0 target='OniBoss' at 2.0m
[ 11810   57.780 x1.00] LOG  [ComboTrace] LAUNCH OniBoss at 0.8m dist=0.84m in 0.13s
[ 11810   57.780 x1.00] LOG  [YoruVFX] Ground hazard: 'VFX_Void_Area_GroundSpinYORU' laid at GroundVFX ((494.33, 0.05, 403.75)), floor tilt 0.0 deg, 17 delays shifted by 2.00s, own lifetime 8.98s
[ 11810   57.780 x1.00] LOG  [Combat] Hazard zone tick: OniBoss for 25
[ 11810   57.780 x1.00] LOG  [Combat] Hazard zone laid: 8.98s, 25 dmg every 0.50s in 2.00m
[ 11820   57.844 x1.00] LOG  OniBoss took 38 damage. HP: 1494/2500
[ 11820   57.844 x1.00] LOG  [OniBoss] Attack → Stagger
[ 11820   57.844 x1.00] LOG  [OniBoss] Playing animation: Stagger
[ 11820   57.844 x1.00] LOG  [OniBoss] STAGGERED for 2.5s
[ 11820   57.844 x1.00] LOG  [OniBoss:Layer] heavy knock-back react (38 dmg) → 'HitReact_Heavy', down for 1.80s
[ 11820   57.844 x1.00] LOG  [OniReactTrace] #8 HEAVY (0 dmg) asked for 'HitReact_Heavy': crossfade 0.08s, animator speed 1.35, world x1.00
[ 11820   57.844 x1.00] LOG  [Momentum] 2 -> 3 (hit), speed x1.15, damage x1.15, impact x1.15
[ 11820   57.844 x1.00] LOG  [CameraGameFeel] Shake: intensity=0.06 duration=0.080s
[ 11820   57.844 x1.00] LOG  [CameraGameFeel] Shake: intensity=0.58 duration=0.200s
[ 11820   57.844 x1.00] LOG  [CameraGameFeel] FOV punch: hit light (+1.5°)
[ 11821   57.849 x1.00] LOG  [OniBoss] ⚡ PHASE 2 ACTIVATED
[ 11821   57.849 x1.00] LOG  [OniBoss:Trail] trail END at clip 1.00, fading over 0.40s.
[ 11821   57.849 x1.00] LOG  [OniBoss:Layer] PHASE 2: health snapped 1494 → 1500 (the phase line, 60 %) for the phase-2 start.
[ 11821   57.849 x1.00] LOG  [OniBoss] STAGGERED (parry) for 3s
[ 11821   57.849 x0.45] LOG  [Combat] Combat reset
[ 11821   57.849 x0.45] LOG  [OniBoss:Cine] CINEMATIC ON — hard cut, bars in, world at x0.45, roar at x0.80 + 0.9s linger, rise at x0.45, beat frames 27-37/94 at x0.20, hang 2.0s, orbit roar 120° / rise 40° / drop 30°, lens 65° locked, fill 0.70, screen-y 0.40/0.33, apex at clip 0.40.
[ 11821   57.849 x0.45] LOG  [OniBoss:Layer] PHASE 2: transition 'Phase_Transition' driven at x0.60 + 0.6s hold — untouchable, roar at 0.60
[ 11821   57.849 x0.45] LOG  [BossBar] Hiding bar INSTANTLY (cinematic)
[ 11821   57.849 x0.45] LOG  [OniBoss:Layer] boss bar hidden (cinematic)
[ 11821   57.849 x0.45] LOG  [OniReactTrace] #8 +0.01s state SOMETHING ELSE, clip on his bones '?' weight 0.00, blending INTO 'HitReact_Heavy', layer weight 1.00, animator speed 0.00, world x0.45, engine Stagger
[ 11822   57.856 x0.45] LOG  [OniBoss:Layer] PHASE 2: clip is 2.42s — cinematic: scream ~1.81s in + 0.9s linger
[ 11843   57.950 x0.45] LOG  [OniReactTrace] #8 +0.11s state SOMETHING ELSE, clip on his bones 'Take 001' weight 1.00, layer weight 1.00, animator speed 1.35, world x0.45, engine Stagger
[ 11874   58.098 x0.45] LOG  [OniReactTrace] #8 +0.25s state SOMETHING ELSE, clip on his bones 'Take 001' weight 1.00, layer weight 1.00, animator speed 1.35, world x0.45, engine Stagger
[ 11915   58.297 x0.45] LOG  [OniReactTrace] #8 +0.45s state SOMETHING ELSE, clip on his bones 'Take 001' weight 1.00, layer weight 1.00, animator speed 1.35, world x0.45, engine Stagger
[ 11966   58.547 x0.45] LOG  [OniReactTrace] #8 +0.70s state SOMETHING ELSE, clip on his bones 'Take 001' weight 1.00, layer weight 1.00, animator speed 1.35, world x0.45, engine Stagger
[ 12015   58.796 x0.45] LOG  [OniReactTrace] #8 +0.95s state SOMETHING ELSE, clip on his bones 'Take 001' weight 1.00, layer weight 1.00, animator speed 1.35, world x0.45, engine Stagger
[ 12015   58.796 x0.45] LOG  [OniReactTrace] #8 HEAVY verdict: NEVER REACHED that state: something else owns his animator, see the clip named on the lines above
[ 12189   59.666 x0.45] LOG  [CameraGameFeel] Shake: intensity=0.60 duration=0.500s
[ 12189   59.666 x0.45] LOG  [OniBoss:Layer] PHASE 2: roar at 1.45 clip-s
[ 12379   60.570 x0.45] LOG  [OniBoss:Layer] PHASE 2: transition over after 2.72s real — he is back, and angrier
[ 12379   60.570 x0.45] LOG  [OniBoss:Layer] PHASE 2: chaining into the GROUND POUND — no pause. The cinematic rides along until the top of the jump.
[ 12379   60.570 x0.45] LOG  [OniBoss] STAGGERED (parry) for 3s
[ 12379   60.570 x0.45] LOG  [OniBoss:Layer] GROUND POUND (phase-2 entrance): driving 'Ground_Pound' at x1.00, slam at 0.60, cinematic until the apex at 0.40
[ 12380   60.575 x0.45] LOG  [OniBoss:Layer] GROUND POUND: clip is 3.13s
[ 12641   61.778 x0.45] LOG  [StormWeather] ⚡ strike at (482.10, 45.00, 451.83)
[ 12818   62.573 x0.45] LOG  [StormWeather] storm break released
[ 12818   62.573 x0.45] LOG  [CameraGameFeel] Shake: intensity=0.90 duration=0.500s
[ 12818   62.573 x0.45] LOG  [OniBoss:Cine] LIGHTNING BEAT — sky show off, single strike 'LightningOrbSoftYellow'.
[ 12819   62.578 x0.20] LOG  [StormWeather] ⚡ strike at (479.36, 45.00, 456.81)
[ 12819   62.578 x0.20] LOG  [StormWeather] COZY → 'Yoru_Oni_Phase2_Storm' (the sky answers, storm chaos)
[ 12819   62.578 x0.20] LOG  [StormWeather] fur lights boosted for the storm: fill 1.45, rim x1.30.
[ 12819   62.578 x0.20] LOG  [StormWeather] PHASE 2 - storm breaking.
[ 13157   64.318 x0.45] LOG  [Momentum] 3 -> 2 (drain), speed x1.10, damage x1.10, impact x1.10
[ 13363   65.432 x0.45] LOG  [Momentum] 2 -> 1 (drain), speed x1.05, damage x1.05, impact x1.05
[ 13527   66.268 x1.00] LOG  [OniBoss:Cine] the DROP at clip 0.40 (hung 2.0s) — full speed, the camera rides him DOWN.
[ 13552   66.392 x1.00] LOG  [Momentum] 1 -> 0 (drain), speed x1.00, damage x1.00, impact x1.00
[ 13645   66.898 x1.00] LOG  [CameraGameFeel] FOV punch: hit light (+1.5°)
[ 13645   66.898 x1.00] LOG  [StormWeather] storm break released
[ 13645   66.898 x1.00] LOG  [OniBoss:Cine] CINEMATIC OFF (he LANDS at clip 0.60) — control returned, bars out, camera hands over in 0.30s. Lens locked at 65°; the camera stepped back to 22.9m at the farthest.
[ 13645   66.898 x1.00] LOG  [CameraGameFeel] Shake: intensity=1.10 duration=0.800s
[ 13645   66.898 x1.00] LOG  [OniBoss:Pound] SLAM at clip 0.60 (1.88 clip-s) — ring 12m/s out to 12m, 45 damage, jumpable.
[ 13646   66.904 x1.00] LOG  [BossBar] Showing bar for: Oni (1500/2500)
[ 13646   66.904 x1.00] LOG  [OniBoss:Layer] boss bar shown
[ 13646   66.904 x1.00] LOG  [BossBar] Bar switched to phase 2
[ 13646   66.904 x1.00] LOG  [OniBoss:Layer] boss bar → phase 2 crimson
[ 13676   67.072 x1.00] LOG  [Peach] heavy hit 45 dmg: 6 bites. 0/16 bites = 0 of 4 peaches
[ 13676   67.072 x1.00] LOG  [Health] Player died (heavy killing hit). Game over menu: next pass.
[ 13676   67.072 x1.00] LOG  [CameraGameFeel] Shake: intensity=0.60 duration=0.200s
[ 13676   67.072 x1.00] LOG  [CameraGameFeel] FOV punch: player damage (-3.0°)
[ 13676   67.072 x0.15] LOG  [Death] Yoru died on 2 legs (heavy hit): HR_big_die_2legs. Slow motion x0.15 for 0.8s then x0.50, death sound set.
[ 13676   67.072 x0.15] LOG  [OniBoss:Pound] shockwave CAUGHT Yoru (grounded) at 2.9m for 45.
[ 13676   67.072 x0.15] LOG  [PeachUI] DEATH: heartbeat off, bleed held at full
[ 13677   67.086 x0.15] LOG  [GameOver] Yoru died: waiting for the death animation to finish, then 1.0s, then ink 3.0s, title 2.0s, buttons 1.5s
[ 13903   68.145 x0.21] LOG  [OniBoss] Stagger → Chase
[ 13903   68.145 x0.21] LOG  [OniBoss:Cine] first-attack GRACE — at least 2.0s before he may swing.
[ 13903   68.145 x0.21] LOG  [OniBoss:Layer] GROUND POUND: done — the engine is his again.
[ 13904   68.149 x0.21] LOG  [OniBoss] Yoru is dead: standing down
[ 13904   68.149 x0.21] LOG  [OniBoss] Chase → Idle
[ 13904   68.149 x0.21] LOG  [OniBoss] Playing animation: Idle
[ 13904   68.149 x0.21] LOG  [OniBoss:Layer] watch stance ON (player 2.9m)
[ 13904   68.149 x0.21] LOG  [BossBar] Hiding bar (Oni disengaged)
[ 13904   68.149 x0.21] LOG  [OniBoss:Layer] boss bar hidden (disengage)
[ 14067   68.886 x0.50] LOG  [StormWeather] storm post weight -> 1.00
[ 14401   70.342 x0.50] LOG  [Pause] Esc ignored: Yoru is dead, the game over screen owns the screen
[ 14814   72.225 x0.50] LOG  [StormWeather] terrain layers restored to dry values.
# end — 901 lines
