# Oni combat log — 2026-08-21 14:04:12
# Unity 6000.2.7f2 | scene 'CaveScene_Oni_Boss1' | platform OSXEditor
# columns: [frame realSeconds timeScale] KIND message      (KIND: LOG WARN ERR EXC TEL)
#
[     0    0.000 x1.00] LOG  [OniLog] console + telemetry → /Users/asenahazal/Documents/Yoru/OniLogs/oni_2026-08-21_14-04-12.log
[     1    0.000 x1.00] LOG  [TailAirShot4Leg] Ready. drawState=shoot_4Leg castParam=Shoot4LegSpeed (found) readyFrame=5 fireFrame=10 frames=24 slowBudget=3s real damageMultiplier=2.00
  arrow leaves: PlayerYoru_1.1/Cat_All_10_Tails_v4/Group/DeformationSystem/root/Root_M/Tail15_R/Tail151_R/Tail152_R/Tail153_R/Tail154_R/Tail155_R/Tail156_R/Tail157_R/Tail158_R/Tail159_R/Tail1510_R/Tail1511_R/Tail1512_R/Tail6_R/Tail6_R_end/Tail6_R_end_end/Tail6_R_end_end_end/RightTailTip_Anchor
  aim VFX left:  PlayerYoru_1.1/Cat_All_10_Tails_v4/Group/DeformationSystem/root/Root_M/Tail15_L/Tail151_L/Tail152_L/Tail153_L/Tail154_L/Tail155_L/Tail156_L/Tail157_L/Tail158_L/Tail159_L/Tail1510_L/Tail1511_L/Tail1512_L/Tail6_L/Tail6_L_end/Tail6_L_end_end/Tail6_L_end_end_end/LeftTailTip_Anchor/Glow_4Leg_L
  aim VFX right: PlayerYoru_1.1/Cat_All_10_Tails_v4/Group/DeformationSystem/root/Root_M/Tail15_R/Tail151_R/Tail152_R/Tail153_R/Tail154_R/Tail155_R/Tail156_R/Tail157_R/Tail158_R/Tail159_R/Tail1510_R/Tail1511_R/Tail1512_R/Tail6_R/Tail6_R_end/Tail6_R_end_end/Tail6_R_end_end_end/RightTailTip_Anchor/Glow_4Leg_R
[     1    0.000 x1.00] LOG  [TailAirShot] Ready. drawState=RightTail_Fast castParam=TailCastSpeed (found)
  arrow leaves: PlayerYoru_1.1/Cat_All_10_Tails_v4/Group/DeformationSystem/root/Root_M/Tail15_R/Tail151_R/Tail152_R/Tail153_R/Tail154_R/Tail155_R/Tail156_R/Tail157_R/Tail158_R/Tail159_R/Tail1510_R/Tail1511_R/Tail1512_R/Tail6_R/Tail6_R_end/Tail6_R_end_end/Tail6_R_end_end_end/RightTailTip_Anchor
  aim VFX: PlayerYoru_1.1/Cat_All_10_Tails_v4/Group/DeformationSystem/root/Root_M/Tail15_R/Tail151_R/Tail152_R/Tail153_R/Tail154_R/Tail155_R/Tail156_R/Tail157_R/Tail158_R/Tail159_R/Tail1510_R/Tail1511_R/Tail1512_R/Tail6_R/Tail6_R_end/Tail6_R_end_end/Tail6_R_end_end_end/RightTailTip_Anchor/vfx_Muzzle_Fireball01Blue
[     1    0.000 x1.00] LOG  [PlayerCombat] Phase 2 form gate CONNECTED (FormController found on this GameObject).
[     1    0.000 x1.00] LOG  [Combat] PlayerCombat initialized — Phase 3C v27
[     1    0.000 x1.00] LOG  [RingMesh] VFX Status:
[     1    0.000 x1.00] LOG    Left: Prefab=✓, Spawn=Tail6_L_end_end_end
[     1    0.000 x1.00] LOG    Right: Prefab=✓, Spawn=Tail6_R_end_end_end
[     1    0.000 x1.00] LOG  === VFX MANAGER INITIALIZED ===
[     1    0.000 x1.00] LOG  Auto-detect animations: False
[     1    0.000 x1.00] LOG  Parent effects to tail: True
[     1    0.000 x1.00] LOG  Prefabs: Jump=True, Land=True, LTail=True, RTail=True
[     1    0.000 x1.00] LOG  ✅ Left Tail Tip: LeftTailVFX
[     1    0.000 x1.00] LOG  ✅ Right Tail Tip: RightTailTip_Anchor
[     1    0.000 x1.00] LOG  [StormWeather] layer 'TerrainLayer_Dirt_01' dry smoothness=0.00 (restore to this if a crash ever leaves it wet)
[     1    0.000 x1.00] LOG  [StormWeather] Ready. Rain on, floor drying... wait, soaking.
[     1    0.000 x1.00] LOG  [FreezeDebug v3] Armed. Manual=L. Auto=True. Buffer=60 snaps @ 0.1s = 6.0s history.
[     1    0.000 x1.00] LOG  [BossBar] BossHealthBarUI initialized
[     1    0.000 x1.00] LOG  OniBoss initialized with 500 HP
[     1    0.000 x1.00] LOG  [OniBoss] ANIMATOR SETUP: cullingMode=CullUpdateTransforms updateMode=Normal applyRootMotion=False speed=1
[     1    0.000 x1.00] LOG  [OniBoss] Initialized
[     1    0.000 x1.00] LOG  [OniBoss:Layer] facing: minFlat 1m, snapOnAttack off, trackInHitReact off
[     1    0.000 x1.00] LOG  [OniBoss:Layer] Yoru launch model ON: launches ALL THE WAY to an enemy within 4.7m of its surface at 10m/s (stop gap 0.00m, NO minimum distance), else steps 0.90m forward. Targeting cone left exactly as her prefab has it.
[     1    0.000 x1.00] LOG  [OniBoss:Layer] Yoru launch ROUND 9: airborne attacks launch too (ON), edge probe now runs on its OWN layer mask (Everything) instead of the line-of-sight mask - the Ground-only mask found no floor in this cave and was cancelling 100% of launches at 0.00m travelled.
[     1    0.000 x1.00] LOG  [OniBoss:Layer] animator speed x1.35 — his 1.13s swing now plays in 0.84s.
[     1    0.000 x1.00] LOG  [OniBoss:Layer] chase speed pushed: phase1 4.5, phase2 5.5 (Yoru runs at 7).
[     1    0.000 x1.00] LOG  [OniBoss:Layer] swing wave ON: 8 dmg out to 5.5m in a 120deg arc, only when the club itself missed. VFX NOT SET — damage only. PlayerHealth found.
[     1    0.000 x1.00] LOG  [OniBoss:Layer] strike contact measurement ON — tracking 'Kanabo3' at depth 4.
[     1    0.000 x1.00] LOG  [OniBoss:Layer] skinned meshes: 46 renderer(s), updateWhenOffscreen ON, body renderer 'Body' rootBone 'Hips'
[     1    0.000 x1.00] LOG  [OniBoss:Layer] charge travel bone: 'Hips' at depth 1 under 'OniBoss', rest local (0.00, 3.24, -0.24)
[     1    0.000 x1.00] LOG  [OniBoss:Layer] charge drive ON (windup to 0.40 at x1.3, rush 14m/s stops at 2.6m, steers 0.35s then commits, strike section from 0.58, strike moment 0.76, trail VFX off)
[     1    0.000 x1.00] LOG  [OniBoss:Layer] attack armor ON (his swings are not interrupted by light/medium hits; heavy hits and rapid-hit bursts still stop him)
[     1    0.000 x1.00] LOG  [OniBoss:Layer] strike moments overridden: Club_Swing=0.75 ClubSwing2=0.32 ClubSlam=0.52 KanaboSweep=0.48
[     1    0.000 x1.00] LOG  [OniBoss:Layer] hold-ground ON (backstep 1.5m @ 1.6m/s after own attacks, watch 'Watch', attack facing LOCKED)
[     1    0.000 x1.00] LOG  [OniBoss:Layer] OniBoss layer ready (reactions, wake-on-hit, watch stance, boss bar). player=found
[     1    0.000 x1.00] LOG  [OniBoss:Layer] charge clip 'Oni Charge.fbx' imports with Root Motion Node = None (in place) — good.
[     1    0.000 x1.00] LOG  [OniBoss:Layer] clips importing with Root Transform Position (Y) NOT baked into pose (12): Oni_Alert(Oni Alert), Club_Slam(Oni Club Slam), Club_Swing(Oni Club Swing), Club_swing2(Oni Club Swing 2), Death(Oni Death Kneel), Hit_react_light(Oni Hit react lighter light), KanaboSweep(Oni Kanabo sweep), Phase_Transition(Oni Phase transition), run(Oni Run), Walk(Oni Walk), Watch(Oni Watch), Idle(Oni Idle) — their hips' up/down motion is stripped (see round notes; optional).
[     1    0.000 x1.00] LOG  [VolumetricFogController] Found VolumetricFog component on mainCamera (1)
[     1    0.000 x1.00] LOG  [VolumetricFogController] Reflection init: density=True, height=True, baselineHeight=True, alpha=True, noiseStrength=True, lightScatteringExposure=True
[     1    0.000 x1.00] LOG  [VolumetricFogController] Initialized with Neutral preset (height=60, baselineHeight=0)
[     1    0.000 x1.00] WARN [VolumetricFogController] WorldStateManager not found!
[     1    0.000 x1.00] LOG  [CameraGameFeel] CameraGameFeel initialized (shake + FOV)
[     1    2.884 x1.00] LOG  [OniBoss] Playing animation: Idle
[    14    3.725 x1.00] LOG  💨 Landing VFX spawned!
[    14    3.725 x1.00] LOG  ✅ LANDED! (was jump #0)
[   175    6.456 x1.00] LOG  
==================== [FREEZE-DEBUG v3] ====================
  Reason : WASD-NOMOVE: WASD recent + speed 0.00m/s for 0.41s
  Time   : 3.020s   Frame: 175   Snaps: 28
===========================================================

--- CURRENT STATE ---
  Flags: atk=False hvy=False dod=False dsh=False
         grd=False hit=False aerial=False lockPos=False
         comboStep=0
  Anim : speed=1.00  combatLayer hash=-792875657 normT=3.002 weight=1.00 inTransition=False
  CC   : grounded=True  enabled=True  pos=(474.50, 0.77, 428.35)  vel=(0.00, -1.51, 0.00)
  Move : IsRunning=True
  Input: H=0.00 V=1.00  LMB=False MMB=False Q=False Sp=False Sh=True C=False
         WASD pressed in last 0.5s: True (last 0.00s ago)

--- FLIGHT RECORDER (28 snapshots, oldest first, dt=0.10s) ---
  Legend: flags = A(tk) H(vy) D(od) S(sh) G(rd) R(eact) Y(aerial) L(ock)   gnd/cc: Y/n
  t-now    flags     step gnd cc anSp normT layW tr | posX     posZ     spd   | H    V    LMB MMB Q  Sp Sh C
  ------   --------  ---- --- -- ---- ----- ---- -- | -----    -----    ----  | ---- ---- --- --- -- -- -- -
  - 3.02s  --------    0  n   Y  1.00  0.00 1.00 -  |   474.5    427.2  0.00 |  0.0  0.0 0   0   0  0  0  0
  - 2.91s  --------    0  n   Y  1.00  0.09 1.00 -  |   474.5    427.2  0.00 |  0.0  0.0 0   0   0  0  0  0
  - 2.79s  --------    0  n   Y  1.00  0.21 1.00 -  |   474.5    427.2  0.00 |  0.0  0.0 0   0   0  0  0  0
  - 2.67s  --------    0  Y   Y  1.00  0.33 1.00 -  |   474.5    427.2  0.00 |  0.0  0.0 0   0   0  0  0  0
  - 2.56s  --------    0  Y   Y  1.00  0.44 1.00 -  |   474.5    427.2  0.00 |  0.0  0.0 0   0   0  0  0  0
  - 2.46s  --------    0  Y   Y  1.00  0.55 1.00 -  |   474.5    427.2  0.00 |  0.0  0.0 0   0   0  0  0  0
  - 2.34s  --------    0  Y   Y  1.00  0.66 1.00 -  |   474.5    427.2  0.00 |  0.0  0.0 0   0   0  0  0  0
  - 2.23s  --------    0  Y   Y  1.00  0.78 1.00 -  |   474.5    427.2  0.00 |  0.0  0.0 0   0   0  0  0  0
  - 2.12s  --------    0  Y   Y  1.00  0.88 1.00 -  |   474.5    427.2  0.00 |  0.0  0.0 0   0   0  0  0  0
  - 2.01s  --------    0  Y   Y  1.00  0.99 1.00 -  |   474.5    427.2  0.00 |  0.0  0.0 0   0   0  0  0  0
  - 1.89s  --------    0  Y   Y  1.00  1.11 1.00 -  |   474.5    427.2  0.00 |  0.0  0.0 0   0   0  0  0  0
  - 1.78s  --------    0  Y   Y  1.00  1.22 1.00 -  |   474.5    427.2  0.00 |  0.0  0.0 0   0   0  0  0  0
  - 1.68s  --------    0  Y   Y  1.00  1.32 1.00 -  |   474.5    427.2  0.00 |  0.0  0.0 0   0   0  0  0  0
  - 1.57s  --------    0  Y   Y  1.00  1.44 1.00 -  |   474.5    427.2  0.00 |  0.0  0.0 0   0   0  0  0  0
  - 1.46s  --------    0  Y   Y  1.00  1.54 1.00 -  |   474.5    427.2  0.00 |  0.0  0.0 0   0   0  0  0  0
  - 1.35s  --------    0  Y   Y  1.00  1.65 1.00 -  |   474.5    427.2  0.00 |  0.0  0.0 0   0   0  0  0  0
  - 1.25s  --------    0  Y   Y  1.00  1.75 1.00 -  |   474.5    427.2  0.00 |  0.0  0.0 0   0   0  0  0  0
  - 1.15s  --------    0  Y   Y  1.00  1.86 1.00 -  |   474.5    427.2  0.00 |  0.0  0.0 0   0   0  0  0  0
  - 1.03s  --------    0  Y   Y  1.00  1.97 1.00 -  |   474.5    427.2  0.00 |  0.0  0.0 0   0   0  0  0  0
  - 0.92s  --------    0  Y   Y  1.00  2.08 1.00 -  |   474.5    427.2  0.00 |  0.0  0.0 0   0   0  0  0  0
  - 0.81s  --------    0  Y   Y  1.00  2.19 1.00 -  |   474.5    427.2  0.00 |  0.0  0.0 0   0   0  0  0  0
  - 0.71s  --------    0  Y   Y  1.00  2.29 1.00 -  |   474.5    427.2  0.00 |  0.0  0.0 0   0   0  0  0  0
  - 0.61s  --------    0  Y   Y  1.00  2.40 1.00 -  |   474.5    427.2  0.00 |  0.0  0.0 0   0   0  0  0  0
  - 0.49s  --------    0  Y   Y  1.00  2.51 1.00 -  |   474.5    427.2  0.00 |  0.0  0.0 0   0   0  0  0  0
  - 0.39s  --------    0  Y   Y  1.00  2.61 1.00 -  |   474.5    427.2  0.00 |  0.0  1.0 0   0   0  0  0  0
  - 0.29s  --------    0  Y   Y  1.00  2.71 1.00 -  |   474.5    427.4  0.00 |  0.0  1.0 0   0   0  0  0  0
  - 0.17s  --------    0  Y   Y  1.00  2.83 1.00 -  |   474.5    427.6  0.00 |  0.0  1.0 0   0   0  0  0  0
  - 0.05s  --------    0  Y   Y  1.00  2.95 1.00 -  |   474.5    428.1  0.00 |  0.0  1.0 0   0   0  0  1  0
=========================================================== END

[   208    7.108 x1.00] LOG  🐾 4-LEG JUMP #0
[   208    7.108 x1.00] LOG  🐾 Jump 1 VFX spawned!
[   225    7.445 x1.00] LOG  🐾 4-LEG JUMP #1
[   225    7.445 x1.00] LOG  🐾 Jump 2 VFX spawned!
[   241    7.766 x1.00] LOG  🐾 4-LEG JUMP #2
[   241    7.766 x1.00] LOG  🐾 Jump 3 VFX spawned!
[   241    7.766 x1.00] LOG  🚫 Max jumps reached!
[   260    8.146 x0.10] LOG  [TailAirShot4Leg] ENTER 4 leg, slow on for up to 3s real, waiting for the fire button, drawState=shoot_4Leg | y=4.20 ts=0.10 fdt=0.0020
[   260    8.146 x0.10] LOG  [TailAirShot] entry refused: this airtime is not a 2 leg jump | y=4.20 ts=0.10 fdt=0.0020
[   260    8.146 x0.10] LOG  [AirPosePin] engaged, holding body at 1.450m above the transform
[   274    8.408 x0.10] LOG  [TailAirShot4Leg] DRAW started | y=4.20 ts=0.10 fdt=0.0020
[   284    8.595 x0.10] LOG  [TailAirShot4Leg] READY, frozen on frame 5 | y=4.20 ts=0.10 fdt=0.0020
[   316    9.184 x0.10] LOG  [TailAirShot4Leg] SHOT released (released from ready pose) | y=4.11 ts=0.10 fdt=0.0020
[   322    9.294 x1.00] LOG  [TailAirShot4Leg] FINISHER (R released mid motion), motion completes and fires | y=4.09 ts=1.00 fdt=0.0200
[   327    9.386 x1.00] LOG  [TailAirShot4Leg] FIRE, arrow away, dir=(0.37, -0.17, 0.91) damage=40 (20 x 2.00) | y=3.81 ts=1.00 fdt=0.0200
[   349    9.816 x1.00] LOG  💨 Landing VFX spawned!
[   349    9.816 x1.00] LOG  ✅ LANDED! (was jump #3)
[   349    9.816 x1.00] LOG  [AirPosePin] released, peak correction was 0.822m
[   350    9.836 x1.00] LOG  [TailAirShot4Leg] finisher done, fully idle | y=-0.02 ts=1.00 fdt=0.0200
[   366   10.158 x1.00] LOG  OniBoss took 40 damage. HP: 460/500
[   366   10.158 x1.00] LOG  [OniBoss] LostSoul → Stagger
[   366   10.158 x1.00] LOG  [OniBoss] Playing animation: Stagger
[   366   10.158 x1.00] LOG  [OniBoss] STAGGERED for 2.5s
[   366   10.158 x1.00] LOG  [OniBoss:Layer] heavy knock-back react (40 dmg) → 'HitReact_Heavy', down for 1.80s
[   367   10.183 x1.00] LOG  [BossBar] Showing bar for: Oni (460/500)
[   367   10.183 x1.00] LOG  [OniBoss:Layer] boss bar shown
[   462   11.974 x1.00] LOG  [OniBoss] Stagger → Chase
[   463   11.990 x1.00] LOG  [OniBoss] Ranged combo started: Charge→Slam: (2 steps, dist 17.5m)
[   463   11.990 x1.00] LOG  [OniBoss] Chase → Attack
[   463   11.990 x1.00] LOG  [OniBoss] Attack: Oni_Charge (18 dmg)

[   463   11.990 x1.00] TEL ────────── CHARGE ──────────
[   463   11.990 x1.00] LOG  [OniBoss:Layer] charge begin: travel bone 'Hips' depth 1, local now (0.00, 3.24, -0.24) vs rest (0.00, 3.24, -0.24); pin ON; drive windup→rush→strike; engine Attack, AnimSpeed 1.30, clip at 0.00, dist 17.5m
[   463   11.990 x1.00] TEL charge Windup n=0.00 spd=1.30 mult=1.00 st=Attack anim=h-1757638897/Charge drift=0.00 cut=0.00 meshOff=0.24m vis bounds+0.1m pos=(482.0,456.3) dist=17.5 vel=0.0
[   468   12.084 x1.00] TEL charge Windup n=0.08 spd=1.30 mult=1.00 st=Attack anim=h-1757638897/Charge drift=0.40 cut=0.40 meshOff=0.24m vis bounds+0.2m pos=(482.0,456.3) dist=17.5 vel=0.0
[   474   12.181 x1.00] TEL charge Windup n=0.16 spd=1.30 mult=1.30 st=Attack anim=Charge/- drift=1.03 cut=1.03 meshOff=0.24m vis bounds+0.3m pos=(482.0,456.3) dist=17.5 vel=0.0
[   479   12.265 x1.00] TEL charge Windup n=0.23 spd=1.30 mult=1.30 st=Attack anim=Charge/- drift=1.12 cut=1.12 meshOff=0.24m vis bounds+0.4m pos=(482.0,456.3) dist=17.5 vel=0.0
[   485   12.357 x1.00] TEL charge Windup n=0.31 spd=1.30 mult=1.30 st=Attack anim=Charge/- drift=0.09 cut=0.09 meshOff=0.24m vis bounds+0.4m pos=(482.0,456.3) dist=17.5 vel=0.0
[   491   12.457 x1.00] TEL charge Windup n=0.39 spd=1.30 mult=1.30 st=Attack anim=Charge/- drift=7.03 cut=7.03 meshOff=0.24m vis bounds+0.2m pos=(482.0,456.3) dist=17.5 vel=0.0
[   492   12.472 x1.00] LOG  [OniBoss:Layer] charge RUSH: clip frozen at 0.41, 17.5m to go at 14m/s
[   496   12.544 x1.00] TEL charge Rush   n=0.41 spd=0.00 mult=0.00 st=Attack anim=Charge/- drift=7.76 cut=7.76 meshOff=0.24m vis bounds+0.3m pos=(481.7,455.3) dist=16.5 vel=0.0
[   501   12.637 x1.00] TEL charge Rush   n=0.41 spd=0.00 mult=0.00 st=Attack anim=Charge/- drift=7.76 cut=7.76 meshOff=0.24m vis bounds+0.3m pos=(481.3,454.1) dist=15.2 vel=0.0
[   506   12.737 x1.00] TEL charge Rush   n=0.41 spd=0.00 mult=0.00 st=Attack anim=Charge/- drift=7.76 cut=7.76 meshOff=0.24m vis bounds+0.3m pos=(480.9,452.8) dist=13.8 vel=0.0
[   511   12.837 x1.00] TEL charge Rush   n=0.41 spd=0.00 mult=0.00 st=Attack anim=Charge/- drift=7.76 cut=7.76 meshOff=0.24m vis bounds+0.3m pos=(480.5,451.4) dist=12.4 vel=0.0
[   516   12.937 x1.00] TEL charge Rush   n=0.41 spd=0.00 mult=0.00 st=Attack anim=Charge/- drift=7.76 cut=7.76 meshOff=0.24m vis bounds+0.3m pos=(480.1,450.1) dist=11.0 vel=0.0
[   521   13.037 x1.00] TEL charge Rush   n=0.41 spd=0.00 mult=0.00 st=Attack anim=Charge/- drift=7.76 cut=7.76 meshOff=0.24m vis bounds+0.3m pos=(479.7,448.7) dist=9.6 vel=0.0
[   526   13.138 x1.00] TEL charge Rush   n=0.41 spd=0.00 mult=0.00 st=Attack anim=Charge/- drift=7.76 cut=7.76 meshOff=0.24m vis bounds+0.4m pos=(479.2,447.4) dist=8.2 vel=0.0
[   531   13.238 x1.00] TEL charge Rush   n=0.41 spd=0.00 mult=0.00 st=Attack anim=Charge/- drift=7.76 cut=7.76 meshOff=0.24m vis bounds+0.4m pos=(478.8,446.1) dist=6.8 vel=0.0
[   536   13.338 x1.00] TEL charge Rush   n=0.41 spd=0.00 mult=0.00 st=Attack anim=Charge/- drift=7.76 cut=7.76 meshOff=0.24m vis bounds+0.4m pos=(478.4,444.7) dist=5.4 vel=0.0
[   541   13.437 x1.00] TEL charge Rush   n=0.41 spd=0.00 mult=0.00 st=Attack anim=Charge/- drift=7.76 cut=7.76 meshOff=0.24m vis bounds+0.4m pos=(478.0,443.4) dist=4.0 vel=0.0
[   546   13.537 x1.00] TEL charge Rush   n=0.41 spd=0.00 mult=0.00 st=Attack anim=Charge/- drift=7.76 cut=7.76 meshOff=0.24m vis bounds+0.4m pos=(477.6,442.1) dist=2.6 vel=0.0
[   547   13.559 x1.00] LOG  [OniBoss:Layer] charge STRIKE: arrived 2.6m from the lock point after 1.09s real — clip 0.41 → 0.58 (blend 0.10s), strike moment 0.76, Yoru 2.6m away
[   551   13.638 x1.00] TEL charge Strike n=0.62 spd=1.00 mult=1.00 st=Attack anim=Charge/- drift=14.96 cut=14.96 meshOff=0.24m vis bounds+0.5m pos=(477.6,442.1) dist=2.6 vel=0.0
[   556   13.725 x1.00] TEL charge Strike n=0.68 spd=1.00 mult=1.00 st=Attack anim=Charge/- drift=15.93 cut=15.93 meshOff=0.24m vis bounds+0.4m pos=(477.6,442.1) dist=2.6 vel=0.0
[   562   13.825 x1.00] TEL charge Strike n=0.74 spd=1.00 mult=1.00 st=Attack anim=Charge/- drift=16.67 cut=16.67 meshOff=0.24m vis bounds+0.5m pos=(477.6,442.1) dist=2.6 vel=0.0
[   565   13.875 x1.00] LOG  [CameraGameFeel] Shake: intensity=0.45 duration=0.350s
[   565   13.875 x1.00] LOG  [Combat] Hit react: HitReact_Heavy_2Leg (0.9s)
[   565   13.875 x1.00] LOG  [CameraGameFeel] Shake: intensity=0.28 duration=0.150s
[   565   13.875 x1.00] LOG  [CameraGameFeel] FOV punch: player damage (-3.0°)
[   565   13.875 x1.00] LOG  [OniBoss] Hit player for 18 (Oni_Charge)
[   565   13.875 x1.00] LOG  [AirPosePin] engaged, holding body at 0.612m above the transform
[   567   13.913 x1.00] TEL charge Strike n=0.80 spd=1.00 mult=1.00 st=Attack anim=Charge/- drift=17.17 cut=17.17 meshOff=0.24m vis bounds+0.5m pos=(477.6,442.1) dist=2.3 vel=0.0
[   571   13.998 x1.00] TEL charge Strike n=0.85 spd=1.00 mult=1.00 st=Attack anim=Charge/- drift=17.59 cut=17.59 meshOff=0.24m vis bounds+0.4m pos=(477.6,442.1) dist=2.1 vel=0.0
[   573   14.038 x1.00] LOG  [AirPosePin] released, peak correction was 0.000m
[   576   14.091 x1.00] TEL charge Strike n=0.91 spd=1.00 mult=1.00 st=Attack anim=Charge/- drift=17.90 cut=17.90 meshOff=0.24m vis bounds+0.2m pos=(477.6,442.1) dist=2.1 vel=0.0
[   581   14.180 x1.00] TEL charge Strike n=0.97 spd=1.00 mult=1.00 st=Attack anim=Charge/- drift=18.06 cut=18.06 meshOff=0.24m vis bounds+0.1m pos=(477.6,442.1) dist=2.1 vel=0.0
[   584   14.226 x1.00] LOG  [OniBoss] Attack → Recovery
[   584   14.226 x1.00] LOG  [OniBoss] Playing animation: Watch
[   584   14.226 x1.00] LOG  [OniBoss:Layer] charge complete: engine left Attack (now Recovery) during Strike
[   586   14.270 x1.00] TEL charge None   n=1.03 spd=1.00 mult=1.00 st=Recovery anim=Charge/h-1849006814 drift=12.28 cut=12.28 meshOff=0.24m vis bounds+0.0m pos=(477.6,442.1) dist=2.1 vel=0.0
[   591   14.357 x1.00] TEL charge None   n=1.09 spd=1.00 mult=1.00 st=Recovery anim=Charge/h-1849006814 drift=3.79 cut=3.79 meshOff=0.24m vis bounds+0.1m pos=(477.6,442.1) dist=2.1 vel=0.0
[   593   14.389 x1.00] LOG  [OniBoss] Recovery → Attack
[   593   14.389 x1.00] LOG  [OniBoss] Attack: ClubSlam (20 dmg)
[   596   14.447 x1.00] TEL charge None   n=1.12 spd=2.00 mult=2.00 st=Attack anim=Charge/h283984468 drift=0.76 cut=0.76 meshOff=0.24m vis bounds+0.1m pos=(477.6,442.1) dist=2.1 vel=0.0
[   598   14.484 x1.00] LOG  [OniBoss:Layer] charge end (clip left the animator) after 2.49s real: pin measured 135 frames, cancelled on 133, max raw drift 18.07m, max cancelled 18.07m — travel WAS baked in, pin held it
[   623   14.887 x1.00] LOG  [CameraGameFeel] Shake: intensity=0.50 duration=0.400s
[   623   14.887 x1.00] LOG  [Combat] Hit react: HitReact_Heavy_2Leg (0.9s)
[   623   14.887 x1.00] LOG  [CameraGameFeel] Shake: intensity=0.28 duration=0.150s
[   623   14.887 x1.00] LOG  [CameraGameFeel] FOV punch: player damage (-3.0°)
[   623   14.887 x1.00] LOG  [OniBoss] Hit player for 20 (ClubSlam)
[   623   14.887 x1.00] LOG  [OniBoss:ClubPos] ClubSlam at strike: club tip 0.14m up, 3.53m in front, 0.36m to his right (3.55m out from his centre). Club faces 19deg from his forward, pitch -0.11. Effect currently spawns at 1.20m up / 1.50m front => off by -1.06m up, 2.03m front.
[   623   14.887 x1.00] LOG  [OniBoss:Layer] swing wave: club reached her at 2.0m, wave is visual only.
[   623   14.887 x1.00] LOG  [AirPosePin] engaged, holding body at 0.622m above the transform
[   632   15.045 x1.00] LOG  [AirPosePin] released, peak correction was 0.010m
[   649   15.327 x1.00] LOG  [OniBoss] Attack → Recovery
[   649   15.327 x1.00] LOG  [OniBoss] Playing animation: Watch
[   649   15.327 x1.00] LOG  [OniBoss:Strike] ClubSlam: club tip closest to Yoru at 0.43m, clip position 0.93 | damage fires at 0.52 | clip 0.93s => damage fires 380 ms BEFORE the club is closest
[   659   15.490 x1.00] LOG  [OniBoss] Recovery → Chase
[   660   15.505 x1.00] LOG  [OniBoss] hold-ground: BACKSTEP 1.5m (player 2.0m)
[   702   16.338 x1.00] LOG  
==================== [FREEZE-DEBUG v3] ====================
  Reason : WASD-NOMOVE: WASD recent + speed 0.00m/s for 0.42s
  Time   : 11.869s   Frame: 702   Snaps: 60
===========================================================

--- CURRENT STATE ---
  Flags: atk=False hvy=False dod=False dsh=False
         grd=False hit=False aerial=False lockPos=False
         comboStep=0
  Anim : speed=1.00  combatLayer hash=-792875657 normT=0.519 weight=1.00 inTransition=False
  CC   : grounded=True  enabled=True  pos=(476.34, -0.02, 440.67)  vel=(0.00, 0.00, 0.00)
  Move : IsRunning=True
  Input: H=-1.00 V=0.00  LMB=False MMB=False Q=False Sp=False Sh=True C=False
         WASD pressed in last 0.5s: True (last 0.00s ago)

--- FLIGHT RECORDER (60 snapshots, oldest first, dt=0.10s) ---
  Legend: flags = A(tk) H(vy) D(od) S(sh) G(rd) R(eact) Y(aerial) L(ock)   gnd/cc: Y/n
  t-now    flags     step gnd cc anSp normT layW tr | posX     posZ     spd   | H    V    LMB MMB Q  Sp Sh C
  ------   --------  ---- --- -- ---- ----- ---- -- | -----    -----    ----  | ---- ---- --- --- -- -- -- -
  - 6.54s  --------    0  n   Y  1.00  0.95 1.00 -  |   475.7    440.0  0.00 |  1.0  0.0 0   0   0  0  1  0
  - 6.44s  --------    0  Y   Y  1.00  1.08 1.00 T  |   476.3    439.8  0.00 |  1.0  0.0 0   0   0  0  1  0
  - 6.32s  --------    0  Y   Y  1.00  0.16 1.00 -  |   477.1    439.5  0.00 |  1.0  0.0 0   0   0  0  1  0
  - 6.22s  --------    0  Y   Y  1.00  0.26 1.00 -  |   477.7    439.2  0.00 |  1.0  0.0 0   0   0  0  1  0
  - 6.11s  --------    0  Y   Y  1.00  0.37 1.00 -  |   478.4    439.0  0.00 |  1.0  0.0 0   0   0  0  1  0
  - 6.00s  --------    0  Y   Y  1.00  0.48 1.00 -  |   479.2    438.7  0.00 |  1.0  0.0 0   0   0  0  1  0
  - 5.88s  --------    0  Y   Y  1.00  0.60 1.00 -  |   480.0    438.4  0.00 |  1.0  0.0 0   0   0  0  1  0
  - 5.78s  --------    0  Y   Y  1.00  0.70 1.00 -  |   480.5    438.2  0.00 |  0.0  0.0 0   0   0  0  0  0
  - 5.66s  --------    0  Y   Y  1.00  0.82 1.00 -  |   480.2    438.3  0.00 | -1.0  0.0 0   0   0  0  1  0
  - 5.56s  --------    0  Y   Y  1.00  0.92 1.00 -  |   479.5    438.6  0.00 | -1.0  0.0 0   0   0  0  1  0
  - 5.44s  --------    0  Y   Y  1.00  1.04 1.00 -  |   478.7    438.9  0.00 | -1.0  0.0 0   0   0  0  1  0
  - 5.32s  --------    0  Y   Y  1.00  1.16 1.00 -  |   477.9    439.2  0.00 | -1.0  0.0 0   0   0  0  1  0
  - 5.22s  --------    0  Y   Y  1.00  1.26 1.00 -  |   477.4    439.4  0.00 |  0.0  0.0 0   0   0  0  0  0
  - 5.10s  --------    0  Y   Y  1.00  1.38 1.00 -  |   477.2    439.4  0.00 |  0.0  0.0 0   0   0  0  0  0
  - 4.98s  --------    0  Y   Y  1.00  1.50 1.00 -  |   476.9    439.5  0.00 |  0.0  0.0 0   0   0  0  0  0
  - 4.88s  --------    0  Y   Y  1.00  1.60 1.00 -  |   476.9    439.6  0.00 |  0.0  0.0 0   0   0  0  0  0
  - 4.76s  --------    0  Y   Y  1.00  1.72 1.00 -  |   476.9    439.6  0.00 |  0.0  0.0 0   0   0  0  0  0
  - 4.66s  --------    0  Y   Y  1.00  1.82 1.00 -  |   476.9    439.6  0.00 |  0.0  0.0 0   0   0  0  0  0
  - 4.55s  --------    0  Y   Y  1.00  1.94 1.00 -  |   476.9    439.6  0.00 |  0.0  0.0 0   0   0  0  0  0
  - 4.45s  --------    0  Y   Y  1.00  2.04 1.00 -  |   476.9    439.6  0.00 |  0.0  0.0 0   0   0  0  0  0
  - 4.33s  --------    0  Y   Y  1.00  2.15 1.00 -  |   476.9    439.6  0.00 |  0.0  0.0 0   0   0  0  0  0
  - 4.22s  --------    0  Y   Y  1.00  2.26 1.00 -  |   476.9    439.6  0.00 |  0.0  0.0 0   0   0  0  0  0
  - 4.10s  --------    0  Y   Y  1.00  2.38 1.00 -  |   476.9    439.6  0.00 |  0.0  0.0 0   0   0  0  0  0
  - 4.00s  --------    0  Y   Y  1.00  2.49 1.00 -  |   476.9    439.6  0.00 |  0.0  0.0 0   0   0  0  0  0
  - 3.88s  --------    0  Y   Y  1.00  2.60 1.00 -  |   476.9    439.6  0.00 |  0.0  0.0 0   0   0  0  0  0
  - 3.78s  --------    0  Y   Y  1.00  2.71 1.00 -  |   476.9    439.6  0.00 |  0.0  0.0 0   0   0  0  0  0
  - 3.66s  --------    0  Y   Y  1.00  2.82 1.00 -  |   476.9    439.6  0.00 |  0.0  0.0 0   0   0  0  0  0
  - 3.56s  --------    0  Y   Y  1.00  2.92 1.00 -  |   476.9    439.6  0.00 |  0.0  0.0 0   0   0  0  0  0
  - 3.46s  --------    0  Y   Y  1.00  3.02 1.00 -  |   476.9    439.6  0.00 |  0.0  0.0 0   0   0  0  0  0
  - 3.34s  --------    0  Y   Y  1.00  3.14 1.00 -  |   476.9    439.6  0.00 |  0.0  0.0 0   0   0  0  0  0
  - 3.22s  --------    0  Y   Y  1.00  3.26 1.00 -  |   476.9    439.6  0.00 |  0.0  0.0 0   0   0  0  0  0
  - 3.10s  --------    0  Y   Y  1.00  3.38 1.00 -  |   476.9    439.6  0.00 |  0.0  0.0 0   0   0  0  0  0
  - 3.00s  --------    0  Y   Y  1.00  3.48 1.00 -  |   476.9    439.6  0.00 |  0.0  0.0 0   0   0  0  0  0
  - 2.88s  --------    0  Y   Y  1.00  3.60 1.00 -  |   476.9    439.6  0.00 |  0.0  0.0 0   0   0  0  0  0
  - 2.78s  --------    0  Y   Y  1.00  3.70 1.00 -  |   476.9    439.6  0.00 |  0.0  0.0 0   0   0  0  0  0
  - 2.66s  --------    0  Y   Y  1.00  3.82 1.00 -  |   476.9    439.6  0.00 |  0.0  0.0 0   0   0  0  0  0
  - 2.55s  --------    0  Y   Y  1.00  3.94 1.00 -  |   476.9    439.6  0.00 |  0.0  0.0 0   0   0  0  0  0
  - 2.44s  -----R--    0  Y   Y  1.00  4.04 1.00 T  |   476.9    439.7  0.00 |  0.0  0.0 0   0   0  0  0  0
  - 2.34s  -----R--    0  Y   Y  1.00  0.09 1.00 -  |   477.0    440.0  0.00 |  0.0  0.0 0   0   0  0  0  0
  - 2.23s  -----R--    0  Y   Y  1.00  0.18 1.00 -  |   477.0    440.0  0.00 |  0.0  0.0 0   0   0  0  0  0
  - 2.13s  -----R--    0  Y   Y  1.00  0.27 1.00 -  |   477.0    440.0  0.00 |  0.0  0.0 0   0   0  0  0  0
  - 2.01s  -----R--    0  Y   Y  1.00  0.36 1.00 -  |   477.0    440.0  0.00 |  0.0  0.0 0   0   0  0  0  0
  - 1.91s  -----R--    0  Y   Y  1.00  0.44 1.00 -  |   477.0    440.0  0.00 |  0.0  0.0 0   0   0  0  0  0
  - 1.81s  -----R--    0  Y   Y  1.00  0.53 1.00 -  |   477.0    440.0  0.00 |  0.0  0.0 0   0   0  0  0  0
  - 1.69s  -----R--    0  Y   Y  1.00  0.63 1.00 -  |   477.0    440.0  0.00 |  0.0  0.0 0   0   0  0  0  0
  - 1.58s  -----R--    0  Y   Y  1.00  0.72 1.00 -  |   477.0    440.0  0.00 |  0.0  0.0 0   0   0  0  0  0
  - 1.47s  --------    0  Y   Y  1.00  0.81 1.00 T  |   477.0    440.0  0.00 |  0.0  0.0 0   0   0  0  0  0
  - 1.36s  -----R--    0  Y   Y  1.00  0.07 1.00 -  |   477.0    440.2  0.00 |  0.0  0.0 0   0   0  0  0  0
  - 1.24s  -----R--    0  Y   Y  1.00  0.16 1.00 -  |   477.0    440.2  0.00 |  0.0  0.0 0   0   0  0  0  0
  - 1.14s  -----R--    0  Y   Y  1.00  0.24 1.00 -  |   477.0    440.2  0.00 |  0.0  0.0 0   0   0  0  0  0
  - 1.03s  -----R--    0  Y   Y  1.00  0.34 1.00 -  |   477.0    440.2  0.00 |  0.0  0.0 0   0   0  0  0  0
  - 0.91s  -----R--    0  Y   Y  1.00  0.43 1.00 -  |   477.0    440.2  0.00 |  0.0  0.0 0   0   0  0  0  0
  - 0.81s  -----R--    0  Y   Y  1.00  0.51 1.00 -  |   477.0    440.2  0.00 |  0.0  0.0 0   0   0  0  0  0
  - 0.70s  -----R--    0  Y   Y  1.00  0.61 1.00 -  |   477.0    440.2  0.00 |  0.0  0.0 0   0   0  0  0  0
  - 0.60s  -----R--    0  Y   Y  1.00  0.69 1.00 -  |   477.0    440.2  0.00 |  0.0  0.0 0   0   0  0  0  0
  - 0.48s  --------    0  Y   Y  1.00  0.79 1.00 T  |   477.0    440.2  0.00 |  0.0  0.0 0   0   0  0  0  0
  - 0.36s  --------    0  Y   Y  1.00  0.16 1.00 -  |   477.0    440.2  0.00 | -1.0  0.0 0   0   0  0  0  0
  - 0.26s  --------    0  Y   Y  1.00  0.26 1.00 -  |   476.8    440.3  0.00 | -1.0  0.0 0   0   0  0  0  0
  - 0.16s  --------    0  Y   Y  1.00  0.36 1.00 -  |   476.7    440.4  0.00 | -1.0  0.0 0   0   0  0  0  0
  - 0.04s  --------    0  Y   Y  1.00  0.48 1.00 -  |   476.5    440.6  0.00 | -1.0  0.0 0   0   0  0  0  0
=========================================================== END

[   708   16.458 x1.00] LOG  [OniBoss] hold-ground: backstep done (1.52m), WATCH (player 3.4m, cooldown 2.0s)
[   708   16.458 x1.00] LOG  [OniBoss] Playing animation: Watch
[   728   16.859 x1.00] LOG  [OniBoss] Playing animation: run
[   761   17.517 x1.00] LOG  [OniBoss] Playing animation: Watch
[   820   18.490 x1.00] LOG  [OniBoss] Combo started: swing1-2 (2 steps remaining)
[   820   18.490 x1.00] LOG  [OniBoss] Chase → Attack
[   820   18.490 x1.00] LOG  [OniBoss] Attack: Club_Swing (16 dmg)
[   824   18.568 x1.00] LOG  [OniBoss:Layer] step-in: 'Club_Swing' closed 0.34m, Yoru now 3.0m away (range 3.5)
[   858   19.147 x1.00] LOG  [CameraGameFeel] Shake: intensity=0.20 duration=0.250s
[   858   19.147 x1.00] LOG  [Combat] Hit react: HitReact_Light_2Leg (0.5s)
[   858   19.147 x1.00] LOG  [CameraGameFeel] Shake: intensity=0.09 duration=0.150s
[   858   19.147 x1.00] LOG  [CameraGameFeel] FOV punch: player damage (-2.0°)
[   858   19.147 x1.00] LOG  [OniBoss] Hit player for 16 (Club_Swing)
[   858   19.147 x1.00] LOG  [OniBoss:ClubPos] Club_Swing at strike: club tip 1.13m up, -0.19m in front, -1.88m to his right (1.89m out from his centre). Club faces -151deg from his forward, pitch -0.27. Effect currently spawns at 1.20m up / 1.50m front => off by -0.07m up, -1.69m front.
[   858   19.147 x1.00] LOG  [OniBoss:Layer] swing wave: club reached her at 2.8m, wave is visual only.
[   858   19.147 x1.00] LOG  [AirPosePin] engaged, holding body at 0.612m above the transform
[   866   19.308 x1.00] LOG  [AirPosePin] released, peak correction was 0.000m
[   868   19.346 x1.00] LOG  [OniBoss] Attack → Recovery
[   868   19.346 x1.00] LOG  [OniBoss] Playing animation: Watch
[   868   19.346 x1.00] LOG  [OniBoss:Strike] Club_Swing: club tip closest to Yoru at 0.93m, clip position 0.91 | damage fires at 0.75 | clip 0.84s => damage fires 131 ms BEFORE the club is closest
[   877   19.498 x1.00] LOG  [OniBoss] Recovery → Attack
[   877   19.498 x1.00] LOG  [OniBoss] Attack: ClubSwing2 (16 dmg)
[   901   19.887 x1.00] LOG  [CameraGameFeel] Shake: intensity=0.20 duration=0.250s
[   901   19.887 x1.00] LOG  [Combat] Hit react: HitReact_Heavy_2Leg (0.9s)
[   901   19.887 x1.00] LOG  [CameraGameFeel] Shake: intensity=0.28 duration=0.150s
[   901   19.887 x1.00] LOG  [CameraGameFeel] FOV punch: player damage (-3.0°)
[   901   19.887 x1.00] LOG  [OniBoss] Hit player for 16 (ClubSwing2)
[   901   19.887 x1.00] LOG  [OniBoss:ClubPos] ClubSwing2 at strike: club tip 0.04m up, 1.98m in front, 2.22m to his right (2.97m out from his centre). Club faces -3deg from his forward, pitch -0.86. Effect currently spawns at 1.20m up / 1.50m front => off by -1.16m up, 0.48m front.
[   901   19.887 x1.00] LOG  [OniBoss:Layer] swing wave: club reached her at 2.3m, wave is visual only.
[   901   19.887 x1.00] LOG  [AirPosePin] engaged, holding body at 0.619m above the transform
[   911   20.066 x1.00] LOG  [AirPosePin] released, peak correction was 0.006m
[   949   20.682 x1.00] LOG  [OniBoss] Attack → Recovery
[   949   20.682 x1.00] LOG  [OniBoss] Playing animation: Watch
[   949   20.682 x1.00] LOG  [OniBoss:Strike] ClubSwing2: club tip closest to Yoru at 1.28m, clip position 0.31 | damage fires at 0.32 | clip 1.17s => MATCHED (within one or two frames)
[   958   20.842 x1.00] LOG  [OniBoss] Recovery → Chase
[   959   20.857 x1.00] LOG  [OniBoss] hold-ground: BACKSTEP 1.5m (player 2.0m)
[  1008   21.809 x1.00] LOG  [OniBoss] hold-ground: backstep done (1.51m), WATCH (player 4.4m, cooldown 2.0s)
[  1008   21.809 x1.00] LOG  [OniBoss] Playing animation: Watch
[  1010   21.849 x1.00] LOG  
==================== [FREEZE-DEBUG v3] ====================
  Reason : WASD-NOMOVE: WASD recent + speed 0.00m/s for 0.42s
  Time   : 17.381s   Frame: 1010   Snaps: 60
===========================================================

--- CURRENT STATE ---
  Flags: atk=False hvy=False dod=False dsh=False
         grd=False hit=False aerial=False lockPos=False
         comboStep=0
  Anim : speed=1.00  combatLayer hash=-792875657 normT=1.041 weight=1.00 inTransition=False
  CC   : grounded=True  enabled=True  pos=(473.21, -0.02, 442.22)  vel=(0.00, 0.00, 0.00)
  Move : IsRunning=True
  Input: H=-1.00 V=0.00  LMB=False MMB=False Q=False Sp=False Sh=True C=False
         WASD pressed in last 0.5s: True (last 0.00s ago)

--- FLIGHT RECORDER (60 snapshots, oldest first, dt=0.10s) ---
  Legend: flags = A(tk) H(vy) D(od) S(sh) G(rd) R(eact) Y(aerial) L(ock)   gnd/cc: Y/n
  t-now    flags     step gnd cc anSp normT layW tr | posX     posZ     spd   | H    V    LMB MMB Q  Sp Sh C
  ------   --------  ---- --- -- ---- ----- ---- -- | -----    -----    ----  | ---- ---- --- --- -- -- -- -
  - 6.54s  -----R--    0  Y   Y  1.00  0.34 1.00 -  |   477.0    440.2  0.00 |  0.0  0.0 0   0   0  0  0  0
  - 6.43s  -----R--    0  Y   Y  1.00  0.43 1.00 -  |   477.0    440.2  0.00 |  0.0  0.0 0   0   0  0  0  0
  - 6.32s  -----R--    0  Y   Y  1.00  0.51 1.00 -  |   477.0    440.2  0.00 |  0.0  0.0 0   0   0  0  0  0
  - 6.21s  -----R--    0  Y   Y  1.00  0.61 1.00 -  |   477.0    440.2  0.00 |  0.0  0.0 0   0   0  0  0  0
  - 6.11s  -----R--    0  Y   Y  1.00  0.69 1.00 -  |   477.0    440.2  0.00 |  0.0  0.0 0   0   0  0  0  0
  - 5.99s  --------    0  Y   Y  1.00  0.79 1.00 T  |   477.0    440.2  0.00 |  0.0  0.0 0   0   0  0  0  0
  - 5.87s  --------    0  Y   Y  1.00  0.16 1.00 -  |   477.0    440.2  0.00 | -1.0  0.0 0   0   0  0  0  0
  - 5.77s  --------    0  Y   Y  1.00  0.26 1.00 -  |   476.8    440.3  0.00 | -1.0  0.0 0   0   0  0  0  0
  - 5.67s  --------    0  Y   Y  1.00  0.36 1.00 -  |   476.7    440.4  0.00 | -1.0  0.0 0   0   0  0  0  0
  - 5.55s  --------    0  Y   Y  1.00  0.48 1.00 -  |   476.5    440.6  0.00 | -1.0  0.0 0   0   0  0  0  0
  - 5.43s  --------    0  Y   Y  1.00  0.60 1.00 -  |   475.9    441.0  0.00 | -1.0  0.0 0   0   0  0  1  0
  - 5.33s  --------    0  Y   Y  1.00  0.70 1.00 -  |   475.3    441.4  0.00 | -1.0  0.0 0   0   0  0  1  0
  - 5.21s  --------    0  Y   Y  1.00  0.82 1.00 -  |   474.6    441.9  0.00 | -1.0  0.0 0   0   0  0  1  0
  - 5.09s  --------    0  Y   Y  1.00  0.94 1.00 -  |   474.0    442.4  0.00 | -1.0  0.0 0   0   0  0  1  0
  - 4.99s  --------    0  Y   Y  1.00  1.04 1.00 -  |   473.4    442.9  0.00 | -1.0  0.0 0   0   0  0  1  0
  - 4.89s  --------    0  Y   Y  1.00  1.14 1.00 -  |   472.9    443.3  0.00 |  0.0  0.0 0   0   0  0  0  0
  - 4.77s  --------    0  Y   Y  1.00  1.26 1.00 -  |   472.7    443.5  0.00 |  0.0  0.0 0   0   0  0  0  0
  - 4.65s  --------    0  Y   Y  1.00  1.38 1.00 -  |   472.6    443.6  0.00 |  1.0  0.0 0   0   0  0  0  0
  - 4.55s  --------    0  Y   Y  1.00  1.48 1.00 -  |   472.7    443.4  0.00 |  1.0  0.0 0   0   0  0  0  0
  - 4.43s  --------    0  Y   Y  1.00  1.60 1.00 -  |   472.9    443.3  0.00 |  0.0  0.0 0   0   0  0  0  0
  - 4.31s  --------    0  Y   Y  1.00  1.72 1.00 -  |   473.1    443.1  0.00 |  0.0  0.0 0   0   0  0  0  0
  - 4.20s  --------    0  Y   Y  1.00  1.84 1.00 -  |   473.1    443.1  0.00 |  0.0  0.0 0   0   0  0  0  0
  - 4.09s  --------    0  Y   Y  1.00  1.95 1.00 -  |   473.1    443.1  0.00 |  0.0  0.0 0   0   0  0  0  0
  - 3.97s  --------    0  Y   Y  1.00  2.06 1.00 -  |   473.1    443.1  0.00 |  0.0  0.0 0   0   0  0  0  0
  - 3.87s  --------    0  Y   Y  1.00  2.16 1.00 -  |   473.1    443.1  0.00 |  0.0  0.0 0   0   0  0  0  0
  - 3.76s  --------    0  Y   Y  1.00  2.27 1.00 -  |   473.1    443.1  0.00 |  0.0  0.0 0   0   0  0  0  0
  - 3.65s  --------    0  Y   Y  1.00  2.39 1.00 -  |   473.1    443.1  0.00 |  0.0  0.0 0   0   0  0  0  0
  - 3.55s  --------    0  Y   Y  1.00  2.49 1.00 -  |   473.1    443.1  0.00 |  0.0  0.0 0   0   0  0  0  0
  - 3.44s  --------    0  Y   Y  1.00  2.59 1.00 -  |   473.1    443.1  0.00 |  0.0  0.0 0   0   0  0  0  0
  - 3.32s  --------    0  Y   Y  1.00  2.71 1.00 -  |   473.2    443.1  0.00 |  1.0  0.0 0   0   0  0  0  0
  - 3.21s  --------    0  Y   Y  1.00  2.82 1.00 -  |   473.4    442.9  0.00 |  0.0  0.0 0   0   0  0  0  0
  - 3.10s  --------    0  Y   Y  1.00  2.93 1.00 -  |   473.4    442.9  0.00 |  0.0  0.0 0   0   0  0  0  0
  - 2.98s  --------    0  Y   Y  1.00  3.05 1.00 -  |   473.4    442.9  0.00 |  0.0  0.0 0   0   0  0  0  0
  - 2.87s  --------    0  Y   Y  1.00  3.17 1.00 -  |   473.4    442.9  0.00 |  0.0  0.0 0   0   0  0  0  0
  - 2.77s  --------    0  Y   Y  1.00  3.27 1.00 -  |   473.4    442.9  0.00 |  0.0  0.0 0   0   0  0  0  0
  - 2.66s  -----R--    0  Y   Y  1.00  0.02 1.00 -  |   473.6    443.0  0.00 |  0.0  0.0 0   0   0  0  0  0
  - 2.56s  -----R--    0  Y   Y  1.00  0.10 1.00 -  |   473.8    443.0  0.00 |  0.0  0.0 0   0   0  0  0  0
  - 2.45s  -----R--    0  Y   Y  1.00  0.19 1.00 -  |   473.8    443.0  0.00 |  0.0  0.0 0   0   0  0  0  0
  - 2.35s  -----R--    0  Y   Y  1.00  0.28 1.00 -  |   473.8    443.0  0.00 |  0.0  0.0 0   0   0  0  0  0
  - 2.23s  -----R--    0  Y   Y  1.00  0.37 1.00 -  |   473.8    443.0  0.00 |  0.0  0.0 0   0   0  0  0  0
  - 2.13s  --------    0  Y   Y  1.00  0.46 1.00 T  |   473.8    443.0  0.00 |  0.0  0.0 0   0   0  0  0  0
  - 2.03s  --------    0  Y   Y  1.00  0.16 1.00 -  |   473.8    443.0  0.00 |  0.0  0.0 0   0   0  0  0  0
  - 1.92s  -----R--    0  Y   Y  1.00  0.02 1.00 -  |   474.0    443.0  0.00 |  0.0  0.0 0   0   0  0  0  0
  - 1.81s  -----R--    0  Y   Y  1.00  0.11 1.00 -  |   474.3    443.1  0.00 |  0.0  0.0 0   0   0  0  0  0
  - 1.70s  -----R--    0  Y   Y  1.00  0.20 1.00 -  |   474.3    443.1  0.00 |  0.0  0.0 0   0   0  0  0  0
  - 1.58s  -----R--    0  Y   Y  1.00  0.30 1.00 -  |   474.3    443.1  0.00 |  0.0  0.0 0   0   0  0  0  0
  - 1.47s  -----R--    0  Y   Y  1.00  0.39 1.00 -  |   474.3    443.1  0.00 |  0.0  0.0 0   0   0  0  0  0
  - 1.36s  -----R--    0  Y   Y  1.00  0.48 1.00 -  |   474.3    443.1  0.00 |  0.0  0.0 0   0   0  0  0  0
  - 1.25s  -----R--    0  Y   Y  1.00  0.58 1.00 -  |   474.3    443.1  0.00 |  0.0  0.0 0   0   0  0  0  0
  - 1.13s  -----R--    0  Y   Y  1.00  0.67 1.00 -  |   474.3    443.1  0.00 |  0.0  0.0 0   0   0  0  0  0
  - 1.02s  --------    0  Y   Y  1.00  0.76 1.00 T  |   474.3    443.1  0.00 |  0.0  0.0 0   0   0  0  0  0
  - 0.91s  --------    0  Y   Y  1.00  0.13 1.00 -  |   474.3    443.1  0.00 |  0.0  0.0 0   0   0  0  0  0
  - 0.79s  --------    0  Y   Y  1.00  0.25 1.00 -  |   474.3    443.1  0.00 |  0.0  0.0 0   0   0  0  0  0
  - 0.69s  --------    0  Y   Y  1.00  0.35 1.00 -  |   474.3    443.1  0.00 |  0.0  0.0 0   0   0  0  0  0
  - 0.59s  --------    0  Y   Y  1.00  0.45 1.00 -  |   474.3    443.1  0.00 |  0.0  0.0 0   0   0  0  0  0
  - 0.48s  --------    0  Y   Y  1.00  0.57 1.00 -  |   474.3    443.1  0.00 |  0.0  0.0 0   0   0  0  0  0
  - 0.37s  --------    0  Y   Y  1.00  0.68 1.00 -  |   474.2    443.0  0.00 | -1.0  0.0 0   0   0  0  0  0
  - 0.26s  --------    0  Y   Y  1.00  0.78 1.00 -  |   474.1    442.9  0.00 | -1.0  0.0 0   0   0  0  0  0
  - 0.14s  --------    0  Y   Y  1.00  0.90 1.00 -  |   473.9    442.7  0.00 | -1.0  0.0 0   0   0  0  0  0
  - 0.02s  --------    0  Y   Y  1.00  1.02 1.00 -  |   473.3    442.3  0.00 | -1.0  0.0 0   0   0  0  1  0
=========================================================== END

[  1011   21.869 x1.00] LOG  [OniBoss] Playing animation: run
[  1088   23.401 x1.00] LOG  [OniBoss] Playing animation: Watch
[  1115   23.852 x1.00] LOG  [OniBoss] Chase → Attack
[  1115   23.852 x1.00] LOG  [OniBoss] Attack: Club_Swing (16 dmg)
[  1120   23.950 x1.00] LOG  [OniBoss:Layer] step-in: 'Club_Swing' closed 0.48m, Yoru now 3.0m away (range 3.5)
[  1153   24.498 x1.00] LOG  [CameraGameFeel] Shake: intensity=0.20 duration=0.250s
[  1153   24.498 x1.00] LOG  [Combat] Hit react: HitReact_Light_2Leg (0.5s)
[  1153   24.498 x1.00] LOG  [CameraGameFeel] Shake: intensity=0.09 duration=0.150s
[  1153   24.498 x1.00] LOG  [CameraGameFeel] FOV punch: player damage (-2.0°)
[  1153   24.498 x1.00] LOG  [OniBoss] Hit player for 16 (Club_Swing)
[  1153   24.498 x1.00] LOG  [OniBoss:ClubPos] Club_Swing at strike: club tip 1.15m up, -0.26m in front, -1.92m to his right (1.94m out from his centre). Club faces -155deg from his forward, pitch -0.28. Effect currently spawns at 1.20m up / 1.50m front => off by -0.05m up, -1.76m front.
[  1153   24.498 x1.00] LOG  [OniBoss:Layer] swing wave: club reached her at 2.9m, wave is visual only.
[  1153   24.498 x1.00] LOG  [AirPosePin] engaged, holding body at 0.616m above the transform
[  1161   24.650 x1.00] LOG  [AirPosePin] released, peak correction was 0.005m
[  1164   24.707 x1.00] LOG  [OniBoss] Attack → Recovery
[  1164   24.707 x1.00] LOG  [OniBoss] Playing animation: Watch
[  1164   24.707 x1.00] LOG  [OniBoss:Strike] Club_Swing: club tip closest to Yoru at 1.02m, clip position 0.91 | damage fires at 0.75 | clip 0.84s => damage fires 132 ms BEFORE the club is closest
[  1173   24.858 x1.00] LOG  [OniBoss] Recovery → Chase
[  1174   24.873 x1.00] LOG  [OniBoss] hold-ground: BACKSTEP 1.5m (player 2.5m)
[  1222   25.829 x1.00] LOG  [OniBoss] hold-ground: backstep done (1.52m), WATCH (player 4.3m, cooldown 2.0s)
[  1222   25.829 x1.00] LOG  [OniBoss] Playing animation: Watch
[  1222   25.829 x1.00] LOG  [StormWeather] ⚡ strike at (481.87, 45.00, 449.54)
[  1234   26.071 x1.00] LOG  
==================== [FREEZE-DEBUG v3] ====================
  Reason : WASD-NOMOVE: WASD recent + speed 0.00m/s for 0.42s
  Time   : 21.602s   Frame: 1234   Snaps: 60
===========================================================

--- CURRENT STATE ---
  Flags: atk=False hvy=False dod=False dsh=False
         grd=False hit=False aerial=False lockPos=False
         comboStep=0
  Anim : speed=1.00  combatLayer hash=-792875657 normT=1.040 weight=1.00 inTransition=False
  CC   : grounded=True  enabled=True  pos=(468.51, 0.03, 442.77)  vel=(0.00, 0.00, 0.00)
  Move : IsRunning=False
  Input: H=-1.00 V=0.00  LMB=False MMB=False Q=False Sp=False Sh=False C=False
         WASD pressed in last 0.5s: True (last 0.00s ago)

--- FLIGHT RECORDER (60 snapshots, oldest first, dt=0.10s) ---
  Legend: flags = A(tk) H(vy) D(od) S(sh) G(rd) R(eact) Y(aerial) L(ock)   gnd/cc: Y/n
  t-now    flags     step gnd cc anSp normT layW tr | posX     posZ     spd   | H    V    LMB MMB Q  Sp Sh C
  ------   --------  ---- --- -- ---- ----- ---- -- | -----    -----    ----  | ---- ---- --- --- -- -- -- -
  - 6.57s  -----R--    0  Y   Y  1.00  0.28 1.00 -  |   473.8    443.0  0.00 |  0.0  0.0 0   0   0  0  0  0
  - 6.46s  -----R--    0  Y   Y  1.00  0.37 1.00 -  |   473.8    443.0  0.00 |  0.0  0.0 0   0   0  0  0  0
  - 6.36s  --------    0  Y   Y  1.00  0.46 1.00 T  |   473.8    443.0  0.00 |  0.0  0.0 0   0   0  0  0  0
  - 6.25s  --------    0  Y   Y  1.00  0.16 1.00 -  |   473.8    443.0  0.00 |  0.0  0.0 0   0   0  0  0  0
  - 6.15s  -----R--    0  Y   Y  1.00  0.02 1.00 -  |   474.0    443.0  0.00 |  0.0  0.0 0   0   0  0  0  0
  - 6.04s  -----R--    0  Y   Y  1.00  0.11 1.00 -  |   474.3    443.1  0.00 |  0.0  0.0 0   0   0  0  0  0
  - 5.92s  -----R--    0  Y   Y  1.00  0.20 1.00 -  |   474.3    443.1  0.00 |  0.0  0.0 0   0   0  0  0  0
  - 5.80s  -----R--    0  Y   Y  1.00  0.30 1.00 -  |   474.3    443.1  0.00 |  0.0  0.0 0   0   0  0  0  0
  - 5.69s  -----R--    0  Y   Y  1.00  0.39 1.00 -  |   474.3    443.1  0.00 |  0.0  0.0 0   0   0  0  0  0
  - 5.58s  -----R--    0  Y   Y  1.00  0.48 1.00 -  |   474.3    443.1  0.00 |  0.0  0.0 0   0   0  0  0  0
  - 5.47s  -----R--    0  Y   Y  1.00  0.58 1.00 -  |   474.3    443.1  0.00 |  0.0  0.0 0   0   0  0  0  0
  - 5.35s  -----R--    0  Y   Y  1.00  0.67 1.00 -  |   474.3    443.1  0.00 |  0.0  0.0 0   0   0  0  0  0
  - 5.24s  --------    0  Y   Y  1.00  0.76 1.00 T  |   474.3    443.1  0.00 |  0.0  0.0 0   0   0  0  0  0
  - 5.13s  --------    0  Y   Y  1.00  0.13 1.00 -  |   474.3    443.1  0.00 |  0.0  0.0 0   0   0  0  0  0
  - 5.01s  --------    0  Y   Y  1.00  0.25 1.00 -  |   474.3    443.1  0.00 |  0.0  0.0 0   0   0  0  0  0
  - 4.91s  --------    0  Y   Y  1.00  0.35 1.00 -  |   474.3    443.1  0.00 |  0.0  0.0 0   0   0  0  0  0
  - 4.81s  --------    0  Y   Y  1.00  0.45 1.00 -  |   474.3    443.1  0.00 |  0.0  0.0 0   0   0  0  0  0
  - 4.70s  --------    0  Y   Y  1.00  0.57 1.00 -  |   474.3    443.1  0.00 |  0.0  0.0 0   0   0  0  0  0
  - 4.59s  --------    0  Y   Y  1.00  0.68 1.00 -  |   474.2    443.0  0.00 | -1.0  0.0 0   0   0  0  0  0
  - 4.48s  --------    0  Y   Y  1.00  0.78 1.00 -  |   474.1    442.9  0.00 | -1.0  0.0 0   0   0  0  0  0
  - 4.36s  --------    0  Y   Y  1.00  0.90 1.00 -  |   473.9    442.7  0.00 | -1.0  0.0 0   0   0  0  0  0
  - 4.24s  --------    0  Y   Y  1.00  1.02 1.00 -  |   473.3    442.3  0.00 | -1.0  0.0 0   0   0  0  1  0
  - 4.14s  --------    0  Y   Y  1.00  1.12 1.00 -  |   472.7    442.0  0.00 | -1.0  0.0 0   0   0  0  1  0
  - 4.02s  --------    0  Y   Y  1.00  1.24 1.00 -  |   472.0    441.9  0.00 |  0.0  0.0 0   0   0  0  0  0
  - 3.90s  --------    0  Y   Y  1.00  1.36 1.00 -  |   471.7    441.9  0.00 |  0.0  0.0 0   0   0  0  0  0
  - 3.80s  --------    0  Y   Y  1.00  1.46 1.00 -  |   471.5    441.9  0.00 |  0.0  0.0 0   0   0  0  0  0
  - 3.68s  --------    0  Y   Y  1.00  1.58 1.00 -  |   471.4    442.0  0.00 |  0.0  0.0 0   0   0  0  0  0
  - 3.57s  --------    0  Y   Y  1.00  1.69 1.00 -  |   471.4    442.0  0.00 |  0.0  0.0 0   0   0  0  0  0
  - 3.47s  --------    0  Y   Y  1.00  1.79 1.00 -  |   471.4    442.0  0.00 | -1.0  0.0 0   0   0  0  0  0
  - 3.35s  --------    0  Y   Y  1.00  1.91 1.00 -  |   470.7    442.1  0.00 | -1.0  0.0 0   0   0  0  1  0
  - 3.25s  --------    0  Y   Y  1.00  2.01 1.00 -  |   470.0    442.3  0.00 | -1.0  0.0 0   0   0  0  1  0
  - 3.13s  --------    0  Y   Y  1.00  2.13 1.00 -  |   469.2    442.4  0.00 |  0.0  0.0 0   0   0  0  0  0
  - 3.01s  --------    0  Y   Y  1.00  2.25 1.00 -  |   468.9    442.5  0.00 |  0.0  0.0 0   0   0  0  0  0
  - 2.91s  --------    0  Y   Y  1.00  2.35 1.00 -  |   468.7    442.5  0.00 |  0.0  0.0 0   0   0  0  0  0
  - 2.79s  --------    0  Y   Y  1.00  2.47 1.00 -  |   468.7    442.5  0.00 |  0.0  0.0 0   0   0  0  0  0
  - 2.69s  --------    0  Y   Y  1.00  2.57 1.00 -  |   468.7    442.5  0.00 |  0.0  0.0 0   0   0  0  0  0
  - 2.59s  --------    0  Y   Y  1.00  2.68 1.00 -  |   468.7    442.5  0.00 |  0.0  0.0 0   0   0  0  0  0
  - 2.47s  --------    0  Y   Y  1.00  2.79 1.00 -  |   468.7    442.5  0.00 |  0.0  0.0 0   0   0  0  0  0
  - 2.37s  --------    0  Y   Y  1.00  2.90 1.00 -  |   468.7    442.5  0.00 |  0.0  0.0 0   0   0  0  0  0
  - 2.26s  --------    0  Y   Y  1.00  3.00 1.00 -  |   468.7    442.5  0.00 |  0.0  0.0 0   0   0  0  0  0
  - 2.16s  --------    0  Y   Y  1.00  3.10 1.00 -  |   468.7    442.5  0.00 |  0.0  0.0 0   0   0  0  0  0
  - 2.05s  --------    0  Y   Y  1.00  3.22 1.00 -  |   468.7    442.5  0.00 |  0.0  0.0 0   0   0  0  0  0
  - 1.94s  --------    0  Y   Y  1.00  3.33 1.00 -  |   468.7    442.5  0.00 |  0.0  0.0 0   0   0  0  0  0
  - 1.82s  --------    0  Y   Y  1.00  3.44 1.00 -  |   468.7    442.5  0.00 |  0.0  0.0 0   0   0  0  0  0
  - 1.71s  --------    0  Y   Y  1.00  3.56 1.00 -  |   468.7    442.5  0.00 |  0.0  0.0 0   0   0  0  0  0
  - 1.59s  --------    0  Y   Y  1.00  3.68 1.00 -  |   468.7    442.5  0.00 |  0.0  0.0 0   0   0  0  0  0
  - 1.48s  -----R--    0  Y   Y  1.00  0.06 1.00 -  |   469.2    442.6  0.00 |  0.0  0.0 0   0   0  0  0  0
  - 1.36s  -----R--    0  Y   Y  1.00  0.16 1.00 -  |   469.2    442.6  0.00 |  0.0  0.0 0   0   0  0  0  0
  - 1.26s  -----R--    0  Y   Y  1.00  0.24 1.00 -  |   469.2    442.6  0.00 |  0.0  0.0 0   0   0  0  0  0
  - 1.16s  -----R--    0  Y   Y  1.00  0.33 1.00 -  |   469.2    442.6  0.00 |  0.0  0.0 0   0   0  0  0  0
  - 1.06s  --------    0  Y   Y  1.00  0.41 1.00 -  |   469.2    442.6  0.00 |  0.0  0.0 0   0   0  0  0  0
  - 0.94s  --------    0  Y   Y  1.00  0.10 1.00 -  |   469.2    442.6  0.00 |  0.0  0.0 0   0   0  0  0  0
  - 0.84s  --------    0  Y   Y  1.00  0.20 1.00 -  |   469.2    442.6  0.00 |  0.0  0.0 0   0   0  0  0  0
  - 0.72s  --------    0  Y   Y  1.00  0.32 1.00 -  |   469.2    442.6  0.00 |  0.0  0.0 0   0   0  0  0  0
  - 0.62s  --------    0  Y   Y  1.00  0.42 1.00 -  |   469.2    442.6  0.00 |  0.0  0.0 0   0   0  0  0  0
  - 0.52s  --------    0  Y   Y  1.00  0.52 1.00 -  |   469.2    442.6  0.00 |  0.0  0.0 0   0   0  0  0  0
  - 0.42s  --------    0  Y   Y  1.00  0.62 1.00 -  |   469.2    442.6  0.00 |  0.0  0.0 0   0   0  0  0  0
  - 0.30s  --------    0  Y   Y  1.00  0.74 1.00 -  |   469.1    442.6  0.00 | -1.0  0.0 0   0   0  0  0  0
  - 0.20s  --------    0  Y   Y  1.00  0.84 1.00 -  |   468.9    442.7  0.00 | -1.0  0.0 0   0   0  0  0  0
  - 0.08s  --------    0  Y   Y  1.00  0.96 1.00 -  |   468.7    442.7  0.00 | -1.0  0.0 0   0   0  0  0  0
=========================================================== END

[  1234   26.071 x1.00] LOG  [OniBoss] Playing animation: run
[  1270   26.873 x1.00] LOG  [OniBoss] Playing animation: Watch
[  1325   27.872 x1.00] LOG  [OniBoss] Combo started: ClubSwing1 → ClubSwing2 → ClubSlam (3 steps remaining)
[  1325   27.872 x1.00] LOG  [OniBoss] Chase → Attack
[  1325   27.872 x1.00] LOG  [OniBoss] Attack: Club_Swing (16 dmg)
[  1330   27.970 x1.00] LOG  [OniBoss:Layer] step-in: 'Club_Swing' closed 0.48m, Yoru now 3.0m away (range 3.5)
[  1363   28.522 x1.00] LOG  [CameraGameFeel] Shake: intensity=0.20 duration=0.250s
[  1363   28.522 x1.00] LOG  [Combat] Hit react: HitReact_Light_2Leg (0.5s)
[  1363   28.522 x1.00] LOG  [CameraGameFeel] Shake: intensity=0.09 duration=0.150s
[  1363   28.522 x1.00] LOG  [CameraGameFeel] FOV punch: player damage (-2.0°)
[  1363   28.522 x1.00] LOG  [OniBoss] Hit player for 16 (Club_Swing)
[  1363   28.522 x1.00] LOG  [OniBoss:ClubPos] Club_Swing at strike: club tip 1.13m up, -0.21m in front, -1.89m to his right (1.90m out from his centre). Club faces -153deg from his forward, pitch -0.28. Effect currently spawns at 1.20m up / 1.50m front => off by -0.07m up, -1.71m front.
[  1363   28.522 x1.00] LOG  [OniBoss:Layer] swing wave: club reached her at 2.9m, wave is visual only.
[  1363   28.522 x1.00] LOG  [AirPosePin] engaged, holding body at 0.619m above the transform
[  1371   28.683 x1.00] LOG  [AirPosePin] released, peak correction was 0.008m
[  1374   28.738 x1.00] LOG  [OniBoss] Attack → Recovery
[  1374   28.738 x1.00] LOG  [OniBoss] Playing animation: Watch
[  1374   28.738 x1.00] LOG  [OniBoss:Strike] Club_Swing: club tip closest to Yoru at 1.05m, clip position 0.92 | damage fires at 0.75 | clip 0.84s => damage fires 141 ms BEFORE the club is closest
[  1383   28.894 x1.00] LOG  [OniBoss] Recovery → Attack
[  1383   28.894 x1.00] LOG  [OniBoss] Attack: ClubSwing2 (16 dmg)
[  1406   29.300 x1.00] LOG  [CameraGameFeel] Shake: intensity=0.20 duration=0.250s
[  1406   29.300 x1.00] LOG  [Combat] Hit react: HitReact_Light_2Leg (0.5s)
[  1406   29.300 x1.00] LOG  [CameraGameFeel] Shake: intensity=0.09 duration=0.150s
[  1406   29.300 x1.00] LOG  [CameraGameFeel] FOV punch: player damage (-2.0°)
[  1406   29.300 x1.00] LOG  [OniBoss] Hit player for 16 (ClubSwing2)
[  1406   29.300 x1.00] LOG  [OniBoss:ClubPos] ClubSwing2 at strike: club tip 0.48m up, 1.16m in front, 3.14m to his right (3.34m out from his centre). Club faces 41deg from his forward, pitch -0.89. Effect currently spawns at 1.20m up / 1.50m front => off by -0.72m up, -0.34m front.
[  1406   29.300 x1.00] LOG  [OniBoss:Layer] swing wave: club reached her at 2.4m, wave is visual only.
[  1406   29.300 x1.00] LOG  [AirPosePin] engaged, holding body at 0.611m above the transform
[  1409   29.360 x1.00] LOG  [AirPosePin] released, peak correction was 0.001m
[  1450   30.080 x1.00] LOG  [OniBoss] Attack → Recovery
[  1450   30.080 x1.00] LOG  [OniBoss] Playing animation: Watch
[  1450   30.080 x1.00] LOG  [OniBoss:Strike] ClubSwing2: club tip closest to Yoru at 0.94m, clip position 0.30 | damage fires at 0.32 | clip 1.17s => MATCHED (within one or two frames)
[  1459   30.234 x1.00] LOG  [OniBoss] Recovery → Attack
[  1459   30.234 x1.00] LOG  [OniBoss] Attack: ClubSlam (20 dmg)
[  1489   30.740 x1.00] LOG  [CameraGameFeel] Shake: intensity=0.50 duration=0.400s
[  1489   30.740 x1.00] LOG  [Combat] Hit react: HitReact_Heavy_2Leg (0.9s)
[  1489   30.740 x1.00] LOG  [CameraGameFeel] Shake: intensity=0.28 duration=0.150s
[  1489   30.740 x1.00] LOG  [CameraGameFeel] FOV punch: player damage (-3.0°)
[  1489   30.740 x1.00] LOG  [OniBoss] Hit player for 20 (ClubSlam)
[  1489   30.740 x1.00] LOG  [OniBoss:ClubPos] ClubSlam at strike: club tip 0.16m up, 3.55m in front, 0.35m to his right (3.57m out from his centre). Club faces 19deg from his forward, pitch -0.09. Effect currently spawns at 1.20m up / 1.50m front => off by -1.04m up, 2.05m front.
[  1489   30.740 x1.00] LOG  [OniBoss:Layer] swing wave: club reached her at 2.0m, wave is visual only.
[  1490   30.758 x1.00] LOG  [AirPosePin] engaged, holding body at 0.610m above the transform
[  1491   30.780 x1.00] LOG  [AirPosePin] released, peak correction was 0.000m
[  1492   30.799 x1.00] LOG  [AirPosePin] engaged, holding body at 0.610m above the transform
[  1495   30.851 x1.00] LOG  [AirPosePin] released, peak correction was -0.001m
[  1496   30.868 x1.00] LOG  [AirPosePin] engaged, holding body at 0.611m above the transform
[  1498   30.900 x1.00] LOG  [AirPosePin] released, peak correction was -0.001m
[  1514   31.179 x1.00] LOG  [OniBoss] Attack → Recovery
[  1514   31.179 x1.00] LOG  [OniBoss] Playing animation: Watch
[  1514   31.179 x1.00] LOG  [OniBoss:Strike] ClubSlam: club tip closest to Yoru at 0.39m, clip position 0.94 | damage fires at 0.52 | clip 0.93s => damage fires 392 ms BEFORE the club is closest
[  1519   31.268 x1.00] LOG  
==================== [FREEZE-DEBUG v3] ====================
  Reason : WASD-NOMOVE: WASD recent + speed 0.00m/s for 0.40s
  Time   : 26.800s   Frame: 1519   Snaps: 60
===========================================================

--- CURRENT STATE ---
  Flags: atk=False hvy=False dod=False dsh=False
         grd=False hit=True aerial=False lockPos=False
         comboStep=0
  Anim : speed=1.00  combatLayer hash=1755030216 normT=0.422 weight=1.00 inTransition=False
  CC   : grounded=True  enabled=True  pos=(468.52, 0.02, 442.99)  vel=(0.00, 0.00, 0.00)
  Move : IsRunning=False
  Input: H=-1.00 V=0.00  LMB=False MMB=False Q=False Sp=False Sh=True C=False
         WASD pressed in last 0.5s: True (last 0.00s ago)

--- FLIGHT RECORDER (60 snapshots, oldest first, dt=0.10s) ---
  Legend: flags = A(tk) H(vy) D(od) S(sh) G(rd) R(eact) Y(aerial) L(ock)   gnd/cc: Y/n
  t-now    flags     step gnd cc anSp normT layW tr | posX     posZ     spd   | H    V    LMB MMB Q  Sp Sh C
  ------   --------  ---- --- -- ---- ----- ---- -- | -----    -----    ----  | ---- ---- --- --- -- -- -- -
  - 6.46s  -----R--    0  Y   Y  1.00  0.24 1.00 -  |   469.2    442.6  0.00 |  0.0  0.0 0   0   0  0  0  0
  - 6.36s  -----R--    0  Y   Y  1.00  0.33 1.00 -  |   469.2    442.6  0.00 |  0.0  0.0 0   0   0  0  0  0
  - 6.26s  --------    0  Y   Y  1.00  0.41 1.00 -  |   469.2    442.6  0.00 |  0.0  0.0 0   0   0  0  0  0
  - 6.14s  --------    0  Y   Y  1.00  0.10 1.00 -  |   469.2    442.6  0.00 |  0.0  0.0 0   0   0  0  0  0
  - 6.04s  --------    0  Y   Y  1.00  0.20 1.00 -  |   469.2    442.6  0.00 |  0.0  0.0 0   0   0  0  0  0
  - 5.92s  --------    0  Y   Y  1.00  0.32 1.00 -  |   469.2    442.6  0.00 |  0.0  0.0 0   0   0  0  0  0
  - 5.82s  --------    0  Y   Y  1.00  0.42 1.00 -  |   469.2    442.6  0.00 |  0.0  0.0 0   0   0  0  0  0
  - 5.72s  --------    0  Y   Y  1.00  0.52 1.00 -  |   469.2    442.6  0.00 |  0.0  0.0 0   0   0  0  0  0
  - 5.62s  --------    0  Y   Y  1.00  0.62 1.00 -  |   469.2    442.6  0.00 |  0.0  0.0 0   0   0  0  0  0
  - 5.50s  --------    0  Y   Y  1.00  0.74 1.00 -  |   469.1    442.6  0.00 | -1.0  0.0 0   0   0  0  0  0
  - 5.40s  --------    0  Y   Y  1.00  0.84 1.00 -  |   468.9    442.7  0.00 | -1.0  0.0 0   0   0  0  0  0
  - 5.28s  --------    0  Y   Y  1.00  0.96 1.00 -  |   468.7    442.7  0.00 | -1.0  0.0 0   0   0  0  0  0
  - 5.18s  --------    0  Y   Y  1.00  1.06 1.00 -  |   468.5    442.8  0.00 | -1.0  0.0 0   0   0  0  0  0
  - 5.06s  --------    0  Y   Y  1.00  1.18 1.00 -  |   468.2    442.8  0.00 | -1.0  0.0 0   0   0  0  0  0
  - 4.95s  --------    0  Y   Y  1.00  1.28 1.00 -  |   468.0    442.9  0.00 |  0.0  0.0 0   0   0  0  0  0
  - 4.83s  --------    0  Y   Y  1.00  1.40 1.00 -  |   467.8    443.0  0.00 |  0.0  0.0 0   0   0  0  0  0
  - 4.72s  --------    0  Y   Y  1.00  1.51 1.00 -  |   467.6    443.0  0.00 |  0.0  0.0 0   0   0  0  0  0
  - 4.60s  --------    0  Y   Y  1.00  1.63 1.00 -  |   467.5    443.0  0.00 |  0.0  0.0 0   0   0  0  0  0
  - 4.49s  --------    0  Y   Y  1.00  1.75 1.00 -  |   467.5    443.0  0.00 |  0.0  0.0 0   0   0  0  0  0
  - 4.37s  --------    0  Y   Y  1.00  1.86 1.00 -  |   467.5    443.0  0.00 |  0.0  0.0 0   0   0  0  0  0
  - 4.26s  --------    0  Y   Y  1.00  1.98 1.00 -  |   467.5    443.0  0.00 |  0.0  0.0 0   0   0  0  0  0
  - 4.16s  --------    0  Y   Y  1.00  2.08 1.00 -  |   467.5    443.0  0.00 |  0.0  0.0 0   0   0  0  0  0
  - 4.05s  --------    0  Y   Y  1.00  2.16 1.00 -  |   467.5    443.0  0.00 |  0.0  0.0 0   0   0  0  0  0
  - 3.95s  --------    0  Y   Y  1.00  2.29 1.00 -  |   467.5    443.0  0.00 |  0.0  0.0 0   0   0  0  0  0
  - 3.85s  --------    0  Y   Y  1.00  2.40 1.00 -  |   467.5    443.0  0.00 |  0.0  0.0 0   0   0  0  0  0
  - 3.73s  --------    0  Y   Y  1.00  2.51 1.00 -  |   467.5    443.0  0.00 |  0.0  0.0 0   0   0  0  0  0
  - 3.63s  --------    0  Y   Y  1.00  2.61 1.00 -  |   467.5    443.0  0.00 |  0.0  0.0 0   0   0  0  0  0
  - 3.53s  --------    0  Y   Y  1.00  2.72 1.00 -  |   467.5    443.0  0.00 |  0.0  0.0 0   0   0  0  0  0
  - 3.41s  --------    0  Y   Y  1.00  2.83 1.00 -  |   467.5    443.0  0.00 |  0.0  0.0 0   0   0  0  0  0
  - 3.30s  --------    0  Y   Y  1.00  2.94 1.00 -  |   467.5    443.0  0.00 |  0.0  0.0 0   0   0  0  0  0
  - 3.19s  --------    0  Y   Y  1.00  3.05 1.00 -  |   467.5    443.0  0.00 |  0.0  0.0 0   0   0  0  0  0
  - 3.08s  --------    0  Y   Y  1.00  3.17 1.00 -  |   467.5    443.0  0.00 |  0.0  0.0 0   0   0  0  0  0
  - 2.96s  --------    0  Y   Y  1.00  3.28 1.00 -  |   467.5    443.0  0.00 |  0.0  0.0 0   0   0  0  0  0
  - 2.85s  --------    0  Y   Y  1.00  3.40 1.00 -  |   467.5    443.0  0.00 |  0.0  0.0 0   0   0  0  0  0
  - 2.73s  -----R--    0  Y   Y  1.00  3.51 1.00 T  |   467.6    443.0  0.00 |  0.0  0.0 0   0   0  0  0  0
  - 2.63s  -----R--    0  Y   Y  1.00  0.08 1.00 -  |   468.0    443.0  0.00 |  0.0  0.0 0   0   0  0  0  0
  - 2.51s  -----R--    0  Y   Y  1.00  0.18 1.00 -  |   468.0    443.0  0.00 |  0.0  0.0 0   0   0  0  0  0
  - 2.41s  -----R--    0  Y   Y  1.00  0.27 1.00 -  |   468.0    443.0  0.00 |  0.0  0.0 0   0   0  0  0  0
  - 2.30s  -----R--    0  Y   Y  1.00  0.35 1.00 -  |   468.0    443.0  0.00 |  0.0  0.0 0   0   0  0  0  0
  - 2.20s  --------    0  Y   Y  1.00  0.44 1.00 T  |   468.0    443.0  0.00 |  0.0  0.0 0   0   0  0  0  0
  - 2.09s  --------    0  Y   Y  1.00  0.12 1.00 -  |   468.0    443.0  0.00 |  0.0  0.0 0   0   0  0  0  0
  - 1.99s  --------    0  Y   Y  1.00  0.23 1.00 -  |   468.0    443.0  0.00 |  0.0  0.0 0   0   0  0  0  0
  - 1.87s  -----R--    0  Y   Y  1.00  0.07 1.00 -  |   468.4    443.0  0.00 |  0.0  0.0 0   0   0  0  0  0
  - 1.75s  -----R--    0  Y   Y  1.00  0.17 1.00 -  |   468.5    443.0  0.00 |  0.0  0.0 0   0   0  0  0  0
  - 1.63s  -----R--    0  Y   Y  1.00  0.26 1.00 -  |   468.5    443.0  0.00 |  0.0  0.0 0   0   0  0  0  0
  - 1.53s  -----R--    0  Y   Y  1.00  0.35 1.00 -  |   468.5    443.0  0.00 |  0.0  0.0 0   0   0  0  0  0
  - 1.43s  --------    0  Y   Y  1.00  0.43 1.00 T  |   468.5    443.0  0.00 |  0.0  0.0 0   0   0  0  0  0
  - 1.31s  --------    0  Y   Y  1.00  0.13 1.00 -  |   468.5    443.0  0.00 |  0.0  0.0 0   0   0  0  0  0
  - 1.21s  --------    0  Y   Y  1.00  0.24 1.00 -  |   468.5    443.0  0.00 |  0.0  0.0 0   0   0  0  0  0
  - 1.10s  --------    0  Y   Y  1.00  0.34 1.00 -  |   468.5    443.0  0.00 |  0.0  0.0 0   0   0  0  0  0
  - 1.00s  --------    0  Y   Y  1.00  0.44 1.00 -  |   468.5    443.0  0.00 |  0.0  0.0 0   0   0  0  0  0
  - 0.89s  --------    0  Y   Y  1.00  0.55 1.00 -  |   468.5    443.0  0.00 |  0.0  0.0 0   0   0  0  0  0
  - 0.78s  --------    0  Y   Y  1.00  0.66 1.00 -  |   468.5    443.0  0.00 |  0.0  0.0 0   0   0  0  0  0
  - 0.68s  --------    0  Y   Y  1.00  0.76 1.00 -  |   468.5    443.0  0.00 |  0.0  0.0 0   0   0  0  0  0
  - 0.58s  --------    0  Y   Y  1.00  0.87 1.00 -  |   468.5    443.0  0.00 |  0.0  0.0 0   0   0  0  0  0
  - 0.47s  -----R--    0  Y   Y  1.00  0.03 1.00 -  |   468.5    443.0  0.00 |  0.0  0.0 0   0   0  0  0  0
  - 0.37s  -----R--    0  Y   Y  1.00  0.12 1.00 -  |   468.5    443.0  0.00 | -1.0  0.0 0   0   0  0  0  0
  - 0.26s  -----R--    0  Y   Y  1.00  0.21 1.00 -  |   468.5    443.0  0.00 | -1.0  0.0 0   0   0  0  0  0
  - 0.14s  -----R--    0  Y   Y  1.00  0.30 1.00 -  |   468.5    443.0  0.00 | -1.0  0.0 0   0   0  0  0  0
  - 0.03s  -----R--    0  Y   Y  1.00  0.39 1.00 -  |   468.5    443.0  0.00 | -1.0  0.0 0   0   0  0  1  0
=========================================================== END

[  1523   31.334 x1.00] LOG  [OniBoss] Recovery → Chase
[  1524   31.351 x1.00] LOG  [OniBoss] hold-ground: BACKSTEP 1.5m (player 2.0m)
[  1551   31.881 x1.00] LOG  [OniBoss] hold-ground: backstep done (0.84m), WATCH (player 4.5m, cooldown 2.5s)
[  1551   31.881 x1.00] LOG  [OniBoss] Playing animation: Watch
[  1553   31.921 x1.00] LOG  [OniBoss] Playing animation: run
[  1597   32.804 x1.00] LOG  [OniBoss] Playing animation: Watch
[  1688   34.349 x1.00] LOG  [OniBoss] Chase → Attack
[  1688   34.349 x1.00] LOG  [OniBoss] Attack: ClubSwing2 (16 dmg)
[  1688   34.349 x1.00] LOG  [OniBoss:ClubPos] ClubSwing2 at strike: club tip 5.10m up, -1.77m in front, 1.04m to his right (2.05m out from his centre). Club faces 157deg from his forward, pitch 0.10. Effect currently spawns at 1.20m up / 1.50m front => off by 3.90m up, -3.27m front.
[  1688   34.349 x1.00] LOG  [OniBoss:Layer] swing wave: club reached her at 3.3m, wave is visual only.
[  1691   34.409 x1.00] LOG  [OniBoss:Layer] step-in: 'ClubSwing2' closed 0.25m, Yoru now 3.0m away (range 3.5)
[  1710   34.761 x1.00] LOG  [CameraGameFeel] Shake: intensity=0.20 duration=0.250s
[  1710   34.761 x1.00] LOG  [Combat] Hit react: HitReact_Light_2Leg (0.5s)
[  1710   34.761 x1.00] LOG  [CameraGameFeel] Shake: intensity=0.09 duration=0.150s
[  1710   34.761 x1.00] LOG  [CameraGameFeel] FOV punch: player damage (-2.0°)
[  1710   34.761 x1.00] LOG  [OniBoss] Hit player for 16 (ClubSwing2)
[  1710   34.761 x1.00] LOG  [AirPosePin] engaged, holding body at 0.610m above the transform
[  1711   34.784 x1.00] LOG  [AirPosePin] released, peak correction was 0.000m
[  1750   35.535 x1.00] LOG  [OniBoss] Attack → Recovery
[  1750   35.535 x1.00] LOG  [OniBoss] Playing animation: Watch
[  1750   35.535 x1.00] LOG  [OniBoss:Strike] ClubSwing2: club tip closest to Yoru at 0.72m, clip position 0.30 | damage fires at 0.32 | clip 1.17s => MATCHED (within one or two frames)
[  1759   35.700 x1.00] LOG  [OniBoss] Recovery → Chase
[  1760   35.719 x1.00] LOG  [OniBoss] hold-ground: BACKSTEP 1.5m (player 2.5m)
[  1807   36.679 x1.00] LOG  [OniBoss] hold-ground: backstep done (1.53m), WATCH (player 4.0m, cooldown 2.0s)
[  1807   36.679 x1.00] LOG  [OniBoss] Playing animation: Watch
[  1916   38.653 x1.00] LOG  [Combat] Combo 1: 10 dmg
[  1916   38.653 x1.00] LOG  [ComboTrace] START step=1 state='Combo1' queued=0 target='OniBoss' at 4.0m
[  1916   38.653 x1.00] LOG  [ComboTrace] LAUNCH OniBoss at 2.7m dist=2.69m in 0.27s
[  1919   38.715 x1.00] LOG  [OniBoss] Chase → Attack
[  1919   38.715 x1.00] LOG  [OniBoss] Attack: Club_Swing (16 dmg)
[  1919   38.715 x1.00] LOG  [OniBoss:ClubPos] Club_Swing at strike: club tip 5.07m up, -1.77m in front, 1.03m to his right (2.05m out from his centre). Club faces 157deg from his forward, pitch 0.09. Effect currently spawns at 1.20m up / 1.50m front => off by 3.87m up, -3.27m front.
[  1919   38.715 x1.00] LOG  [OniBoss:Layer] swing wave: club reached her at 3.0m, wave is visual only.
[  1925   38.842 x1.00] LOG  [Combat] Queued click #1 (combo 1)
[  1925   38.842 x1.00] LOG  [ComboTrace] QUEUED #1 during step 1
[  1930   38.932 x1.00] LOG  [ComboTrace] LAUNCH RESULT wanted=2.69m actually moved=2.06m — completed
[  1935   39.023 x1.00] LOG  [Combat] Queued click #2 (combo 1)
[  1935   39.023 x1.00] LOG  [ComboTrace] QUEUED #2 during step 1
[  1948   39.264 x1.00] LOG  OniBoss took 10 damage. HP: 450/500
[  1948   39.264 x1.00] LOG  [OniBoss] 🤕 Hit during Attack — flash only
[  1948   39.264 x1.00] LOG  [Combat] Hit OniBoss for 10
[  1948   39.264 x1.00] LOG  [CameraGameFeel] Shake: intensity=0.15 duration=0.150s
[  1948   39.264 x1.00] LOG  [CameraGameFeel] FOV punch: hit light (+1.5°)
[  1956   39.420 x1.00] LOG  [CameraGameFeel] Shake: intensity=0.20 duration=0.250s
[  1956   39.420 x1.00] LOG  [Combat] Hit react: HitReact_Light_2Leg (0.5s)
[  1956   39.420 x1.00] LOG  [CameraGameFeel] Shake: intensity=0.09 duration=0.150s
[  1956   39.420 x1.00] LOG  [CameraGameFeel] FOV punch: player damage (-2.0°)
[  1956   39.420 x1.00] LOG  [OniBoss] Hit player for 16 (Club_Swing)
[  1956   39.420 x1.00] LOG  [AirPosePin] engaged, holding body at 0.610m above the transform
[  1957   39.440 x1.00] LOG  [AirPosePin] released, peak correction was 0.000m
[  1958   39.461 x1.00] LOG  [AirPosePin] engaged, holding body at 0.610m above the transform
[  1963   39.552 x1.00] LOG  [AirPosePin] released, peak correction was -0.001m
[  1966   39.612 x1.00] LOG  [OniBoss] Attack → Recovery
[  1966   39.612 x1.00] LOG  [OniBoss] Playing animation: Watch
[  1966   39.612 x1.00] LOG  [OniBoss:Strike] Club_Swing: club tip closest to Yoru at 0.48m, clip position 0.91 | damage fires at 0.75 | clip 0.84s => damage fires 132 ms BEFORE the club is closest
[  1975   39.772 x1.00] LOG  [OniBoss] Recovery → Chase
[  1976   39.790 x1.00] LOG  [OniBoss] hold-ground: BACKSTEP 1.5m (player 2.0m)
[  1983   39.938 x1.00] LOG  🚶 2-LEG JUMP
[  1983   39.938 x1.00] LOG  🐾 Jump 1 VFX spawned!
[  1999   40.267 x1.00] LOG  [ComboTrace] LAUNCH OniBoss at 1.2m dist=1.20m in 0.13s [AIRBORNE]
[  1999   40.267 x1.00] LOG  [Combat] Aerial spin — 25 dmg
[  1999   40.267 x1.00] LOG  OniBoss took 10 damage. HP: 440/500
[  1999   40.267 x1.00] LOG  [OniBoss] Chase → HitReact
[  1999   40.267 x1.00] LOG  [OniBoss:Layer] react tier: LIGHT (10 dmg) → 'Hit_react_light'
[  1999   40.267 x1.00] LOG  [CameraGameFeel] Shake: intensity=0.15 duration=0.150s
[  1999   40.267 x1.00] LOG  [CameraGameFeel] FOV punch: hit light (+1.5°)
[  1999   40.267 x1.00] LOG  [AirPosePin] engaged, holding body at 1.635m above the transform
[  2006   40.418 x1.00] LOG  [ComboTrace] LAUNCH RESULT wanted=1.20m actually moved=0.62m — completed
[  2006   40.418 x1.00] LOG  OniBoss took 10 damage. HP: 430/500
[  2006   40.418 x1.00] LOG  [OniBoss:Layer] burst: 2 hits / 20 dmg → flinch upgraded to 'HitReact_medium'
[  2006   40.418 x1.00] LOG  [CameraGameFeel] Shake: intensity=0.05 duration=0.150s
[  2014   40.586 x1.00] LOG  OniBoss took 10 damage. HP: 420/500
[  2014   40.586 x1.00] LOG  [OniBoss] HitReact → Stagger
[  2014   40.586 x1.00] LOG  [OniBoss] Playing animation: Stagger
[  2014   40.586 x1.00] LOG  [OniBoss] STAGGERED for 2.5s
[  2014   40.586 x1.00] LOG  [OniBoss:Layer] heavy knock-back react (swirl burst, 3 hits / 30 dmg) → 'HitReact_Heavy', down for 1.80s
[  2014   40.586 x1.00] LOG  [OniBoss:Layer] burst: 3 hits / 30 dmg inside 0.8s → knock-back + 0.90m push
[  2014   40.586 x1.00] LOG  [CameraGameFeel] Shake: intensity=0.05 duration=0.150s
[  2021   40.737 x1.00] LOG  OniBoss punish window! 10 → 15 (x1.5)
[  2021   40.737 x1.00] LOG  OniBoss took 15 damage. HP: 405/500
[  2021   40.737 x1.00] LOG  [CameraGameFeel] Shake: intensity=0.05 duration=0.150s
[  2028   40.883 x1.00] LOG  [ComboTrace] CLICK IGNORED (step=3 queued=0)
[  2028   40.883 x1.00] LOG  💨 Landing VFX spawned!
[  2028   40.883 x1.00] LOG  ✅ LANDED! (was jump #1)
[  2028   40.883 x1.00] LOG  [AirPosePin] released, peak correction was 0.856m
[  2029   40.906 x1.00] LOG  🚶 2-LEG JUMP
[  2029   40.906 x1.00] LOG  🐾 Jump 1 VFX spawned!
[  2029   40.906 x1.00] LOG  OniBoss punish window! 10 → 15 (x1.5)
[  2029   40.906 x1.00] LOG  OniBoss took 15 damage. HP: 390/500
[  2029   40.906 x1.00] LOG  [CameraGameFeel] Shake: intensity=0.05 duration=0.150s
[  2030   40.928 x1.00] LOG  [AirPosePin] engaged, holding body at 0.742m above the transform
[  2034   41.008 x1.00] LOG  [ComboTrace] END step=3 clipProgress=0.91 clipLen=0.79s queued=0 elapsed=0.74s
[  2035   41.033 x1.00] LOG  [AirPosePin] released, peak correction was 0.060m
[  2074   41.834 x1.00] LOG  💨 Landing VFX spawned!
[  2074   41.834 x1.00] LOG  ✅ LANDED! (was jump #1)
[  2075   41.856 x1.00] LOG  🚶 2-LEG JUMP
[  2075   41.856 x1.00] LOG  🐾 Jump 1 VFX spawned!
[  2082   41.998 x1.00] LOG  [ComboTrace] LAUNCH OniBoss at 1.8m dist=1.79m in 0.18s [AIRBORNE]
[  2082   41.998 x1.00] LOG  [Combat] Aerial spin — 25 dmg
[  2082   41.998 x1.00] LOG  OniBoss punish window! 10 → 15 (x1.5)
[  2082   41.998 x1.00] LOG  OniBoss took 15 damage. HP: 375/500
[  2082   41.998 x1.00] LOG  [CameraGameFeel] Shake: intensity=0.15 duration=0.150s
[  2082   41.998 x1.00] LOG  [CameraGameFeel] FOV punch: hit light (+1.5°)
[  2082   41.998 x1.00] LOG  [AirPosePin] engaged, holding body at 0.736m above the transform
[  2089   42.154 x1.00] LOG  OniBoss punish window! 10 → 15 (x1.5)
[  2089   42.154 x1.00] LOG  OniBoss took 15 damage. HP: 360/500
[  2089   42.154 x1.00] LOG  [CameraGameFeel] Shake: intensity=0.05 duration=0.150s
[  2091   42.197 x1.00] LOG  [ComboTrace] LAUNCH RESULT wanted=1.79m actually moved=1.88m — completed
[  2096   42.304 x1.00] LOG  OniBoss punish window! 10 → 15 (x1.5)
[  2096   42.304 x1.00] LOG  OniBoss took 15 damage. HP: 345/500
[  2096   42.304 x1.00] LOG  [CameraGameFeel] Shake: intensity=0.05 duration=0.150s
[  2100   42.388 x1.00] LOG  [OniBoss] Stagger → Chase
[  2101   42.409 x1.00] LOG  [OniBoss] Playing animation: Watch
[  2101   42.409 x1.00] LOG  [OniBoss] Chase → Attack
[  2101   42.409 x1.00] LOG  [OniBoss] Attack: ClubSwing2 (16 dmg)
[  2101   42.409 x1.00] LOG  [OniBoss:ClubPos] ClubSwing2 at strike: club tip 0.86m up, 1.06m in front, 1.84m to his right (2.12m out from his centre). Club faces 29deg from his forward, pitch -0.50. Effect currently spawns at 1.20m up / 1.50m front => off by -0.34m up, -0.44m front.
[  2101   42.409 x1.00] LOG  [OniBoss:Layer] swing wave: club reached her at 3.0m, wave is visual only.
[  2117   42.746 x1.00] LOG  [ComboTrace] END step=3 clipProgress=0.92 clipLen=0.79s queued=0 elapsed=0.75s
[  2118   42.766 x1.00] LOG  [AirPosePin] released, peak correction was 0.059m
[  2120   42.809 x1.00] LOG  💨 Landing VFX spawned!
[  2120   42.809 x1.00] LOG  ✅ LANDED! (was jump #1)
[  2120   42.809 x1.00] LOG  [CameraGameFeel] Shake: intensity=0.20 duration=0.250s
[  2120   42.809 x1.00] LOG  [Combat] Hit react: HitReact_Light_2Leg (0.5s)
[  2120   42.809 x1.00] LOG  [CameraGameFeel] Shake: intensity=0.09 duration=0.150s
[  2120   42.809 x1.00] LOG  [CameraGameFeel] FOV punch: player damage (-2.0°)
[  2120   42.809 x1.00] LOG  [OniBoss] Hit player for 16 (ClubSwing2)
[  2120   42.809 x1.00] LOG  [AirPosePin] engaged, holding body at 0.610m above the transform
[  2127   42.959 x1.00] LOG  [AirPosePin] released, peak correction was -0.002m
[  2160   43.593 x1.00] LOG  [OniBoss] Attack → Recovery
[  2160   43.593 x1.00] LOG  [OniBoss] Playing animation: Watch
[  2160   43.593 x1.00] LOG  [OniBoss:Strike] ClubSwing2: club tip closest to Yoru at 1.07m, clip position 0.31 | damage fires at 0.32 | clip 1.17s => MATCHED (within one or two frames)
[  2161   43.613 x1.00] LOG  🚶 2-LEG JUMP
[  2161   43.613 x1.00] LOG  🐾 Jump 1 VFX spawned!
[  2163   43.654 x1.00] LOG  [ComboTrace] LAUNCH OniBoss at 1.0m dist=1.05m in 0.13s [AIRBORNE]
[  2163   43.654 x1.00] LOG  [Combat] Aerial spin — 25 dmg
[  2163   43.654 x1.00] LOG  OniBoss took 10 damage. HP: 335/500
[  2163   43.654 x1.00] LOG  [OniBoss] Recovery → HitReact
[  2163   43.654 x1.00] LOG  [OniBoss:Layer] react tier: LIGHT (10 dmg) → 'Hit_react_light'
[  2163   43.654 x1.00] LOG  [CameraGameFeel] Shake: intensity=0.15 duration=0.150s
[  2163   43.654 x1.00] LOG  [CameraGameFeel] FOV punch: hit light (+1.5°)
[  2163   43.654 x1.00] LOG  [AirPosePin] engaged, holding body at 0.534m above the transform
[  2170   43.797 x1.00] LOG  [ComboTrace] LAUNCH RESULT wanted=1.05m actually moved=0.36m — completed
[  2171   43.821 x1.00] LOG  OniBoss took 10 damage. HP: 325/500
[  2171   43.821 x1.00] LOG  [OniBoss:Layer] burst: 2 hits / 20 dmg → flinch upgraded to 'HitReact_medium'
[  2171   43.821 x1.00] LOG  [CameraGameFeel] Shake: intensity=0.05 duration=0.150s
[  2178   43.974 x1.00] LOG  OniBoss took 10 damage. HP: 315/500
[  2178   43.974 x1.00] LOG  [OniBoss] HitReact → Stagger
[  2178   43.974 x1.00] LOG  [OniBoss] Playing animation: Stagger
[  2178   43.974 x1.00] LOG  [OniBoss] STAGGERED for 2.5s
[  2178   43.974 x1.00] LOG  [OniBoss:Layer] heavy knock-back react (swirl burst, 3 hits / 30 dmg) → 'HitReact_Heavy', down for 1.80s
[  2178   43.974 x1.00] LOG  [OniBoss:Layer] burst: 3 hits / 30 dmg inside 0.8s → knock-back + 0.90m push
[  2178   43.974 x1.00] LOG  [CameraGameFeel] Shake: intensity=0.05 duration=0.150s
[  2185   44.132 x1.00] LOG  OniBoss punish window! 10 → 15 (x1.5)
[  2185   44.132 x1.00] LOG  OniBoss took 15 damage. HP: 300/500
[  2185   44.132 x1.00] LOG  [CameraGameFeel] Shake: intensity=0.05 duration=0.150s
[  2193   44.300 x1.00] LOG  OniBoss punish window! 10 → 15 (x1.5)
[  2193   44.300 x1.00] LOG  OniBoss took 15 damage. HP: 285/500
[  2193   44.300 x1.00] LOG  [CameraGameFeel] Shake: intensity=0.05 duration=0.150s
[  2197   44.387 x1.00] LOG  [ComboTrace] END step=3 clipProgress=0.90 clipLen=0.79s queued=0 elapsed=0.73s
[  2198   44.408 x1.00] LOG  [AirPosePin] released, peak correction was -0.154m
[  2205   44.555 x1.00] LOG  💨 Landing VFX spawned!
[  2205   44.555 x1.00] LOG  ✅ LANDED! (was jump #1)
[  2206   44.577 x1.00] LOG  [Combat] Dodge: Dodge_2Leg (3m, 2leg)
[  2206   44.577 x1.00] LOG  [AirPosePin] engaged, holding body at 1.636m above the transform
[  2207   44.599 x1.00] LOG  [AirPosePin] released, peak correction was 0.000m
[  2208   44.620 x1.00] LOG  [AirPosePin] engaged, holding body at 1.027m above the transform
[  2209   44.643 x1.00] LOG  [AirPosePin] released, peak correction was 0.000m
[  2210   44.663 x1.00] LOG  [AirPosePin] engaged, holding body at 0.910m above the transform
[  2211   44.683 x1.00] LOG  [AirPosePin] released, peak correction was 0.000m
[  2212   44.705 x1.00] LOG  [AirPosePin] engaged, holding body at 1.130m above the transform
[  2213   44.728 x1.00] LOG  [AirPosePin] released, peak correction was 0.000m
[  2214   44.748 x1.00] LOG  [AirPosePin] engaged, holding body at 1.383m above the transform
[  2215   44.768 x1.00] LOG  [AirPosePin] released, peak correction was 0.000m
[  2216   44.789 x1.00] LOG  [AirPosePin] engaged, holding body at 1.587m above the transform
[  2217   44.814 x1.00] LOG  [AirPosePin] released, peak correction was 0.000m
[  2218   44.835 x1.00] LOG  [AirPosePin] engaged, holding body at 1.702m above the transform
[  2219   44.855 x1.00] LOG  [AirPosePin] released, peak correction was 0.000m
[  2220   44.878 x1.00] LOG  [AirPosePin] engaged, holding body at 1.655m above the transform
[  2221   44.899 x1.00] LOG  [AirPosePin] released, peak correction was 0.000m
[  2222   44.924 x1.00] LOG  [AirPosePin] engaged, holding body at 1.336m above the transform
[  2223   44.946 x1.00] LOG  [AirPosePin] released, peak correction was 0.000m
[  2224   44.965 x1.00] LOG  [AirPosePin] engaged, holding body at 1.137m above the transform
[  2225   44.982 x1.00] LOG  [AirPosePin] released, peak correction was 0.000m
[  2226   45.002 x1.00] LOG  [AirPosePin] engaged, holding body at 0.931m above the transform
[  2227   45.021 x1.00] LOG  [AirPosePin] released, peak correction was 0.000m
[  2228   45.037 x1.00] LOG  [AirPosePin] engaged, holding body at 0.774m above the transform
[  2229   45.055 x1.00] LOG  [AirPosePin] released, peak correction was 0.000m
[  2230   45.074 x1.00] LOG  [AirPosePin] engaged, holding body at 0.806m above the transform
[  2231   45.094 x1.00] LOG  [AirPosePin] released, peak correction was 0.000m
[  2232   45.112 x1.00] LOG  [AirPosePin] engaged, holding body at 0.764m above the transform
[  2233   45.131 x1.00] LOG  [AirPosePin] released, peak correction was 0.000m
[  2234   45.148 x1.00] LOG  [AirPosePin] engaged, holding body at 0.719m above the transform
[  2235   45.165 x1.00] LOG  [AirPosePin] released, peak correction was 0.000m
[  2236   45.182 x1.00] LOG  [AirPosePin] engaged, holding body at 0.682m above the transform
[  2237   45.202 x1.00] LOG  [AirPosePin] released, peak correction was 0.000m
[  2238   45.222 x1.00] LOG  [AirPosePin] engaged, holding body at 0.656m above the transform
[  2239   45.241 x1.00] LOG  [AirPosePin] released, peak correction was 0.000m
[  2240   45.258 x1.00] LOG  [AirPosePin] engaged, holding body at 0.652m above the transform
[  2241   45.277 x1.00] LOG  [DodgeTrace] 2leg flip: clip 0.67s, ran 0.72s, 3.0m — travel finished at 0.70s, leaving 0.02s of clip with nothing moving.
[  2241   45.277 x1.00] LOG  [Combat] Dodge ended
[  2241   45.277 x1.00] LOG  [AirPosePin] released, peak correction was 0.000m
[  2242   45.295 x1.00] LOG  [Combat] Combo 1: 10 dmg
[  2242   45.295 x1.00] LOG  [ComboTrace] START step=1 state='Combo1' queued=0 target='OniBoss' at 2.0m
[  2242   45.295 x1.00] LOG  [ComboTrace] LAUNCH OniBoss at 0.8m dist=0.80m in 0.13s
[  2250   45.442 x1.00] LOG  [ComboTrace] LAUNCH RESULT wanted=0.80m actually moved=0.00m — completed
[  2256   45.548 x1.00] LOG  [Combat] Queued click #1 (combo 1)
[  2256   45.548 x1.00] LOG  [ComboTrace] QUEUED #1 during step 1
[  2269   45.784 x1.00] LOG  [Combat] Dodge: Dodge_2Leg (3m, 2leg)
[  2269   45.784 x1.00] LOG  [OniBoss] Stagger → Chase
[  2269   45.784 x1.00] LOG  [AirPosePin] engaged, holding body at 0.655m above the transform
[  2270   45.803 x1.00] LOG  [OniBoss] Playing animation: Watch
[  2270   45.803 x1.00] LOG  [OniBoss] Chase → Attack
[  2270   45.803 x1.00] LOG  [OniBoss] Attack: Club_Swing (16 dmg)
[  2270   45.803 x1.00] LOG  [OniBoss:ClubPos] Club_Swing at strike: club tip 0.86m up, 1.06m in front, 1.84m to his right (2.12m out from his centre). Club faces 29deg from his forward, pitch -0.50. Effect currently spawns at 1.20m up / 1.50m front => off by -0.34m up, -0.44m front.
[  2270   45.803 x1.00] LOG  [OniBoss:Layer] swing wave: club reached her at 2.0m, wave is visual only.
[  2270   45.803 x1.00] LOG  [AirPosePin] released, peak correction was 0.000m
[  2271   45.824 x1.00] LOG  [AirPosePin] engaged, holding body at 0.684m above the transform
[  2272   45.845 x1.00] LOG  [AirPosePin] released, peak correction was 0.000m
[  2273   45.862 x1.00] LOG  [AirPosePin] engaged, holding body at 0.822m above the transform
[  2274   45.882 x1.00] LOG  [AirPosePin] released, peak correction was 0.000m
[  2275   45.905 x1.00] LOG  OniBoss took 10 damage. HP: 275/500
[  2275   45.905 x1.00] LOG  [OniBoss] 🤕 Hit during Attack — flash only
[  2275   45.905 x1.00] LOG  [Combat] Hit OniBoss for 10
[  2275   45.905 x1.00] LOG  [CameraGameFeel] Shake: intensity=0.15 duration=0.150s
[  2275   45.905 x1.00] LOG  [CameraGameFeel] FOV punch: hit light (+1.5°)
[  2275   45.905 x1.00] LOG  [AirPosePin] engaged, holding body at 1.085m above the transform
[  2276   45.923 x1.00] LOG  [AirPosePin] released, peak correction was 0.000m
[  2277   45.944 x1.00] LOG  [AirPosePin] engaged, holding body at 1.085m above the transform
[  2278   45.961 x1.00] LOG  [AirPosePin] released, peak correction was 0.000m
[  2279   45.978 x1.00] LOG  [AirPosePin] engaged, holding body at 1.286m above the transform
[  2280   45.996 x1.00] LOG  [AirPosePin] released, peak correction was 0.000m
[  2281   46.014 x1.00] LOG  [AirPosePin] engaged, holding body at 1.487m above the transform
[  2282   46.035 x1.00] LOG  [AirPosePin] released, peak correction was 0.000m
[  2283   46.055 x1.00] LOG  [AirPosePin] engaged, holding body at 1.654m above the transform
[  2284   46.073 x1.00] LOG  [AirPosePin] released, peak correction was 0.000m
[  2285   46.093 x1.00] LOG  [AirPosePin] engaged, holding body at 1.706m above the transform
[  2286   46.111 x1.00] LOG  [AirPosePin] released, peak correction was 0.000m
[  2287   46.133 x1.00] LOG  [AirPosePin] engaged, holding body at 1.594m above the transform
[  2288   46.152 x1.00] LOG  [AirPosePin] released, peak correction was 0.000m
[  2289   46.172 x1.00] LOG  [AirPosePin] engaged, holding body at 1.326m above the transform
[  2290   46.192 x1.00] LOG  [AirPosePin] released, peak correction was 0.000m
[  2291   46.211 x1.00] LOG  [AirPosePin] engaged, holding body at 1.135m above the transform
[  2292   46.231 x1.00] LOG  [AirPosePin] released, peak correction was 0.000m
[  2293   46.252 x1.00] LOG  [AirPosePin] engaged, holding body at 0.909m above the transform
[  2294   46.272 x1.00] LOG  [AirPosePin] released, peak correction was 0.000m
[  2295   46.291 x1.00] LOG  [AirPosePin] engaged, holding body at 0.761m above the transform
[  2296   46.309 x1.00] LOG  [AirPosePin] released, peak correction was 0.000m
[  2297   46.327 x1.00] LOG  [AirPosePin] engaged, holding body at 0.806m above the transform
[  2298   46.344 x1.00] LOG  [AirPosePin] released, peak correction was 0.000m
[  2299   46.363 x1.00] LOG  [AirPosePin] engaged, holding body at 0.757m above the transform
[  2300   46.382 x1.00] LOG  [AirPosePin] released, peak correction was 0.000m
[  2301   46.403 x1.00] LOG  [AirPosePin] engaged, holding body at 0.708m above the transform
[  2302   46.421 x1.00] LOG  [AirPosePin] released, peak correction was 0.000m
[  2303   46.440 x1.00] LOG  [AirPosePin] engaged, holding body at 0.671m above the transform
[  2304   46.462 x1.00] LOG  [AirPosePin] released, peak correction was 0.000m
[  2305   46.481 x1.00] LOG  [AirPosePin] engaged, holding body at 0.653m above the transform
[  2306   46.503 x1.00] LOG  [CameraGameFeel] Shake: intensity=0.20 duration=0.250s
[  2306   46.503 x1.00] LOG  [Combat] Hit react: HitReact_Light_2Leg (0.5s)
[  2306   46.503 x1.00] LOG  [CameraGameFeel] Shake: intensity=0.09 duration=0.150s
[  2306   46.503 x1.00] LOG  [CameraGameFeel] FOV punch: player damage (-2.0°)
[  2306   46.503 x1.00] LOG  [OniBoss] Hit player for 16 (Club_Swing)
[  2315   46.672 x1.00] LOG  [AirPosePin] released, peak correction was 0.041m
[  2316   46.694 x1.00] LOG  [OniBoss] Attack → Recovery
[  2316   46.694 x1.00] LOG  [OniBoss] Playing animation: Watch
[  2316   46.694 x1.00] LOG  [OniBoss:Strike] Club_Swing: club tip closest to Yoru at 0.56m, clip position 0.90 | damage fires at 0.75 | clip 0.84s => damage fires 127 ms BEFORE the club is closest
[  2325   46.862 x1.00] LOG  [OniBoss] Recovery → Chase
[  2326   46.883 x1.00] LOG  [OniBoss] hold-ground: BACKSTEP 1.5m (player 2.0m)
[  2335   47.067 x1.00] LOG  🚶 2-LEG JUMP
[  2335   47.067 x1.00] LOG  🐾 Jump 1 VFX spawned!
[  2354   47.449 x1.00] LOG  [Combat] Dodge: Dodge_2Leg (3m, 2leg)
[  2354   47.449 x1.00] LOG  [AirPosePin] engaged, holding body at 1.770m above the transform
[  2372   47.829 x1.00] LOG  [OniBoss] hold-ground: backstep done (1.51m), WATCH (player 2.3m, cooldown 2.0s)
[  2372   47.829 x1.00] LOG  [OniBoss] Playing animation: Watch
[  2387   48.136 x1.00] LOG  [DodgeTrace] 2leg flip: clip 0.67s, ran 0.71s, 3.0m — travel finished at 0.71s, leaving 0.00s of clip with nothing moving.
[  2387   48.136 x1.00] LOG  [Combat] Dodge ended
[  2387   48.136 x1.00] LOG  [AirPosePin] released, peak correction was 1.118m
[  2390   48.197 x1.00] LOG  💨 Landing VFX spawned!
[  2390   48.197 x1.00] LOG  ✅ LANDED! (was jump #1)
[  2408   48.523 x1.00] LOG  🚶 2-LEG JUMP
[  2408   48.523 x1.00] LOG  🐾 Jump 1 VFX spawned!
[  2423   48.828 x1.00] LOG  [Combat] Dodge: Dodge_2Leg (3m, 2leg)
[  2423   48.828 x1.00] LOG  [AirPosePin] engaged, holding body at 1.450m above the transform
[  2451   49.395 x1.00] LOG  [AirPosePin] released, peak correction was 0.700m
[  2453   49.437 x1.00] LOG  [AirPosePin] engaged, holding body at 0.679m above the transform
[  2454   49.454 x1.00] LOG  [AirPosePin] released, peak correction was 0.000m
[  2455   49.472 x1.00] LOG  [AirPosePin] engaged, holding body at 0.657m above the transform
[  2456   49.489 x1.00] LOG  [AirPosePin] released, peak correction was 0.000m
[  2457   49.505 x1.00] LOG  [AirPosePin] engaged, holding body at 0.652m above the transform
[  2458   49.522 x1.00] LOG  [DodgeTrace] 2leg flip: clip 0.67s, ran 0.71s, 3.0m — travel finished at 0.70s, leaving 0.02s of clip with nothing moving.
[  2458   49.522 x1.00] LOG  [Combat] Dodge ended
[  2458   49.522 x1.00] LOG  [AirPosePin] released, peak correction was 0.000m
[  2459   49.544 x1.00] LOG  ✅ LANDED! (was jump #0)
[  2477   49.873 x1.00] LOG  [OniBoss] Combo started: ClubSwing1 → ClubSwing2 → ClubSlam (3 steps remaining)
[  2477   49.873 x1.00] LOG  [OniBoss] Chase → Attack
[  2477   49.873 x1.00] LOG  [OniBoss] Attack: Club_Swing (16 dmg)
[  2477   49.873 x1.00] LOG  [OniBoss:ClubPos] Club_Swing at strike: club tip 5.07m up, -1.77m in front, 1.03m to his right (2.05m out from his centre). Club faces 157deg from his forward, pitch 0.09. Effect currently spawns at 1.20m up / 1.50m front => off by 3.87m up, -3.27m front.
[  2477   49.873 x1.00] LOG  [OniBoss:Layer] swing wave: club reached her at 2.0m, wave is visual only.
[  2512   50.528 x1.00] LOG  [CameraGameFeel] Shake: intensity=0.20 duration=0.250s
[  2512   50.528 x1.00] LOG  [Combat] Hit react: HitReact_Light_2Leg (0.5s)
[  2512   50.528 x1.00] LOG  [CameraGameFeel] Shake: intensity=0.09 duration=0.150s
[  2512   50.528 x1.00] LOG  [CameraGameFeel] FOV punch: player damage (-2.0°)
[  2512   50.528 x1.00] LOG  [OniBoss] Hit player for 16 (Club_Swing)
[  2512   50.528 x1.00] LOG  [AirPosePin] engaged, holding body at 0.617m above the transform
[  2521   50.684 x1.00] LOG  [StormWeather] ⚡ strike at (481.85, 45.00, 447.03)
[  2521   50.684 x1.00] LOG  [AirPosePin] released, peak correction was 0.005m
[  2523   50.723 x1.00] LOG  [OniBoss] Attack → Recovery
[  2523   50.723 x1.00] LOG  [OniBoss] Playing animation: Watch
[  2523   50.723 x1.00] LOG  [OniBoss:Strike] Club_Swing: club tip closest to Yoru at 0.49m, clip position 0.91 | damage fires at 0.75 | clip 0.84s => damage fires 131 ms BEFORE the club is closest
[  2531   50.886 x1.00] LOG  [OniBoss] Recovery → Attack
[  2531   50.886 x1.00] LOG  [OniBoss] Attack: ClubSwing2 (16 dmg)
[  2551   51.295 x1.00] LOG  [CameraGameFeel] Shake: intensity=0.20 duration=0.250s
[  2551   51.295 x1.00] LOG  [Combat] Hit react: HitReact_Light_2Leg (0.5s)
[  2551   51.295 x1.00] LOG  [CameraGameFeel] Shake: intensity=0.09 duration=0.150s
[  2551   51.295 x1.00] LOG  [CameraGameFeel] FOV punch: player damage (-2.0°)
[  2551   51.295 x1.00] LOG  [OniBoss] Hit player for 16 (ClubSwing2)
[  2551   51.295 x1.00] LOG  [OniBoss:ClubPos] ClubSwing2 at strike: club tip 0.63m up, 0.98m in front, 3.31m to his right (3.46m out from his centre). Club faces 50deg from his forward, pitch -0.88. Effect currently spawns at 1.20m up / 1.50m front => off by -0.57m up, -0.52m front.
[  2551   51.295 x1.00] LOG  [OniBoss:Layer] swing wave: club reached her at 2.0m, wave is visual only.
[  2551   51.295 x1.00] LOG  [AirPosePin] engaged, holding body at 0.612m above the transform
[  2559   51.454 x1.00] LOG  [AirPosePin] released, peak correction was 0.000m
[  2590   52.073 x1.00] LOG  [OniBoss] Attack → Recovery
[  2590   52.073 x1.00] LOG  [OniBoss] Playing animation: Watch
[  2590   52.073 x1.00] LOG  [OniBoss:Strike] ClubSwing2: club tip closest to Yoru at 1.33m, clip position 0.30 | damage fires at 0.32 | clip 1.17s => MATCHED (within one or two frames)
[  2598   52.233 x1.00] LOG  [OniBoss] Recovery → Attack
[  2598   52.233 x1.00] LOG  [OniBoss] Attack: ClubSlam (20 dmg)
[  2625   52.753 x1.00] LOG  [CameraGameFeel] Shake: intensity=0.50 duration=0.400s
[  2625   52.753 x1.00] LOG  [Combat] Hit react: HitReact_Heavy_2Leg (0.9s)
[  2625   52.753 x1.00] LOG  [CameraGameFeel] Shake: intensity=0.28 duration=0.150s
[  2625   52.753 x1.00] LOG  [CameraGameFeel] FOV punch: player damage (-3.0°)
[  2625   52.753 x1.00] LOG  [OniBoss] Hit player for 20 (ClubSlam)
[  2625   52.753 x1.00] LOG  [OniBoss:ClubPos] ClubSlam at strike: club tip 0.17m up, 3.58m in front, 0.33m to his right (3.60m out from his centre). Club faces 19deg from his forward, pitch -0.07. Effect currently spawns at 1.20m up / 1.50m front => off by -1.03m up, 2.08m front.
[  2625   52.753 x1.00] LOG  [OniBoss:Layer] swing wave: club reached her at 2.0m, wave is visual only.
[  2625   52.753 x1.00] LOG  [AirPosePin] engaged, holding body at 0.610m above the transform
[  2633   52.915 x1.00] LOG  [AirPosePin] released, peak correction was -0.002m
[  2646   53.173 x1.00] LOG  [OniBoss] Attack → Recovery
[  2646   53.173 x1.00] LOG  [OniBoss] Playing animation: Watch
[  2646   53.173 x1.00] LOG  [OniBoss:Strike] ClubSlam: club tip closest to Yoru at 0.49m, clip position 0.93 | damage fires at 0.52 | clip 0.93s => damage fires 379 ms BEFORE the club is closest
[  2654   53.333 x1.00] LOG  [OniBoss] Recovery → Chase
[  2655   53.356 x1.00] LOG  [OniBoss] hold-ground: BACKSTEP 1.5m (player 2.0m)
[  2660   53.469 x1.00] LOG  [StormWeather] terrain layers restored to dry values.
# end — 586 lines
