# Oni combat log — 2026-08-20 22:24:45
# Unity 6000.2.7f2 | scene 'CaveScene_Oni_Boss1' | platform OSXEditor
# columns: [frame realSeconds timeScale] KIND message      (KIND: LOG WARN ERR EXC TEL)
#
[     0    0.000 x1.00] LOG  [OniLog] console + telemetry → /Users/asenahazal/Documents/Yoru/OniLogs/oni_2026-08-20_22-24-45.log
[     1    0.000 x1.00] LOG  [TailAirShot4Leg] Ready. drawState=shoot_4Leg castParam=Shoot4LegSpeed (found) readyFrame=5 fireFrame=10 frames=24 slowBudget=3s real damageMultiplier=2.00
  arrow leaves: PlayerYoru_1.1/Cat_All_10_Tails_v4/Group/DeformationSystem/root/Root_M/Tail15_R/Tail151_R/Tail152_R/Tail153_R/Tail154_R/Tail155_R/Tail156_R/Tail157_R/Tail158_R/Tail159_R/Tail1510_R/Tail1511_R/Tail1512_R/Tail6_R/Tail6_R_end/Tail6_R_end_end/Tail6_R_end_end_end/RightTailTip_Anchor
  aim VFX left:  PlayerYoru_1.1/Cat_All_10_Tails_v4/Group/DeformationSystem/root/Root_M/Tail15_L/Tail151_L/Tail152_L/Tail153_L/Tail154_L/Tail155_L/Tail156_L/Tail157_L/Tail158_L/Tail159_L/Tail1510_L/Tail1511_L/Tail1512_L/Tail6_L/Tail6_L_end/Tail6_L_end_end/Tail6_L_end_end_end/LeftTailTip_Anchor/Glow_4Leg_L
  aim VFX right: PlayerYoru_1.1/Cat_All_10_Tails_v4/Group/DeformationSystem/root/Root_M/Tail15_R/Tail151_R/Tail152_R/Tail153_R/Tail154_R/Tail155_R/Tail156_R/Tail157_R/Tail158_R/Tail159_R/Tail1510_R/Tail1511_R/Tail1512_R/Tail6_R/Tail6_R_end/Tail6_R_end_end/Tail6_R_end_end_end/RightTailTip_Anchor/Glow_4Leg_R
[     1    0.000 x1.00] LOG  [TailAirShot] Ready. drawState=RightTail_Fast castParam=TailCastSpeed (found)
  arrow leaves: PlayerYoru_1.1/Cat_All_10_Tails_v4/Group/DeformationSystem/root/Root_M/Tail15_R/Tail151_R/Tail152_R/Tail153_R/Tail154_R/Tail155_R/Tail156_R/Tail157_R/Tail158_R/Tail159_R/Tail1510_R/Tail1511_R/Tail1512_R/Tail6_R/Tail6_R_end/Tail6_R_end_end/Tail6_R_end_end_end/RightTailTip_Anchor
  aim VFX: PlayerYoru_1.1/Cat_All_10_Tails_v4/Group/DeformationSystem/root/Root_M/Tail15_R/Tail151_R/Tail152_R/Tail153_R/Tail154_R/Tail155_R/Tail156_R/Tail157_R/Tail158_R/Tail159_R/Tail1510_R/Tail1511_R/Tail1512_R/Tail6_R/Tail6_R_end/Tail6_R_end_end/Tail6_R_end_end_end/RightTailTip_Anchor/vfx_Muzzle_Fireball01Blue
[     1    0.000 x1.00] LOG  [PlayerCombat] Phase 2 form gate CONNECTED (FormController found on this GameObject).
[     1    0.000 x1.00] LOG  [Combat] PlayerCombat initialized — Phase 3C v27
[     1    0.000 x1.00] LOG  [RingMesh] VFX Status:
[     1    0.000 x1.00] LOG    Left: Prefab=✓, Spawn=Tail6_L_end_end_end
[     1    0.000 x1.00] LOG    Right: Prefab=✓, Spawn=Tail6_R_end_end_end
[     1    0.000 x1.00] LOG  === VFX MANAGER INITIALIZED ===
[     1    0.000 x1.00] LOG  Auto-detect animations: False
[     1    0.000 x1.00] LOG  Parent effects to tail: True
[     1    0.000 x1.00] LOG  Prefabs: Jump=True, Land=True, LTail=True, RTail=True
[     1    0.000 x1.00] LOG  ✅ Left Tail Tip: LeftTailVFX
[     1    0.000 x1.00] LOG  ✅ Right Tail Tip: RightTailTip_Anchor
[     1    0.000 x1.00] LOG  [StormWeather] layer 'TerrainLayer_Dirt_01' dry smoothness=0.00 (restore to this if a crash ever leaves it wet)
[     1    0.000 x1.00] LOG  [StormWeather] Ready. Rain on, floor drying... wait, soaking.
[     1    0.000 x1.00] LOG  [FreezeDebug v3] Armed. Manual=L. Auto=True. Buffer=60 snaps @ 0.1s = 6.0s history.
[     1    0.000 x1.00] LOG  [BossBar] BossHealthBarUI initialized
[     1    0.000 x1.00] LOG  OniBoss initialized with 500 HP
[     1    0.000 x1.00] LOG  [OniBoss] ANIMATOR SETUP: cullingMode=CullUpdateTransforms updateMode=Normal applyRootMotion=False speed=1
[     1    0.000 x1.00] LOG  [OniBoss] Initialized
[     1    0.000 x1.00] LOG  [OniBoss:Layer] facing: minFlat 1m, snapOnAttack off, trackInHitReact off
[     1    0.000 x1.00] LOG  [OniBoss:Layer] Yoru launch model ON: launches ALL THE WAY to an enemy within 4.7m of its surface at 10m/s (stop gap 0.00m, NO minimum distance), else steps 0.90m forward. Targeting cone left exactly as her prefab has it.
[     1    0.000 x1.00] LOG  [OniBoss:Layer] Yoru launch ROUND 9: airborne attacks launch too (ON), edge probe now runs on its OWN layer mask (Everything) instead of the line-of-sight mask - the Ground-only mask found no floor in this cave and was cancelling 100% of launches at 0.00m travelled.
[     1    0.000 x1.00] LOG  [OniBoss:Layer] animator speed x1.35 — his 1.13s swing now plays in 0.84s.
[     1    0.000 x1.00] LOG  [OniBoss:Layer] chase speed pushed: phase1 4.5, phase2 5.5 (Yoru runs at 7).
[     1    0.000 x1.00] LOG  [OniBoss:Layer] swing wave ON: 8 dmg out to 5.5m in a 120deg arc, only when the club itself missed. VFX NOT SET — damage only. PlayerHealth found.
[     1    0.000 x1.00] LOG  [OniBoss:Layer] strike contact measurement ON — tracking 'Kanabo3' at depth 4.
[     1    0.000 x1.00] LOG  [OniBoss:Layer] skinned meshes: 46 renderer(s), updateWhenOffscreen ON, body renderer 'Body' rootBone 'Hips'
[     1    0.000 x1.00] LOG  [OniBoss:Layer] charge travel bone: 'Hips' at depth 1 under 'OniBoss', rest local (0.00, 3.24, -0.24)
[     1    0.000 x1.00] LOG  [OniBoss:Layer] charge drive ON (windup to 0.40 at x1.3, rush 14m/s stops at 2.6m, steers 0.35s then commits, strike section from 0.58, strike moment 0.76, trail VFX off)
[     1    0.000 x1.00] LOG  [OniBoss:Layer] attack armor ON (his swings are not interrupted by light/medium hits; heavy hits and rapid-hit bursts still stop him)
[     1    0.000 x1.00] LOG  [OniBoss:Layer] strike moments overridden: Club_Swing=0.55 ClubSwing2=0.32 ClubSlam=0.52 KanaboSweep=0.48
[     1    0.000 x1.00] LOG  [OniBoss:Layer] hold-ground ON (backstep 1.5m @ 1.6m/s after own attacks, watch 'Watch', attack facing LOCKED)
[     1    0.000 x1.00] LOG  [OniBoss:Layer] OniBoss layer ready (reactions, wake-on-hit, watch stance, boss bar). player=found
[     1    0.000 x1.00] WARN [OniBoss] animator state 'KanaboSweep' uses the SAME clip as 'Idle' — the sweep attack plays the idle pose. Drag the 'Oni Kanabo sweep' clip onto KanaboSweep's Motion field.
[     1    0.000 x1.00] LOG  [OniBoss:Layer] charge clip 'Oni Charge.fbx' imports with Root Motion Node = None (in place) — good.
[     1    0.000 x1.00] LOG  [OniBoss:Layer] clips importing with Root Transform Position (Y) NOT baked into pose (12): Oni_Alert(Oni Alert), Club_Slam(Oni Club Slam), Club_Swing(Oni Club Swing), Club_swing2(Oni Club Swing 2), Death(Oni Death Kneel), Hit_react_light(Oni Hit react lighter light), KanaboSweep(Oni Idle), Phase_Transition(Oni Phase transition), run(Oni Run), Walk(Oni Walk), Watch(Oni Watch), Idle(Oni Idle) — their hips' up/down motion is stripped (see round notes; optional).
[     1    0.000 x1.00] LOG  [VolumetricFogController] Found VolumetricFog component on mainCamera (1)
[     1    0.000 x1.00] LOG  [VolumetricFogController] Reflection init: density=True, height=True, baselineHeight=True, alpha=True, noiseStrength=True, lightScatteringExposure=True
[     1    0.000 x1.00] LOG  [VolumetricFogController] Initialized with Neutral preset (height=60, baselineHeight=0)
[     1    0.000 x1.00] WARN [VolumetricFogController] WorldStateManager not found!
[     1    0.000 x1.00] LOG  [CameraGameFeel] CameraGameFeel initialized (shake + FOV)
[     1    2.312 x1.00] LOG  [OniBoss] Playing animation: Idle
[    20    3.106 x1.00] LOG  💨 Landing VFX spawned!
[    20    3.106 x1.00] LOG  ✅ LANDED! (was jump #0)
[   472    6.955 x1.00] LOG  
==================== [FREEZE-DEBUG v3] ====================
  Reason : WASD-NOMOVE: WASD recent + speed 0.00m/s for 0.40s
  Time   : 4.139s   Frame: 472   Snaps: 40
===========================================================

--- CURRENT STATE ---
  Flags: atk=False hvy=False dod=False dsh=False
         grd=False hit=False aerial=False lockPos=False
         comboStep=0
  Anim : speed=1.00  combatLayer hash=-792875657 normT=4.130 weight=1.00 inTransition=False
  CC   : grounded=True  enabled=True  pos=(475.22, 1.25, 427.23)  vel=(0.00, 0.00, 0.00)
  Move : IsRunning=False
  Input: H=1.00 V=0.00  LMB=False MMB=False Q=False Sp=False Sh=False C=False
         WASD pressed in last 0.5s: True (last 0.00s ago)

--- FLIGHT RECORDER (40 snapshots, oldest first, dt=0.10s) ---
  Legend: flags = A(tk) H(vy) D(od) S(sh) G(rd) R(eact) Y(aerial) L(ock)   gnd/cc: Y/n
  t-now    flags     step gnd cc anSp normT layW tr | posX     posZ     spd   | H    V    LMB MMB Q  Sp Sh C
  ------   --------  ---- --- -- ---- ----- ---- -- | -----    -----    ----  | ---- ---- --- --- -- -- -- -
  - 4.14s  --------    0  n   Y  1.00  0.00 1.00 -  |   474.5    427.2  0.00 |  0.0  0.0 0   0   0  0  0  0
  - 4.02s  --------    0  n   Y  1.00  0.10 1.00 -  |   474.5    427.2  0.00 |  0.0  0.0 0   0   0  0  0  0
  - 3.92s  --------    0  n   Y  1.00  0.21 1.00 -  |   474.5    427.2  0.00 |  0.0  0.0 0   0   0  0  0  0
  - 3.81s  --------    0  Y   Y  1.00  0.32 1.00 -  |   474.5    427.2  0.00 |  0.0  0.0 0   0   0  0  0  0
  - 3.71s  --------    0  Y   Y  1.00  0.42 1.00 -  |   474.5    427.2  0.00 |  0.0  0.0 0   0   0  0  0  0
  - 3.61s  --------    0  Y   Y  1.00  0.52 1.00 -  |   474.5    427.2  0.00 |  0.0  0.0 0   0   0  0  0  0
  - 3.50s  --------    0  Y   Y  1.00  0.63 1.00 -  |   474.5    427.2  0.00 |  0.0  0.0 0   0   0  0  0  0
  - 3.40s  --------    0  Y   Y  1.00  0.73 1.00 -  |   474.5    427.2  0.00 |  0.0  0.0 0   0   0  0  0  0
  - 3.30s  --------    0  Y   Y  1.00  0.83 1.00 -  |   474.5    427.2  0.00 |  0.0  0.0 0   0   0  0  0  0
  - 3.19s  --------    0  Y   Y  1.00  0.94 1.00 -  |   474.5    427.2  0.00 |  0.0  0.0 0   0   0  0  0  0
  - 3.09s  --------    0  Y   Y  1.00  1.04 1.00 -  |   474.5    427.2  0.00 |  0.0  0.0 0   0   0  0  0  0
  - 2.98s  --------    0  Y   Y  1.00  1.15 1.00 -  |   474.5    427.2  0.00 |  0.0  0.0 0   0   0  0  0  0
  - 2.87s  --------    0  Y   Y  1.00  1.26 1.00 -  |   474.5    427.2  0.00 |  0.0  0.0 0   0   0  0  0  0
  - 2.77s  --------    0  Y   Y  1.00  1.36 1.00 -  |   474.5    427.2  0.00 |  0.0  0.0 0   0   0  0  0  0
  - 2.66s  --------    0  Y   Y  1.00  1.47 1.00 -  |   474.5    427.2  0.00 |  0.0  0.0 0   0   0  0  0  0
  - 2.56s  --------    0  Y   Y  1.00  1.57 1.00 -  |   474.5    427.2  0.00 |  0.0  0.0 0   0   0  0  0  0
  - 2.46s  --------    0  Y   Y  1.00  1.67 1.00 -  |   474.5    427.2  0.00 |  0.0  0.0 0   0   0  0  0  0
  - 2.36s  --------    0  Y   Y  1.00  1.77 1.00 -  |   474.5    427.2  0.00 |  0.0  0.0 0   0   0  0  0  0
  - 2.25s  --------    0  Y   Y  1.00  1.88 1.00 -  |   474.5    427.2  0.00 |  0.0  0.0 0   0   0  0  0  0
  - 2.15s  --------    0  Y   Y  1.00  1.98 1.00 -  |   474.5    427.2  0.00 |  0.0  0.0 0   0   0  0  0  0
  - 2.04s  --------    0  Y   Y  1.00  2.09 1.00 -  |   474.5    427.2  0.00 |  0.0  0.0 0   0   0  0  0  0
  - 1.93s  --------    0  Y   Y  1.00  2.20 1.00 -  |   474.5    427.2  0.00 |  0.0  0.0 0   0   0  0  0  0
  - 1.83s  --------    0  Y   Y  1.00  2.30 1.00 -  |   474.5    427.2  0.00 |  0.0  0.0 0   0   0  0  0  0
  - 1.73s  --------    0  Y   Y  1.00  2.40 1.00 -  |   474.5    427.2  0.00 |  0.0  0.0 0   0   0  0  0  0
  - 1.63s  --------    0  Y   Y  1.00  2.50 1.00 -  |   474.5    427.2  0.00 |  0.0  0.0 0   0   0  0  0  0
  - 1.52s  --------    0  Y   Y  1.00  2.61 1.00 -  |   474.5    427.2  0.00 |  0.0  0.0 0   0   0  0  0  0
  - 1.42s  --------    0  Y   Y  1.00  2.71 1.00 -  |   474.5    427.2  0.00 |  0.0  0.0 0   0   0  0  0  0
  - 1.32s  --------    0  Y   Y  1.00  2.81 1.00 -  |   474.5    427.2  0.00 |  0.0  0.0 0   0   0  0  0  0
  - 1.22s  --------    0  Y   Y  1.00  2.91 1.00 -  |   474.5    427.2  0.00 |  0.0  0.0 0   0   0  0  0  0
  - 1.11s  --------    0  Y   Y  1.00  3.02 1.00 -  |   474.5    427.2  0.00 |  0.0  0.0 0   0   0  0  0  0
  - 1.01s  --------    0  Y   Y  1.00  3.12 1.00 -  |   474.5    427.2  0.00 |  0.0  0.0 0   0   0  0  0  0
  - 0.90s  --------    0  Y   Y  1.00  3.23 1.00 -  |   474.5    427.2  0.00 |  0.0  0.0 0   0   0  0  0  0
  - 0.79s  --------    0  Y   Y  1.00  3.34 1.00 -  |   474.5    427.2  0.00 |  0.0  0.0 0   0   0  0  0  0
  - 0.69s  --------    0  Y   Y  1.00  3.44 1.00 -  |   474.5    427.2  0.00 |  0.0  0.0 0   0   0  0  0  0
  - 0.58s  --------    0  Y   Y  1.00  3.55 1.00 -  |   474.5    427.2  0.00 |  0.0  0.0 0   0   0  0  0  0
  - 0.47s  --------    0  Y   Y  1.00  3.66 1.00 -  |   474.5    427.2  0.00 |  0.0  0.0 0   0   0  0  0  0
  - 0.37s  --------    0  Y   Y  1.00  3.76 1.00 -  |   474.5    427.2  0.00 |  1.0  0.0 0   0   0  0  0  0
  - 0.27s  --------    0  Y   Y  1.00  3.86 1.00 -  |   474.7    427.2  0.00 |  1.0  0.0 0   0   0  0  0  0
  - 0.17s  --------    0  Y   Y  1.00  3.97 1.00 -  |   474.9    427.2  0.00 |  1.0  0.0 0   0   0  0  0  0
  - 0.06s  --------    0  Y   Y  1.00  4.07 1.00 -  |   475.1    427.2  0.00 |  1.0  0.0 0   0   0  0  0  0
=========================================================== END

[   505    7.338 x1.00] LOG  🚶 2-LEG JUMP
[   505    7.338 x1.00] LOG  🐾 Jump 1 VFX spawned!
[   536    7.768 x1.00] LOG  [Combat] Dodge: Dodge_2Leg (3m, 2leg)
[   536    7.768 x1.00] LOG  [AirPosePin] engaged, holding body at 2.048m above the transform
[   590    8.447 x1.00] LOG  [DodgeTrace] 2leg flip: clip 0.67s, ran 0.69s, skipped 0.00s of wind-up, 3.0m — travel finished at 0.69s, leaving 0.00s of clip with nothing moving.
[   590    8.447 x1.00] LOG  [Combat] Dodge ended
[   590    8.447 x1.00] LOG  [AirPosePin] released, peak correction was 1.396m
[   611    8.683 x1.00] LOG  💨 Landing VFX spawned!
[   611    8.683 x1.00] LOG  ✅ LANDED! (was jump #1)
[   753    9.985 x1.00] LOG  🚶 2-LEG JUMP
[   753    9.985 x1.00] LOG  🐾 Jump 1 VFX spawned!
[   783   10.285 x1.00] LOG  [Combat] Dodge: Dodge_2Leg (3m, 2leg)
[   783   10.285 x1.00] LOG  [AirPosePin] engaged, holding body at 1.497m above the transform
[   849   10.970 x1.00] LOG  [DodgeTrace] 2leg flip: clip 0.67s, ran 0.70s, skipped 0.00s of wind-up, 3.0m — travel finished at 0.69s, leaving 0.01s of clip with nothing moving.
[   849   10.970 x1.00] LOG  [Combat] Dodge ended
[   849   10.970 x1.00] LOG  [AirPosePin] released, peak correction was 0.845m
[   882   11.263 x1.00] LOG  💨 Landing VFX spawned!
[   882   11.263 x1.00] LOG  ✅ LANDED! (was jump #1)
[  1013   12.364 x1.00] LOG  
==================== [FREEZE-DEBUG v3] ====================
  Reason : WASD-NOMOVE: WASD recent + speed 0.00m/s for 0.40s
  Time   : 9.548s   Frame: 1013   Snaps: 60
===========================================================

--- CURRENT STATE ---
  Flags: atk=False hvy=False dod=False dsh=False
         grd=False hit=False aerial=False lockPos=False
         comboStep=0
  Anim : speed=1.00  combatLayer hash=-792875657 normT=1.387 weight=1.00 inTransition=False
  CC   : grounded=True  enabled=True  pos=(484.67, 0.02, 427.23)  vel=(0.00, -0.07, 0.00)
  Move : IsRunning=False
  Input: H=0.00 V=0.00  LMB=False MMB=False Q=False Sp=False Sh=False C=False
         WASD pressed in last 0.5s: True (last 0.02s ago)

--- FLIGHT RECORDER (60 snapshots, oldest first, dt=0.10s) ---
  Legend: flags = A(tk) H(vy) D(od) S(sh) G(rd) R(eact) Y(aerial) L(ock)   gnd/cc: Y/n
  t-now    flags     step gnd cc anSp normT layW tr | posX     posZ     spd   | H    V    LMB MMB Q  Sp Sh C
  ------   --------  ---- --- -- ---- ----- ---- -- | -----    -----    ----  | ---- ---- --- --- -- -- -- -
  - 6.20s  --------    0  Y   Y  1.00  3.34 1.00 -  |   474.5    427.2  0.00 |  0.0  0.0 0   0   0  0  0  0
  - 6.10s  --------    0  Y   Y  1.00  3.44 1.00 -  |   474.5    427.2  0.00 |  0.0  0.0 0   0   0  0  0  0
  - 5.99s  --------    0  Y   Y  1.00  3.55 1.00 -  |   474.5    427.2  0.00 |  0.0  0.0 0   0   0  0  0  0
  - 5.88s  --------    0  Y   Y  1.00  3.66 1.00 -  |   474.5    427.2  0.00 |  0.0  0.0 0   0   0  0  0  0
  - 5.78s  --------    0  Y   Y  1.00  3.76 1.00 -  |   474.5    427.2  0.00 |  1.0  0.0 0   0   0  0  0  0
  - 5.68s  --------    0  Y   Y  1.00  3.86 1.00 -  |   474.7    427.2  0.00 |  1.0  0.0 0   0   0  0  0  0
  - 5.58s  --------    0  Y   Y  1.00  3.97 1.00 -  |   474.9    427.2  0.00 |  1.0  0.0 0   0   0  0  0  0
  - 5.47s  --------    0  Y   Y  1.00  4.07 1.00 -  |   475.1    427.2  0.00 |  1.0  0.0 0   0   0  0  0  0
  - 5.37s  --------    0  Y   Y  1.00  4.17 1.00 -  |   475.3    427.2  0.00 |  1.0  0.0 0   0   0  0  0  0
  - 5.26s  --------    0  Y   Y  1.00  4.28 1.00 -  |   475.5    427.2  0.00 |  1.0  0.0 0   0   0  0  0  0
  - 5.16s  --------    0  Y   Y  1.00  4.38 1.00 -  |   475.7    427.2  0.00 |  1.0  0.0 0   0   0  0  0  0
  - 5.05s  --------    0  Y   Y  1.00  4.49 1.00 -  |   475.9    427.2  0.00 |  1.0  0.0 0   0   0  0  0  0
  - 4.95s  --------    0  n   Y  1.00  4.59 1.00 -  |   476.2    427.2  0.00 |  1.0  0.0 0   0   0  1  0  0
  - 4.83s  --------    0  n   Y  1.00  4.69 1.00 -  |   476.5    427.2  0.00 |  1.0  0.0 0   0   0  0  0  0
  - 4.72s  --------    0  n   Y  1.00  4.81 1.00 -  |   476.9    427.2  0.00 |  0.0  0.0 0   0   0  0  0  0
  - 4.61s  --------    0  n   Y  1.00  4.92 1.00 -  |   477.2    427.2  0.00 |  0.0  0.0 0   0   0  0  0  0
  - 4.50s  --D-----    0  n   Y  1.00  5.03 1.00 T  |   477.6    427.2  4.64 |  0.0  0.0 0   0   0  0  0  1
  - 4.40s  --D-----    0  n   Y  1.00  0.28 1.00 -  |   478.1    427.2  2.39 |  0.0  0.0 0   0   0  0  0  0
  - 4.29s  --D-----    0  n   Y  1.00  0.45 1.00 -  |   478.7    427.2  2.84 |  0.0  0.0 0   0   0  0  0  0
  - 4.19s  --D-----    0  n   Y  1.00  0.60 1.00 -  |   479.2    427.2  6.69 |  0.0  0.0 0   0   0  0  0  0
  - 4.08s  --D-----    0  n   Y  1.00  0.75 1.00 -  |   479.6    427.2  3.50 |  0.0  0.0 0   0   0  0  0  0
  - 3.98s  --D-----    0  n   Y  1.00  0.91 1.00 -  |   480.0    427.2  4.23 |  0.0  0.0 0   0   0  0  0  0
  - 3.87s  --------    0  n   Y  1.00  1.07 1.00 T  |   480.3    427.2  0.00 |  0.0  0.0 0   0   0  0  0  0
  - 3.76s  --------    0  n   Y  1.00  1.23 1.00 T  |   480.6    427.2  0.00 |  0.0  0.0 0   0   0  0  0  0
  - 3.66s  --------    0  Y   Y  1.00  0.25 1.00 -  |   480.8    427.2  0.00 |  0.0  0.0 0   0   0  0  0  0
  - 3.56s  --------    0  Y   Y  1.00  0.35 1.00 -  |   480.8    427.2  0.00 |  0.0  0.0 0   0   0  0  0  0
  - 3.45s  --------    0  Y   Y  1.00  0.46 1.00 -  |   480.8    427.2  0.00 |  0.0  0.0 0   0   0  0  0  0
  - 3.34s  --------    0  Y   Y  1.00  0.56 1.00 -  |   480.8    427.2  0.00 |  0.0  0.0 0   0   0  0  0  0
  - 3.24s  --------    0  Y   Y  1.00  0.67 1.00 -  |   480.8    427.2  0.00 |  0.0  0.0 0   0   0  0  0  0
  - 3.14s  --------    0  Y   Y  1.00  0.77 1.00 -  |   480.8    427.2  0.00 |  0.0  0.0 0   0   0  0  0  0
  - 3.04s  --------    0  Y   Y  1.00  0.87 1.00 -  |   480.8    427.2  0.00 |  0.0  0.0 0   0   0  0  0  0
  - 2.93s  --------    0  Y   Y  1.00  0.98 1.00 -  |   480.8    427.2  0.00 |  0.0  0.0 0   0   0  0  0  0
  - 2.83s  --------    0  Y   Y  1.00  1.08 1.00 -  |   480.8    427.2  0.00 |  0.0  0.0 0   0   0  0  0  0
  - 2.72s  --------    0  Y   Y  1.00  1.19 1.00 -  |   480.8    427.2  0.00 |  0.0  0.0 0   0   0  0  0  0
  - 2.62s  --------    0  Y   Y  1.00  1.29 1.00 -  |   480.8    427.2  0.00 |  0.0  0.0 0   0   0  0  0  0
  - 2.51s  --------    0  Y   Y  1.00  1.40 1.00 -  |   480.8    427.2  0.00 |  0.0  0.0 0   0   0  0  0  0
  - 2.41s  --------    0  Y   Y  1.00  1.50 1.00 -  |   480.8    427.2  0.00 |  0.0  0.0 0   0   0  0  0  0
  - 2.30s  --------    0  n   Y  1.00  1.61 1.00 -  |   480.8    427.2  0.00 |  0.0  0.0 0   0   0  1  0  0
  - 2.20s  --------    0  n   Y  1.00  1.71 1.00 -  |   480.8    427.2  0.00 |  0.0  0.0 0   0   0  0  0  0
  - 2.09s  --------    0  n   Y  1.00  1.82 1.00 -  |   480.9    427.2  0.00 |  0.0  0.0 0   0   0  0  0  0
  - 1.98s  --D-----    0  n   Y  1.00  1.92 1.00 T  |   481.2    427.2  5.47 |  0.0  0.0 0   0   0  0  0  1
  - 1.88s  --D-----    0  n   Y  1.00  0.28 1.00 -  |   481.8    427.2  4.09 |  0.0  0.0 0   0   0  0  0  0
  - 1.78s  --D-----    0  n   Y  1.00  0.44 1.00 -  |   482.3    427.2  4.82 |  0.0  0.0 0   0   0  0  0  0
  - 1.67s  --D-----    0  n   Y  1.00  0.59 1.00 -  |   482.8    427.2  4.75 |  0.0  0.0 0   0   0  0  0  0
  - 1.57s  --D-----    0  n   Y  1.00  0.74 1.00 -  |   483.2    427.2  4.37 |  0.0  0.0 0   0   0  0  0  0
  - 1.46s  --D-----    0  n   Y  1.00  0.91 1.00 -  |   483.6    427.2  3.27 |  0.0  0.0 0   0   0  0  0  0
  - 1.36s  --------    0  n   Y  1.00  1.06 1.00 T  |   483.9    427.2  0.00 |  0.0  0.0 0   0   0  0  0  0
  - 1.26s  --------    0  n   Y  1.00  1.21 1.00 T  |   483.9    427.2  0.00 |  0.0  0.0 0   0   0  0  0  0
  - 1.16s  --------    0  n   Y  1.00  1.37 1.00 T  |   483.9    427.2  0.00 |  0.0  0.0 0   0   0  0  0  0
  - 1.05s  --------    0  Y   Y  1.00  0.33 1.00 -  |   483.9    427.2  0.00 |  0.0  0.0 0   0   0  0  0  0
  - 0.95s  --------    0  Y   Y  1.00  0.43 1.00 -  |   483.9    427.2  0.00 |  0.0  0.0 0   0   0  0  0  0
  - 0.84s  --------    0  Y   Y  1.00  0.54 1.00 -  |   483.9    427.2  0.00 |  0.0  0.0 0   0   0  0  0  0
  - 0.74s  --------    0  Y   Y  1.00  0.64 1.00 -  |   483.9    427.2  0.00 |  0.0  0.0 0   0   0  0  0  0
  - 0.64s  --------    0  Y   Y  1.00  0.74 1.00 -  |   483.9    427.2  0.00 |  0.0  0.0 0   0   0  0  0  0
  - 0.53s  --------    0  Y   Y  1.00  0.85 1.00 -  |   483.9    427.2  0.00 |  0.0  0.0 0   0   0  0  0  0
  - 0.43s  --------    0  Y   Y  1.00  0.95 1.00 -  |   483.9    427.2  0.00 |  0.0  0.0 0   0   0  0  0  0
  - 0.33s  --------    0  Y   Y  1.00  1.05 1.00 -  |   484.0    427.2  0.00 |  1.0  0.0 0   0   0  0  0  0
  - 0.23s  --------    0  Y   Y  1.00  1.15 1.00 -  |   484.2    427.2  0.00 |  1.0  0.0 0   0   0  0  0  0
  - 0.12s  --------    0  Y   Y  1.00  1.26 1.00 -  |   484.4    427.2  0.00 |  1.0  0.0 0   0   0  0  0  0
  - 0.02s  --------    0  Y   Y  1.00  1.36 1.00 -  |   484.6    427.2  0.00 |  1.0  0.0 0   0   0  0  0  0
=========================================================== END

[  1124   13.438 x1.00] LOG  🚶 2-LEG JUMP
[  1124   13.438 x1.00] LOG  🐾 Jump 1 VFX spawned!
[  1162   13.818 x1.00] LOG  [Combat] Dodge: Dodge_2Leg (3m, 2leg)
[  1162   13.818 x1.00] LOG  [AirPosePin] engaged, holding body at 1.857m above the transform
[  1214   14.399 x1.00] LOG  [Combat] Dodge early exit at 86% (movement input)
[  1214   14.399 x1.00] LOG  [DodgeTrace] 2leg flip: clip 0.67s, ran 0.59s, skipped 0.00s of wind-up, 3.0m — travel never completed (cut short).
[  1214   14.399 x1.00] LOG  [Combat] Dodge ended
[  1214   14.399 x1.00] LOG  [AirPosePin] released, peak correction was 1.138m
[  1226   14.518 x1.00] LOG  💨 Landing VFX spawned!
[  1226   14.518 x1.00] LOG  ✅ LANDED! (was jump #1)
[  1279   15.046 x1.00] LOG  🚶 2-LEG JUMP
[  1279   15.046 x1.00] LOG  🐾 Jump 1 VFX spawned!
[  1318   15.436 x1.00] LOG  [Combat] Dodge: Dodge_2Leg (3m, 2leg)
[  1318   15.436 x1.00] LOG  [AirPosePin] engaged, holding body at 1.936m above the transform
[  1365   16.018 x1.00] LOG  [Combat] Dodge early exit at 85% (movement input)
[  1365   16.018 x1.00] LOG  [DodgeTrace] 2leg flip: clip 0.67s, ran 0.59s, skipped 0.00s of wind-up, 3.0m — travel never completed (cut short).
[  1365   16.018 x1.00] LOG  [Combat] Dodge ended
[  1365   16.018 x1.00] LOG  [AirPosePin] released, peak correction was 1.213m
[  1382   16.184 x1.00] LOG  💨 Landing VFX spawned!
[  1382   16.184 x1.00] LOG  ✅ LANDED! (was jump #1)
[  1409   16.439 x1.00] LOG  
==================== [FREEZE-DEBUG v3] ====================
  Reason : WASD-NOMOVE: WASD recent + speed 0.00m/s for 0.41s
  Time   : 13.622s   Frame: 1409   Snaps: 60
===========================================================

--- CURRENT STATE ---
  Flags: atk=False hvy=False dod=False dsh=False
         grd=False hit=False aerial=False lockPos=False
         comboStep=0
  Anim : speed=1.00  combatLayer hash=-792875657 normT=0.407 weight=1.00 inTransition=False
  CC   : grounded=True  enabled=True  pos=(473.58, 0.89, 426.75)  vel=(0.00, -0.52, 0.00)
  Move : IsRunning=False
  Input: H=-1.00 V=0.00  LMB=False MMB=False Q=False Sp=False Sh=False C=False
         WASD pressed in last 0.5s: True (last 0.00s ago)

--- FLIGHT RECORDER (60 snapshots, oldest first, dt=0.10s) ---
  Legend: flags = A(tk) H(vy) D(od) S(sh) G(rd) R(eact) Y(aerial) L(ock)   gnd/cc: Y/n
  t-now    flags     step gnd cc anSp normT layW tr | posX     posZ     spd   | H    V    LMB MMB Q  Sp Sh C
  ------   --------  ---- --- -- ---- ----- ---- -- | -----    -----    ----  | ---- ---- --- --- -- -- -- -
  - 6.27s  --------    0  n   Y  1.00  1.71 1.00 -  |   480.8    427.2  0.00 |  0.0  0.0 0   0   0  0  0  0
  - 6.17s  --------    0  n   Y  1.00  1.82 1.00 -  |   480.9    427.2  0.00 |  0.0  0.0 0   0   0  0  0  0
  - 6.06s  --D-----    0  n   Y  1.00  1.92 1.00 T  |   481.2    427.2  5.47 |  0.0  0.0 0   0   0  0  0  1
  - 5.96s  --D-----    0  n   Y  1.00  0.28 1.00 -  |   481.8    427.2  4.09 |  0.0  0.0 0   0   0  0  0  0
  - 5.85s  --D-----    0  n   Y  1.00  0.44 1.00 -  |   482.3    427.2  4.82 |  0.0  0.0 0   0   0  0  0  0
  - 5.75s  --D-----    0  n   Y  1.00  0.59 1.00 -  |   482.8    427.2  4.75 |  0.0  0.0 0   0   0  0  0  0
  - 5.65s  --D-----    0  n   Y  1.00  0.74 1.00 -  |   483.2    427.2  4.37 |  0.0  0.0 0   0   0  0  0  0
  - 5.54s  --D-----    0  n   Y  1.00  0.91 1.00 -  |   483.6    427.2  3.27 |  0.0  0.0 0   0   0  0  0  0
  - 5.44s  --------    0  n   Y  1.00  1.06 1.00 T  |   483.9    427.2  0.00 |  0.0  0.0 0   0   0  0  0  0
  - 5.34s  --------    0  n   Y  1.00  1.21 1.00 T  |   483.9    427.2  0.00 |  0.0  0.0 0   0   0  0  0  0
  - 5.23s  --------    0  n   Y  1.00  1.37 1.00 T  |   483.9    427.2  0.00 |  0.0  0.0 0   0   0  0  0  0
  - 5.13s  --------    0  Y   Y  1.00  0.33 1.00 -  |   483.9    427.2  0.00 |  0.0  0.0 0   0   0  0  0  0
  - 5.03s  --------    0  Y   Y  1.00  0.43 1.00 -  |   483.9    427.2  0.00 |  0.0  0.0 0   0   0  0  0  0
  - 4.92s  --------    0  Y   Y  1.00  0.54 1.00 -  |   483.9    427.2  0.00 |  0.0  0.0 0   0   0  0  0  0
  - 4.82s  --------    0  Y   Y  1.00  0.64 1.00 -  |   483.9    427.2  0.00 |  0.0  0.0 0   0   0  0  0  0
  - 4.72s  --------    0  Y   Y  1.00  0.74 1.00 -  |   483.9    427.2  0.00 |  0.0  0.0 0   0   0  0  0  0
  - 4.61s  --------    0  Y   Y  1.00  0.85 1.00 -  |   483.9    427.2  0.00 |  0.0  0.0 0   0   0  0  0  0
  - 4.51s  --------    0  Y   Y  1.00  0.95 1.00 -  |   483.9    427.2  0.00 |  0.0  0.0 0   0   0  0  0  0
  - 4.41s  --------    0  Y   Y  1.00  1.05 1.00 -  |   484.0    427.2  0.00 |  1.0  0.0 0   0   0  0  0  0
  - 4.30s  --------    0  Y   Y  1.00  1.15 1.00 -  |   484.2    427.2  0.00 |  1.0  0.0 0   0   0  0  0  0
  - 4.20s  --------    0  Y   Y  1.00  1.26 1.00 -  |   484.4    427.2  0.00 |  1.0  0.0 0   0   0  0  0  0
  - 4.10s  --------    0  Y   Y  1.00  1.36 1.00 -  |   484.6    427.2  0.00 |  1.0  0.0 0   0   0  0  0  0
  - 3.99s  --------    0  Y   Y  1.00  1.47 1.00 -  |   484.8    427.2  0.00 |  0.0  0.0 0   0   0  0  0  0
  - 3.89s  --------    0  Y   Y  1.00  1.56 1.00 -  |   485.0    427.2  0.00 |  0.0  0.0 0   0   0  0  0  0
  - 3.79s  --------    0  Y   Y  1.00  1.67 1.00 -  |   485.2    427.2  0.00 |  0.0  0.0 0   0   0  0  0  0
  - 3.69s  --------    0  Y   Y  1.00  1.77 1.00 -  |   485.2    427.2  0.00 | -1.0  0.0 0   0   0  0  0  0
  - 3.58s  --------    0  Y   Y  1.00  1.88 1.00 -  |   485.0    427.2  0.00 | -1.0  0.0 0   0   0  0  0  0
  - 3.48s  --------    0  Y   Y  1.00  1.98 1.00 -  |   484.8    427.2  0.00 | -1.0  0.0 0   0   0  0  0  0
  - 3.38s  --------    0  Y   Y  1.00  2.08 1.00 -  |   484.6    427.2  0.00 | -1.0  0.0 0   0   0  0  0  0
  - 3.27s  --------    0  Y   Y  1.00  2.19 1.00 -  |   484.4    427.2  0.00 | -1.0  0.0 0   0   0  0  0  0
  - 3.17s  --------    0  Y   Y  1.00  2.28 1.00 -  |   484.2    427.2  0.00 | -1.0  0.0 0   0   0  0  0  0
  - 3.06s  --------    0  Y   Y  1.00  2.40 1.00 -  |   483.9    427.2  0.00 | -1.0  0.0 0   0   0  0  0  0
  - 2.95s  --------    0  n   Y  1.00  2.51 1.00 -  |   483.7    427.2  0.00 | -1.0  0.0 0   0   0  1  0  0
  - 2.85s  --------    0  n   Y  1.00  2.61 1.00 -  |   483.4    427.2  0.00 | -1.0  0.0 0   0   0  0  0  0
  - 2.74s  --------    0  n   Y  1.00  2.72 1.00 -  |   483.1    427.2  0.00 | -1.0  0.0 0   0   0  0  0  0
  - 2.64s  --------    0  n   Y  1.00  2.82 1.00 -  |   482.8    427.2  0.00 | -1.0  0.0 0   0   0  0  0  0
  - 2.54s  --D-----    0  n   Y  1.00  2.92 1.00 T  |   482.4    427.2  5.26 | -1.0  0.0 0   0   0  0  0  1
  - 2.43s  --D-----    0  n   Y  1.00  0.26 1.00 -  |   481.9    427.2  5.50 | -1.0  0.0 0   0   0  0  0  0
  - 2.33s  --D-----    0  n   Y  1.00  0.42 1.00 -  |   481.4    427.1  5.45 | -1.0  0.0 0   0   0  0  0  0
  - 2.22s  --D-----    0  n   Y  1.00  0.59 1.00 -  |   480.8    427.1  5.58 | -1.0  0.0 0   0   0  0  0  0
  - 2.11s  --D-----    0  n   Y  1.00  0.75 1.00 -  |   480.4    427.0  4.66 | -1.0  0.0 0   0   0  0  0  0
  - 2.00s  --------    0  n   Y  1.00  0.91 1.00 T  |   479.9    427.0  0.00 | -1.0  0.0 0   0   0  0  0  0
  - 1.89s  --------    0  Y   Y  1.00  1.08 1.00 T  |   479.4    427.0  0.00 | -1.0  0.0 0   0   0  0  0  0
  - 1.78s  --------    0  Y   Y  1.00  0.25 1.00 -  |   479.2    427.0  0.00 | -1.0  0.0 0   0   0  0  0  0
  - 1.67s  --------    0  Y   Y  1.00  0.36 1.00 -  |   479.0    427.0  0.00 | -1.0  0.0 0   0   0  0  0  0
  - 1.57s  --------    0  Y   Y  1.00  0.46 1.00 -  |   478.8    427.0  0.00 | -1.0  0.0 0   0   0  0  0  0
  - 1.46s  --------    0  Y   Y  1.00  0.57 1.00 -  |   478.6    427.0  0.00 | -1.0  0.0 0   0   0  0  0  0
  - 1.36s  --------    0  n   Y  1.00  0.67 1.00 -  |   478.3    427.0  0.00 | -1.0  0.0 0   0   0  1  0  0
  - 1.25s  --------    0  n   Y  1.00  0.78 1.00 -  |   478.0    427.0  0.00 | -1.0  0.0 0   0   0  1  0  0
  - 1.14s  --------    0  n   Y  1.00  0.89 1.00 -  |   477.7    427.0  0.00 | -1.0  0.0 0   0   0  0  0  0
  - 1.04s  --------    0  n   Y  1.00  0.99 1.00 -  |   477.4    427.0  0.00 | -1.0  0.0 0   0   0  0  0  0
  - 0.93s  --D-----    0  n   Y  1.00  1.10 1.00 T  |   477.1    427.0  4.51 | -1.0  0.0 0   0   0  0  0  1
  - 0.83s  --D-----    0  n   Y  1.00  0.25 1.00 -  |   476.5    426.9  5.69 | -1.0  0.0 0   0   0  0  0  0
  - 0.73s  --D-----    0  n   Y  1.00  0.40 1.00 -  |   476.1    426.9  4.88 | -1.0  0.0 0   0   0  0  0  0
  - 0.61s  --D-----    0  n   Y  1.00  0.56 1.00 -  |   475.5    426.8  4.57 | -1.0  0.0 0   0   0  0  0  0
  - 0.51s  --D-----    0  n   Y  1.00  0.72 1.00 -  |   475.1    426.8  4.70 | -1.0  0.0 0   0   0  0  0  0
  - 0.40s  --------    0  n   Y  1.00  0.89 1.00 T  |   474.6    426.8  0.00 | -1.0  0.0 0   0   0  0  0  0
  - 0.29s  --------    0  n   Y  1.00  1.05 1.00 T  |   474.2    426.8  0.00 | -1.0  0.0 0   0   0  0  0  0
  - 0.19s  --------    0  Y   Y  1.00  1.21 1.00 T  |   474.0    426.8  0.00 | -1.0  0.0 0   0   0  0  0  0
  - 0.09s  --------    0  Y   Y  1.00  0.33 1.00 -  |   473.8    426.8  0.00 | -1.0  0.0 0   0   0  0  0  0
=========================================================== END

[  1550   17.841 x1.00] LOG  [Combat] Dodge: Dodge_4Leg (4m, 4leg)
[  1550   17.841 x1.00] LOG  [AirPosePin] engaged, holding body at 0.651m above the transform
[  1552   17.861 x1.00] LOG  [AirPosePin] released, peak correction was 0.027m
[  1558   17.928 x1.00] LOG  [AirPosePin] engaged, holding body at 0.575m above the transform
[  1559   17.939 x1.00] LOG  [AirPosePin] released, peak correction was 0.000m
[  1560   17.950 x1.00] LOG  [AirPosePin] engaged, holding body at 0.718m above the transform
[  1561   17.962 x1.00] LOG  [AirPosePin] released, peak correction was 0.000m
[  1562   17.974 x1.00] LOG  [AirPosePin] engaged, holding body at 0.913m above the transform
[  1563   17.988 x1.00] LOG  [AirPosePin] released, peak correction was 0.000m
[  1564   17.999 x1.00] LOG  [AirPosePin] engaged, holding body at 1.148m above the transform
[  1565   18.011 x1.00] LOG  [AirPosePin] released, peak correction was 0.000m
[  1566   18.022 x1.00] LOG  [AirPosePin] engaged, holding body at 1.347m above the transform
[  1567   18.033 x1.00] LOG  [AirPosePin] released, peak correction was 0.000m
[  1568   18.049 x1.00] LOG  [AirPosePin] engaged, holding body at 1.509m above the transform
[  1569   18.060 x1.00] LOG  [AirPosePin] released, peak correction was 0.000m
[  1570   18.072 x1.00] LOG  [AirPosePin] engaged, holding body at 1.621m above the transform
[  1571   18.084 x1.00] LOG  [AirPosePin] released, peak correction was 0.000m
[  1572   18.099 x1.00] LOG  [AirPosePin] engaged, holding body at 1.729m above the transform
[  1573   18.111 x1.00] LOG  [AirPosePin] released, peak correction was 0.000m
[  1574   18.123 x1.00] LOG  [AirPosePin] engaged, holding body at 1.821m above the transform
[  1575   18.134 x1.00] LOG  [AirPosePin] released, peak correction was 0.000m
[  1576   18.147 x1.00] LOG  [AirPosePin] engaged, holding body at 1.919m above the transform
[  1577   18.159 x1.00] LOG  [AirPosePin] released, peak correction was 0.000m
[  1578   18.170 x1.00] LOG  [AirPosePin] engaged, holding body at 2.010m above the transform
[  1579   18.183 x1.00] LOG  [AirPosePin] released, peak correction was 0.000m
[  1580   18.198 x1.00] LOG  [AirPosePin] engaged, holding body at 2.115m above the transform
[  1581   18.209 x1.00] LOG  [AirPosePin] released, peak correction was 0.000m
[  1582   18.221 x1.00] LOG  [AirPosePin] engaged, holding body at 2.202m above the transform
[  1583   18.232 x1.00] LOG  [AirPosePin] released, peak correction was 0.000m
[  1584   18.244 x1.00] LOG  [AirPosePin] engaged, holding body at 2.257m above the transform
[  1585   18.259 x1.00] LOG  [AirPosePin] released, peak correction was 0.000m
[  1586   18.270 x1.00] LOG  [AirPosePin] engaged, holding body at 2.213m above the transform
[  1587   18.282 x1.00] LOG  [AirPosePin] released, peak correction was 0.000m
[  1588   18.293 x1.00] LOG  [AirPosePin] engaged, holding body at 2.061m above the transform
[  1589   18.308 x1.00] LOG  [AirPosePin] released, peak correction was 0.000m
[  1590   18.319 x1.00] LOG  [AirPosePin] engaged, holding body at 2.057m above the transform
[  1591   18.332 x1.00] LOG  [AirPosePin] released, peak correction was 0.000m
[  1592   18.344 x1.00] LOG  [AirPosePin] engaged, holding body at 2.023m above the transform
[  1593   18.359 x1.00] LOG  [Combat] Dodge early exit at 85% (movement input)
[  1593   18.359 x1.00] LOG  [DodgeTrace] 4leg flip: clip 0.80s, ran 0.53s, skipped 0.18s of wind-up, 4.0m — travel never completed (cut short).
[  1593   18.359 x1.00] LOG  [Combat] Dodge ended
[  1593   18.359 x1.00] LOG  [AirPosePin] released, peak correction was 0.000m
[  1649   18.920 x1.00] LOG  🐾 4-LEG JUMP #0
[  1649   18.920 x1.00] LOG  🐾 Jump 1 VFX spawned!
[  1677   19.204 x1.00] LOG  [Combat] Dodge: Dodge_4Leg (4m, 4leg)
[  1677   19.204 x1.00] LOG  [AirPosePin] engaged, holding body at 0.753m above the transform
[  1723   19.729 x1.00] LOG  [Combat] Dodge early exit at 86% (movement input)
[  1723   19.729 x1.00] LOG  [DodgeTrace] 4leg flip: clip 0.80s, ran 0.54s, skipped 0.18s of wind-up, 4.0m — travel never completed (cut short).
[  1723   19.729 x1.00] LOG  [Combat] Dodge ended
[  1723   19.729 x1.00] LOG  [AirPosePin] released, peak correction was -1.244m
[  1739   19.901 x1.00] LOG  💨 Landing VFX spawned!
[  1739   19.901 x1.00] LOG  ✅ LANDED! (was jump #1)
[  1792   20.540 x1.00] LOG  
==================== [FREEZE-DEBUG v3] ====================
  Reason : WASD-NOMOVE: WASD recent + speed 0.00m/s for 0.41s
  Time   : 17.724s   Frame: 1792   Snaps: 60
===========================================================

--- CURRENT STATE ---
  Flags: atk=False hvy=False dod=False dsh=False
         grd=False hit=False aerial=False lockPos=False
         comboStep=0
  Anim : speed=1.00  combatLayer hash=-792875657 normT=0.801 weight=1.00 inTransition=False
  CC   : grounded=True  enabled=True  pos=(455.58, 0.00, 425.26)  vel=(0.00, 0.00, 0.00)
  Move : IsRunning=True
  Input: H=1.00 V=0.00  LMB=False MMB=False Q=False Sp=False Sh=True C=False
         WASD pressed in last 0.5s: True (last 0.00s ago)

--- FLIGHT RECORDER (60 snapshots, oldest first, dt=0.10s) ---
  Legend: flags = A(tk) H(vy) D(od) S(sh) G(rd) R(eact) Y(aerial) L(ock)   gnd/cc: Y/n
  t-now    flags     step gnd cc anSp normT layW tr | posX     posZ     spd   | H    V    LMB MMB Q  Sp Sh C
  ------   --------  ---- --- -- ---- ----- ---- -- | -----    -----    ----  | ---- ---- --- --- -- -- -- -
  - 6.21s  --D-----    0  n   Y  1.00  0.75 1.00 -  |   480.4    427.0  4.66 | -1.0  0.0 0   0   0  0  0  0
  - 6.10s  --------    0  n   Y  1.00  0.91 1.00 T  |   479.9    427.0  0.00 | -1.0  0.0 0   0   0  0  0  0
  - 5.99s  --------    0  Y   Y  1.00  1.08 1.00 T  |   479.4    427.0  0.00 | -1.0  0.0 0   0   0  0  0  0
  - 5.88s  --------    0  Y   Y  1.00  0.25 1.00 -  |   479.2    427.0  0.00 | -1.0  0.0 0   0   0  0  0  0
  - 5.77s  --------    0  Y   Y  1.00  0.36 1.00 -  |   479.0    427.0  0.00 | -1.0  0.0 0   0   0  0  0  0
  - 5.67s  --------    0  Y   Y  1.00  0.46 1.00 -  |   478.8    427.0  0.00 | -1.0  0.0 0   0   0  0  0  0
  - 5.56s  --------    0  Y   Y  1.00  0.57 1.00 -  |   478.6    427.0  0.00 | -1.0  0.0 0   0   0  0  0  0
  - 5.46s  --------    0  n   Y  1.00  0.67 1.00 -  |   478.3    427.0  0.00 | -1.0  0.0 0   0   0  1  0  0
  - 5.36s  --------    0  n   Y  1.00  0.78 1.00 -  |   478.0    427.0  0.00 | -1.0  0.0 0   0   0  1  0  0
  - 5.25s  --------    0  n   Y  1.00  0.89 1.00 -  |   477.7    427.0  0.00 | -1.0  0.0 0   0   0  0  0  0
  - 5.14s  --------    0  n   Y  1.00  0.99 1.00 -  |   477.4    427.0  0.00 | -1.0  0.0 0   0   0  0  0  0
  - 5.03s  --D-----    0  n   Y  1.00  1.10 1.00 T  |   477.1    427.0  4.51 | -1.0  0.0 0   0   0  0  0  1
  - 4.93s  --D-----    0  n   Y  1.00  0.25 1.00 -  |   476.5    426.9  5.69 | -1.0  0.0 0   0   0  0  0  0
  - 4.83s  --D-----    0  n   Y  1.00  0.40 1.00 -  |   476.1    426.9  4.88 | -1.0  0.0 0   0   0  0  0  0
  - 4.72s  --D-----    0  n   Y  1.00  0.56 1.00 -  |   475.5    426.8  4.57 | -1.0  0.0 0   0   0  0  0  0
  - 4.61s  --D-----    0  n   Y  1.00  0.72 1.00 -  |   475.1    426.8  4.70 | -1.0  0.0 0   0   0  0  0  0
  - 4.50s  --------    0  n   Y  1.00  0.89 1.00 T  |   474.6    426.8  0.00 | -1.0  0.0 0   0   0  0  0  0
  - 4.39s  --------    0  n   Y  1.00  1.05 1.00 T  |   474.2    426.8  0.00 | -1.0  0.0 0   0   0  0  0  0
  - 4.29s  --------    0  Y   Y  1.00  1.21 1.00 T  |   474.0    426.8  0.00 | -1.0  0.0 0   0   0  0  0  0
  - 4.19s  --------    0  Y   Y  1.00  0.33 1.00 -  |   473.8    426.8  0.00 | -1.0  0.0 0   0   0  0  0  0
  - 4.08s  --------    0  Y   Y  1.00  0.43 1.00 -  |   473.5    426.8  0.00 | -1.0  0.0 0   0   0  0  0  0
  - 3.97s  --------    0  Y   Y  1.00  0.54 1.00 -  |   473.3    426.8  0.00 | -1.0  0.0 0   0   0  0  0  0
  - 3.86s  --------    0  Y   Y  1.00  0.65 1.00 -  |   473.1    426.8  0.00 | -1.0  0.0 0   0   0  0  0  0
  - 3.75s  --------    0  Y   Y  1.00  0.76 1.00 -  |   472.4    426.8  0.00 | -1.0  0.0 0   0   0  0  1  0
  - 3.65s  --------    0  Y   Y  1.00  0.86 1.00 -  |   471.7    426.8  0.00 | -1.0  0.0 0   0   0  0  1  0
  - 3.55s  --------    0  Y   Y  1.00  0.96 1.00 -  |   471.0    426.8  0.00 | -1.0  0.0 0   0   0  0  1  0
  - 3.44s  --------    0  Y   Y  1.00  1.07 1.00 -  |   470.2    426.8  0.00 | -1.0  0.0 0   0   0  0  1  0
  - 3.34s  --------    0  Y   Y  1.00  1.18 1.00 -  |   469.5    426.8  0.00 | -1.0  0.0 0   0   0  0  1  0
  - 3.23s  --------    0  Y   Y  1.00  1.28 1.00 -  |   468.8    426.8  0.00 | -1.0  0.0 0   0   0  0  1  0
  - 3.13s  --------    0  Y   Y  1.00  1.38 1.00 -  |   468.1    426.8  0.00 | -1.0  0.0 0   0   0  0  1  0
  - 3.02s  --------    0  Y   Y  1.00  1.49 1.00 -  |   467.2    426.8  0.00 | -1.0  0.0 0   0   0  0  1  0
  - 2.92s  --------    0  Y   Y  1.00  1.59 1.00 -  |   466.5    426.8  0.00 | -1.0  0.0 0   0   0  0  1  0
  - 2.81s  --------    0  Y   Y  1.00  1.70 1.00 -  |   465.8    426.8  0.00 | -1.0  0.0 0   0   0  0  1  0
  - 2.71s  --------    0  Y   Y  1.00  1.80 1.00 -  |   465.1    426.8  0.00 | -1.0  0.0 0   0   0  0  1  0
  - 2.61s  --D-----    0  Y   Y  1.00  1.90 1.00 T  |   464.2    426.6  10.90 | -1.0  0.0 0   0   0  0  1  0
  - 2.51s  --D-----    0  n   Y  1.00  0.45 1.00 -  |   463.1    426.3  9.22 | -1.0  0.0 0   0   0  0  1  0
  - 2.41s  --D-----    0  n   Y  1.00  0.58 1.00 -  |   462.3    426.2  7.03 | -1.0  0.0 0   0   0  0  1  0
  - 2.30s  --D-----    0  Y   Y  1.00  0.71 1.00 -  |   461.7    426.0  5.10 | -1.0  0.0 0   0   0  0  1  0
  - 2.20s  --D-----    0  Y   Y  1.00  0.84 1.00 -  |   461.3    425.9  2.74 | -1.0  0.0 0   0   0  0  1  0
  - 2.09s  --------    0  Y   Y  1.00  0.97 1.00 T  |   460.7    425.9  0.00 | -1.0  0.0 0   0   0  0  1  0
  - 1.98s  --------    0  Y   Y  1.00  1.11 1.00 T  |   459.8    425.9  0.00 | -1.0  0.0 0   0   0  0  1  0
  - 1.88s  --------    0  Y   Y  1.00  0.29 1.00 -  |   459.1    425.9  0.00 | -1.0  0.0 0   0   0  0  1  0
  - 1.77s  --------    0  Y   Y  1.00  0.40 1.00 -  |   458.4    425.9  0.00 | -1.0  0.0 0   0   0  0  1  0
  - 1.67s  --------    0  Y   Y  1.00  0.50 1.00 -  |   457.7    425.9  0.00 | -1.0  0.0 0   0   0  0  1  0
  - 1.57s  --------    0  n   Y  1.00  0.60 1.00 -  |   457.1    425.9  0.00 | -1.0  0.0 0   0   0  1  1  0
  - 1.46s  --------    0  n   Y  1.00  0.71 1.00 -  |   456.5    425.9  0.00 | -1.0  0.0 0   0   0  1  1  0
  - 1.36s  --------    0  n   Y  1.00  0.81 1.00 -  |   456.1    425.9  0.00 | -1.0  0.0 0   0   0  0  1  0
  - 1.26s  --D-----    0  n   Y  1.00  0.91 1.00 T  |   455.3    425.8  12.17 | -1.0  0.0 0   0   0  0  1  1
  - 1.15s  --D-----    0  n   Y  1.00  0.44 1.00 -  |   454.2    425.6  13.72 | -1.0  0.0 0   0   0  0  1  0
  - 1.05s  --D-----    0  n   Y  1.00  0.57 1.00 -  |   453.3    425.5  8.34 | -1.0  0.0 0   0   0  0  1  0
  - 0.94s  --D-----    0  n   Y  1.00  0.71 1.00 -  |   452.6    425.3  5.36 | -1.0  0.0 0   0   0  0  1  0
  - 0.83s  --D-----    0  n   Y  1.00  0.85 1.00 -  |   452.2    425.3  3.02 | -1.0  0.0 0   0   0  0  1  0
  - 0.72s  --------    0  n   Y  1.00  0.98 1.00 T  |   451.9    425.3  0.00 | -1.0  0.0 0   0   0  0  1  0
  - 0.62s  --------    0  Y   Y  1.00  1.11 1.00 T  |   451.5    425.3  0.00 |  0.0  0.0 0   0   0  0  1  0
  - 0.51s  --------    0  Y   Y  1.00  0.29 1.00 -  |   451.9    425.3  0.00 |  1.0  0.0 0   0   0  0  1  0
  - 0.41s  --------    0  Y   Y  1.00  0.39 1.00 -  |   452.6    425.3  0.00 |  1.0  0.0 0   0   0  0  1  0
  - 0.31s  --------    0  Y   Y  1.00  0.49 1.00 -  |   453.3    425.3  0.00 |  1.0  0.0 0   0   0  0  1  0
  - 0.20s  --------    0  Y   Y  1.00  0.60 1.00 -  |   454.2    425.3  0.00 |  1.0  0.0 0   0   0  0  1  0
  - 0.10s  --------    0  Y   Y  1.00  0.70 1.00 -  |   454.9    425.3  0.00 |  1.0  0.0 0   0   0  0  1  0
  - 0.00s  --------    0  Y   Y  1.00  0.80 1.00 -  |   455.6    425.3  0.00 |  1.0  0.0 0   0   0  0  1  0
=========================================================== END

[  2013   23.410 x1.00] LOG  🐾 4-LEG JUMP #0
[  2013   23.410 x1.00] LOG  🐾 Jump 1 VFX spawned!
[  2042   23.780 x1.00] LOG  [Combat] Dodge: Dodge_4Leg (4m, 4leg)
[  2042   23.780 x1.00] LOG  [AirPosePin] engaged, holding body at 1.307m above the transform
[  2081   24.306 x1.00] LOG  [Combat] Dodge early exit at 87% (movement input)
[  2081   24.306 x1.00] LOG  [DodgeTrace] 4leg flip: clip 0.80s, ran 0.54s, skipped 0.18s of wind-up, 4.0m — travel never completed (cut short).
[  2081   24.306 x1.00] LOG  [Combat] Dodge ended
[  2081   24.306 x1.00] LOG  [AirPosePin] released, peak correction was -0.685m
[  2087   24.383 x1.00] LOG  💨 Landing VFX spawned!
[  2087   24.383 x1.00] LOG  ✅ LANDED! (was jump #1)
[  2115   24.712 x1.00] LOG  
==================== [FREEZE-DEBUG v3] ====================
  Reason : WASD-NOMOVE: WASD recent + speed 0.00m/s for 0.41s
  Time   : 21.896s   Frame: 2115   Snaps: 60
===========================================================

--- CURRENT STATE ---
  Flags: atk=False hvy=False dod=False dsh=False
         grd=False hit=False aerial=False lockPos=False
         comboStep=0
  Anim : speed=1.00  combatLayer hash=-792875657 normT=0.397 weight=1.00 inTransition=False
  CC   : grounded=True  enabled=True  pos=(480.97, 0.16, 430.53)  vel=(0.00, -0.46, 0.00)
  Move : IsRunning=True
  Input: H=0.00 V=0.00  LMB=False MMB=False Q=False Sp=False Sh=True C=False
         WASD pressed in last 0.5s: True (last 0.28s ago)

--- FLIGHT RECORDER (60 snapshots, oldest first, dt=0.10s) ---
  Legend: flags = A(tk) H(vy) D(od) S(sh) G(rd) R(eact) Y(aerial) L(ock)   gnd/cc: Y/n
  t-now    flags     step gnd cc anSp normT layW tr | posX     posZ     spd   | H    V    LMB MMB Q  Sp Sh C
  ------   --------  ---- --- -- ---- ----- ---- -- | -----    -----    ----  | ---- ---- --- --- -- -- -- -
  - 6.26s  --------    0  Y   Y  1.00  0.97 1.00 T  |   460.7    425.9  0.00 | -1.0  0.0 0   0   0  0  1  0
  - 6.15s  --------    0  Y   Y  1.00  1.11 1.00 T  |   459.8    425.9  0.00 | -1.0  0.0 0   0   0  0  1  0
  - 6.05s  --------    0  Y   Y  1.00  0.29 1.00 -  |   459.1    425.9  0.00 | -1.0  0.0 0   0   0  0  1  0
  - 5.95s  --------    0  Y   Y  1.00  0.40 1.00 -  |   458.4    425.9  0.00 | -1.0  0.0 0   0   0  0  1  0
  - 5.85s  --------    0  Y   Y  1.00  0.50 1.00 -  |   457.7    425.9  0.00 | -1.0  0.0 0   0   0  0  1  0
  - 5.75s  --------    0  n   Y  1.00  0.60 1.00 -  |   457.1    425.9  0.00 | -1.0  0.0 0   0   0  1  1  0
  - 5.63s  --------    0  n   Y  1.00  0.71 1.00 -  |   456.5    425.9  0.00 | -1.0  0.0 0   0   0  1  1  0
  - 5.53s  --------    0  n   Y  1.00  0.81 1.00 -  |   456.1    425.9  0.00 | -1.0  0.0 0   0   0  0  1  0
  - 5.43s  --D-----    0  n   Y  1.00  0.91 1.00 T  |   455.3    425.8  12.17 | -1.0  0.0 0   0   0  0  1  1
  - 5.32s  --D-----    0  n   Y  1.00  0.44 1.00 -  |   454.2    425.6  13.72 | -1.0  0.0 0   0   0  0  1  0
  - 5.22s  --D-----    0  n   Y  1.00  0.57 1.00 -  |   453.3    425.5  8.34 | -1.0  0.0 0   0   0  0  1  0
  - 5.11s  --D-----    0  n   Y  1.00  0.71 1.00 -  |   452.6    425.3  5.36 | -1.0  0.0 0   0   0  0  1  0
  - 5.00s  --D-----    0  n   Y  1.00  0.85 1.00 -  |   452.2    425.3  3.02 | -1.0  0.0 0   0   0  0  1  0
  - 4.89s  --------    0  n   Y  1.00  0.98 1.00 T  |   451.9    425.3  0.00 | -1.0  0.0 0   0   0  0  1  0
  - 4.79s  --------    0  Y   Y  1.00  1.11 1.00 T  |   451.5    425.3  0.00 |  0.0  0.0 0   0   0  0  1  0
  - 4.68s  --------    0  Y   Y  1.00  0.29 1.00 -  |   451.9    425.3  0.00 |  1.0  0.0 0   0   0  0  1  0
  - 4.58s  --------    0  Y   Y  1.00  0.39 1.00 -  |   452.6    425.3  0.00 |  1.0  0.0 0   0   0  0  1  0
  - 4.48s  --------    0  Y   Y  1.00  0.49 1.00 -  |   453.3    425.3  0.00 |  1.0  0.0 0   0   0  0  1  0
  - 4.37s  --------    0  Y   Y  1.00  0.60 1.00 -  |   454.2    425.3  0.00 |  1.0  0.0 0   0   0  0  1  0
  - 4.27s  --------    0  Y   Y  1.00  0.70 1.00 -  |   454.9    425.3  0.00 |  1.0  0.0 0   0   0  0  1  0
  - 4.17s  --------    0  Y   Y  1.00  0.80 1.00 -  |   455.6    425.3  0.00 |  1.0  0.0 0   0   0  0  1  0
  - 4.07s  --------    0  Y   Y  1.00  0.90 1.00 -  |   456.3    425.3  0.00 |  1.0  0.0 0   0   0  0  1  0
  - 3.96s  --------    0  Y   Y  1.00  1.00 1.00 -  |   457.0    425.3  0.00 |  1.0  0.0 0   0   0  0  1  0
  - 3.86s  --------    0  Y   Y  1.00  1.11 1.00 -  |   457.8    425.3  0.00 |  1.0  0.0 0   0   0  0  1  0
  - 3.75s  --------    0  Y   Y  1.00  1.21 1.00 -  |   458.5    425.3  0.00 |  1.0  0.0 0   0   0  0  1  0
  - 3.65s  --------    0  Y   Y  1.00  1.32 1.00 -  |   459.2    425.3  0.00 |  1.0  0.0 0   0   0  0  1  0
  - 3.55s  --------    0  Y   Y  1.00  1.42 1.00 -  |   459.9    425.3  0.00 |  1.0  0.0 0   0   0  0  1  0
  - 3.44s  --------    0  Y   Y  1.00  1.53 1.00 -  |   460.6    425.3  0.00 |  1.0  0.0 0   0   0  0  1  0
  - 3.33s  --------    0  Y   Y  1.00  1.64 1.00 -  |   461.5    425.3  0.00 |  1.0  0.0 0   0   0  0  1  0
  - 3.23s  --------    0  Y   Y  1.00  1.74 1.00 -  |   462.2    425.3  0.00 |  1.0  1.0 0   0   0  0  1  0
  - 3.12s  --------    0  Y   Y  1.00  1.85 1.00 -  |   462.8    425.6  0.00 |  1.0  1.0 0   0   0  0  1  0
  - 3.02s  --------    0  Y   Y  1.00  1.96 1.00 -  |   463.5    426.1  0.00 |  1.0  1.0 0   0   0  0  1  0
  - 2.91s  --------    0  Y   Y  1.00  2.06 1.00 -  |   464.0    426.6  0.00 |  0.0  1.0 0   0   0  0  1  0
  - 2.80s  --------    0  Y   Y  1.00  2.18 1.00 -  |   464.5    427.3  0.00 |  0.0  1.0 0   0   0  0  1  0
  - 2.68s  --------    0  Y   Y  1.00  2.29 1.00 -  |   464.8    427.9  0.00 |  1.0  1.0 0   0   0  0  1  0
  - 2.58s  --------    0  Y   Y  1.00  2.39 1.00 -  |   465.0    428.5  0.00 |  1.0  1.0 0   0   0  0  1  0
  - 2.47s  --------    0  Y   Y  1.00  2.50 1.00 -  |   465.6    429.2  0.00 |  1.0  1.0 0   0   0  0  1  0
  - 2.36s  --------    0  Y   Y  1.00  2.60 1.00 -  |   466.1    429.7  0.00 |  1.0  1.0 0   0   0  0  1  0
  - 2.26s  --------    0  Y   Y  1.00  2.71 1.00 -  |   466.6    430.2  0.00 |  1.0  0.0 0   0   0  0  1  0
  - 2.15s  --------    0  Y   Y  1.00  2.82 1.00 -  |   467.2    430.7  0.00 |  1.0  0.0 0   0   0  0  1  0
  - 2.04s  --------    0  Y   Y  1.00  2.93 1.00 -  |   467.8    431.0  0.00 |  1.0  0.0 0   0   0  0  1  0
  - 1.93s  --------    0  Y   Y  1.00  3.04 1.00 -  |   468.7    431.1  0.00 |  1.0  0.0 0   0   0  0  1  0
  - 1.82s  --------    0  Y   Y  1.00  3.15 1.00 -  |   469.4    431.1  0.00 |  1.0  0.0 0   0   0  0  1  0
  - 1.72s  --------    0  Y   Y  1.00  3.25 1.00 -  |   470.1    431.1  0.00 |  1.0  0.0 0   0   0  0  1  0
  - 1.60s  --------    0  Y   Y  1.00  3.37 1.00 -  |   470.9    431.1  0.00 |  1.0  0.0 0   0   0  0  1  0
  - 1.49s  --------    0  Y   Y  1.00  3.47 1.00 -  |   471.7    431.1  0.00 |  1.0  0.0 0   0   0  0  1  0
  - 1.39s  --------    0  Y   Y  1.00  3.58 1.00 -  |   472.4    431.1  0.00 |  1.0  0.0 0   0   0  0  1  0
  - 1.29s  --------    0  n   Y  1.00  3.68 1.00 -  |   473.1    431.1  0.00 |  1.0  0.0 0   0   0  1  1  0
  - 1.18s  --------    0  n   Y  1.00  3.79 1.00 -  |   473.6    431.1  0.00 |  1.0  0.0 0   0   0  1  1  0
  - 1.07s  --------    0  n   Y  1.00  3.90 1.00 -  |   474.1    431.1  0.00 |  1.0  0.0 0   0   0  0  1  0
  - 0.97s  --------    0  n   Y  1.00  4.00 1.00 -  |   474.6    431.1  0.00 |  1.0  0.0 0   0   0  0  1  0
  - 0.87s  --D-----    0  n   Y  1.00  4.10 1.00 T  |   475.3    431.1  8.76 |  1.0  0.0 0   0   0  0  1  1
  - 0.75s  --D-----    0  n   Y  1.00  0.43 1.00 -  |   476.4    430.9  11.42 |  1.0  0.0 0   0   0  0  1  0
  - 0.65s  --D-----    0  n   Y  1.00  0.57 1.00 -  |   477.4    430.7  9.93 |  1.0  0.0 0   0   0  0  1  0
  - 0.54s  --D-----    0  n   Y  1.00  0.70 1.00 -  |   478.0    430.6  4.37 |  1.0  0.0 0   0   0  0  1  0
  - 0.44s  --D-----    0  n   Y  1.00  0.83 1.00 -  |   478.5    430.6  2.78 |  1.0  0.0 0   0   0  0  1  0
  - 0.33s  --------    0  Y   Y  1.00  0.96 1.00 T  |   478.8    430.5  0.00 |  1.0  0.0 0   0   0  0  1  0
  - 0.22s  --------    0  Y   Y  1.00  1.10 1.00 T  |   479.5    430.5  0.00 |  0.0  0.0 0   0   0  0  1  0
  - 0.11s  --------    0  Y   Y  1.00  0.28 1.00 -  |   480.3    430.5  0.00 |  0.0  0.0 0   0   0  0  0  0
  - 0.01s  --------    0  Y   Y  1.00  0.38 1.00 -  |   481.0    430.5  0.00 |  0.0  0.0 0   0   0  0  1  0
=========================================================== END

[  2126   24.838 x1.00] LOG  🚶 2-LEG JUMP
[  2126   24.838 x1.00] LOG  🐾 Jump 1 VFX spawned!
[  2161   25.265 x1.00] LOG  [Combat] Dodge: Dodge_4Leg (4m, 4leg)
[  2161   25.265 x1.00] LOG  [AirPosePin] engaged, holding body at 2.003m above the transform
[  2204   25.904 x1.00] LOG  [DodgeTrace] 4leg flip: clip 0.80s, ran 0.65s, skipped 0.18s of wind-up, 4.0m — travel finished at 0.61s, leaving 0.04s of clip with nothing moving.
[  2204   25.904 x1.00] LOG  [Combat] Dodge ended
[  2204   25.904 x1.00] LOG  [AirPosePin] released, peak correction was 0.603m
[  2215   26.045 x1.00] LOG  💨 Landing VFX spawned!
[  2215   26.045 x1.00] LOG  ✅ LANDED! (was jump #1)
[  2333   27.500 x1.00] LOG  🐾 4-LEG JUMP #0
[  2333   27.500 x1.00] LOG  🐾 Jump 1 VFX spawned!
[  2359   27.897 x1.00] LOG  [Combat] Dodge: Dodge_4Leg (4m, 4leg)
[  2359   27.897 x1.00] LOG  [AirPosePin] engaged, holding body at 1.423m above the transform
[  2393   28.416 x1.00] LOG  [Combat] Dodge early exit at 86% (movement input)
[  2393   28.416 x1.00] LOG  [DodgeTrace] 4leg flip: clip 0.80s, ran 0.53s, skipped 0.18s of wind-up, 4.0m — travel never completed (cut short).
[  2393   28.416 x1.00] LOG  [Combat] Dodge ended
[  2393   28.416 x1.00] LOG  [AirPosePin] released, peak correction was -0.592m
[  2404   28.566 x1.00] LOG  💨 Landing VFX spawned!
[  2404   28.566 x1.00] LOG  ✅ LANDED! (was jump #1)
[  2423   28.817 x1.00] LOG  
==================== [FREEZE-DEBUG v3] ====================
  Reason : WASD-NOMOVE: WASD recent + speed 0.00m/s for 0.40s
  Time   : 26.001s   Frame: 2423   Snaps: 60
===========================================================

--- CURRENT STATE ---
  Flags: atk=False hvy=False dod=False dsh=False
         grd=False hit=False aerial=False lockPos=False
         comboStep=0
  Anim : speed=1.00  combatLayer hash=-792875657 normT=0.390 weight=1.00 inTransition=False
  CC   : grounded=True  enabled=True  pos=(471.52, 0.11, 429.90)  vel=(0.00, -0.79, 0.00)
  Move : IsRunning=True
  Input: H=-1.00 V=0.00  LMB=False MMB=False Q=False Sp=False Sh=True C=False
         WASD pressed in last 0.5s: True (last 0.00s ago)

--- FLIGHT RECORDER (60 snapshots, oldest first, dt=0.10s) ---
  Legend: flags = A(tk) H(vy) D(od) S(sh) G(rd) R(eact) Y(aerial) L(ock)   gnd/cc: Y/n
  t-now    flags     step gnd cc anSp normT layW tr | posX     posZ     spd   | H    V    LMB MMB Q  Sp Sh C
  ------   --------  ---- --- -- ---- ----- ---- -- | -----    -----    ----  | ---- ---- --- --- -- -- -- -
  - 6.36s  --------    0  Y   Y  1.00  2.71 1.00 -  |   466.6    430.2  0.00 |  1.0  0.0 0   0   0  0  1  0
  - 6.25s  --------    0  Y   Y  1.00  2.82 1.00 -  |   467.2    430.7  0.00 |  1.0  0.0 0   0   0  0  1  0
  - 6.15s  --------    0  Y   Y  1.00  2.93 1.00 -  |   467.8    431.0  0.00 |  1.0  0.0 0   0   0  0  1  0
  - 6.04s  --------    0  Y   Y  1.00  3.04 1.00 -  |   468.7    431.1  0.00 |  1.0  0.0 0   0   0  0  1  0
  - 5.92s  --------    0  Y   Y  1.00  3.15 1.00 -  |   469.4    431.1  0.00 |  1.0  0.0 0   0   0  0  1  0
  - 5.82s  --------    0  Y   Y  1.00  3.25 1.00 -  |   470.1    431.1  0.00 |  1.0  0.0 0   0   0  0  1  0
  - 5.71s  --------    0  Y   Y  1.00  3.37 1.00 -  |   470.9    431.1  0.00 |  1.0  0.0 0   0   0  0  1  0
  - 5.60s  --------    0  Y   Y  1.00  3.47 1.00 -  |   471.7    431.1  0.00 |  1.0  0.0 0   0   0  0  1  0
  - 5.50s  --------    0  Y   Y  1.00  3.58 1.00 -  |   472.4    431.1  0.00 |  1.0  0.0 0   0   0  0  1  0
  - 5.40s  --------    0  n   Y  1.00  3.68 1.00 -  |   473.1    431.1  0.00 |  1.0  0.0 0   0   0  1  1  0
  - 5.29s  --------    0  n   Y  1.00  3.79 1.00 -  |   473.6    431.1  0.00 |  1.0  0.0 0   0   0  1  1  0
  - 5.18s  --------    0  n   Y  1.00  3.90 1.00 -  |   474.1    431.1  0.00 |  1.0  0.0 0   0   0  0  1  0
  - 5.08s  --------    0  n   Y  1.00  4.00 1.00 -  |   474.6    431.1  0.00 |  1.0  0.0 0   0   0  0  1  0
  - 4.97s  --D-----    0  n   Y  1.00  4.10 1.00 T  |   475.3    431.1  8.76 |  1.0  0.0 0   0   0  0  1  1
  - 4.86s  --D-----    0  n   Y  1.00  0.43 1.00 -  |   476.4    430.9  11.42 |  1.0  0.0 0   0   0  0  1  0
  - 4.75s  --D-----    0  n   Y  1.00  0.57 1.00 -  |   477.4    430.7  9.93 |  1.0  0.0 0   0   0  0  1  0
  - 4.64s  --D-----    0  n   Y  1.00  0.70 1.00 -  |   478.0    430.6  4.37 |  1.0  0.0 0   0   0  0  1  0
  - 4.54s  --D-----    0  n   Y  1.00  0.83 1.00 -  |   478.5    430.6  2.78 |  1.0  0.0 0   0   0  0  1  0
  - 4.43s  --------    0  Y   Y  1.00  0.96 1.00 T  |   478.8    430.5  0.00 |  1.0  0.0 0   0   0  0  1  0
  - 4.33s  --------    0  Y   Y  1.00  1.10 1.00 T  |   479.5    430.5  0.00 |  0.0  0.0 0   0   0  0  1  0
  - 4.22s  --------    0  Y   Y  1.00  0.28 1.00 -  |   480.3    430.5  0.00 |  0.0  0.0 0   0   0  0  0  0
  - 4.11s  --------    0  Y   Y  1.00  0.38 1.00 -  |   481.0    430.5  0.00 |  0.0  0.0 0   0   0  0  1  0
  - 4.01s  --------    0  Y   Y  1.00  0.49 1.00 -  |   481.2    430.5  0.00 |  0.0  0.0 0   0   0  0  1  0
  - 3.91s  --------    0  n   Y  1.00  0.60 1.00 -  |   481.4    430.5  0.00 |  0.0  0.0 0   0   0  1  1  0
  - 3.80s  --------    0  n   Y  1.00  0.69 1.00 -  |   481.6    430.5  0.00 |  0.0  0.0 0   0   0  1  1  0
  - 3.70s  --------    0  n   Y  1.00  0.80 1.00 -  |   482.0    430.5  0.00 |  0.0  0.0 0   0   0  0  1  0
  - 3.59s  --------    0  n   Y  1.00  0.91 1.00 -  |   482.2    430.5  0.00 |  0.0  0.0 0   0   0  0  0  0
  - 3.48s  --D-----    0  n   Y  1.00  1.01 1.00 T  |   482.9    430.5  11.36 |  0.0  0.0 0   0   0  0  0  1
  - 3.37s  --D-----    0  n   Y  1.00  0.43 1.00 -  |   484.0    430.5  8.63 |  0.0  0.0 0   0   0  0  1  0
  - 3.27s  --D-----    0  n   Y  1.00  0.56 1.00 -  |   484.9    430.5  8.64 |  0.0  0.0 0   0   0  0  1  0
  - 3.16s  --D-----    0  n   Y  1.00  0.69 1.00 -  |   485.6    430.5  5.65 |  0.0  0.0 0   0   0  0  1  0
  - 3.06s  --D-----    0  n   Y  1.00  0.82 1.00 -  |   486.1    430.5  3.22 |  0.0  0.0 0   0   0  0  1  0
  - 2.96s  --D-----    0  n   Y  1.00  0.95 1.00 -  |   486.3    430.5  1.46 |  0.0  0.0 0   0   0  0  0  0
  - 2.85s  --------    0  n   Y  1.00  1.09 1.00 T  |   486.3    430.5  0.00 |  0.0  0.0 0   0   0  0  0  0
  - 2.74s  --------    0  Y   Y  1.00  1.23 1.00 T  |   486.3    430.5  0.00 |  0.0  0.0 0   0   0  0  0  0
  - 2.63s  --------    0  Y   Y  1.00  0.27 1.00 -  |   486.3    430.5  0.00 |  0.0  0.0 0   0   0  0  0  0
  - 2.53s  --------    0  Y   Y  1.00  0.37 1.00 -  |   486.3    430.5  0.00 |  0.0  0.0 0   0   0  0  0  0
  - 2.43s  --------    0  Y   Y  1.00  0.47 1.00 -  |   486.3    430.5  0.00 |  0.0  0.0 0   0   0  0  0  0
  - 2.33s  --------    0  Y   Y  1.00  0.57 1.00 -  |   486.3    430.5  0.00 |  0.0  0.0 0   0   0  0  0  0
  - 2.22s  --------    0  Y   Y  1.00  0.68 1.00 -  |   485.9    430.5  0.00 | -1.0  0.0 0   0   0  0  1  0
  - 2.12s  --------    0  Y   Y  1.00  0.78 1.00 -  |   485.2    430.5  0.00 | -1.0  0.0 0   0   0  0  1  0
  - 2.02s  --------    0  Y   Y  1.00  0.88 1.00 -  |   484.4    430.5  0.00 | -1.0  0.0 0   0   0  0  1  0
  - 1.91s  --------    0  Y   Y  1.00  0.98 1.00 -  |   483.7    430.5  0.00 | -1.0  0.0 0   0   0  0  1  0
  - 1.81s  --------    0  Y   Y  1.00  1.09 1.00 -  |   483.0    430.5  0.00 | -1.0  0.0 0   0   0  0  1  0
  - 1.70s  --------    0  Y   Y  1.00  1.19 1.00 -  |   482.3    430.5  0.00 | -1.0  0.0 0   0   0  0  1  0
  - 1.59s  --------    0  Y   Y  1.00  1.31 1.00 -  |   481.4    430.5  0.00 | -1.0  0.0 0   0   0  0  1  0
  - 1.48s  --------    0  Y   Y  1.00  1.42 1.00 -  |   480.6    430.5  0.00 | -1.0  0.0 0   0   0  0  1  0
  - 1.38s  --------    0  Y   Y  1.00  1.53 1.00 -  |   479.9    430.5  0.00 | -1.0  0.0 0   0   0  0  1  0
  - 1.27s  --------    0  n   Y  1.00  1.63 1.00 -  |   479.3    430.5  0.00 | -1.0  0.0 0   0   0  1  1  0
  - 1.16s  --------    0  n   Y  1.00  1.74 1.00 -  |   478.7    430.5  0.00 | -1.0  0.0 0   0   0  0  1  0
  - 1.04s  --------    0  n   Y  1.00  1.85 1.00 -  |   478.3    430.5  0.00 | -1.0  0.0 0   0   0  0  1  0
  - 0.94s  --------    0  n   Y  1.00  1.97 1.00 -  |   477.7    430.5  0.00 | -1.0  0.0 0   0   0  0  1  0
  - 0.83s  --D-----    0  n   Y  1.00  2.07 1.00 T  |   476.9    430.4  11.29 | -1.0  0.0 0   0   0  0  1  1
  - 0.71s  --D-----    0  n   Y  1.00  0.46 1.00 -  |   475.8    430.2  8.98 | -1.0  0.0 0   0   0  0  1  0
  - 0.61s  --D-----    0  n   Y  1.00  0.60 1.00 -  |   474.8    430.1  8.09 | -1.0  0.0 0   0   0  0  1  0
  - 0.50s  --D-----    0  n   Y  1.00  0.73 1.00 -  |   474.2    430.0  4.41 | -1.0  0.0 0   0   0  0  1  0
  - 0.39s  --------    0  n   Y  1.00  0.87 1.00 T  |   473.8    429.9  0.00 | -1.0  0.0 0   0   0  0  1  0
  - 0.28s  --------    0  n   Y  1.00  1.01 1.00 T  |   473.4    429.9  0.00 | -1.0  0.0 0   0   0  0  1  0
  - 0.17s  --------    0  Y   Y  1.00  1.14 1.00 T  |   472.8    429.9  0.00 | -1.0  0.0 0   0   0  0  1  0
  - 0.06s  --------    0  Y   Y  1.00  0.32 1.00 -  |   472.1    429.9  0.00 |  0.0  0.0 0   0   0  0  1  0
=========================================================== END

[  2434   28.967 x1.00] LOG  🐾 4-LEG JUMP #0
[  2434   28.967 x1.00] LOG  🐾 Jump 1 VFX spawned!
[  2458   29.294 x1.00] LOG  [Combat] Dodge: Dodge_4Leg (4m, 4leg)
[  2458   29.294 x1.00] LOG  [AirPosePin] engaged, holding body at 1.004m above the transform
[  2490   29.815 x1.00] LOG  [Combat] Dodge early exit at 86% (movement input)
[  2490   29.815 x1.00] LOG  [DodgeTrace] 4leg flip: clip 0.80s, ran 0.54s, skipped 0.18s of wind-up, 4.0m — travel never completed (cut short).
[  2490   29.815 x1.00] LOG  [Combat] Dodge ended
[  2490   29.815 x1.00] LOG  [AirPosePin] released, peak correction was -1.000m
[  2493   29.861 x1.00] LOG  💨 Landing VFX spawned!
[  2493   29.861 x1.00] LOG  ✅ LANDED! (was jump #1)
[  2528   30.317 x1.00] LOG  🐾 4-LEG JUMP #0
[  2528   30.317 x1.00] LOG  🐾 Jump 1 VFX spawned!
[  2532   30.373 x1.00] LOG  [StormWeather] ⚡ strike at (482.63, 45.00, 439.94)
[  2550   30.634 x1.00] LOG  [Combat] Dodge: Dodge_4Leg (4m, 4leg)
[  2550   30.634 x1.00] LOG  [AirPosePin] engaged, holding body at 0.945m above the transform
[  2587   31.147 x1.00] LOG  [Combat] Dodge early exit at 85% (movement input)
[  2587   31.147 x1.00] LOG  [DodgeTrace] 4leg flip: clip 0.80s, ran 0.53s, skipped 0.18s of wind-up, 4.0m — travel never completed (cut short).
[  2587   31.147 x1.00] LOG  [Combat] Dodge ended
[  2587   31.147 x1.00] LOG  [AirPosePin] released, peak correction was -1.081m
[  2590   31.187 x1.00] LOG  💨 Landing VFX spawned!
[  2590   31.187 x1.00] LOG  ✅ LANDED! (was jump #1)
[  2718   32.663 x1.00] LOG  🐾 4-LEG JUMP #0
[  2718   32.663 x1.00] LOG  🐾 Jump 1 VFX spawned!
[  2740   33.013 x1.00] LOG  🐾 4-LEG JUMP #1
[  2740   33.013 x1.00] LOG  🐾 Jump 2 VFX spawned!
[  2740   33.013 x1.00] LOG  
==================== [FREEZE-DEBUG v3] ====================
  Reason : WASD-NOMOVE: WASD recent + speed 0.00m/s for 0.42s
  Time   : 30.196s   Frame: 2740   Snaps: 60
===========================================================

--- CURRENT STATE ---
  Flags: atk=False hvy=False dod=False dsh=False
         grd=False hit=False aerial=False lockPos=False
         comboStep=0
  Anim : speed=1.00  combatLayer hash=-792875657 normT=1.849 weight=1.00 inTransition=False
  CC   : grounded=False  enabled=True  pos=(458.04, 1.70, 429.27)  vel=(0.00, 2.65, 0.00)
  Move : IsRunning=True
  Input: H=1.00 V=0.00  LMB=False MMB=False Q=False Sp=True Sh=True C=False
         WASD pressed in last 0.5s: True (last 0.00s ago)

--- FLIGHT RECORDER (60 snapshots, oldest first, dt=0.10s) ---
  Legend: flags = A(tk) H(vy) D(od) S(sh) G(rd) R(eact) Y(aerial) L(ock)   gnd/cc: Y/n
  t-now    flags     step gnd cc anSp normT layW tr | posX     posZ     spd   | H    V    LMB MMB Q  Sp Sh C
  ------   --------  ---- --- -- ---- ----- ---- -- | -----    -----    ----  | ---- ---- --- --- -- -- -- -
  - 6.42s  --------    0  Y   Y  1.00  0.68 1.00 -  |   485.9    430.5  0.00 | -1.0  0.0 0   0   0  0  1  0
  - 6.32s  --------    0  Y   Y  1.00  0.78 1.00 -  |   485.2    430.5  0.00 | -1.0  0.0 0   0   0  0  1  0
  - 6.21s  --------    0  Y   Y  1.00  0.88 1.00 -  |   484.4    430.5  0.00 | -1.0  0.0 0   0   0  0  1  0
  - 6.11s  --------    0  Y   Y  1.00  0.98 1.00 -  |   483.7    430.5  0.00 | -1.0  0.0 0   0   0  0  1  0
  - 6.00s  --------    0  Y   Y  1.00  1.09 1.00 -  |   483.0    430.5  0.00 | -1.0  0.0 0   0   0  0  1  0
  - 5.90s  --------    0  Y   Y  1.00  1.19 1.00 -  |   482.3    430.5  0.00 | -1.0  0.0 0   0   0  0  1  0
  - 5.79s  --------    0  Y   Y  1.00  1.31 1.00 -  |   481.4    430.5  0.00 | -1.0  0.0 0   0   0  0  1  0
  - 5.68s  --------    0  Y   Y  1.00  1.42 1.00 -  |   480.6    430.5  0.00 | -1.0  0.0 0   0   0  0  1  0
  - 5.57s  --------    0  Y   Y  1.00  1.53 1.00 -  |   479.9    430.5  0.00 | -1.0  0.0 0   0   0  0  1  0
  - 5.46s  --------    0  n   Y  1.00  1.63 1.00 -  |   479.3    430.5  0.00 | -1.0  0.0 0   0   0  1  1  0
  - 5.35s  --------    0  n   Y  1.00  1.74 1.00 -  |   478.7    430.5  0.00 | -1.0  0.0 0   0   0  0  1  0
  - 5.24s  --------    0  n   Y  1.00  1.85 1.00 -  |   478.3    430.5  0.00 | -1.0  0.0 0   0   0  0  1  0
  - 5.13s  --------    0  n   Y  1.00  1.97 1.00 -  |   477.7    430.5  0.00 | -1.0  0.0 0   0   0  0  1  0
  - 5.02s  --D-----    0  n   Y  1.00  2.07 1.00 T  |   476.9    430.4  11.29 | -1.0  0.0 0   0   0  0  1  1
  - 4.91s  --D-----    0  n   Y  1.00  0.46 1.00 -  |   475.8    430.2  8.98 | -1.0  0.0 0   0   0  0  1  0
  - 4.80s  --D-----    0  n   Y  1.00  0.60 1.00 -  |   474.8    430.1  8.09 | -1.0  0.0 0   0   0  0  1  0
  - 4.70s  --D-----    0  n   Y  1.00  0.73 1.00 -  |   474.2    430.0  4.41 | -1.0  0.0 0   0   0  0  1  0
  - 4.58s  --------    0  n   Y  1.00  0.87 1.00 T  |   473.8    429.9  0.00 | -1.0  0.0 0   0   0  0  1  0
  - 4.47s  --------    0  n   Y  1.00  1.01 1.00 T  |   473.4    429.9  0.00 | -1.0  0.0 0   0   0  0  1  0
  - 4.37s  --------    0  Y   Y  1.00  1.14 1.00 T  |   472.8    429.9  0.00 | -1.0  0.0 0   0   0  0  1  0
  - 4.26s  --------    0  Y   Y  1.00  0.32 1.00 -  |   472.1    429.9  0.00 |  0.0  0.0 0   0   0  0  1  0
  - 4.16s  --------    0  Y   Y  1.00  0.43 1.00 -  |   471.2    429.9  0.00 | -1.0  0.0 0   0   0  0  1  0
  - 4.05s  --------    0  Y   Y  1.00  0.54 1.00 -  |   470.5    429.9  0.00 |  0.0  0.0 0   0   0  1  1  0
  - 3.94s  --------    0  n   Y  1.00  0.65 1.00 -  |   469.9    429.9  0.00 | -1.0  0.0 0   0   0  1  1  0
  - 3.83s  --------    0  n   Y  1.00  0.76 1.00 -  |   469.5    429.9  0.00 | -1.0  0.0 0   0   0  0  1  0
  - 3.72s  --D-----    0  n   Y  1.00  0.86 1.00 -  |   469.0    429.9  0.00 |  0.0  0.0 0   0   0  0  1  1
  - 3.62s  --D-----    0  n   Y  1.00  0.97 1.00 T  |   468.2    429.9  8.57 |  0.0  0.0 0   0   0  0  1  1
  - 3.52s  --D-----    0  n   Y  1.00  0.46 1.00 -  |   467.2    429.9  8.32 |  0.0  0.0 0   0   0  0  1  0
  - 3.40s  --D-----    0  n   Y  1.00  0.58 1.00 -  |   466.4    429.9  7.31 |  0.0  0.0 0   0   0  0  1  0
  - 3.30s  --D-----    0  n   Y  1.00  0.74 1.00 -  |   465.6    429.9  5.89 |  0.0  0.0 0   0   0  0  1  0
  - 3.18s  --------    0  n   Y  1.00  0.88 1.00 T  |   465.1    429.9  0.00 | -1.0  0.0 0   0   0  0  1  0
  - 3.07s  --------    0  Y   Y  1.00  1.02 1.00 T  |   464.4    429.9  0.00 | -1.0  0.0 0   0   0  0  1  0
  - 2.97s  --------    0  Y   Y  1.00  1.15 1.00 T  |   463.7    429.9  0.00 | -1.0  0.0 0   0   0  0  1  0
  - 2.86s  --------    0  Y   Y  1.00  0.32 1.00 -  |   463.0    429.9  0.00 | -1.0  0.0 0   0   0  0  1  0
  - 2.75s  --------    0  Y   Y  1.00  0.44 1.00 -  |   462.2    429.9  0.00 | -1.0  0.0 0   0   0  0  1  0
  - 2.64s  --------    0  n   Y  1.00  0.54 1.00 -  |   461.5    429.9  0.00 | -1.0  0.0 0   0   0  1  0  0
  - 2.53s  --------    0  n   Y  1.00  0.65 1.00 -  |   461.0    429.9  0.00 | -1.0  0.0 0   0   0  1  1  0
  - 2.42s  --------    0  n   Y  1.00  0.76 1.00 -  |   460.6    429.9  0.00 | -1.0  0.0 0   0   0  0  1  0
  - 2.31s  --D-----    0  n   Y  1.00  0.88 1.00 T  |   459.9    429.8  9.83 | -1.0  0.0 0   0   0  0  1  1
  - 2.20s  --D-----    0  n   Y  1.00  0.43 1.00 -  |   458.7    429.6  10.20 | -1.0  0.0 0   0   0  0  1  0
  - 2.09s  --D-----    0  n   Y  1.00  0.57 1.00 -  |   457.7    429.5  6.97 | -1.0  0.0 0   0   0  0  1  0
  - 1.99s  --D-----    0  n   Y  1.00  0.70 1.00 -  |   457.1    429.4  7.06 | -1.0  0.0 0   0   0  0  1  0
  - 1.88s  --D-----    0  n   Y  1.00  0.84 1.00 -  |   456.6    429.3  3.69 | -1.0  0.0 0   0   0  0  1  0
  - 1.78s  --------    0  Y   Y  1.00  0.97 1.00 T  |   456.0    429.3  0.00 | -1.0  0.0 0   0   0  0  1  0
  - 1.67s  --------    0  Y   Y  1.00  1.10 1.00 T  |   455.3    429.3  0.00 |  0.0  0.0 0   0   0  0  1  0
  - 1.56s  --------    0  Y   Y  1.00  0.30 1.00 -  |   454.6    429.3  0.00 |  0.0  0.0 0   0   0  0  1  0
  - 1.46s  --------    0  Y   Y  1.00  0.40 1.00 -  |   453.8    429.3  0.00 |  0.0  0.0 0   0   0  0  1  0
  - 1.35s  --------    0  Y   Y  1.00  0.51 1.00 -  |   453.4    429.3  0.00 |  0.0  0.0 0   0   0  0  1  0
  - 1.24s  --------    0  Y   Y  1.00  0.61 1.00 -  |   453.4    429.3  0.00 |  0.0  0.0 0   0   0  0  1  0
  - 1.14s  --------    0  Y   Y  1.00  0.71 1.00 -  |   453.4    429.3  0.00 |  0.0  0.0 0   0   0  0  1  0
  - 1.03s  --------    0  Y   Y  1.00  0.82 1.00 -  |   453.4    429.3  0.00 |  0.0  0.0 0   0   0  0  1  0
  - 0.93s  --------    0  Y   Y  1.00  0.92 1.00 -  |   453.4    429.3  0.00 |  0.0  0.0 0   0   0  0  1  0
  - 0.83s  --------    0  Y   Y  1.00  1.02 1.00 -  |   453.4    429.3  0.00 |  0.0  0.0 0   0   0  0  1  0
  - 0.72s  --------    0  Y   Y  1.00  1.13 1.00 -  |   453.8    429.3  0.00 |  1.0  0.0 0   0   0  0  1  0
  - 0.62s  --------    0  Y   Y  1.00  1.23 1.00 -  |   454.5    429.3  0.00 |  1.0  0.0 0   0   0  0  1  0
  - 0.52s  --------    0  Y   Y  1.00  1.33 1.00 -  |   455.2    429.3  0.00 |  1.0  0.0 0   0   0  0  1  0
  - 0.42s  --------    0  Y   Y  1.00  1.43 1.00 -  |   456.0    429.3  0.00 |  1.0  0.0 0   0   0  0  1  0
  - 0.31s  --------    0  n   Y  1.00  1.54 1.00 -  |   456.7    429.3  0.00 |  1.0  0.0 0   0   0  1  1  0
  - 0.20s  --------    0  n   Y  1.00  1.65 1.00 -  |   457.1    429.3  0.00 |  1.0  0.0 0   0   0  1  1  0
  - 0.09s  --------    0  n   Y  1.00  1.76 1.00 -  |   457.7    429.3  0.00 |  1.0  0.0 0   0   0  0  1  0
=========================================================== END

[  2756   33.261 x1.00] LOG  🐾 4-LEG JUMP #2
[  2756   33.261 x1.00] LOG  🐾 Jump 3 VFX spawned!
[  2756   33.261 x1.00] LOG  🚫 Max jumps reached!
[  2825   34.270 x1.00] LOG  💨 Landing VFX spawned!
[  2825   34.270 x1.00] LOG  ✅ LANDED! (was jump #3)
[  2897   35.014 x1.00] LOG  🚶 2-LEG JUMP
[  2897   35.014 x1.00] LOG  🐾 Jump 1 VFX spawned!
[  2963   35.952 x1.00] LOG  💨 Landing VFX spawned!
[  2963   35.952 x1.00] LOG  ✅ LANDED! (was jump #1)
[  3053   37.113 x1.00] LOG  
==================== [FREEZE-DEBUG v3] ====================
  Reason : WASD-NOMOVE: WASD recent + speed 0.00m/s for 0.42s
  Time   : 34.296s   Frame: 3053   Snaps: 60
===========================================================

--- CURRENT STATE ---
  Flags: atk=False hvy=False dod=False dsh=False
         grd=False hit=False aerial=False lockPos=False
         comboStep=0
  Anim : speed=1.00  combatLayer hash=-792875657 normT=5.948 weight=1.00 inTransition=False
  CC   : grounded=True  enabled=True  pos=(469.59, 0.02, 429.27)  vel=(0.00, 0.00, 0.00)
  Move : IsRunning=True
  Input: H=1.00 V=0.00  LMB=False MMB=False Q=False Sp=False Sh=True C=False
         WASD pressed in last 0.5s: True (last 0.00s ago)

--- FLIGHT RECORDER (60 snapshots, oldest first, dt=0.10s) ---
  Legend: flags = A(tk) H(vy) D(od) S(sh) G(rd) R(eact) Y(aerial) L(ock)   gnd/cc: Y/n
  t-now    flags     step gnd cc anSp normT layW tr | posX     posZ     spd   | H    V    LMB MMB Q  Sp Sh C
  ------   --------  ---- --- -- ---- ----- ---- -- | -----    -----    ----  | ---- ---- --- --- -- -- -- -
  - 6.30s  --D-----    0  n   Y  1.00  0.43 1.00 -  |   458.7    429.6  10.20 | -1.0  0.0 0   0   0  0  1  0
  - 6.19s  --D-----    0  n   Y  1.00  0.57 1.00 -  |   457.7    429.5  6.97 | -1.0  0.0 0   0   0  0  1  0
  - 6.09s  --D-----    0  n   Y  1.00  0.70 1.00 -  |   457.1    429.4  7.06 | -1.0  0.0 0   0   0  0  1  0
  - 5.98s  --D-----    0  n   Y  1.00  0.84 1.00 -  |   456.6    429.3  3.69 | -1.0  0.0 0   0   0  0  1  0
  - 5.88s  --------    0  Y   Y  1.00  0.97 1.00 T  |   456.0    429.3  0.00 | -1.0  0.0 0   0   0  0  1  0
  - 5.77s  --------    0  Y   Y  1.00  1.10 1.00 T  |   455.3    429.3  0.00 |  0.0  0.0 0   0   0  0  1  0
  - 5.66s  --------    0  Y   Y  1.00  0.30 1.00 -  |   454.6    429.3  0.00 |  0.0  0.0 0   0   0  0  1  0
  - 5.56s  --------    0  Y   Y  1.00  0.40 1.00 -  |   453.8    429.3  0.00 |  0.0  0.0 0   0   0  0  1  0
  - 5.45s  --------    0  Y   Y  1.00  0.51 1.00 -  |   453.4    429.3  0.00 |  0.0  0.0 0   0   0  0  1  0
  - 5.34s  --------    0  Y   Y  1.00  0.61 1.00 -  |   453.4    429.3  0.00 |  0.0  0.0 0   0   0  0  1  0
  - 5.24s  --------    0  Y   Y  1.00  0.71 1.00 -  |   453.4    429.3  0.00 |  0.0  0.0 0   0   0  0  1  0
  - 5.13s  --------    0  Y   Y  1.00  0.82 1.00 -  |   453.4    429.3  0.00 |  0.0  0.0 0   0   0  0  1  0
  - 5.03s  --------    0  Y   Y  1.00  0.92 1.00 -  |   453.4    429.3  0.00 |  0.0  0.0 0   0   0  0  1  0
  - 4.93s  --------    0  Y   Y  1.00  1.02 1.00 -  |   453.4    429.3  0.00 |  0.0  0.0 0   0   0  0  1  0
  - 4.82s  --------    0  Y   Y  1.00  1.13 1.00 -  |   453.8    429.3  0.00 |  1.0  0.0 0   0   0  0  1  0
  - 4.72s  --------    0  Y   Y  1.00  1.23 1.00 -  |   454.5    429.3  0.00 |  1.0  0.0 0   0   0  0  1  0
  - 4.62s  --------    0  Y   Y  1.00  1.33 1.00 -  |   455.2    429.3  0.00 |  1.0  0.0 0   0   0  0  1  0
  - 4.52s  --------    0  Y   Y  1.00  1.43 1.00 -  |   456.0    429.3  0.00 |  1.0  0.0 0   0   0  0  1  0
  - 4.41s  --------    0  n   Y  1.00  1.54 1.00 -  |   456.7    429.3  0.00 |  1.0  0.0 0   0   0  1  1  0
  - 4.30s  --------    0  n   Y  1.00  1.65 1.00 -  |   457.1    429.3  0.00 |  1.0  0.0 0   0   0  1  1  0
  - 4.19s  --------    0  n   Y  1.00  1.76 1.00 -  |   457.7    429.3  0.00 |  1.0  0.0 0   0   0  0  1  0
  - 4.08s  --------    0  n   Y  1.00  1.87 1.00 -  |   458.1    429.3  0.00 |  1.0  0.0 0   0   0  1  1  0
  - 3.97s  --------    0  n   Y  1.00  1.98 1.00 -  |   458.7    429.3  0.00 |  1.0  0.0 0   0   0  0  1  0
  - 3.86s  --------    0  n   Y  1.00  2.09 1.00 -  |   459.1    429.3  0.00 |  1.0  0.0 0   0   0  0  1  0
  - 3.76s  --------    0  n   Y  1.00  2.19 1.00 -  |   459.6    429.3  0.00 |  1.0  0.0 0   0   0  1  1  0
  - 3.65s  --------    0  n   Y  1.00  2.31 1.00 -  |   460.1    429.3  0.00 |  0.0  0.0 0   0   0  0  1  0
  - 3.54s  --------    0  n   Y  1.00  2.41 1.00 -  |   460.7    429.3  0.00 |  0.0  0.0 0   0   0  0  1  0
  - 3.43s  --------    0  n   Y  1.00  2.52 1.00 -  |   461.1    429.3  0.00 |  0.0  0.0 0   0   0  0  1  1
  - 3.33s  --------    0  n   Y  1.00  2.62 1.00 -  |   461.6    429.3  0.00 |  0.0  0.0 0   0   0  0  1  0
  - 3.22s  --------    0  n   Y  1.00  2.73 1.00 -  |   462.0    429.3  0.00 |  0.0  0.0 0   0   0  0  1  0
  - 3.12s  --------    0  n   Y  1.00  2.83 1.00 -  |   462.5    429.3  0.00 |  0.0  0.0 0   0   0  0  1  0
  - 3.02s  --------    0  n   Y  1.00  2.93 1.00 -  |   462.9    429.3  0.00 |  0.0  0.0 0   0   0  0  1  0
  - 2.91s  --------    0  n   Y  1.00  3.04 1.00 -  |   463.4    429.3  0.00 |  0.0  0.0 0   0   0  1  1  0
  - 2.80s  --------    0  Y   Y  1.00  3.15 1.00 -  |   463.7    429.3  0.00 |  0.0  0.0 0   0   0  1  1  0
  - 2.70s  --------    0  Y   Y  1.00  3.26 1.00 -  |   463.7    429.3  0.00 |  0.0  0.0 0   0   0  1  1  0
  - 2.59s  --------    0  Y   Y  1.00  3.36 1.00 -  |   463.7    429.3  0.00 |  0.0  0.0 0   0   0  1  1  0
  - 2.49s  --------    0  Y   Y  1.00  3.47 1.00 -  |   463.7    429.3  0.00 |  0.0  0.0 0   0   0  1  1  0
  - 2.38s  --------    0  Y   Y  1.00  3.57 1.00 -  |   463.7    429.3  0.00 |  0.0  0.0 0   0   0  1  1  0
  - 2.27s  --------    0  Y   Y  1.00  3.68 1.00 -  |   463.7    429.3  0.00 |  0.0  0.0 0   0   0  0  1  0
  - 2.17s  --------    0  Y   Y  1.00  3.79 1.00 -  |   463.7    429.3  0.00 |  0.0  0.0 0   0   0  0  1  0
  - 2.06s  --------    0  n   Y  1.00  3.89 1.00 -  |   463.7    429.3  0.00 |  0.0  0.0 0   0   0  1  1  0
  - 1.94s  --------    0  n   Y  1.00  4.00 1.00 -  |   463.8    429.3  0.00 |  0.0  0.0 0   0   0  1  1  0
  - 1.83s  --------    0  n   Y  1.00  4.12 1.00 -  |   463.8    429.3  0.00 |  0.0  0.0 0   0   0  1  1  0
  - 1.73s  --------    0  n   Y  1.00  4.22 1.00 -  |   463.9    429.3  0.00 |  0.0  0.0 0   0   0  1  1  0
  - 1.62s  --------    0  n   Y  1.00  4.33 1.00 -  |   463.9    429.3  0.00 |  0.0  0.0 0   0   0  1  1  0
  - 1.51s  --------    0  n   Y  1.00  4.45 1.00 -  |   464.0    429.3  0.00 |  0.0  0.0 0   0   0  0  1  0
  - 1.40s  --------    0  n   Y  1.00  4.55 1.00 -  |   464.0    429.3  0.00 |  0.0  0.0 0   0   0  0  1  0
  - 1.30s  --------    0  n   Y  1.00  4.65 1.00 -  |   464.1    429.3  0.00 |  0.0  0.0 0   0   0  0  1  0
  - 1.19s  --------    0  n   Y  1.00  4.77 1.00 -  |   464.1    429.3  0.00 |  0.0  0.0 0   0   0  0  1  0
  - 1.08s  --------    0  Y   Y  1.00  4.87 1.00 -  |   464.1    429.3  0.00 |  0.0  0.0 0   0   0  0  1  0
  - 0.98s  --------    0  Y   Y  1.00  4.98 1.00 -  |   464.1    429.3  0.00 |  0.0  0.0 0   0   0  0  1  0
  - 0.87s  --------    0  Y   Y  1.00  5.08 1.00 -  |   464.1    429.3  0.00 |  0.0  0.0 0   0   0  0  1  0
  - 0.77s  --------    0  Y   Y  1.00  5.19 1.00 -  |   464.3    429.3  0.00 |  1.0  0.0 0   0   0  0  1  0
  - 0.66s  --------    0  Y   Y  1.00  5.29 1.00 -  |   465.0    429.3  0.00 |  1.0  0.0 0   0   0  0  1  0
  - 0.55s  --------    0  Y   Y  1.00  5.41 1.00 -  |   465.8    429.3  0.00 |  1.0  0.0 0   0   0  0  1  0
  - 0.44s  --------    0  Y   Y  1.00  5.51 1.00 -  |   466.5    429.3  0.00 |  1.0  0.0 0   0   0  0  1  0
  - 0.33s  --------    0  Y   Y  1.00  5.62 1.00 -  |   467.3    429.3  0.00 |  1.0  0.0 0   0   0  0  1  0
  - 0.22s  --------    0  Y   Y  1.00  5.73 1.00 -  |   468.2    429.3  0.00 |  1.0  0.0 0   0   0  0  1  0
  - 0.10s  --------    0  Y   Y  1.00  5.85 1.00 -  |   468.9    429.3  0.00 |  1.0  0.0 0   0   0  0  1  0
  - 0.00s  --------    0  Y   Y  1.00  5.95 1.00 -  |   469.6    429.3  0.00 |  1.0  0.0 0   0   0  0  1  0
=========================================================== END

[  3094   37.694 x1.00] LOG  🐾 4-LEG JUMP #0
[  3094   37.694 x1.00] LOG  🐾 Jump 1 VFX spawned!
[  3114   37.982 x1.00] LOG  🐾 4-LEG JUMP #1
[  3114   37.982 x1.00] LOG  🐾 Jump 2 VFX spawned!
[  3141   38.376 x1.00] LOG  [Combat] Dodge: Dodge_4Leg (4m, 4leg)
[  3141   38.376 x1.00] LOG  [AirPosePin] engaged, holding body at 1.413m above the transform
[  3173   38.897 x1.00] LOG  [Combat] Dodge early exit at 86% (movement input)
[  3173   38.897 x1.00] LOG  [DodgeTrace] 4leg flip: clip 0.80s, ran 0.54s, skipped 0.18s of wind-up, 4.0m — travel never completed (cut short).
[  3173   38.897 x1.00] LOG  [Combat] Dodge ended
[  3173   38.897 x1.00] LOG  [AirPosePin] released, peak correction was -0.596m
[  3201   39.287 x1.00] LOG  💨 Landing VFX spawned!
[  3201   39.287 x1.00] LOG  ✅ LANDED! (was jump #2)
[  3342   41.079 x1.00] LOG  [StormWeather] terrain layers restored to dry values.
# end — 220 lines
