# Oni combat log — 2026-08-20 15:49:09
# Unity 6000.2.7f2 | scene 'CaveScene_Oni_Boss1' | platform OSXEditor
# columns: [frame realSeconds timeScale] KIND message      (KIND: LOG WARN ERR EXC TEL)
#
[     0    0.000 x1.00] LOG  [OniLog] console + telemetry → /Users/asenahazal/Documents/Yoru/OniLogs/oni_2026-08-20_15-49-09.log
[     1    0.000 x1.00] LOG  [TailAirShot4Leg] Ready. drawState=shoot_4Leg castParam=Shoot4LegSpeed (found) readyFrame=5 fireFrame=10 frames=24 slowBudget=3s real damageMultiplier=2.00
  arrow leaves: PlayerYoru_1.1/Cat_All_10_Tails_v4/Group/DeformationSystem/root/Root_M/Tail15_R/Tail151_R/Tail152_R/Tail153_R/Tail154_R/Tail155_R/Tail156_R/Tail157_R/Tail158_R/Tail159_R/Tail1510_R/Tail1511_R/Tail1512_R/Tail6_R/Tail6_R_end/Tail6_R_end_end/Tail6_R_end_end_end/RightTailTip_Anchor
  aim VFX left:  PlayerYoru_1.1/Cat_All_10_Tails_v4/Group/DeformationSystem/root/Root_M/Tail15_L/Tail151_L/Tail152_L/Tail153_L/Tail154_L/Tail155_L/Tail156_L/Tail157_L/Tail158_L/Tail159_L/Tail1510_L/Tail1511_L/Tail1512_L/Tail6_L/Tail6_L_end/Tail6_L_end_end/Tail6_L_end_end_end/LeftTailTip_Anchor/Glow_4Leg_L
  aim VFX right: PlayerYoru_1.1/Cat_All_10_Tails_v4/Group/DeformationSystem/root/Root_M/Tail15_R/Tail151_R/Tail152_R/Tail153_R/Tail154_R/Tail155_R/Tail156_R/Tail157_R/Tail158_R/Tail159_R/Tail1510_R/Tail1511_R/Tail1512_R/Tail6_R/Tail6_R_end/Tail6_R_end_end/Tail6_R_end_end_end/RightTailTip_Anchor/Glow_4Leg_R
[     1    0.000 x1.00] LOG  [TailAirShot] Ready. drawState=RightTail_Fast castParam=TailCastSpeed (found)
  arrow leaves: PlayerYoru_1.1/Cat_All_10_Tails_v4/Group/DeformationSystem/root/Root_M/Tail15_R/Tail151_R/Tail152_R/Tail153_R/Tail154_R/Tail155_R/Tail156_R/Tail157_R/Tail158_R/Tail159_R/Tail1510_R/Tail1511_R/Tail1512_R/Tail6_R/Tail6_R_end/Tail6_R_end_end/Tail6_R_end_end_end/RightTailTip_Anchor
  aim VFX: PlayerYoru_1.1/Cat_All_10_Tails_v4/Group/DeformationSystem/root/Root_M/Tail15_R/Tail151_R/Tail152_R/Tail153_R/Tail154_R/Tail155_R/Tail156_R/Tail157_R/Tail158_R/Tail159_R/Tail1510_R/Tail1511_R/Tail1512_R/Tail6_R/Tail6_R_end/Tail6_R_end_end/Tail6_R_end_end_end/RightTailTip_Anchor/vfx_Muzzle_Fireball01Blue
[     1    0.000 x1.00] LOG  [PlayerCombat] Phase 2 form gate CONNECTED (FormController found on this GameObject).
[     1    0.000 x1.00] LOG  [Combat] PlayerCombat initialized — Phase 3C v27
[     1    0.000 x1.00] LOG  [RingMesh] VFX Status:
[     1    0.000 x1.00] LOG    Left: Prefab=✓, Spawn=Tail6_L_end_end_end
[     1    0.000 x1.00] LOG    Right: Prefab=✓, Spawn=Tail6_R_end_end_end
[     1    0.000 x1.00] LOG  === VFX MANAGER INITIALIZED ===
[     1    0.000 x1.00] LOG  Auto-detect animations: False
[     1    0.000 x1.00] LOG  Parent effects to tail: True
[     1    0.000 x1.00] LOG  Prefabs: Jump=True, Land=True, LTail=True, RTail=True
[     1    0.000 x1.00] LOG  ✅ Left Tail Tip: LeftTailVFX
[     1    0.000 x1.00] LOG  ✅ Right Tail Tip: RightTailTip_Anchor
[     1    0.000 x1.00] LOG  [StormWeather] layer 'TerrainLayer_Dirt_01' dry smoothness=0.00 (restore to this if a crash ever leaves it wet)
[     1    0.000 x1.00] LOG  [StormWeather] Ready. Rain on, floor drying... wait, soaking.
[     1    0.000 x1.00] LOG  [FreezeDebug v3] Armed. Manual=L. Auto=True. Buffer=60 snaps @ 0.1s = 6.0s history.
[     1    0.000 x1.00] LOG  [BossBar] BossHealthBarUI initialized
[     1    0.000 x1.00] LOG  OniBoss initialized with 500 HP
[     1    0.000 x1.00] LOG  [OniBoss] ANIMATOR SETUP: cullingMode=CullUpdateTransforms updateMode=Normal applyRootMotion=False speed=1
[     1    0.000 x1.00] LOG  [OniBoss] Initialized
[     1    0.000 x1.00] LOG  [OniBoss:Layer] facing: minFlat 1m, snapOnAttack off, trackInHitReact off
[     1    0.000 x1.00] LOG  [OniBoss:Layer] Yoru launch model ON: launches ALL THE WAY to an enemy within 4.7m of its surface at 10m/s (stop gap 0.00m, NO minimum distance), else steps 0.90m forward. Targeting cone left exactly as her prefab has it.
[     1    0.000 x1.00] LOG  [OniBoss:Layer] Yoru launch ROUND 9: airborne attacks launch too (ON), edge probe now runs on its OWN layer mask (Everything) instead of the line-of-sight mask - the Ground-only mask found no floor in this cave and was cancelling 100% of launches at 0.00m travelled.
[     1    0.000 x1.00] LOG  [OniBoss:Layer] skinned meshes: 46 renderer(s), updateWhenOffscreen ON, body renderer 'Body' rootBone 'Hips'
[     1    0.000 x1.00] LOG  [OniBoss:Layer] charge travel bone: 'Hips' at depth 1 under 'OniBoss', rest local (0.00, 3.24, -0.24)
[     1    0.000 x1.00] LOG  [OniBoss:Layer] charge drive ON (windup to 0.40 at x1.3, rush 14m/s stops at 2.6m, steers 0.35s then commits, strike section from 0.58, strike moment 0.76, trail VFX off)
[     1    0.000 x1.00] LOG  [OniBoss:Layer] attack armor ON (his swings are not interrupted by light/medium hits; heavy hits and rapid-hit bursts still stop him)
[     1    0.000 x1.00] LOG  [OniBoss:Layer] strike moments overridden: Club_Swing=0.55 ClubSwing2=0.32 ClubSlam=0.52 KanaboSweep=0.48
[     1    0.000 x1.00] LOG  [OniBoss:Layer] hold-ground ON (backstep 1.5m @ 1.6m/s after own attacks, watch 'Watch', attack facing LOCKED)
[     1    0.000 x1.00] LOG  [OniBoss:Layer] OniBoss layer ready (reactions, wake-on-hit, watch stance, boss bar). player=found
[     1    0.000 x1.00] WARN [OniBoss] animator state 'KanaboSweep' uses the SAME clip as 'Idle' — the sweep attack plays the idle pose. Drag the 'Oni Kanabo sweep' clip onto KanaboSweep's Motion field.
[     1    0.000 x1.00] LOG  [OniBoss:Layer] charge clip 'Oni Charge.fbx' imports with Root Motion Node = None (in place) — good.
[     1    0.000 x1.00] LOG  [OniBoss:Layer] clips importing with Root Transform Position (Y) NOT baked into pose (12): Oni_Alert(Oni Alert), Club_Slam(Oni Club Slam), Club_Swing(Oni Club Swing), Club_swing2(Oni Club Swing 2), Death(Oni Death Kneel), Hit_react_light(Oni Hit react lighter light), KanaboSweep(Oni Idle), Phase_Transition(Oni Phase transition), run(Oni Run), Walk(Oni Walk), Watch(Oni Watch), Idle(Oni Idle) — their hips' up/down motion is stripped (see round notes; optional).
[     1    0.000 x1.00] LOG  [VolumetricFogController] Found VolumetricFog component on mainCamera (1)
[     1    0.000 x1.00] LOG  [VolumetricFogController] Reflection init: density=True, height=True, baselineHeight=True, alpha=True, noiseStrength=True, lightScatteringExposure=True
[     1    0.000 x1.00] LOG  [VolumetricFogController] Initialized with Neutral preset (height=60, baselineHeight=0)
[     1    0.000 x1.00] WARN [VolumetricFogController] WorldStateManager not found!
[     1    0.000 x1.00] LOG  [CameraGameFeel] CameraGameFeel initialized (shake + FOV)
[     1    1.854 x1.00] LOG  [OniBoss] Playing animation: Idle
[    46    2.454 x1.00] LOG  💨 Landing VFX spawned!
[    46    2.454 x1.00] LOG  ✅ LANDED! (was jump #0)
[   375    4.083 x1.00] LOG  🚶 2-LEG JUMP
[   375    4.083 x1.00] LOG  🐾 Jump 1 VFX spawned!
[   435    4.390 x1.00] LOG  [Combat] Dodge: Dodge_2Leg (3m, 2leg)
[   435    4.390 x1.00] LOG  [AirPosePin] engaged, holding body at 1.571m above the transform
[   568    5.063 x1.00] LOG  [Combat] Dodge ended
[   568    5.063 x1.00] LOG  [AirPosePin] released, peak correction was 0.919m
[   644    5.453 x1.00] LOG  💨 Landing VFX spawned!
[   644    5.453 x1.00] LOG  ✅ LANDED! (was jump #1)
[   762    6.082 x1.00] LOG  🚶 2-LEG JUMP
[   762    6.082 x1.00] LOG  🐾 Jump 1 VFX spawned!
[   819    6.370 x1.00] LOG  [Combat] Dodge: Dodge_2Leg (3m, 2leg)
[   819    6.370 x1.00] LOG  [AirPosePin] engaged, holding body at 1.479m above the transform
[   956    7.043 x1.00] LOG  [Combat] Dodge ended
[   956    7.043 x1.00] LOG  [AirPosePin] released, peak correction was 0.826m
[  1018    7.373 x1.00] LOG  💨 Landing VFX spawned!
[  1018    7.373 x1.00] LOG  ✅ LANDED! (was jump #1)
[  1067    7.609 x1.00] LOG  🚶 2-LEG JUMP
[  1067    7.609 x1.00] LOG  🐾 Jump 1 VFX spawned!
[  1127    7.878 x1.00] LOG  [Combat] Dodge: Dodge_2Leg (3m, 2leg)
[  1127    7.878 x1.00] LOG  [AirPosePin] engaged, holding body at 1.389m above the transform
[  1265    8.554 x1.00] LOG  [Combat] Dodge ended
[  1265    8.554 x1.00] LOG  [AirPosePin] released, peak correction was 0.737m
[  1330    8.874 x1.00] LOG  💨 Landing VFX spawned!
[  1330    8.874 x1.00] LOG  ✅ LANDED! (was jump #1)
[  1405    9.214 x1.00] LOG  🚶 2-LEG JUMP
[  1405    9.214 x1.00] LOG  🐾 Jump 1 VFX spawned!
[  1471    9.510 x1.00] LOG  [Combat] Dodge: Dodge_2Leg (3m, 2leg)
[  1471    9.510 x1.00] LOG  [AirPosePin] engaged, holding body at 1.536m above the transform
[  1608   10.184 x1.00] LOG  [Combat] Dodge ended
[  1608   10.184 x1.00] LOG  [AirPosePin] released, peak correction was 0.884m
[  1673   10.492 x1.00] LOG  💨 Landing VFX spawned!
[  1673   10.492 x1.00] LOG  ✅ LANDED! (was jump #1)
[  1797   11.045 x1.00] LOG  [Combat] Dodge: Dodge_2Leg (3m, 2leg)
[  1797   11.045 x1.00] LOG  [AirPosePin] engaged, holding body at 0.657m above the transform
[  1798   11.048 x1.00] LOG  [AirPosePin] released, peak correction was 0.000m
[  1799   11.053 x1.00] LOG  [AirPosePin] engaged, holding body at 0.658m above the transform
[  1800   11.058 x1.00] LOG  [AirPosePin] released, peak correction was 0.000m
[  1801   11.062 x1.00] LOG  [AirPosePin] engaged, holding body at 0.659m above the transform
[  1802   11.074 x1.00] LOG  [AirPosePin] released, peak correction was 0.000m
[  1803   11.080 x1.00] LOG  [AirPosePin] engaged, holding body at 0.671m above the transform
[  1804   11.086 x1.00] LOG  [AirPosePin] released, peak correction was 0.000m
[  1805   11.089 x1.00] LOG  [AirPosePin] engaged, holding body at 0.684m above the transform
[  1806   11.092 x1.00] LOG  [AirPosePin] released, peak correction was 0.000m
[  1807   11.095 x1.00] LOG  [AirPosePin] engaged, holding body at 0.698m above the transform
[  1808   11.099 x1.00] LOG  [AirPosePin] released, peak correction was 0.000m
[  1809   11.102 x1.00] LOG  [AirPosePin] engaged, holding body at 0.716m above the transform
[  1810   11.106 x1.00] LOG  [AirPosePin] released, peak correction was 0.000m
[  1811   11.109 x1.00] LOG  [AirPosePin] engaged, holding body at 0.736m above the transform
[  1812   11.112 x1.00] LOG  [AirPosePin] released, peak correction was 0.000m
[  1813   11.118 x1.00] LOG  [AirPosePin] engaged, holding body at 0.771m above the transform
[  1814   11.121 x1.00] LOG  [AirPosePin] released, peak correction was 0.000m
[  1816   11.130 x1.00] LOG  [AirPosePin] engaged, holding body at 0.833m above the transform
[  1817   11.134 x1.00] LOG  [AirPosePin] released, peak correction was 0.000m
[  1818   11.139 x1.00] LOG  [AirPosePin] engaged, holding body at 0.887m above the transform
[  1819   11.144 x1.00] LOG  [AirPosePin] released, peak correction was 0.000m
[  1820   11.149 x1.00] LOG  [AirPosePin] engaged, holding body at 0.959m above the transform
[  1821   11.157 x1.00] LOG  [AirPosePin] released, peak correction was 0.000m
[  1823   11.171 x1.00] LOG  [AirPosePin] engaged, holding body at 1.119m above the transform
[  1824   11.175 x1.00] LOG  [AirPosePin] released, peak correction was 0.000m
[  1825   11.178 x1.00] LOG  [AirPosePin] engaged, holding body at 1.158m above the transform
[  1826   11.181 x1.00] LOG  [AirPosePin] released, peak correction was 0.000m
[  1827   11.185 x1.00] LOG  [AirPosePin] engaged, holding body at 1.197m above the transform
[  1828   11.188 x1.00] LOG  [AirPosePin] released, peak correction was 0.000m
[  1829   11.191 x1.00] LOG  [AirPosePin] engaged, holding body at 1.238m above the transform
[  1830   11.195 x1.00] LOG  [AirPosePin] released, peak correction was 0.000m
[  1831   11.199 x1.00] LOG  [AirPosePin] engaged, holding body at 1.285m above the transform
[  1832   11.204 x1.00] LOG  [AirPosePin] released, peak correction was 0.000m
[  1833   11.208 x1.00] LOG  [AirPosePin] engaged, holding body at 1.337m above the transform
[  1834   11.213 x1.00] LOG  [AirPosePin] released, peak correction was 0.000m
[  1835   11.218 x1.00] LOG  [AirPosePin] engaged, holding body at 1.393m above the transform
[  1836   11.223 x1.00] LOG  [AirPosePin] released, peak correction was 0.000m
[  1837   11.227 x1.00] LOG  [AirPosePin] engaged, holding body at 1.444m above the transform
[  1838   11.233 x1.00] LOG  [AirPosePin] released, peak correction was 0.000m
[  1839   11.237 x1.00] LOG  [AirPosePin] engaged, holding body at 1.493m above the transform
[  1840   11.242 x1.00] LOG  [AirPosePin] released, peak correction was 0.000m
[  1841   11.246 x1.00] LOG  [AirPosePin] engaged, holding body at 1.537m above the transform
[  1842   11.251 x1.00] LOG  [AirPosePin] released, peak correction was 0.000m
[  1844   11.260 x1.00] LOG  [AirPosePin] engaged, holding body at 1.600m above the transform
[  1845   11.265 x1.00] LOG  [AirPosePin] released, peak correction was 0.000m
[  1846   11.278 x1.00] LOG  [AirPosePin] engaged, holding body at 1.656m above the transform
[  1847   11.285 x1.00] LOG  [AirPosePin] released, peak correction was 0.000m
[  1848   11.290 x1.00] LOG  [AirPosePin] engaged, holding body at 1.684m above the transform
[  1849   11.293 x1.00] LOG  [AirPosePin] released, peak correction was 0.000m
[  1850   11.297 x1.00] LOG  [AirPosePin] engaged, holding body at 1.695m above the transform
[  1851   11.300 x1.00] LOG  [AirPosePin] released, peak correction was 0.000m
[  1852   11.303 x1.00] LOG  [AirPosePin] engaged, holding body at 1.702m above the transform
[  1853   11.309 x1.00] LOG  [AirPosePin] released, peak correction was 0.000m
[  1854   11.315 x1.00] LOG  [AirPosePin] engaged, holding body at 1.706m above the transform
[  1855   11.321 x1.00] LOG  [AirPosePin] released, peak correction was 0.000m
[  1856   11.331 x1.00] LOG  [AirPosePin] engaged, holding body at 1.698m above the transform
[  1857   11.334 x1.00] LOG  [AirPosePin] released, peak correction was 0.000m
[  1858   11.341 x1.00] LOG  [AirPosePin] engaged, holding body at 1.675m above the transform
[  1859   11.351 x1.00] LOG  [AirPosePin] released, peak correction was 0.000m
[  1860   11.354 x1.00] LOG  [AirPosePin] engaged, holding body at 1.602m above the transform
[  1861   11.361 x1.00] LOG  [AirPosePin] released, peak correction was 0.000m
[  1862   11.364 x1.00] LOG  [AirPosePin] engaged, holding body at 1.518m above the transform
[  1863   11.371 x1.00] LOG  [AirPosePin] released, peak correction was 0.000m
[  1864   11.375 x1.00] LOG  [AirPosePin] engaged, holding body at 1.432m above the transform
[  1865   11.381 x1.00] LOG  [AirPosePin] released, peak correction was 0.000m
[  1867   11.391 x1.00] LOG  [AirPosePin] engaged, holding body at 1.341m above the transform
[  1868   11.401 x1.00] LOG  [AirPosePin] released, peak correction was 0.000m
[  1869   11.404 x1.00] LOG  [AirPosePin] engaged, holding body at 1.279m above the transform
[  1870   11.411 x1.00] LOG  [AirPosePin] released, peak correction was 0.000m
[  1871   11.414 x1.00] LOG  [AirPosePin] engaged, holding body at 1.227m above the transform
[  1872   11.421 x1.00] LOG  [AirPosePin] released, peak correction was 0.000m
[  1873   11.424 x1.00] LOG  [AirPosePin] engaged, holding body at 1.180m above the transform
[  1874   11.431 x1.00] LOG  [AirPosePin] released, peak correction was 0.000m
[  1875   11.435 x1.00] LOG  [AirPosePin] engaged, holding body at 1.127m above the transform
[  1876   11.441 x1.00] LOG  [AirPosePin] released, peak correction was 0.000m
[  1877   11.444 x1.00] LOG  [AirPosePin] engaged, holding body at 1.076m above the transform
[  1878   11.451 x1.00] LOG  [AirPosePin] released, peak correction was 0.000m
[  1879   11.454 x1.00] LOG  [AirPosePin] engaged, holding body at 1.020m above the transform
[  1880   11.461 x1.00] LOG  [AirPosePin] released, peak correction was 0.000m
[  1881   11.464 x1.00] LOG  [AirPosePin] engaged, holding body at 0.961m above the transform
[  1882   11.471 x1.00] LOG  [AirPosePin] released, peak correction was 0.000m
[  1883   11.482 x1.00] LOG  [AirPosePin] engaged, holding body at 0.871m above the transform
[  1884   11.488 x1.00] LOG  [AirPosePin] released, peak correction was 0.000m
[  1885   11.493 x1.00] LOG  [AirPosePin] engaged, holding body at 0.819m above the transform
[  1886   11.501 x1.00] LOG  [AirPosePin] released, peak correction was 0.000m
[  1887   11.504 x1.00] LOG  [AirPosePin] engaged, holding body at 0.777m above the transform
[  1888   11.511 x1.00] LOG  [AirPosePin] released, peak correction was 0.000m
[  1889   11.514 x1.00] LOG  [AirPosePin] engaged, holding body at 0.761m above the transform
[  1890   11.521 x1.00] LOG  [AirPosePin] released, peak correction was 0.000m
[  1891   11.524 x1.00] LOG  [AirPosePin] engaged, holding body at 0.771m above the transform
[  1892   11.531 x1.00] LOG  [AirPosePin] released, peak correction was 0.000m
[  1893   11.534 x1.00] LOG  [AirPosePin] engaged, holding body at 0.793m above the transform
[  1894   11.541 x1.00] LOG  [AirPosePin] released, peak correction was 0.000m
[  1895   11.544 x1.00] LOG  [AirPosePin] engaged, holding body at 0.807m above the transform
[  1896   11.551 x1.00] LOG  [AirPosePin] released, peak correction was 0.000m
[  1897   11.554 x1.00] LOG  [AirPosePin] engaged, holding body at 0.801m above the transform
[  1898   11.560 x1.00] LOG  [AirPosePin] released, peak correction was 0.000m
[  1899   11.564 x1.00] LOG  [AirPosePin] engaged, holding body at 0.788m above the transform
[  1900   11.571 x1.00] LOG  [AirPosePin] released, peak correction was 0.000m
[  1901   11.574 x1.00] LOG  [AirPosePin] engaged, holding body at 0.771m above the transform
[  1902   11.581 x1.00] LOG  [AirPosePin] released, peak correction was 0.000m
[  1903   11.584 x1.00] LOG  [AirPosePin] engaged, holding body at 0.758m above the transform
[  1904   11.591 x1.00] LOG  [AirPosePin] released, peak correction was 0.000m
[  1905   11.594 x1.00] LOG  [AirPosePin] engaged, holding body at 0.746m above the transform
[  1906   11.601 x1.00] LOG  [AirPosePin] released, peak correction was 0.000m
[  1907   11.604 x1.00] LOG  [AirPosePin] engaged, holding body at 0.732m above the transform
[  1908   11.611 x1.00] LOG  [AirPosePin] released, peak correction was 0.000m
[  1909   11.614 x1.00] LOG  [AirPosePin] engaged, holding body at 0.720m above the transform
[  1910   11.621 x1.00] LOG  [AirPosePin] released, peak correction was 0.000m
[  1911   11.624 x1.00] LOG  [AirPosePin] engaged, holding body at 0.708m above the transform
[  1912   11.631 x1.00] LOG  [AirPosePin] released, peak correction was 0.000m
[  1913   11.634 x1.00] LOG  [AirPosePin] engaged, holding body at 0.697m above the transform
[  1914   11.641 x1.00] LOG  [AirPosePin] released, peak correction was 0.000m
[  1915   11.644 x1.00] LOG  [AirPosePin] engaged, holding body at 0.687m above the transform
[  1916   11.651 x1.00] LOG  [AirPosePin] released, peak correction was 0.000m
[  1917   11.654 x1.00] LOG  [AirPosePin] engaged, holding body at 0.678m above the transform
[  1918   11.661 x1.00] LOG  [AirPosePin] released, peak correction was 0.000m
[  1919   11.664 x1.00] LOG  [AirPosePin] engaged, holding body at 0.670m above the transform
[  1920   11.671 x1.00] LOG  [AirPosePin] released, peak correction was 0.000m
[  1921   11.674 x1.00] LOG  [AirPosePin] engaged, holding body at 0.663m above the transform
[  1922   11.683 x1.00] LOG  [AirPosePin] released, peak correction was 0.000m
[  1923   11.686 x1.00] LOG  [AirPosePin] engaged, holding body at 0.658m above the transform
[  1924   11.691 x1.00] LOG  [AirPosePin] released, peak correction was 0.000m
[  1925   11.694 x1.00] LOG  [AirPosePin] engaged, holding body at 0.655m above the transform
[  1926   11.701 x1.00] LOG  [AirPosePin] released, peak correction was 0.000m
[  1927   11.705 x1.00] LOG  [AirPosePin] engaged, holding body at 0.653m above the transform
[  1928   11.711 x1.00] LOG  [AirPosePin] released, peak correction was 0.000m
[  1929   11.714 x1.00] LOG  [Combat] Dodge ended
[  1980   11.981 x1.00] LOG  🚶 2-LEG JUMP
[  1980   11.981 x1.00] LOG  🐾 Jump 1 VFX spawned!
[  2039   12.246 x1.00] LOG  [Combat] Dodge: Dodge_2Leg (3m, 2leg)
[  2039   12.246 x1.00] LOG  [AirPosePin] engaged, holding body at 1.369m above the transform
[  2060   12.351 x1.00] LOG  [OniBoss:Layer] watch stance ON (player 15.0m)
[  2168   12.923 x1.00] LOG  [Combat] Dodge ended
[  2168   12.923 x1.00] LOG  [AirPosePin] released, peak correction was 0.717m
[  2227   13.215 x1.00] LOG  💨 Landing VFX spawned!
[  2227   13.215 x1.00] LOG  ✅ LANDED! (was jump #1)
[  2306   13.592 x1.00] LOG  🚶 2-LEG JUMP
[  2306   13.592 x1.00] LOG  🐾 Jump 1 VFX spawned!
[  2367   13.882 x1.00] LOG  [Combat] Dodge: Dodge_2Leg (3m, 2leg)
[  2367   13.882 x1.00] LOG  [AirPosePin] engaged, holding body at 1.498m above the transform
[  2500   14.555 x1.00] LOG  [Combat] Dodge ended
[  2500   14.555 x1.00] LOG  [AirPosePin] released, peak correction was 0.846m
[  2564   14.875 x1.00] LOG  💨 Landing VFX spawned!
[  2564   14.875 x1.00] LOG  ✅ LANDED! (was jump #1)
[  2755   15.761 x1.00] LOG  
==================== [FREEZE-DEBUG v3] ====================
  Reason : WASD-NOMOVE: WASD recent + speed 0.00m/s for 0.40s
  Time   : 13.589s   Frame: 2755   Snaps: 60
===========================================================

--- CURRENT STATE ---
  Flags: atk=False hvy=False dod=False dsh=False
         grd=False hit=False aerial=False lockPos=False
         comboStep=0
  Anim : speed=1.00  combatLayer hash=-792875657 normT=1.200 weight=1.00 inTransition=False
  CC   : grounded=True  enabled=True  pos=(474.97, -0.02, 447.55)  vel=(0.00, 0.00, 0.00)
  Move : IsRunning=True
  Input: H=1.00 V=0.00  LMB=False MMB=False Q=False Sp=False Sh=True C=False
         WASD pressed in last 0.5s: True (last 0.00s ago)

--- FLIGHT RECORDER (60 snapshots, oldest first, dt=0.10s) ---
  Legend: flags = A(tk) H(vy) D(od) S(sh) G(rd) R(eact) Y(aerial) L(ock)   gnd/cc: Y/n
  t-now    flags     step gnd cc anSp normT layW tr | posX     posZ     spd   | H    V    LMB MMB Q  Sp Sh C
  ------   --------  ---- --- -- ---- ----- ---- -- | -----    -----    ----  | ---- ---- --- --- -- -- -- -
  - 6.11s  --D-----    0  n   Y  1.00  0.21 1.00 -  |   474.5    436.5  4.23 |  0.0  0.0 0   0   0  0  0  0
  - 6.00s  --D-----    0  n   Y  1.00  0.37 1.00 -  |   474.5    437.1  7.36 |  0.0  0.0 0   0   0  0  0  0
  - 5.90s  --D-----    0  n   Y  1.00  0.52 1.00 -  |   474.5    437.8  7.43 |  0.0  0.0 0   0   0  0  0  0
  - 5.80s  --D-----    0  n   Y  1.00  0.67 1.00 -  |   474.5    438.4  14.87 |  0.0  0.0 0   0   0  0  0  0
  - 5.70s  --D-----    0  n   Y  1.00  0.83 1.00 -  |   474.5    439.0  1.91 |  0.0  0.0 0   0   0  0  0  0
  - 5.59s  --D-----    0  n   Y  1.00  0.98 1.00 -  |   474.5    439.2  1.51 |  0.0  0.0 0   0   0  0  0  0
  - 5.49s  --------    0  n   Y  1.00  1.14 1.00 T  |   474.5    439.2  0.00 |  0.0  0.0 0   0   0  0  0  0
  - 5.38s  --------    0  n   Y  1.00  1.29 1.00 T  |   474.5    439.2  0.00 |  0.0  0.0 0   0   0  0  0  0
  - 5.28s  --------    0  n   Y  1.00  0.29 1.00 -  |   474.5    439.2  0.00 |  0.0  0.0 0   0   0  0  0  0
  - 5.18s  --------    0  Y   Y  1.00  0.39 1.00 -  |   474.5    439.2  0.00 |  0.0  0.0 0   0   0  0  0  0
  - 5.08s  --------    0  Y   Y  1.00  0.49 1.00 -  |   474.5    439.2  0.00 |  0.0  0.0 0   0   0  0  0  0
  - 4.98s  --------    0  Y   Y  1.00  0.59 1.00 -  |   474.5    439.2  0.00 |  0.0  0.0 0   0   0  0  0  0
  - 4.87s  --------    0  Y   Y  1.00  0.70 1.00 -  |   474.5    439.2  0.00 |  0.0  0.0 0   0   0  0  0  0
  - 4.77s  --------    0  Y   Y  1.00  0.80 1.00 -  |   474.5    439.2  0.00 |  0.0  0.0 0   0   0  0  0  0
  - 4.67s  --D-----    0  n   Y  1.00  0.90 1.00 T  |   474.5    439.3  2.45 |  0.0  0.0 0   0   0  0  0  1
  - 4.57s  --D-----    0  n   Y  1.00  0.22 1.00 -  |   474.5    439.6  4.42 |  0.0  0.0 0   0   0  1  0  0
  - 4.46s  --D-----    0  Y   Y  1.00  0.37 1.00 -  |   474.5    440.1  10.18 |  0.0  0.0 0   0   0  0  0  0
  - 4.36s  --D-----    0  n   Y  1.00  0.52 1.00 -  |   474.5    440.8  4.04 |  0.0  0.0 0   0   0  0  0  0
  - 4.26s  --D-----    0  n   Y  1.00  0.67 1.00 -  |   474.5    441.4  9.45 |  0.0  0.0 0   0   0  0  0  0
  - 4.16s  --D-----    0  n   Y  1.00  0.82 1.00 -  |   474.5    442.0  7.37 |  0.0  0.0 0   0   0  0  0  0
  - 4.06s  --D-----    0  n   Y  1.00  0.97 1.00 -  |   474.5    442.2  1.14 |  0.0  0.0 0   0   0  0  0  0
  - 3.96s  --------    0  Y   Y  1.00  1.13 1.00 T  |   474.5    442.2  0.00 |  0.0  0.0 0   0   0  0  0  0
  - 3.86s  --------    0  Y   Y  1.00  1.28 1.00 T  |   474.5    442.2  0.00 |  0.0  0.0 0   0   0  0  0  0
  - 3.75s  --------    0  n   Y  1.00  0.29 1.00 -  |   474.5    442.2  0.00 |  0.0  0.0 0   0   0  1  0  0
  - 3.65s  --------    0  n   Y  1.00  0.39 1.00 -  |   474.5    442.2  0.00 |  0.0  0.0 0   0   0  1  0  0
  - 3.55s  --------    0  n   Y  1.00  0.49 1.00 -  |   474.5    442.2  0.00 |  0.0  0.0 0   0   0  0  0  0
  - 3.45s  --D-----    0  n   Y  1.00  0.59 1.00 T  |   474.5    442.3  1.90 |  0.0  0.0 0   0   0  0  0  1
  - 3.35s  --D-----    0  n   Y  1.00  0.24 1.00 -  |   474.5    442.7  4.61 |  0.0  0.0 0   0   0  0  0  0
  - 3.25s  --D-----    0  n   Y  1.00  0.39 1.00 -  |   474.5    443.2  10.24 |  0.0  0.0 0   0   0  0  0  0
  - 3.14s  --D-----    0  n   Y  1.00  0.55 1.00 -  |   474.5    443.9  6.83 |  0.0  0.0 0   0   0  0  0  0
  - 3.04s  --D-----    0  n   Y  1.00  0.70 1.00 -  |   474.5    444.6  5.26 |  0.0  0.0 0   0   0  0  0  0
  - 2.94s  --D-----    0  n   Y  1.00  0.85 1.00 -  |   474.5    445.0  10.34 |  0.0  0.0 0   0   0  0  0  0
  - 2.84s  --D-----    0  n   Y  1.00  1.00 1.00 -  |   474.5    445.2  0.16 |  0.0  0.0 0   0   0  0  0  0
  - 2.74s  --------    0  n   Y  1.00  1.16 1.00 T  |   474.5    445.2  0.00 |  0.0  0.0 0   0   0  0  0  0
  - 2.64s  --------    0  n   Y  1.00  1.31 1.00 T  |   474.5    445.2  0.00 |  0.0  0.0 0   0   0  0  0  0
  - 2.54s  --------    0  Y   Y  1.00  0.30 1.00 -  |   474.5    445.2  0.00 |  0.0  0.0 0   0   0  0  0  0
  - 2.43s  --------    0  Y   Y  1.00  0.40 1.00 -  |   474.5    445.2  0.00 |  0.0  0.0 0   0   0  0  0  0
  - 2.33s  --------    0  Y   Y  1.00  0.50 1.00 -  |   474.5    445.2  0.00 |  0.0  0.0 0   0   0  0  0  0
  - 2.23s  --------    0  Y   Y  1.00  0.60 1.00 -  |   474.5    445.2  0.00 |  0.0  0.0 0   0   0  0  0  0
  - 2.13s  --------    0  n   Y  1.00  0.70 1.00 -  |   474.5    445.2  0.00 |  0.0  0.0 0   0   0  1  0  0
  - 2.03s  --------    0  n   Y  1.00  0.80 1.00 -  |   474.5    445.2  0.00 |  0.0  0.0 0   0   0  1  0  0
  - 1.93s  --------    0  n   Y  1.00  0.91 1.00 -  |   474.5    445.2  0.00 |  0.0  0.0 0   0   0  0  0  0
  - 1.83s  --D-----    0  n   Y  1.00  1.01 1.00 T  |   474.5    445.3  1.87 |  0.0  0.0 0   0   0  0  0  1
  - 1.72s  --D-----    0  n   Y  1.00  0.23 1.00 -  |   474.5    445.6  4.68 |  0.0  0.0 0   0   0  0  0  0
  - 1.62s  --D-----    0  n   Y  1.00  0.38 1.00 -  |   474.5    446.2  11.85 |  0.0  0.0 0   0   0  0  0  0
  - 1.52s  --D-----    0  n   Y  1.00  0.54 1.00 -  |   474.5    446.9  3.83 |  0.0  0.0 0   0   0  0  0  0
  - 1.42s  --D-----    0  n   Y  1.00  0.69 1.00 -  |   474.5    447.5  3.76 |  0.0  0.0 0   0   0  0  0  0
  - 1.31s  --D-----    0  n   Y  1.00  0.84 1.00 -  |   474.5    448.0  7.00 |  0.0  0.0 0   0   0  0  0  0
  - 1.21s  --D-----    0  n   Y  1.00  0.99 1.00 -  |   474.5    448.2  0.80 |  0.0  0.0 0   0   0  0  0  0
  - 1.11s  --------    0  n   Y  1.00  1.15 1.00 T  |   474.5    448.2  0.00 |  0.0  0.0 0   0   0  0  0  0
  - 1.01s  --------    0  n   Y  1.00  1.30 1.00 T  |   474.5    448.2  0.00 |  0.0  0.0 0   0   0  0  0  0
  - 0.91s  --------    0  n   Y  1.00  0.30 1.00 -  |   474.5    448.2  0.00 |  0.0  0.0 0   0   0  0  0  0
  - 0.80s  --------    0  Y   Y  1.00  0.40 1.00 -  |   474.5    448.2  0.00 |  0.0  0.0 0   0   0  0  0  0
  - 0.70s  --------    0  Y   Y  1.00  0.51 1.00 -  |   474.5    448.2  0.00 |  0.0  0.0 0   0   0  0  0  0
  - 0.60s  --------    0  Y   Y  1.00  0.61 1.00 -  |   474.5    448.2  0.00 |  0.0  0.0 0   0   0  0  0  0
  - 0.50s  --------    0  Y   Y  1.00  0.71 1.00 -  |   474.5    448.2  0.00 |  0.0  0.0 0   0   0  0  0  0
  - 0.39s  --------    0  Y   Y  1.00  0.81 1.00 -  |   474.5    448.2  0.00 |  1.0  0.0 0   0   0  0  0  0
  - 0.29s  --------    0  Y   Y  1.00  0.91 1.00 -  |   474.6    448.1  0.00 |  1.0  0.0 0   0   0  0  0  0
  - 0.18s  --------    0  Y   Y  1.00  1.02 1.00 -  |   474.7    447.9  0.00 |  1.0  0.0 0   0   0  0  0  0
  - 0.08s  --------    0  Y   Y  1.00  1.12 1.00 -  |   474.8    447.8  0.00 |  1.0  0.0 0   0   0  0  0  0
=========================================================== END

[  2898   16.449 x1.00] LOG  🐾 4-LEG JUMP #0
[  2898   16.449 x1.00] LOG  🐾 Jump 1 VFX spawned!
[  2952   16.709 x1.00] LOG  🐾 4-LEG JUMP #1
[  2952   16.709 x1.00] LOG  🐾 Jump 2 VFX spawned!
[  3014   16.992 x1.00] LOG  [Combat] Dodge: Dodge_4Leg (4m, 4leg)
[  3014   16.992 x1.00] LOG  [AirPosePin] engaged, holding body at 0.787m above the transform
[  3116   17.514 x1.00] LOG  [OniBoss:Layer] watch stance OFF, back to Idle (player 16.5m)
[  3147   17.681 x1.00] LOG  [Combat] Dodge early exit at 85% (movement input)
[  3147   17.681 x1.00] LOG  [Combat] Dodge ended
[  3147   17.681 x1.00] LOG  [AirPosePin] released, peak correction was -1.236m
[  3235   18.132 x1.00] LOG  💨 Landing VFX spawned!
[  3235   18.132 x1.00] LOG  ✅ LANDED! (was jump #2)
[  3420   19.032 x1.00] LOG  [OniBoss:Layer] watch stance ON (player 15.0m)
[  3422   19.041 x1.00] LOG  🐾 4-LEG JUMP #0
[  3422   19.041 x1.00] LOG  🐾 Jump 1 VFX spawned!
[  3510   19.426 x1.00] LOG  [Combat] Dodge: Dodge_4Leg (4m, 4leg)
[  3510   19.426 x1.00] LOG  [AirPosePin] engaged, holding body at 1.461m above the transform
[  3651   20.112 x1.00] LOG  [Combat] Dodge early exit at 85% (movement input)
[  3651   20.112 x1.00] LOG  [Combat] Dodge ended
[  3651   20.112 x1.00] LOG  [AirPosePin] released, peak correction was -0.568m
[  3723   20.473 x1.00] LOG  💨 Landing VFX spawned!
[  3723   20.473 x1.00] LOG  ✅ LANDED! (was jump #1)
[  3735   20.532 x1.00] LOG  
==================== [FREEZE-DEBUG v3] ====================
  Reason : WASD-NOMOVE: WASD recent + speed 0.00m/s for 0.41s
  Time   : 18.361s   Frame: 3735   Snaps: 60
===========================================================

--- CURRENT STATE ---
  Flags: atk=False hvy=False dod=False dsh=False
         grd=False hit=False aerial=False lockPos=False
         comboStep=0
  Anim : speed=1.00  combatLayer hash=-792875657 normT=0.414 weight=1.00 inTransition=False
  CC   : grounded=True  enabled=True  pos=(475.33, -0.02, 445.09)  vel=(0.00, 0.00, 0.00)
  Move : IsRunning=True
  Input: H=-1.00 V=0.00  LMB=False MMB=False Q=False Sp=False Sh=True C=False
         WASD pressed in last 0.5s: True (last 0.00s ago)

--- FLIGHT RECORDER (60 snapshots, oldest first, dt=0.10s) ---
  Legend: flags = A(tk) H(vy) D(od) S(sh) G(rd) R(eact) Y(aerial) L(ock)   gnd/cc: Y/n
  t-now    flags     step gnd cc anSp normT layW tr | posX     posZ     spd   | H    V    LMB MMB Q  Sp Sh C
  ------   --------  ---- --- -- ---- ----- ---- -- | -----    -----    ----  | ---- ---- --- --- -- -- -- -
  - 6.08s  --D-----    0  n   Y  1.00  0.84 1.00 -  |   474.5    448.0  7.00 |  0.0  0.0 0   0   0  0  0  0
  - 5.98s  --D-----    0  n   Y  1.00  0.99 1.00 -  |   474.5    448.2  0.80 |  0.0  0.0 0   0   0  0  0  0
  - 5.88s  --------    0  n   Y  1.00  1.15 1.00 T  |   474.5    448.2  0.00 |  0.0  0.0 0   0   0  0  0  0
  - 5.78s  --------    0  n   Y  1.00  1.30 1.00 T  |   474.5    448.2  0.00 |  0.0  0.0 0   0   0  0  0  0
  - 5.68s  --------    0  n   Y  1.00  0.30 1.00 -  |   474.5    448.2  0.00 |  0.0  0.0 0   0   0  0  0  0
  - 5.57s  --------    0  Y   Y  1.00  0.40 1.00 -  |   474.5    448.2  0.00 |  0.0  0.0 0   0   0  0  0  0
  - 5.47s  --------    0  Y   Y  1.00  0.51 1.00 -  |   474.5    448.2  0.00 |  0.0  0.0 0   0   0  0  0  0
  - 5.37s  --------    0  Y   Y  1.00  0.61 1.00 -  |   474.5    448.2  0.00 |  0.0  0.0 0   0   0  0  0  0
  - 5.27s  --------    0  Y   Y  1.00  0.71 1.00 -  |   474.5    448.2  0.00 |  0.0  0.0 0   0   0  0  0  0
  - 5.16s  --------    0  Y   Y  1.00  0.81 1.00 -  |   474.5    448.2  0.00 |  1.0  0.0 0   0   0  0  0  0
  - 5.06s  --------    0  Y   Y  1.00  0.91 1.00 -  |   474.6    448.1  0.00 |  1.0  0.0 0   0   0  0  0  0
  - 4.95s  --------    0  Y   Y  1.00  1.02 1.00 -  |   474.7    447.9  0.00 |  1.0  0.0 0   0   0  0  0  0
  - 4.85s  --------    0  Y   Y  1.00  1.12 1.00 -  |   474.8    447.8  0.00 |  1.0  0.0 0   0   0  0  0  0
  - 4.75s  --------    0  Y   Y  1.00  1.22 1.00 -  |   475.0    447.4  0.00 |  1.0  0.0 0   0   0  0  1  0
  - 4.65s  --------    0  Y   Y  1.00  1.32 1.00 -  |   475.5    446.9  0.00 |  1.0  0.0 0   0   0  0  1  0
  - 4.54s  --------    0  Y   Y  1.00  1.43 1.00 -  |   475.9    446.3  0.00 |  1.0  0.0 0   0   0  0  1  0
  - 4.44s  --------    0  Y   Y  1.00  1.53 1.00 -  |   476.3    445.7  0.00 |  1.0  0.0 0   0   0  0  1  0
  - 4.34s  --------    0  Y   Y  1.00  1.63 1.00 -  |   476.7    445.1  0.00 |  1.0  0.0 0   0   0  0  1  0
  - 4.24s  --------    0  Y   Y  1.00  1.73 1.00 -  |   477.1    444.5  0.00 |  1.0  0.0 0   0   0  0  1  0
  - 4.14s  --------    0  Y   Y  1.00  1.83 1.00 -  |   477.5    443.9  0.00 |  1.0  0.0 0   0   0  0  1  0
  - 4.04s  --------    0  n   Y  1.00  1.93 1.00 -  |   477.8    443.5  0.00 |  1.0  0.0 0   0   0  1  1  0
  - 3.94s  --------    0  n   Y  1.00  2.04 1.00 -  |   478.1    443.1  0.00 |  1.0  0.0 0   0   0  0  1  0
  - 3.83s  --------    0  n   Y  1.00  2.14 1.00 -  |   478.3    442.8  0.00 |  1.0  0.0 0   0   0  0  1  0
  - 3.73s  --------    0  n   Y  1.00  2.24 1.00 -  |   478.6    442.4  0.00 |  1.0  0.0 0   0   0  0  1  0
  - 3.63s  --------    0  n   Y  1.00  2.34 1.00 -  |   478.8    442.0  0.00 |  1.0  0.0 0   0   0  0  1  0
  - 3.53s  --D-----    0  n   Y  1.00  2.45 1.00 T  |   479.1    441.7  0.00 |  1.0  0.0 0   0   0  0  1  1
  - 3.42s  --D-----    0  n   Y  1.00  2.55 1.00 T  |   479.2    441.5  15.96 |  1.0  0.0 0   0   0  0  1  1
  - 3.32s  --D-----    0  n   Y  1.00  0.27 1.00 -  |   479.4    441.0  7.53 |  1.0  0.0 0   0   0  0  1  0
  - 3.22s  --D-----    0  n   Y  1.00  0.40 1.00 -  |   479.7    440.5  2.88 |  1.0  0.0 0   0   0  0  1  0
  - 3.12s  --D-----    0  n   Y  1.00  0.52 1.00 -  |   480.0    439.8  3.43 |  1.0  0.0 0   0   0  0  1  0
  - 3.01s  --D-----    0  n   Y  1.00  0.65 1.00 -  |   480.4    439.1  17.75 |  1.0  0.0 0   0   0  0  1  0
  - 2.91s  --D-----    0  n   Y  1.00  0.78 1.00 -  |   480.7    438.6  13.79 |  1.0  0.0 0   0   0  0  1  0
  - 2.81s  --------    0  n   Y  1.00  0.91 1.00 T  |   480.8    438.3  0.00 |  1.0  0.0 0   0   0  0  1  0
  - 2.71s  --------    0  n   Y  1.00  1.04 1.00 T  |   480.8    438.3  0.00 |  1.0  0.0 0   0   0  0  1  0
  - 2.61s  --------    0  n   Y  1.00  1.16 1.00 T  |   480.8    438.3  0.00 |  0.0  0.0 0   0   0  0  1  0
  - 2.50s  --------    0  n   Y  1.00  0.34 1.00 -  |   480.8    438.3  0.00 |  0.0  0.0 0   0   0  0  1  0
  - 2.40s  --------    0  Y   Y  1.00  0.44 1.00 -  |   480.8    438.3  0.00 |  0.0  0.0 0   0   0  0  1  0
  - 2.30s  --------    0  Y   Y  1.00  0.54 1.00 -  |   481.2    437.7  0.00 |  0.0  0.0 0   0   0  0  1  0
  - 2.20s  --------    0  Y   Y  1.00  0.64 1.00 -  |   481.3    437.6  0.00 |  0.0  0.0 0   0   0  0  1  0
  - 2.10s  --------    0  Y   Y  1.00  0.75 1.00 -  |   481.3    437.6  0.00 |  0.0  0.0 0   0   0  0  1  0
  - 2.00s  --------    0  Y   Y  1.00  0.85 1.00 -  |   481.1    437.8  0.00 | -1.0  0.0 0   0   0  0  1  0
  - 1.90s  --------    0  Y   Y  1.00  0.95 1.00 -  |   480.7    438.4  0.00 | -1.0  0.0 0   0   0  0  1  0
  - 1.79s  --------    0  Y   Y  1.00  1.05 1.00 -  |   480.3    439.0  0.00 | -1.0  0.0 0   0   0  0  1  0
  - 1.69s  --------    0  Y   Y  1.00  1.15 1.00 -  |   479.9    439.6  0.00 | -1.0  0.0 0   0   0  0  1  0
  - 1.59s  --------    0  Y   Y  1.00  1.26 1.00 -  |   479.5    440.1  0.00 | -1.0  0.0 0   0   0  0  1  0
  - 1.49s  --------    0  Y   Y  1.00  1.36 1.00 -  |   479.1    440.7  0.00 | -1.0  0.0 0   0   0  1  1  0
  - 1.39s  --------    0  n   Y  1.00  1.46 1.00 -  |   478.9    441.0  0.00 | -1.0  0.0 0   0   0  1  1  0
  - 1.28s  --------    0  n   Y  1.00  1.56 1.00 -  |   478.6    441.4  0.00 | -1.0  0.0 0   0   0  0  1  0
  - 1.18s  --------    0  n   Y  1.00  1.66 1.00 -  |   478.4    441.7  0.00 | -1.0  0.0 0   0   0  0  1  0
  - 1.08s  --D-----    0  n   Y  1.00  1.77 1.00 T  |   478.2    442.0  0.41 | -1.0  0.0 0   0   0  0  1  1
  - 0.98s  --D-----    0  n   Y  1.00  0.15 1.00 -  |   478.0    442.2  5.61 | -1.0  0.0 0   0   0  0  1  1
  - 0.88s  --D-----    0  n   Y  1.00  0.28 1.00 -  |   477.7    442.6  6.16 | -1.0  0.0 0   0   0  0  1  0
  - 0.78s  --D-----    0  n   Y  1.00  0.41 1.00 -  |   477.2    443.1  7.72 | -1.0  0.0 0   0   0  0  1  0
  - 0.67s  --D-----    0  n   Y  1.00  0.54 1.00 -  |   476.7    443.6  7.44 | -1.0  0.0 0   0   0  0  1  0
  - 0.57s  --D-----    0  n   Y  1.00  0.66 1.00 -  |   476.2    444.1  12.20 | -1.0  0.0 0   0   0  0  1  0
  - 0.47s  --D-----    0  n   Y  1.00  0.79 1.00 -  |   475.7    444.6  8.95 | -1.0  0.0 0   0   0  0  1  0
  - 0.37s  --------    0  n   Y  1.00  0.91 1.00 T  |   475.6    444.7  0.00 | -1.0  0.0 0   0   0  0  1  0
  - 0.27s  --------    0  n   Y  1.00  1.04 1.00 T  |   475.6    444.7  0.00 | -1.0  0.0 0   0   0  0  1  0
  - 0.17s  --------    0  n   Y  1.00  0.25 1.00 -  |   475.6    444.7  0.00 | -1.0  0.0 0   0   0  0  1  0
  - 0.06s  --------    0  Y   Y  1.00  0.35 1.00 -  |   475.6    444.7  0.00 | -1.0  0.0 0   0   0  0  1  0
=========================================================== END

[  3849   21.049 x1.00] LOG  🐾 4-LEG JUMP #0
[  3849   21.049 x1.00] LOG  🐾 Jump 1 VFX spawned!
[  3931   21.467 x1.00] LOG  [Combat] Dodge: Dodge_4Leg (4m, 4leg)
[  3931   21.467 x1.00] LOG  [AirPosePin] engaged, holding body at 1.694m above the transform
[  4067   22.154 x1.00] LOG  [Combat] Dodge early exit at 86% (movement input)
[  4067   22.154 x1.00] LOG  [Combat] Dodge ended
[  4067   22.154 x1.00] LOG  [AirPosePin] released, peak correction was -0.325m
[  4138   22.513 x1.00] LOG  💨 Landing VFX spawned!
[  4138   22.513 x1.00] LOG  ✅ LANDED! (was jump #1)
[  4349   23.527 x1.00] LOG  🐾 4-LEG JUMP #0
[  4349   23.527 x1.00] LOG  🐾 Jump 1 VFX spawned!
[  4537   24.453 x1.00] LOG  💨 Landing VFX spawned!
[  4537   24.453 x1.00] LOG  ✅ LANDED! (was jump #1)
[  4577   24.663 x1.00] LOG  
==================== [FREEZE-DEBUG v3] ====================
  Reason : WASD-NOMOVE: WASD recent + speed 0.00m/s for 0.41s
  Time   : 22.492s   Frame: 4577   Snaps: 60
===========================================================

--- CURRENT STATE ---
  Flags: atk=False hvy=False dod=False dsh=False
         grd=False hit=False aerial=False lockPos=False
         comboStep=0
  Anim : speed=1.00  combatLayer hash=-792875657 normT=2.502 weight=1.00 inTransition=False
  CC   : grounded=True  enabled=True  pos=(472.80, -0.02, 447.72)  vel=(0.00, 0.00, 0.00)
  Move : IsRunning=True
  Input: H=1.00 V=0.00  LMB=False MMB=False Q=False Sp=False Sh=True C=False
         WASD pressed in last 0.5s: True (last 0.00s ago)

--- FLIGHT RECORDER (60 snapshots, oldest first, dt=0.10s) ---
  Legend: flags = A(tk) H(vy) D(od) S(sh) G(rd) R(eact) Y(aerial) L(ock)   gnd/cc: Y/n
  t-now    flags     step gnd cc anSp normT layW tr | posX     posZ     spd   | H    V    LMB MMB Q  Sp Sh C
  ------   --------  ---- --- -- ---- ----- ---- -- | -----    -----    ----  | ---- ---- --- --- -- -- -- -
  - 6.03s  --------    0  Y   Y  1.00  0.95 1.00 -  |   480.7    438.4  0.00 | -1.0  0.0 0   0   0  0  1  0
  - 5.92s  --------    0  Y   Y  1.00  1.05 1.00 -  |   480.3    439.0  0.00 | -1.0  0.0 0   0   0  0  1  0
  - 5.82s  --------    0  Y   Y  1.00  1.15 1.00 -  |   479.9    439.6  0.00 | -1.0  0.0 0   0   0  0  1  0
  - 5.72s  --------    0  Y   Y  1.00  1.26 1.00 -  |   479.5    440.1  0.00 | -1.0  0.0 0   0   0  0  1  0
  - 5.62s  --------    0  Y   Y  1.00  1.36 1.00 -  |   479.1    440.7  0.00 | -1.0  0.0 0   0   0  1  1  0
  - 5.52s  --------    0  n   Y  1.00  1.46 1.00 -  |   478.9    441.0  0.00 | -1.0  0.0 0   0   0  1  1  0
  - 5.41s  --------    0  n   Y  1.00  1.56 1.00 -  |   478.6    441.4  0.00 | -1.0  0.0 0   0   0  0  1  0
  - 5.31s  --------    0  n   Y  1.00  1.66 1.00 -  |   478.4    441.7  0.00 | -1.0  0.0 0   0   0  0  1  0
  - 5.21s  --D-----    0  n   Y  1.00  1.77 1.00 T  |   478.2    442.0  0.41 | -1.0  0.0 0   0   0  0  1  1
  - 5.11s  --D-----    0  n   Y  1.00  0.15 1.00 -  |   478.0    442.2  5.61 | -1.0  0.0 0   0   0  0  1  1
  - 5.01s  --D-----    0  n   Y  1.00  0.28 1.00 -  |   477.7    442.6  6.16 | -1.0  0.0 0   0   0  0  1  0
  - 4.91s  --D-----    0  n   Y  1.00  0.41 1.00 -  |   477.2    443.1  7.72 | -1.0  0.0 0   0   0  0  1  0
  - 4.80s  --D-----    0  n   Y  1.00  0.54 1.00 -  |   476.7    443.6  7.44 | -1.0  0.0 0   0   0  0  1  0
  - 4.70s  --D-----    0  n   Y  1.00  0.66 1.00 -  |   476.2    444.1  12.20 | -1.0  0.0 0   0   0  0  1  0
  - 4.60s  --D-----    0  n   Y  1.00  0.79 1.00 -  |   475.7    444.6  8.95 | -1.0  0.0 0   0   0  0  1  0
  - 4.50s  --------    0  n   Y  1.00  0.91 1.00 T  |   475.6    444.7  0.00 | -1.0  0.0 0   0   0  0  1  0
  - 4.40s  --------    0  n   Y  1.00  1.04 1.00 T  |   475.6    444.7  0.00 | -1.0  0.0 0   0   0  0  1  0
  - 4.30s  --------    0  n   Y  1.00  0.25 1.00 -  |   475.6    444.7  0.00 | -1.0  0.0 0   0   0  0  1  0
  - 4.19s  --------    0  Y   Y  1.00  0.35 1.00 -  |   475.6    444.7  0.00 | -1.0  0.0 0   0   0  0  1  0
  - 4.09s  --------    0  Y   Y  1.00  0.46 1.00 -  |   475.2    445.3  0.00 | -1.0  0.0 0   0   0  0  1  0
  - 3.99s  --------    0  Y   Y  1.00  0.56 1.00 -  |   474.8    445.9  0.00 | -1.0  0.0 0   0   0  0  1  0
  - 3.89s  --------    0  Y   Y  1.00  0.66 1.00 -  |   474.4    446.5  0.00 | -1.0  0.0 0   0   0  0  1  0
  - 3.78s  --------    0  Y   Y  1.00  0.76 1.00 -  |   474.0    447.0  0.00 | -1.0  0.0 0   0   0  0  1  0
  - 3.68s  --------    0  Y   Y  1.00  0.87 1.00 -  |   473.6    447.6  0.00 | -1.0  0.0 0   0   0  0  1  0
  - 3.58s  --------    0  n   Y  1.00  0.97 1.00 -  |   473.3    448.0  0.00 | -1.0  0.0 0   0   0  1  1  0
  - 3.48s  --------    0  n   Y  1.00  1.07 1.00 -  |   473.0    448.4  0.00 | -1.0  0.0 0   0   0  1  1  0
  - 3.38s  --------    0  n   Y  1.00  1.17 1.00 -  |   472.8    448.8  0.00 | -1.0  0.0 0   0   0  0  1  0
  - 3.28s  --------    0  n   Y  1.00  1.27 1.00 -  |   472.5    449.1  0.00 | -1.0  0.0 0   0   0  0  1  0
  - 3.17s  --D-----    0  n   Y  1.00  1.37 1.00 T  |   472.3    449.4  0.36 | -1.0  0.0 0   0   0  0  1  1
  - 3.07s  --D-----    0  n   Y  1.00  0.15 1.00 -  |   472.1    449.6  3.23 | -1.0  0.0 0   0   0  0  1  1
  - 2.97s  --D-----    0  n   Y  1.00  0.28 1.00 -  |   471.8    449.9  5.64 | -1.0  0.0 0   0   0  0  1  0
  - 2.86s  --D-----    0  n   Y  1.00  0.41 1.00 -  |   471.3    450.5  6.37 | -1.0  0.0 0   0   0  0  1  0
  - 2.76s  --D-----    0  n   Y  1.00  0.54 1.00 -  |   470.8    451.0  9.08 |  0.0  0.0 0   0   0  0  1  0
  - 2.66s  --D-----    0  n   Y  1.00  0.66 1.00 -  |   470.3    451.5  6.15 | -1.0  0.0 0   0   0  0  1  0
  - 2.56s  --D-----    0  n   Y  1.00  0.79 1.00 -  |   469.9    452.0  8.78 | -1.0  0.0 0   0   0  0  1  0
  - 2.46s  --------    0  n   Y  1.00  0.91 1.00 T  |   469.7    452.2  0.00 | -1.0  0.0 0   0   0  0  1  0
  - 2.36s  --------    0  n   Y  1.00  1.04 1.00 T  |   469.7    452.2  0.00 | -1.0  0.0 0   0   0  0  1  0
  - 2.25s  --------    0  n   Y  1.00  0.25 1.00 -  |   469.7    452.2  0.00 | -1.0  0.0 0   0   0  0  1  0
  - 2.15s  --------    0  Y   Y  1.00  0.36 1.00 -  |   469.7    452.2  0.00 | -1.0  0.0 0   0   0  0  1  0
  - 2.05s  --------    0  Y   Y  1.00  0.46 1.00 -  |   469.3    452.7  0.00 |  0.0  0.0 0   0   0  0  1  0
  - 1.94s  --------    0  Y   Y  1.00  0.56 1.00 -  |   469.0    453.1  0.00 |  0.0  0.0 0   0   0  0  0  0
  - 1.84s  --------    0  Y   Y  1.00  0.66 1.00 -  |   468.9    453.2  0.00 |  0.0  0.0 0   0   0  0  0  0
  - 1.74s  --------    0  Y   Y  1.00  0.77 1.00 -  |   468.9    453.2  0.00 |  0.0  0.0 0   0   0  0  0  0
  - 1.64s  --------    0  Y   Y  1.00  0.87 1.00 -  |   468.9    453.2  0.00 |  0.0  0.0 0   0   0  0  0  0
  - 1.53s  --------    0  Y   Y  1.00  0.97 1.00 -  |   469.0    453.1  0.00 |  1.0  0.0 0   0   0  0  0  0
  - 1.43s  --------    0  Y   Y  1.00  1.07 1.00 -  |   469.1    453.0  0.00 |  1.0  0.0 0   0   0  0  0  0
  - 1.33s  --------    0  Y   Y  1.00  1.17 1.00 -  |   469.2    452.8  0.00 |  1.0  0.0 0   0   0  0  0  0
  - 1.23s  --------    0  Y   Y  1.00  1.27 1.00 -  |   469.3    452.6  0.00 |  1.0  0.0 0   0   0  0  0  0
  - 1.13s  --------    0  n   Y  1.00  1.38 1.00 -  |   469.6    452.3  0.00 |  1.0  0.0 0   0   0  1  1  0
  - 1.03s  --------    0  n   Y  1.00  1.48 1.00 -  |   469.9    451.9  0.00 |  1.0  0.0 0   0   0  1  1  0
  - 0.92s  --------    0  n   Y  1.00  1.58 1.00 -  |   470.1    451.5  0.00 |  1.0  0.0 0   0   0  0  1  0
  - 0.82s  --------    0  n   Y  1.00  1.69 1.00 -  |   470.4    451.1  0.00 |  1.0  0.0 0   0   0  0  1  0
  - 0.72s  --------    0  n   Y  1.00  1.79 1.00 -  |   470.6    450.8  0.00 |  1.0  0.0 0   0   0  0  1  0
  - 0.61s  --------    0  n   Y  1.00  1.89 1.00 -  |   470.9    450.4  0.00 |  1.0  0.0 0   0   0  0  1  0
  - 0.51s  --------    0  n   Y  1.00  1.99 1.00 -  |   471.2    450.0  0.00 |  1.0  0.0 0   0   0  0  1  0
  - 0.41s  --------    0  n   Y  1.00  2.09 1.00 -  |   471.5    449.6  0.00 |  1.0  0.0 0   0   0  0  1  0
  - 0.31s  --------    0  n   Y  1.00  2.20 1.00 -  |   471.7    449.2  0.00 |  1.0  0.0 0   0   0  0  1  0
  - 0.21s  --------    0  Y   Y  1.00  2.30 1.00 -  |   472.0    448.9  0.00 |  1.0  0.0 0   0   0  0  1  0
  - 0.11s  --------    0  Y   Y  1.00  2.40 1.00 -  |   472.4    448.3  0.00 |  1.0  0.0 0   0   0  0  1  0
  - 0.00s  --------    0  Y   Y  1.00  2.50 1.00 -  |   472.8    447.7  0.00 |  1.0  0.0 0   0   0  0  1  0
=========================================================== END

[  4590   24.727 x1.00] LOG  🐾 4-LEG JUMP #0
[  4590   24.727 x1.00] LOG  🐾 Jump 1 VFX spawned!
[  4664   25.124 x1.00] LOG  🐾 4-LEG JUMP #1
[  4664   25.124 x1.00] LOG  🐾 Jump 2 VFX spawned!
[  4746   25.511 x1.00] LOG  [Combat] Dodge: Dodge_4Leg (4m, 4leg)
[  4746   25.511 x1.00] LOG  [AirPosePin] engaged, holding body at 1.474m above the transform
[  4879   26.197 x1.00] LOG  [Combat] Dodge early exit at 85% (movement input)
[  4879   26.197 x1.00] LOG  [Combat] Dodge ended
[  4879   26.197 x1.00] LOG  [AirPosePin] released, peak correction was -0.550m
[  4974   26.693 x1.00] LOG  💨 Landing VFX spawned!
[  4974   26.693 x1.00] LOG  ✅ LANDED! (was jump #2)
[  5133   27.449 x1.00] LOG  🐾 4-LEG JUMP #0
[  5133   27.449 x1.00] LOG  🐾 Jump 1 VFX spawned!
[  5200   27.768 x1.00] LOG  🐾 4-LEG JUMP #1
[  5200   27.768 x1.00] LOG  🐾 Jump 2 VFX spawned!
[  5225   27.905 x1.00] LOG  [StormWeather] ⚡ strike at (490.31, 45.00, 445.47)
[  5255   28.058 x1.00] LOG  🐾 4-LEG JUMP #2
[  5255   28.058 x1.00] LOG  🐾 Jump 3 VFX spawned!
[  5255   28.058 x1.00] LOG  🚫 Max jumps reached!
[  5451   29.034 x1.00] LOG  
==================== [FREEZE-DEBUG v3] ====================
  Reason : WASD-NOMOVE: WASD recent + speed 0.00m/s for 0.41s
  Time   : 26.862s   Frame: 5451   Snaps: 60
===========================================================

--- CURRENT STATE ---
  Flags: atk=False hvy=False dod=False dsh=False
         grd=False hit=False aerial=False lockPos=False
         comboStep=0
  Anim : speed=1.00  combatLayer hash=-792875657 normT=2.831 weight=1.00 inTransition=False
  CC   : grounded=False  enabled=True  pos=(470.99, 0.25, 449.35)  vel=(0.00, -12.90, 0.00)
  Move : IsRunning=True
  Input: H=-1.00 V=0.00  LMB=False MMB=False Q=False Sp=False Sh=True C=False
         WASD pressed in last 0.5s: True (last 0.00s ago)

--- FLIGHT RECORDER (60 snapshots, oldest first, dt=0.10s) ---
  Legend: flags = A(tk) H(vy) D(od) S(sh) G(rd) R(eact) Y(aerial) L(ock)   gnd/cc: Y/n
  t-now    flags     step gnd cc anSp normT layW tr | posX     posZ     spd   | H    V    LMB MMB Q  Sp Sh C
  ------   --------  ---- --- -- ---- ----- ---- -- | -----    -----    ----  | ---- ---- --- --- -- -- -- -
  - 6.11s  --------    0  Y   Y  1.00  0.77 1.00 -  |   468.9    453.2  0.00 |  0.0  0.0 0   0   0  0  0  0
  - 6.01s  --------    0  Y   Y  1.00  0.87 1.00 -  |   468.9    453.2  0.00 |  0.0  0.0 0   0   0  0  0  0
  - 5.90s  --------    0  Y   Y  1.00  0.97 1.00 -  |   469.0    453.1  0.00 |  1.0  0.0 0   0   0  0  0  0
  - 5.80s  --------    0  Y   Y  1.00  1.07 1.00 -  |   469.1    453.0  0.00 |  1.0  0.0 0   0   0  0  0  0
  - 5.70s  --------    0  Y   Y  1.00  1.17 1.00 -  |   469.2    452.8  0.00 |  1.0  0.0 0   0   0  0  0  0
  - 5.60s  --------    0  Y   Y  1.00  1.27 1.00 -  |   469.3    452.6  0.00 |  1.0  0.0 0   0   0  0  0  0
  - 5.50s  --------    0  n   Y  1.00  1.38 1.00 -  |   469.6    452.3  0.00 |  1.0  0.0 0   0   0  1  1  0
  - 5.40s  --------    0  n   Y  1.00  1.48 1.00 -  |   469.9    451.9  0.00 |  1.0  0.0 0   0   0  1  1  0
  - 5.29s  --------    0  n   Y  1.00  1.58 1.00 -  |   470.1    451.5  0.00 |  1.0  0.0 0   0   0  0  1  0
  - 5.19s  --------    0  n   Y  1.00  1.69 1.00 -  |   470.4    451.1  0.00 |  1.0  0.0 0   0   0  0  1  0
  - 5.09s  --------    0  n   Y  1.00  1.79 1.00 -  |   470.6    450.8  0.00 |  1.0  0.0 0   0   0  0  1  0
  - 4.98s  --------    0  n   Y  1.00  1.89 1.00 -  |   470.9    450.4  0.00 |  1.0  0.0 0   0   0  0  1  0
  - 4.88s  --------    0  n   Y  1.00  1.99 1.00 -  |   471.2    450.0  0.00 |  1.0  0.0 0   0   0  0  1  0
  - 4.78s  --------    0  n   Y  1.00  2.09 1.00 -  |   471.5    449.6  0.00 |  1.0  0.0 0   0   0  0  1  0
  - 4.68s  --------    0  n   Y  1.00  2.20 1.00 -  |   471.7    449.2  0.00 |  1.0  0.0 0   0   0  0  1  0
  - 4.58s  --------    0  Y   Y  1.00  2.30 1.00 -  |   472.0    448.9  0.00 |  1.0  0.0 0   0   0  0  1  0
  - 4.48s  --------    0  Y   Y  1.00  2.40 1.00 -  |   472.4    448.3  0.00 |  1.0  0.0 0   0   0  0  1  0
  - 4.37s  --------    0  Y   Y  1.00  2.50 1.00 -  |   472.8    447.7  0.00 |  1.0  0.0 0   0   0  0  1  0
  - 4.27s  --------    0  n   Y  1.00  2.61 1.00 -  |   473.1    447.3  0.00 |  0.0  0.0 0   0   0  1  1  0
  - 4.16s  --------    0  n   Y  1.00  2.71 1.00 -  |   473.4    446.9  0.00 |  1.0  0.0 0   0   0  1  1  0
  - 4.06s  --------    0  n   Y  1.00  2.82 1.00 -  |   473.7    446.5  0.00 |  1.0  0.0 0   0   0  0  1  0
  - 3.95s  --------    0  n   Y  1.00  2.92 1.00 -  |   473.9    446.1  0.00 |  1.0  0.0 0   0   0  0  1  0
  - 3.84s  --------    0  n   Y  1.00  3.03 1.00 -  |   474.2    445.7  0.00 |  0.0  0.0 0   0   0  1  1  0
  - 3.74s  --------    0  n   Y  1.00  3.14 1.00 -  |   474.5    445.3  0.00 |  1.0  0.0 0   0   0  0  1  0
  - 3.64s  --------    0  n   Y  1.00  3.23 1.00 -  |   474.7    444.9  0.00 |  1.0  0.0 0   0   0  0  1  0
  - 3.54s  --------    0  n   Y  1.00  3.34 1.00 -  |   475.0    444.6  0.00 |  1.0  0.0 0   0   0  0  1  0
  - 3.43s  --D-----    0  n   Y  1.00  3.44 1.00 T  |   475.1    444.5  2.21 |  1.0  0.0 0   0   0  0  1  1
  - 3.33s  --D-----    0  n   Y  1.00  0.23 1.00 -  |   475.2    444.1  5.28 |  1.0  0.0 0   0   0  0  1  0
  - 3.23s  --D-----    0  n   Y  1.00  0.37 1.00 -  |   475.5    443.6  5.76 |  1.0  0.0 0   0   0  0  1  0
  - 3.13s  --D-----    0  n   Y  1.00  0.49 1.00 -  |   475.9    442.9  3.97 |  1.0  0.0 0   0   0  0  1  0
  - 3.02s  --D-----    0  n   Y  1.00  0.62 1.00 -  |   476.2    442.2  16.73 |  1.0  0.0 0   0   0  0  1  0
  - 2.92s  --D-----    0  n   Y  1.00  0.74 1.00 -  |   476.5    441.6  10.70 |  1.0  0.0 0   0   0  0  1  0
  - 2.82s  --------    0  n   Y  1.00  0.88 1.00 T  |   476.7    441.2  0.00 |  1.0  0.0 0   0   0  0  1  0
  - 2.71s  --------    0  n   Y  1.00  1.01 1.00 T  |   476.7    441.2  0.00 |  1.0  0.0 0   0   0  0  1  0
  - 2.61s  --------    0  n   Y  1.00  1.13 1.00 T  |   476.7    441.2  0.00 |  0.0  0.0 0   0   0  0  1  0
  - 2.51s  --------    0  n   Y  1.00  0.32 1.00 -  |   476.7    441.2  0.00 |  0.0  0.0 0   0   0  0  1  0
  - 2.41s  --------    0  n   Y  1.00  0.43 1.00 -  |   476.7    441.2  0.00 |  0.0  0.0 0   0   0  0  1  0
  - 2.30s  --------    0  Y   Y  1.00  0.53 1.00 -  |   476.8    441.1  0.00 |  0.0  0.0 0   0   0  0  1  0
  - 2.20s  --------    0  Y   Y  1.00  0.63 1.00 -  |   476.8    441.1  0.00 |  0.0  0.0 0   0   0  0  1  0
  - 2.10s  --------    0  Y   Y  1.00  0.73 1.00 -  |   476.7    441.2  0.00 | -1.0  0.0 0   0   0  0  1  0
  - 2.00s  --------    0  Y   Y  1.00  0.83 1.00 -  |   476.3    441.8  0.00 | -1.0  0.0 0   0   0  0  1  0
  - 1.90s  --------    0  Y   Y  1.00  0.94 1.00 -  |   475.9    442.4  0.00 | -1.0  0.0 0   0   0  0  1  0
  - 1.79s  --------    0  Y   Y  1.00  1.04 1.00 -  |   475.5    442.9  0.00 | -1.0  0.0 0   0   0  0  1  0
  - 1.69s  --------    0  Y   Y  1.00  1.14 1.00 -  |   475.1    443.5  0.00 | -1.0  0.0 0   0   0  0  1  0
  - 1.59s  --------    0  Y   Y  1.00  1.24 1.00 -  |   474.7    444.1  0.00 | -1.0  0.0 0   0   0  0  1  0
  - 1.49s  --------    0  n   Y  1.00  1.35 1.00 -  |   474.5    444.4  0.00 | -1.0  0.0 0   0   0  1  1  0
  - 1.38s  --------    0  n   Y  1.00  1.45 1.00 -  |   474.2    444.7  0.00 | -1.0  0.0 0   0   0  0  1  0
  - 1.28s  --------    0  n   Y  1.00  1.55 1.00 -  |   474.0    445.1  0.00 | -1.0  0.0 0   0   0  0  1  0
  - 1.18s  --------    0  n   Y  1.00  1.65 1.00 -  |   473.7    445.6  0.00 | -1.0  0.0 0   0   0  1  1  0
  - 1.08s  --------    0  n   Y  1.00  1.75 1.00 -  |   473.4    445.9  0.00 | -1.0  0.0 0   0   0  0  1  0
  - 0.98s  --------    0  n   Y  1.00  1.86 1.00 -  |   473.1    446.3  0.00 | -1.0  0.0 0   0   0  1  1  0
  - 0.87s  --------    0  n   Y  1.00  1.96 1.00 -  |   472.9    446.7  0.00 | -1.0  0.0 0   0   0  1  1  0
  - 0.77s  --------    0  n   Y  1.00  2.06 1.00 -  |   472.6    447.0  0.00 | -1.0  0.0 0   0   0  0  1  0
  - 0.67s  --------    0  n   Y  1.00  2.17 1.00 -  |   472.4    447.4  0.00 | -1.0  0.0 0   0   0  0  1  0
  - 0.56s  --------    0  n   Y  1.00  2.27 1.00 -  |   472.1    447.8  0.00 |  0.0  0.0 0   0   0  0  1  0
  - 0.46s  --------    0  n   Y  1.00  2.37 1.00 -  |   471.8    448.1  0.00 |  0.0  0.0 0   0   0  0  1  1
  - 0.36s  --------    0  n   Y  1.00  2.47 1.00 -  |   471.5    448.6  0.00 |  0.0  0.0 0   0   0  0  1  0
  - 0.26s  --------    0  n   Y  1.00  2.57 1.00 -  |   471.3    448.9  0.00 |  0.0  0.0 0   0   0  0  1  0
  - 0.15s  --------    0  n   Y  1.00  2.68 1.00 -  |   471.3    449.0  0.00 | -1.0  0.0 0   0   0  0  1  0
  - 0.05s  --------    0  n   Y  1.00  2.78 1.00 -  |   471.1    449.2  0.00 | -1.0  0.0 0   0   0  0  1  0
=========================================================== END

[  5459   29.073 x1.00] LOG  💨 Landing VFX spawned!
[  5459   29.073 x1.00] LOG  ✅ LANDED! (was jump #3)
[  6098   32.275 x1.00] LOG  🐾 4-LEG JUMP #0
[  6098   32.275 x1.00] LOG  🐾 Jump 1 VFX spawned!
[  6260   33.078 x1.00] LOG  
==================== [FREEZE-DEBUG v3] ====================
  Reason : WASD-NOMOVE: WASD recent + speed 0.00m/s for 0.40s
  Time   : 30.906s   Frame: 6260   Snaps: 60
===========================================================

--- CURRENT STATE ---
  Flags: atk=False hvy=False dod=False dsh=False
         grd=False hit=False aerial=False lockPos=False
         comboStep=0
  Anim : speed=1.00  combatLayer hash=-792875657 normT=6.878 weight=1.00 inTransition=False
  CC   : grounded=False  enabled=True  pos=(473.63, 0.94, 445.60)  vel=(0.00, -6.35, 0.00)
  Move : IsRunning=True
  Input: H=1.00 V=0.00  LMB=False MMB=False Q=False Sp=False Sh=True C=False
         WASD pressed in last 0.5s: True (last 0.00s ago)

--- FLIGHT RECORDER (60 snapshots, oldest first, dt=0.10s) ---
  Legend: flags = A(tk) H(vy) D(od) S(sh) G(rd) R(eact) Y(aerial) L(ock)   gnd/cc: Y/n
  t-now    flags     step gnd cc anSp normT layW tr | posX     posZ     spd   | H    V    LMB MMB Q  Sp Sh C
  ------   --------  ---- --- -- ---- ----- ---- -- | -----    -----    ----  | ---- ---- --- --- -- -- -- -
  - 6.14s  --------    0  Y   Y  1.00  0.73 1.00 -  |   476.7    441.2  0.00 | -1.0  0.0 0   0   0  0  1  0
  - 6.04s  --------    0  Y   Y  1.00  0.83 1.00 -  |   476.3    441.8  0.00 | -1.0  0.0 0   0   0  0  1  0
  - 5.94s  --------    0  Y   Y  1.00  0.94 1.00 -  |   475.9    442.4  0.00 | -1.0  0.0 0   0   0  0  1  0
  - 5.84s  --------    0  Y   Y  1.00  1.04 1.00 -  |   475.5    442.9  0.00 | -1.0  0.0 0   0   0  0  1  0
  - 5.74s  --------    0  Y   Y  1.00  1.14 1.00 -  |   475.1    443.5  0.00 | -1.0  0.0 0   0   0  0  1  0
  - 5.63s  --------    0  Y   Y  1.00  1.24 1.00 -  |   474.7    444.1  0.00 | -1.0  0.0 0   0   0  0  1  0
  - 5.53s  --------    0  n   Y  1.00  1.35 1.00 -  |   474.5    444.4  0.00 | -1.0  0.0 0   0   0  1  1  0
  - 5.43s  --------    0  n   Y  1.00  1.45 1.00 -  |   474.2    444.7  0.00 | -1.0  0.0 0   0   0  0  1  0
  - 5.33s  --------    0  n   Y  1.00  1.55 1.00 -  |   474.0    445.1  0.00 | -1.0  0.0 0   0   0  0  1  0
  - 5.22s  --------    0  n   Y  1.00  1.65 1.00 -  |   473.7    445.6  0.00 | -1.0  0.0 0   0   0  1  1  0
  - 5.12s  --------    0  n   Y  1.00  1.75 1.00 -  |   473.4    445.9  0.00 | -1.0  0.0 0   0   0  0  1  0
  - 5.02s  --------    0  n   Y  1.00  1.86 1.00 -  |   473.1    446.3  0.00 | -1.0  0.0 0   0   0  1  1  0
  - 4.92s  --------    0  n   Y  1.00  1.96 1.00 -  |   472.9    446.7  0.00 | -1.0  0.0 0   0   0  1  1  0
  - 4.81s  --------    0  n   Y  1.00  2.06 1.00 -  |   472.6    447.0  0.00 | -1.0  0.0 0   0   0  0  1  0
  - 4.71s  --------    0  n   Y  1.00  2.17 1.00 -  |   472.4    447.4  0.00 | -1.0  0.0 0   0   0  0  1  0
  - 4.61s  --------    0  n   Y  1.00  2.27 1.00 -  |   472.1    447.8  0.00 |  0.0  0.0 0   0   0  0  1  0
  - 4.51s  --------    0  n   Y  1.00  2.37 1.00 -  |   471.8    448.1  0.00 |  0.0  0.0 0   0   0  0  1  1
  - 4.40s  --------    0  n   Y  1.00  2.47 1.00 -  |   471.5    448.6  0.00 |  0.0  0.0 0   0   0  0  1  0
  - 4.30s  --------    0  n   Y  1.00  2.57 1.00 -  |   471.3    448.9  0.00 |  0.0  0.0 0   0   0  0  1  0
  - 4.20s  --------    0  n   Y  1.00  2.68 1.00 -  |   471.3    449.0  0.00 | -1.0  0.0 0   0   0  0  1  0
  - 4.09s  --------    0  n   Y  1.00  2.78 1.00 -  |   471.1    449.2  0.00 | -1.0  0.0 0   0   0  0  1  0
  - 3.98s  --------    0  Y   Y  1.00  2.89 1.00 -  |   470.8    449.6  0.00 | -1.0  0.0 0   0   0  0  1  0
  - 3.88s  --------    0  Y   Y  1.00  2.99 1.00 -  |   470.4    450.1  0.00 | -1.0  0.0 0   0   0  0  1  0
  - 3.78s  --------    0  Y   Y  1.00  3.10 1.00 -  |   470.0    450.7  0.00 |  0.0  0.0 0   0   0  0  1  0
  - 3.67s  --------    0  Y   Y  1.00  3.20 1.00 -  |   469.6    451.3  0.00 |  0.0  0.0 0   0   0  0  1  0
  - 3.57s  --------    0  Y   Y  1.00  3.31 1.00 -  |   469.2    451.9  0.00 |  0.0  0.0 0   0   0  0  1  0
  - 3.46s  --------    0  Y   Y  1.00  3.41 1.00 -  |   468.8    452.4  0.00 |  0.0  0.0 0   0   0  0  1  0
  - 3.36s  --------    0  Y   Y  1.00  3.52 1.00 -  |   468.8    452.4  0.00 |  0.0  0.0 0   0   0  0  0  0
  - 3.25s  --------    0  Y   Y  1.00  3.62 1.00 -  |   468.8    452.4  0.00 |  0.0  0.0 0   0   0  0  0  0
  - 3.15s  --------    0  Y   Y  1.00  3.72 1.00 -  |   468.8    452.4  0.00 |  0.0  0.0 0   0   0  0  0  0
  - 3.05s  --------    0  Y   Y  1.00  3.82 1.00 -  |   468.8    452.4  0.00 |  0.0  0.0 0   0   0  0  0  0
  - 2.95s  --------    0  Y   Y  1.00  3.93 1.00 -  |   468.8    452.4  0.00 |  0.0  0.0 0   0   0  0  0  0
  - 2.85s  --------    0  Y   Y  1.00  4.03 1.00 -  |   468.8    452.4  0.00 |  0.0  0.0 0   0   0  0  0  0
  - 2.75s  --------    0  Y   Y  1.00  4.13 1.00 -  |   468.8    452.4  0.00 |  0.0  0.0 0   0   0  0  0  0
  - 2.65s  --------    0  Y   Y  1.00  4.23 1.00 -  |   468.8    452.4  0.00 |  0.0  0.0 0   0   0  0  0  0
  - 2.55s  --------    0  Y   Y  1.00  4.33 1.00 -  |   468.8    452.4  0.00 |  0.0  0.0 0   0   0  0  0  0
  - 2.44s  --------    0  Y   Y  1.00  4.43 1.00 -  |   468.8    452.4  0.00 |  0.0  0.0 0   0   0  0  0  0
  - 2.34s  --------    0  Y   Y  1.00  4.53 1.00 -  |   468.8    452.4  0.00 |  0.0  0.0 0   0   0  0  0  0
  - 2.24s  --------    0  Y   Y  1.00  4.63 1.00 -  |   468.8    452.4  0.00 |  0.0  0.0 0   0   0  0  0  0
  - 2.14s  --------    0  Y   Y  1.00  4.74 1.00 -  |   468.8    452.4  0.00 |  0.0  0.0 0   0   0  0  0  0
  - 2.03s  --------    0  Y   Y  1.00  4.84 1.00 -  |   468.8    452.4  0.00 |  0.0  0.0 0   0   0  0  0  0
  - 1.93s  --------    0  Y   Y  1.00  4.95 1.00 -  |   468.9    452.4  0.00 |  1.0  0.0 0   0   0  0  0  0
  - 1.83s  --------    0  Y   Y  1.00  5.05 1.00 -  |   469.0    452.2  0.00 |  1.0  0.0 0   0   0  0  0  0
  - 1.73s  --------    0  Y   Y  1.00  5.15 1.00 -  |   469.1    452.0  0.00 |  1.0  0.0 0   0   0  0  0  0
  - 1.62s  --------    0  Y   Y  1.00  5.25 1.00 -  |   469.2    451.8  0.00 |  1.0  0.0 0   0   0  0  0  0
  - 1.52s  --------    0  Y   Y  1.00  5.35 1.00 -  |   469.4    451.7  0.00 |  1.0  0.0 0   0   0  0  0  0
  - 1.42s  --------    0  Y   Y  1.00  5.45 1.00 -  |   469.8    451.1  0.00 |  0.0  0.0 0   0   0  0  1  0
  - 1.32s  --------    0  Y   Y  1.00  5.56 1.00 -  |   470.2    450.5  0.00 |  0.0  0.0 0   0   0  0  1  0
  - 1.22s  --------    0  Y   Y  1.00  5.66 1.00 -  |   470.6    450.0  0.00 |  0.0  0.0 0   0   0  0  1  0
  - 1.12s  --------    0  Y   Y  1.00  5.76 1.00 -  |   470.7    449.7  0.00 |  0.0  0.0 0   0   0  0  1  0
  - 1.01s  --------    0  Y   Y  1.00  5.86 1.00 -  |   470.7    449.7  0.00 |  1.0  0.0 0   0   0  0  1  0
  - 0.91s  --------    0  Y   Y  1.00  5.97 1.00 -  |   471.1    449.2  0.00 |  1.0  0.0 0   0   0  0  1  0
  - 0.81s  --------    0  Y   Y  1.00  6.07 1.00 -  |   471.5    448.6  0.00 |  1.0  0.0 0   0   0  0  1  0
  - 0.71s  --------    0  n   Y  1.00  6.17 1.00 -  |   471.8    448.2  0.00 |  1.0  0.0 0   0   0  1  1  0
  - 0.61s  --------    0  n   Y  1.00  6.27 1.00 -  |   472.1    447.8  0.00 |  1.0  0.0 0   0   0  1  1  0
  - 0.50s  --------    0  n   Y  1.00  6.37 1.00 -  |   472.3    447.4  0.00 |  1.0  0.0 0   0   0  1  1  0
  - 0.40s  --------    0  n   Y  1.00  6.48 1.00 -  |   472.6    447.1  0.00 |  1.0  0.0 0   0   0  0  1  0
  - 0.30s  --------    0  n   Y  1.00  6.58 1.00 -  |   472.9    446.7  0.00 |  1.0  0.0 0   0   0  0  1  0
  - 0.19s  --------    0  n   Y  1.00  6.68 1.00 -  |   473.1    446.3  0.00 |  1.0  0.0 0   1   0  0  1  0
  - 0.09s  --------    0  n   Y  1.00  6.79 1.00 -  |   473.4    446.0  0.00 |  1.0  0.0 0   1   0  0  1  0
=========================================================== END

[  6285   33.214 x1.00] LOG  💨 Landing VFX spawned!
[  6285   33.214 x1.00] LOG  ✅ LANDED! (was jump #1)
[  6329   33.441 x1.00] LOG  🐾 4-LEG JUMP #0
[  6329   33.441 x1.00] LOG  🐾 Jump 1 VFX spawned!
[  6372   33.657 x1.00] LOG  [Combat] Dash: DodgeDash_4Leg (5m, 20 dmg, 4leg)
[  6372   33.657 x1.00] LOG  [AirPosePin] engaged, holding body at 0.585m above the transform
[  6569   34.658 x1.00] LOG  [Combat] Dash ended
[  6569   34.658 x1.00] LOG  [AirPosePin] released, peak correction was -0.013m
[  6633   34.995 x1.00] LOG  💨 Landing VFX spawned!
[  6633   34.995 x1.00] LOG  ✅ LANDED! (was jump #1)
[  6745   35.575 x1.00] LOG  🚶 2-LEG JUMP
[  6745   35.575 x1.00] LOG  🐾 Jump 1 VFX spawned!
[  6818   35.951 x1.00] LOG  [Combat] Dash: DodgeDash_2Leg (4m, 20 dmg, 2leg)
[  6818   35.951 x1.00] LOG  [AirPosePin] engaged, holding body at 1.712m above the transform
[  7016   36.955 x1.00] LOG  [Combat] Dash ended
[  7016   36.955 x1.00] LOG  [AirPosePin] released, peak correction was 1.150m
[  7099   37.337 x1.00] LOG  
==================== [FREEZE-DEBUG v3] ====================
  Reason : WASD-NOMOVE: WASD recent + speed 0.00m/s for 0.40s
  Time   : 35.165s   Frame: 7099   Snaps: 60
===========================================================

--- CURRENT STATE ---
  Flags: atk=False hvy=False dod=False dsh=False
         grd=False hit=False aerial=False lockPos=False
         comboStep=0
  Anim : speed=1.00  combatLayer hash=-792875657 normT=0.380 weight=1.00 inTransition=False
  CC   : grounded=False  enabled=True  pos=(474.83, 0.09, 441.73)  vel=(0.00, -8.40, 0.00)
  Move : IsRunning=False
  Input: H=0.00 V=-1.00  LMB=False MMB=False Q=False Sp=False Sh=False C=False
         WASD pressed in last 0.5s: True (last 0.00s ago)

--- FLIGHT RECORDER (60 snapshots, oldest first, dt=0.10s) ---
  Legend: flags = A(tk) H(vy) D(od) S(sh) G(rd) R(eact) Y(aerial) L(ock)   gnd/cc: Y/n
  t-now    flags     step gnd cc anSp normT layW tr | posX     posZ     spd   | H    V    LMB MMB Q  Sp Sh C
  ------   --------  ---- --- -- ---- ----- ---- -- | -----    -----    ----  | ---- ---- --- --- -- -- -- -
  - 6.09s  --------    0  Y   Y  1.00  5.05 1.00 -  |   469.0    452.2  0.00 |  1.0  0.0 0   0   0  0  0  0
  - 5.99s  --------    0  Y   Y  1.00  5.15 1.00 -  |   469.1    452.0  0.00 |  1.0  0.0 0   0   0  0  0  0
  - 5.88s  --------    0  Y   Y  1.00  5.25 1.00 -  |   469.2    451.8  0.00 |  1.0  0.0 0   0   0  0  0  0
  - 5.78s  --------    0  Y   Y  1.00  5.35 1.00 -  |   469.4    451.7  0.00 |  1.0  0.0 0   0   0  0  0  0
  - 5.68s  --------    0  Y   Y  1.00  5.45 1.00 -  |   469.8    451.1  0.00 |  0.0  0.0 0   0   0  0  1  0
  - 5.58s  --------    0  Y   Y  1.00  5.56 1.00 -  |   470.2    450.5  0.00 |  0.0  0.0 0   0   0  0  1  0
  - 5.48s  --------    0  Y   Y  1.00  5.66 1.00 -  |   470.6    450.0  0.00 |  0.0  0.0 0   0   0  0  1  0
  - 5.38s  --------    0  Y   Y  1.00  5.76 1.00 -  |   470.7    449.7  0.00 |  0.0  0.0 0   0   0  0  1  0
  - 5.27s  --------    0  Y   Y  1.00  5.86 1.00 -  |   470.7    449.7  0.00 |  1.0  0.0 0   0   0  0  1  0
  - 5.17s  --------    0  Y   Y  1.00  5.97 1.00 -  |   471.1    449.2  0.00 |  1.0  0.0 0   0   0  0  1  0
  - 5.07s  --------    0  Y   Y  1.00  6.07 1.00 -  |   471.5    448.6  0.00 |  1.0  0.0 0   0   0  0  1  0
  - 4.97s  --------    0  n   Y  1.00  6.17 1.00 -  |   471.8    448.2  0.00 |  1.0  0.0 0   0   0  1  1  0
  - 4.86s  --------    0  n   Y  1.00  6.27 1.00 -  |   472.1    447.8  0.00 |  1.0  0.0 0   0   0  1  1  0
  - 4.76s  --------    0  n   Y  1.00  6.37 1.00 -  |   472.3    447.4  0.00 |  1.0  0.0 0   0   0  1  1  0
  - 4.66s  --------    0  n   Y  1.00  6.48 1.00 -  |   472.6    447.1  0.00 |  1.0  0.0 0   0   0  0  1  0
  - 4.56s  --------    0  n   Y  1.00  6.58 1.00 -  |   472.9    446.7  0.00 |  1.0  0.0 0   0   0  0  1  0
  - 4.45s  --------    0  n   Y  1.00  6.68 1.00 -  |   473.1    446.3  0.00 |  1.0  0.0 0   1   0  0  1  0
  - 4.35s  --------    0  n   Y  1.00  6.79 1.00 -  |   473.4    446.0  0.00 |  1.0  0.0 0   1   0  0  1  0
  - 4.25s  --------    0  n   Y  1.00  6.89 1.00 -  |   473.6    445.6  0.00 |  1.0  0.0 0   0   0  0  1  0
  - 4.15s  --------    0  n   Y  1.00  6.99 1.00 -  |   473.9    445.2  0.00 |  1.0  0.0 0   0   0  0  1  0
  - 4.04s  --------    0  Y   Y  1.00  7.09 1.00 -  |   474.3    444.6  0.00 |  1.0  0.0 0   0   0  0  1  0
  - 3.94s  --------    0  Y   Y  1.00  7.19 1.00 -  |   474.7    444.1  0.00 |  1.0  0.0 0   0   0  0  1  0
  - 3.84s  --------    0  n   Y  1.00  7.30 1.00 -  |   475.0    443.7  0.00 |  0.0  0.0 0   0   0  1  1  0
  - 3.73s  --------    0  n   Y  1.00  7.40 1.00 -  |   475.2    443.3  0.00 |  0.0  0.0 0   0   0  1  1  0
  - 3.63s  ---S----    0  n   Y  1.00  0.05 1.00 -  |   475.4    443.1  1.35 |  0.0  0.0 0   1   0  0  1  0
  - 3.53s  ---S----    0  n   Y  1.00  0.16 1.00 -  |   475.7    443.2  3.83 |  0.0  0.0 0   1   0  0  1  0
  - 3.43s  ---S----    0  n   Y  1.00  0.27 1.00 -  |   476.1    443.4  5.66 |  0.0  0.0 0   0   0  0  1  0
  - 3.33s  ---S----    0  n   Y  1.00  0.39 1.00 -  |   476.7    443.7  6.88 |  0.0  0.0 0   0   0  0  1  0
  - 3.22s  ---S----    0  n   Y  1.00  0.50 1.00 -  |   477.4    444.1  7.45 |  0.0  0.0 0   0   0  0  1  0
  - 3.12s  ---S----    0  n   Y  1.00  0.61 1.00 -  |   478.1    444.4  7.39 |  0.0  0.0 0   0   0  0  1  0
  - 3.02s  ---S----    0  n   Y  1.00  0.73 1.00 -  |   478.7    444.7  6.69 |  0.0  0.0 0   0   0  0  1  0
  - 2.91s  ---S----    0  n   Y  1.00  0.85 1.00 -  |   479.3    445.0  5.32 |  0.0  0.0 0   0   0  0  1  0
  - 2.81s  ---S----    0  n   Y  1.00  0.96 1.00 -  |   479.7    445.2  3.30 |  0.0  0.0 0   0   0  0  1  0
  - 2.70s  ---S----    0  n   Y  1.00  1.08 1.00 -  |   479.9    445.3  0.67 |  0.0 -1.0 0   0   0  0  0  0
  - 2.60s  --------    0  n   Y  1.00  1.19 1.00 T  |   479.9    445.3  0.00 |  0.0 -1.0 0   0   0  0  0  0
  - 2.50s  --------    0  n   Y  1.00  1.31 1.00 T  |   479.9    445.3  0.00 |  0.0 -1.0 0   0   0  0  0  0
  - 2.39s  --------    0  n   Y  1.00  0.28 1.00 -  |   479.9    445.3  0.00 |  0.0 -1.0 0   0   0  0  0  0
  - 2.29s  --------    0  Y   Y  1.00  0.39 1.00 -  |   479.8    445.2  0.00 |  0.0 -1.0 0   0   0  0  0  0
  - 2.18s  --------    0  Y   Y  1.00  0.49 1.00 -  |   479.6    445.1  0.00 |  0.0 -1.0 0   0   0  0  0  0
  - 2.07s  --------    0  Y   Y  1.00  0.60 1.00 -  |   479.5    445.0  0.00 |  0.0 -1.0 0   0   0  0  0  0
  - 1.97s  --------    0  Y   Y  1.00  0.70 1.00 -  |   479.3    444.9  0.00 |  0.0 -1.0 0   0   0  0  0  0
  - 1.87s  --------    0  Y   Y  1.00  0.81 1.00 -  |   479.1    444.8  0.00 |  0.0 -1.0 0   0   0  0  0  0
  - 1.76s  --------    0  Y   Y  1.00  0.91 1.00 -  |   478.9    444.6  0.00 |  0.0 -1.0 0   0   0  1  0  0
  - 1.66s  --------    0  n   Y  1.00  1.02 1.00 -  |   478.7    444.5  0.00 |  0.0 -1.0 0   0   0  1  0  0
  - 1.56s  --------    0  n   Y  1.00  1.12 1.00 -  |   478.5    444.3  0.00 |  0.0 -1.0 0   0   0  1  0  0
  - 1.45s  --------    0  n   Y  1.00  1.22 1.00 -  |   478.3    444.1  0.00 |  0.0 -1.0 0   0   0  0  0  0
  - 1.35s  ---S----    0  n   Y  1.00  0.03 1.00 -  |   478.1    444.0  0.80 |  0.0 -1.0 0   1   0  0  0  0
  - 1.25s  ---S----    0  n   Y  1.00  0.13 1.00 -  |   477.9    443.9  2.83 |  0.0 -1.0 0   0   0  0  0  0
  - 1.15s  ---S----    0  n   Y  1.00  0.23 1.00 -  |   477.6    443.7  4.34 |  0.0 -1.0 0   0   0  0  0  0
  - 1.04s  ---S----    0  n   Y  1.00  0.34 1.00 -  |   477.2    443.4  5.40 |  0.0 -1.0 0   0   0  0  0  0
  - 0.94s  ---S----    0  n   Y  1.00  0.44 1.00 -  |   476.7    443.1  5.93 |  0.0 -1.0 0   0   0  0  0  0
  - 0.83s  ---S----    0  n   Y  1.00  0.55 1.00 -  |   476.2    442.7  5.93 |  0.0 -1.0 0   0   0  0  0  0
  - 0.73s  ---S----    0  n   Y  1.00  0.65 1.00 -  |   475.7    442.4  5.44 |  0.0 -1.0 0   0   0  0  0  0
  - 0.63s  ---S----    0  n   Y  1.00  0.75 1.00 -  |   475.3    442.1  4.42 |  0.0 -1.0 0   0   0  0  0  0
  - 0.52s  ---S----    0  n   Y  1.00  0.86 1.00 -  |   475.0    441.9  2.88 |  0.0 -1.0 0   0   0  0  0  0
  - 0.42s  ---S----    0  n   Y  1.00  0.96 1.00 -  |   474.8    441.7  0.79 |  0.0 -1.0 0   0   0  0  0  0
  - 0.31s  --------    0  n   Y  1.00  1.07 1.00 T  |   474.8    441.7  0.00 |  0.0 -1.0 0   0   0  0  0  0
  - 0.21s  --------    0  n   Y  1.00  1.17 1.00 T  |   474.8    441.7  0.00 |  0.0 -1.0 0   0   0  0  0  0
  - 0.11s  --------    0  n   Y  1.00  0.27 1.00 -  |   474.8    441.7  0.00 |  0.0 -1.0 0   0   0  0  0  0
  - 0.00s  --------    0  n   Y  1.00  0.37 1.00 -  |   474.8    441.7  0.00 |  0.0 -1.0 0   0   0  0  0  0
=========================================================== END

[  7102   37.355 x1.00] LOG  💨 Landing VFX spawned!
[  7102   37.355 x1.00] LOG  ✅ LANDED! (was jump #1)
[  7171   37.656 x1.00] LOG  🚶 2-LEG JUMP
[  7171   37.656 x1.00] LOG  🐾 Jump 1 VFX spawned!
[  7263   38.049 x1.00] LOG  [Combat] Dash: DodgeDash_2Leg (4m, 20 dmg, 2leg)
[  7263   38.049 x1.00] LOG  [AirPosePin] engaged, holding body at 1.876m above the transform
[  7471   39.049 x1.00] LOG  [Combat] Dash ended
[  7471   39.049 x1.00] LOG  [AirPosePin] released, peak correction was 1.314m
[  7548   39.436 x1.00] LOG  💨 Landing VFX spawned!
[  7548   39.436 x1.00] LOG  ✅ LANDED! (was jump #1)
[  7750   40.430 x1.00] LOG  🚶 2-LEG JUMP
[  7750   40.430 x1.00] LOG  🐾 Jump 1 VFX spawned!
[  7848   40.911 x1.00] LOG  [Combat] Dash: DodgeDash_2Leg (4m, 20 dmg, 2leg)
[  7848   40.911 x1.00] LOG  [AirPosePin] engaged, holding body at 2.026m above the transform
[  8045   41.909 x1.00] LOG  [Combat] Dash ended
[  8045   41.909 x1.00] LOG  [AirPosePin] released, peak correction was 1.465m
[  8104   42.206 x1.00] LOG  [StormWeather] ⚡ strike at (474.26, 45.00, 442.24)
[  8122   42.317 x1.00] LOG  💨 Landing VFX spawned!
[  8122   42.317 x1.00] LOG  ✅ LANDED! (was jump #1)
[  8240   42.931 x1.00] LOG  [Combat] Dash: DodgeDash_2Leg (4m, 20 dmg, 2leg)
[  8240   42.931 x1.00] LOG  [AirPosePin] engaged, holding body at 0.630m above the transform
[  8442   43.930 x1.00] LOG  [Combat] Dash ended
[  8442   43.930 x1.00] LOG  [AirPosePin] released, peak correction was 0.069m
[  8443   43.937 x1.00] LOG  💨 Landing VFX spawned!
[  8443   43.937 x1.00] LOG  ✅ LANDED! (was jump #0)
[  8611   44.747 x1.00] LOG  
==================== [FREEZE-DEBUG v3] ====================
  Reason : WASD-NOMOVE: WASD recent + speed 0.00m/s for 0.40s
  Time   : 42.575s   Frame: 8611   Snaps: 60
===========================================================

--- CURRENT STATE ---
  Flags: atk=False hvy=False dod=False dsh=False
         grd=False hit=False aerial=False lockPos=False
         comboStep=0
  Anim : speed=1.00  combatLayer hash=-792875657 normT=0.811 weight=1.00 inTransition=False
  CC   : grounded=True  enabled=True  pos=(477.98, -0.02, 448.74)  vel=(0.00, 0.00, 0.00)
  Move : IsRunning=False
  Input: H=1.00 V=0.00  LMB=False MMB=False Q=False Sp=False Sh=False C=False
         WASD pressed in last 0.5s: True (last 0.00s ago)

--- FLIGHT RECORDER (60 snapshots, oldest first, dt=0.10s) ---
  Legend: flags = A(tk) H(vy) D(od) S(sh) G(rd) R(eact) Y(aerial) L(ock)   gnd/cc: Y/n
  t-now    flags     step gnd cc anSp normT layW tr | posX     posZ     spd   | H    V    LMB MMB Q  Sp Sh C
  ------   --------  ---- --- -- ---- ----- ---- -- | -----    -----    ----  | ---- ---- --- --- -- -- -- -
  - 6.07s  ---S----    0  n   Y  1.00  0.62 1.00 -  |   475.8    441.3  5.66 |  0.0  0.0 0   0   0  0  0  0
  - 5.97s  ---S----    0  n   Y  1.00  0.72 1.00 -  |   476.3    441.1  4.82 |  0.0  0.0 0   0   0  0  0  0
  - 5.87s  ---S----    0  n   Y  1.00  0.82 1.00 -  |   476.6    440.9  3.57 |  0.0  0.0 0   0   0  0  0  0
  - 5.77s  ---S----    0  n   Y  1.00  0.93 1.00 -  |   476.9    440.8  1.63 |  0.0  0.0 0   0   0  0  0  0
  - 5.66s  --------    0  n   Y  1.00  1.03 1.00 T  |   476.9    440.8  0.00 |  0.0  0.0 0   0   0  0  0  0
  - 5.56s  --------    0  n   Y  1.00  1.13 1.00 T  |   476.9    440.8  0.00 |  0.0  0.0 0   0   0  0  0  0
  - 5.46s  --------    0  n   Y  1.00  0.23 1.00 -  |   476.9    440.8  0.00 |  0.0  0.0 0   0   0  0  0  0
  - 5.36s  --------    0  n   Y  1.00  0.34 1.00 -  |   476.9    440.8  0.00 |  0.0  0.0 0   0   0  0  0  0
  - 5.25s  --------    0  Y   Y  1.00  0.44 1.00 -  |   476.9    440.8  0.00 |  0.0  0.0 0   0   0  0  0  0
  - 5.15s  --------    0  Y   Y  1.00  0.54 1.00 -  |   476.9    440.8  0.00 |  0.0  0.0 0   0   0  0  0  0
  - 5.05s  --------    0  Y   Y  1.00  0.64 1.00 -  |   476.9    440.8  0.00 |  0.0  0.0 0   0   0  0  0  0
  - 4.95s  --------    0  Y   Y  1.00  0.75 1.00 -  |   476.9    440.8  0.00 |  0.0  0.0 0   0   0  0  0  0
  - 4.84s  --------    0  Y   Y  1.00  0.85 1.00 -  |   476.9    440.8  0.00 |  0.0  0.0 0   0   0  0  0  0
  - 4.74s  --------    0  Y   Y  1.00  0.96 1.00 -  |   476.9    440.8  0.00 |  0.0  0.0 0   0   0  0  0  0
  - 4.64s  --------    0  Y   Y  1.00  1.06 1.00 -  |   476.9    440.8  0.00 |  0.0  0.0 0   0   0  0  0  0
  - 4.53s  --------    0  Y   Y  1.00  1.16 1.00 -  |   476.9    440.8  0.00 |  0.0  0.0 0   0   0  0  0  0
  - 4.43s  --------    0  Y   Y  1.00  1.26 1.00 -  |   476.9    440.8  0.00 |  0.0  0.0 0   0   0  0  0  0
  - 4.33s  --------    0  Y   Y  1.00  1.36 1.00 -  |   476.9    440.8  0.00 |  0.0  0.0 0   0   0  0  0  0
  - 4.23s  --------    0  n   Y  1.00  1.47 1.00 -  |   476.9    440.8  0.00 |  0.0  0.0 0   0   0  1  0  0
  - 4.13s  --------    0  n   Y  1.00  1.57 1.00 -  |   476.9    440.8  0.00 |  0.0  0.0 0   0   0  0  0  0
  - 4.02s  --------    0  n   Y  1.00  1.67 1.00 -  |   476.9    440.8  0.00 |  0.0  0.0 0   0   0  0  0  0
  - 3.92s  --------    0  n   Y  1.00  1.78 1.00 -  |   476.9    440.8  0.00 |  0.0  0.0 0   0   0  0  0  0
  - 3.81s  ---S----    0  n   Y  1.00  1.88 1.00 T  |   476.9    440.8  0.50 |  0.0  0.0 0   1   0  0  0  0
  - 3.71s  ---S----    0  n   Y  1.00  0.12 1.00 -  |   477.0    441.0  2.63 |  0.0  0.0 0   0   0  0  0  0
  - 3.61s  ---S----    0  n   Y  1.00  0.23 1.00 -  |   477.0    441.3  4.20 |  0.0  0.0 0   0   0  0  0  0
  - 3.51s  ---S----    0  n   Y  1.00  0.33 1.00 -  |   477.0    441.8  5.29 |  0.0  0.0 0   0   0  0  0  0
  - 3.40s  ---S----    0  n   Y  1.00  0.43 1.00 -  |   477.0    442.4  5.89 |  0.0  0.0 0   0   0  0  0  0
  - 3.30s  ---S----    0  n   Y  1.00  0.54 1.00 -  |   477.0    443.0  5.96 |  0.0  0.0 0   0   0  0  0  0
  - 3.20s  ---S----    0  n   Y  1.00  0.64 1.00 -  |   477.1    443.6  5.54 |  0.0  0.0 0   0   0  0  0  0
  - 3.09s  ---S----    0  n   Y  1.00  0.74 1.00 -  |   477.1    444.1  4.58 |  0.0  0.0 0   0   0  0  0  0
  - 2.99s  ---S----    0  n   Y  1.00  0.84 1.00 -  |   477.1    444.5  3.18 |  0.0  0.0 0   0   0  0  0  0
  - 2.89s  ---S----    0  n   Y  1.00  0.95 1.00 -  |   477.1    444.7  1.19 |  0.0  0.0 0   0   0  0  0  0
  - 2.79s  --------    0  n   Y  1.00  1.05 1.00 T  |   477.1    444.8  0.00 |  0.0  0.0 0   0   0  0  0  0
  - 2.68s  --------    0  n   Y  1.00  1.15 1.00 T  |   477.1    444.8  0.00 |  0.0  0.0 0   0   0  0  0  0
  - 2.58s  --------    0  n   Y  1.00  0.25 1.00 -  |   477.1    444.8  0.00 |  0.0  0.0 0   0   0  0  0  0
  - 2.48s  --------    0  n   Y  1.00  0.36 1.00 -  |   477.1    444.8  0.00 |  0.0  0.0 0   0   0  0  0  0
  - 2.37s  --------    0  Y   Y  1.00  0.46 1.00 -  |   477.1    444.8  0.00 |  0.0  0.0 0   0   0  0  0  0
  - 2.27s  --------    0  Y   Y  1.00  0.56 1.00 -  |   477.1    444.8  0.00 |  0.0  0.0 0   0   0  0  0  0
  - 2.17s  --------    0  Y   Y  1.00  0.66 1.00 -  |   477.1    444.8  0.00 |  0.0  0.0 0   0   0  0  0  0
  - 2.07s  --------    0  Y   Y  1.00  0.77 1.00 -  |   477.1    444.8  0.00 |  0.0  0.0 0   0   0  0  0  0
  - 1.97s  --------    0  Y   Y  1.00  0.87 1.00 -  |   477.1    444.8  0.00 |  0.0  0.0 0   0   0  0  0  0
  - 1.86s  --------    0  Y   Y  1.00  0.97 1.00 -  |   477.1    444.8  0.00 |  0.0  0.0 0   0   0  0  0  0
  - 1.76s  ---S----    0  n   Y  1.00  0.06 1.00 -  |   477.1    444.8  1.28 |  0.0  0.0 0   1   0  0  0  0
  - 1.66s  ---S----    0  n   Y  1.00  0.16 1.00 -  |   477.1    445.0  3.21 |  0.0  0.0 0   0   0  0  0  0
  - 1.55s  ---S----    0  n   Y  1.00  0.26 1.00 -  |   477.1    445.5  4.61 |  0.0  0.0 0   0   0  0  0  0
  - 1.45s  ---S----    0  n   Y  1.00  0.36 1.00 -  |   477.2    446.0  5.54 |  0.0  0.0 0   0   0  0  0  0
  - 1.35s  ---S----    0  n   Y  1.00  0.47 1.00 -  |   477.2    446.6  5.98 |  0.0  0.0 0   0   0  0  0  0
  - 1.24s  ---S----    0  n   Y  1.00  0.57 1.00 -  |   477.2    447.2  5.89 |  0.0  0.0 0   0   0  0  0  0
  - 1.14s  ---S----    0  n   Y  1.00  0.67 1.00 -  |   477.2    447.8  5.30 |  0.0  0.0 0   0   0  0  0  0
  - 1.04s  ---S----    0  n   Y  1.00  0.77 1.00 -  |   477.2    448.2  4.22 |  0.0  0.0 0   0   0  0  0  0
  - 0.94s  ---S----    0  n   Y  1.00  0.88 1.00 -  |   477.3    448.6  2.59 |  0.0  0.0 0   0   0  0  0  0
  - 0.84s  ---S----    0  n   Y  1.00  0.98 1.00 -  |   477.3    448.8  0.54 |  0.0  0.0 0   0   0  0  0  0
  - 0.73s  --------    0  Y   Y  1.00  1.08 1.00 T  |   477.3    448.8  0.00 |  0.0  0.0 0   0   0  0  0  0
  - 0.63s  --------    0  Y   Y  1.00  1.18 1.00 T  |   477.3    448.8  0.00 |  0.0  0.0 0   0   0  0  0  0
  - 0.53s  --------    0  Y   Y  1.00  0.28 1.00 -  |   477.3    448.8  0.00 |  0.0  0.0 0   0   0  0  0  0
  - 0.43s  --------    0  Y   Y  1.00  0.38 1.00 -  |   477.3    448.8  0.00 |  0.0  0.0 0   0   0  0  0  0
  - 0.33s  --------    0  Y   Y  1.00  0.49 1.00 -  |   477.3    448.8  0.00 |  1.0  0.0 0   0   0  0  0  0
  - 0.22s  --------    0  Y   Y  1.00  0.59 1.00 -  |   477.5    448.8  0.00 |  1.0  0.0 0   0   0  0  0  0
  - 0.12s  --------    0  Y   Y  1.00  0.69 1.00 -  |   477.7    448.7  0.00 |  1.0  0.0 0   0   0  0  0  0
  - 0.02s  --------    0  Y   Y  1.00  0.80 1.00 -  |   477.9    448.7  0.00 |  1.0  0.0 0   0   0  0  0  0
=========================================================== END

[  8632   44.857 x1.00] LOG  🐾 4-LEG JUMP #0
[  8632   44.857 x1.00] LOG  🐾 Jump 1 VFX spawned!
[  8813   45.797 x1.00] LOG  💨 Landing VFX spawned!
[  8813   45.797 x1.00] LOG  ✅ LANDED! (was jump #1)
[  8865   46.054 x1.00] LOG  🐾 4-LEG JUMP #0
[  8865   46.054 x1.00] LOG  🐾 Jump 1 VFX spawned!
[  8939   46.442 x1.00] LOG  [Combat] Dash: DodgeDash_4Leg (5m, 20 dmg, 4leg)
[  8939   46.442 x1.00] LOG  [AirPosePin] engaged, holding body at 1.358m above the transform
[  9136   47.441 x1.00] LOG  [Combat] Safety: movement stuck 1.0s (atk=False dod=False dsh=True hvy=False hit=False animSpeed=1) — forcing reset
[  9136   47.441 x1.00] LOG  [Combat] Combat reset
[  9136   47.441 x1.00] LOG  [AirPosePin] released, peak correction was 0.701m
[  9219   47.833 x1.00] LOG  💨 Landing VFX spawned!
[  9219   47.833 x1.00] LOG  ✅ LANDED! (was jump #1)
[  9467   49.024 x1.00] LOG  🚶 2-LEG JUMP
[  9467   49.024 x1.00] LOG  🐾 Jump 1 VFX spawned!
[  9652   49.958 x1.00] LOG  💨 Landing VFX spawned!
[  9652   49.958 x1.00] LOG  ✅ LANDED! (was jump #1)
[  9724   50.291 x1.00] LOG  🚶 2-LEG JUMP
[  9724   50.291 x1.00] LOG  🐾 Jump 1 VFX spawned!
[  9794   50.643 x1.00] LOG  [Combat] Dash: DodgeDash_2Leg (4m, 20 dmg, 2leg)
[  9794   50.643 x1.00] LOG  [AirPosePin] engaged, holding body at 1.641m above the transform
[  9989   51.641 x1.00] LOG  [Combat] Dash ended
[  9989   51.641 x1.00] LOG  [AirPosePin] released, peak correction was 1.080m
[ 10074   52.036 x1.00] LOG  💨 Landing VFX spawned!
[ 10074   52.036 x1.00] LOG  ✅ LANDED! (was jump #1)
[ 10271   53.012 x1.00] LOG  
==================== [FREEZE-DEBUG v3] ====================
  Reason : WASD-NOMOVE: WASD recent + speed 0.00m/s for 0.40s
  Time   : 50.840s   Frame: 10271   Snaps: 60
===========================================================

--- CURRENT STATE ---
  Flags: atk=False hvy=False dod=False dsh=False
         grd=False hit=False aerial=False lockPos=False
         comboStep=0
  Anim : speed=1.00  combatLayer hash=-792875657 normT=1.368 weight=1.00 inTransition=False
  CC   : grounded=True  enabled=True  pos=(494.38, -0.02, 451.33)  vel=(0.00, 0.00, 0.00)
  Move : IsRunning=False
  Input: H=1.00 V=0.00  LMB=False MMB=False Q=False Sp=False Sh=False C=False
         WASD pressed in last 0.5s: True (last 0.00s ago)

--- FLIGHT RECORDER (60 snapshots, oldest first, dt=0.10s) ---
  Legend: flags = A(tk) H(vy) D(od) S(sh) G(rd) R(eact) Y(aerial) L(ock)   gnd/cc: Y/n
  t-now    flags     step gnd cc anSp normT layW tr | posX     posZ     spd   | H    V    LMB MMB Q  Sp Sh C
  ------   --------  ---- --- -- ---- ----- ---- -- | -----    -----    ----  | ---- ---- --- --- -- -- -- -
  - 6.11s  ---S----    0  n   Y  1.00  0.50 1.00 -  |   488.0    448.0  7.43 |  1.0  0.0 0   0   0  0  1  0
  - 6.01s  ---S----    0  n   Y  1.00  0.61 1.00 -  |   488.7    447.9  7.42 |  1.0  0.0 0   0   0  0  1  0
  - 5.91s  ---S----    0  n   Y  1.00  0.73 1.00 -  |   489.5    447.7  6.77 |  1.0  0.0 0   0   0  0  1  0
  - 5.81s  ---S----    0  n   Y  1.00  0.84 1.00 -  |   490.1    447.6  5.52 |  1.0  0.0 0   0   0  0  1  0
  - 5.71s  ---S----    0  n   Y  1.00  0.95 1.00 -  |   490.5    447.5  3.68 |  1.0  0.0 0   0   0  0  1  0
  - 5.61s  ---S----    0  n   Y  1.00  1.06 1.00 -  |   490.8    447.5  1.23 |  1.0  0.0 0   0   0  0  1  0
  - 5.50s  --------    0  n   Y  1.00  1.17 1.00 T  |   490.8    447.5  0.00 |  1.0  0.0 0   0   0  0  1  0
  - 5.40s  --------    0  n   Y  1.00  0.17 1.00 -  |   490.8    447.5  0.00 |  1.0  0.0 0   0   0  0  1  0
  - 5.30s  --------    0  n   Y  1.00  0.27 1.00 -  |   490.8    447.5  0.00 |  1.0  0.0 0   0   0  0  1  0
  - 5.20s  --------    0  n   Y  1.00  0.37 1.00 -  |   490.8    447.5  0.00 |  1.0  0.0 0   0   0  0  1  0
  - 5.09s  --------    0  Y   Y  1.00  0.47 1.00 -  |   491.4    447.5  0.00 |  1.0  0.0 0   0   0  0  1  0
  - 4.99s  --------    0  Y   Y  1.00  0.58 1.00 -  |   492.1    447.4  0.00 |  1.0  0.0 0   0   0  0  1  0
  - 4.89s  --------    0  Y   Y  1.00  0.68 1.00 -  |   492.8    447.4  0.00 |  1.0  0.0 0   0   0  0  1  0
  - 4.78s  --------    0  Y   Y  1.00  0.78 1.00 -  |   493.1    447.4  0.00 |  0.0  0.0 0   0   0  0  0  0
  - 4.68s  --------    0  Y   Y  1.00  0.88 1.00 -  |   493.3    447.4  0.00 |  0.0  0.0 0   0   0  0  0  0
  - 4.58s  --------    0  Y   Y  1.00  0.99 1.00 -  |   493.5    447.4  0.00 |  0.0  0.0 0   0   0  0  0  0
  - 4.48s  --------    0  Y   Y  1.00  1.09 1.00 -  |   493.5    447.4  0.00 |  0.0  0.0 0   0   0  0  0  0
  - 4.38s  --------    0  Y   Y  1.00  1.19 1.00 -  |   493.5    447.4  0.00 |  0.0  0.0 0   0   0  0  0  0
  - 4.27s  --------    0  Y   Y  1.00  1.29 1.00 -  |   493.5    447.4  0.00 |  0.0  0.0 0   0   0  0  0  0
  - 4.17s  --------    0  Y   Y  1.00  1.39 1.00 -  |   493.5    447.4  0.00 |  0.0  0.0 0   0   0  0  0  0
  - 4.07s  --------    0  Y   Y  1.00  1.50 1.00 -  |   493.5    447.4  0.00 |  0.0  0.0 0   0   0  0  0  0
  - 3.96s  --------    0  n   Y  1.00  1.60 1.00 -  |   493.5    447.4  0.00 |  0.0  0.0 0   0   0  1  0  0
  - 3.86s  --------    0  n   Y  1.00  1.71 1.00 -  |   493.5    447.4  0.00 |  0.0  0.0 0   0   0  1  0  0
  - 3.76s  --------    0  n   Y  1.00  1.81 1.00 -  |   493.5    447.4  0.00 |  0.0  0.0 0   0   0  1  0  0
  - 3.66s  --------    0  n   Y  1.00  1.91 1.00 -  |   493.5    447.4  0.00 |  0.0  0.0 0   0   0  1  0  0
  - 3.55s  --------    0  n   Y  1.00  2.01 1.00 -  |   493.5    447.4  0.00 |  0.0  0.0 0   0   0  1  0  0
  - 3.45s  --------    0  n   Y  1.00  2.12 1.00 -  |   493.5    447.4  0.00 |  0.0  0.0 0   0   0  0  0  0
  - 3.34s  --------    0  n   Y  1.00  2.22 1.00 -  |   493.5    447.4  0.00 |  0.0  0.0 0   0   0  0  0  0
  - 3.24s  --------    0  n   Y  1.00  2.32 1.00 -  |   493.5    447.4  0.00 |  0.0  0.0 0   0   0  0  0  0
  - 3.14s  --------    0  n   Y  1.00  2.42 1.00 -  |   493.5    447.4  0.00 |  0.0  0.0 0   0   0  0  0  0
  - 3.04s  --------    0  Y   Y  1.00  2.53 1.00 -  |   493.5    447.4  0.00 |  0.0  0.0 0   0   0  0  0  0
  - 2.94s  --------    0  Y   Y  1.00  2.63 1.00 -  |   493.5    447.4  0.00 |  0.0  0.0 0   0   0  0  0  0
  - 2.84s  --------    0  Y   Y  1.00  2.73 1.00 -  |   493.5    447.4  0.00 |  0.0  0.0 0   0   0  0  0  0
  - 2.74s  --------    0  Y   Y  1.00  2.83 1.00 -  |   493.5    447.4  0.00 |  0.0  0.0 0   0   0  0  0  0
  - 2.64s  --------    0  n   Y  1.00  2.93 1.00 -  |   493.5    447.4  0.00 |  0.0  0.0 0   0   0  1  0  0
  - 2.54s  --------    0  n   Y  1.00  3.03 1.00 -  |   493.5    447.4  0.00 |  0.0  0.0 0   0   0  0  0  0
  - 2.43s  --------    0  n   Y  1.00  3.13 1.00 -  |   493.5    447.4  0.00 |  0.0  0.0 0   0   0  0  0  0
  - 2.33s  ---S----    0  n   Y  1.00  0.04 1.00 -  |   493.5    447.4  0.84 |  0.0  0.0 0   1   0  0  0  0
  - 2.22s  ---S----    0  n   Y  1.00  0.14 1.00 -  |   493.5    447.6  2.92 |  0.0  0.0 0   0   0  0  0  0
  - 2.12s  ---S----    0  n   Y  1.00  0.24 1.00 -  |   493.5    448.0  4.40 |  0.0  0.0 0   0   0  0  0  0
  - 2.02s  ---S----    0  n   Y  1.00  0.35 1.00 -  |   493.6    448.5  5.44 |  0.0  0.0 0   0   0  0  0  0
  - 1.91s  ---S----    0  n   Y  1.00  0.45 1.00 -  |   493.6    449.1  5.94 |  0.0  0.0 0   0   0  0  0  0
  - 1.81s  ---S----    0  n   Y  1.00  0.55 1.00 -  |   493.6    449.7  5.94 |  0.0  0.0 0   0   0  0  0  0
  - 1.71s  ---S----    0  n   Y  1.00  0.66 1.00 -  |   493.6    450.3  5.41 |  0.0  0.0 0   0   0  0  0  0
  - 1.60s  ---S----    0  n   Y  1.00  0.76 1.00 -  |   493.6    450.8  4.36 |  0.0  0.0 0   0   0  0  0  0
  - 1.50s  ---S----    0  n   Y  1.00  0.87 1.00 -  |   493.7    451.2  2.77 |  0.0  0.0 0   0   0  0  0  0
  - 1.40s  ---S----    0  n   Y  1.00  0.97 1.00 -  |   493.7    451.4  0.78 |  0.0  0.0 0   0   0  0  0  0
  - 1.29s  --------    0  n   Y  1.00  1.07 1.00 T  |   493.7    451.4  0.00 |  0.0  0.0 0   0   0  0  0  0
  - 1.19s  --------    0  n   Y  1.00  1.17 1.00 T  |   493.7    451.4  0.00 |  0.0  0.0 0   0   0  0  0  0
  - 1.09s  --------    0  n   Y  1.00  0.27 1.00 -  |   493.7    451.4  0.00 |  0.0  0.0 0   0   0  0  0  0
  - 0.99s  --------    0  n   Y  1.00  0.38 1.00 -  |   493.7    451.4  0.00 |  0.0  0.0 0   0   0  0  0  0
  - 0.88s  --------    0  Y   Y  1.00  0.48 1.00 -  |   493.7    451.4  0.00 |  0.0  0.0 0   0   0  0  0  0
  - 0.78s  --------    0  Y   Y  1.00  0.58 1.00 -  |   493.7    451.4  0.00 |  0.0  0.0 0   0   0  0  0  0
  - 0.68s  --------    0  Y   Y  1.00  0.69 1.00 -  |   493.7    451.4  0.00 |  0.0  0.0 0   0   0  0  0  0
  - 0.57s  --------    0  Y   Y  1.00  0.79 1.00 -  |   493.7    451.4  0.00 |  0.0  0.0 0   0   0  0  0  0
  - 0.47s  --------    0  Y   Y  1.00  0.89 1.00 -  |   493.7    451.4  0.00 |  0.0  0.0 0   0   0  0  0  0
  - 0.37s  --------    0  Y   Y  1.00  0.99 1.00 -  |   493.7    451.4  0.00 |  1.0  0.0 0   0   0  0  0  0
  - 0.27s  --------    0  Y   Y  1.00  1.09 1.00 -  |   493.9    451.4  0.00 |  1.0  0.0 0   0   0  0  0  0
  - 0.17s  --------    0  Y   Y  1.00  1.19 1.00 -  |   494.1    451.3  0.00 |  1.0  0.0 0   0   0  0  0  0
  - 0.07s  --------    0  Y   Y  1.00  1.30 1.00 -  |   494.3    451.3  0.00 |  1.0  0.0 0   0   0  0  0  0
=========================================================== END

[ 10301   53.157 x1.00] LOG  🚶 2-LEG JUMP
[ 10301   53.157 x1.00] LOG  🐾 Jump 1 VFX spawned!
[ 10385   53.537 x1.00] LOG  [Combat] Dash: DodgeDash_2Leg (4m, 20 dmg, 2leg)
[ 10385   53.537 x1.00] LOG  [AirPosePin] engaged, holding body at 1.671m above the transform
[ 10489   54.008 x1.00] LOG  [OniBoss:Layer] watch stance OFF, back to Idle (player 16.5m)
[ 10606   54.538 x1.00] LOG  [Combat] Dash ended
[ 10606   54.538 x1.00] LOG  [AirPosePin] released, peak correction was 1.109m
[ 10693   54.934 x1.00] LOG  💨 Landing VFX spawned!
[ 10693   54.934 x1.00] LOG  ✅ LANDED! (was jump #1)
[ 10748   55.199 x1.00] LOG  🚶 2-LEG JUMP
[ 10748   55.199 x1.00] LOG  🐾 Jump 1 VFX spawned!
[ 10817   55.551 x1.00] LOG  [Combat] Dash: DodgeDash_2Leg (4m, 20 dmg, 2leg)
[ 10817   55.551 x1.00] LOG  [AirPosePin] engaged, holding body at 1.417m above the transform
[ 11043   56.545 x1.00] LOG  [Combat] Dash ended
[ 11043   56.545 x1.00] LOG  [AirPosePin] released, peak correction was 0.856m
[ 11133   56.934 x1.00] LOG  💨 Landing VFX spawned!
[ 11133   56.934 x1.00] LOG  ✅ LANDED! (was jump #1)
[ 11384   57.984 x1.00] LOG  [StormWeather] terrain layers restored to dry values.
# end — 371 lines
