# Oni combat log — 2026-08-21 15:28:18
# Unity 6000.2.7f2 | scene 'CaveScene_Oni_Boss1' | platform OSXEditor
# columns: [frame realSeconds timeScale] KIND message      (KIND: LOG WARN ERR EXC TEL)
#
[     0    0.000 x1.00] LOG  [OniLog] console + telemetry → /Users/asenahazal/Documents/Yoru/OniLogs/oni_2026-08-21_15-28-18.log
[     1    0.000 x1.00] LOG  [TailAirShot4Leg] Ready. drawState=shoot_4Leg castParam=Shoot4LegSpeed (found) readyFrame=5 fireFrame=10 frames=24 slowBudget=3s real damageMultiplier=2.00
  arrow leaves: PlayerYoru_1.1/Cat_All_10_Tails_v4/Group/DeformationSystem/root/Root_M/Tail15_R/Tail151_R/Tail152_R/Tail153_R/Tail154_R/Tail155_R/Tail156_R/Tail157_R/Tail158_R/Tail159_R/Tail1510_R/Tail1511_R/Tail1512_R/Tail6_R/Tail6_R_end/Tail6_R_end_end/Tail6_R_end_end_end/RightTailTip_Anchor
  aim VFX left:  PlayerYoru_1.1/Cat_All_10_Tails_v4/Group/DeformationSystem/root/Root_M/Tail15_L/Tail151_L/Tail152_L/Tail153_L/Tail154_L/Tail155_L/Tail156_L/Tail157_L/Tail158_L/Tail159_L/Tail1510_L/Tail1511_L/Tail1512_L/Tail6_L/Tail6_L_end/Tail6_L_end_end/Tail6_L_end_end_end/LeftTailTip_Anchor/Glow_4Leg_L
  aim VFX right: PlayerYoru_1.1/Cat_All_10_Tails_v4/Group/DeformationSystem/root/Root_M/Tail15_R/Tail151_R/Tail152_R/Tail153_R/Tail154_R/Tail155_R/Tail156_R/Tail157_R/Tail158_R/Tail159_R/Tail1510_R/Tail1511_R/Tail1512_R/Tail6_R/Tail6_R_end/Tail6_R_end_end/Tail6_R_end_end_end/RightTailTip_Anchor/Glow_4Leg_R
[     1    0.000 x1.00] LOG  [TailAirShot] Ready. drawState=RightTail_Fast castParam=TailCastSpeed (found)
  arrow leaves: PlayerYoru_1.1/Cat_All_10_Tails_v4/Group/DeformationSystem/root/Root_M/Tail15_R/Tail151_R/Tail152_R/Tail153_R/Tail154_R/Tail155_R/Tail156_R/Tail157_R/Tail158_R/Tail159_R/Tail1510_R/Tail1511_R/Tail1512_R/Tail6_R/Tail6_R_end/Tail6_R_end_end/Tail6_R_end_end_end/RightTailTip_Anchor
  aim VFX: PlayerYoru_1.1/Cat_All_10_Tails_v4/Group/DeformationSystem/root/Root_M/Tail15_R/Tail151_R/Tail152_R/Tail153_R/Tail154_R/Tail155_R/Tail156_R/Tail157_R/Tail158_R/Tail159_R/Tail1510_R/Tail1511_R/Tail1512_R/Tail6_R/Tail6_R_end/Tail6_R_end_end/Tail6_R_end_end_end/RightTailTip_Anchor/vfx_Muzzle_Fireball01Blue
[     1    0.000 x1.00] LOG  [PlayerCombat] Phase 2 form gate CONNECTED (FormController found on this GameObject).
[     1    0.000 x1.00] LOG  [Combat] PlayerCombat initialized — Phase 3C v27
[     1    0.000 x1.00] LOG  [RingMesh] VFX Status:
[     1    0.000 x1.00] LOG    Left: Prefab=✓, Spawn=Tail6_L_end_end_end
[     1    0.000 x1.00] LOG    Right: Prefab=✓, Spawn=Tail6_R_end_end_end
[     1    0.000 x1.00] LOG  === VFX MANAGER INITIALIZED ===
[     1    0.000 x1.00] LOG  Auto-detect animations: False
[     1    0.000 x1.00] LOG  Parent effects to tail: True
[     1    0.000 x1.00] LOG  Prefabs: Jump=True, Land=True, LTail=True, RTail=True
[     1    0.000 x1.00] LOG  ✅ Left Tail Tip: LeftTailVFX
[     1    0.000 x1.00] LOG  ✅ Right Tail Tip: RightTailTip_Anchor
[     1    0.000 x1.00] LOG  [StormWeather] layer 'TerrainLayer_Dirt_01' dry smoothness=0.00 (restore to this if a crash ever leaves it wet)
[     1    0.000 x1.00] LOG  [StormWeather] Ready. Rain on, floor drying... wait, soaking.
[     1    0.000 x1.00] LOG  [FreezeDebug v3] Armed. Manual=L. Auto=True. Buffer=60 snaps @ 0.1s = 6.0s history.
[     1    0.000 x1.00] LOG  [BossBar] BossHealthBarUI initialized
[     1    0.000 x1.00] LOG  OniBoss initialized with 500 HP
[     1    0.000 x1.00] LOG  [OniBoss] ANIMATOR SETUP: cullingMode=CullUpdateTransforms updateMode=Normal applyRootMotion=False speed=1
[     1    0.000 x1.00] LOG  [OniBoss] Initialized
[     1    0.000 x1.00] LOG  [OniBoss:Layer] facing: minFlat 1m, snapOnAttack off, trackInHitReact off
[     1    0.000 x1.00] LOG  [OniBoss:Layer] Yoru launch model ON: launches ALL THE WAY to an enemy within 4.7m of its surface at 10m/s (stop gap 0.00m, NO minimum distance), else steps 0.90m forward. Targeting cone left exactly as her prefab has it.
[     1    0.000 x1.00] LOG  [OniBoss:Layer] Yoru launch ROUND 9: airborne attacks launch too (ON), edge probe now runs on its OWN layer mask (Everything) instead of the line-of-sight mask - the Ground-only mask found no floor in this cave and was cancelling 100% of launches at 0.00m travelled.
[     1    0.000 x1.00] LOG  [OniBoss:Layer] animator speed x1.35 — his 1.13s swing now plays in 0.84s.
[     1    0.000 x1.00] LOG  [OniBoss:Layer] chase speed pushed: phase1 4.5, phase2 5.5 (Yoru runs at 7).
[     1    0.000 x1.00] LOG  [OniBoss:Layer] swing wave ON: 8 dmg out to 5.5m in a 120deg arc, only when the club itself missed. VFX NOT SET — damage only. PlayerHealth found.
[     1    0.000 x1.00] LOG  [OniBoss:Layer] strike contact measurement ON — tracking 'Kanabo3' at depth 4.
[     1    0.000 x1.00] LOG  [OniBoss:Layer] skinned meshes: 46 renderer(s), updateWhenOffscreen ON, body renderer 'Body' rootBone 'Hips'
[     1    0.000 x1.00] LOG  [OniBoss:Layer] charge travel bone: 'Hips' at depth 1 under 'OniBoss', rest local (0.00, 3.24, -0.24)
[     1    0.000 x1.00] LOG  [OniBoss:Layer] charge drive ON (windup to 0.40 at x1.3, rush 14m/s stops at 2.6m, steers 0.35s then commits, strike section from 0.58, strike moment 0.76, trail VFX off)
[     1    0.000 x1.00] LOG  [OniBoss:Layer] attack armor ON (his swings are not interrupted by light/medium hits; heavy hits and rapid-hit bursts still stop him)
[     1    0.000 x1.00] LOG  [OniBoss:Layer] strike moments overridden: Club_Swing=0.85 ClubSwing2=0.32 ClubSlam=0.52 KanaboSweep=0.48
[     1    0.000 x1.00] LOG  [OniBoss:Layer] hold-ground ON (backstep 1.5m @ 1.6m/s after own attacks, watch 'Watch', attack facing LOCKED)
[     1    0.000 x1.00] LOG  [OniBoss:Layer] OniBoss layer ready (reactions, wake-on-hit, watch stance, boss bar). player=found
[     1    0.000 x1.00] LOG  [OniBoss:Layer] charge clip 'Oni Charge.fbx' imports with Root Motion Node = None (in place) — good.
[     1    0.000 x1.00] LOG  [OniBoss:Layer] clips importing with Root Transform Position (Y) NOT baked into pose (12): Oni_Alert(Oni Alert), Club_Slam(Oni Club Slam), Club_Swing(Oni Club Swing), Club_swing2(Oni Club Swing 2), Death(Oni Death Kneel), Hit_react_light(Oni Hit react lighter light), KanaboSweep(Oni Kanabo sweep), Phase_Transition(Oni Phase transition), run(Oni Run), Walk(Oni Walk), Watch(Oni Watch), Idle(Oni Idle) — their hips' up/down motion is stripped (see round notes; optional).
[     1    0.000 x1.00] LOG  [VolumetricFogController] Found VolumetricFog component on mainCamera (1)
[     1    0.000 x1.00] LOG  [VolumetricFogController] Reflection init: density=True, height=True, baselineHeight=True, alpha=True, noiseStrength=True, lightScatteringExposure=True
[     1    0.000 x1.00] LOG  [VolumetricFogController] Initialized with Neutral preset (height=60, baselineHeight=0)
[     1    0.000 x1.00] WARN [VolumetricFogController] WorldStateManager not found!
[     1    0.000 x1.00] LOG  [CameraGameFeel] CameraGameFeel initialized (shake + FOV)
[     1    2.543 x1.00] LOG  [OniBoss] Playing animation: Idle
[    15    3.307 x1.00] LOG  💨 Landing VFX spawned!
[    15    3.307 x1.00] LOG  ✅ LANDED! (was jump #0)
[   831   16.546 x1.00] LOG  
==================== [FREEZE-DEBUG v3] ====================
  Reason : WASD-NOMOVE: WASD recent + speed 0.00m/s for 0.41s
  Time   : 13.535s   Frame: 831   Snaps: 60
===========================================================

--- CURRENT STATE ---
  Flags: atk=False hvy=False dod=False dsh=False
         grd=False hit=False aerial=False lockPos=False
         comboStep=0
  Anim : speed=1.00  combatLayer hash=-792875657 normT=13.515 weight=1.00 inTransition=False
  CC   : grounded=True  enabled=True  pos=(474.50, 0.61, 429.09)  vel=(0.00, -1.59, 0.00)
  Move : IsRunning=True
  Input: H=0.00 V=1.00  LMB=False MMB=False Q=False Sp=False Sh=True C=False
         WASD pressed in last 0.5s: True (last 0.00s ago)

--- FLIGHT RECORDER (60 snapshots, oldest first, dt=0.10s) ---
  Legend: flags = A(tk) H(vy) D(od) S(sh) G(rd) R(eact) Y(aerial) L(ock)   gnd/cc: Y/n
  t-now    flags     step gnd cc anSp normT layW tr | posX     posZ     spd   | H    V    LMB MMB Q  Sp Sh C
  ------   --------  ---- --- -- ---- ----- ---- -- | -----    -----    ----  | ---- ---- --- --- -- -- -- -
  - 6.63s  --------    0  Y   Y  1.00  6.88 1.00 -  |   474.5    427.2  0.00 |  0.0  0.0 0   0   0  0  0  0
  - 6.53s  --------    0  Y   Y  1.00  6.99 1.00 -  |   474.5    427.2  0.00 |  0.0  0.0 0   0   0  0  0  0
  - 6.42s  --------    0  Y   Y  1.00  7.10 1.00 -  |   474.5    427.2  0.00 |  0.0  0.0 0   0   0  0  0  0
  - 6.31s  --------    0  Y   Y  1.00  7.20 1.00 -  |   474.5    427.2  0.00 |  0.0  0.0 0   0   0  0  0  0
  - 6.19s  --------    0  Y   Y  1.00  7.32 1.00 -  |   474.5    427.2  0.00 |  0.0  0.0 0   0   0  0  0  0
  - 6.08s  --------    0  Y   Y  1.00  7.44 1.00 -  |   474.5    427.2  0.00 |  0.0  0.0 0   0   0  0  0  0
  - 5.97s  --------    0  Y   Y  1.00  7.55 1.00 -  |   474.5    427.2  0.00 |  0.0  0.0 0   0   0  0  0  0
  - 5.86s  --------    0  Y   Y  1.00  7.66 1.00 -  |   474.5    427.2  0.00 |  0.0  0.0 0   0   0  0  0  0
  - 5.75s  --------    0  Y   Y  1.00  7.77 1.00 -  |   474.5    427.2  0.00 |  0.0  0.0 0   0   0  0  0  0
  - 5.64s  --------    0  Y   Y  1.00  7.88 1.00 -  |   474.5    427.2  0.00 |  0.0  0.0 0   0   0  0  0  0
  - 5.54s  --------    0  Y   Y  1.00  7.98 1.00 -  |   474.5    427.2  0.00 |  0.0  0.0 0   0   0  0  0  0
  - 5.43s  --------    0  Y   Y  1.00  8.09 1.00 -  |   474.5    427.2  0.00 |  0.0  0.0 0   0   0  0  0  0
  - 5.32s  --------    0  Y   Y  1.00  8.20 1.00 -  |   474.5    427.2  0.00 |  0.0  0.0 0   0   0  0  0  0
  - 5.21s  --------    0  Y   Y  1.00  8.30 1.00 -  |   474.5    427.2  0.00 |  0.0  0.0 0   0   0  0  0  0
  - 5.11s  --------    0  Y   Y  1.00  8.41 1.00 -  |   474.5    427.2  0.00 |  0.0  0.0 0   0   0  0  0  0
  - 5.00s  --------    0  Y   Y  1.00  8.52 1.00 -  |   474.5    427.2  0.00 |  0.0  0.0 0   0   0  0  0  0
  - 4.90s  --------    0  Y   Y  1.00  8.62 1.00 -  |   474.5    427.2  0.00 |  0.0  0.0 0   0   0  0  0  0
  - 4.79s  --------    0  Y   Y  1.00  8.73 1.00 -  |   474.5    427.2  0.00 |  0.0  0.0 0   0   0  0  0  0
  - 4.68s  --------    0  Y   Y  1.00  8.84 1.00 -  |   474.5    427.2  0.00 |  0.0  0.0 0   0   0  0  0  0
  - 4.58s  --------    0  Y   Y  1.00  8.94 1.00 -  |   474.5    427.2  0.00 |  0.0  0.0 0   0   0  0  0  0
  - 4.47s  --------    0  Y   Y  1.00  9.05 1.00 -  |   474.5    427.2  0.00 |  0.0  0.0 0   0   0  0  0  0
  - 4.36s  --------    0  Y   Y  1.00  9.16 1.00 -  |   474.5    427.2  0.00 |  0.0  0.0 0   0   0  0  0  0
  - 4.24s  --------    0  Y   Y  1.00  9.28 1.00 -  |   474.5    427.2  0.00 |  0.0  0.0 0   0   0  0  0  0
  - 4.13s  --------    0  Y   Y  1.00  9.39 1.00 -  |   474.5    427.2  0.00 |  0.0  0.0 0   0   0  0  0  0
  - 4.02s  --------    0  Y   Y  1.00  9.50 1.00 -  |   474.5    427.2  0.00 |  0.0  0.0 0   0   0  0  0  0
  - 3.92s  --------    0  Y   Y  1.00  9.60 1.00 -  |   474.5    427.2  0.00 |  0.0  0.0 0   0   0  0  0  0
  - 3.81s  --------    0  Y   Y  1.00  9.71 1.00 -  |   474.5    427.2  0.00 |  0.0  0.0 0   0   0  0  0  0
  - 3.70s  --------    0  Y   Y  1.00  9.82 1.00 -  |   474.5    427.2  0.00 |  0.0  0.0 0   0   0  0  0  0
  - 3.59s  --------    0  Y   Y  1.00  9.93 1.00 -  |   474.5    427.2  0.00 |  0.0  0.0 0   0   0  0  0  0
  - 3.48s  --------    0  Y   Y  1.00 10.04 1.00 -  |   474.5    427.2  0.00 |  0.0  0.0 0   0   0  0  0  0
  - 3.37s  --------    0  Y   Y  1.00 10.15 1.00 -  |   474.5    427.2  0.00 |  0.0  0.0 0   0   0  0  0  0
  - 3.25s  --------    0  Y   Y  1.00 10.26 1.00 -  |   474.5    427.2  0.00 |  0.0  0.0 0   0   0  0  0  0
  - 3.15s  --------    0  Y   Y  1.00 10.36 1.00 -  |   474.5    427.2  0.00 |  0.0  0.0 0   0   0  0  0  0
  - 3.04s  --------    0  Y   Y  1.00 10.48 1.00 -  |   474.5    427.2  0.00 |  0.0  0.0 0   0   0  0  0  0
  - 2.93s  --------    0  Y   Y  1.00 10.59 1.00 -  |   474.5    427.2  0.00 |  0.0  0.0 0   0   0  0  0  0
  - 2.82s  --------    0  Y   Y  1.00 10.70 1.00 -  |   474.5    427.2  0.00 |  0.0  0.0 0   0   0  0  0  0
  - 2.70s  --------    0  Y   Y  1.00 10.81 1.00 -  |   474.5    427.2  0.00 |  0.0  0.0 0   0   0  0  0  0
  - 2.60s  --------    0  Y   Y  1.00 10.92 1.00 -  |   474.5    427.2  0.00 |  0.0  0.0 0   0   0  0  0  0
  - 2.49s  --------    0  Y   Y  1.00 11.03 1.00 -  |   474.5    427.2  0.00 |  0.0  0.0 0   0   0  0  0  0
  - 2.38s  --------    0  Y   Y  1.00 11.14 1.00 -  |   474.5    427.2  0.00 |  0.0  0.0 0   0   0  0  0  0
  - 2.26s  --------    0  Y   Y  1.00 11.25 1.00 -  |   474.5    427.2  0.00 |  0.0  0.0 0   0   0  0  0  0
  - 2.15s  --------    0  Y   Y  1.00 11.37 1.00 -  |   474.5    427.2  0.00 |  0.0  0.0 0   0   0  0  0  0
  - 2.03s  --------    0  Y   Y  1.00 11.48 1.00 -  |   474.5    427.2  0.00 |  0.0  0.0 0   0   0  0  0  0
  - 1.92s  --------    0  Y   Y  1.00 11.60 1.00 -  |   474.5    427.2  0.00 |  0.0  0.0 0   0   0  0  0  0
  - 1.81s  --------    0  Y   Y  1.00 11.71 1.00 -  |   474.5    427.2  0.00 |  0.0  0.0 0   0   0  0  0  0
  - 1.70s  --------    0  Y   Y  1.00 11.81 1.00 -  |   474.5    427.2  0.00 |  0.0  0.0 0   0   0  0  0  0
  - 1.59s  --------    0  Y   Y  1.00 11.93 1.00 -  |   474.5    427.2  0.00 |  0.0  0.0 0   0   0  0  0  0
  - 1.48s  --------    0  Y   Y  1.00 12.04 1.00 -  |   474.5    427.2  0.00 |  0.0  0.0 0   0   0  0  0  0
  - 1.36s  --------    0  Y   Y  1.00 12.15 1.00 -  |   474.5    427.2  0.00 |  0.0  0.0 0   0   0  0  0  0
  - 1.25s  --------    0  Y   Y  1.00 12.26 1.00 -  |   474.5    427.2  0.00 |  0.0  0.0 0   0   0  0  0  0
  - 1.14s  --------    0  Y   Y  1.00 12.38 1.00 -  |   474.5    427.2  0.00 |  0.0  0.0 0   0   0  0  0  0
  - 1.03s  --------    0  Y   Y  1.00 12.49 1.00 -  |   474.5    427.2  0.00 |  0.0  0.0 0   0   0  0  0  0
  - 0.93s  --------    0  Y   Y  1.00 12.59 1.00 -  |   474.5    427.2  0.00 |  0.0  0.0 0   0   0  0  0  0
  - 0.81s  --------    0  Y   Y  1.00 12.70 1.00 -  |   474.5    427.2  0.00 |  0.0  0.0 0   0   0  0  0  0
  - 0.70s  --------    0  Y   Y  1.00 12.82 1.00 -  |   474.5    427.2  0.00 |  0.0  0.0 0   0   0  0  0  0
  - 0.49s  --------    0  Y   Y  1.00 12.86 1.00 -  |   474.5    427.2  0.00 |  0.0  0.0 0   0   0  0  0  0
  - 0.38s  --------    0  Y   Y  1.00 13.14 1.00 -  |   474.5    427.2  0.00 |  0.0  1.0 0   0   0  0  0  0
  - 0.28s  --------    0  Y   Y  1.00 13.24 1.00 -  |   474.5    427.4  0.00 |  0.0  1.0 0   0   0  0  0  0
  - 0.16s  --------    0  Y   Y  1.00 13.35 1.00 -  |   474.5    428.0  0.00 |  0.0  1.0 0   0   0  0  1  0
  - 0.06s  --------    0  Y   Y  1.00 13.45 1.00 -  |   474.5    428.7  0.00 |  0.0  1.0 0   0   0  0  1  0
=========================================================== END

[   889   17.668 x1.00] LOG  🐾 4-LEG JUMP #0
[   889   17.668 x1.00] LOG  🐾 Jump 1 VFX spawned!
[   912   18.112 x0.10] LOG  [TailAirShot4Leg] ENTER 4 leg, slow on for up to 3s real, waiting for the fire button, drawState=shoot_4Leg | y=1.87 ts=0.10 fdt=0.0020
[   912   18.112 x0.10] LOG  [TailAirShot] entry refused: this airtime is not a 2 leg jump | y=1.87 ts=0.10 fdt=0.0020
[   912   18.112 x0.10] LOG  [AirPosePin] engaged, holding body at 1.915m above the transform
[   916   18.187 x0.10] LOG  [TailAirShot4Leg] DRAW started | y=1.89 ts=0.10 fdt=0.0020
[   927   18.385 x0.10] LOG  [TailAirShot4Leg] READY, frozen on frame 5 | y=1.90 ts=0.10 fdt=0.0020
[   961   18.979 x0.10] LOG  [TailAirShot4Leg] SHOT released (released from ready pose) | y=1.90 ts=0.10 fdt=0.0020
[   964   19.038 x1.00] LOG  [TailAirShot4Leg] FINISHER (R released mid motion), motion completes and fires | y=1.90 ts=1.00 fdt=0.0200
[   972   19.179 x1.00] LOG  [TailAirShot4Leg] FIRE, arrow away, dir=(0.39, -0.07, 0.92) damage=40 (20 x 2.00) | y=1.53 ts=1.00 fdt=0.0200
[   985   19.428 x1.00] LOG  💨 Landing VFX spawned!
[   985   19.428 x1.00] LOG  ✅ LANDED! (was jump #1)
[   985   19.428 x1.00] LOG  [AirPosePin] released, peak correction was 1.129m
[   995   19.628 x1.00] LOG  [TailAirShot4Leg] finisher done, fully idle | y=-0.02 ts=1.00 fdt=0.0200
[  1007   19.869 x1.00] LOG  OniBoss took 40 damage. HP: 460/500
[  1007   19.869 x1.00] LOG  [OniBoss] LostSoul → Stagger
[  1007   19.869 x1.00] LOG  [OniBoss] Playing animation: Stagger
[  1007   19.869 x1.00] LOG  [OniBoss] STAGGERED for 2.5s
[  1007   19.869 x1.00] LOG  [OniBoss:Layer] heavy knock-back react (40 dmg) → 'HitReact_Heavy', down for 1.80s
[  1008   19.892 x1.00] LOG  [BossBar] Showing bar for: Oni (460/500)
[  1008   19.892 x1.00] LOG  [OniBoss:Layer] boss bar shown
[  1089   21.487 x1.00] LOG  
==================== [FREEZE-DEBUG v3] ====================
  Reason : WASD-NOMOVE: WASD recent + speed 0.00m/s for 0.42s
  Time   : 17.641s   Frame: 1089   Snaps: 60
===========================================================

--- CURRENT STATE ---
  Flags: atk=False hvy=False dod=False dsh=False
         grd=False hit=False aerial=False lockPos=False
         comboStep=0
  Anim : speed=1.00  combatLayer hash=-792875657 normT=1.837 weight=1.00 inTransition=False
  CC   : grounded=True  enabled=True  pos=(473.40, -0.02, 441.72)  vel=(0.00, 0.00, 0.00)
  Move : IsRunning=True
  Input: H=-1.00 V=0.00  LMB=False MMB=False Q=False Sp=False Sh=True C=False
         WASD pressed in last 0.5s: True (last 0.00s ago)

--- FLIGHT RECORDER (60 snapshots, oldest first, dt=0.10s) ---
  Legend: flags = A(tk) H(vy) D(od) S(sh) G(rd) R(eact) Y(aerial) L(ock)   gnd/cc: Y/n
  t-now    flags     step gnd cc anSp normT layW tr | posX     posZ     spd   | H    V    LMB MMB Q  Sp Sh C
  ------   --------  ---- --- -- ---- ----- ---- -- | -----    -----    ----  | ---- ---- --- --- -- -- -- -
  - 6.70s  --------    0  Y   Y  1.00 10.92 1.00 -  |   474.5    427.2  0.00 |  0.0  0.0 0   0   0  0  0  0
  - 6.60s  --------    0  Y   Y  1.00 11.03 1.00 -  |   474.5    427.2  0.00 |  0.0  0.0 0   0   0  0  0  0
  - 6.48s  --------    0  Y   Y  1.00 11.14 1.00 -  |   474.5    427.2  0.00 |  0.0  0.0 0   0   0  0  0  0
  - 6.37s  --------    0  Y   Y  1.00 11.25 1.00 -  |   474.5    427.2  0.00 |  0.0  0.0 0   0   0  0  0  0
  - 6.25s  --------    0  Y   Y  1.00 11.37 1.00 -  |   474.5    427.2  0.00 |  0.0  0.0 0   0   0  0  0  0
  - 6.14s  --------    0  Y   Y  1.00 11.48 1.00 -  |   474.5    427.2  0.00 |  0.0  0.0 0   0   0  0  0  0
  - 6.03s  --------    0  Y   Y  1.00 11.60 1.00 -  |   474.5    427.2  0.00 |  0.0  0.0 0   0   0  0  0  0
  - 5.92s  --------    0  Y   Y  1.00 11.71 1.00 -  |   474.5    427.2  0.00 |  0.0  0.0 0   0   0  0  0  0
  - 5.81s  --------    0  Y   Y  1.00 11.81 1.00 -  |   474.5    427.2  0.00 |  0.0  0.0 0   0   0  0  0  0
  - 5.69s  --------    0  Y   Y  1.00 11.93 1.00 -  |   474.5    427.2  0.00 |  0.0  0.0 0   0   0  0  0  0
  - 5.59s  --------    0  Y   Y  1.00 12.04 1.00 -  |   474.5    427.2  0.00 |  0.0  0.0 0   0   0  0  0  0
  - 5.47s  --------    0  Y   Y  1.00 12.15 1.00 -  |   474.5    427.2  0.00 |  0.0  0.0 0   0   0  0  0  0
  - 5.36s  --------    0  Y   Y  1.00 12.26 1.00 -  |   474.5    427.2  0.00 |  0.0  0.0 0   0   0  0  0  0
  - 5.25s  --------    0  Y   Y  1.00 12.38 1.00 -  |   474.5    427.2  0.00 |  0.0  0.0 0   0   0  0  0  0
  - 5.13s  --------    0  Y   Y  1.00 12.49 1.00 -  |   474.5    427.2  0.00 |  0.0  0.0 0   0   0  0  0  0
  - 5.03s  --------    0  Y   Y  1.00 12.59 1.00 -  |   474.5    427.2  0.00 |  0.0  0.0 0   0   0  0  0  0
  - 4.92s  --------    0  Y   Y  1.00 12.70 1.00 -  |   474.5    427.2  0.00 |  0.0  0.0 0   0   0  0  0  0
  - 4.81s  --------    0  Y   Y  1.00 12.82 1.00 -  |   474.5    427.2  0.00 |  0.0  0.0 0   0   0  0  0  0
  - 4.60s  --------    0  Y   Y  1.00 12.86 1.00 -  |   474.5    427.2  0.00 |  0.0  0.0 0   0   0  0  0  0
  - 4.49s  --------    0  Y   Y  1.00 13.14 1.00 -  |   474.5    427.2  0.00 |  0.0  1.0 0   0   0  0  0  0
  - 4.38s  --------    0  Y   Y  1.00 13.24 1.00 -  |   474.5    427.4  0.00 |  0.0  1.0 0   0   0  0  0  0
  - 4.27s  --------    0  Y   Y  1.00 13.35 1.00 -  |   474.5    428.0  0.00 |  0.0  1.0 0   0   0  0  1  0
  - 4.17s  --------    0  Y   Y  1.00 13.45 1.00 -  |   474.5    428.7  0.00 |  0.0  1.0 0   0   0  0  1  0
  - 4.07s  --------    0  Y   Y  1.00 13.56 1.00 -  |   474.5    429.4  0.00 |  0.0  1.0 0   0   0  0  1  0
  - 3.95s  --------    0  Y   Y  1.00 13.67 1.00 -  |   474.5    430.2  0.00 |  0.0  1.0 0   0   0  0  1  0
  - 3.83s  --------    0  Y   Y  1.00 13.79 1.00 -  |   474.5    431.0  0.00 |  0.0  1.0 0   0   0  0  1  0
  - 3.71s  --------    0  Y   Y  1.00 13.91 1.00 -  |   474.5    431.9  0.00 |  0.0  1.0 0   0   0  0  1  0
  - 3.61s  --------    0  Y   Y  1.00 14.02 1.00 -  |   474.5    432.6  0.00 |  0.0  1.0 0   0   0  0  1  0
  - 3.50s  --------    0  Y   Y  1.00 14.12 1.00 -  |   474.5    433.4  0.00 |  0.0  1.0 0   0   0  0  1  0
  - 3.39s  --------    0  Y   Y  1.00 14.23 1.00 -  |   474.5    434.1  0.00 |  0.0  1.0 0   0   0  0  1  0
  - 3.29s  --------    0  Y   Y  1.00 14.33 1.00 -  |   474.5    434.8  0.00 |  0.0  1.0 0   0   0  0  1  0
  - 3.17s  --------    0  Y   Y  1.00 14.45 1.00 -  |   474.5    435.7  0.00 |  0.0  1.0 0   0   0  0  1  0
  - 3.06s  --------    0  Y   Y  1.00 14.57 1.00 -  |   474.5    436.5  0.00 |  0.0  1.0 0   0   0  0  1  0
  - 2.95s  --------    0  n   Y  1.00 14.68 1.00 -  |   474.5    437.2  0.00 |  0.0  1.0 0   0   0  1  1  0
  - 2.85s  --------    0  n   Y  1.00 14.77 1.00 -  |   474.5    437.6  0.00 |  0.0  1.0 0   0   0  1  1  0
  - 2.73s  --------    0  n   Y  1.00 14.89 1.00 -  |   474.5    438.1  0.00 |  0.0  1.0 0   0   0  0  1  0
  - 2.62s  --------    0  n   Y  1.00 15.01 1.00 -  |   474.5    438.7  0.00 |  0.0  1.0 0   0   0  0  1  0
  - 2.51s  --------    0  n   Y  1.00  0.23 1.00 -  |   474.5    439.2  0.00 |  0.0  1.0 0   0   0  0  1  0
  - 2.40s  --------    0  n   Y  1.00  0.32 1.00 -  |   474.6    439.6  0.00 |  0.0  1.0 0   0   0  0  1  0
  - 2.28s  --------    0  n   Y  1.00  0.45 1.00 -  |   474.8    440.1  0.00 |  0.0  0.0 0   0   0  0  0  0
  - 2.17s  --------    0  n   Y  1.00  0.60 1.00 -  |   475.0    440.6  0.00 |  0.0  0.0 0   0   0  0  0  0
  - 2.06s  --------    0  Y   Y  1.00  0.74 1.00 -  |   475.3    440.9  0.00 |  1.0  0.0 0   0   0  0  0  0
  - 1.94s  --------    0  Y   Y  1.00  0.89 1.00 -  |   475.5    440.8  0.00 |  1.0  0.0 0   0   0  0  0  0
  - 1.84s  --------    0  Y   Y  1.00  1.02 1.00 T  |   475.9    440.7  0.00 |  1.0  0.0 0   0   0  0  1  0
  - 1.72s  --------    0  Y   Y  1.00  0.12 1.00 -  |   476.6    440.4  0.00 |  1.0  0.0 0   0   0  0  1  0
  - 1.62s  --------    0  Y   Y  1.00  0.22 1.00 -  |   477.3    440.1  0.00 |  1.0  0.0 0   0   0  0  1  0
  - 1.50s  --------    0  Y   Y  1.00  0.34 1.00 -  |   478.1    439.8  0.00 |  1.0  0.0 0   0   0  0  1  0
  - 1.38s  --------    0  Y   Y  1.00  0.46 1.00 -  |   478.8    439.4  0.00 |  1.0  0.0 0   0   0  0  1  0
  - 1.27s  --------    0  Y   Y  1.00  0.57 1.00 -  |   479.6    439.1  0.00 |  0.0  0.0 0   0   0  0  1  0
  - 1.15s  --------    0  Y   Y  1.00  0.69 1.00 -  |   480.2    438.9  0.00 |  0.0  0.0 0   0   0  0  1  0
  - 1.04s  --------    0  Y   Y  1.00  0.80 1.00 -  |   480.1    438.9  0.00 | -1.0  0.0 0   0   0  0  1  0
  - 0.92s  --------    0  Y   Y  1.00  0.92 1.00 -  |   479.3    439.2  0.00 | -1.0  0.0 0   0   0  0  1  0
  - 0.80s  --------    0  Y   Y  1.00  1.04 1.00 -  |   478.6    439.6  0.00 | -1.0  0.0 0   0   0  0  1  0
  - 0.68s  --------    0  Y   Y  1.00  1.16 1.00 -  |   477.8    439.9  0.00 | -1.0  0.0 0   0   0  0  1  0
  - 0.58s  --------    0  Y   Y  1.00  1.26 1.00 -  |   477.1    440.2  0.00 | -1.0  0.0 0   0   0  0  1  0
  - 0.48s  --------    0  Y   Y  1.00  1.36 1.00 -  |   476.5    440.4  0.00 | -1.0  0.0 0   0   0  0  1  0
  - 0.38s  --------    0  Y   Y  1.00  1.46 1.00 -  |   475.9    440.7  0.00 | -1.0  0.0 0   0   0  0  1  0
  - 0.26s  --------    0  Y   Y  1.00  1.58 1.00 -  |   475.1    441.0  0.00 | -1.0  0.0 0   0   0  0  1  0
  - 0.14s  --------    0  Y   Y  1.00  1.70 1.00 -  |   474.3    441.3  0.00 | -1.0  0.0 0   0   0  0  1  0
  - 0.04s  --------    0  Y   Y  1.00  1.80 1.00 -  |   473.7    441.6  0.00 | -1.0  0.0 0   0   0  0  1  0
=========================================================== END

[  1099   21.687 x1.00] LOG  [OniBoss] Stagger → Chase
[  1100   21.707 x1.00] LOG  [OniBoss] Ranged combo started: Charge→Slam: (2 steps, dist 17.1m)
[  1100   21.707 x1.00] LOG  [OniBoss] Chase → Attack
[  1100   21.707 x1.00] LOG  [OniBoss] Attack: Oni_Charge (18 dmg)

[  1100   21.707 x1.00] TEL ────────── CHARGE ──────────
[  1100   21.707 x1.00] LOG  [OniBoss:Layer] charge begin: travel bone 'Hips' depth 1, local now (0.00, 3.24, -0.24) vs rest (0.00, 3.24, -0.24); pin ON; drive windup→rush→strike; engine Attack, AnimSpeed 1.30, clip at 0.00, dist 17.1m
[  1100   21.707 x1.00] TEL charge Windup n=0.00 spd=1.30 mult=1.00 st=Attack anim=h-1757638897/Charge drift=0.00 cut=0.00 meshOff=0.24m vis bounds+0.1m pos=(482.0,456.3) dist=17.1 vel=0.0
[  1105   21.807 x1.00] TEL charge Windup n=0.08 spd=1.30 mult=1.30 st=Attack anim=Charge/- drift=0.44 cut=0.44 meshOff=0.24m vis bounds+0.2m pos=(482.0,456.3) dist=17.1 vel=0.0
[  1110   21.907 x1.00] TEL charge Windup n=0.17 spd=1.30 mult=1.30 st=Attack anim=Charge/- drift=1.07 cut=1.07 meshOff=0.24m vis bounds+0.3m pos=(482.0,456.3) dist=17.2 vel=0.0
[  1115   22.000 x1.00] TEL charge Windup n=0.25 spd=1.30 mult=1.30 st=Attack anim=Charge/- drift=1.06 cut=1.06 meshOff=0.24m vis bounds+0.3m pos=(482.0,456.3) dist=17.2 vel=0.0
[  1120   22.087 x1.00] TEL charge Windup n=0.32 spd=1.30 mult=1.30 st=Attack anim=Charge/- drift=0.63 cut=0.63 meshOff=0.24m vis bounds+0.2m pos=(482.0,456.3) dist=17.1 vel=0.0
[  1125   22.179 x1.00] TEL charge Windup n=0.40 spd=1.30 mult=1.30 st=Attack anim=Charge/- drift=7.28 cut=7.28 meshOff=0.24m vis bounds+0.2m pos=(482.0,456.3) dist=17.1 vel=0.0
[  1126   22.198 x1.00] LOG  [OniBoss:Layer] charge RUSH: clip frozen at 0.41, 17.1m to go at 14m/s
[  1130   22.278 x1.00] TEL charge Rush   n=0.41 spd=0.00 mult=0.00 st=Attack anim=Charge/- drift=8.07 cut=8.07 meshOff=0.24m vis bounds+0.1m pos=(481.4,455.4) dist=15.9 vel=0.0
[  1135   22.371 x1.00] TEL charge Rush   n=0.41 spd=0.00 mult=0.00 st=Attack anim=Charge/- drift=8.07 cut=8.07 meshOff=0.24m vis bounds+0.1m pos=(480.7,454.3) dist=14.6 vel=0.0
[  1140   22.469 x1.00] TEL charge Rush   n=0.41 spd=0.00 mult=0.00 st=Attack anim=Charge/- drift=8.07 cut=8.07 meshOff=0.24m vis bounds+0.1m pos=(479.9,453.1) dist=13.3 vel=0.0
[  1145   22.568 x1.00] TEL charge Rush   n=0.41 spd=0.00 mult=0.00 st=Attack anim=Charge/- drift=8.07 cut=8.07 meshOff=0.24m vis bounds+0.1m pos=(479.1,452.0) dist=12.1 vel=0.0
[  1150   22.668 x1.00] TEL charge Rush   n=0.41 spd=0.00 mult=0.00 st=Attack anim=Charge/- drift=8.07 cut=8.07 meshOff=0.24m vis bounds+0.1m pos=(478.3,450.9) dist=10.9 vel=0.0
[  1155   22.768 x1.00] TEL charge Rush   n=0.41 spd=0.00 mult=0.00 st=Attack anim=Charge/- drift=8.07 cut=8.07 meshOff=0.24m vis bounds+0.1m pos=(477.4,449.8) dist=9.8 vel=0.0
[  1160   22.869 x1.00] TEL charge Rush   n=0.41 spd=0.00 mult=0.00 st=Attack anim=Charge/- drift=8.07 cut=8.07 meshOff=0.24m vis bounds+0.1m pos=(476.6,448.6) dist=8.7 vel=0.0
[  1165   22.968 x1.00] TEL charge Rush   n=0.41 spd=0.00 mult=0.00 st=Attack anim=Charge/- drift=8.07 cut=8.07 meshOff=0.24m vis bounds+0.1m pos=(475.8,447.5) dist=7.7 vel=0.0
[  1170   23.069 x1.00] TEL charge Rush   n=0.41 spd=0.00 mult=0.00 st=Attack anim=Charge/- drift=8.07 cut=8.07 meshOff=0.24m vis bounds+0.1m pos=(474.9,446.4) dist=6.9 vel=0.0
[  1175   23.162 x1.00] TEL charge Rush   n=0.41 spd=0.00 mult=0.00 st=Attack anim=Charge/- drift=8.07 cut=8.07 meshOff=0.24m vis bounds+0.1m pos=(474.1,445.4) dist=5.5 vel=0.0
[  1180   23.260 x1.00] TEL charge Rush   n=0.41 spd=0.00 mult=0.00 st=Attack anim=Charge/- drift=8.07 cut=8.07 meshOff=0.24m vis bounds+0.1m pos=(473.4,444.4) dist=4.0 vel=0.0
[  1181   23.279 x1.00] LOG  [OniBoss:Layer] charge STRIKE: arrived 2.6m from the lock point after 1.08s real — clip 0.41 → 0.58 (blend 0.10s), strike moment 0.76, Yoru 3.9m away
[  1185   23.358 x1.00] TEL charge Strike n=0.62 spd=1.00 mult=1.00 st=Attack anim=Charge/- drift=14.94 cut=14.94 meshOff=0.24m vis bounds+0.5m pos=(473.4,444.4) dist=3.5 vel=0.0
[  1190   23.449 x1.00] TEL charge Strike n=0.68 spd=1.00 mult=1.00 st=Attack anim=Charge/- drift=15.96 cut=15.96 meshOff=0.24m vis bounds+0.6m pos=(473.4,444.4) dist=3.2 vel=0.0
[  1195   23.548 x1.00] TEL charge Strike n=0.74 spd=1.00 mult=1.00 st=Attack anim=Charge/- drift=16.68 cut=16.68 meshOff=0.24m vis bounds+0.7m pos=(473.4,444.4) dist=2.8 vel=0.0
[  1198   23.608 x1.00] LOG  [CameraGameFeel] Shake: intensity=0.45 duration=0.350s
[  1198   23.608 x1.00] LOG  [Combat] Hit react: HitReact_Running_4Leg (2.5s)
[  1198   23.608 x1.00] LOG  [CameraGameFeel] Shake: intensity=0.28 duration=0.150s
[  1198   23.608 x1.00] LOG  [CameraGameFeel] FOV punch: player damage (-3.0°)
[  1198   23.608 x1.00] LOG  [OniBoss] Hit player for 18 (Oni_Charge)
[  1198   23.608 x1.00] LOG  [AirPosePin] engaged, holding body at 0.764m above the transform
[  1200   23.649 x1.00] TEL charge Strike n=0.81 spd=1.00 mult=1.00 st=Attack anim=Charge/- drift=17.25 cut=17.25 meshOff=0.24m vis bounds+0.5m pos=(473.4,444.4) dist=2.3 vel=0.0
[  1205   23.748 x1.00] TEL charge Strike n=0.87 spd=1.00 mult=1.00 st=Attack anim=Charge/- drift=17.70 cut=17.70 meshOff=0.24m vis bounds+0.2m pos=(473.4,444.4) dist=2.1 vel=0.0
[  1206   23.768 x1.00] LOG  [AirPosePin] released, peak correction was 0.056m
[  1210   23.836 x1.00] TEL charge Strike n=0.93 spd=1.00 mult=1.00 st=Attack anim=Charge/- drift=17.96 cut=17.96 meshOff=0.24m vis bounds+0.2m pos=(473.4,444.4) dist=2.1 vel=0.0
[  1216   23.935 x1.00] TEL charge Strike n=0.99 spd=1.00 mult=1.00 st=Attack anim=Charge/- drift=18.07 cut=18.07 meshOff=0.24m vis bounds+0.1m pos=(473.4,444.4) dist=2.1 vel=0.0
[  1217   23.950 x1.00] LOG  [OniBoss] Attack → Recovery
[  1217   23.950 x1.00] LOG  [OniBoss] Playing animation: Watch
[  1217   23.950 x1.00] LOG  [OniBoss:Layer] charge complete: engine left Attack (now Recovery) during Strike
[  1221   24.019 x1.00] TEL charge None   n=1.05 spd=1.00 mult=1.00 st=Recovery anim=Charge/h-1849006814 drift=9.93 cut=9.93 meshOff=0.24m vis bounds+0.1m pos=(473.4,444.4) dist=2.1 vel=0.0
[  1226   24.107 x1.00] LOG  [OniBoss] Recovery → Attack
[  1226   24.107 x1.00] LOG  [OniBoss] Attack: ClubSlam (20 dmg)
[  1226   24.107 x1.00] LOG  [OniBoss:Trail] ClubSlam trail START at clip 1.00 (transition still blending).
[  1226   24.107 x1.00] TEL charge None   n=1.12 spd=2.00 mult=2.00 st=Attack anim=Charge/h283984468 drift=2.60 cut=2.60 meshOff=0.24m vis bounds+0.1m pos=(473.4,444.4) dist=2.3 vel=0.0
[  1231   24.209 x1.00] LOG  [OniBoss:Layer] charge end (clip left the animator) after 2.50s real: pin measured 131 frames, cancelled on 130, max raw drift 18.07m, max cancelled 18.07m — travel WAS baked in, pin held it
[  1235   24.288 x1.00] LOG  [OniBoss:Layer] step-in: 'ClubSlam' closed 0.09m, Yoru now 3.0m away (range 3.5)
[  1252   24.628 x1.00] LOG  [CameraGameFeel] Shake: intensity=0.50 duration=0.400s
[  1252   24.628 x1.00] LOG  [OniBoss] Attack missed, player out of range (4.3m > 3.5m)
[  1252   24.628 x1.00] LOG  [OniBoss:ClubPos] ClubSlam at strike: club tip 0.16m up, 3.59m in front, 0.33m to his right (3.60m out from his centre). Club faces 19deg from his forward, pitch -0.07. Effect currently spawns at 1.20m up / 1.50m front => off by -1.04m up, 2.09m front.
[  1252   24.628 x1.00] LOG  [OniBoss:Layer] swing wave launched at 12m/s for up to 5.5m — carrying 8 damage.
[  1275   25.053 x1.00] LOG  [OniBoss] Attack → Recovery
[  1275   25.053 x1.00] LOG  [OniBoss] Playing animation: Watch
[  1275   25.053 x1.00] LOG  [OniBoss:Trail] trail END at clip 1.00, fading over 0.40s.
[  1275   25.053 x1.00] LOG  [OniBoss:Strike] ClubSlam: club tip closest to Yoru at 2.43m, clip position 0.50 | damage fires at 0.52 | clip 0.93s => MATCHED (within one or two frames)
[  1283   25.210 x1.00] LOG  [OniBoss] Recovery → Chase
[  1284   25.229 x1.00] LOG  [OniBoss] Playing animation: run
[  1297   25.488 x1.00] LOG  [OniBoss] hold-ground: BACKSTEP 1.5m (player 3.5m)
[  1302   25.589 x1.00] LOG  
==================== [FREEZE-DEBUG v3] ====================
  Reason : WASD-NOMOVE: WASD recent + speed 0.00m/s for 0.42s
  Time   : 21.743s   Frame: 1302   Snaps: 60
===========================================================

--- CURRENT STATE ---
  Flags: atk=False hvy=False dod=False dsh=False
         grd=False hit=False aerial=False lockPos=False
         comboStep=0
  Anim : speed=1.00  combatLayer hash=-792875657 normT=1.565 weight=1.00 inTransition=False
  CC   : grounded=True  enabled=True  pos=(469.31, 0.00, 443.74)  vel=(0.00, 0.00, 0.00)
  Move : IsRunning=False
  Input: H=1.00 V=0.00  LMB=False MMB=False Q=False Sp=False Sh=False C=False
         WASD pressed in last 0.5s: True (last 0.00s ago)

--- FLIGHT RECORDER (60 snapshots, oldest first, dt=0.10s) ---
  Legend: flags = A(tk) H(vy) D(od) S(sh) G(rd) R(eact) Y(aerial) L(ock)   gnd/cc: Y/n
  t-now    flags     step gnd cc anSp normT layW tr | posX     posZ     spd   | H    V    LMB MMB Q  Sp Sh C
  ------   --------  ---- --- -- ---- ----- ---- -- | -----    -----    ----  | ---- ---- --- --- -- -- -- -
  - 6.72s  --------    0  n   Y  1.00 15.01 1.00 -  |   474.5    438.7  0.00 |  0.0  1.0 0   0   0  0  1  0
  - 6.62s  --------    0  n   Y  1.00  0.23 1.00 -  |   474.5    439.2  0.00 |  0.0  1.0 0   0   0  0  1  0
  - 6.50s  --------    0  n   Y  1.00  0.32 1.00 -  |   474.6    439.6  0.00 |  0.0  1.0 0   0   0  0  1  0
  - 6.39s  --------    0  n   Y  1.00  0.45 1.00 -  |   474.8    440.1  0.00 |  0.0  0.0 0   0   0  0  0  0
  - 6.27s  --------    0  n   Y  1.00  0.60 1.00 -  |   475.0    440.6  0.00 |  0.0  0.0 0   0   0  0  0  0
  - 6.16s  --------    0  Y   Y  1.00  0.74 1.00 -  |   475.3    440.9  0.00 |  1.0  0.0 0   0   0  0  0  0
  - 6.04s  --------    0  Y   Y  1.00  0.89 1.00 -  |   475.5    440.8  0.00 |  1.0  0.0 0   0   0  0  0  0
  - 5.94s  --------    0  Y   Y  1.00  1.02 1.00 T  |   475.9    440.7  0.00 |  1.0  0.0 0   0   0  0  1  0
  - 5.82s  --------    0  Y   Y  1.00  0.12 1.00 -  |   476.6    440.4  0.00 |  1.0  0.0 0   0   0  0  1  0
  - 5.72s  --------    0  Y   Y  1.00  0.22 1.00 -  |   477.3    440.1  0.00 |  1.0  0.0 0   0   0  0  1  0
  - 5.60s  --------    0  Y   Y  1.00  0.34 1.00 -  |   478.1    439.8  0.00 |  1.0  0.0 0   0   0  0  1  0
  - 5.48s  --------    0  Y   Y  1.00  0.46 1.00 -  |   478.8    439.4  0.00 |  1.0  0.0 0   0   0  0  1  0
  - 5.37s  --------    0  Y   Y  1.00  0.57 1.00 -  |   479.6    439.1  0.00 |  0.0  0.0 0   0   0  0  1  0
  - 5.25s  --------    0  Y   Y  1.00  0.69 1.00 -  |   480.2    438.9  0.00 |  0.0  0.0 0   0   0  0  1  0
  - 5.14s  --------    0  Y   Y  1.00  0.80 1.00 -  |   480.1    438.9  0.00 | -1.0  0.0 0   0   0  0  1  0
  - 5.02s  --------    0  Y   Y  1.00  0.92 1.00 -  |   479.3    439.2  0.00 | -1.0  0.0 0   0   0  0  1  0
  - 4.90s  --------    0  Y   Y  1.00  1.04 1.00 -  |   478.6    439.6  0.00 | -1.0  0.0 0   0   0  0  1  0
  - 4.78s  --------    0  Y   Y  1.00  1.16 1.00 -  |   477.8    439.9  0.00 | -1.0  0.0 0   0   0  0  1  0
  - 4.68s  --------    0  Y   Y  1.00  1.26 1.00 -  |   477.1    440.2  0.00 | -1.0  0.0 0   0   0  0  1  0
  - 4.58s  --------    0  Y   Y  1.00  1.36 1.00 -  |   476.5    440.4  0.00 | -1.0  0.0 0   0   0  0  1  0
  - 4.48s  --------    0  Y   Y  1.00  1.46 1.00 -  |   475.9    440.7  0.00 | -1.0  0.0 0   0   0  0  1  0
  - 4.36s  --------    0  Y   Y  1.00  1.58 1.00 -  |   475.1    441.0  0.00 | -1.0  0.0 0   0   0  0  1  0
  - 4.24s  --------    0  Y   Y  1.00  1.70 1.00 -  |   474.3    441.3  0.00 | -1.0  0.0 0   0   0  0  1  0
  - 4.14s  --------    0  Y   Y  1.00  1.80 1.00 -  |   473.7    441.6  0.00 | -1.0  0.0 0   0   0  0  1  0
  - 4.02s  --------    0  Y   Y  1.00  1.92 1.00 -  |   472.9    441.9  0.00 |  0.0  0.0 0   0   0  0  1  0
  - 3.90s  --------    0  Y   Y  1.00  2.04 1.00 -  |   472.6    442.1  0.00 |  0.0  0.0 0   0   0  0  0  0
  - 3.80s  --------    0  Y   Y  1.00  2.14 1.00 -  |   472.4    442.1  0.00 |  0.0  0.0 0   0   0  0  0  0
  - 3.68s  --------    0  Y   Y  1.00  2.26 1.00 -  |   472.2    442.2  0.00 |  0.0  0.0 0   0   0  0  0  0
  - 3.57s  --------    0  Y   Y  1.00  2.37 1.00 -  |   472.3    442.2  0.00 |  1.0  0.0 0   0   0  0  0  0
  - 3.47s  --------    0  Y   Y  1.00  2.48 1.00 -  |   472.5    442.1  0.00 |  1.0  0.0 0   0   0  0  0  0
  - 3.35s  --------    0  Y   Y  1.00  2.59 1.00 -  |   472.7    442.0  0.00 |  1.0  0.0 0   0   0  0  0  0
  - 3.24s  --------    0  Y   Y  1.00  2.70 1.00 -  |   472.8    442.0  0.00 | -1.0  0.0 0   0   0  0  0  0
  - 3.12s  --------    0  Y   Y  1.00  2.82 1.00 -  |   472.4    442.1  0.00 | -1.0  0.0 0   0   0  0  1  0
  - 3.00s  --------    0  Y   Y  1.00  2.94 1.00 -  |   471.6    442.5  0.00 | -1.0  0.0 0   0   0  0  1  0
  - 2.88s  --------    0  Y   Y  1.00  3.06 1.00 -  |   470.8    442.8  0.00 | -1.0  0.0 0   0   0  0  1  0
  - 2.78s  --------    0  Y   Y  1.00  3.16 1.00 -  |   470.2    443.1  0.00 | -1.0  0.0 0   0   0  0  1  0
  - 2.66s  --------    0  Y   Y  1.00  3.28 1.00 -  |   469.4    443.4  0.00 | -1.0  0.0 0   0   0  0  1  0
  - 2.54s  --------    0  Y   Y  1.00  3.40 1.00 -  |   468.6    443.7  0.00 |  0.0  0.0 0   0   0  0  1  0
  - 2.43s  --------    0  Y   Y  1.00  3.52 1.00 -  |   468.9    443.6  0.00 |  1.0  0.0 0   0   0  0  1  0
  - 2.31s  --------    0  Y   Y  1.00  3.63 1.00 -  |   469.7    443.3  0.00 |  1.0  0.0 0   0   0  0  1  0
  - 2.19s  --------    0  Y   Y  1.00  3.75 1.00 -  |   470.3    443.0  0.00 |  1.0  0.0 0   0   0  0  1  0
  - 2.08s  --------    0  Y   Y  1.00  3.86 1.00 -  |   471.1    442.7  0.00 |  1.0  0.0 0   0   0  0  1  0
  - 1.96s  -----R--    0  Y   Y  1.00  3.98 1.00 T  |   471.9    442.4  0.00 |  0.0  0.0 0   0   0  0  1  0
  - 1.86s  -----R--    0  Y   Y  1.00  0.16 1.00 -  |   472.2    442.7  0.00 | -1.0  0.0 0   0   0  0  1  0
  - 1.75s  -----R--    0  Y   Y  1.00  0.34 1.00 -  |   472.2    442.7  0.00 | -1.0  0.0 0   0   0  0  1  0
  - 1.64s  -----R--    0  Y   Y  1.00  0.52 1.00 -  |   472.2    442.7  0.00 | -1.0  0.0 0   0   0  0  1  0
  - 1.54s  --------    0  Y   Y  1.00  0.68 1.00 T  |   472.1    442.8  0.00 | -1.0  0.0 0   0   0  0  1  0
  - 1.42s  --------    0  Y   Y  1.00  0.14 1.00 -  |   471.3    443.1  0.00 | -1.0  0.0 0   0   0  0  1  0
  - 1.30s  --------    0  Y   Y  1.00  0.26 1.00 -  |   470.5    443.4  0.00 | -1.0  0.0 0   0   0  0  1  0
  - 1.18s  --------    0  Y   Y  1.00  0.38 1.00 -  |   469.7    443.8  0.00 | -1.0  0.0 0   0   0  0  1  0
  - 1.08s  --------    0  Y   Y  1.00  0.48 1.00 -  |   469.1    444.0  0.00 | -1.0  0.0 0   0   0  0  1  0
  - 0.96s  --------    0  Y   Y  1.00  0.60 1.00 -  |   468.6    444.2  0.00 |  0.0  0.0 0   0   0  0  0  0
  - 0.86s  --------    0  Y   Y  1.00  0.70 1.00 -  |   468.4    444.3  0.00 |  0.0  0.0 0   0   0  0  0  0
  - 0.74s  --------    0  Y   Y  1.00  0.82 1.00 -  |   468.2    444.4  0.00 |  0.0  0.0 0   0   0  0  0  0
  - 0.64s  --------    0  Y   Y  1.00  0.93 1.00 -  |   468.2    444.4  0.00 |  1.0  0.0 0   0   0  0  0  0
  - 0.54s  --------    0  Y   Y  1.00  1.03 1.00 -  |   468.4    444.3  0.00 |  1.0  0.0 0   0   0  0  0  0
  - 0.42s  --------    0  Y   Y  1.00  1.15 1.00 -  |   468.6    444.2  0.00 |  1.0  0.0 0   0   0  0  0  0
  - 0.30s  --------    0  Y   Y  1.00  1.27 1.00 -  |   468.8    444.1  0.00 |  1.0  0.0 0   0   0  0  0  0
  - 0.20s  --------    0  Y   Y  1.00  1.37 1.00 -  |   469.0    444.0  0.00 |  1.0  0.0 0   0   0  0  0  0
  - 0.08s  --------    0  Y   Y  1.00  1.48 1.00 -  |   469.2    443.8  0.00 |  1.0  0.0 0   0   0  0  0  0
=========================================================== END

[  1343   26.429 x1.00] LOG  [OniBoss] hold-ground: backstep done (1.51m), WATCH (player 3.8m, cooldown 1.8s)
[  1343   26.429 x1.00] LOG  [OniBoss] Playing animation: Watch
[  1360   26.759 x1.00] LOG  [StormWeather] ⚡ strike at (478.44, 45.00, 455.18)
[  1418   27.859 x1.00] LOG  [Combat] Combo 1: 10 dmg
[  1418   27.859 x1.00] LOG  [ComboTrace] START step=1 state='Combo1' queued=0 target='OniBoss' at 3.9m
[  1418   27.859 x1.00] LOG  [ComboTrace] LAUNCH OniBoss at 2.4m dist=2.36m in 0.24s
[  1427   28.034 x1.00] LOG  [Combat] Queued click #1 (combo 1)
[  1427   28.034 x1.00] LOG  [ComboTrace] QUEUED #1 during step 1
[  1431   28.098 x1.00] LOG  [ComboTrace] LAUNCH RESULT wanted=2.36m actually moved=1.71m — completed
[  1437   28.200 x1.00] LOG  [Combat] Queued click #2 (combo 1)
[  1437   28.200 x1.00] LOG  [ComboTrace] QUEUED #2 during step 1
[  1438   28.217 x1.00] LOG  [OniBoss] Combo started: swing1-2 (2 steps remaining)
[  1438   28.217 x1.00] LOG  [OniBoss] Chase → Attack
[  1438   28.217 x1.00] LOG  [OniBoss] Attack: Club_Swing (16 dmg)
[  1438   28.217 x1.00] LOG  [OniBoss:Trail] Club_Swing trail START at clip 1.00 (transition done).
[  1438   28.217 x1.00] LOG  [OniBoss:ClubPos] Club_Swing at strike: club tip 5.09m up, -1.77m in front, 1.03m to his right (2.05m out from his centre). Club faces 157deg from his forward, pitch 0.10. Effect currently spawns at 1.20m up / 1.50m front => off by 3.89m up, -3.27m front.
[  1438   28.217 x1.00] LOG  [OniBoss:Layer] swing wave launched at 12m/s for up to 5.5m — visual only, the club already reached her at 2.0m.
[  1447   28.371 x1.00] LOG  [ComboTrace] CLICK IGNORED (step=1 queued=2)
[  1454   28.480 x1.00] LOG  OniBoss took 10 damage. HP: 450/500
[  1454   28.480 x1.00] LOG  [OniBoss] 🤕 Hit during Attack — flash only
[  1454   28.480 x1.00] LOG  [Combat] Hit OniBoss for 10
[  1454   28.480 x1.00] LOG  [CameraGameFeel] Shake: intensity=0.15 duration=0.150s
[  1454   28.480 x1.00] LOG  [CameraGameFeel] FOV punch: hit light (+1.5°)
[  1458   28.549 x1.00] LOG  [ComboTrace] CLICK IGNORED (step=1 queued=2)
[  1465   28.668 x1.00] LOG  🐾 VFX_AttackPaw triggered!
[  1471   28.773 x1.00] LOG  [ComboTrace] CLICK IGNORED (step=1 queued=2)
[  1473   28.809 x1.00] LOG  [Combat] Combo 2: 20 dmg
[  1473   28.809 x1.00] LOG  [ComboTrace] START step=2 state='Combo2' queued=1 target='OniBoss' at 2.0m
[  1473   28.809 x1.00] LOG  [ComboTrace] LAUNCH OniBoss at 0.8m dist=0.80m in 0.13s
[  1481   28.947 x1.00] LOG  [ComboTrace] LAUNCH RESULT wanted=0.80m actually moved=0.00m — completed
[  1483   28.987 x1.00] LOG  [Combat] Queued click #2 (combo 2)
[  1483   28.987 x1.00] LOG  [ComboTrace] QUEUED #2 during step 2
[  1483   28.987 x1.00] LOG  [CameraGameFeel] Shake: intensity=0.20 duration=0.250s
[  1483   28.987 x1.00] LOG  [Combat] Hit react: HitReact_Light_2Leg (0.5s)
[  1483   28.987 x1.00] LOG  [CameraGameFeel] Shake: intensity=0.09 duration=0.150s
[  1483   28.987 x1.00] LOG  [CameraGameFeel] FOV punch: player damage (-2.0°)
[  1483   28.987 x1.00] LOG  [OniBoss] Hit player for 16 (Club_Swing)
[  1483   28.987 x1.00] LOG  [AirPosePin] engaged, holding body at 0.612m above the transform
[  1490   29.102 x1.00] LOG  [OniBoss] Attack → Recovery
[  1490   29.102 x1.00] LOG  [OniBoss] Playing animation: Watch
[  1490   29.102 x1.00] LOG  [OniBoss:Trail] trail END at clip 0.99, fading over 0.40s.
[  1490   29.102 x1.00] LOG  [OniBoss:Strike] Club_Swing: club tip closest to Yoru at 0.47m, clip position 0.91 | damage fires at 0.85 | clip 0.84s => damage fires 51 ms BEFORE the club is closest
[  1492   29.139 x1.00] LOG  [AirPosePin] released, peak correction was 0.001m
[  1499   29.258 x1.00] LOG  [OniBoss] Recovery → Attack
[  1499   29.258 x1.00] LOG  [OniBoss] Attack: ClubSwing2 (16 dmg)
[  1499   29.258 x1.00] LOG  [OniBoss:Trail] ClubSwing2 trail START at clip 1.00 (transition still blending).
[  1515   29.520 x1.00] LOG  [Combat] Combo 1: 10 dmg
[  1515   29.520 x1.00] LOG  [ComboTrace] START step=1 state='Combo1' queued=0 target='OniBoss' at 2.1m
[  1515   29.520 x1.00] LOG  [ComboTrace] LAUNCH OniBoss at 0.8m dist=0.80m in 0.13s
[  1523   29.649 x1.00] LOG  [CameraGameFeel] Shake: intensity=0.20 duration=0.250s
[  1523   29.649 x1.00] LOG  [Combat] Hit react: HitReact_Heavy_2Leg (0.9s)
[  1523   29.649 x1.00] LOG  [CameraGameFeel] Shake: intensity=0.28 duration=0.150s
[  1523   29.649 x1.00] LOG  [CameraGameFeel] FOV punch: player damage (-3.0°)
[  1523   29.649 x1.00] LOG  [OniBoss] Hit player for 16 (ClubSwing2)
[  1523   29.649 x1.00] LOG  [OniBoss:ClubPos] ClubSwing2 at strike: club tip 0.09m up, 1.83m in front, 2.40m to his right (3.01m out from his centre). Club faces 4deg from his forward, pitch -0.88. Effect currently spawns at 1.20m up / 1.50m front => off by -1.11m up, 0.33m front.
[  1523   29.649 x1.00] LOG  [OniBoss:Layer] swing wave launched at 12m/s for up to 5.5m — visual only, the club already reached her at 2.0m.
[  1523   29.649 x1.00] LOG  [AirPosePin] engaged, holding body at 0.620m above the transform
[  1524   29.667 x1.00] LOG  [AirPosePin] released, peak correction was 0.000m
[  1525   29.687 x1.00] LOG  [AirPosePin] engaged, holding body at 0.610m above the transform
[  1526   29.702 x1.00] LOG  [AirPosePin] released, peak correction was 0.000m
[  1527   29.719 x1.00] LOG  [AirPosePin] engaged, holding body at 0.610m above the transform
[  1534   29.834 x1.00] LOG  [AirPosePin] released, peak correction was -0.003m
[  1537   29.887 x1.00] LOG  
==================== [FREEZE-DEBUG v3] ====================
  Reason : WASD-NOMOVE: WASD recent + speed 0.00m/s for 0.40s
  Time   : 26.041s   Frame: 1537   Snaps: 60
===========================================================

--- CURRENT STATE ---
  Flags: atk=False hvy=False dod=False dsh=False
         grd=False hit=True aerial=False lockPos=False
         comboStep=0
  Anim : speed=1.00  combatLayer hash=1755030216 normT=0.182 weight=1.00 inTransition=False
  CC   : grounded=True  enabled=True  pos=(471.80, -0.02, 444.43)  vel=(0.00, 0.00, 0.00)
  Move : IsRunning=False
  Input: H=0.00 V=1.00  LMB=True MMB=False Q=False Sp=False Sh=False C=False
         WASD pressed in last 0.5s: True (last 0.00s ago)

--- FLIGHT RECORDER (60 snapshots, oldest first, dt=0.10s) ---
  Legend: flags = A(tk) H(vy) D(od) S(sh) G(rd) R(eact) Y(aerial) L(ock)   gnd/cc: Y/n
  t-now    flags     step gnd cc anSp normT layW tr | posX     posZ     spd   | H    V    LMB MMB Q  Sp Sh C
  ------   --------  ---- --- -- ---- ----- ---- -- | -----    -----    ----  | ---- ---- --- --- -- -- -- -
  - 6.49s  --------    0  Y   Y  1.00  3.75 1.00 -  |   470.3    443.0  0.00 |  1.0  0.0 0   0   0  0  1  0
  - 6.38s  --------    0  Y   Y  1.00  3.86 1.00 -  |   471.1    442.7  0.00 |  1.0  0.0 0   0   0  0  1  0
  - 6.26s  -----R--    0  Y   Y  1.00  3.98 1.00 T  |   471.9    442.4  0.00 |  0.0  0.0 0   0   0  0  1  0
  - 6.16s  -----R--    0  Y   Y  1.00  0.16 1.00 -  |   472.2    442.7  0.00 | -1.0  0.0 0   0   0  0  1  0
  - 6.05s  -----R--    0  Y   Y  1.00  0.34 1.00 -  |   472.2    442.7  0.00 | -1.0  0.0 0   0   0  0  1  0
  - 5.94s  -----R--    0  Y   Y  1.00  0.52 1.00 -  |   472.2    442.7  0.00 | -1.0  0.0 0   0   0  0  1  0
  - 5.84s  --------    0  Y   Y  1.00  0.68 1.00 T  |   472.1    442.8  0.00 | -1.0  0.0 0   0   0  0  1  0
  - 5.72s  --------    0  Y   Y  1.00  0.14 1.00 -  |   471.3    443.1  0.00 | -1.0  0.0 0   0   0  0  1  0
  - 5.60s  --------    0  Y   Y  1.00  0.26 1.00 -  |   470.5    443.4  0.00 | -1.0  0.0 0   0   0  0  1  0
  - 5.48s  --------    0  Y   Y  1.00  0.38 1.00 -  |   469.7    443.8  0.00 | -1.0  0.0 0   0   0  0  1  0
  - 5.38s  --------    0  Y   Y  1.00  0.48 1.00 -  |   469.1    444.0  0.00 | -1.0  0.0 0   0   0  0  1  0
  - 5.26s  --------    0  Y   Y  1.00  0.60 1.00 -  |   468.6    444.2  0.00 |  0.0  0.0 0   0   0  0  0  0
  - 5.16s  --------    0  Y   Y  1.00  0.70 1.00 -  |   468.4    444.3  0.00 |  0.0  0.0 0   0   0  0  0  0
  - 5.04s  --------    0  Y   Y  1.00  0.82 1.00 -  |   468.2    444.4  0.00 |  0.0  0.0 0   0   0  0  0  0
  - 4.94s  --------    0  Y   Y  1.00  0.93 1.00 -  |   468.2    444.4  0.00 |  1.0  0.0 0   0   0  0  0  0
  - 4.83s  --------    0  Y   Y  1.00  1.03 1.00 -  |   468.4    444.3  0.00 |  1.0  0.0 0   0   0  0  0  0
  - 4.72s  --------    0  Y   Y  1.00  1.15 1.00 -  |   468.6    444.2  0.00 |  1.0  0.0 0   0   0  0  0  0
  - 4.60s  --------    0  Y   Y  1.00  1.27 1.00 -  |   468.8    444.1  0.00 |  1.0  0.0 0   0   0  0  0  0
  - 4.50s  --------    0  Y   Y  1.00  1.37 1.00 -  |   469.0    444.0  0.00 |  1.0  0.0 0   0   0  0  0  0
  - 4.38s  --------    0  Y   Y  1.00  1.48 1.00 -  |   469.2    443.8  0.00 |  1.0  0.0 0   0   0  0  0  0
  - 4.28s  --------    0  Y   Y  1.00  1.59 1.00 -  |   469.3    443.7  0.00 |  1.0  0.0 0   0   0  0  0  0
  - 4.16s  --------    0  Y   Y  1.00  1.70 1.00 -  |   469.5    443.6  0.00 |  1.0  0.0 0   0   0  0  0  0
  - 4.05s  --------    0  Y   Y  1.00  1.81 1.00 -  |   469.7    443.5  0.00 |  1.0  0.0 0   0   0  0  0  0
  - 3.92s  --------    0  Y   Y  1.00  1.92 1.00 -  |   469.9    443.3  0.00 |  1.0  0.0 0   0   0  0  0  0
  - 3.81s  --------    0  Y   Y  1.00  2.06 1.00 -  |   470.1    443.1  0.00 |  1.0  0.0 0   0   0  0  0  0
  - 3.69s  --------    0  Y   Y  1.00  2.17 1.00 -  |   470.3    443.0  0.00 |  1.0  0.0 0   0   0  0  0  0
  - 3.57s  --------    0  Y   Y  1.00  2.29 1.00 -  |   470.4    442.9  0.00 |  0.0  0.0 0   0   0  0  0  0
  - 3.46s  --------    0  Y   Y  1.00  2.41 1.00 -  |   470.6    442.7  0.00 |  0.0  0.0 0   0   0  0  0  0
  - 3.34s  --------    0  Y   Y  1.00  2.53 1.00 -  |   470.7    442.5  0.00 | -1.0  0.0 0   0   0  0  0  0
  - 3.22s  --------    0  Y   Y  1.00  2.64 1.00 -  |   470.6    442.7  0.00 | -1.0  0.0 0   0   0  0  0  0
  - 3.11s  --------    0  Y   Y  1.00  2.76 1.00 -  |   470.5    442.9  0.00 | -1.0  0.0 0   0   0  0  0  0
  - 3.01s  --------    0  Y   Y  1.00  2.86 1.00 -  |   470.1    443.4  0.00 | -1.0  0.0 0   0   0  0  1  0
  - 2.89s  --------    0  Y   Y  1.00  2.97 1.00 -  |   469.7    444.0  0.00 |  0.0  0.0 0   0   0  0  0  0
  - 2.78s  --------    0  Y   Y  1.00  3.08 1.00 -  |   469.6    444.1  0.00 |  0.0  0.0 0   0   0  0  0  0
  - 2.67s  --------    0  Y   Y  1.00  3.19 1.00 -  |   469.5    444.3  0.00 |  0.0  0.0 0   0   0  0  0  0
  - 2.56s  --------    0  Y   Y  1.00  3.31 1.00 -  |   469.4    444.4  0.00 |  0.0  0.0 0   0   0  0  0  0
  - 2.46s  --------    0  Y   Y  1.00  3.41 1.00 -  |   469.5    444.3  0.00 |  1.0  0.0 0   0   0  0  0  0
  - 2.35s  --------    0  Y   Y  1.00  3.52 1.00 -  |   469.6    444.1  0.00 |  1.0  0.0 0   0   0  0  0  0
  - 2.23s  --------    0  Y   Y  1.00  3.63 1.00 -  |   469.8    444.0  0.00 |  0.0  1.0 0   0   0  0  0  0
  - 2.13s  --------    0  Y   Y  1.00  3.73 1.00 -  |   469.9    444.0  0.00 |  0.0  1.0 1   0   0  0  0  0
  - 2.01s  A-------    1  Y   Y  1.00  3.86 1.00 T  |   470.5    444.2  0.00 |  0.0  1.0 0   0   0  0  0  0
  - 1.91s  A-------    1  Y   Y  1.00  0.08 1.00 -  |   471.8    444.4  0.00 |  0.0  1.0 1   0   0  1  0  0
  - 1.80s  A-------    1  Y   Y  1.00  0.17 1.00 -  |   471.8    444.4  0.00 |  0.0  1.0 0   0   0  1  0  0
  - 1.70s  A-------    1  Y   Y  1.00  0.25 1.00 -  |   471.8    444.4  0.00 |  0.0  1.0 1   0   0  0  0  0
  - 1.60s  A-------    1  Y   Y  1.00  0.33 1.00 -  |   471.8    444.4  0.00 |  0.0  1.0 0   0   0  1  0  0
  - 1.50s  A-------    1  Y   Y  1.00  0.42 1.00 -  |   471.8    444.4  0.00 |  0.0  1.0 0   0   0  0  0  0
  - 1.39s  A-------    1  Y   Y  0.00  0.51 1.00 -  |   471.8    444.4  0.00 |  0.0  1.0 1   0   0  1  0  0
  - 1.28s  A-------    1  Y   Y  1.00  0.56 1.00 -  |   471.8    444.4  0.00 |  0.0  1.0 0   0   0  0  0  0
  - 1.18s  A-------    1  Y   Y  1.00  0.64 1.00 -  |   471.8    444.4  0.00 |  0.0  1.0 1   0   0  0  0  0
  - 1.08s  A-------    1  Y   Y  1.00  0.73 1.00 -  |   471.8    444.4  0.00 |  0.0  1.0 0   0   0  0  0  0
  - 0.97s  A-------    2  Y   Y  1.00  0.04 1.00 -  |   471.8    444.4  0.00 |  0.0  1.0 1   0   0  0  0  0
  - 0.87s  -----R--    0  n   Y  1.00  0.01 1.00 -  |   471.8    444.4  0.00 |  0.0  1.0 0   0   0  1  0  0
  - 0.77s  -----R--    0  Y   Y  1.00  0.10 1.00 -  |   471.8    444.4  0.00 |  0.0  1.0 0   0   0  1  0  0
  - 0.66s  -----R--    0  Y   Y  1.00  0.18 1.00 -  |   471.8    444.4  0.00 |  0.0  1.0 1   0   0  0  0  0
  - 0.56s  -----R--    0  Y   Y  1.00  0.27 1.00 -  |   471.8    444.4  0.00 |  0.0  1.0 0   0   0  0  0  0
  - 0.45s  -----R--    0  Y   Y  1.00  0.36 1.00 -  |   471.8    444.4  0.00 |  0.0  1.0 1   0   0  0  0  0
  - 0.33s  A-------    1  Y   Y  1.00  0.44 1.00 T  |   471.8    444.4  0.00 |  0.0  1.0 0   0   0  0  0  0
  - 0.22s  -----R--    0  Y   Y  1.00  0.10 1.00 T  |   471.8    444.4  0.00 |  0.0  1.0 1   0   0  1  0  0
  - 0.12s  -----R--    0  Y   Y  1.00  0.09 1.00 -  |   471.8    444.4  0.00 |  0.0  1.0 0   0   0  0  0  0
  - 0.02s  -----R--    0  Y   Y  1.00  0.17 1.00 -  |   471.8    444.4  0.00 |  0.0  1.0 1   0   0  0  0  0
=========================================================== END

[  1571   30.441 x1.00] LOG  [OniBoss] Attack → Recovery
[  1571   30.441 x1.00] LOG  [OniBoss] Playing animation: Watch
[  1571   30.441 x1.00] LOG  [OniBoss:Trail] trail END at clip 1.00, fading over 0.40s.
[  1571   30.441 x1.00] LOG  [OniBoss:Strike] ClubSwing2: club tip closest to Yoru at 1.44m, clip position 0.31 | damage fires at 0.32 | clip 1.17s => MATCHED (within one or two frames)
[  1580   30.592 x1.00] LOG  [OniBoss] Recovery → Chase
[  1581   30.610 x1.00] LOG  [OniBoss] hold-ground: BACKSTEP 1.5m (player 2.0m)
[  1583   30.650 x1.00] LOG  🚶 2-LEG JUMP
[  1583   30.650 x1.00] LOG  🐾 Jump 1 VFX spawned!
[  1602   31.029 x1.00] LOG  [ComboTrace] LAUNCH OniBoss at 0.6m dist=0.59m in 0.13s [AIRBORNE]
[  1602   31.029 x1.00] LOG  [Combat] Aerial spin — 25 dmg
[  1602   31.029 x1.00] LOG  OniBoss took 10 damage. HP: 440/500
[  1602   31.029 x1.00] LOG  [OniBoss] Chase → HitReact
[  1602   31.029 x1.00] LOG  [OniBoss:Layer] react tier: LIGHT (10 dmg) → 'Hit_react_light'
[  1602   31.029 x1.00] LOG  [CameraGameFeel] Shake: intensity=0.15 duration=0.150s
[  1602   31.029 x1.00] LOG  [CameraGameFeel] FOV punch: hit light (+1.5°)
[  1602   31.029 x1.00] LOG  [AirPosePin] engaged, holding body at 1.898m above the transform
[  1609   31.170 x1.00] LOG  [ComboTrace] LAUNCH RESULT wanted=0.59m actually moved=0.35m — completed
[  1610   31.189 x1.00] LOG  OniBoss took 10 damage. HP: 430/500
[  1610   31.189 x1.00] LOG  [OniBoss:Layer] burst: 2 hits / 20 dmg → flinch upgraded to 'HitReact_medium'
[  1610   31.189 x1.00] LOG  [CameraGameFeel] Shake: intensity=0.05 duration=0.150s
[  1618   31.352 x1.00] LOG  OniBoss took 10 damage. HP: 420/500
[  1618   31.352 x1.00] LOG  [OniBoss] HitReact → Stagger
[  1618   31.352 x1.00] LOG  [OniBoss] Playing animation: Stagger
[  1618   31.352 x1.00] LOG  [OniBoss] STAGGERED for 2.5s
[  1618   31.352 x1.00] LOG  [OniBoss:Layer] heavy knock-back react (swirl burst, 3 hits / 30 dmg) → 'HitReact_Heavy', down for 1.80s
[  1618   31.352 x1.00] LOG  [OniBoss:Layer] burst: 3 hits / 30 dmg inside 0.8s → knock-back + 0.90m push
[  1618   31.352 x1.00] LOG  [CameraGameFeel] Shake: intensity=0.05 duration=0.150s
[  1626   31.513 x1.00] LOG  OniBoss punish window! 10 → 15 (x1.5)
[  1626   31.513 x1.00] LOG  OniBoss took 15 damage. HP: 405/500
[  1626   31.513 x1.00] LOG  [CameraGameFeel] Shake: intensity=0.05 duration=0.150s
[  1630   31.589 x1.00] LOG  💨 Landing VFX spawned!
[  1630   31.589 x1.00] LOG  ✅ LANDED! (was jump #1)
[  1630   31.589 x1.00] LOG  [AirPosePin] released, peak correction was 1.114m
[  1634   31.669 x1.00] LOG  OniBoss punish window! 10 → 15 (x1.5)
[  1634   31.669 x1.00] LOG  OniBoss took 15 damage. HP: 390/500
[  1634   31.669 x1.00] LOG  [CameraGameFeel] Shake: intensity=0.05 duration=0.150s
[  1639   31.769 x1.00] LOG  [ComboTrace] END step=3 clipProgress=0.91 clipLen=0.79s queued=0 elapsed=0.74s
[  1707   33.088 x1.00] LOG  🚶 2-LEG JUMP
[  1707   33.088 x1.00] LOG  🐾 Jump 1 VFX spawned!
[  1711   33.169 x1.00] LOG  [OniBoss] Stagger → Chase
[  1712   33.187 x1.00] LOG  [OniBoss] Playing animation: Watch
[  1712   33.187 x1.00] LOG  [OniBoss] hold-ground: cooldown over, player 4.4m > 3.5m — APPROACH
[  1712   33.187 x1.00] LOG  [OniBoss] Playing animation: Walk
[  1720   33.339 x1.00] LOG  [OniBoss] Pull-band decision: RUN-IN (dist 4.8m, pullRange 0m, chance 0.50)
[  1720   33.339 x1.00] LOG  [OniBoss] Playing animation: run
[  1728   33.500 x1.00] LOG  [ComboTrace] LAUNCH OniBoss at 3.2m dist=3.20m in 0.32s (capped short) [AIRBORNE]
[  1728   33.500 x1.00] LOG  [Combat] Aerial spin — 25 dmg
[  1728   33.500 x1.00] LOG  [AirPosePin] engaged, holding body at 1.534m above the transform
[  1733   33.600 x1.00] LOG  [OniBoss] Playing animation: Watch
[  1733   33.600 x1.00] LOG  [OniBoss] Chase → Attack
[  1733   33.600 x1.00] LOG  [OniBoss] Attack: ClubSlam (20 dmg)
[  1733   33.600 x1.00] LOG  [OniBoss:Trail] ClubSlam trail START at clip 0.26 (transition done).
[  1736   33.660 x1.00] LOG  OniBoss took 10 damage. HP: 380/500
[  1736   33.660 x1.00] LOG  [OniBoss] 🤕 Hit during Attack — flash only
[  1736   33.660 x1.00] LOG  [CameraGameFeel] Shake: intensity=0.15 duration=0.150s
[  1736   33.660 x1.00] LOG  [CameraGameFeel] FOV punch: hit light (+1.5°)
[  1744   33.820 x1.00] LOG  [ComboTrace] LAUNCH RESULT wanted=3.20m actually moved=2.46m — completed
[  1744   33.820 x1.00] LOG  OniBoss took 10 damage. HP: 370/500
[  1744   33.820 x1.00] LOG  [OniBoss] 🤕 Hit during Attack — flash only
[  1744   33.820 x1.00] LOG  [CameraGameFeel] Shake: intensity=0.05 duration=0.150s
[  1748   33.900 x1.00] LOG  
==================== [FREEZE-DEBUG v3] ====================
  Reason : WASD-NOMOVE: WASD recent + speed 0.00m/s for 0.40s
  Time   : 30.054s   Frame: 1748   Snaps: 60
===========================================================

--- CURRENT STATE ---
  Flags: atk=True hvy=False dod=False dsh=False
         grd=False hit=False aerial=True lockPos=False
         comboStep=3
  Anim : speed=1.00  combatLayer hash=-985085662 normT=0.404 weight=1.00 inTransition=False
  CC   : grounded=False  enabled=True  pos=(472.78, 0.81, 443.10)  vel=(0.00, -6.80, 0.00)
  Move : IsRunning=False
  Input: H=0.00 V=-1.00  LMB=False MMB=False Q=False Sp=False Sh=False C=False
         WASD pressed in last 0.5s: True (last 0.00s ago)

--- FLIGHT RECORDER (60 snapshots, oldest first, dt=0.10s) ---
  Legend: flags = A(tk) H(vy) D(od) S(sh) G(rd) R(eact) Y(aerial) L(ock)   gnd/cc: Y/n
  t-now    flags     step gnd cc anSp normT layW tr | posX     posZ     spd   | H    V    LMB MMB Q  Sp Sh C
  ------   --------  ---- --- -- ---- ----- ---- -- | -----    -----    ----  | ---- ---- --- --- -- -- -- -
  - 6.47s  --------    0  Y   Y  1.00  3.41 1.00 -  |   469.5    444.3  0.00 |  1.0  0.0 0   0   0  0  0  0
  - 6.36s  --------    0  Y   Y  1.00  3.52 1.00 -  |   469.6    444.1  0.00 |  1.0  0.0 0   0   0  0  0  0
  - 6.24s  --------    0  Y   Y  1.00  3.63 1.00 -  |   469.8    444.0  0.00 |  0.0  1.0 0   0   0  0  0  0
  - 6.14s  --------    0  Y   Y  1.00  3.73 1.00 -  |   469.9    444.0  0.00 |  0.0  1.0 1   0   0  0  0  0
  - 6.02s  A-------    1  Y   Y  1.00  3.86 1.00 T  |   470.5    444.2  0.00 |  0.0  1.0 0   0   0  0  0  0
  - 5.92s  A-------    1  Y   Y  1.00  0.08 1.00 -  |   471.8    444.4  0.00 |  0.0  1.0 1   0   0  1  0  0
  - 5.82s  A-------    1  Y   Y  1.00  0.17 1.00 -  |   471.8    444.4  0.00 |  0.0  1.0 0   0   0  1  0  0
  - 5.72s  A-------    1  Y   Y  1.00  0.25 1.00 -  |   471.8    444.4  0.00 |  0.0  1.0 1   0   0  0  0  0
  - 5.61s  A-------    1  Y   Y  1.00  0.33 1.00 -  |   471.8    444.4  0.00 |  0.0  1.0 0   0   0  1  0  0
  - 5.51s  A-------    1  Y   Y  1.00  0.42 1.00 -  |   471.8    444.4  0.00 |  0.0  1.0 0   0   0  0  0  0
  - 5.40s  A-------    1  Y   Y  0.00  0.51 1.00 -  |   471.8    444.4  0.00 |  0.0  1.0 1   0   0  1  0  0
  - 5.30s  A-------    1  Y   Y  1.00  0.56 1.00 -  |   471.8    444.4  0.00 |  0.0  1.0 0   0   0  0  0  0
  - 5.19s  A-------    1  Y   Y  1.00  0.64 1.00 -  |   471.8    444.4  0.00 |  0.0  1.0 1   0   0  0  0  0
  - 5.09s  A-------    1  Y   Y  1.00  0.73 1.00 -  |   471.8    444.4  0.00 |  0.0  1.0 0   0   0  0  0  0
  - 4.99s  A-------    2  Y   Y  1.00  0.04 1.00 -  |   471.8    444.4  0.00 |  0.0  1.0 1   0   0  0  0  0
  - 4.88s  -----R--    0  n   Y  1.00  0.01 1.00 -  |   471.8    444.4  0.00 |  0.0  1.0 0   0   0  1  0  0
  - 4.78s  -----R--    0  Y   Y  1.00  0.10 1.00 -  |   471.8    444.4  0.00 |  0.0  1.0 0   0   0  1  0  0
  - 4.68s  -----R--    0  Y   Y  1.00  0.18 1.00 -  |   471.8    444.4  0.00 |  0.0  1.0 1   0   0  0  0  0
  - 4.57s  -----R--    0  Y   Y  1.00  0.27 1.00 -  |   471.8    444.4  0.00 |  0.0  1.0 0   0   0  0  0  0
  - 4.46s  -----R--    0  Y   Y  1.00  0.36 1.00 -  |   471.8    444.4  0.00 |  0.0  1.0 1   0   0  0  0  0
  - 4.35s  A-------    1  Y   Y  1.00  0.44 1.00 T  |   471.8    444.4  0.00 |  0.0  1.0 0   0   0  0  0  0
  - 4.23s  -----R--    0  Y   Y  1.00  0.10 1.00 T  |   471.8    444.4  0.00 |  0.0  1.0 1   0   0  1  0  0
  - 4.13s  -----R--    0  Y   Y  1.00  0.09 1.00 -  |   471.8    444.4  0.00 |  0.0  1.0 0   0   0  0  0  0
  - 4.03s  -----R--    0  Y   Y  1.00  0.17 1.00 -  |   471.8    444.4  0.00 |  0.0  1.0 1   0   0  0  0  0
  - 3.92s  -----R--    0  Y   Y  1.00  0.26 1.00 -  |   471.8    444.4  0.00 |  0.0  1.0 1   0   0  0  0  0
  - 3.81s  -----R--    0  Y   Y  1.00  0.35 1.00 -  |   471.8    444.4  0.00 |  0.0  1.0 0   0   0  1  0  0
  - 3.69s  -----R--    0  Y   Y  1.00  0.45 1.00 -  |   471.8    444.4  0.00 |  0.0  1.0 1   0   0  0  0  0
  - 3.59s  -----R--    0  Y   Y  1.00  0.53 1.00 -  |   471.8    444.4  0.00 |  0.0  1.0 0   0   0  0  0  0
  - 3.47s  -----R--    0  Y   Y  1.00  0.63 1.00 -  |   471.8    444.4  0.00 |  0.0  1.0 1   0   0  1  0  0
  - 3.37s  -----R--    0  Y   Y  1.00  0.71 1.00 -  |   471.8    444.4  0.00 |  0.0  1.0 0   0   0  0  0  0
  - 3.27s  --------    0  Y   Y  1.00  0.80 1.00 T  |   471.8    444.5  0.00 |  0.0  1.0 0   0   0  0  0  0
  - 3.17s  --------    0  n   Y  1.00  0.15 1.00 -  |   471.9    444.6  0.00 |  0.0  1.0 0   0   0  1  0  0
  - 3.05s  --------    0  n   Y  1.00  0.27 1.00 -  |   472.1    444.8  0.00 |  0.0  1.0 0   0   0  0  0  0
  - 2.95s  --------    0  n   Y  1.00  0.37 1.00 -  |   472.3    445.0  0.00 |  0.0  1.0 1   0   0  1  0  0
  - 2.85s  A-----Y-    3  n   Y  0.00  0.45 1.00 T  |   472.5    445.2  0.00 |  0.0  1.0 0   0   0  0  0  0
  - 2.73s  A-----Y-    3  n   Y  1.00  0.13 1.00 -  |   472.6    445.5  0.00 |  0.0  1.0 1   0   0  0  0  0
  - 2.63s  A-----Y-    3  n   Y  1.00  0.25 1.00 -  |   472.7    445.7  0.00 |  0.0  1.0 0   0   0  0  0  0
  - 2.51s  A-----Y-    3  n   Y  1.00  0.41 1.00 -  |   472.9    446.0  0.00 |  0.0  1.0 1   0   0  0  0  0
  - 2.41s  A-----Y-    3  n   Y  1.00  0.53 1.00 -  |   473.2    446.1  0.00 |  0.0  1.0 0   0   0  0  0  0
  - 2.29s  ------Y-    3  Y   Y  1.00  0.68 1.00 -  |   473.5    446.3  0.00 |  0.0  0.0 0   0   0  0  0  0
  - 2.19s  ------Y-    3  Y   Y  1.00  0.81 1.00 -  |   473.6    446.4  0.00 |  1.0  0.0 0   0   0  0  0  0
  - 2.09s  --------    3  Y   Y  1.00  0.93 1.00 T  |   473.8    446.4  0.00 |  0.0 -1.0 0   0   0  0  0  0
  - 1.97s  --------    3  Y   Y  1.00  0.12 1.00 -  |   473.7    446.2  0.00 |  0.0 -1.0 0   0   0  0  0  0
  - 1.85s  --------    3  Y   Y  1.00  0.24 1.00 -  |   473.5    446.1  0.00 |  0.0 -1.0 0   0   0  0  0  0
  - 1.75s  --------    3  Y   Y  1.00  0.35 1.00 -  |   473.3    445.9  0.00 |  0.0 -1.0 0   0   0  0  0  0
  - 1.63s  --------    3  Y   Y  1.00  0.46 1.00 -  |   473.1    445.8  0.00 |  0.0 -1.0 0   0   0  0  0  0
  - 1.53s  --------    3  Y   Y  1.00  0.56 1.00 -  |   472.9    445.7  0.00 |  0.0 -1.0 0   0   0  0  0  0
  - 1.43s  --------    3  Y   Y  1.00  0.66 1.00 -  |   472.8    445.6  0.00 |  0.0 -1.0 0   0   0  0  0  0
  - 1.31s  --------    3  Y   Y  1.00  0.78 1.00 -  |   472.6    445.5  0.00 |  0.0 -1.0 0   0   0  0  0  0
  - 1.19s  --------    3  Y   Y  1.00  0.90 1.00 -  |   472.4    445.3  0.00 |  0.0 -1.0 0   0   0  0  0  0
  - 1.08s  --------    3  Y   Y  1.00  1.01 1.00 -  |   472.2    445.2  0.00 |  0.0 -1.0 0   0   0  0  0  0
  - 0.98s  --------    3  Y   Y  1.00  1.11 1.00 -  |   472.0    445.1  0.00 |  0.0 -1.0 0   0   0  0  0  0
  - 0.86s  --------    3  Y   Y  1.00  1.23 1.00 -  |   471.8    444.9  0.00 |  0.0 -1.0 0   0   0  0  0  0
  - 0.75s  --------    3  n   Y  1.00  1.34 1.00 -  |   471.6    444.8  0.00 |  0.0 -1.0 0   0   0  1  0  0
  - 0.64s  --------    3  n   Y  1.00  1.45 1.00 -  |   471.3    444.6  0.00 |  0.0 -1.0 0   0   0  0  0  0
  - 0.52s  --------    3  n   Y  1.00  1.57 1.00 -  |   471.0    444.4  0.00 |  0.0 -1.0 0   0   0  0  0  0
  - 0.40s  A-----Y-    3  n   Y  1.00  1.69 1.00 -  |   471.1    444.2  19.37 |  0.0 -1.0 0   0   0  0  0  0
  - 0.28s  A-----Y-    3  n   Y  1.00  0.13 1.00 -  |   472.4    443.7  0.00 |  0.0 -1.0 1   0   0  0  0  0
  - 0.16s  A-----Y-    3  n   Y  1.00  0.20 1.00 -  |   473.0    443.4  0.00 |  0.0 -1.0 0   0   0  0  0  0
  - 0.06s  A-----Y-    3  n   Y  1.00  0.33 1.00 -  |   472.9    443.2  0.00 |  0.0 -1.0 1   0   0  0  0  0
=========================================================== END

[  1752   33.980 x1.00] LOG  OniBoss took 10 damage. HP: 360/500
[  1752   33.980 x1.00] LOG  [OniBoss] 🤕 Hit during Attack — flash only
[  1752   33.980 x1.00] LOG  [OniBoss] Attack → Stagger
[  1752   33.980 x1.00] LOG  [OniBoss] Playing animation: Stagger
[  1752   33.980 x1.00] LOG  [OniBoss] STAGGERED for 2.5s
[  1752   33.980 x1.00] LOG  [OniBoss:Layer] heavy knock-back react (swirl burst, 3 hits / 30 dmg) → 'HitReact_Heavy', down for 1.80s
[  1752   33.980 x1.00] LOG  [OniBoss:Layer] burst: 3 hits / 30 dmg inside 0.8s → knock-back + 0.90m push
[  1752   33.980 x1.00] LOG  [CameraGameFeel] Shake: intensity=0.05 duration=0.150s
[  1752   33.980 x1.00] LOG  [OniBoss:Strike] ClubSlam: club tip closest to Yoru at 3.64m, clip position 0.11 | damage fires at 0.52 | clip 0.93s => damage fires 380 ms AFTER the club is closest — it lands once the club has passed her
[  1753   34.000 x1.00] LOG  [OniBoss:Trail] trail END at clip 0.34, fading over 0.40s.
[  1754   34.021 x1.00] LOG  💨 Landing VFX spawned!
[  1754   34.021 x1.00] LOG  ✅ LANDED! (was jump #1)
[  1754   34.021 x1.00] LOG  [AirPosePin] released, peak correction was 0.750m
[  1767   34.272 x1.00] LOG  [ComboTrace] END step=3 clipProgress=0.90 clipLen=0.79s queued=0 elapsed=0.77s
[  1845   35.780 x1.00] LOG  [OniBoss] Stagger → Chase
[  1846   35.801 x1.00] LOG  [OniBoss] Pull-band decision: RUN-IN (dist 5.9m, pullRange 0m, chance 0.50)
[  1846   35.801 x1.00] LOG  [OniBoss] Playing animation: run
[  1891   36.651 x1.00] LOG  [OniBoss] Playing animation: Watch
[  1891   36.651 x1.00] LOG  [OniBoss] Chase → Attack
[  1891   36.651 x1.00] LOG  [OniBoss] Attack: ClubSlam (20 dmg)
[  1891   36.651 x1.00] LOG  [OniBoss:Trail] ClubSlam trail START at clip 0.90 (transition done).
[  1891   36.651 x1.00] LOG  [OniBoss:ClubPos] ClubSlam at strike: club tip 0.54m up, -1.74m in front, 1.97m to his right (2.63m out from his centre). Club faces 108deg from his forward, pitch -0.76. Effect currently spawns at 1.20m up / 1.50m front => off by -0.66m up, -3.24m front.
[  1891   36.651 x1.00] LOG  [OniBoss:Layer] swing wave launched at 12m/s for up to 5.5m — visual only, the club already reached her at 3.4m.
[  1896   36.751 x1.00] LOG  [OniBoss:Layer] step-in: 'ClubSlam' closed 0.42m, Yoru now 3.0m away (range 3.5)
[  1921   37.158 x1.00] LOG  [CameraGameFeel] Shake: intensity=0.50 duration=0.400s
[  1921   37.158 x1.00] LOG  [Combat] Hit react: HitReact_Heavy_2Leg (0.9s)
[  1921   37.158 x1.00] LOG  [CameraGameFeel] Shake: intensity=0.28 duration=0.150s
[  1921   37.158 x1.00] LOG  [CameraGameFeel] FOV punch: player damage (-3.0°)
[  1921   37.158 x1.00] LOG  [OniBoss] Hit player for 20 (ClubSlam)
[  1921   37.158 x1.00] LOG  [AirPosePin] engaged, holding body at 0.615m above the transform
[  1923   37.193 x1.00] LOG  [AirPosePin] released, peak correction was 0.006m
[  1924   37.212 x1.00] LOG  [AirPosePin] engaged, holding body at 0.610m above the transform
[  1930   37.330 x1.00] LOG  [AirPosePin] released, peak correction was -0.003m
[  1946   37.593 x1.00] LOG  [OniBoss] Attack → Recovery
[  1946   37.593 x1.00] LOG  [OniBoss] Playing animation: Watch
[  1946   37.593 x1.00] LOG  [OniBoss:Trail] trail END at clip 1.00, fading over 0.40s.
[  1946   37.593 x1.00] LOG  [OniBoss:Strike] ClubSlam: club tip closest to Yoru at 0.48m, clip position 0.85 | damage fires at 0.52 | clip 0.93s => damage fires 302 ms BEFORE the club is closest
[  1955   37.749 x1.00] LOG  [OniBoss] Recovery → Chase
[  1956   37.768 x1.00] LOG  [OniBoss] hold-ground: BACKSTEP 1.5m (player 2.5m)
[  2005   38.711 x1.00] LOG  [OniBoss] hold-ground: backstep done (1.51m), WATCH (player 4.0m, cooldown 2.0s)
[  2005   38.711 x1.00] LOG  [OniBoss] Playing animation: Watch
[  2136   40.749 x1.00] LOG  [OniBoss] hold-ground: cooldown over, player 4.0m > 3.5m — APPROACH
[  2136   40.749 x1.00] LOG  [OniBoss] Playing animation: Walk
[  2169   41.321 x1.00] LOG  [OniBoss] Chase → Attack
[  2169   41.321 x1.00] LOG  [OniBoss] Attack: ClubSwing2 (16 dmg)
[  2169   41.321 x1.00] LOG  [OniBoss:Layer] step-in: 'ClubSwing2' closed 0.06m, Yoru now 3.0m away (range 3.5)
[  2169   41.321 x1.00] LOG  [OniBoss:Trail] ClubSwing2 trail START at clip 0.30 (transition done).
[  2194   41.719 x1.00] LOG  [CameraGameFeel] Shake: intensity=0.20 duration=0.250s
[  2194   41.719 x1.00] LOG  [Combat] Hit react: HitReact_Light_2Leg (0.5s)
[  2194   41.719 x1.00] LOG  [CameraGameFeel] Shake: intensity=0.09 duration=0.150s
[  2194   41.719 x1.00] LOG  [CameraGameFeel] FOV punch: player damage (-2.0°)
[  2194   41.719 x1.00] LOG  [OniBoss] Hit player for 16 (ClubSwing2)
[  2194   41.719 x1.00] LOG  [OniBoss:ClubPos] ClubSwing2 at strike: club tip 0.32m up, 1.39m in front, 2.90m to his right (3.21m out from his centre). Club faces 28deg from his forward, pitch -0.89. Effect currently spawns at 1.20m up / 1.50m front => off by -0.88m up, -0.11m front.
[  2194   41.719 x1.00] LOG  [OniBoss:Layer] swing wave launched at 12m/s for up to 5.5m — visual only, the club already reached her at 2.9m.
[  2194   41.719 x1.00] LOG  [AirPosePin] engaged, holding body at 0.621m above the transform
[  2203   41.891 x1.00] LOG  [AirPosePin] released, peak correction was 0.009m
[  2242   42.499 x1.00] LOG  [OniBoss] Attack → Recovery
[  2242   42.499 x1.00] LOG  [OniBoss] Playing animation: Watch
[  2242   42.499 x1.00] LOG  [OniBoss:Trail] trail END at clip 0.99, fading over 0.40s.
[  2242   42.499 x1.00] LOG  [OniBoss:Strike] ClubSwing2: club tip closest to Yoru at 0.56m, clip position 0.30 | damage fires at 0.32 | clip 1.17s => MATCHED (within one or two frames)
[  2252   42.653 x1.00] LOG  [OniBoss] Recovery → Chase
[  2253   42.669 x1.00] LOG  [OniBoss] hold-ground: BACKSTEP 1.5m (player 2.5m)
[  2258   42.762 x1.00] LOG  [StormWeather] ⚡ strike at (483.05, 45.00, 455.65)
[  2306   43.621 x1.00] LOG  [OniBoss] hold-ground: backstep done (1.52m), WATCH (player 4.0m, cooldown 2.0s)
[  2306   43.621 x1.00] LOG  [OniBoss] Playing animation: Watch
[  2438   45.654 x1.00] LOG  [OniBoss] hold-ground: cooldown over, player 4.0m > 3.5m — APPROACH
[  2438   45.654 x1.00] LOG  [OniBoss] Playing animation: Walk
[  2471   46.213 x1.00] LOG  [OniBoss] Chase → Attack
[  2471   46.213 x1.00] LOG  [OniBoss] Attack: ClubSwing2 (16 dmg)
[  2471   46.213 x1.00] LOG  [OniBoss:Layer] step-in: 'ClubSwing2' closed 0.06m, Yoru now 3.0m away (range 3.5)
[  2471   46.213 x1.00] LOG  [OniBoss:Trail] ClubSwing2 trail START at clip 0.29 (transition done).
[  2496   46.610 x1.00] LOG  [CameraGameFeel] Shake: intensity=0.20 duration=0.250s
[  2496   46.610 x1.00] LOG  [Combat] Hit react: HitReact_Light_2Leg (0.5s)
[  2496   46.610 x1.00] LOG  [CameraGameFeel] Shake: intensity=0.09 duration=0.150s
[  2496   46.610 x1.00] LOG  [CameraGameFeel] FOV punch: player damage (-2.0°)
[  2496   46.610 x1.00] LOG  [OniBoss] Hit player for 16 (ClubSwing2)
[  2496   46.610 x1.00] LOG  [OniBoss:ClubPos] ClubSwing2 at strike: club tip 0.23m up, 1.53m in front, 2.75m to his right (3.14m out from his centre). Club faces 20deg from his forward, pitch -0.89. Effect currently spawns at 1.20m up / 1.50m front => off by -0.97m up, 0.03m front.
[  2496   46.610 x1.00] LOG  [OniBoss:Layer] swing wave launched at 12m/s for up to 5.5m — visual only, the club already reached her at 2.9m.
[  2496   46.610 x1.00] LOG  [AirPosePin] engaged, holding body at 0.619m above the transform
[  2505   46.771 x1.00] LOG  [AirPosePin] released, peak correction was 0.007m
[  2546   47.400 x1.00] LOG  [OniBoss] Attack → Recovery
[  2546   47.400 x1.00] LOG  [OniBoss] Playing animation: Watch
[  2546   47.400 x1.00] LOG  [OniBoss:Trail] trail END at clip 1.00, fading over 0.40s.
[  2546   47.400 x1.00] LOG  [OniBoss:Strike] ClubSwing2: club tip closest to Yoru at 0.57m, clip position 0.30 | damage fires at 0.32 | clip 1.17s => MATCHED (within one or two frames)
[  2556   47.560 x1.00] LOG  [OniBoss] Recovery → Chase
[  2557   47.574 x1.00] LOG  [OniBoss] hold-ground: BACKSTEP 1.5m (player 2.5m)
[  2608   48.523 x1.00] LOG  [OniBoss] hold-ground: backstep done (1.51m), WATCH (player 4.0m, cooldown 2.0s)
[  2608   48.523 x1.00] LOG  [OniBoss] Playing animation: Watch
[  2736   50.565 x1.00] LOG  [OniBoss] hold-ground: cooldown over, player 4.0m > 3.5m — APPROACH
[  2736   50.565 x1.00] LOG  [OniBoss] Playing animation: Walk
[  2766   51.113 x1.00] LOG  [OniBoss] Chase → Attack
[  2766   51.113 x1.00] LOG  [OniBoss] Attack: Club_Swing (16 dmg)
[  2766   51.113 x1.00] LOG  [OniBoss:Layer] step-in: 'Club_Swing' closed 0.08m, Yoru now 3.0m away (range 3.5)
[  2766   51.113 x1.00] LOG  [OniBoss:Trail] Club_Swing trail START at clip 0.29 (transition done).
[  2811   51.858 x1.00] LOG  [CameraGameFeel] Shake: intensity=0.20 duration=0.250s
[  2811   51.858 x1.00] LOG  [Combat] Hit react: HitReact_Light_2Leg (0.5s)
[  2811   51.858 x1.00] LOG  [CameraGameFeel] Shake: intensity=0.09 duration=0.150s
[  2811   51.858 x1.00] LOG  [CameraGameFeel] FOV punch: player damage (-2.0°)
[  2811   51.858 x1.00] LOG  [OniBoss] Hit player for 16 (Club_Swing)
[  2811   51.858 x1.00] LOG  [OniBoss:ClubPos] Club_Swing at strike: club tip 0.92m up, 1.14m in front, -1.02m to his right (1.53m out from his centre). Club faces -71deg from his forward, pitch -0.29. Effect currently spawns at 1.20m up / 1.50m front => off by -0.28m up, -0.36m front.
[  2811   51.858 x1.00] LOG  [OniBoss:Layer] swing wave launched at 12m/s for up to 5.5m — visual only, the club already reached her at 2.9m.
[  2811   51.858 x1.00] LOG  [AirPosePin] engaged, holding body at 0.617m above the transform
[  2817   51.973 x1.00] LOG  [OniBoss] Attack → Recovery
[  2817   51.973 x1.00] LOG  [OniBoss] Playing animation: Watch
[  2817   51.973 x1.00] LOG  [OniBoss:Trail] trail END at clip 1.00, fading over 0.40s.
[  2817   51.973 x1.00] LOG  [OniBoss:Strike] Club_Swing: club tip closest to Yoru at 1.27m, clip position 0.91 | damage fires at 0.85 | clip 0.84s => damage fires 49 ms BEFORE the club is closest
[  2819   52.013 x1.00] LOG  [AirPosePin] released, peak correction was 0.005m
[  2826   52.132 x1.00] LOG  [OniBoss] Recovery → Chase
[  2827   52.150 x1.00] LOG  [OniBoss] hold-ground: BACKSTEP 1.5m (player 2.5m)
[  2877   53.103 x1.00] LOG  [OniBoss] hold-ground: backstep done (1.52m), WATCH (player 4.0m, cooldown 2.0s)
[  2877   53.103 x1.00] LOG  [OniBoss] Playing animation: Watch
[  3003   55.136 x1.00] LOG  [OniBoss] hold-ground: cooldown over, player 4.0m > 3.5m — APPROACH
[  3003   55.136 x1.00] LOG  [OniBoss] Playing animation: Walk
[  3032   55.694 x1.00] LOG  [OniBoss] Chase → Attack
[  3032   55.694 x1.00] LOG  [OniBoss] Attack: ClubSwing2 (16 dmg)
[  3032   55.694 x1.00] LOG  [OniBoss:Layer] step-in: 'ClubSwing2' closed 0.08m, Yoru now 3.0m away (range 3.5)
[  3032   55.694 x1.00] LOG  [OniBoss:Trail] ClubSwing2 trail START at clip 0.29 (transition done).
[  3057   56.101 x1.00] LOG  [CameraGameFeel] Shake: intensity=0.20 duration=0.250s
[  3057   56.101 x1.00] LOG  [Combat] Hit react: HitReact_Light_2Leg (0.5s)
[  3057   56.101 x1.00] LOG  [CameraGameFeel] Shake: intensity=0.09 duration=0.150s
[  3057   56.101 x1.00] LOG  [CameraGameFeel] FOV punch: player damage (-2.0°)
[  3057   56.101 x1.00] LOG  [OniBoss] Hit player for 16 (ClubSwing2)
[  3057   56.101 x1.00] LOG  [OniBoss:ClubPos] ClubSwing2 at strike: club tip 0.63m up, 0.98m in front, 3.31m to his right (3.45m out from his centre). Club faces 50deg from his forward, pitch -0.88. Effect currently spawns at 1.20m up / 1.50m front => off by -0.57m up, -0.52m front.
[  3057   56.101 x1.00] LOG  [OniBoss:Layer] swing wave launched at 12m/s for up to 5.5m — visual only, the club already reached her at 2.8m.
[  3057   56.101 x1.00] LOG  [AirPosePin] engaged, holding body at 0.614m above the transform
[  3066   56.265 x1.00] LOG  [AirPosePin] released, peak correction was 0.002m
[  3103   56.881 x1.00] LOG  [OniBoss] Attack → Recovery
[  3103   56.881 x1.00] LOG  [OniBoss] Playing animation: Watch
[  3103   56.881 x1.00] LOG  [OniBoss:Trail] trail END at clip 1.00, fading over 0.40s.
[  3103   56.881 x1.00] LOG  [OniBoss:Strike] ClubSwing2: club tip closest to Yoru at 0.91m, clip position 0.31 | damage fires at 0.32 | clip 1.17s => MATCHED (within one or two frames)
[  3113   57.044 x1.00] LOG  [OniBoss] Recovery → Chase
[  3114   57.059 x1.00] LOG  [OniBoss] hold-ground: BACKSTEP 1.5m (player 2.5m)
[  3162   58.003 x1.00] LOG  [OniBoss] hold-ground: backstep done (1.50m), WATCH (player 4.0m, cooldown 2.0s)
[  3162   58.003 x1.00] LOG  [OniBoss] Playing animation: Watch
[  3230   59.074 x1.00] LOG  [StormWeather] ⚡ strike at (476.09, 45.00, 445.33)
[  3290   60.044 x1.00] LOG  [OniBoss] hold-ground: cooldown over, player 4.0m > 3.5m — APPROACH
[  3290   60.044 x1.00] LOG  [OniBoss] Playing animation: Walk
[  3318   60.584 x1.00] LOG  [OniBoss] Chase → Attack
[  3318   60.584 x1.00] LOG  [OniBoss] Attack: ClubSlam (20 dmg)
[  3318   60.584 x1.00] LOG  [OniBoss:Layer] step-in: 'ClubSlam' closed 0.09m, Yoru now 3.0m away (range 3.5)
[  3318   60.584 x1.00] LOG  [OniBoss:Trail] ClubSlam trail START at clip 0.28 (transition done).
[  3349   61.092 x1.00] LOG  [CameraGameFeel] Shake: intensity=0.50 duration=0.400s
[  3349   61.092 x1.00] LOG  [Combat] Hit react: HitReact_Heavy_2Leg (0.9s)
[  3349   61.092 x1.00] LOG  [CameraGameFeel] Shake: intensity=0.28 duration=0.150s
[  3349   61.092 x1.00] LOG  [CameraGameFeel] FOV punch: player damage (-3.0°)
[  3349   61.092 x1.00] LOG  [OniBoss] Hit player for 20 (ClubSlam)
[  3349   61.092 x1.00] LOG  [OniBoss:ClubPos] ClubSlam at strike: club tip 0.17m up, 3.56m in front, 0.35m to his right (3.57m out from his centre). Club faces 19deg from his forward, pitch -0.09. Effect currently spawns at 1.20m up / 1.50m front => off by -1.03m up, 2.06m front.
[  3349   61.092 x1.00] LOG  [OniBoss:Layer] swing wave launched at 12m/s for up to 5.5m — visual only, the club already reached her at 2.9m.
[  3349   61.092 x1.00] LOG  [AirPosePin] engaged, holding body at 0.615m above the transform
[  3359   61.276 x1.00] LOG  [AirPosePin] released, peak correction was 0.002m
[  3374   61.525 x1.00] LOG  [OniBoss] Attack → Recovery
[  3374   61.525 x1.00] LOG  [OniBoss] Playing animation: Watch
[  3374   61.525 x1.00] LOG  [OniBoss:Trail] trail END at clip 1.00, fading over 0.40s.
[  3374   61.525 x1.00] LOG  [OniBoss:Strike] ClubSlam: club tip closest to Yoru at 0.50m, clip position 0.85 | damage fires at 0.52 | clip 0.93s => damage fires 309 ms BEFORE the club is closest
[  3383   61.685 x1.00] LOG  [OniBoss] Recovery → Chase
[  3384   61.703 x1.00] LOG  [OniBoss] hold-ground: BACKSTEP 1.5m (player 2.5m)
[  3434   62.655 x1.00] LOG  [OniBoss] hold-ground: backstep done (1.52m), WATCH (player 4.0m, cooldown 2.0s)
[  3434   62.655 x1.00] LOG  [OniBoss] Playing animation: Watch
[  3507   63.832 x1.00] LOG  [StormWeather] terrain layers restored to dry values.
# end — 412 lines
