# Oni combat log — 2026-08-21 15:54:43
# Unity 6000.2.7f2 | scene 'CaveScene_Oni_Boss1' | platform OSXEditor
# columns: [frame realSeconds timeScale] KIND message      (KIND: LOG WARN ERR EXC TEL)
#
[     0    0.000 x1.00] LOG  [OniLog] console + telemetry → /Users/asenahazal/Documents/Yoru/OniLogs/oni_2026-08-21_15-54-43.log
[     1    0.000 x1.00] LOG  [TailAirShot4Leg] Ready. drawState=shoot_4Leg castParam=Shoot4LegSpeed (found) readyFrame=5 fireFrame=10 frames=24 slowBudget=3s real damageMultiplier=2.00
  arrow leaves: PlayerYoru_1.1/Cat_All_10_Tails_v4/Group/DeformationSystem/root/Root_M/Tail15_R/Tail151_R/Tail152_R/Tail153_R/Tail154_R/Tail155_R/Tail156_R/Tail157_R/Tail158_R/Tail159_R/Tail1510_R/Tail1511_R/Tail1512_R/Tail6_R/Tail6_R_end/Tail6_R_end_end/Tail6_R_end_end_end/RightTailTip_Anchor
  aim VFX left:  PlayerYoru_1.1/Cat_All_10_Tails_v4/Group/DeformationSystem/root/Root_M/Tail15_L/Tail151_L/Tail152_L/Tail153_L/Tail154_L/Tail155_L/Tail156_L/Tail157_L/Tail158_L/Tail159_L/Tail1510_L/Tail1511_L/Tail1512_L/Tail6_L/Tail6_L_end/Tail6_L_end_end/Tail6_L_end_end_end/LeftTailTip_Anchor/Glow_4Leg_L
  aim VFX right: PlayerYoru_1.1/Cat_All_10_Tails_v4/Group/DeformationSystem/root/Root_M/Tail15_R/Tail151_R/Tail152_R/Tail153_R/Tail154_R/Tail155_R/Tail156_R/Tail157_R/Tail158_R/Tail159_R/Tail1510_R/Tail1511_R/Tail1512_R/Tail6_R/Tail6_R_end/Tail6_R_end_end/Tail6_R_end_end_end/RightTailTip_Anchor/Glow_4Leg_R
[     1    0.000 x1.00] LOG  [TailAirShot] Ready. drawState=RightTail_Fast castParam=TailCastSpeed (found)
  arrow leaves: PlayerYoru_1.1/Cat_All_10_Tails_v4/Group/DeformationSystem/root/Root_M/Tail15_R/Tail151_R/Tail152_R/Tail153_R/Tail154_R/Tail155_R/Tail156_R/Tail157_R/Tail158_R/Tail159_R/Tail1510_R/Tail1511_R/Tail1512_R/Tail6_R/Tail6_R_end/Tail6_R_end_end/Tail6_R_end_end_end/RightTailTip_Anchor
  aim VFX: PlayerYoru_1.1/Cat_All_10_Tails_v4/Group/DeformationSystem/root/Root_M/Tail15_R/Tail151_R/Tail152_R/Tail153_R/Tail154_R/Tail155_R/Tail156_R/Tail157_R/Tail158_R/Tail159_R/Tail1510_R/Tail1511_R/Tail1512_R/Tail6_R/Tail6_R_end/Tail6_R_end_end/Tail6_R_end_end_end/RightTailTip_Anchor/vfx_Muzzle_Fireball01Blue
[     1    0.000 x1.00] LOG  [PlayerCombat] Phase 2 form gate CONNECTED (FormController found on this GameObject).
[     1    0.000 x1.00] LOG  [Combat] PlayerCombat initialized — Phase 3C v27
[     1    0.000 x1.00] LOG  [RingMesh] VFX Status:
[     1    0.000 x1.00] LOG    Left: Prefab=✓, Spawn=Tail6_L_end_end_end
[     1    0.000 x1.00] LOG    Right: Prefab=✓, Spawn=Tail6_R_end_end_end
[     1    0.000 x1.00] LOG  === VFX MANAGER INITIALIZED ===
[     1    0.000 x1.00] LOG  Auto-detect animations: False
[     1    0.000 x1.00] LOG  Parent effects to tail: True
[     1    0.000 x1.00] LOG  Prefabs: Jump=True, Land=True, LTail=True, RTail=True
[     1    0.000 x1.00] LOG  ✅ Left Tail Tip: LeftTailVFX
[     1    0.000 x1.00] LOG  ✅ Right Tail Tip: RightTailTip_Anchor
[     1    0.000 x1.00] LOG  [StormWeather] layer 'TerrainLayer_Dirt_01' dry smoothness=0.00 (restore to this if a crash ever leaves it wet)
[     1    0.000 x1.00] LOG  [StormWeather] Ready. Rain on, floor drying... wait, soaking.
[     1    0.000 x1.00] LOG  [FreezeDebug v3] Armed. Manual=L. Auto=True. Buffer=60 snaps @ 0.1s = 6.0s history.
[     1    0.000 x1.00] LOG  [BossBar] BossHealthBarUI initialized
[     1    0.000 x1.00] LOG  OniBoss initialized with 500 HP
[     1    0.000 x1.00] LOG  [OniBoss] ANIMATOR SETUP: cullingMode=CullUpdateTransforms updateMode=Normal applyRootMotion=False speed=1
[     1    0.000 x1.00] LOG  [OniBoss] Initialized
[     1    0.000 x1.00] LOG  [OniBoss:Layer] facing: minFlat 1m, snapOnAttack off, trackInHitReact off
[     1    0.000 x1.00] LOG  [OniBoss:Layer] Yoru launch model ON: launches ALL THE WAY to an enemy within 4.7m of its surface at 10m/s (stop gap 0.00m, NO minimum distance), else steps 0.90m forward. Targeting cone left exactly as her prefab has it.
[     1    0.000 x1.00] LOG  [OniBoss:Layer] Yoru launch ROUND 9: airborne attacks launch too (ON), edge probe now runs on its OWN layer mask (Everything) instead of the line-of-sight mask - the Ground-only mask found no floor in this cave and was cancelling 100% of launches at 0.00m travelled.
[     1    0.000 x1.00] LOG  [OniBoss:Layer] animator speed x1.35 — his 1.13s swing now plays in 0.84s.
[     1    0.000 x1.00] LOG  [OniBoss:Layer] chase speed pushed: phase1 4.5, phase2 5.5 (Yoru runs at 7).
[     1    0.000 x1.00] LOG  [OniBoss:Layer] swing wave ON: 8 dmg out to 5.5m in a 120deg arc, Per-attack effects come from the Swing Wave VFX By Attack rows. PlayerHealth found.
[     1    0.000 x1.00] LOG  [OniBoss:Layer] strike contact measurement ON — tracking 'Kanabo3' at depth 4.
[     1    0.000 x1.00] LOG  [OniBoss:Layer] skinned meshes: 46 renderer(s), updateWhenOffscreen ON, body renderer 'Body' rootBone 'Hips'
[     1    0.000 x1.00] LOG  [OniBoss:Layer] charge travel bone: 'Hips' at depth 1 under 'OniBoss', rest local (0.00, 3.24, -0.24)
[     1    0.000 x1.00] LOG  [OniBoss:Layer] charge drive ON (windup to 0.40 at x1.3, rush 14m/s stops at 2.6m, steers 0.35s then commits, strike section from 0.58, strike moment 0.76, trail VFX off)
[     1    0.000 x1.00] LOG  [OniBoss:Layer] attack armor ON (his swings are not interrupted by light/medium hits; heavy hits and rapid-hit bursts still stop him)
[     1    0.000 x1.00] LOG  [OniBoss:Layer] strike moments overridden: Club_Swing=0.85 ClubSwing2=0.32 ClubSlam=0.52 KanaboSweep=0.48
[     1    0.000 x1.00] LOG  [OniBoss:Layer] hold-ground ON (backstep 1.5m @ 1.6m/s after own attacks, watch 'Watch', attack facing LOCKED)
[     1    0.000 x1.00] LOG  [OniBoss:Layer] OniBoss layer ready (reactions, wake-on-hit, watch stance, boss bar). player=found
[     1    0.000 x1.00] LOG  [OniBoss:Layer] charge clip 'Oni Charge.fbx' imports with Root Motion Node = None (in place) — good.
[     1    0.000 x1.00] LOG  [OniBoss:Layer] clips importing with Root Transform Position (Y) NOT baked into pose (12): Oni_Alert(Oni Alert), Club_Slam(Oni Club Slam), Club_Swing(Oni Club Swing), Club_swing2(Oni Club Swing 2), Death(Oni Death Kneel), Hit_react_light(Oni Hit react lighter light), KanaboSweep(Oni Kanabo sweep), Phase_Transition(Oni Phase transition), run(Oni Run), Walk(Oni Walk), Watch(Oni Watch), Idle(Oni Idle) — their hips' up/down motion is stripped (see round notes; optional).
[     1    0.000 x1.00] LOG  [VolumetricFogController] Found VolumetricFog component on mainCamera (1)
[     1    0.000 x1.00] LOG  [VolumetricFogController] Reflection init: density=True, height=True, baselineHeight=True, alpha=True, noiseStrength=True, lightScatteringExposure=True
[     1    0.000 x1.00] LOG  [VolumetricFogController] Initialized with Neutral preset (height=60, baselineHeight=0)
[     1    0.000 x1.00] WARN [VolumetricFogController] WorldStateManager not found!
[     1    0.000 x1.00] LOG  [CameraGameFeel] CameraGameFeel initialized (shake + FOV)
[     1    2.485 x1.00] LOG  [OniBoss] Playing animation: Idle
[    15    3.285 x1.00] LOG  💨 Landing VFX spawned!
[    15    3.285 x1.00] LOG  ✅ LANDED! (was jump #0)
[    76    4.326 x1.00] LOG  
==================== [FREEZE-DEBUG v3] ====================
  Reason : WASD-NOMOVE: WASD recent + speed 0.00m/s for 0.41s
  Time   : 1.328s   Frame: 76   Snaps: 13
===========================================================

--- CURRENT STATE ---
  Flags: atk=False hvy=False dod=False dsh=False
         grd=False hit=False aerial=False lockPos=False
         comboStep=0
  Anim : speed=1.00  combatLayer hash=-792875657 normT=1.308 weight=1.00 inTransition=False
  CC   : grounded=True  enabled=True  pos=(474.50, 0.67, 428.79)  vel=(0.00, -1.51, 0.00)
  Move : IsRunning=True
  Input: H=0.00 V=1.00  LMB=False MMB=False Q=False Sp=False Sh=True C=False
         WASD pressed in last 0.5s: True (last 0.00s ago)

--- FLIGHT RECORDER (13 snapshots, oldest first, dt=0.10s) ---
  Legend: flags = A(tk) H(vy) D(od) S(sh) G(rd) R(eact) Y(aerial) L(ock)   gnd/cc: Y/n
  t-now    flags     step gnd cc anSp normT layW tr | posX     posZ     spd   | H    V    LMB MMB Q  Sp Sh C
  ------   --------  ---- --- -- ---- ----- ---- -- | -----    -----    ----  | ---- ---- --- --- -- -- -- -
  - 1.33s  --------    0  n   Y  1.00  0.00 1.00 -  |   474.5    427.2  0.00 |  0.0  0.0 0   0   0  0  0  0
  - 1.23s  --------    0  n   Y  1.00  0.08 1.00 -  |   474.5    427.2  0.00 |  0.0  0.0 0   0   0  0  0  0
  - 1.11s  --------    0  n   Y  1.00  0.20 1.00 -  |   474.5    427.2  0.00 |  0.0  0.0 0   0   0  0  0  0
  - 1.00s  --------    0  Y   Y  1.00  0.31 1.00 -  |   474.5    427.2  0.00 |  0.0  0.0 0   0   0  0  0  0
  - 0.90s  --------    0  Y   Y  1.00  0.42 1.00 -  |   474.5    427.2  0.00 |  0.0  0.0 0   0   0  0  0  0
  - 0.78s  --------    0  Y   Y  1.00  0.53 1.00 -  |   474.5    427.2  0.00 |  0.0  0.0 0   0   0  0  0  0
  - 0.67s  --------    0  Y   Y  1.00  0.64 1.00 -  |   474.5    427.2  0.00 |  0.0  0.0 0   0   0  0  0  0
  - 0.57s  --------    0  Y   Y  1.00  0.75 1.00 -  |   474.5    427.2  0.00 |  0.0  0.0 0   0   0  0  0  0
  - 0.46s  --------    0  Y   Y  1.00  0.86 1.00 -  |   474.5    427.2  0.00 |  0.0  0.0 0   0   0  0  0  0
  - 0.35s  --------    0  Y   Y  1.00  0.96 1.00 -  |   474.5    427.3  0.00 |  0.0  1.0 0   0   0  0  0  0
  - 0.24s  --------    0  Y   Y  1.00  1.07 1.00 -  |   474.5    427.5  0.00 |  0.0  1.0 0   0   0  0  0  0
  - 0.13s  --------    0  Y   Y  1.00  1.18 1.00 -  |   474.5    427.8  0.00 |  0.0  1.0 0   0   0  0  1  0
  - 0.02s  --------    0  Y   Y  1.00  1.29 1.00 -  |   474.5    428.6  0.00 |  0.0  1.0 0   0   0  0  1  0
=========================================================== END

[   106    4.927 x1.00] LOG  🐾 4-LEG JUMP #0
[   106    4.927 x1.00] LOG  🐾 Jump 1 VFX spawned!
[   119    5.173 x0.10] LOG  [TailAirShot4Leg] ENTER 4 leg, slow on for up to 3s real, waiting for the fire button, drawState=shoot_4Leg | y=1.41 ts=0.10 fdt=0.0020
[   119    5.173 x0.10] LOG  [TailAirShot] entry refused: this airtime is not a 2 leg jump | y=1.41 ts=0.10 fdt=0.0020
[   119    5.173 x0.10] LOG  [AirPosePin] engaged, holding body at 0.646m above the transform
[   128    5.339 x1.00] LOG  [TailAirShot4Leg] EXIT (R released, nothing drawn) | y=1.52 ts=1.00 fdt=0.0200
[   128    5.339 x1.00] LOG  [AirPosePin] released, peak correction was -0.025m
[   163    6.006 x1.00] LOG  💨 Landing VFX spawned!
[   163    6.006 x1.00] LOG  ✅ LANDED! (was jump #1)
[   166    6.069 x1.00] LOG  🐾 4-LEG JUMP #0
[   166    6.069 x1.00] LOG  🐾 Jump 1 VFX spawned!
[   183    6.407 x0.10] LOG  [TailAirShot4Leg] ENTER 4 leg, slow on for up to 3s real, waiting for the fire button, drawState=shoot_4Leg | y=1.70 ts=0.10 fdt=0.0020
[   183    6.407 x0.10] LOG  [TailAirShot] entry refused: this airtime is not a 2 leg jump | y=1.70 ts=0.10 fdt=0.0020
[   183    6.407 x0.10] LOG  [AirPosePin] engaged, holding body at 1.153m above the transform
[   187    6.488 x0.10] LOG  [TailAirShot4Leg] DRAW started | y=1.74 ts=0.10 fdt=0.0020
[   197    6.686 x0.10] LOG  [TailAirShot4Leg] READY, frozen on frame 5 | y=1.78 ts=0.10 fdt=0.0020
[   233    7.325 x0.10] LOG  [TailAirShot4Leg] SHOT released (released from ready pose) | y=1.88 ts=0.10 fdt=0.0020
[   236    7.383 x1.00] LOG  [TailAirShot4Leg] FINISHER (R released mid motion), motion completes and fires | y=1.89 ts=1.00 fdt=0.0200
[   243    7.517 x1.00] LOG  [TailAirShot4Leg] FIRE, arrow away, dir=(0.37, -0.05, 0.93) damage=40 (20 x 2.00) | y=1.88 ts=1.00 fdt=0.0200
[   261    7.877 x1.00] LOG  💨 Landing VFX spawned!
[   261    7.877 x1.00] LOG  ✅ LANDED! (was jump #1)
[   261    7.877 x1.00] LOG  [AirPosePin] released, peak correction was 0.375m
[   266    7.977 x1.00] LOG  [TailAirShot4Leg] finisher done, fully idle | y=-0.02 ts=1.00 fdt=0.0200
[   278    8.217 x1.00] LOG  OniBoss took 40 damage. HP: 460/500
[   278    8.217 x1.00] LOG  [OniBoss] LostSoul → Stagger
[   278    8.217 x1.00] LOG  [OniBoss] Playing animation: Stagger
[   278    8.217 x1.00] LOG  [OniBoss] STAGGERED for 2.5s
[   278    8.217 x1.00] LOG  [OniBoss:Layer] heavy knock-back react (40 dmg) → 'HitReact_Heavy', down for 1.80s
[   279    8.239 x1.00] LOG  [BossBar] Showing bar for: Oni (460/500)
[   279    8.239 x1.00] LOG  [OniBoss:Layer] boss bar shown
[   340    9.447 x1.00] LOG  
==================== [FREEZE-DEBUG v3] ====================
  Reason : WASD-NOMOVE: WASD recent + speed 0.00m/s for 0.42s
  Time   : 5.420s   Frame: 340   Snaps: 49
===========================================================

--- CURRENT STATE ---
  Flags: atk=False hvy=False dod=False dsh=False
         grd=False hit=False aerial=False lockPos=False
         comboStep=0
  Anim : speed=1.00  combatLayer hash=-792875657 normT=1.450 weight=1.00 inTransition=False
  CC   : grounded=True  enabled=True  pos=(470.73, -0.02, 442.18)  vel=(0.00, 0.00, 0.00)
  Move : IsRunning=True
  Input: H=0.00 V=-1.00  LMB=False MMB=False Q=False Sp=False Sh=True C=False
         WASD pressed in last 0.5s: True (last 0.00s ago)

--- FLIGHT RECORDER (49 snapshots, oldest first, dt=0.10s) ---
  Legend: flags = A(tk) H(vy) D(od) S(sh) G(rd) R(eact) Y(aerial) L(ock)   gnd/cc: Y/n
  t-now    flags     step gnd cc anSp normT layW tr | posX     posZ     spd   | H    V    LMB MMB Q  Sp Sh C
  ------   --------  ---- --- -- ---- ----- ---- -- | -----    -----    ----  | ---- ---- --- --- -- -- -- -
  - 5.42s  --------    0  n   Y  1.00  0.00 1.00 -  |   474.5    427.2  0.00 |  0.0  0.0 0   0   0  0  0  0
  - 5.32s  --------    0  n   Y  1.00  0.08 1.00 -  |   474.5    427.2  0.00 |  0.0  0.0 0   0   0  0  0  0
  - 5.20s  --------    0  n   Y  1.00  0.20 1.00 -  |   474.5    427.2  0.00 |  0.0  0.0 0   0   0  0  0  0
  - 5.10s  --------    0  Y   Y  1.00  0.31 1.00 -  |   474.5    427.2  0.00 |  0.0  0.0 0   0   0  0  0  0
  - 4.99s  --------    0  Y   Y  1.00  0.42 1.00 -  |   474.5    427.2  0.00 |  0.0  0.0 0   0   0  0  0  0
  - 4.87s  --------    0  Y   Y  1.00  0.53 1.00 -  |   474.5    427.2  0.00 |  0.0  0.0 0   0   0  0  0  0
  - 4.76s  --------    0  Y   Y  1.00  0.64 1.00 -  |   474.5    427.2  0.00 |  0.0  0.0 0   0   0  0  0  0
  - 4.66s  --------    0  Y   Y  1.00  0.75 1.00 -  |   474.5    427.2  0.00 |  0.0  0.0 0   0   0  0  0  0
  - 4.55s  --------    0  Y   Y  1.00  0.86 1.00 -  |   474.5    427.2  0.00 |  0.0  0.0 0   0   0  0  0  0
  - 4.44s  --------    0  Y   Y  1.00  0.96 1.00 -  |   474.5    427.3  0.00 |  0.0  1.0 0   0   0  0  0  0
  - 4.33s  --------    0  Y   Y  1.00  1.07 1.00 -  |   474.5    427.5  0.00 |  0.0  1.0 0   0   0  0  0  0
  - 4.23s  --------    0  Y   Y  1.00  1.18 1.00 -  |   474.5    427.8  0.00 |  0.0  1.0 0   0   0  0  1  0
  - 4.11s  --------    0  Y   Y  1.00  1.29 1.00 -  |   474.5    428.6  0.00 |  0.0  1.0 0   0   0  0  1  0
  - 4.01s  --------    0  Y   Y  1.00  1.39 1.00 -  |   474.5    429.3  0.00 |  0.0  1.0 0   0   0  0  1  0
  - 3.89s  --------    0  Y   Y  1.00  1.51 1.00 -  |   474.5    430.2  0.00 |  0.0  1.0 0   0   0  0  1  0
  - 3.79s  --------    0  Y   Y  1.00  1.61 1.00 -  |   474.5    430.9  0.00 |  0.0  1.0 0   0   0  0  1  0
  - 3.67s  --------    0  Y   Y  1.00  1.73 1.00 -  |   474.5    431.7  0.00 |  0.0  1.0 0   0   0  0  1  0
  - 3.57s  --------    0  Y   Y  1.00  1.83 1.00 -  |   474.5    432.4  0.00 |  0.0  1.0 0   0   0  0  1  0
  - 3.45s  --------    0  n   Y  1.00  1.95 1.00 -  |   474.5    433.2  0.00 |  0.0  1.0 0   0   0  1  1  0
  - 3.34s  --------    0  n   Y  1.00  2.06 1.00 -  |   474.5    433.8  0.00 |  0.0  1.0 0   0   0  1  1  0
  - 3.24s  --------    0  n   Y  1.00  2.18 1.00 -  |   474.5    434.2  0.00 |  0.0  1.0 0   0   0  0  1  0
  - 3.13s  --------    0  n   Y  1.00  2.27 1.00 -  |   474.5    434.6  0.00 |  0.0  1.0 0   0   0  0  1  0
  - 3.02s  --------    0  n   Y  1.00  2.38 1.00 -  |   474.5    435.2  0.00 |  0.0  1.0 0   0   0  0  1  0
  - 2.90s  --------    0  n   Y  1.00  2.50 1.00 -  |   474.5    435.7  0.00 |  0.0  1.0 0   0   0  0  1  0
  - 2.78s  --------    0  n   Y  1.00  2.62 1.00 -  |   474.5    436.2  0.00 |  0.0  1.0 0   0   0  0  1  0
  - 2.66s  --------    0  n   Y  1.00  2.74 1.00 -  |   474.6    436.8  0.00 |  0.0  1.0 0   0   0  0  1  0
  - 2.56s  --------    0  Y   Y  1.00  2.84 1.00 -  |   474.6    437.2  0.00 |  0.0  1.0 0   0   0  0  1  0
  - 2.46s  --------    0  n   Y  1.00  2.94 1.00 -  |   474.6    437.9  0.00 |  0.0  1.0 0   0   0  1  1  0
  - 2.36s  --------    0  n   Y  1.00  3.04 1.00 -  |   474.6    438.3  0.00 |  0.0  1.0 0   0   0  1  1  0
  - 2.24s  --------    0  n   Y  1.00  3.16 1.00 -  |   474.6    438.9  0.00 |  0.0  1.0 0   0   0  0  1  0
  - 2.14s  --------    0  n   Y  1.00  0.12 1.00 -  |   474.6    439.3  0.00 |  0.0  1.0 0   0   0  0  1  0
  - 2.03s  --------    0  n   Y  1.00  0.30 1.00 -  |   474.8    439.8  0.00 |  0.0  1.0 0   0   0  0  1  0
  - 1.91s  --------    0  n   Y  1.00  0.45 1.00 -  |   475.0    440.2  0.00 |  0.0  0.0 0   0   0  0  1  0
  - 1.79s  --------    0  n   Y  1.00  0.60 1.00 -  |   475.2    440.7  0.00 |  1.0  0.0 0   0   0  0  1  0
  - 1.67s  --------    0  n   Y  1.00  0.75 1.00 -  |   475.6    441.0  0.00 |  1.0  0.0 0   0   0  0  0  0
  - 1.55s  --------    0  Y   Y  1.00  0.90 1.00 -  |   476.0    441.0  0.00 |  1.0  0.0 0   0   0  0  0  0
  - 1.45s  --------    0  Y   Y  1.00  1.03 1.00 T  |   476.1    440.9  0.00 |  1.0  0.0 0   0   0  0  0  0
  - 1.33s  --------    0  Y   Y  1.00  0.12 1.00 -  |   476.4    440.8  0.00 |  1.0  0.0 0   0   0  0  0  0
  - 1.21s  --------    0  Y   Y  1.00  0.24 1.00 -  |   476.6    440.7  0.00 |  1.0  0.0 0   0   0  0  0  0
  - 1.09s  --------    0  Y   Y  1.00  0.36 1.00 -  |   476.7    440.6  0.00 | -1.0  0.0 0   0   0  0  0  0
  - 0.98s  --------    0  Y   Y  1.00  0.47 1.00 -  |   476.6    440.7  0.00 | -1.0  0.0 0   0   0  0  0  0
  - 0.86s  --------    0  Y   Y  1.00  0.59 1.00 -  |   476.1    440.9  0.00 | -1.0  0.0 0   0   0  0  1  0
  - 0.74s  --------    0  Y   Y  1.00  0.71 1.00 -  |   475.3    441.3  0.00 | -1.0  0.0 0   0   0  0  1  0
  - 0.62s  --------    0  Y   Y  1.00  0.83 1.00 -  |   474.6    441.7  0.00 | -1.0  0.0 0   0   0  0  1  0
  - 0.50s  --------    0  Y   Y  1.00  0.95 1.00 -  |   473.9    442.1  0.00 | -1.0  0.0 0   0   0  0  1  0
  - 0.40s  --------    0  Y   Y  1.00  1.05 1.00 -  |   473.2    442.4  0.00 | -1.0  0.0 0   0   0  0  1  0
  - 0.28s  --------    0  Y   Y  1.00  1.17 1.00 -  |   472.5    442.7  0.00 | -1.0 -1.0 0   0   0  0  1  0
  - 0.18s  --------    0  Y   Y  1.00  1.27 1.00 -  |   471.8    442.8  0.00 |  0.0 -1.0 0   0   0  0  1  0
  - 0.06s  --------    0  Y   Y  1.00  1.39 1.00 -  |   471.0    442.5  0.00 |  0.0 -1.0 0   0   0  0  1  0
=========================================================== END

[   347    9.588 x1.00] LOG  🐾 4-LEG JUMP #0
[   347    9.588 x1.00] LOG  🐾 Jump 1 VFX spawned!
[   369   10.019 x1.00] LOG  [OniBoss] Stagger → Chase
[   370   10.038 x1.00] LOG  [OniBoss] Playing animation: run
[   394   10.518 x1.00] LOG  💨 Landing VFX spawned!
[   394   10.518 x1.00] LOG  ✅ LANDED! (was jump #1)
[   419   11.018 x1.00] LOG  [OniBoss] Ranged attack: Oni_Charge (dist 20.0m)
[   419   11.018 x1.00] LOG  [OniBoss] Chase → Attack
[   419   11.018 x1.00] LOG  [OniBoss] Attack: Oni_Charge (18 dmg)

[   419   11.018 x1.00] TEL ────────── CHARGE ──────────
[   419   11.018 x1.00] LOG  [OniBoss:Layer] charge begin: travel bone 'Hips' depth 1, local now (0.07, 3.01, -0.24) vs rest (0.00, 3.24, -0.24); pin ON; drive windup→rush→strike; engine Attack, AnimSpeed 1.30, clip at 0.00, dist 20.0m
[   419   11.018 x1.00] TEL charge Windup n=0.00 spd=1.30 mult=1.00 st=Attack anim=h1349952704/Charge drift=0.07 cut=0.07 meshOff=0.24m vis bounds+0.1m pos=(480.2,453.8) dist=20.0 vel=4.5
[   424   11.119 x1.00] TEL charge Windup n=0.09 spd=1.30 mult=1.30 st=Attack anim=Charge/- drift=0.44 cut=0.44 meshOff=0.24m vis bounds+0.1m pos=(480.2,453.8) dist=19.9 vel=0.0
[   429   11.219 x1.00] TEL charge Windup n=0.17 spd=1.30 mult=1.30 st=Attack anim=Charge/- drift=1.07 cut=1.07 meshOff=0.24m vis bounds+0.3m pos=(480.2,453.8) dist=19.9 vel=0.0
[   434   11.321 x1.00] TEL charge Windup n=0.26 spd=1.30 mult=1.30 st=Attack anim=Charge/- drift=1.01 cut=1.01 meshOff=0.24m vis bounds+0.4m pos=(480.2,453.8) dist=19.9 vel=0.0
[   439   11.419 x1.00] TEL charge Windup n=0.34 spd=1.30 mult=1.30 st=Attack anim=Charge/- drift=2.10 cut=2.10 meshOff=0.24m vis bounds+0.3m pos=(480.2,453.8) dist=19.9 vel=0.0
[   443   11.498 x1.00] LOG  [OniBoss:Layer] charge RUSH: clip frozen at 0.40, 19.9m to go at 14m/s
[   444   11.518 x1.00] TEL charge Rush   n=0.40 spd=0.00 mult=0.00 st=Attack anim=Charge/- drift=7.66 cut=7.66 meshOff=0.24m vis bounds+0.2m pos=(480.1,453.5) dist=19.6 vel=0.0
[   449   11.620 x1.00] TEL charge Rush   n=0.40 spd=0.00 mult=0.00 st=Attack anim=Charge/- drift=7.66 cut=7.66 meshOff=0.24m vis bounds+0.2m pos=(479.6,452.2) dist=18.3 vel=0.0
[   454   11.718 x1.00] TEL charge Rush   n=0.40 spd=0.00 mult=0.00 st=Attack anim=Charge/- drift=7.66 cut=7.66 meshOff=0.24m vis bounds+0.2m pos=(479.1,450.9) dist=17.0 vel=0.0
[   459   11.819 x1.00] TEL charge Rush   n=0.40 spd=0.00 mult=0.00 st=Attack anim=Charge/- drift=7.66 cut=7.66 meshOff=0.24m vis bounds+0.3m pos=(478.6,449.6) dist=15.7 vel=0.0
[   464   11.918 x1.00] TEL charge Rush   n=0.40 spd=0.00 mult=0.00 st=Attack anim=Charge/- drift=7.66 cut=7.66 meshOff=0.24m vis bounds+0.3m pos=(478.2,448.3) dist=14.4 vel=0.0
[   469   12.013 x1.00] TEL charge Rush   n=0.40 spd=0.00 mult=0.00 st=Attack anim=Charge/- drift=7.66 cut=7.66 meshOff=0.24m vis bounds+0.3m pos=(477.9,447.0) dist=13.3 vel=0.0
[   474   12.109 x1.00] TEL charge Rush   n=0.40 spd=0.00 mult=0.00 st=Attack anim=Charge/- drift=7.66 cut=7.66 meshOff=0.24m vis bounds+0.3m pos=(477.5,445.7) dist=11.8 vel=0.0
[   479   12.208 x1.00] TEL charge Rush   n=0.40 spd=0.00 mult=0.00 st=Attack anim=Charge/- drift=7.66 cut=7.66 meshOff=0.24m vis bounds+0.3m pos=(477.1,444.4) dist=10.3 vel=0.0
[   484   12.311 x1.00] TEL charge Rush   n=0.40 spd=0.00 mult=0.00 st=Attack anim=Charge/- drift=7.66 cut=7.66 meshOff=0.24m vis bounds+0.3m pos=(476.6,443.0) dist=8.7 vel=0.0
[   489   12.409 x1.00] TEL charge Rush   n=0.40 spd=0.00 mult=0.00 st=Attack anim=Charge/- drift=7.66 cut=7.66 meshOff=0.24m vis bounds+0.3m pos=(476.2,441.7) dist=7.3 vel=0.0
[   494   12.508 x1.00] TEL charge Rush   n=0.40 spd=0.00 mult=0.00 st=Attack anim=Charge/- drift=7.66 cut=7.66 meshOff=0.24m vis bounds+0.3m pos=(475.8,440.4) dist=6.0 vel=0.0
[   499   12.608 x1.00] TEL charge Rush   n=0.40 spd=0.00 mult=0.00 st=Attack anim=Charge/- drift=7.66 cut=7.66 meshOff=0.24m vis bounds+0.3m pos=(475.4,439.0) dist=4.9 vel=0.0
[   504   12.708 x1.00] TEL charge Rush   n=0.40 spd=0.00 mult=0.00 st=Attack anim=Charge/- drift=7.66 cut=7.66 meshOff=0.24m vis bounds+0.3m pos=(475.0,437.7) dist=4.2 vel=0.0
[   508   12.788 x1.00] LOG  [OniBoss:Layer] charge STRIKE: arrived 2.6m from the lock point after 1.29s real — clip 0.40 → 0.58 (blend 0.10s), strike moment 0.76, Yoru 4.3m away
[   509   12.808 x1.00] TEL charge Strike n=0.58 spd=1.00 mult=1.00 st=Attack anim=Charge/Charge drift=9.89 cut=9.89 meshOff=0.24m vis bounds+0.3m pos=(474.8,437.1) dist=4.4 vel=0.0
[   514   12.910 x1.00] TEL charge Strike n=0.65 spd=1.00 mult=1.00 st=Attack anim=Charge/- drift=15.46 cut=15.46 meshOff=0.24m vis bounds+0.4m pos=(474.8,437.1) dist=4.6 vel=0.0
[   519   13.009 x1.00] TEL charge Strike n=0.71 spd=1.00 mult=1.00 st=Attack anim=Charge/- drift=16.36 cut=16.36 meshOff=0.24m vis bounds+0.5m pos=(474.8,437.1) dist=4.8 vel=0.0
[   524   13.102 x1.00] LOG  [CameraGameFeel] Shake: intensity=0.45 duration=0.350s
[   524   13.102 x1.00] LOG  [OniBoss] Attack missed, player out of range (4.9m > 3.5m)
[   524   13.102 x1.00] TEL charge Strike n=0.77 spd=1.00 mult=1.00 st=Attack anim=Charge/- drift=16.94 cut=16.94 meshOff=0.24m vis bounds+0.5m pos=(474.8,437.1) dist=4.9 vel=0.0
[   530   13.200 x1.00] TEL charge Strike n=0.83 spd=1.00 mult=1.00 st=Attack anim=Charge/- drift=17.46 cut=17.46 meshOff=0.24m vis bounds+0.4m pos=(474.8,437.1) dist=4.9 vel=0.0
[   536   13.297 x1.00] TEL charge Strike n=0.90 spd=1.00 mult=1.00 st=Attack anim=Charge/- drift=17.83 cut=17.83 meshOff=0.24m vis bounds+0.2m pos=(474.8,437.1) dist=4.9 vel=0.0
[   541   13.385 x1.00] TEL charge Strike n=0.95 spd=1.00 mult=1.00 st=Attack anim=Charge/- drift=18.03 cut=18.03 meshOff=0.24m vis bounds+0.3m pos=(474.8,437.1) dist=4.9 vel=0.0
[   546   13.467 x1.00] LOG  [OniBoss] Attack → Recovery
[   546   13.467 x1.00] LOG  [OniBoss] Playing animation: Watch
[   546   13.467 x1.00] LOG  [OniBoss:Layer] charge complete: engine left Attack (now Recovery) during Strike
[   547   13.488 x1.00] TEL charge None   n=1.02 spd=1.00 mult=1.00 st=Recovery anim=Charge/h-1849006814 drift=14.48 cut=14.48 meshOff=0.24m vis bounds+0.0m pos=(474.8,437.1) dist=4.9 vel=0.0
[   552   13.577 x1.00] TEL charge None   n=1.08 spd=1.00 mult=1.00 st=Recovery anim=Charge/h-1849006814 drift=5.75 cut=5.75 meshOff=0.24m vis bounds+0.1m pos=(474.8,437.1) dist=4.9 vel=0.0
[   555   13.627 x1.00] LOG  [OniBoss] Recovery → Chase
[   556   13.646 x1.00] LOG  [OniBoss] Playing animation: run
[   557   13.669 x1.00] TEL charge None   n=1.12 spd=1.00 mult=1.00 st=Chase anim=Charge/h1349952704 drift=0.65 cut=0.65 meshOff=0.24m vis bounds+0.1m pos=(474.8,437.1) dist=4.9 vel=0.0
[   562   13.758 x1.00] TEL charge None   n=1.12 spd=1.00 mult=1.00 st=Chase anim=Charge/h1349952704 drift=0.29 cut=0.29 meshOff=0.24m vis bounds+0.2m pos=(474.8,437.1) dist=4.8 vel=0.7
[   565   13.820 x1.00] LOG  [OniBoss:Layer] charge end (clip left the animator) after 2.80s real: pin measured 146 frames, cancelled on 146, max raw drift 18.08m, max cancelled 18.08m — travel WAS baked in, pin held it
[   588   14.259 x1.00] LOG  [OniBoss] hold-ground: BACKSTEP 1.5m (player 3.4m)
[   637   15.198 x1.00] LOG  [OniBoss] hold-ground: backstep done (1.50m), WATCH (player 3.6m, cooldown 1.4s)
[   637   15.198 x1.00] LOG  [OniBoss] Playing animation: Watch
[   669   15.776 x1.00] LOG  
==================== [FREEZE-DEBUG v3] ====================
  Reason : WASD-NOMOVE: WASD recent + speed 0.00m/s for 0.41s
  Time   : 11.749s   Frame: 669   Snaps: 60
===========================================================

--- CURRENT STATE ---
  Flags: atk=False hvy=False dod=False dsh=False
         grd=False hit=False aerial=False lockPos=False
         comboStep=0
  Anim : speed=1.00  combatLayer hash=-792875657 normT=7.784 weight=1.00 inTransition=False
  CC   : grounded=True  enabled=True  pos=(470.37, -0.02, 436.53)  vel=(0.00, 0.00, 0.00)
  Move : IsRunning=False
  Input: H=0.00 V=0.00  LMB=False MMB=False Q=False Sp=False Sh=False C=False
         WASD pressed in last 0.5s: True (last 0.26s ago)

--- FLIGHT RECORDER (60 snapshots, oldest first, dt=0.10s) ---
  Legend: flags = A(tk) H(vy) D(od) S(sh) G(rd) R(eact) Y(aerial) L(ock)   gnd/cc: Y/n
  t-now    flags     step gnd cc anSp normT layW tr | posX     posZ     spd   | H    V    LMB MMB Q  Sp Sh C
  ------   --------  ---- --- -- ---- ----- ---- -- | -----    -----    ----  | ---- ---- --- --- -- -- -- -
  - 6.61s  --------    0  Y   Y  1.00  1.17 1.00 -  |   472.5    442.7  0.00 | -1.0 -1.0 0   0   0  0  1  0
  - 6.51s  --------    0  Y   Y  1.00  1.27 1.00 -  |   471.8    442.8  0.00 |  0.0 -1.0 0   0   0  0  1  0
  - 6.39s  --------    0  Y   Y  1.00  1.39 1.00 -  |   471.0    442.5  0.00 |  0.0 -1.0 0   0   0  0  1  0
  - 6.27s  --------    0  Y   Y  1.00  1.51 1.00 -  |   470.5    441.8  0.00 |  0.0 -1.0 0   0   0  0  1  0
  - 6.17s  --------    0  n   Y  1.00  1.61 1.00 -  |   470.2    441.2  0.00 |  0.0 -1.0 0   0   0  1  0  0
  - 6.07s  --------    0  n   Y  1.00  1.71 1.00 -  |   470.0    440.8  0.00 |  0.0 -1.0 0   0   0  1  0  0
  - 5.95s  --------    0  n   Y  1.00  1.83 1.00 -  |   469.7    440.3  0.00 |  0.0 -1.0 0   0   0  0  0  0
  - 5.84s  --------    0  n   Y  1.00  1.94 1.00 -  |   469.5    439.9  0.00 |  0.0 -1.0 0   0   0  0  0  0
  - 5.74s  --------    0  n   Y  1.00  2.04 1.00 -  |   469.3    439.5  0.00 |  0.0  0.0 0   0   0  0  0  0
  - 5.62s  --------    0  n   Y  1.00  2.16 1.00 -  |   469.0    439.1  0.00 |  0.0  0.0 0   0   0  0  0  0
  - 5.52s  --------    0  n   Y  1.00  2.26 1.00 -  |   468.8    438.7  0.00 |  0.0  0.0 0   0   0  0  0  0
  - 5.40s  --------    0  n   Y  1.00  2.38 1.00 -  |   468.6    438.2  0.00 |  0.0  0.0 0   0   0  0  0  0
  - 5.28s  --------    0  n   Y  1.00  2.50 1.00 -  |   468.3    437.7  0.00 |  0.0  0.0 0   0   0  0  0  0
  - 5.18s  --------    0  Y   Y  1.00  2.60 1.00 -  |   468.3    437.6  0.00 |  1.0  0.0 0   0   0  0  0  0
  - 5.06s  --------    0  Y   Y  1.00  2.72 1.00 -  |   468.5    437.5  0.00 |  1.0  0.0 0   0   0  0  0  0
  - 4.96s  --------    0  Y   Y  1.00  2.82 1.00 -  |   468.6    437.4  0.00 |  1.0  0.0 0   0   0  0  0  0
  - 4.84s  --------    0  Y   Y  1.00  2.94 1.00 -  |   468.9    437.3  0.00 |  1.0  0.0 0   0   0  0  0  0
  - 4.74s  --------    0  Y   Y  1.00  3.04 1.00 -  |   469.1    437.2  0.00 |  1.0  0.0 0   0   0  0  1  0
  - 4.62s  --------    0  Y   Y  1.00  3.16 1.00 -  |   469.9    436.8  0.00 |  1.0  0.0 0   0   0  0  1  0
  - 4.52s  --------    0  Y   Y  1.00  3.26 1.00 -  |   470.5    436.5  0.00 |  1.0  0.0 0   0   0  0  1  0
  - 4.40s  --------    0  Y   Y  1.00  3.38 1.00 -  |   471.2    436.1  0.00 |  1.0  0.0 0   0   0  0  1  0
  - 4.30s  --------    0  Y   Y  1.00  3.48 1.00 -  |   471.9    435.8  0.00 |  1.0  0.0 0   0   0  0  1  0
  - 4.18s  --------    0  Y   Y  1.00  3.60 1.00 -  |   472.6    435.4  0.00 |  1.0  0.0 0   0   0  0  1  0
  - 4.06s  --------    0  Y   Y  1.00  3.72 1.00 -  |   473.3    435.0  0.00 |  1.0  0.0 0   0   0  0  1  0
  - 3.96s  --------    0  Y   Y  1.00  3.82 1.00 -  |   474.0    434.7  0.00 |  1.0  0.0 0   0   0  0  1  0
  - 3.84s  --------    0  Y   Y  1.00  3.94 1.00 -  |   474.7    434.3  0.00 |  0.0  0.0 0   0   0  0  1  0
  - 3.73s  --------    0  Y   Y  1.00  4.05 1.00 -  |   475.2    434.0  0.00 | -1.0  0.0 0   0   0  0  1  0
  - 3.61s  --------    0  Y   Y  1.00  4.17 1.00 -  |   474.5    434.4  0.00 | -1.0  0.0 0   0   0  0  1  0
  - 3.49s  --------    0  Y   Y  1.00  4.29 1.00 -  |   473.7    434.8  0.00 | -1.0  0.0 0   0   0  0  1  0
  - 3.37s  --------    0  Y   Y  1.00  4.41 1.00 -  |   473.0    435.2  0.00 | -1.0  0.0 0   0   0  0  1  0
  - 3.25s  --------    0  Y   Y  1.00  4.53 1.00 -  |   472.2    435.6  0.00 | -1.0  0.0 0   0   0  0  1  0
  - 3.13s  --------    0  Y   Y  1.00  4.65 1.00 -  |   471.5    435.9  0.00 | -1.0  0.0 0   0   0  0  1  0
  - 3.03s  --------    0  Y   Y  1.00  4.75 1.00 -  |   470.9    436.3  0.00 | -1.0  0.0 0   0   0  0  1  0
  - 2.93s  --------    0  Y   Y  1.00  4.85 1.00 -  |   470.3    436.6  0.00 |  0.0  0.0 0   0   0  0  0  0
  - 2.83s  --------    0  Y   Y  1.00  4.95 1.00 -  |   470.2    436.6  0.00 |  0.0  0.0 0   0   0  0  0  0
  - 2.73s  --------    0  Y   Y  1.00  5.05 1.00 -  |   470.0    436.7  0.00 |  0.0  0.0 0   0   0  0  0  0
  - 2.62s  --------    0  Y   Y  1.00  5.16 1.00 -  |   470.0    436.7  0.00 |  0.0  0.0 0   0   0  0  0  0
  - 2.51s  --------    0  Y   Y  1.00  5.27 1.00 -  |   470.0    436.7  0.00 |  0.0  0.0 0   0   0  0  0  0
  - 2.41s  --------    0  Y   Y  1.00  5.37 1.00 -  |   470.0    436.7  0.00 |  0.0  0.0 0   0   0  0  0  0
  - 2.31s  --------    0  Y   Y  1.00  5.47 1.00 -  |   470.0    436.7  0.00 |  0.0  0.0 0   0   0  0  0  0
  - 2.20s  --------    0  Y   Y  1.00  5.58 1.00 -  |   470.0    436.7  0.00 |  0.0  0.0 0   0   0  0  0  0
  - 2.09s  --------    0  Y   Y  1.00  5.69 1.00 -  |   470.0    436.7  0.00 |  0.0  0.0 0   0   0  0  0  0
  - 1.98s  --------    0  Y   Y  1.00  5.80 1.00 -  |   470.0    436.7  0.00 |  0.0  0.0 0   0   0  0  0  0
  - 1.86s  --------    0  Y   Y  1.00  5.92 1.00 -  |   470.0    436.7  0.00 |  0.0  0.0 0   0   0  0  0  0
  - 1.75s  --------    0  Y   Y  1.00  6.03 1.00 -  |   470.0    436.7  0.00 |  0.0  0.0 0   0   0  0  0  0
  - 1.63s  --------    0  Y   Y  1.00  6.15 1.00 -  |   470.0    436.7  0.00 |  0.0  0.0 0   0   0  0  0  0
  - 1.52s  --------    0  Y   Y  1.00  6.26 1.00 -  |   470.0    436.7  0.00 |  0.0  0.0 0   0   0  0  0  0
  - 1.40s  --------    0  Y   Y  1.00  6.38 1.00 -  |   470.0    436.7  0.00 |  0.0  0.0 0   0   0  0  0  0
  - 1.30s  --------    0  Y   Y  1.00  6.48 1.00 -  |   470.0    436.7  0.00 |  0.0  0.0 0   0   0  0  0  0
  - 1.20s  --------    0  Y   Y  1.00  6.58 1.00 -  |   470.0    436.7  0.00 |  0.0  0.0 0   0   0  0  0  0
  - 1.09s  --------    0  Y   Y  1.00  6.69 1.00 -  |   470.0    436.7  0.00 |  0.0  0.0 0   0   0  0  0  0
  - 0.99s  --------    0  Y   Y  1.00  6.79 1.00 -  |   470.0    436.7  0.00 |  0.0  0.0 0   0   0  0  0  0
  - 0.87s  --------    0  Y   Y  1.00  6.91 1.00 -  |   470.0    436.7  0.00 |  0.0  0.0 0   0   0  0  0  0
  - 0.76s  --------    0  Y   Y  1.00  7.02 1.00 -  |   470.0    436.7  0.00 |  0.0  0.0 0   0   0  0  0  0
  - 0.64s  --------    0  Y   Y  1.00  7.14 1.00 -  |   470.0    436.7  0.00 |  0.0  0.0 0   0   0  0  0  0
  - 0.52s  --------    0  Y   Y  1.00  7.26 1.00 -  |   470.0    436.7  0.00 |  0.0  0.0 0   0   0  0  0  0
  - 0.42s  --------    0  Y   Y  1.00  7.36 1.00 -  |   470.0    436.7  0.00 |  0.0  0.0 0   0   0  0  0  0
  - 0.32s  --------    0  Y   Y  1.00  7.46 1.00 -  |   470.0    436.7  0.00 |  1.0  0.0 0   0   0  0  0  0
  - 0.21s  --------    0  Y   Y  1.00  7.56 1.00 -  |   470.2    436.6  0.00 |  0.0  0.0 0   0   0  0  0  0
  - 0.10s  --------    0  Y   Y  1.00  7.68 1.00 -  |   470.4    436.5  0.00 |  0.0  0.0 0   0   0  0  0  0
=========================================================== END

[   721   16.643 x1.00] LOG  [OniBoss] Combo started: ClubSwing1 → ClubSwing2 → ClubSlam (3 steps remaining)
[   721   16.643 x1.00] LOG  [OniBoss] Chase → Attack
[   721   16.643 x1.00] LOG  [OniBoss] Attack: Club_Swing (16 dmg)
[   721   16.643 x1.00] LOG  [OniBoss:Trail] Club_Swing trail START at clip 0.93 (transition done).
[   721   16.643 x1.00] LOG  [OniBoss:ClubPos] Club_Swing at strike: club tip 5.09m up, -1.77m in front, 1.04m to his right (2.05m out from his centre). Club faces 157deg from his forward, pitch 0.10. (the wave is not anchored here any more — it is born 2.0m in front of him at 1.2m.)
[   721   16.643 x1.00] LOG  [OniBoss:Layer] swing wave born 2.0m in front of him, 7m/s x 4.0m = 0.57s of flight, visual lives 2.0s, threatens out to 6.0m — visual only, the club already reached her at 3.3m.
[   724   16.699 x1.00] LOG  [OniBoss:Layer] step-in: 'Club_Swing' closed 0.25m, Yoru now 3.0m away (range 3.5)
[   763   17.376 x1.00] LOG  [CameraGameFeel] Shake: intensity=0.20 duration=0.250s
[   763   17.376 x1.00] LOG  [Combat] Hit react: HitReact_Light_2Leg (0.5s)
[   763   17.376 x1.00] LOG  [CameraGameFeel] Shake: intensity=0.09 duration=0.150s
[   763   17.376 x1.00] LOG  [CameraGameFeel] FOV punch: player damage (-2.0°)
[   763   17.376 x1.00] LOG  [OniBoss] Hit player for 16 (Club_Swing)
[   763   17.376 x1.00] LOG  [AirPosePin] engaged, holding body at 0.616m above the transform
[   770   17.509 x1.00] LOG  [OniBoss] Attack → Recovery
[   770   17.509 x1.00] LOG  [OniBoss] Playing animation: Watch
[   770   17.509 x1.00] LOG  [OniBoss:Trail] trail END at clip 1.00, fading over 0.40s.
[   770   17.509 x1.00] LOG  [OniBoss:Strike] Club_Swing: club tip closest to Yoru at 1.25m, clip position 0.92 | damage fires at 0.85 | clip 0.84s => damage fires 59 ms BEFORE the club is closest
[   771   17.529 x1.00] LOG  [AirPosePin] released, peak correction was 0.005m
[   779   17.673 x1.00] LOG  [OniBoss] Recovery → Attack
[   779   17.673 x1.00] LOG  [OniBoss] Attack: ClubSwing2 (16 dmg)
[   779   17.673 x1.00] LOG  [OniBoss:Trail] ClubSwing2 trail START at clip 1.00 (transition still blending).
[   802   18.067 x1.00] LOG  [CameraGameFeel] Shake: intensity=0.20 duration=0.250s
[   802   18.067 x1.00] LOG  [Combat] Hit react: HitReact_Light_2Leg (0.5s)
[   802   18.067 x1.00] LOG  [CameraGameFeel] Shake: intensity=0.09 duration=0.150s
[   802   18.067 x1.00] LOG  [CameraGameFeel] FOV punch: player damage (-2.0°)
[   802   18.067 x1.00] LOG  [OniBoss] Hit player for 16 (ClubSwing2)
[   802   18.067 x1.00] LOG  [OniBoss:ClubPos] ClubSwing2 at strike: club tip 0.16m up, 1.65m in front, 2.60m to his right (3.08m out from his centre). Club faces 13deg from his forward, pitch -0.89. (the wave is not anchored here any more — it is born 2.0m in front of him at 1.2m.)
[   802   18.067 x1.00] LOG  [OniBoss:Layer] swing wave born 2.0m in front of him, 7m/s x 4.0m = 0.57s of flight, visual lives 2.0s, threatens out to 6.0m — visual only, the club already reached her at 2.4m.
[   802   18.067 x1.00] LOG  [AirPosePin] engaged, holding body at 0.619m above the transform
[   810   18.229 x1.00] LOG  [AirPosePin] released, peak correction was 0.008m
[   848   18.860 x1.00] LOG  [OniBoss] Attack → Recovery
[   848   18.860 x1.00] LOG  [OniBoss] Playing animation: Watch
[   848   18.860 x1.00] LOG  [OniBoss:Trail] trail END at clip 1.00, fading over 0.40s.
[   848   18.860 x1.00] LOG  [OniBoss:Strike] ClubSwing2: club tip closest to Yoru at 1.04m, clip position 0.29 | damage fires at 0.32 | clip 1.17s => MATCHED (within one or two frames)
[   857   19.017 x1.00] LOG  [OniBoss] Recovery → Attack
[   857   19.017 x1.00] LOG  [OniBoss] Attack: ClubSlam (20 dmg)
[   857   19.017 x1.00] LOG  [OniBoss:Trail] ClubSlam trail START at clip 1.00 (transition still blending).
[   887   19.527 x1.00] LOG  [CameraGameFeel] Shake: intensity=0.50 duration=0.400s
[   887   19.527 x1.00] LOG  [Combat] Hit react: HitReact_Heavy_2Leg (0.9s)
[   887   19.527 x1.00] LOG  [CameraGameFeel] Shake: intensity=0.28 duration=0.150s
[   887   19.527 x1.00] LOG  [CameraGameFeel] FOV punch: player damage (-3.0°)
[   887   19.527 x1.00] LOG  [OniBoss] Hit player for 20 (ClubSlam)
[   887   19.527 x1.00] LOG  [OniBoss:ClubPos] ClubSlam at strike: club tip 0.17m up, 3.56m in front, 0.35m to his right (3.58m out from his centre). Club faces 19deg from his forward, pitch -0.08. (the wave is not anchored here any more — it is born 2.0m in front of him at 1.2m.)
[   887   19.527 x1.00] LOG  [OniBoss:Layer] swing wave born 2.0m in front of him, 7m/s x 4.0m = 0.57s of flight, visual lives 2.0s, threatens out to 6.0m — visual only, the club already reached her at 2.0m.
[   887   19.527 x1.00] LOG  [AirPosePin] engaged, holding body at 0.612m above the transform
[   897   19.699 x1.00] LOG  [AirPosePin] released, peak correction was -0.001m
[   913   19.966 x1.00] LOG  [OniBoss] Attack → Recovery
[   913   19.966 x1.00] LOG  [OniBoss] Playing animation: Watch
[   913   19.966 x1.00] LOG  [OniBoss:Trail] trail END at clip 1.00, fading over 0.40s.
[   913   19.966 x1.00] LOG  [OniBoss:Strike] ClubSlam: club tip closest to Yoru at 0.15m, clip position 0.94 | damage fires at 0.52 | clip 0.93s => damage fires 388 ms BEFORE the club is closest
[   922   20.117 x1.00] LOG  [OniBoss] Recovery → Chase
[   923   20.133 x1.00] LOG  [OniBoss] hold-ground: BACKSTEP 1.5m (player 2.0m)
[   971   21.079 x1.00] LOG  [OniBoss] hold-ground: backstep done (1.51m), WATCH (player 3.5m, cooldown 2.0s)
[   971   21.079 x1.00] LOG  [OniBoss] Playing animation: Watch
[  1093   23.117 x1.00] LOG  [OniBoss] Chase → Attack
[  1093   23.117 x1.00] LOG  [OniBoss] Attack: ClubSlam (20 dmg)
[  1093   23.117 x1.00] LOG  [OniBoss:Trail] ClubSlam trail START at clip 1.00 (transition done).
[  1093   23.117 x1.00] LOG  [OniBoss:ClubPos] ClubSlam at strike: club tip 5.07m up, -1.77m in front, 1.03m to his right (2.05m out from his centre). Club faces 157deg from his forward, pitch 0.09. (the wave is not anchored here any more — it is born 2.0m in front of him at 1.2m.)
[  1093   23.117 x1.00] LOG  [OniBoss:Layer] swing wave born 2.0m in front of him, 7m/s x 4.0m = 0.57s of flight, visual lives 2.0s, threatens out to 6.0m — visual only, the club already reached her at 3.5m.
[  1098   23.220 x1.00] LOG  [OniBoss:Layer] step-in: 'ClubSlam' closed 0.49m, Yoru now 3.0m away (range 3.5)
[  1121   23.617 x1.00] LOG  [CameraGameFeel] Shake: intensity=0.50 duration=0.400s
[  1121   23.617 x1.00] LOG  [Combat] Hit react: HitReact_Heavy_2Leg (0.9s)
[  1121   23.617 x1.00] LOG  [CameraGameFeel] Shake: intensity=0.28 duration=0.150s
[  1121   23.617 x1.00] LOG  [CameraGameFeel] FOV punch: player damage (-3.0°)
[  1121   23.617 x1.00] LOG  [OniBoss] Hit player for 20 (ClubSlam)
[  1121   23.617 x1.00] LOG  [AirPosePin] engaged, holding body at 0.616m above the transform
[  1129   23.770 x1.00] LOG  [AirPosePin] released, peak correction was 0.005m
[  1146   24.059 x1.00] LOG  [OniBoss] Attack → Recovery
[  1146   24.059 x1.00] LOG  [OniBoss] Playing animation: Watch
[  1146   24.059 x1.00] LOG  [OniBoss:Trail] trail END at clip 1.00, fading over 0.40s.
[  1146   24.059 x1.00] LOG  [OniBoss:Strike] ClubSlam: club tip closest to Yoru at 0.45m, clip position 0.85 | damage fires at 0.52 | clip 0.93s => damage fires 309 ms BEFORE the club is closest
[  1155   24.211 x1.00] LOG  [OniBoss] Recovery → Chase
[  1156   24.228 x1.00] LOG  [OniBoss] hold-ground: BACKSTEP 1.5m (player 2.5m)
[  1205   25.181 x1.00] LOG  [OniBoss] hold-ground: backstep done (1.52m), WATCH (player 4.0m, cooldown 2.0s)
[  1205   25.181 x1.00] LOG  [OniBoss] Playing animation: Watch
[  1328   27.219 x1.00] LOG  [OniBoss] hold-ground: cooldown over, player 4.0m > 3.5m — APPROACH
[  1328   27.219 x1.00] LOG  [OniBoss] Playing animation: Walk
[  1358   27.803 x1.00] LOG  [OniBoss] Chase → Attack
[  1358   27.803 x1.00] LOG  [OniBoss] Attack: ClubSwing2 (16 dmg)
[  1358   27.803 x1.00] LOG  [OniBoss:Trail] ClubSwing2 trail START at clip 0.30 (transition done).
[  1359   27.822 x1.00] LOG  [OniBoss:Layer] step-in: 'ClubSwing2' closed 0.02m, Yoru now 3.0m away (range 3.5)
[  1381   28.204 x1.00] LOG  [CameraGameFeel] Shake: intensity=0.20 duration=0.250s
[  1381   28.204 x1.00] LOG  [Combat] Hit react: HitReact_Light_2Leg (0.5s)
[  1381   28.204 x1.00] LOG  [CameraGameFeel] Shake: intensity=0.09 duration=0.150s
[  1381   28.204 x1.00] LOG  [CameraGameFeel] FOV punch: player damage (-2.0°)
[  1381   28.204 x1.00] LOG  [OniBoss] Hit player for 16 (ClubSwing2)
[  1381   28.204 x1.00] LOG  [OniBoss:ClubPos] ClubSwing2 at strike: club tip 0.46m up, 1.19m in front, 3.11m to his right (3.33m out from his centre). Club faces 39deg from his forward, pitch -0.89. (the wave is not anchored here any more — it is born 2.0m in front of him at 1.2m.)
[  1381   28.204 x1.00] LOG  [OniBoss:Layer] swing wave born 2.0m in front of him, 7m/s x 4.0m = 0.57s of flight, visual lives 2.0s, threatens out to 6.0m — visual only, the club already reached her at 2.9m.
[  1381   28.204 x1.00] LOG  [AirPosePin] engaged, holding body at 0.619m above the transform
[  1389   28.367 x1.00] LOG  [AirPosePin] released, peak correction was 0.007m
[  1424   28.988 x1.00] LOG  [OniBoss] Attack → Recovery
[  1424   28.988 x1.00] LOG  [OniBoss] Playing animation: Watch
[  1424   28.988 x1.00] LOG  [OniBoss:Trail] trail END at clip 1.00, fading over 0.40s.
[  1424   28.988 x1.00] LOG  [OniBoss:Strike] ClubSwing2: club tip closest to Yoru at 0.46m, clip position 0.30 | damage fires at 0.32 | clip 1.17s => MATCHED (within one or two frames)
[  1433   29.139 x1.00] LOG  [OniBoss] Recovery → Chase
[  1434   29.158 x1.00] LOG  [OniBoss] hold-ground: BACKSTEP 1.5m (player 2.5m)
[  1482   30.099 x1.00] LOG  [OniBoss] hold-ground: backstep done (1.51m), WATCH (player 4.0m, cooldown 2.0s)
[  1482   30.099 x1.00] LOG  [OniBoss] Playing animation: Watch
[  1604   32.140 x1.00] LOG  [OniBoss] hold-ground: cooldown over, player 4.0m > 3.5m — APPROACH
[  1604   32.140 x1.00] LOG  [OniBoss] Playing animation: Walk
[  1633   32.702 x1.00] LOG  [OniBoss] Combo started: swing1-2 (2 steps remaining)
[  1633   32.702 x1.00] LOG  [OniBoss] Chase → Attack
[  1633   32.702 x1.00] LOG  [OniBoss] Attack: Club_Swing (16 dmg)
[  1633   32.702 x1.00] LOG  [OniBoss:Layer] step-in: 'Club_Swing' closed 0.09m, Yoru now 3.0m away (range 3.5)
[  1633   32.702 x1.00] LOG  [OniBoss:Trail] Club_Swing trail START at clip 0.29 (transition done).
[  1646   32.924 x1.00] LOG  [StormWeather] ⚡ strike at (480.51, 45.00, 448.78)
[  1676   36.801 x1.00] LOG  [CameraGameFeel] Shake: intensity=0.20 duration=0.250s
[  1676   36.801 x1.00] LOG  [Combat] Hit react: HitReact_Light_2Leg (0.5s)
[  1676   36.801 x1.00] LOG  [CameraGameFeel] Shake: intensity=0.09 duration=0.150s
[  1676   36.801 x1.00] LOG  [CameraGameFeel] FOV punch: player damage (-2.0°)
[  1676   36.801 x1.00] LOG  [OniBoss] Hit player for 16 (Club_Swing)
[  1676   36.801 x1.00] LOG  [OniBoss:ClubPos] Club_Swing at strike: club tip 0.74m up, 1.41m in front, -0.46m to his right (1.48m out from his centre). Club faces -48deg from his forward, pitch -0.41. (the wave is not anchored here any more — it is born 2.0m in front of him at 1.2m.)
[  1676   36.801 x1.00] LOG  [OniBoss:Layer] swing wave born 2.0m in front of him, 7m/s x 4.0m = 0.57s of flight, visual lives 2.0s, threatens out to 6.0m — visual only, the club already reached her at 2.8m.
[  1676   36.801 x1.00] LOG  [AirPosePin] engaged, holding body at 0.611m above the transform
[  1680   36.885 x1.00] LOG  [OniBoss] Attack → Recovery
[  1680   36.885 x1.00] LOG  [OniBoss] Playing animation: Watch
[  1680   36.885 x1.00] LOG  [OniBoss:Trail] trail END at clip 0.99, fading over 0.40s.
[  1680   36.885 x1.00] LOG  [OniBoss:Strike] Club_Swing: club tip closest to Yoru at 1.35m, clip position 0.92 | damage fires at 0.85 | clip 0.84s => damage fires 55 ms BEFORE the club is closest
[  1684   36.963 x1.00] LOG  [AirPosePin] released, peak correction was -0.001m
[  1688   37.042 x1.00] LOG  [OniBoss] Recovery → Attack
[  1688   37.042 x1.00] LOG  [OniBoss] Attack: ClubSwing2 (16 dmg)
[  1688   37.042 x1.00] LOG  [OniBoss:Trail] ClubSwing2 trail START at clip 1.00 (transition still blending).
[  1711   37.986 x1.00] LOG  [CameraGameFeel] Shake: intensity=0.20 duration=0.250s
[  1711   37.986 x1.00] LOG  [Combat] Hit react: HitReact_Heavy_2Leg (0.9s)
[  1711   37.986 x1.00] LOG  [CameraGameFeel] Shake: intensity=0.28 duration=0.150s
[  1711   37.986 x1.00] LOG  [CameraGameFeel] FOV punch: player damage (-3.0°)
[  1711   37.986 x1.00] LOG  [OniBoss] Hit player for 16 (ClubSwing2)
[  1711   37.986 x1.00] LOG  [OniBoss:ClubPos] ClubSwing2 at strike: club tip 0.30m up, 1.42m in front, 2.87m to his right (3.20m out from his centre). Club faces 26deg from his forward, pitch -0.89. (the wave is not anchored here any more — it is born 2.0m in front of him at 1.2m.)
[  1711   37.986 x1.00] LOG  [OniBoss:Layer] swing wave born 2.0m in front of him, 7m/s x 4.0m = 0.57s of flight, visual lives 2.0s, threatens out to 6.0m — visual only, the club already reached her at 2.4m.
[  1711   37.986 x1.00] LOG  [AirPosePin] engaged, holding body at 0.619m above the transform
[  1719   38.146 x1.00] LOG  [AirPosePin] released, peak correction was 0.007m
[  1754   39.192 x1.00] LOG  [OniBoss] Attack → Recovery
[  1754   39.192 x1.00] LOG  [OniBoss] Playing animation: Watch
[  1754   39.192 x1.00] LOG  [OniBoss:Trail] trail END at clip 1.00, fading over 0.40s.
[  1754   39.192 x1.00] LOG  [OniBoss:Strike] ClubSwing2: club tip closest to Yoru at 1.13m, clip position 0.29 | damage fires at 0.32 | clip 1.17s => damage fires 30 ms AFTER the club is closest — it lands once the club has passed her
[  1763   39.345 x1.00] LOG  [OniBoss] Recovery → Chase
[  1764   39.360 x1.00] LOG  [OniBoss] hold-ground: BACKSTEP 1.5m (player 2.0m)
[  1807   40.196 x1.00] LOG  [StormWeather] terrain layers restored to dry values.
# end — 269 lines
