# Oni combat log — 2026-09-18 21:48:10
# Unity 6000.2.7f2 | scene 'CaveScene_Oni_Boss1' | platform OSXEditor
# columns: [frame realSeconds timeScale] KIND message      (KIND: LOG WARN ERR EXC TEL)
#
[     0    0.000 x1.00] LOG  [OniLog] console + telemetry → /Users/asenahazal/Documents/Yoru/OniLogs/oni_2026-09-18_21-48-10.log
[     0    0.000 x1.00] LOG  [OniHairShadows] shadow casting off on 27 hair renderers
[     0    0.000 x1.00] LOG  [RingMesh] Auto-found 11/11 left, 11/11 right meshes
[     0    0.000 x1.00] EXC  MissingReferenceException: The object of type 'PlayerInteraction' has been destroyed but you are still trying to access it.
Your script should either check if it is null or you should not destroy the object.
        at UnityEngine.Object+MarshalledUnityObject.TryThrowEditorNullExceptionObject (UnityEngine.Object unityObj, System.String parameterName) (at /Users/bokken/build/output/unity/unity/Runtime/Export/Scripting/UnityEngineObject.bindings.cs:1063)
        at UnityEngine.Bindings.ThrowHelper.ThrowNullReferenceException (System.Object obj) (at /Users/bokken/build/output/unity/unity/Runtime/Export/Scripting/BindingsHelpers.cs:61)
        at UnityEngine.Behaviour.get_enabled () (at <e748b65af617494383b6e0a5b201a25d>:0)
        at UnityEditor.EditorGUI.DoInspectorTitlebar (UnityEngine.Rect position, System.Int32 id, System.Boolean foldout, UnityEngine.Object[] targetObjs, UnityEditor.SerializedProperty enabledProperty, UnityEngine.GUIStyle baseStyle) (at /Users/bokken/build/output/unity/unity/Editor/Mono/EditorGUI.cs:6116)
[     0    0.000 x1.00] EXC  MissingReferenceException: The object of type 'PlayerHealth' has been destroyed but you are still trying to access it.
Your script should either check if it is null or you should not destroy the object.
        at UnityEngine.Object+MarshalledUnityObject.TryThrowEditorNullExceptionObject (UnityEngine.Object unityObj, System.String parameterName) (at /Users/bokken/build/output/unity/unity/Runtime/Export/Scripting/UnityEngineObject.bindings.cs:1063)
        at UnityEngine.Bindings.ThrowHelper.ThrowNullReferenceException (System.Object obj) (at /Users/bokken/build/output/unity/unity/Runtime/Export/Scripting/BindingsHelpers.cs:61)
        at UnityEngine.Behaviour.get_enabled () (at <e748b65af617494383b6e0a5b201a25d>:0)
        at UnityEditor.EditorGUI.DoInspectorTitlebar (UnityEngine.Rect position, System.Int32 id, System.Boolean foldout, UnityEngine.Object[] targetObjs, UnityEditor.SerializedProperty enabledProperty, UnityEngine.GUIStyle baseStyle) (at /Users/bokken/build/output/unity/unity/Editor/Mono/EditorGUI.cs:6116)
[     0    0.000 x1.00] EXC  MissingReferenceException: The object of type 'SoulManager' has been destroyed but you are still trying to access it.
Your script should either check if it is null or you should not destroy the object.
        at UnityEngine.Object+MarshalledUnityObject.TryThrowEditorNullExceptionObject (UnityEngine.Object unityObj, System.String parameterName) (at /Users/bokken/build/output/unity/unity/Runtime/Export/Scripting/UnityEngineObject.bindings.cs:1063)
        at UnityEngine.Bindings.ThrowHelper.ThrowNullReferenceException (System.Object obj) (at /Users/bokken/build/output/unity/unity/Runtime/Export/Scripting/BindingsHelpers.cs:61)
        at UnityEngine.Behaviour.get_enabled () (at <e748b65af617494383b6e0a5b201a25d>:0)
        at UnityEditor.EditorGUI.DoInspectorTitlebar (UnityEngine.Rect position, System.Int32 id, System.Boolean foldout, UnityEngine.Object[] targetObjs, UnityEditor.SerializedProperty enabledProperty, UnityEngine.GUIStyle baseStyle) (at /Users/bokken/build/output/unity/unity/Editor/Mono/EditorGUI.cs:6116)
[     0    0.000 x1.00] EXC  MissingReferenceException: The object of type 'PlayerMovement' has been destroyed but you are still trying to access it.
Your script should either check if it is null or you should not destroy the object.
        at UnityEngine.Object+MarshalledUnityObject.TryThrowEditorNullExceptionObject (UnityEngine.Object unityObj, System.String parameterName) (at /Users/bokken/build/output/unity/unity/Runtime/Export/Scripting/UnityEngineObject.bindings.cs:1063)
        at UnityEngine.Bindings.ThrowHelper.ThrowNullReferenceException (System.Object obj) (at /Users/bokken/build/output/unity/unity/Runtime/Export/Scripting/BindingsHelpers.cs:61)
        at UnityEngine.Behaviour.get_enabled () (at <e748b65af617494383b6e0a5b201a25d>:0)
        at UnityEditor.EditorGUI.DoInspectorTitlebar (UnityEngine.Rect position, System.Int32 id, System.Boolean foldout, UnityEngine.Object[] targetObjs, UnityEditor.SerializedProperty enabledProperty, UnityEngine.GUIStyle baseStyle) (at /Users/bokken/build/output/unity/unity/Editor/Mono/EditorGUI.cs:6116)
[     0    0.000 x1.00] EXC  MissingReferenceException: The object of type 'YoruVFXManager' has been destroyed but you are still trying to access it.
Your script should either check if it is null or you should not destroy the object.
        at UnityEngine.Object+MarshalledUnityObject.TryThrowEditorNullExceptionObject (UnityEngine.Object unityObj, System.String parameterName) (at /Users/bokken/build/output/unity/unity/Runtime/Export/Scripting/UnityEngineObject.bindings.cs:1063)
        at UnityEngine.Bindings.ThrowHelper.ThrowNullReferenceException (System.Object obj) (at /Users/bokken/build/output/unity/unity/Runtime/Export/Scripting/BindingsHelpers.cs:61)
        at UnityEngine.Behaviour.get_enabled () (at <e748b65af617494383b6e0a5b201a25d>:0)
        at UnityEditor.EditorGUI.DoInspectorTitlebar (UnityEngine.Rect position, System.Int32 id, System.Boolean foldout, UnityEngine.Object[] targetObjs, UnityEditor.SerializedProperty enabledProperty, UnityEngine.GUIStyle baseStyle) (at /Users/bokken/build/output/unity/unity/Editor/Mono/EditorGUI.cs:6116)
[     0    0.000 x1.00] EXC  MissingReferenceException: The object of type 'RingMeshController' has been destroyed but you are still trying to access it.
Your script should either check if it is null or you should not destroy the object.
        at UnityEngine.Object+MarshalledUnityObject.TryThrowEditorNullExceptionObject (UnityEngine.Object unityObj, System.String parameterName) (at /Users/bokken/build/output/unity/unity/Runtime/Export/Scripting/UnityEngineObject.bindings.cs:1063)
        at UnityEngine.Bindings.ThrowHelper.ThrowNullReferenceException (System.Object obj) (at /Users/bokken/build/output/unity/unity/Runtime/Export/Scripting/BindingsHelpers.cs:61)
        at UnityEngine.Behaviour.get_enabled () (at <e748b65af617494383b6e0a5b201a25d>:0)
        at UnityEditor.EditorGUI.DoInspectorTitlebar (UnityEngine.Rect position, System.Int32 id, System.Boolean foldout, UnityEngine.Object[] targetObjs, UnityEditor.SerializedProperty enabledProperty, UnityEngine.GUIStyle baseStyle) (at /Users/bokken/build/output/unity/unity/Editor/Mono/EditorGUI.cs:6116)
[     0    0.000 x1.00] EXC  MissingReferenceException: The object of type 'PlayerCombat' has been destroyed but you are still trying to access it.
Your script should either check if it is null or you should not destroy the object.
        at UnityEngine.Object+MarshalledUnityObject.TryThrowEditorNullExceptionObject (UnityEngine.Object unityObj, System.String parameterName) (at /Users/bokken/build/output/unity/unity/Runtime/Export/Scripting/UnityEngineObject.bindings.cs:1063)
        at UnityEngine.Bindings.ThrowHelper.ThrowNullReferenceException (System.Object obj) (at /Users/bokken/build/output/unity/unity/Runtime/Export/Scripting/BindingsHelpers.cs:61)
        at UnityEngine.Behaviour.get_enabled () (at <e748b65af617494383b6e0a5b201a25d>:0)
        at UnityEditor.EditorGUI.DoInspectorTitlebar (UnityEngine.Rect position, System.Int32 id, System.Boolean foldout, UnityEngine.Object[] targetObjs, UnityEditor.SerializedProperty enabledProperty, UnityEngine.GUIStyle baseStyle) (at /Users/bokken/build/output/unity/unity/Editor/Mono/EditorGUI.cs:6116)
[     0    0.000 x1.00] EXC  MissingReferenceException: The object of type 'YoruSleepIntro' has been destroyed but you are still trying to access it.
Your script should either check if it is null or you should not destroy the object.
        at UnityEngine.Object+MarshalledUnityObject.TryThrowEditorNullExceptionObject (UnityEngine.Object unityObj, System.String parameterName) (at /Users/bokken/build/output/unity/unity/Runtime/Export/Scripting/UnityEngineObject.bindings.cs:1063)
        at UnityEngine.Bindings.ThrowHelper.ThrowNullReferenceException (System.Object obj) (at /Users/bokken/build/output/unity/unity/Runtime/Export/Scripting/BindingsHelpers.cs:61)
        at UnityEngine.Behaviour.get_enabled () (at <e748b65af617494383b6e0a5b201a25d>:0)
        at UnityEditor.EditorGUI.DoInspectorTitlebar (UnityEngine.Rect position, System.Int32 id, System.Boolean foldout, UnityEngine.Object[] targetObjs, UnityEditor.SerializedProperty enabledProperty, UnityEngine.GUIStyle baseStyle) (at /Users/bokken/build/output/unity/unity/Editor/Mono/EditorGUI.cs:6116)
[     0    0.000 x1.00] EXC  MissingReferenceException: The object of type 'GuardMovementController' has been destroyed but you are still trying to access it.
Your script should either check if it is null or you should not destroy the object.
        at UnityEngine.Object+MarshalledUnityObject.TryThrowEditorNullExceptionObject (UnityEngine.Object unityObj, System.String parameterName) (at /Users/bokken/build/output/unity/unity/Runtime/Export/Scripting/UnityEngineObject.bindings.cs:1063)
        at UnityEngine.Bindings.ThrowHelper.ThrowNullReferenceException (System.Object obj) (at /Users/bokken/build/output/unity/unity/Runtime/Export/Scripting/BindingsHelpers.cs:61)
        at UnityEngine.Behaviour.get_enabled () (at <e748b65af617494383b6e0a5b201a25d>:0)
        at UnityEditor.EditorGUI.DoInspectorTitlebar (UnityEngine.Rect position, System.Int32 id, System.Boolean foldout, UnityEngine.Object[] targetObjs, UnityEditor.SerializedProperty enabledProperty, UnityEngine.GUIStyle baseStyle) (at /Users/bokken/build/output/unity/unity/Editor/Mono/EditorGUI.cs:6116)
[     0    0.000 x1.00] EXC  MissingReferenceException: The object of type 'FormController' has been destroyed but you are still trying to access it.
Your script should either check if it is null or you should not destroy the object.
        at UnityEngine.Object+MarshalledUnityObject.TryThrowEditorNullExceptionObject (UnityEngine.Object unityObj, System.String parameterName) (at /Users/bokken/build/output/unity/unity/Runtime/Export/Scripting/UnityEngineObject.bindings.cs:1063)
        at UnityEngine.Bindings.ThrowHelper.ThrowNullReferenceException (System.Object obj) (at /Users/bokken/build/output/unity/unity/Runtime/Export/Scripting/BindingsHelpers.cs:61)
        at UnityEngine.Behaviour.get_enabled () (at <e748b65af617494383b6e0a5b201a25d>:0)
        at UnityEditor.EditorGUI.DoInspectorTitlebar (UnityEngine.Rect position, System.Int32 id, System.Boolean foldout, UnityEngine.Object[] targetObjs, UnityEditor.SerializedProperty enabledProperty, UnityEngine.GUIStyle baseStyle) (at /Users/bokken/build/output/unity/unity/Editor/Mono/EditorGUI.cs:6116)
[     0    0.000 x1.00] EXC  MissingReferenceException: The object of type 'ClimbController' has been destroyed but you are still trying to access it.
Your script should either check if it is null or you should not destroy the object.
        at UnityEngine.Object+MarshalledUnityObject.TryThrowEditorNullExceptionObject (UnityEngine.Object unityObj, System.String parameterName) (at /Users/bokken/build/output/unity/unity/Runtime/Export/Scripting/UnityEngineObject.bindings.cs:1063)
        at UnityEngine.Bindings.ThrowHelper.ThrowNullReferenceException (System.Object obj) (at /Users/bokken/build/output/unity/unity/Runtime/Export/Scripting/BindingsHelpers.cs:61)
        at UnityEngine.Behaviour.get_enabled () (at <e748b65af617494383b6e0a5b201a25d>:0)
        at UnityEditor.EditorGUI.DoInspectorTitlebar (UnityEngine.Rect position, System.Int32 id, System.Boolean foldout, UnityEngine.Object[] targetObjs, UnityEditor.SerializedProperty enabledProperty, UnityEngine.GUIStyle baseStyle) (at /Users/bokken/build/output/unity/unity/Editor/Mono/EditorGUI.cs:6116)
[     0    0.000 x1.00] EXC  MissingReferenceException: The object of type 'ClimbFX' has been destroyed but you are still trying to access it.
Your script should either check if it is null or you should not destroy the object.
        at UnityEngine.Object+MarshalledUnityObject.TryThrowEditorNullExceptionObject (UnityEngine.Object unityObj, System.String parameterName) (at /Users/bokken/build/output/unity/unity/Runtime/Export/Scripting/UnityEngineObject.bindings.cs:1063)
        at UnityEngine.Bindings.ThrowHelper.ThrowNullReferenceException (System.Object obj) (at /Users/bokken/build/output/unity/unity/Runtime/Export/Scripting/BindingsHelpers.cs:61)
        at UnityEngine.Behaviour.get_enabled () (at <e748b65af617494383b6e0a5b201a25d>:0)
        at UnityEditor.EditorGUI.DoInspectorTitlebar (UnityEngine.Rect position, System.Int32 id, System.Boolean foldout, UnityEngine.Object[] targetObjs, UnityEditor.SerializedProperty enabledProperty, UnityEngine.GUIStyle baseStyle) (at /Users/bokken/build/output/unity/unity/Editor/Mono/EditorGUI.cs:6116)
[     0    0.000 x1.00] EXC  MissingReferenceException: The object of type 'TailAimController' has been destroyed but you are still trying to access it.
Your script should either check if it is null or you should not destroy the object.
        at UnityEngine.Object+MarshalledUnityObject.TryThrowEditorNullExceptionObject (UnityEngine.Object unityObj, System.String parameterName) (at /Users/bokken/build/output/unity/unity/Runtime/Export/Scripting/UnityEngineObject.bindings.cs:1063)
        at UnityEngine.Bindings.ThrowHelper.ThrowNullReferenceException (System.Object obj) (at /Users/bokken/build/output/unity/unity/Runtime/Export/Scripting/BindingsHelpers.cs:61)
        at UnityEngine.Behaviour.get_enabled () (at <e748b65af617494383b6e0a5b201a25d>:0)
        at UnityEditor.EditorGUI.DoInspectorTitlebar (UnityEngine.Rect position, System.Int32 id, System.Boolean foldout, UnityEngine.Object[] targetObjs, UnityEditor.SerializedProperty enabledProperty, UnityEngine.GUIStyle baseStyle) (at /Users/bokken/build/output/unity/unity/Editor/Mono/EditorGUI.cs:6116)
[     0    0.000 x1.00] EXC  MissingReferenceException: The object of type 'TailAimController4Leg' has been destroyed but you are still trying to access it.
Your script should either check if it is null or you should not destroy the object.
        at UnityEngine.Object+MarshalledUnityObject.TryThrowEditorNullExceptionObject (UnityEngine.Object unityObj, System.String parameterName) (at /Users/bokken/build/output/unity/unity/Runtime/Export/Scripting/UnityEngineObject.bindings.cs:1063)
        at UnityEngine.Bindings.ThrowHelper.ThrowNullReferenceException (System.Object obj) (at /Users/bokken/build/output/unity/unity/Runtime/Export/Scripting/BindingsHelpers.cs:61)
        at UnityEngine.Behaviour.get_enabled () (at <e748b65af617494383b6e0a5b201a25d>:0)
        at UnityEditor.EditorGUI.DoInspectorTitlebar (UnityEngine.Rect position, System.Int32 id, System.Boolean foldout, UnityEngine.Object[] targetObjs, UnityEditor.SerializedProperty enabledProperty, UnityEngine.GUIStyle baseStyle) (at /Users/bokken/build/output/unity/unity/Editor/Mono/EditorGUI.cs:6116)
[     0    0.000 x1.00] EXC  MissingReferenceException: The object of type 'YoruLightRig' has been destroyed but you are still trying to access it.
Your script should either check if it is null or you should not destroy the object.
        at UnityEngine.Object+MarshalledUnityObject.TryThrowEditorNullExceptionObject (UnityEngine.Object unityObj, System.String parameterName) (at /Users/bokken/build/output/unity/unity/Runtime/Export/Scripting/UnityEngineObject.bindings.cs:1063)
        at UnityEngine.Bindings.ThrowHelper.ThrowNullReferenceException (System.Object obj) (at /Users/bokken/build/output/unity/unity/Runtime/Export/Scripting/BindingsHelpers.cs:61)
        at UnityEngine.Behaviour.get_enabled () (at <e748b65af617494383b6e0a5b201a25d>:0)
        at UnityEditor.EditorGUI.DoInspectorTitlebar (UnityEngine.Rect position, System.Int32 id, System.Boolean foldout, UnityEngine.Object[] targetObjs, UnityEditor.SerializedProperty enabledProperty, UnityEngine.GUIStyle baseStyle) (at /Users/bokken/build/output/unity/unity/Editor/Mono/EditorGUI.cs:6116)
[     0    0.000 x1.00] EXC  MissingReferenceException: The object of type 'NightVision' has been destroyed but you are still trying to access it.
Your script should either check if it is null or you should not destroy the object.
        at UnityEngine.Object+MarshalledUnityObject.TryThrowEditorNullExceptionObject (UnityEngine.Object unityObj, System.String parameterName) (at /Users/bokken/build/output/unity/unity/Runtime/Export/Scripting/UnityEngineObject.bindings.cs:1063)
        at UnityEngine.Bindings.ThrowHelper.ThrowNullReferenceException (System.Object obj) (at /Users/bokken/build/output/unity/unity/Runtime/Export/Scripting/BindingsHelpers.cs:61)
        at UnityEngine.Behaviour.get_enabled () (at <e748b65af617494383b6e0a5b201a25d>:0)
        at UnityEditor.EditorGUI.DoInspectorTitlebar (UnityEngine.Rect position, System.Int32 id, System.Boolean foldout, UnityEngine.Object[] targetObjs, UnityEditor.SerializedProperty enabledProperty, UnityEngine.GUIStyle baseStyle) (at /Users/bokken/build/output/unity/unity/Editor/Mono/EditorGUI.cs:6116)
[     0    0.000 x1.00] EXC  MissingReferenceException: The object of type 'CombatFloatingText' has been destroyed but you are still trying to access it.
Your script should either check if it is null or you should not destroy the object.
        at UnityEngine.Object+MarshalledUnityObject.TryThrowEditorNullExceptionObject (UnityEngine.Object unityObj, System.String parameterName) (at /Users/bokken/build/output/unity/unity/Runtime/Export/Scripting/UnityEngineObject.bindings.cs:1063)
        at UnityEngine.Bindings.ThrowHelper.ThrowNullReferenceException (System.Object obj) (at /Users/bokken/build/output/unity/unity/Runtime/Export/Scripting/BindingsHelpers.cs:61)
        at UnityEngine.Behaviour.get_enabled () (at <e748b65af617494383b6e0a5b201a25d>:0)
        at UnityEditor.EditorGUI.DoInspectorTitlebar (UnityEngine.Rect position, System.Int32 id, System.Boolean foldout, UnityEngine.Object[] targetObjs, UnityEditor.SerializedProperty enabledProperty, UnityEngine.GUIStyle baseStyle) (at /Users/bokken/build/output/unity/unity/Editor/Mono/EditorGUI.cs:6116)
[     0    0.000 x1.00] EXC  MissingReferenceException: The object of type 'CombatMomentum' has been destroyed but you are still trying to access it.
Your script should either check if it is null or you should not destroy the object.
        at UnityEngine.Object+MarshalledUnityObject.TryThrowEditorNullExceptionObject (UnityEngine.Object unityObj, System.String parameterName) (at /Users/bokken/build/output/unity/unity/Runtime/Export/Scripting/UnityEngineObject.bindings.cs:1063)
        at UnityEngine.Bindings.ThrowHelper.ThrowNullReferenceException (System.Object obj) (at /Users/bokken/build/output/unity/unity/Runtime/Export/Scripting/BindingsHelpers.cs:61)
        at UnityEngine.Behaviour.get_enabled () (at <e748b65af617494383b6e0a5b201a25d>:0)
        at UnityEditor.EditorGUI.DoInspectorTitlebar (UnityEngine.Rect position, System.Int32 id, System.Boolean foldout, UnityEngine.Object[] targetObjs, UnityEditor.SerializedProperty enabledProperty, UnityEngine.GUIStyle baseStyle) (at /Users/bokken/build/output/unity/unity/Editor/Mono/EditorGUI.cs:6116)
[     1    0.000 x1.00] LOG  [BossBar] BossHealthBarUI initialized
[     1    0.000 x1.00] LOG  [StormWeather] layer 'TerrainLayer_Dirt_01' dry smoothness=0.00 (restore to this if a crash ever leaves it wet)
[     1    0.000 x1.00] LOG  [StormWeather] post volumes ready on layer 9 (storm priority 10, flash priority 11).
[     1    0.000 x1.00] LOG  [StormWeather] ROUND 80: fur weather ready on 'Weather Zone'. Rain 0, wind 0.50 in the open, sky check 30 m from 'PlayerYoru_1.1'.
[     1    0.000 x1.00] LOG  [StormWeather] COZY bridge: Rain_Cave retired, COZY owns the rain now.
[     1    0.000 x1.00] LOG  [StormWeather] COZY → 'Clear' (pre-fight - open sky, 0 s)
[     1    0.000 x1.00] LOG  [StormWeather] Ready. Open sky, dry floor. Waiting for the fight.
[     1    0.000 x1.00] LOG  OniBoss initialized with 2500 HP
[     1    0.000 x1.00] LOG  [OniBoss] ANIMATOR SETUP: cullingMode=CullUpdateTransforms updateMode=Normal applyRootMotion=False speed=1
[     1    0.000 x1.00] LOG  [OniBoss] Initialized
[     1    0.000 x1.00] LOG  [OniBoss:Layer] facing: minFlat 1m, snapOnAttack off, trackInHitReact off, aimTurn 540 deg/s for the first 0.20 of the swing
[     1    0.000 x1.00] LOG  [OniBoss:Layer] Yoru launch model ON: launches ALL THE WAY to an enemy within 4.7m of its surface at 10m/s (stop gap 0.00m, NO minimum distance), else steps 0.90m forward. Targeting cone left exactly as her prefab has it.
[     1    0.000 x1.00] LOG  [OniBoss:Layer] Yoru launch ROUND 9: airborne attacks launch too (ON), edge probe now runs on its OWN layer mask (Everything) instead of the line-of-sight mask - the Ground-only mask found no floor in this cave and was cancelling 100% of launches at 0.00m travelled.
[     1    0.000 x1.00] LOG  [OniBoss:Layer] animator speed x1.35 — his 1.13s swing now plays in 0.84s.
[     1    0.000 x1.00] LOG  [OniBoss:Layer] chase speed pushed: phase1 4.5, phase2 5.5 (Yoru runs at 7).
[     1    0.000 x1.00] LOG  [OniBoss:Layer] ground wave ON (round 38): half the club's damage on TOUCH, 12m/s x 6.0m from 1.6m in front at 0.35m height — a club hit cancels that swing's wave, jumping clears it. Per-attack effects come from the Swing Wave VFX By Attack rows. PlayerHealth found, PlayerMovement found.
[     1    0.000 x1.00] LOG  [StormWeather] storm break HELD (waiting for the lightning beat)
[     1    0.000 x1.00] LOG  [OniBoss:Layer] storm break HELD — it releases at the lightning-on-the-club beat.
[     1    0.000 x1.00] LOG  [OniBoss:Layer] club tracking ON — tip 'Kanabo3' (depth 4), shaft root 'kanabo'.
[     1    0.000 x1.00] LOG  [OniBoss:Layer] skinned meshes: 46 renderer(s), updateWhenOffscreen ON, body renderer 'Body' rootBone 'Hips'
[     1    0.000 x1.00] LOG  [OniBoss:Layer] charge travel bone: 'Hips' at depth 1 under 'OniBoss', rest local (0.00, 3.24, -0.24)
[     1    0.000 x1.00] LOG  [OniBoss:Layer] anti-kite ON: thrown swing after 4s of failed chase (within 7.6m), charge after 6s.
[     1    0.000 x1.00] LOG  [OniBoss:Layer] charge drive ON (windup to 0.40 at x1.3, rush 14m/s stops at 2.6m, steers 0.35s then commits, strike section from 0.58, strike moment 0.76, trail VFX off)
[     1    0.000 x1.00] LOG  [OniBoss:Layer] attack armor ON (his swings are not interrupted by light/medium hits; heavy hits and rapid-hit bursts still stop him)
[     1    0.000 x1.00] LOG  [OniBoss:Layer] strike moments overridden: Club_Swing=0.42 ClubSwing2=0.32 ClubSlam=0.85 KanaboSweep=0.48
[     1    0.000 x1.00] LOG  [OniBoss:Layer] club TOUCH hits ON (radius 0.70m, min tip speed 50m/s, armed from 0.20 of the clip): Club_Swing ClubSwing2 ClubSlam KanaboSweep. First touch wins — club full damage, wave half, one hit per swing.
[     1    0.000 x1.00] LOG  [OniBoss:Layer] combo damage ramp ON: mid x1.25, finisher x1.50 — finisher wave carries FULL damage at x2.0 size, x2.0 travel.
[     1    0.000 x1.00] LOG  [OniBoss:Layer] charge follow-up ON: 90 % of solo charges chain into a random melee finisher.
[     1    0.000 x1.00] LOG  [OniBoss:Layer] hold-ground ON (backstep 1.5m @ 1.6m/s after own attacks, watch 'Watch', attack facing LOCKED)
[     1    0.000 x1.00] LOG  [OniBoss:Layer] OniBoss layer ready (reactions, wake-on-hit, watch stance, boss bar). player=found
[     1    0.000 x1.00] LOG  [OniBoss:Layer] charge clip 'Oni Charge.fbx' imports with Root Motion Node = None (in place) — good.
[     1    0.000 x1.00] LOG  [OniBoss:Layer] clips importing with Root Transform Position (Y) NOT baked into pose (12): Oni_Alert(Oni Alert), Club_Slam(Oni Club Slam), Club_Swing(Oni Club Swing), Club_swing2(Oni Club Swing 2), Death(Oni Death Kneel), Hit_react_light(Oni Hit react lighter light), KanaboSweep(Oni Kanabo sweep), Phase_Transition(Oni Phase transition), run(Oni Run), Walk(Oni Walk), Watch(Oni Watch), Idle(Oni Idle) — their hips' up/down motion is stripped (see round notes; optional).
[     1    0.000 x1.00] LOG  === VFX MANAGER INITIALIZED ===
[     1    0.000 x1.00] LOG  Auto-detect animations: False
[     1    0.000 x1.00] LOG  Parent effects to tail: True
[     1    0.000 x1.00] LOG  Prefabs: Jump=True, Land=True, LTail=True, RTail=True
[     1    0.000 x1.00] LOG  ✅ Left Tail Tip: LeftTailTip_Anchor
[     1    0.000 x1.00] LOG  ✅ Right Tail Tip: RightTailTip_Anchor
[     1    0.000 x1.00] LOG  [VolumetricFogController] applyPresets is OFF in this scene. The Volumetric Fog component keeps its hand-set inspector values.
[     1    0.000 x1.00] LOG  [TailAirShot] Ready. drawState=RightTail_Fast castParam=TailCastSpeed (found)
  arrow leaves: PlayerYoru_1.1/Cat_All_10_Tails_v4/Group/DeformationSystem/root/Root_M/Tail15_R/Tail151_R/Tail152_R/Tail153_R/Tail154_R/Tail155_R/Tail156_R/Tail157_R/Tail158_R/Tail159_R/Tail1510_R/Tail1511_R/Tail1512_R/Tail6_R/Tail6_R_end/Tail6_R_end_end/Tail6_R_end_end_end/RightTailTip_Anchor
  aim VFX: PlayerYoru_1.1/Cat_All_10_Tails_v4/Group/DeformationSystem/root/Root_M/Tail15_R/Tail151_R/Tail152_R/Tail153_R/Tail154_R/Tail155_R/Tail156_R/Tail157_R/Tail158_R/Tail159_R/Tail1510_R/Tail1511_R/Tail1512_R/Tail6_R/Tail6_R_end/Tail6_R_end_end/Tail6_R_end_end_end/RightTailTip_Anchor/vfx_Muzzle_Fireball01Blue
[     1    0.000 x1.00] LOG  [RingMesh] VFX Status:
[     1    0.000 x1.00] LOG    Left: Prefab=✓, Spawn=Tail6_L_end_end_end
[     1    0.000 x1.00] LOG    Right: Prefab=✓, Spawn=Tail6_R_end_end_end
[     1    0.000 x1.00] LOG  [TailAirShot4Leg] Ready. drawState=shoot_4Leg castParam=Shoot4LegSpeed (found) readyFrame=5 fireFrame=10 frames=24 slowBudget=3s real damageMultiplier=2.00
  arrow leaves: PlayerYoru_1.1/Cat_All_10_Tails_v4/Group/DeformationSystem/root/Root_M/Tail15_R/Tail151_R/Tail152_R/Tail153_R/Tail154_R/Tail155_R/Tail156_R/Tail157_R/Tail158_R/Tail159_R/Tail1510_R/Tail1511_R/Tail1512_R/Tail6_R/Tail6_R_end/Tail6_R_end_end/Tail6_R_end_end_end/RightTailTip_Anchor
  aim VFX left:  PlayerYoru_1.1/Cat_All_10_Tails_v4/Group/DeformationSystem/root/Root_M/Tail15_L/Tail151_L/Tail152_L/Tail153_L/Tail154_L/Tail155_L/Tail156_L/Tail157_L/Tail158_L/Tail159_L/Tail1510_L/Tail1511_L/Tail1512_L/Tail6_L/Tail6_L_end/Tail6_L_end_end/Tail6_L_end_end_end/LeftTailTip_Anchor/Glow_4Leg_L
  aim VFX right: PlayerYoru_1.1/Cat_All_10_Tails_v4/Group/DeformationSystem/root/Root_M/Tail15_R/Tail151_R/Tail152_R/Tail153_R/Tail154_R/Tail155_R/Tail156_R/Tail157_R/Tail158_R/Tail159_R/Tail1510_R/Tail1511_R/Tail1512_R/Tail6_R/Tail6_R_end/Tail6_R_end_end/Tail6_R_end_end_end/RightTailTip_Anchor/Glow_4Leg_R
[     1    0.000 x1.00] LOG  [PlayerCombat] Phase 2 form gate CONNECTED (FormController found on this GameObject).
[     1    0.000 x1.00] LOG  [Combat] PlayerCombat initialized, Phase 3C v27
[     1    0.000 x1.00] LOG  [CameraGameFeel] CameraGameFeel initialized (shake + FOV)
[     1    4.073 x1.00] LOG  [OniBoss] Playing animation: Idle
[     1    4.073 x1.00] LOG  [OniBoss:Layer] watch stance ON (player 13.4m)
[    14    5.501 x1.00] LOG  💨 Landing VFX spawned!
[    14    5.501 x1.00] LOG  ✅ LANDED! (was jump #0)
[   142    6.282 x1.00] LOG  🐾 4-LEG JUMP #0
[   142    6.282 x1.00] LOG  🐾 Jump 1 VFX spawned!
[   224    6.808 x1.00] LOG  [ComboTrace] LAUNCH OniBoss at 4.1m dist=3.20m in 0.32s (capped short) [AIRBORNE]
[   224    6.808 x1.00] LOG  [Combat] Aerial spin, 25 dmg
[   224    6.808 x1.00] LOG  [YoruVFX] Air spin: 'VFX_Void_Burst_AirSpinYoru' at CenterVFX, 46 systems, longest 1.00s fitted to 0.79s at speed 1.27, 8 forced Local, 38 delays zeroed, tail 2.37s
[   224    6.808 x1.00] LOG  [AirPosePin] engaged, holding body at 1.897m above the transform
[   240    6.966 x1.00] LOG  OniBoss took 10 damage. HP: 2490/2500
[   240    6.966 x1.00] LOG  [OniBoss] 🤕 Hit during LostSoul — flash only
[   240    6.966 x1.00] LOG  [OniBoss] LostSoul → Alert
[   240    6.966 x1.00] LOG  [OniBoss] Playing animation: Oni_Alert
[   240    6.966 x1.00] LOG  [OniBoss] Became HOSTILE
[   240    6.966 x1.00] LOG  [OniBoss:Layer] woken by damage (10) — back attacks count.
[   240    6.966 x1.00] LOG  [Momentum] 0 -> 1 (hit), speed x1.05, damage x1.05, impact x1.05
[   240    6.966 x1.00] LOG  [CameraGameFeel] Shake: intensity=0.06 duration=0.080s
[   240    6.966 x1.00] LOG  [CameraGameFeel] Shake: intensity=0.53 duration=0.200s
[   240    6.966 x1.00] LOG  [CameraGameFeel] FOV punch: hit light (+1.5°)
[   241    6.994 x1.00] LOG  [StormWeather] COZY → 'Yoru_Oni_Phase1_Storm' (fight engaged - storm rolls in, 0 s)
[   241    6.994 x1.00] LOG  [StormWeather] FIGHT STARTED (he engaged) - storm on, floor starts to soak.
[   241    6.994 x1.00] LOG  [BossBar] Showing bar for: Oni (2490/2500)
[   241    6.994 x1.00] LOG  [OniBoss:Layer] boss bar shown
[   242    7.007 x1.00] WARN The referenced script on this Behaviour (Game Object '<null>') is missing!
[   242    7.007 x1.00] WARN The referenced script on this Behaviour (Game Object 'Lightning Light') is missing!
[   242    7.007 x1.00] WARN The referenced script on this Behaviour (Game Object 'Lightning Light') is missing!
[   252    7.117 x1.00] LOG  OniBoss took 10 damage. HP: 2480/2500
[   252    7.117 x1.00] LOG  [OniBoss] 🤕 Hit during Alert — flash only
[   252    7.117 x1.00] LOG  [CameraGameFeel] Shake: intensity=0.18 duration=0.200s
[   254    7.134 x1.00] LOG  [ComboTrace] LAUNCH RESULT wanted=3.20m actually moved=4.12m, completed
[   263    7.192 x1.00] LOG  💨 Landing VFX spawned!
[   263    7.192 x1.00] LOG  ✅ LANDED! (was jump #1)
[   263    7.192 x1.00] LOG  [AirPosePin] released, peak correction was 0.094m
[   264    7.202 x1.00] LOG  [StormWeather] fur: rain reaching the coat (intensity 0.01, follows floor wetness).
[   265    7.213 x1.00] LOG  [ComboTrace] CLICK IGNORED (step=3 queued=0)
[   271    7.272 x1.00] LOG  OniBoss took 10 damage. HP: 2470/2500
[   271    7.272 x1.00] LOG  [OniBoss] 🤕 Hit during Alert — flash only
[   271    7.272 x1.00] LOG  [Momentum] 1 -> 2 (hit), speed x1.10, damage x1.10, impact x1.10
[   271    7.272 x1.00] LOG  [CameraGameFeel] Shake: intensity=0.06 duration=0.080s
[   271    7.272 x1.00] LOG  [CameraGameFeel] Shake: intensity=0.19 duration=0.200s
[   295    7.422 x1.00] LOG  OniBoss took 11 damage. HP: 2459/2500
[   295    7.422 x1.00] LOG  [OniBoss] 🤕 Hit during Alert — flash only
[   295    7.422 x1.00] LOG  [OniBoss] Alert → Stagger
[   295    7.422 x1.00] LOG  [OniBoss] Playing animation: Stagger
[   295    7.422 x1.00] LOG  [OniBoss] STAGGERED for 2.5s
[   295    7.422 x1.00] LOG  [OniBoss:Layer] heavy knock-back react (swirl burst, 3 hits / 31 dmg) → 'HitReact_Heavy', down for 1.80s
[   295    7.422 x1.00] LOG  [OniBoss:Layer] burst: 3 hits / 31 dmg inside 0.8s → knock-back + 0.90m push
[   295    7.422 x1.00] LOG  [CameraGameFeel] Shake: intensity=0.19 duration=0.200s
[   316    7.547 x1.00] LOG  [YoruVFX] Spin VFX stopped, fading for 2.37s
[   321    7.571 x1.00] LOG  [ComboTrace] END step=3 clipProgress=0.90 clipLen=0.79s queued=0 elapsed=0.76s
[   364    7.777 x1.00] LOG  [StormWeather] storm post weight -> 0.40
[   511    8.614 x1.00] LOG  [Combat] Combo 1: 10 dmg
[   511    8.614 x1.00] LOG  [ComboTrace] START step=1 state='Combo1' queued=0 target='OniBoss' at 5.3m
[   511    8.614 x1.00] LOG  [ComboTrace] LAUNCH OniBoss at 1.8m dist=1.82m in 0.18s
[   542    8.788 x1.00] LOG  [ComboTrace] LAUNCH RESULT wanted=1.82m actually moved=1.14m, completed
[   593    9.040 x1.00] LOG  OniBoss punish window! 11 → 16 (x1.5)
[   593    9.040 x1.00] LOG  OniBoss took 16 damage. HP: 2443/2500
[   593    9.040 x1.00] LOG  [Momentum] 2 -> 3 (hit), speed x1.15, damage x1.15, impact x1.15
[   593    9.040 x1.00] LOG  [CameraGameFeel] Shake: intensity=0.06 duration=0.080s
[   593    9.040 x1.00] LOG  [Combat] Hit OniBoss for 11
[   593    9.040 x1.00] LOG  [CameraGameFeel] Shake: intensity=0.58 duration=0.200s
[   593    9.040 x1.00] LOG  [CameraGameFeel] FOV punch: hit light (+1.5°)
[   608    9.118 x1.00] LOG  [Combat] Queued click #1 (combo 1)
[   608    9.118 x1.00] LOG  [ComboTrace] QUEUED #1 during step 1
[   624    9.198 x1.00] LOG  🐾 VFX_AttackPaw triggered!
[   628    9.225 x1.00] LOG  [OniBoss] Stagger → Chase
[   629    9.228 x1.00] LOG  [OniBoss] Playing animation: Watch
[   629    9.228 x1.00] LOG  [OniBoss] Combo started: ClubSwing1 → ClubSwing2 → ClubSlam (3 steps remaining)
[   629    9.228 x1.00] LOG  [OniBoss] Chase → Attack
[   629    9.228 x1.00] LOG  [OniBoss] Attack: Club_Swing (16 dmg)
[   629    9.228 x1.00] LOG  [OniBoss:Trail] Club_Swing trail START at clip 1.00 (transition done).
[   645    9.298 x1.00] LOG  [Combat] Combo 2: 20 dmg
[   645    9.298 x1.00] LOG  [ComboTrace] START step=2 state='Combo2' queued=0 target='OniBoss' at 2.9m
[   645    9.298 x1.00] LOG  [ComboTrace] LAUNCH OniBoss at 1.6m dist=1.58m in 0.16s
[   652    9.381 x1.00] LOG  [ComboTrace] CLICK DROPPED by attackCooldown (0.10s, 0.08s since last attack) step=2
[   670    9.461 x1.00] LOG  [ComboTrace] LAUNCH RESULT wanted=1.58m actually moved=0.90m, completed
[   697    9.586 x1.00] LOG  [OniBoss:ClubPos] Club_Swing at strike: club tip 3.02m up, 2.69m in front, -2.85m to his right (3.92m out from his centre). Club faces -78deg from his forward, pitch 0.40. (the ground wave is born 1.6m in front of him at 0.35m.)
[   697    9.586 x1.00] LOG  [OniBoss:Layer] Club_Swing: club has not connected — ground wave released ARMED, 1.6m in front, 12m/s x 6.0m = 0.50s, carrying 8 (half of the club's 16).
[   698    9.593 x1.00] ERR  Material 'M_VFX_Disc_Windup_Air_01 (Instance)' with Shader 'Vefects/SH_Vefects_BIRP_Disc_Windup_01' doesn't have a color property '_Color'
        at UnityEngine.Material:get_color ()
        at PlayerCombat:FlashDamage () (at Assets/Scripts/Combat/PlayerCombat.cs:2738)
        at PlayerCombat:PlayHitReaction (bool,UnityEngine.Vector3,bool) (at Assets/Scripts/Combat/PlayerCombat.cs:2330)
        at PlayerHealth:TakeDamage (int,bool,UnityEngine.Vector3,bool) (at Assets/Scripts/Player/PlayerHealth.cs:179)
[   698    9.593 x1.00] ERR  Material 'M_VFX_Disc_Windup_Air_02 (Instance)' with Shader 'Vefects/SH_Vefects_BIRP_Disc_Windup_01' doesn't have a color property '_Color'
        at UnityEngine.Material:get_color ()
        at PlayerCombat:FlashDamage () (at Assets/Scripts/Combat/PlayerCombat.cs:2738)
        at PlayerCombat:PlayHitReaction (bool,UnityEngine.Vector3,bool) (at Assets/Scripts/Combat/PlayerCombat.cs:2330)
        at PlayerHealth:TakeDamage (int,bool,UnityEngine.Vector3,bool) (at Assets/Scripts/Player/PlayerHealth.cs:179)
[   698    9.593 x1.00] ERR  Material 'M_VFX_Windup_Core_Add_02_Void (Instance)' with Shader 'Vefects/SH_Vefects_BIRP_Windup_Core_Add_01' doesn't have a color property '_Color'
        at UnityEngine.Material:get_color ()
        at PlayerCombat:FlashDamage () (at Assets/Scripts/Combat/PlayerCombat.cs:2738)
        at PlayerCombat:PlayHitReaction (bool,UnityEngine.Vector3,bool) (at Assets/Scripts/Combat/PlayerCombat.cs:2330)
        at PlayerHealth:TakeDamage (int,bool,UnityEngine.Vector3,bool) (at Assets/Scripts/Player/PlayerHealth.cs:179)
[   698    9.593 x1.00] ERR  Material 'M_VFX_Glow_01 (Instance)' with Shader 'Vefects/SH_Vefects_BIRP_Unlit_Simple_01' doesn't have a color property '_Color'
        at UnityEngine.Material:get_color ()
        at PlayerCombat:FlashDamage () (at Assets/Scripts/Combat/PlayerCombat.cs:2738)
        at PlayerCombat:PlayHitReaction (bool,UnityEngine.Vector3,bool) (at Assets/Scripts/Combat/PlayerCombat.cs:2330)
        at PlayerHealth:TakeDamage (int,bool,UnityEngine.Vector3,bool) (at Assets/Scripts/Player/PlayerHealth.cs:179)
[   698    9.593 x1.00] ERR  Material 'M_VFX_Glow_01 (Instance)' with Shader 'Vefects/SH_Vefects_BIRP_Unlit_Simple_01' doesn't have a color property '_Color'
        at UnityEngine.Material:get_color ()
        at PlayerCombat:FlashDamage () (at Assets/Scripts/Combat/PlayerCombat.cs:2738)
        at PlayerCombat:PlayHitReaction (bool,UnityEngine.Vector3,bool) (at Assets/Scripts/Combat/PlayerCombat.cs:2330)
        at PlayerHealth:TakeDamage (int,bool,UnityEngine.Vector3,bool) (at Assets/Scripts/Player/PlayerHealth.cs:179)
[   698    9.593 x1.00] ERR  Material 'M_VFX_Glow_01 (Instance)' with Shader 'Vefects/SH_Vefects_BIRP_Unlit_Simple_01' doesn't have a color property '_Color'
        at UnityEngine.Material:get_color ()
        at PlayerCombat:FlashDamage () (at Assets/Scripts/Combat/PlayerCombat.cs:2738)
        at PlayerCombat:PlayHitReaction (bool,UnityEngine.Vector3,bool) (at Assets/Scripts/Combat/PlayerCombat.cs:2330)
        at PlayerHealth:TakeDamage (int,bool,UnityEngine.Vector3,bool) (at Assets/Scripts/Player/PlayerHealth.cs:179)
[   698    9.593 x1.00] ERR  Material 'M_VFX_Glow_01 (Instance)' with Shader 'Vefects/SH_Vefects_BIRP_Unlit_Simple_01' doesn't have a color property '_Color'
        at UnityEngine.Material:get_color ()
        at PlayerCombat:FlashDamage () (at Assets/Scripts/Combat/PlayerCombat.cs:2738)
        at PlayerCombat:PlayHitReaction (bool,UnityEngine.Vector3,bool) (at Assets/Scripts/Combat/PlayerCombat.cs:2330)
        at PlayerHealth:TakeDamage (int,bool,UnityEngine.Vector3,bool) (at Assets/Scripts/Player/PlayerHealth.cs:179)
[   698    9.593 x1.00] ERR  Material 'M_VFX_Embers_01 (Instance)' with Shader 'Vefects/SH_Vefects_BIRP_Unlit_Simple_01' doesn't have a color property '_Color'
        at UnityEngine.Material:get_color ()
        at PlayerCombat:FlashDamage () (at Assets/Scripts/Combat/PlayerCombat.cs:2738)
        at PlayerCombat:PlayHitReaction (bool,UnityEngine.Vector3,bool) (at Assets/Scripts/Combat/PlayerCombat.cs:2330)
        at PlayerHealth:TakeDamage (int,bool,UnityEngine.Vector3,bool) (at Assets/Scripts/Player/PlayerHealth.cs:179)
[   698    9.593 x1.00] ERR  Material 'M_VFX_Embers_01 (Instance)' with Shader 'Vefects/SH_Vefects_BIRP_Unlit_Simple_01' doesn't have a color property '_Color'
        at UnityEngine.Material:get_color ()
        at PlayerCombat:FlashDamage () (at Assets/Scripts/Combat/PlayerCombat.cs:2738)
        at PlayerCombat:PlayHitReaction (bool,UnityEngine.Vector3,bool) (at Assets/Scripts/Combat/PlayerCombat.cs:2330)
        at PlayerHealth:TakeDamage (int,bool,UnityEngine.Vector3,bool) (at Assets/Scripts/Player/PlayerHealth.cs:179)
[   698    9.593 x1.00] ERR  Material 'M_VFX_Refraction_Shockwave_01 (Instance)' with Shader 'Vefects/SH_Vefects_BIRP_Refraction_Shockwave_01' doesn't have a color property '_Color'
        at UnityEngine.Material:get_color ()
        at PlayerCombat:FlashDamage () (at Assets/Scripts/Combat/PlayerCombat.cs:2738)
        at PlayerCombat:PlayHitReaction (bool,UnityEngine.Vector3,bool) (at Assets/Scripts/Combat/PlayerCombat.cs:2330)
        at PlayerHealth:TakeDamage (int,bool,UnityEngine.Vector3,bool) (at Assets/Scripts/Player/PlayerHealth.cs:179)
[   698    9.593 x1.00] ERR  Material 'M_VFX_Refraction_Shockwave_01 (Instance)' with Shader 'Vefects/SH_Vefects_BIRP_Refraction_Shockwave_01' doesn't have a color property '_Color'
        at UnityEngine.Material:get_color ()
        at PlayerCombat:FlashDamage () (at Assets/Scripts/Combat/PlayerCombat.cs:2738)
        at PlayerCombat:PlayHitReaction (bool,UnityEngine.Vector3,bool) (at Assets/Scripts/Combat/PlayerCombat.cs:2330)
        at PlayerHealth:TakeDamage (int,bool,UnityEngine.Vector3,bool) (at Assets/Scripts/Player/PlayerHealth.cs:179)
[   698    9.593 x1.00] ERR  Material 'M_VFX_Ring_Burst_02_Dark (Instance)' with Shader 'Vefects/SH_Vefects_BIRP_Unlit_Simple_LUT_01' doesn't have a color property '_Color'
        at UnityEngine.Material:get_color ()
        at PlayerCombat:FlashDamage () (at Assets/Scripts/Combat/PlayerCombat.cs:2738)
        at PlayerCombat:PlayHitReaction (bool,UnityEngine.Vector3,bool) (at Assets/Scripts/Combat/PlayerCombat.cs:2330)
        at PlayerHealth:TakeDamage (int,bool,UnityEngine.Vector3,bool) (at Assets/Scripts/Player/PlayerHealth.cs:179)
[   698    9.593 x1.00] ERR  Material 'M_VFX_Ring_Burst_02_Dark_Add (Instance)' with Shader 'Vefects/SH_Vefects_BIRP_Unlit_Simple_LUT_01' doesn't have a color property '_Color'
        at UnityEngine.Material:get_color ()
        at PlayerCombat:FlashDamage () (at Assets/Scripts/Combat/PlayerCombat.cs:2738)
        at PlayerCombat:PlayHitReaction (bool,UnityEngine.Vector3,bool) (at Assets/Scripts/Combat/PlayerCombat.cs:2330)
        at PlayerHealth:TakeDamage (int,bool,UnityEngine.Vector3,bool) (at Assets/Scripts/Player/PlayerHealth.cs:179)
[   698    9.593 x1.00] ERR  Material 'M_VFX_Impact_Hemisphere_02_Void (Instance)' with Shader 'Vefects/SH_Vefects_BIRP_Impact_Hemisphere_01' doesn't have a color property '_Color'
        at UnityEngine.Material:get_color ()
        at PlayerCombat:FlashDamage () (at Assets/Scripts/Combat/PlayerCombat.cs:2738)
        at PlayerCombat:PlayHitReaction (bool,UnityEngine.Vector3,bool) (at Assets/Scripts/Combat/PlayerCombat.cs:2330)
        at PlayerHealth:TakeDamage (int,bool,UnityEngine.Vector3,bool) (at Assets/Scripts/Player/PlayerHealth.cs:179)
[   698    9.593 x1.00] ERR  Material 'M_VFX_Impact_Hemisphere_02_Void_Inverted (Instance)' with Shader 'Vefects/SH_Vefects_BIRP_Impact_Hemisphere_01' doesn't have a color property '_Color'
        at UnityEngine.Material:get_color ()
        at PlayerCombat:FlashDamage () (at Assets/Scripts/Combat/PlayerCombat.cs:2738)
        at PlayerCombat:PlayHitReaction (bool,UnityEngine.Vector3,bool) (at Assets/Scripts/Combat/PlayerCombat.cs:2330)
        at PlayerHealth:TakeDamage (int,bool,UnityEngine.Vector3,bool) (at Assets/Scripts/Player/PlayerHealth.cs:179)
[   698    9.593 x1.00] ERR  Material 'M_VFX_Impact_HP_01_Dark (Instance)' with Shader 'Vefects/SH_Vefects_BIRP_Unlit_Simple_LUT_01' doesn't have a color property '_Color'
        at UnityEngine.Material:get_color ()
        at PlayerCombat:FlashDamage () (at Assets/Scripts/Combat/PlayerCombat.cs:2738)
        at PlayerCombat:PlayHitReaction (bool,UnityEngine.Vector3,bool) (at Assets/Scripts/Combat/PlayerCombat.cs:2330)
        at PlayerHealth:TakeDamage (int,bool,UnityEngine.Vector3,bool) (at Assets/Scripts/Player/PlayerHealth.cs:179)
[   698    9.593 x1.00] ERR  Material 'M_VFX_Impact_HP_01_Dark (Instance)' with Shader 'Vefects/SH_Vefects_BIRP_Unlit_Simple_LUT_01' doesn't have a color property '_Color'
        at UnityEngine.Material:get_color ()
        at PlayerCombat:FlashDamage () (at Assets/Scripts/Combat/PlayerCombat.cs:2738)
        at PlayerCombat:PlayHitReaction (bool,UnityEngine.Vector3,bool) (at Assets/Scripts/Combat/PlayerCombat.cs:2330)
        at PlayerHealth:TakeDamage (int,bool,UnityEngine.Vector3,bool) (at Assets/Scripts/Player/PlayerHealth.cs:179)
[   698    9.593 x1.00] ERR  Material 'M_VFX_Spike_01 (Instance)' with Shader 'Vefects/SH_Vefects_BIRP_Unlit_Simple_01' doesn't have a color property '_Color'
        at UnityEngine.Material:get_color ()
        at PlayerCombat:FlashDamage () (at Assets/Scripts/Combat/PlayerCombat.cs:2738)
        at PlayerCombat:PlayHitReaction (bool,UnityEngine.Vector3,bool) (at Assets/Scripts/Combat/PlayerCombat.cs:2330)
        at PlayerHealth:TakeDamage (int,bool,UnityEngine.Vector3,bool) (at Assets/Scripts/Player/PlayerHealth.cs:179)
[   698    9.593 x1.00] ERR  Material 'M_VFX_Energy_Balls_01 (Instance)' with Shader 'Vefects/SH_Vefects_BIRP_Thin_Smoke_01' doesn't have a color property '_Color'
        at UnityEngine.Material:get_color ()
        at PlayerCombat:FlashDamage () (at Assets/Scripts/Combat/PlayerCombat.cs:2738)
        at PlayerCombat:PlayHitReaction (bool,UnityEngine.Vector3,bool) (at Assets/Scripts/Combat/PlayerCombat.cs:2330)
        at PlayerHealth:TakeDamage (int,bool,UnityEngine.Vector3,bool) (at Assets/Scripts/Player/PlayerHealth.cs:179)
[   698    9.593 x1.00] ERR  Material 'M_VFX_Central_Area_01_Void (Instance)' with Shader 'Vefects/SH_Vefects_BIRP_Central_Area_01' doesn't have a color property '_Color'
        at UnityEngine.Material:get_color ()
        at PlayerCombat:FlashDamage () (at Assets/Scripts/Combat/PlayerCombat.cs:2738)
        at PlayerCombat:PlayHitReaction (bool,UnityEngine.Vector3,bool) (at Assets/Scripts/Combat/PlayerCombat.cs:2330)
        at PlayerHealth:TakeDamage (int,bool,UnityEngine.Vector3,bool) (at Assets/Scripts/Player/PlayerHealth.cs:179)
[   698    9.593 x1.00] ERR  Material 'M_VFX_Central_Area_02_Void (Instance)' with Shader 'Vefects/SH_Vefects_BIRP_Central_Area_01' doesn't have a color property '_Color'
        at UnityEngine.Material:get_color ()
        at PlayerCombat:FlashDamage () (at Assets/Scripts/Combat/PlayerCombat.cs:2738)
        at PlayerCombat:PlayHitReaction (bool,UnityEngine.Vector3,bool) (at Assets/Scripts/Combat/PlayerCombat.cs:2330)
        at PlayerHealth:TakeDamage (int,bool,UnityEngine.Vector3,bool) (at Assets/Scripts/Player/PlayerHealth.cs:179)
[   698    9.593 x1.00] ERR  Material 'M_VFX_Disc_Windup_Air_01 (Instance)' with Shader 'Vefects/SH_Vefects_BIRP_Disc_Windup_01' doesn't have a color property '_Color'
        at UnityEngine.Material:get_color ()
        at PlayerCombat:FlashDamage () (at Assets/Scripts/Combat/PlayerCombat.cs:2738)
        at PlayerCombat:PlayHitReaction (bool,UnityEngine.Vector3,bool) (at Assets/Scripts/Combat/PlayerCombat.cs:2330)
        at PlayerHealth:TakeDamage (int,bool,UnityEngine.Vector3,bool) (at Assets/Scripts/Player/PlayerHealth.cs:179)
[   698    9.593 x1.00] ERR  Material 'M_VFX_Disc_Windup_Air_02 (Instance)' with Shader 'Vefects/SH_Vefects_BIRP_Disc_Windup_01' doesn't have a color property '_Color'
        at UnityEngine.Material:get_color ()
        at PlayerCombat:FlashDamage () (at Assets/Scripts/Combat/PlayerCombat.cs:2738)
        at PlayerCombat:PlayHitReaction (bool,UnityEngine.Vector3,bool) (at Assets/Scripts/Combat/PlayerCombat.cs:2330)
        at PlayerHealth:TakeDamage (int,bool,UnityEngine.Vector3,bool) (at Assets/Scripts/Player/PlayerHealth.cs:179)
[   698    9.593 x1.00] ERR  Material 'M_VFX_Windup_Core_Add_02_Void (Instance)' with Shader 'Vefects/SH_Vefects_BIRP_Windup_Core_Add_01' doesn't have a color property '_Color'
        at UnityEngine.Material:get_color ()
        at PlayerCombat:FlashDamage () (at Assets/Scripts/Combat/PlayerCombat.cs:2738)
        at PlayerCombat:PlayHitReaction (bool,UnityEngine.Vector3,bool) (at Assets/Scripts/Combat/PlayerCombat.cs:2330)
        at PlayerHealth:TakeDamage (int,bool,UnityEngine.Vector3,bool) (at Assets/Scripts/Player/PlayerHealth.cs:179)
[   698    9.593 x1.00] ERR  Material 'M_VFX_Glow_01 (Instance)' with Shader 'Vefects/SH_Vefects_BIRP_Unlit_Simple_01' doesn't have a color property '_Color'
        at UnityEngine.Material:get_color ()
        at PlayerCombat:FlashDamage () (at Assets/Scripts/Combat/PlayerCombat.cs:2738)
        at PlayerCombat:PlayHitReaction (bool,UnityEngine.Vector3,bool) (at Assets/Scripts/Combat/PlayerCombat.cs:2330)
        at PlayerHealth:TakeDamage (int,bool,UnityEngine.Vector3,bool) (at Assets/Scripts/Player/PlayerHealth.cs:179)
[   698    9.593 x1.00] ERR  Material 'M_VFX_Glow_01 (Instance)' with Shader 'Vefects/SH_Vefects_BIRP_Unlit_Simple_01' doesn't have a color property '_Color'
        at UnityEngine.Material:get_color ()
        at PlayerCombat:FlashDamage () (at Assets/Scripts/Combat/PlayerCombat.cs:2738)
        at PlayerCombat:PlayHitReaction (bool,UnityEngine.Vector3,bool) (at Assets/Scripts/Combat/PlayerCombat.cs:2330)
        at PlayerHealth:TakeDamage (int,bool,UnityEngine.Vector3,bool) (at Assets/Scripts/Player/PlayerHealth.cs:179)
[   698    9.593 x1.00] ERR  Material 'M_VFX_Glow_01 (Instance)' with Shader 'Vefects/SH_Vefects_BIRP_Unlit_Simple_01' doesn't have a color property '_Color'
        at UnityEngine.Material:get_color ()
        at PlayerCombat:FlashDamage () (at Assets/Scripts/Combat/PlayerCombat.cs:2738)
        at PlayerCombat:PlayHitReaction (bool,UnityEngine.Vector3,bool) (at Assets/Scripts/Combat/PlayerCombat.cs:2330)
        at PlayerHealth:TakeDamage (int,bool,UnityEngine.Vector3,bool) (at Assets/Scripts/Player/PlayerHealth.cs:179)
[   698    9.593 x1.00] ERR  Material 'M_VFX_Glow_01 (Instance)' with Shader 'Vefects/SH_Vefects_BIRP_Unlit_Simple_01' doesn't have a color property '_Color'
        at UnityEngine.Material:get_color ()
        at PlayerCombat:FlashDamage () (at Assets/Scripts/Combat/PlayerCombat.cs:2738)
        at PlayerCombat:PlayHitReaction (bool,UnityEngine.Vector3,bool) (at Assets/Scripts/Combat/PlayerCombat.cs:2330)
        at PlayerHealth:TakeDamage (int,bool,UnityEngine.Vector3,bool) (at Assets/Scripts/Player/PlayerHealth.cs:179)
[   698    9.593 x1.00] ERR  Material 'M_VFX_Embers_01 (Instance)' with Shader 'Vefects/SH_Vefects_BIRP_Unlit_Simple_01' doesn't have a color property '_Color'
        at UnityEngine.Material:get_color ()
        at PlayerCombat:FlashDamage () (at Assets/Scripts/Combat/PlayerCombat.cs:2738)
        at PlayerCombat:PlayHitReaction (bool,UnityEngine.Vector3,bool) (at Assets/Scripts/Combat/PlayerCombat.cs:2330)
        at PlayerHealth:TakeDamage (int,bool,UnityEngine.Vector3,bool) (at Assets/Scripts/Player/PlayerHealth.cs:179)
[   698    9.593 x1.00] ERR  Material 'M_VFX_Embers_01 (Instance)' with Shader 'Vefects/SH_Vefects_BIRP_Unlit_Simple_01' doesn't have a color property '_Color'
        at UnityEngine.Material:get_color ()
        at PlayerCombat:FlashDamage () (at Assets/Scripts/Combat/PlayerCombat.cs:2738)
        at PlayerCombat:PlayHitReaction (bool,UnityEngine.Vector3,bool) (at Assets/Scripts/Combat/PlayerCombat.cs:2330)
        at PlayerHealth:TakeDamage (int,bool,UnityEngine.Vector3,bool) (at Assets/Scripts/Player/PlayerHealth.cs:179)
[   698    9.593 x1.00] ERR  Material 'M_VFX_Refraction_Shockwave_01 (Instance)' with Shader 'Vefects/SH_Vefects_BIRP_Refraction_Shockwave_01' doesn't have a color property '_Color'
        at UnityEngine.Material:get_color ()
        at PlayerCombat:FlashDamage () (at Assets/Scripts/Combat/PlayerCombat.cs:2738)
        at PlayerCombat:PlayHitReaction (bool,UnityEngine.Vector3,bool) (at Assets/Scripts/Combat/PlayerCombat.cs:2330)
        at PlayerHealth:TakeDamage (int,bool,UnityEngine.Vector3,bool) (at Assets/Scripts/Player/PlayerHealth.cs:179)
[   698    9.593 x1.00] ERR  Material 'M_VFX_Refraction_Shockwave_01 (Instance)' with Shader 'Vefects/SH_Vefects_BIRP_Refraction_Shockwave_01' doesn't have a color property '_Color'
        at UnityEngine.Material:get_color ()
        at PlayerCombat:FlashDamage () (at Assets/Scripts/Combat/PlayerCombat.cs:2738)
        at PlayerCombat:PlayHitReaction (bool,UnityEngine.Vector3,bool) (at Assets/Scripts/Combat/PlayerCombat.cs:2330)
        at PlayerHealth:TakeDamage (int,bool,UnityEngine.Vector3,bool) (at Assets/Scripts/Player/PlayerHealth.cs:179)
[   698    9.593 x1.00] ERR  Material 'M_VFX_Ring_Burst_02_Dark (Instance)' with Shader 'Vefects/SH_Vefects_BIRP_Unlit_Simple_LUT_01' doesn't have a color property '_Color'
        at UnityEngine.Material:get_color ()
        at PlayerCombat:FlashDamage () (at Assets/Scripts/Combat/PlayerCombat.cs:2738)
        at PlayerCombat:PlayHitReaction (bool,UnityEngine.Vector3,bool) (at Assets/Scripts/Combat/PlayerCombat.cs:2330)
        at PlayerHealth:TakeDamage (int,bool,UnityEngine.Vector3,bool) (at Assets/Scripts/Player/PlayerHealth.cs:179)
[   698    9.593 x1.00] ERR  Material 'M_VFX_Ring_Burst_02_Dark_Add (Instance)' with Shader 'Vefects/SH_Vefects_BIRP_Unlit_Simple_LUT_01' doesn't have a color property '_Color'
        at UnityEngine.Material:get_color ()
        at PlayerCombat:FlashDamage () (at Assets/Scripts/Combat/PlayerCombat.cs:2738)
        at PlayerCombat:PlayHitReaction (bool,UnityEngine.Vector3,bool) (at Assets/Scripts/Combat/PlayerCombat.cs:2330)
        at PlayerHealth:TakeDamage (int,bool,UnityEngine.Vector3,bool) (at Assets/Scripts/Player/PlayerHealth.cs:179)
[   698    9.593 x1.00] ERR  Material 'M_VFX_Impact_Hemisphere_02_Void (Instance)' with Shader 'Vefects/SH_Vefects_BIRP_Impact_Hemisphere_01' doesn't have a color property '_Color'
        at UnityEngine.Material:get_color ()
        at PlayerCombat:FlashDamage () (at Assets/Scripts/Combat/PlayerCombat.cs:2738)
        at PlayerCombat:PlayHitReaction (bool,UnityEngine.Vector3,bool) (at Assets/Scripts/Combat/PlayerCombat.cs:2330)
        at PlayerHealth:TakeDamage (int,bool,UnityEngine.Vector3,bool) (at Assets/Scripts/Player/PlayerHealth.cs:179)
[   698    9.593 x1.00] ERR  Material 'M_VFX_Impact_Hemisphere_02_Void_Inverted (Instance)' with Shader 'Vefects/SH_Vefects_BIRP_Impact_Hemisphere_01' doesn't have a color property '_Color'
        at UnityEngine.Material:get_color ()
        at PlayerCombat:FlashDamage () (at Assets/Scripts/Combat/PlayerCombat.cs:2738)
        at PlayerCombat:PlayHitReaction (bool,UnityEngine.Vector3,bool) (at Assets/Scripts/Combat/PlayerCombat.cs:2330)
        at PlayerHealth:TakeDamage (int,bool,UnityEngine.Vector3,bool) (at Assets/Scripts/Player/PlayerHealth.cs:179)
[   698    9.593 x1.00] ERR  Material 'M_VFX_Impact_HP_01_Dark (Instance)' with Shader 'Vefects/SH_Vefects_BIRP_Unlit_Simple_LUT_01' doesn't have a color property '_Color'
        at UnityEngine.Material:get_color ()
        at PlayerCombat:FlashDamage () (at Assets/Scripts/Combat/PlayerCombat.cs:2738)
        at PlayerCombat:PlayHitReaction (bool,UnityEngine.Vector3,bool) (at Assets/Scripts/Combat/PlayerCombat.cs:2330)
        at PlayerHealth:TakeDamage (int,bool,UnityEngine.Vector3,bool) (at Assets/Scripts/Player/PlayerHealth.cs:179)
[   698    9.593 x1.00] ERR  Material 'M_VFX_Impact_HP_01_Dark (Instance)' with Shader 'Vefects/SH_Vefects_BIRP_Unlit_Simple_LUT_01' doesn't have a color property '_Color'
        at UnityEngine.Material:get_color ()
        at PlayerCombat:FlashDamage () (at Assets/Scripts/Combat/PlayerCombat.cs:2738)
        at PlayerCombat:PlayHitReaction (bool,UnityEngine.Vector3,bool) (at Assets/Scripts/Combat/PlayerCombat.cs:2330)
        at PlayerHealth:TakeDamage (int,bool,UnityEngine.Vector3,bool) (at Assets/Scripts/Player/PlayerHealth.cs:179)
[   698    9.593 x1.00] ERR  Material 'M_VFX_Spike_01 (Instance)' with Shader 'Vefects/SH_Vefects_BIRP_Unlit_Simple_01' doesn't have a color property '_Color'
        at UnityEngine.Material:get_color ()
        at PlayerCombat:FlashDamage () (at Assets/Scripts/Combat/PlayerCombat.cs:2738)
        at PlayerCombat:PlayHitReaction (bool,UnityEngine.Vector3,bool) (at Assets/Scripts/Combat/PlayerCombat.cs:2330)
        at PlayerHealth:TakeDamage (int,bool,UnityEngine.Vector3,bool) (at Assets/Scripts/Player/PlayerHealth.cs:179)
[   698    9.593 x1.00] ERR  Material 'M_VFX_Energy_Balls_01 (Instance)' with Shader 'Vefects/SH_Vefects_BIRP_Thin_Smoke_01' doesn't have a color property '_Color'
        at UnityEngine.Material:get_color ()
        at PlayerCombat:FlashDamage () (at Assets/Scripts/Combat/PlayerCombat.cs:2738)
        at PlayerCombat:PlayHitReaction (bool,UnityEngine.Vector3,bool) (at Assets/Scripts/Combat/PlayerCombat.cs:2330)
        at PlayerHealth:TakeDamage (int,bool,UnityEngine.Vector3,bool) (at Assets/Scripts/Player/PlayerHealth.cs:179)
[   698    9.593 x1.00] ERR  Material 'M_VFX_Central_Area_01_Void (Instance)' with Shader 'Vefects/SH_Vefects_BIRP_Central_Area_01' doesn't have a color property '_Color'
        at UnityEngine.Material:get_color ()
        at PlayerCombat:FlashDamage () (at Assets/Scripts/Combat/PlayerCombat.cs:2738)
        at PlayerCombat:PlayHitReaction (bool,UnityEngine.Vector3,bool) (at Assets/Scripts/Combat/PlayerCombat.cs:2330)
        at PlayerHealth:TakeDamage (int,bool,UnityEngine.Vector3,bool) (at Assets/Scripts/Player/PlayerHealth.cs:179)
[   698    9.593 x1.00] ERR  Material 'M_VFX_Central_Area_02_Void (Instance)' with Shader 'Vefects/SH_Vefects_BIRP_Central_Area_01' doesn't have a color property '_Color'
        at UnityEngine.Material:get_color ()
        at PlayerCombat:FlashDamage () (at Assets/Scripts/Combat/PlayerCombat.cs:2738)
        at PlayerCombat:PlayHitReaction (bool,UnityEngine.Vector3,bool) (at Assets/Scripts/Combat/PlayerCombat.cs:2330)
        at PlayerHealth:TakeDamage (int,bool,UnityEngine.Vector3,bool) (at Assets/Scripts/Player/PlayerHealth.cs:179)
[   698    9.593 x1.00] LOG  [Momentum] 3 -> 1 (hit taken), speed x1.05, damage x1.05, impact x1.05
[   698    9.593 x1.00] LOG  [Combat] Combo memory: light hit, keeping step 2
[   698    9.593 x1.00] LOG  [Combat] Hit react: HitReact_Light_2Leg (0.5s, clip starts at 0.35s)
[   698    9.593 x1.00] LOG  [CameraGameFeel] Shake: intensity=0.30 duration=0.200s
[   698    9.593 x1.00] LOG  [CameraGameFeel] FOV punch: player damage (-2.0°)
[   698    9.593 x1.00] LOG  [OniBoss:Wave] wave TOUCHED Yoru (grounded) for 8 after 0.1m / 0.01s of travel.
[   701    9.613 x1.00] LOG  [HitReactTrace] asked for 'HitReact_Light_2Leg' (0.50s, clip start 0.35s): playing it, blend resolved after 20 ms, state 1.21s long at speed 1.00, now at 0.37s, layer weight 1.00, animator.speed 1.00.
[   800   10.065 x1.00] LOG  [OniBoss] Attack → Recovery
[   800   10.065 x1.00] LOG  [OniBoss] Playing animation: Watch
[   800   10.065 x1.00] LOG  [OniBoss:Trail] trail END at clip 0.99, fading over 0.40s.
[   800   10.065 x1.00] LOG  [OniBoss:Strike] Club_Swing: club tip closest to Yoru at 0.50m, clip position 0.91 | damage fires at 0.42 | clip 0.84s => damage fires 411 ms BEFORE the club is closest
[   825   10.215 x1.00] LOG  [OniBoss] Recovery → Attack
[   825   10.215 x1.00] LOG  [OniBoss] Attack: ClubSwing2 (16 dmg)
[   825   10.215 x1.00] LOG  [OniBoss:Trail] ClubSwing2 trail START at clip 1.00 (transition still blending).
[   888   10.552 x1.00] LOG  [CameraGameFeel] Shake: intensity=0.20 duration=0.250s
[   888   10.552 x1.00] LOG  [Momentum] 1 -> 0 (hit taken), speed x1.00, damage x1.00, impact x1.00
[   888   10.552 x1.00] LOG  [Combat] Combo memory: light hit, keeping step 2
[   888   10.552 x1.00] LOG  [Combat] Hit react: HitReact_Light_2Leg (0.5s, clip starts at 0.35s)
[   888   10.552 x1.00] LOG  [CameraGameFeel] Shake: intensity=0.30 duration=0.200s
[   888   10.552 x1.00] LOG  [CameraGameFeel] FOV punch: player damage (-2.0°)
[   888   10.552 x1.00] LOG  [OniBoss] Hit player for 20 (ClubSwing2) [combo x1.25]
[   888   10.552 x1.00] LOG  [OniBoss:Touch] ClubSwing2: club TOUCHED Yoru at clip 0.29, shaft 0.67m from her body line, head 0.57 along the club, tip 1.07m up, tip speed 97m/s. Full club hit delivered this frame.
[   889   10.559 x1.00] LOG  [HitReactTrace] asked for 'HitReact_Light_2Leg' (0.50s, clip start 0.35s): NOT playing it, another state took the combat layer, blend resolved after 7 ms, state 1.00s long at speed 1.00, now at 0.46s, layer weight 1.00, animator.speed 1.00.
[   898   10.603 x1.00] LOG  [OniBoss:ClubPos] ClubSwing2 at strike: club tip 0.33m up, 1.38m in front, 2.91m to his right (3.22m out from his centre). Club faces 29deg from his forward, pitch -0.89. (the ground wave is born 1.6m in front of him at 0.35m.)
[   898   10.603 x1.00] LOG  [OniBoss:Layer] ClubSwing2: club already hit — ground wave released as VISUAL only (0 damage).
[  1050   11.366 x1.00] LOG  [Combat] Combo 3: 35 dmg
[  1050   11.366 x1.00] LOG  [ComboTrace] START step=3 state='Combo3' queued=0 target='OniBoss' at 4.5m
[  1050   11.366 x1.00] LOG  [ComboTrace] LAUNCH OniBoss at 1.0m dist=0.99m in 0.13s
[  1050   11.366 x1.00] LOG  [YoruVFX] Ground hazard: 'VFX_Void_Area_GroundSpinYORU' laid at GroundVFX ((467.62, 0.18, 439.60)), floor tilt 0.0 deg, 17 delays shifted by 2.00s, own lifetime 8.98s
[  1050   11.366 x1.00] LOG  [Combat] Hazard zone tick: OniBoss for 25
[  1050   11.366 x1.00] LOG  [Combat] Hazard zone laid: 8.98s, 25 dmg every 0.50s in 2.00m
[  1052   11.386 x1.00] LOG  [OniBoss] Attack → Recovery
[  1052   11.386 x1.00] LOG  [OniBoss] Playing animation: Watch
[  1052   11.386 x1.00] LOG  [OniBoss:Trail] trail END at clip 0.99, fading over 0.40s.
[  1052   11.386 x1.00] LOG  [OniBoss:Strike] ClubSwing2: club tip closest to Yoru at 1.14m, clip position 0.30 | damage fires at 0.32 | clip 1.17s => MATCHED (within one or two frames)
[  1058   11.433 x1.00] LOG  OniBoss took 35 damage. HP: 2383/2500
[  1058   11.433 x1.00] LOG  [OniBoss] Recovery → Stagger
[  1058   11.433 x1.00] LOG  [OniBoss] Playing animation: Stagger
[  1058   11.433 x1.00] LOG  [OniBoss] STAGGERED for 2.5s
[  1058   11.433 x1.00] LOG  [OniBoss:Layer] heavy knock-back react (35 dmg) → 'HitReact_Heavy', down for 1.80s
[  1058   11.433 x1.00] LOG  [Momentum] 0 -> 1 (hit), speed x1.05, damage x1.05, impact x1.05
[  1058   11.433 x1.00] LOG  [CameraGameFeel] Shake: intensity=0.06 duration=0.080s
[  1058   11.433 x1.00] LOG  [CameraGameFeel] Shake: intensity=0.53 duration=0.200s
[  1058   11.433 x1.00] LOG  [CameraGameFeel] FOV punch: hit light (+1.5°)
[  1067   11.503 x1.00] LOG  [ComboTrace] LAUNCH RESULT wanted=0.99m actually moved=0.37m, completed
[  1081   11.583 x1.00] LOG  [ComboTrace] CLICK IGNORED (step=3 queued=0)
[  1134   11.866 x1.00] LOG  [Combat] Hazard zone tick: OniBoss for 25
[  1198   12.177 x1.00] LOG  [ComboTrace] END step=3 clipProgress=0.96 clipLen=0.79s queued=0 elapsed=0.81s
[  1239   12.366 x1.00] LOG  [Combat] Hazard zone tick: OniBoss for 25
[  1277   12.559 x1.00] LOG  🚶 2-LEG JUMP
[  1277   12.559 x1.00] LOG  🐾 Jump 1 VFX spawned!
[  1325   12.871 x1.00] LOG  [Combat] Hazard zone tick: OniBoss for 25
[  1347   13.022 x1.00] LOG  [ComboTrace] LAUNCH OniBoss at 1.2m dist=1.16m in 0.13s [AIRBORNE]
[  1347   13.022 x1.00] LOG  [Combat] Aerial spin, 25 dmg
[  1347   13.022 x1.00] LOG  [YoruVFX] Air spin: 'VFX_Void_Burst_AirSpinYoru' at CenterVFX, 46 systems, longest 1.00s fitted to 0.79s at speed 1.27, 8 forced Local, 38 delays zeroed, tail 2.37s
[  1347   13.022 x1.00] LOG  OniBoss punish window! 10 → 15 (x1.5)
[  1347   13.022 x1.00] LOG  OniBoss took 15 damage. HP: 2293/2500
[  1347   13.022 x1.00] LOG  [Momentum] 1 -> 2 (hit), speed x1.10, damage x1.10, impact x1.10
[  1347   13.022 x1.00] LOG  [CameraGameFeel] Shake: intensity=0.06 duration=0.080s
[  1347   13.022 x1.00] LOG  [CameraGameFeel] Shake: intensity=0.55 duration=0.200s
[  1347   13.022 x1.00] LOG  [CameraGameFeel] FOV punch: hit light (+1.5°)
[  1347   13.022 x1.00] LOG  [AirPosePin] engaged, holding body at 2.310m above the transform
[  1359   13.157 x1.00] LOG  [ComboTrace] LAUNCH RESULT wanted=1.16m actually moved=1.23m, completed
[  1361   13.177 x1.00] LOG  OniBoss punish window! 11 → 16 (x1.5)
[  1361   13.177 x1.00] LOG  OniBoss took 16 damage. HP: 2277/2500
[  1361   13.177 x1.00] LOG  [CameraGameFeel] Shake: intensity=0.19 duration=0.200s
[  1368   13.235 x1.00] LOG  [OniBoss] Stagger → Chase
[  1369   13.239 x1.00] LOG  [OniBoss] Playing animation: Idle
[  1369   13.239 x1.00] LOG  [OniBoss] Chase → Attack
[  1369   13.239 x1.00] LOG  [OniBoss] Attack: ClubSwing2 (16 dmg)
[  1369   13.239 x1.00] LOG  [OniBoss:Trail] ClubSwing2 trail START at clip 1.00 (transition done).
[  1381   13.330 x1.00] LOG  OniBoss took 11 damage. HP: 2266/2500
[  1381   13.330 x1.00] LOG  [OniBoss] 🤕 Hit during Attack — flash only
[  1381   13.330 x1.00] LOG  [OniBoss] Attack → Stagger
[  1381   13.330 x1.00] LOG  [OniBoss] Playing animation: Stagger
[  1381   13.330 x1.00] LOG  [OniBoss] STAGGERED for 2.5s
[  1381   13.330 x1.00] LOG  [OniBoss:Layer] heavy knock-back react (swirl burst, 3 hits / 42 dmg) → 'HitReact_Heavy', down for 1.80s
[  1381   13.330 x1.00] LOG  [OniBoss:Layer] burst: 3 hits / 42 dmg inside 0.8s → knock-back + 0.90m push
[  1381   13.330 x1.00] LOG  [Momentum] 2 -> 3 (hit), speed x1.15, damage x1.15, impact x1.15
[  1381   13.330 x1.00] LOG  [CameraGameFeel] Shake: intensity=0.06 duration=0.080s
[  1381   13.330 x1.00] LOG  [CameraGameFeel] Shake: intensity=0.20 duration=0.200s
[  1382   13.343 x1.00] LOG  [OniBoss:Trail] trail END at clip 1.00, fading over 0.40s.
[  1403   13.501 x1.00] LOG  💨 Landing VFX spawned!
[  1403   13.501 x1.00] LOG  ✅ LANDED! (was jump #1)
[  1403   13.501 x1.00] LOG  [AirPosePin] released, peak correction was 0.000m
[  1447   13.744 x1.00] LOG  [YoruVFX] Spin VFX stopped, fading for 2.37s
[  1453   13.773 x1.00] LOG  [ComboTrace] END step=3 clipProgress=0.90 clipLen=0.79s queued=0 elapsed=0.75s
[  1472   13.887 x1.00] LOG  🚶 2-LEG JUMP
[  1472   13.887 x1.00] LOG  🐾 Jump 1 VFX spawned!
[  1540   14.348 x1.00] LOG  [ComboTrace] LAUNCH OniBoss at 1.4m dist=1.39m in 0.14s [AIRBORNE]
[  1540   14.348 x1.00] LOG  [Combat] Aerial spin, 25 dmg
[  1540   14.348 x1.00] LOG  [YoruVFX] Air spin: 'VFX_Void_Burst_AirSpinYoru' at CenterVFX, 46 systems, longest 1.00s fitted to 0.79s at speed 1.27, 8 forced Local, 38 delays zeroed, tail 2.37s
[  1540   14.348 x1.00] LOG  OniBoss punish window! 12 → 18 (x1.5)
[  1540   14.348 x1.00] LOG  OniBoss took 18 damage. HP: 2248/2500
[  1540   14.348 x1.00] LOG  [Momentum] 3 -> 4 (hit), speed x1.20, damage x1.20, impact x1.20
[  1540   14.348 x1.00] LOG  [CameraGameFeel] Shake: intensity=0.06 duration=0.080s
[  1540   14.348 x1.00] LOG  [CameraGameFeel] Shake: intensity=0.60 duration=0.200s
[  1540   14.348 x1.00] LOG  [CameraGameFeel] FOV punch: hit light (+1.5°)
[  1540   14.348 x1.00] LOG  [AirPosePin] engaged, holding body at 2.298m above the transform
[  1553   14.493 x1.00] LOG  [ComboTrace] LAUNCH RESULT wanted=1.39m actually moved=1.46m, completed
[  1555   14.508 x1.00] LOG  OniBoss punish window! 12 → 18 (x1.5)
[  1555   14.508 x1.00] LOG  OniBoss took 18 damage. HP: 2230/2500
[  1555   14.508 x1.00] LOG  [CameraGameFeel] Shake: intensity=0.21 duration=0.200s
[  1576   14.659 x1.00] LOG  OniBoss punish window! 12 → 18 (x1.5)
[  1576   14.659 x1.00] LOG  OniBoss took 18 damage. HP: 2212/2500
[  1576   14.659 x1.00] LOG  [Momentum] 4 -> 5 (hit), speed x1.25, damage x1.25, impact x1.25
[  1576   14.659 x1.00] LOG  [CameraGameFeel] Shake: intensity=0.14 duration=0.080s
[  1576   14.659 x1.00] LOG  [CameraGameFeel] Shake: intensity=0.22 duration=0.200s
[  1593   14.796 x1.00] LOG  💨 Landing VFX spawned!
[  1593   14.796 x1.00] LOG  ✅ LANDED! (was jump #1)
[  1593   14.796 x1.00] LOG  [AirPosePin] released, peak correction was 0.145m
[  1641   15.072 x1.00] LOG  [YoruVFX] Spin VFX stopped, fading for 2.37s
[  1648   15.103 x1.00] LOG  [ComboTrace] END step=3 clipProgress=0.90 clipLen=0.79s queued=0 elapsed=0.75s
[  1654   15.131 x1.00] LOG  [OniBoss] Stagger → Chase
[  1654   15.131 x1.00] LOG  🚶 2-LEG JUMP
[  1654   15.131 x1.00] LOG  🐾 Jump 1 VFX spawned!
[  1655   15.136 x1.00] LOG  [OniBoss] Playing animation: Idle
[  1655   15.136 x1.00] LOG  [OniBoss] Combo started: ClubSwing1 → ClubSwing2 → ClubSlam (3 steps remaining)
[  1655   15.136 x1.00] LOG  [OniBoss] Chase → Attack
[  1655   15.136 x1.00] LOG  [OniBoss] Attack: Club_Swing (16 dmg)
[  1655   15.136 x1.00] LOG  [OniBoss:Trail] Club_Swing trail START at clip 1.00 (transition done).
[  1705   15.457 x1.00] LOG  [CameraGameFeel] Shake: intensity=0.20 duration=0.250s
[  1705   15.457 x1.00] LOG  [Momentum] 5 -> 3 (hit taken), speed x1.15, damage x1.15, impact x1.15
[  1705   15.457 x1.00] LOG  [Combat] Combo memory: light hit, keeping step 3
[  1705   15.457 x1.00] LOG  [Combat] Hit react: HitReact_Light_2Leg (0.5s, clip starts at 0.35s)
[  1705   15.457 x1.00] LOG  [CameraGameFeel] Shake: intensity=0.30 duration=0.200s
[  1705   15.457 x1.00] LOG  [CameraGameFeel] FOV punch: player damage (-2.0°)
[  1705   15.457 x1.00] LOG  [OniBoss] Hit player for 16 (Club_Swing)
[  1705   15.457 x1.00] LOG  [OniBoss:Touch] Club_Swing: club TOUCHED Yoru at clip 0.38, shaft 0.50m from her body line, head 0.61 along the club, tip 2.11m up, tip speed 169m/s, ONE FRAME EARLY (predicted). Full club hit delivered this frame.
[  1706   15.469 x1.00] LOG  [HitReactTrace] asked for 'HitReact_Light_2Leg' (0.50s, clip start 0.35s): NOT playing it, another state took the combat layer, blend resolved after 12 ms, state 1.00s long at speed 1.00, now at 0.35s, layer weight 1.00, animator.speed 1.00.
[  1706   15.469 x1.00] LOG  [AirPosePin] engaged, holding body at 1.093m above the transform
[  1710   15.500 x1.00] LOG  [OniBoss:ClubPos] Club_Swing at strike: club tip 3.04m up, 1.87m in front, -3.20m to his right (3.70m out from his centre). Club faces -96deg from his forward, pitch 0.41. (the ground wave is born 1.6m in front of him at 0.35m.)
[  1710   15.500 x1.00] LOG  [OniBoss:Layer] Club_Swing: club already hit — ground wave released as VISUAL only (0 damage).
[  1778   15.965 x1.00] LOG  [AirPosePin] released, peak correction was 0.200m
[  1780   15.973 x1.00] LOG  [OniBoss] Attack → Recovery
[  1780   15.973 x1.00] LOG  [OniBoss] Playing animation: Watch
[  1780   15.973 x1.00] LOG  [OniBoss:Trail] trail END at clip 0.99, fading over 0.40s.
[  1780   15.973 x1.00] LOG  [OniBoss:Strike] Club_Swing: club tip closest to Yoru at 1.78m, clip position 0.91 | damage fires at 0.42 | clip 0.84s => damage fires 409 ms BEFORE the club is closest
[  1791   16.046 x1.00] WARN The referenced script on this Behaviour (Game Object '<null>') is missing!
[  1791   16.046 x1.00] WARN The referenced script on this Behaviour (Game Object 'Lightning Light') is missing!
[  1791   16.046 x1.00] WARN The referenced script on this Behaviour (Game Object 'Lightning Light') is missing!
[  1795   16.073 x1.00] LOG  💨 Landing VFX spawned!
[  1795   16.073 x1.00] LOG  ✅ LANDED! (was jump #1)
[  1804   16.127 x1.00] LOG  [OniBoss] Recovery → Attack
[  1804   16.127 x1.00] LOG  [OniBoss] Attack: ClubSwing2 (16 dmg)
[  1804   16.127 x1.00] LOG  [OniBoss:Trail] ClubSwing2 trail START at clip 1.00 (transition still blending).
[  1824   16.224 x1.00] LOG  🚶 2-LEG JUMP
[  1824   16.224 x1.00] LOG  🐾 Jump 1 VFX spawned!
[  1861   16.515 x1.00] LOG  [OniBoss:ClubPos] ClubSwing2 at strike: club tip 0.34m up, 1.36m in front, 2.93m to his right (3.23m out from his centre). Club faces 30deg from his forward, pitch -0.89. (the ground wave is born 1.6m in front of him at 0.35m.)
[  1861   16.515 x1.00] LOG  [OniBoss:Layer] ClubSwing2: club has not connected — ground wave released ARMED, 1.6m in front, 12m/s x 6.0m = 0.50s, carrying 10 (half of the club's 20).
[  1887   16.711 x1.00] LOG  [ComboTrace] LAUNCH OniBoss at 1.0m dist=0.96m in 0.13s [AIRBORNE]
[  1887   16.711 x1.00] LOG  [Combat] Aerial spin, 25 dmg
[  1887   16.711 x1.00] LOG  [YoruVFX] Air spin: 'VFX_Void_Burst_AirSpinYoru' at CenterVFX, 46 systems, longest 1.00s fitted to 0.79s at speed 1.27, 8 forced Local, 38 delays zeroed, tail 2.37s
[  1887   16.711 x1.00] LOG  OniBoss took 12 damage. HP: 2200/2500
[  1887   16.711 x1.00] LOG  [OniBoss] 🤕 Hit during Attack — flash only
[  1887   16.711 x1.00] LOG  [Momentum] 3 -> 4 (hit), speed x1.20, damage x1.20, impact x1.20
[  1887   16.711 x1.00] LOG  [CameraGameFeel] Shake: intensity=0.06 duration=0.080s
[  1887   16.711 x1.00] LOG  [CameraGameFeel] Shake: intensity=0.60 duration=0.200s
[  1887   16.711 x1.00] LOG  [CameraGameFeel] FOV punch: hit light (+1.5°)
[  1887   16.711 x1.00] LOG  [AirPosePin] engaged, holding body at 2.370m above the transform
[  1903   16.837 x1.00] LOG  [ComboTrace] LAUNCH RESULT wanted=0.96m actually moved=0.38m, completed
[  1907   16.867 x1.00] LOG  OniBoss took 12 damage. HP: 2188/2500
[  1907   16.867 x1.00] LOG  [OniBoss] 🤕 Hit during Attack — flash only
[  1907   16.867 x1.00] LOG  [CameraGameFeel] Shake: intensity=0.21 duration=0.200s
[  1926   17.017 x1.00] LOG  [OniBoss:Wave] armed wave expired UNTOUCHED — closest 0.00m to Yoru (hit width 1.60), she was AIRBORNE at the closest moment.
[  1926   17.017 x1.00] LOG  OniBoss took 12 damage. HP: 2176/2500
[  1926   17.017 x1.00] LOG  [OniBoss] 🤕 Hit during Attack — flash only
[  1926   17.017 x1.00] LOG  [OniBoss] Attack → Stagger
[  1926   17.017 x1.00] LOG  [OniBoss] Playing animation: Stagger
[  1926   17.017 x1.00] LOG  [OniBoss] STAGGERED for 2.5s
[  1926   17.017 x1.00] LOG  [OniBoss:Layer] heavy knock-back react (swirl burst, 3 hits / 36 dmg) → 'HitReact_Heavy', down for 1.80s
[  1926   17.017 x1.00] LOG  [OniBoss:Layer] burst: 3 hits / 36 dmg inside 0.8s → knock-back + 0.90m push
[  1926   17.017 x1.00] LOG  [Momentum] 4 -> 5 (hit), speed x1.25, damage x1.25, impact x1.25
[  1926   17.017 x1.00] LOG  [CameraGameFeel] Shake: intensity=0.14 duration=0.080s
[  1926   17.017 x1.00] LOG  [CameraGameFeel] Shake: intensity=0.22 duration=0.200s
[  1926   17.017 x1.00] LOG  [OniBoss:Touch] ClubSwing2: no touch this swing, closest 1.22m at clip 0.29 (head 0.67 along the club), fastest tip 111m/s (radius 0.70, min speed 50, max tip height 2.5m).
[  1926   17.017 x1.00] LOG  [OniBoss:Strike] ClubSwing2: club tip closest to Yoru at 2.00m, clip position 0.29 | damage fires at 0.32 | clip 1.17s => damage fires 41 ms AFTER the club is closest — it lands once the club has passed her
[  1927   17.033 x1.00] LOG  [OniBoss:Trail] trail END at clip 0.71, fading over 0.40s.
[  1943   17.154 x1.00] LOG  💨 Landing VFX spawned!
[  1943   17.154 x1.00] LOG  ✅ LANDED! (was jump #1)
[  1943   17.154 x1.00] LOG  [AirPosePin] released, peak correction was 0.011m
[  1985   17.440 x1.00] LOG  [YoruVFX] Spin VFX stopped, fading for 2.37s
[  1990   17.468 x1.00] LOG  [ComboTrace] END step=3 clipProgress=0.90 clipLen=0.79s queued=0 elapsed=0.76s
[  2211   18.824 x1.00] LOG  [OniBoss] Stagger → Chase
[  2212   18.828 x1.00] LOG  [OniBoss] Pull-band decision: RUN-IN (dist 5.8m, pullRange 0m, chance 0.50)
[  2212   18.828 x1.00] LOG  [OniBoss] Playing animation: run
[  2221   18.881 x1.00] LOG  🐾 4-LEG JUMP #0
[  2221   18.881 x1.00] LOG  🐾 Jump 1 VFX spawned!
[  2277   19.264 x1.00] LOG  [OniBoss] Playing animation: Watch
[  2277   19.264 x1.00] LOG  [OniBoss] Combo started: ClubSwing1 → ClubSwing2 → ClubSlam (3 steps remaining)
[  2277   19.264 x1.00] LOG  [OniBoss] Chase → Attack
[  2277   19.264 x1.00] LOG  [OniBoss] Attack: Club_Swing (16 dmg)
[  2277   19.264 x1.00] LOG  [OniBoss:Trail] Club_Swing trail START at clip 0.46 (transition done).
[  2278   19.270 x1.00] LOG  [OniBoss:Layer] step-in: 'Club_Swing' closed 0.02m, Yoru now 3.0m away (range 3.5)
[  2278   19.270 x1.00] LOG  [ComboTrace] LAUNCH OniBoss at 1.6m dist=1.60m in 0.16s [AIRBORNE]
[  2278   19.270 x1.00] LOG  [Combat] Aerial spin, 25 dmg
[  2278   19.270 x1.00] LOG  [YoruVFX] Air spin: 'VFX_Void_Burst_AirSpinYoru' at CenterVFX, 46 systems, longest 1.00s fitted to 0.79s at speed 1.27, 8 forced Local, 38 delays zeroed, tail 2.37s
[  2278   19.270 x1.00] LOG  [AirPosePin] engaged, holding body at 1.417m above the transform
[  2294   19.428 x1.00] LOG  OniBoss took 12 damage. HP: 2164/2500
[  2294   19.428 x1.00] LOG  [OniBoss] 🤕 Hit during Attack — flash only
[  2294   19.428 x1.00] LOG  [Momentum] 5 -> 6 (hit), speed x1.30, damage x1.30, impact x1.30
[  2294   19.428 x1.00] LOG  [CameraGameFeel] Shake: intensity=0.06 duration=0.080s
[  2294   19.428 x1.00] LOG  [CameraGameFeel] Shake: intensity=0.65 duration=0.200s
[  2294   19.428 x1.00] LOG  [CameraGameFeel] FOV punch: hit light (+1.5°)
[  2295   19.434 x1.00] LOG  [ComboTrace] LAUNCH RESULT wanted=1.60m actually moved=1.26m, completed
[  2316   19.586 x1.00] LOG  OniBoss took 13 damage. HP: 2151/2500
[  2316   19.586 x1.00] LOG  [OniBoss] 🤕 Hit during Attack — flash only
[  2316   19.586 x1.00] LOG  [CameraGameFeel] Shake: intensity=0.23 duration=0.200s
[  2326   19.659 x1.00] LOG  [CameraGameFeel] Shake: intensity=0.20 duration=0.250s
[  2326   19.659 x1.00] LOG  [Momentum] 6 -> 4 (hit taken), speed x1.20, damage x1.20, impact x1.20
[  2326   19.659 x1.00] LOG  [YoruVFX] Spin VFX stopped, fading for 2.37s
[  2326   19.659 x1.00] LOG  [Combat] Combo memory: light hit, keeping step 3
[  2326   19.659 x1.00] LOG  [Combat] Hit react: HitReact_Light_2Leg (0.5s, clip starts at 0.35s)
[  2326   19.659 x1.00] LOG  [CameraGameFeel] Shake: intensity=0.30 duration=0.200s
[  2326   19.659 x1.00] LOG  [CameraGameFeel] FOV punch: player damage (-2.0°)
[  2326   19.659 x1.00] LOG  [OniBoss] Hit player for 16 (Club_Swing)
[  2326   19.659 x1.00] LOG  [OniBoss:Touch] Club_Swing: club TOUCHED Yoru at clip 0.40, shaft 0.28m from her body line, head 0.44 along the club, tip 2.38m up, tip speed 156m/s. Full club hit delivered this frame.
[  2327   19.667 x1.00] LOG  [HitReactTrace] asked for 'HitReact_Light_2Leg' (0.50s, clip start 0.35s): NOT playing it, another state took the combat layer, blend resolved after 8 ms, state 0.79s long at speed 0.80, now at 0.33s, layer weight 1.00, animator.speed 1.00.
[  2329   19.683 x1.00] LOG  [OniBoss:ClubPos] Club_Swing at strike: club tip 3.02m up, 2.60m in front, -2.90m to his right (3.90m out from his centre). Club faces -80deg from his forward, pitch 0.40. (the ground wave is born 1.6m in front of him at 0.35m.)
[  2329   19.683 x1.00] LOG  [OniBoss:Layer] Club_Swing: club already hit — ground wave released as VISUAL only (0 damage).
[  2345   19.793 x1.00] LOG  💨 Landing VFX spawned!
[  2345   19.793 x1.00] LOG  [AirPosePin] released, peak correction was 0.046m
[  2414   20.165 x1.00] LOG  ✅ LANDED! (was jump #0)
[  2415   20.169 x1.00] LOG  [OniBoss] Attack → Recovery
[  2415   20.169 x1.00] LOG  [OniBoss] Playing animation: Watch
[  2415   20.169 x1.00] LOG  [OniBoss:Trail] trail END at clip 1.00, fading over 0.40s.
[  2415   20.169 x1.00] LOG  [OniBoss:Strike] Club_Swing: club tip closest to Yoru at 0.39m, clip position 0.87 | damage fires at 0.42 | clip 0.84s => damage fires 378 ms BEFORE the club is closest
[  2444   20.320 x1.00] LOG  [OniBoss] Recovery → Attack
[  2444   20.320 x1.00] LOG  [OniBoss] Attack: ClubSwing2 (16 dmg)
[  2444   20.320 x1.00] LOG  [OniBoss:Trail] ClubSwing2 trail START at clip 1.00 (transition still blending).
[  2480   20.523 x1.00] LOG  [Combat] Combo 1: 10 dmg
[  2480   20.523 x1.00] LOG  [ComboTrace] START step=1 state='Combo1' queued=0 target='OniBoss' at 2.4m
[  2480   20.523 x1.00] LOG  [ComboTrace] LAUNCH OniBoss at 0.7m dist=0.70m in 0.13s
[  2504   20.654 x1.00] LOG  [CameraGameFeel] Shake: intensity=0.20 duration=0.250s
[  2504   20.654 x1.00] LOG  [Momentum] 4 -> 2 (hit taken), speed x1.10, damage x1.10, impact x1.10
[  2504   20.654 x1.00] LOG  [Combat] Combo memory: light hit, keeping step 1
[  2504   20.654 x1.00] LOG  [Combat] Hit react: HitReact_Light_2Leg (0.5s, clip starts at 0.35s)
[  2504   20.654 x1.00] LOG  [CameraGameFeel] Shake: intensity=0.30 duration=0.200s
[  2504   20.654 x1.00] LOG  [CameraGameFeel] FOV punch: player damage (-2.0°)
[  2504   20.654 x1.00] LOG  [OniBoss] Hit player for 20 (ClubSwing2) [combo x1.25]
[  2504   20.654 x1.00] LOG  [OniBoss:Touch] ClubSwing2: club TOUCHED Yoru at clip 0.29, shaft 0.66m from her body line, head 0.47 along the club, tip 1.23m up, tip speed 95m/s. Full club hit delivered this frame.
[  2505   20.665 x1.00] LOG  [HitReactTrace] asked for 'HitReact_Light_2Leg' (0.50s, clip start 0.35s): NOT playing it, another state took the combat layer, blend resolved after 11 ms, state 0.79s long at speed 1.60, now at 0.13s, layer weight 1.00, animator.speed 1.00.
[  2513   20.699 x1.00] LOG  [OniBoss:ClubPos] ClubSwing2 at strike: club tip 0.05m up, 1.92m in front, 2.29m to his right (2.99m out from his centre). Club faces 0deg from his forward, pitch -0.87. (the ground wave is born 1.6m in front of him at 0.35m.)
[  2513   20.699 x1.00] LOG  [OniBoss:Layer] ClubSwing2: club already hit — ground wave released as VISUAL only (0 damage).
[  2667   21.482 x1.00] LOG  [OniBoss] Attack → Recovery
[  2667   21.482 x1.00] LOG  [OniBoss] Playing animation: Watch
[  2667   21.482 x1.00] LOG  [OniBoss:Trail] trail END at clip 0.99, fading over 0.40s.
[  2667   21.482 x1.00] LOG  [OniBoss:Strike] ClubSwing2: club tip closest to Yoru at 1.44m, clip position 0.30 | damage fires at 0.32 | clip 1.17s => MATCHED (within one or two frames)
[  2697   21.634 x1.00] LOG  [OniBoss] Recovery → Attack
[  2697   21.634 x1.00] LOG  [OniBoss] Attack: ClubSlam (20 dmg)
[  2697   21.634 x1.00] LOG  [OniBoss:Trail] ClubSlam trail START at clip 1.00 (transition still blending).
[  2784   22.058 x1.00] LOG  [CameraGameFeel] Shake: intensity=0.50 duration=0.400s
[  2784   22.058 x1.00] LOG  [Momentum] 2 -> 0 (hit taken), speed x1.00, damage x1.00, impact x1.00
[  2784   22.058 x1.00] LOG  [Combat] Hit react: HitReact_Heavy_2Leg (0.9s, clip starts at 0.35s)
[  2784   22.058 x1.00] LOG  [CameraGameFeel] Shake: intensity=0.60 duration=0.200s
[  2784   22.058 x1.00] LOG  [CameraGameFeel] FOV punch: player damage (-3.0°)
[  2784   22.058 x1.00] LOG  [OniBoss] Hit player for 30 (ClubSlam) [combo x1.50]
[  2784   22.058 x1.00] LOG  [OniBoss:Touch] ClubSlam: club TOUCHED Yoru at clip 0.46, shaft 0.14m from her body line, head 0.42 along the club, tip 2.44m up, tip speed 104m/s. Full club hit delivered this frame.
[  2785   22.065 x1.00] LOG  [HitReactTrace] asked for 'HitReact_Heavy_2Leg' (0.90s, clip start 0.35s): NOT playing it, another state took the combat layer, blend resolved after 6 ms, state 1.00s long at speed 1.00, now at 0.90s, layer weight 1.00, animator.speed 1.00.
[  2843   22.435 x1.00] LOG  [OniBoss:ClubPos] ClubSlam at strike: club tip 0.71m up, 2.84m in front, -0.52m to his right (2.89m out from his centre). Club faces -4deg from his forward, pitch -0.21. (the ground wave is born 1.6m in front of him at 0.35m.)
[  2843   22.435 x1.00] LOG  [OniBoss:Layer] ClubSlam: club already hit — ground wave released as VISUAL only (0 damage), finisher size x2.0.
[  2864   22.571 x1.00] LOG  [OniBoss] Attack → Recovery
[  2864   22.571 x1.00] LOG  [OniBoss] Playing animation: Watch
[  2864   22.571 x1.00] LOG  [OniBoss:Trail] trail END at clip 1.00, fading over 0.40s.
[  2864   22.571 x1.00] LOG  [OniBoss:Strike] ClubSlam: club tip closest to Yoru at 0.28m, clip position 0.94 | damage fires at 0.85 | clip 0.93s => damage fires 79 ms BEFORE the club is closest
[  2892   22.723 x1.00] LOG  [OniBoss] Recovery → Chase
[  2893   22.734 x1.00] LOG  [OniBoss] hold-ground: BACKSTEP 1.5m (player 1.9m)
[  3014   23.356 x1.00] LOG  [StormWeather] terrain layers restored to dry values.
# end — 457 lines
