# Oni combat log — 2026-09-01 16:45:01
# Unity 6000.2.7f2 | scene 'CaveScene_Oni_Boss1' | platform OSXEditor
# columns: [frame realSeconds timeScale] KIND message      (KIND: LOG WARN ERR EXC TEL)
#
[     0    0.000 x1.00] LOG  [OniLog] console + telemetry → /Users/asenahazal/Documents/Yoru/OniLogs/oni_2026-09-01_16-45-01.log
[     1    0.000 x1.00] LOG  [TailAirShot4Leg] Ready. drawState=shoot_4Leg castParam=Shoot4LegSpeed (found) readyFrame=5 fireFrame=10 frames=24 slowBudget=3s real damageMultiplier=2.00
  arrow leaves: PlayerYoru_1.1/Cat_All_10_Tails_v4/Group/DeformationSystem/root/Root_M/Tail15_R/Tail151_R/Tail152_R/Tail153_R/Tail154_R/Tail155_R/Tail156_R/Tail157_R/Tail158_R/Tail159_R/Tail1510_R/Tail1511_R/Tail1512_R/Tail6_R/Tail6_R_end/Tail6_R_end_end/Tail6_R_end_end_end/RightTailTip_Anchor
  aim VFX left:  PlayerYoru_1.1/Cat_All_10_Tails_v4/Group/DeformationSystem/root/Root_M/Tail15_L/Tail151_L/Tail152_L/Tail153_L/Tail154_L/Tail155_L/Tail156_L/Tail157_L/Tail158_L/Tail159_L/Tail1510_L/Tail1511_L/Tail1512_L/Tail6_L/Tail6_L_end/Tail6_L_end_end/Tail6_L_end_end_end/LeftTailTip_Anchor/Glow_4Leg_L
  aim VFX right: PlayerYoru_1.1/Cat_All_10_Tails_v4/Group/DeformationSystem/root/Root_M/Tail15_R/Tail151_R/Tail152_R/Tail153_R/Tail154_R/Tail155_R/Tail156_R/Tail157_R/Tail158_R/Tail159_R/Tail1510_R/Tail1511_R/Tail1512_R/Tail6_R/Tail6_R_end/Tail6_R_end_end/Tail6_R_end_end_end/RightTailTip_Anchor/Glow_4Leg_R
[     1    0.000 x1.00] LOG  [TailAirShot] Ready. drawState=RightTail_Fast castParam=TailCastSpeed (found)
  arrow leaves: PlayerYoru_1.1/Cat_All_10_Tails_v4/Group/DeformationSystem/root/Root_M/Tail15_R/Tail151_R/Tail152_R/Tail153_R/Tail154_R/Tail155_R/Tail156_R/Tail157_R/Tail158_R/Tail159_R/Tail1510_R/Tail1511_R/Tail1512_R/Tail6_R/Tail6_R_end/Tail6_R_end_end/Tail6_R_end_end_end/RightTailTip_Anchor
  aim VFX: PlayerYoru_1.1/Cat_All_10_Tails_v4/Group/DeformationSystem/root/Root_M/Tail15_R/Tail151_R/Tail152_R/Tail153_R/Tail154_R/Tail155_R/Tail156_R/Tail157_R/Tail158_R/Tail159_R/Tail1510_R/Tail1511_R/Tail1512_R/Tail6_R/Tail6_R_end/Tail6_R_end_end/Tail6_R_end_end_end/RightTailTip_Anchor/vfx_Muzzle_Fireball01Blue
[     1    0.000 x1.00] LOG  [PlayerCombat] Phase 2 form gate CONNECTED (FormController found on this GameObject).
[     1    0.000 x1.00] LOG  [Combat] PlayerCombat initialized — Phase 3C v27
[     1    0.000 x1.00] LOG  [RingMesh] VFX Status:
[     1    0.000 x1.00] LOG    Left: Prefab=✓, Spawn=Tail6_L_end_end_end
[     1    0.000 x1.00] LOG    Right: Prefab=✓, Spawn=Tail6_R_end_end_end
[     1    0.000 x1.00] LOG  === VFX MANAGER INITIALIZED ===
[     1    0.000 x1.00] LOG  Auto-detect animations: False
[     1    0.000 x1.00] LOG  Parent effects to tail: True
[     1    0.000 x1.00] LOG  Prefabs: Jump=True, Land=True, LTail=True, RTail=True
[     1    0.000 x1.00] LOG  ✅ Left Tail Tip: LeftTailVFX
[     1    0.000 x1.00] LOG  ✅ Right Tail Tip: RightTailTip_Anchor
[     1    0.000 x1.00] LOG  [StormWeather] layer 'TerrainLayer_Dirt_01' dry smoothness=0.00 (restore to this if a crash ever leaves it wet)
[     1    0.000 x1.00] LOG  [StormWeather] COZY bridge: Rain_Cave retired — COZY owns the rain now.
[     1    0.000 x1.00] LOG  [StormWeather] COZY → 'Receeding Storm' (phase 1 — dark clouds gather)
[     1    0.000 x1.00] LOG  [StormWeather] Ready. Rain on, floor drying... wait, soaking.
[     1    0.000 x1.00] LOG  [FreezeDebug v3] Armed. Manual=L. Auto=True. Buffer=60 snaps @ 0.1s = 6.0s history.
[     1    0.000 x1.00] LOG  [BossBar] BossHealthBarUI initialized
[     1    0.000 x1.00] LOG  OniBoss initialized with 500 HP
[     1    0.000 x1.00] LOG  [OniBoss] ANIMATOR SETUP: cullingMode=CullUpdateTransforms updateMode=Normal applyRootMotion=False speed=1
[     1    0.000 x1.00] LOG  [OniBoss] Initialized
[     1    0.000 x1.00] LOG  [OniBoss:Layer] facing: minFlat 1m, snapOnAttack off, trackInHitReact off
[     1    0.000 x1.00] LOG  [OniBoss:Layer] Yoru launch model ON: launches ALL THE WAY to an enemy within 4.7m of its surface at 10m/s (stop gap 0.00m, NO minimum distance), else steps 0.90m forward. Targeting cone left exactly as her prefab has it.
[     1    0.000 x1.00] LOG  [OniBoss:Layer] Yoru launch ROUND 9: airborne attacks launch too (ON), edge probe now runs on its OWN layer mask (Everything) instead of the line-of-sight mask - the Ground-only mask found no floor in this cave and was cancelling 100% of launches at 0.00m travelled.
[     1    0.000 x1.00] LOG  [OniBoss:Layer] animator speed x1.35 — his 1.13s swing now plays in 0.84s.
[     1    0.000 x1.00] LOG  [OniBoss:Layer] chase speed pushed: phase1 4.5, phase2 5.5 (Yoru runs at 7).
[     1    0.000 x1.00] LOG  [OniBoss:Layer] ground wave ON (round 38): half the club's damage on TOUCH, 12m/s x 6.0m from 1.6m in front at 0.35m height — a club hit cancels that swing's wave, jumping clears it. Per-attack effects come from the Swing Wave VFX By Attack rows. PlayerHealth found, PlayerMovement found.
[     1    0.000 x1.00] LOG  [StormWeather] storm break HELD (waiting for the lightning beat)
[     1    0.000 x1.00] LOG  [OniBoss:Layer] storm break HELD — it releases at the lightning-on-the-club beat.
[     1    0.000 x1.00] LOG  [OniBoss:Layer] club tracking ON — tip 'Kanabo3' (depth 4), shaft root 'kanabo'.
[     1    0.000 x1.00] LOG  [OniBoss:Layer] skinned meshes: 46 renderer(s), updateWhenOffscreen ON, body renderer 'Body' rootBone 'Hips'
[     1    0.000 x1.00] LOG  [OniBoss:Layer] charge travel bone: 'Hips' at depth 1 under 'OniBoss', rest local (0.00, 3.24, -0.24)
[     1    0.000 x1.00] LOG  [OniBoss:Layer] anti-kite ON: thrown swing after 4s of failed chase (within 7.6m), charge after 6s.
[     1    0.000 x1.00] LOG  [OniBoss:Layer] charge drive ON (windup to 0.40 at x1.3, rush 14m/s stops at 2.6m, steers 0.35s then commits, strike section from 0.58, strike moment 0.76, trail VFX off)
[     1    0.000 x1.00] LOG  [OniBoss:Layer] attack armor ON (his swings are not interrupted by light/medium hits; heavy hits and rapid-hit bursts still stop him)
[     1    0.000 x1.00] LOG  [OniBoss:Layer] strike moments overridden: Club_Swing=0.42 ClubSwing2=0.32 ClubSlam=0.85 KanaboSweep=0.48
[     1    0.000 x1.00] LOG  [OniBoss:Layer] club TOUCH hits ON (radius 0.70m, min tip speed 50m/s, armed from 0.20 of the clip): Club_Swing ClubSwing2 ClubSlam KanaboSweep. First touch wins — club full damage, wave half, one hit per swing.
[     1    0.000 x1.00] LOG  [OniBoss:Layer] combo damage ramp ON: mid x1.25, finisher x1.50 — finisher wave carries FULL damage at x2.0 size, x2.0 travel.
[     1    0.000 x1.00] LOG  [OniBoss:Layer] charge follow-up ON: 90 % of solo charges chain into a random melee finisher.
[     1    0.000 x1.00] LOG  [OniBoss:Layer] hold-ground ON (backstep 1.5m @ 1.6m/s after own attacks, watch 'Watch', attack facing LOCKED)
[     1    0.000 x1.00] LOG  [OniBoss:Layer] OniBoss layer ready (reactions, wake-on-hit, watch stance, boss bar). player=found
[     1    0.000 x1.00] LOG  [OniBoss:Layer] charge clip 'Oni Charge.fbx' imports with Root Motion Node = None (in place) — good.
[     1    0.000 x1.00] LOG  [OniBoss:Layer] clips importing with Root Transform Position (Y) NOT baked into pose (12): Oni_Alert(Oni Alert), Club_Slam(Oni Club Slam), Club_Swing(Oni Club Swing), Club_swing2(Oni Club Swing 2), Death(Oni Death Kneel), Hit_react_light(Oni Hit react lighter light), KanaboSweep(Oni Kanabo sweep), Phase_Transition(Oni Phase transition), run(Oni Run), Walk(Oni Walk), Watch(Oni Watch), Idle(Oni Idle) — their hips' up/down motion is stripped (see round notes; optional).
[     1    0.000 x1.00] LOG  [VolumetricFogController] Found VolumetricFog component on mainCamera (1)
[     1    0.000 x1.00] LOG  [VolumetricFogController] Reflection init: density=True, height=True, baselineHeight=True, alpha=True, noiseStrength=True, lightScatteringExposure=True
[     1    0.000 x1.00] LOG  [VolumetricFogController] Initialized with Neutral preset (height=60, baselineHeight=0)
[     1    0.000 x1.00] WARN [VolumetricFogController] WorldStateManager not found!
[     1    0.000 x1.00] LOG  [CameraGameFeel] CameraGameFeel initialized (shake + FOV)
[     1    2.629 x1.00] LOG  [OniBoss] Playing animation: Idle
[    12    3.414 x1.00] LOG  💨 Landing VFX spawned!
[    12    3.414 x1.00] LOG  ✅ LANDED! (was jump #0)
[    74    4.674 x1.00] LOG  🚶 2-LEG JUMP
[    74    4.674 x1.00] LOG  🐾 Jump 1 VFX spawned!
[    75    4.694 x1.00] LOG  
==================== [FREEZE-DEBUG v3] ====================
  Reason : WASD-NOMOVE: WASD recent + speed 0.00m/s for 0.41s
  Time   : 1.567s   Frame: 75   Snaps: 14
===========================================================

--- CURRENT STATE ---
  Flags: atk=False hvy=False dod=False dsh=False
         grd=False hit=False aerial=False lockPos=False
         comboStep=0
  Anim : speed=1.00  combatLayer hash=-792875657 normT=1.546 weight=1.00 inTransition=False
  CC   : grounded=False  enabled=True  pos=(474.50, 1.01, 427.95)  vel=(0.00, 7.45, 0.00)
  Move : IsRunning=False
  Input: H=0.00 V=0.00  LMB=False MMB=False Q=False Sp=True Sh=False C=False
         WASD pressed in last 0.5s: True (last 0.04s ago)

--- FLIGHT RECORDER (14 snapshots, oldest first, dt=0.10s) ---
  Legend: flags = A(tk) H(vy) D(od) S(sh) G(rd) R(eact) Y(aerial) L(ock)   gnd/cc: Y/n
  t-now    flags     step gnd cc anSp normT layW tr | posX     posZ     spd   | H    V    LMB MMB Q  Sp Sh C
  ------   --------  ---- --- -- ---- ----- ---- -- | -----    -----    ----  | ---- ---- --- --- -- -- -- -
  - 1.57s  --------    0  n   Y  1.00  0.00 1.00 -  |   474.5    427.2  0.00 |  0.0  0.0 0   0   0  0  0  0
  - 1.44s  --------    0  n   Y  1.00  0.10 1.00 -  |   474.5    427.2  0.00 |  0.0  0.0 0   0   0  0  0  0
  - 1.32s  --------    0  n   Y  1.00  0.22 1.00 -  |   474.5    427.2  0.00 |  0.0  0.0 0   0   0  0  0  0
  - 1.21s  --------    0  Y   Y  1.00  0.34 1.00 -  |   474.5    427.2  0.00 |  0.0  0.0 0   0   0  0  0  0
  - 1.09s  --------    0  Y   Y  1.00  0.46 1.00 -  |   474.5    427.2  0.00 |  0.0  0.0 0   0   0  0  0  0
  - 0.97s  --------    0  Y   Y  1.00  0.57 1.00 -  |   474.5    427.2  0.00 |  0.0  0.0 0   0   0  0  0  0
  - 0.85s  --------    0  Y   Y  1.00  0.70 1.00 -  |   474.5    427.2  0.00 |  0.0  0.0 0   0   0  0  0  0
  - 0.73s  --------    0  Y   Y  1.00  0.81 1.00 -  |   474.5    427.2  0.00 |  0.0  0.0 0   0   0  0  0  0
  - 0.61s  --------    0  Y   Y  1.00  0.93 1.00 -  |   474.5    427.2  0.00 |  0.0  0.0 0   0   0  0  0  0
  - 0.51s  --------    0  Y   Y  1.00  1.03 1.00 -  |   474.5    427.2  0.00 |  0.0  0.0 0   0   0  0  0  0
  - 0.41s  --------    0  Y   Y  1.00  1.14 1.00 -  |   474.5    427.2  0.00 |  0.0  0.0 0   0   0  0  0  0
  - 0.30s  --------    0  Y   Y  1.00  1.25 1.00 -  |   474.5    427.3  0.00 |  0.0  1.0 0   0   0  0  0  0
  - 0.20s  --------    0  Y   Y  1.00  1.35 1.00 -  |   474.5    427.5  0.00 |  0.0  1.0 0   0   0  0  0  0
  - 0.10s  --------    0  Y   Y  1.00  1.45 1.00 -  |   474.5    427.7  0.00 |  0.0  1.0 0   0   0  0  0  0
=========================================================== END

[   122    5.675 x1.00] LOG  💨 Landing VFX spawned!
[   122    5.675 x1.00] LOG  ✅ LANDED! (was jump #1)
[   184    6.947 x1.00] LOG  🐾 4-LEG JUMP #0
[   184    6.947 x1.00] LOG  🐾 Jump 1 VFX spawned!
[   191    7.097 x0.10] LOG  [TailAirShot4Leg] ENTER 4 leg, slow on for up to 3s real, waiting for the fire button, drawState=shoot_4Leg | y=1.00 ts=0.10 fdt=0.0020
[   191    7.097 x0.10] LOG  [TailAirShot] entry refused: this airtime is not a 2 leg jump | y=1.00 ts=0.10 fdt=0.0020
[   191    7.097 x0.10] LOG  [AirPosePin] engaged, holding body at 0.515m above the transform
[   201    7.312 x0.10] LOG  [TailAirShot4Leg] DRAW started | y=1.16 ts=0.10 fdt=0.0020
[   210    7.504 x0.10] LOG  [TailAirShot4Leg] READY, frozen on frame 5 | y=1.25 ts=0.10 fdt=0.0020
[   218    7.667 x0.10] LOG  🐾 4-LEG JUMP #1
[   218    7.667 x0.10] LOG  🐾 Jump 2 VFX spawned!
[   240    8.117 x1.00] LOG  [TailAirShot4Leg] CANCEL (R released on ready pose), no arrow | y=1.61 ts=1.00 fdt=0.0200
[   240    8.117 x1.00] LOG  [AirPosePin] released, peak correction was -0.256m
[   277    8.895 x1.00] LOG  [OniBoss:Layer] watch stance ON (player 15.0m)
[   284    9.034 x1.00] LOG  💨 Landing VFX spawned!
[   284    9.034 x1.00] LOG  ✅ LANDED! (was jump #2)
[   322    9.826 x1.00] LOG  🐾 4-LEG JUMP #0
[   322    9.826 x1.00] LOG  🐾 Jump 1 VFX spawned!
[   325    9.888 x1.00] LOG  
==================== [FREEZE-DEBUG v3] ====================
  Reason : WASD-NOMOVE: WASD recent + speed 0.00m/s for 0.40s
  Time   : 5.843s   Frame: 325   Snaps: 54
===========================================================

--- CURRENT STATE ---
  Flags: atk=False hvy=False dod=False dsh=False
         grd=False hit=False aerial=False lockPos=False
         comboStep=0
  Anim : speed=1.00  combatLayer hash=-792875657 normT=1.750 weight=1.00 inTransition=False
  CC   : grounded=False  enabled=True  pos=(477.00, 0.41, 447.71)  vel=(0.00, 6.85, 0.00)
  Move : IsRunning=True
  Input: H=0.00 V=1.00  LMB=False MMB=False Q=False Sp=True Sh=True C=False
         WASD pressed in last 0.5s: True (last 0.00s ago)

--- FLIGHT RECORDER (54 snapshots, oldest first, dt=0.10s) ---
  Legend: flags = A(tk) H(vy) D(od) S(sh) G(rd) R(eact) Y(aerial) L(ock)   gnd/cc: Y/n
  t-now    flags     step gnd cc anSp normT layW tr | posX     posZ     spd   | H    V    LMB MMB Q  Sp Sh C
  ------   --------  ---- --- -- ---- ----- ---- -- | -----    -----    ----  | ---- ---- --- --- -- -- -- -
  - 5.84s  --------    0  n   Y  1.00  0.00 1.00 -  |   474.5    427.2  0.00 |  0.0  0.0 0   0   0  0  0  0
  - 5.72s  --------    0  n   Y  1.00  0.10 1.00 -  |   474.5    427.2  0.00 |  0.0  0.0 0   0   0  0  0  0
  - 5.60s  --------    0  n   Y  1.00  0.22 1.00 -  |   474.5    427.2  0.00 |  0.0  0.0 0   0   0  0  0  0
  - 5.48s  --------    0  Y   Y  1.00  0.34 1.00 -  |   474.5    427.2  0.00 |  0.0  0.0 0   0   0  0  0  0
  - 5.37s  --------    0  Y   Y  1.00  0.46 1.00 -  |   474.5    427.2  0.00 |  0.0  0.0 0   0   0  0  0  0
  - 5.25s  --------    0  Y   Y  1.00  0.57 1.00 -  |   474.5    427.2  0.00 |  0.0  0.0 0   0   0  0  0  0
  - 5.13s  --------    0  Y   Y  1.00  0.70 1.00 -  |   474.5    427.2  0.00 |  0.0  0.0 0   0   0  0  0  0
  - 5.01s  --------    0  Y   Y  1.00  0.81 1.00 -  |   474.5    427.2  0.00 |  0.0  0.0 0   0   0  0  0  0
  - 4.89s  --------    0  Y   Y  1.00  0.93 1.00 -  |   474.5    427.2  0.00 |  0.0  0.0 0   0   0  0  0  0
  - 4.79s  --------    0  Y   Y  1.00  1.03 1.00 -  |   474.5    427.2  0.00 |  0.0  0.0 0   0   0  0  0  0
  - 4.69s  --------    0  Y   Y  1.00  1.14 1.00 -  |   474.5    427.2  0.00 |  0.0  0.0 0   0   0  0  0  0
  - 4.58s  --------    0  Y   Y  1.00  1.25 1.00 -  |   474.5    427.3  0.00 |  0.0  1.0 0   0   0  0  0  0
  - 4.48s  --------    0  Y   Y  1.00  1.35 1.00 -  |   474.5    427.5  0.00 |  0.0  1.0 0   0   0  0  0  0
  - 4.38s  --------    0  Y   Y  1.00  1.45 1.00 -  |   474.5    427.7  0.00 |  0.0  1.0 0   0   0  0  0  0
  - 4.25s  --------    0  n   Y  1.00  1.57 1.00 -  |   474.5    428.0  0.00 |  0.0  0.0 0   0   0  1  1  0
  - 4.15s  --------    0  n   Y  1.00  1.68 1.00 -  |   474.5    428.3  0.00 |  0.0  1.0 0   0   0  1  1  0
  - 4.04s  --------    0  n   Y  1.00  1.78 1.00 -  |   474.5    428.7  0.00 |  0.0  1.0 0   0   0  1  1  0
  - 3.94s  --------    0  n   Y  1.00  1.89 1.00 -  |   474.5    429.0  0.00 |  0.0  1.0 0   0   0  1  1  0
  - 3.84s  --------    0  n   Y  1.00  1.99 1.00 -  |   474.5    429.3  0.00 |  0.0  1.0 0   0   0  1  1  0
  - 3.73s  --------    0  n   Y  1.00  2.09 1.00 -  |   474.5    429.6  0.00 |  0.0  1.0 0   0   0  1  1  0
  - 3.61s  --------    0  n   Y  1.00  2.21 1.00 -  |   474.5    429.9  0.00 |  0.0  1.0 0   0   0  1  1  0
  - 3.51s  --------    0  n   Y  1.00  2.31 1.00 -  |   474.5    430.2  0.00 |  0.0  0.0 0   0   0  0  0  0
  - 3.40s  --------    0  n   Y  1.00  2.42 1.00 -  |   474.5    430.5  0.00 |  0.0  0.0 0   0   0  0  0  0
  - 3.30s  --------    0  Y   Y  1.00  2.53 1.00 -  |   474.5    430.9  0.00 |  0.0  0.0 0   0   0  0  0  0
  - 3.18s  --------    0  Y   Y  1.00  2.65 1.00 -  |   474.5    430.9  0.00 |  0.0  0.0 0   0   0  0  0  0
  - 3.08s  --------    0  Y   Y  1.00  2.75 1.00 -  |   474.5    430.9  0.00 |  0.0  1.0 0   0   0  0  0  0
  - 2.97s  --------    0  Y   Y  1.00  2.85 1.00 -  |   474.5    431.1  0.00 |  0.0  1.0 0   0   0  0  0  0
  - 2.87s  --------    0  Y   Y  1.00  2.95 1.00 -  |   474.5    431.4  0.00 |  0.0  1.0 0   0   0  0  1  0
  - 2.77s  --------    0  Y   Y  1.00  3.05 1.00 -  |   474.5    432.1  0.00 |  0.0  1.0 0   0   0  0  1  0
  - 2.67s  --------    0  Y   Y  1.00  3.16 1.00 -  |   474.5    432.8  0.00 |  0.0  1.0 0   0   0  0  1  0
  - 2.56s  --------    0  Y   Y  1.00  3.26 1.00 -  |   474.5    433.7  0.00 |  0.0  1.0 0   0   0  0  1  0
  - 2.45s  --------    0  Y   Y  1.00  3.37 1.00 -  |   474.5    434.4  0.00 |  0.0  1.0 0   0   0  0  1  0
  - 2.35s  --------    0  Y   Y  1.00  3.48 1.00 -  |   474.5    435.1  0.00 |  0.0  1.0 0   0   0  0  1  0
  - 2.23s  --------    0  Y   Y  1.00  3.60 1.00 -  |   474.5    435.9  0.00 |  0.0  1.0 0   0   0  0  1  0
  - 2.11s  --------    0  Y   Y  1.00  3.72 1.00 -  |   474.5    436.7  0.00 |  0.0  1.0 0   0   0  0  1  0
  - 2.00s  --------    0  n   Y  1.00  3.82 1.00 -  |   474.5    437.6  0.00 |  0.0  1.0 0   0   0  1  1  0
  - 1.89s  --------    0  n   Y  1.00  3.93 1.00 -  |   474.5    438.0  0.00 |  0.0  1.0 0   0   0  1  1  0
  - 1.79s  --------    0  n   Y  1.00  0.21 1.00 -  |   474.5    438.5  0.00 |  0.0  1.0 0   0   0  1  1  0
  - 1.68s  --------    0  n   Y  1.00  0.30 1.00 T  |   474.6    439.0  0.00 |  0.0  0.0 0   0   0  1  1  0
  - 1.58s  --------    0  n   Y  1.00  0.17 1.00 -  |   474.8    439.4  0.00 |  0.0  0.0 0   0   0  0  0  0
  - 1.47s  --------    0  n   Y  1.00  0.28 1.00 -  |   474.9    439.8  0.00 |  0.0  0.0 0   0   0  0  0  0
  - 1.36s  --------    0  n   Y  1.00  0.39 1.00 -  |   475.0    440.4  0.00 |  0.0  0.0 0   0   0  0  0  0
  - 1.26s  --------    0  n   Y  1.00  0.49 1.00 -  |   475.1    440.8  0.00 |  0.0  0.0 0   0   0  0  0  0
  - 1.16s  --------    0  n   Y  1.00  0.60 1.00 -  |   475.3    441.2  0.00 |  0.0  0.0 0   0   0  0  0  0
  - 1.03s  --------    0  n   Y  1.00  0.72 1.00 -  |   475.4    441.8  0.00 |  0.0  0.0 0   0   0  1  0  0
  - 0.91s  --------    0  n   Y  1.00  0.84 1.00 -  |   475.5    442.3  0.00 |  0.0  0.0 0   0   0  1  1  0
  - 0.81s  --------    0  Y   Y  1.00  0.94 1.00 -  |   475.6    442.5  0.00 |  0.0  0.0 0   0   0  1  1  0
  - 0.71s  --------    0  Y   Y  1.00  1.04 1.00 -  |   475.7    442.9  0.00 |  0.0  1.0 0   0   0  1  1  0
  - 0.61s  --------    0  Y   Y  1.00  1.14 1.00 -  |   475.9    443.8  0.00 |  0.0  1.0 0   0   0  1  1  0
  - 0.50s  --------    0  Y   Y  1.00  1.25 1.00 -  |   476.1    444.4  0.00 |  0.0  1.0 0   0   0  1  1  0
  - 0.40s  --------    0  Y   Y  1.00  1.35 1.00 -  |   476.3    445.1  0.00 |  0.0  1.0 0   0   0  1  1  0
  - 0.29s  --------    0  Y   Y  1.00  1.46 1.00 -  |   476.5    445.8  0.00 |  0.0  1.0 0   0   0  1  1  0
  - 0.18s  --------    0  Y   Y  1.00  1.57 1.00 -  |   476.7    446.6  0.00 |  0.0  1.0 0   0   0  0  1  0
  - 0.08s  --------    0  Y   Y  1.00  1.67 1.00 -  |   476.9    447.3  0.00 |  0.0  1.0 0   0   0  0  1  0
=========================================================== END

[   337   10.139 x0.10] LOG  [TailAirShot4Leg] ENTER 4 leg, slow on for up to 3s real, waiting for the fire button, drawState=shoot_4Leg | y=1.64 ts=0.10 fdt=0.0020
[   337   10.139 x0.10] LOG  [TailAirShot] entry refused: this airtime is not a 2 leg jump | y=1.64 ts=0.10 fdt=0.0020
[   337   10.139 x0.10] LOG  [AirPosePin] engaged, holding body at 0.975m above the transform
[   342   10.248 x0.10] LOG  [TailAirShot4Leg] DRAW started | y=1.68 ts=0.10 fdt=0.0020
[   351   10.439 x0.10] LOG  [TailAirShot4Leg] READY, frozen on frame 5 | y=1.72 ts=0.10 fdt=0.0020
[   365   10.726 x1.00] LOG  [TailAirShot4Leg] CANCEL (R released on ready pose), no arrow | y=1.79 ts=1.00 fdt=0.0200
[   365   10.726 x1.00] LOG  [AirPosePin] released, peak correction was 0.204m
[   393   11.304 x1.00] LOG  💨 Landing VFX spawned!
[   393   11.304 x1.00] LOG  ✅ LANDED! (was jump #1)
[   397   11.385 x1.00] LOG  🚶 2-LEG JUMP
[   397   11.385 x1.00] LOG  🐾 Jump 1 VFX spawned!
[   443   12.314 x1.00] LOG  💨 Landing VFX spawned!
[   443   12.314 x1.00] LOG  ✅ LANDED! (was jump #1)
[   501   13.498 x1.00] LOG  🐾 4-LEG JUMP #0
[   501   13.498 x1.00] LOG  🐾 Jump 1 VFX spawned!
[   528   14.036 x0.10] LOG  [TailAirShot4Leg] ENTER 4 leg, slow on for up to 3s real, waiting for the fire button, drawState=shoot_4Leg | y=1.89 ts=0.10 fdt=0.0020
[   528   14.036 x0.10] LOG  [TailAirShot] entry refused: this airtime is not a 2 leg jump | y=1.89 ts=0.10 fdt=0.0020
[   528   14.036 x0.10] LOG  [AirPosePin] engaged, holding body at 2.219m above the transform
[   534   14.161 x0.10] LOG  [TailAirShot4Leg] DRAW started | y=1.87 ts=0.10 fdt=0.0020
[   544   14.366 x0.10] LOG  [TailAirShot4Leg] READY, frozen on frame 5 | y=1.85 ts=0.10 fdt=0.0020
[   569   14.865 x0.10] LOG  [TailAirShot4Leg] SHOT released (released from ready pose) | y=1.75 ts=0.10 fdt=0.0020
[   578   15.047 x0.10] LOG  [TailAirShot4Leg] FIRE, arrow away, dir=(0.43, -0.15, 0.89) damage=40 (20 x 2.00) | y=1.70 ts=0.10 fdt=0.0020
[   598   15.466 x0.10] LOG  OniBoss took 40 damage. HP: 460/500
[   598   15.466 x0.10] LOG  [OniBoss] LostSoul → Stagger
[   598   15.466 x0.10] LOG  [OniBoss] Playing animation: Stagger
[   598   15.466 x0.10] LOG  [OniBoss] STAGGERED for 2.5s
[   598   15.466 x0.10] LOG  [OniBoss:Layer] heavy knock-back react (40 dmg) → 'HitReact_Heavy', down for 1.80s
[   599   15.491 x0.10] LOG  [BossBar] Showing bar for: Oni (460/500)
[   599   15.491 x0.10] LOG  [OniBoss:Layer] boss bar shown
[   600   15.517 x0.10] LOG  [TailAirShot4Leg] back to slow, ready for next shot, 1.52s of slow left | y=1.53 ts=0.10 fdt=0.0020
[   602   15.560 x1.00] LOG  [TailAirShot4Leg] EXIT (R released, nothing drawn) | y=1.51 ts=1.00 fdt=0.0200
[   602   15.560 x1.00] LOG  [AirPosePin] released, peak correction was 1.025m
[   614   15.817 x1.00] LOG  💨 Landing VFX spawned!
[   614   15.817 x1.00] LOG  ✅ LANDED! (was jump #1)
[   617   15.879 x1.00] LOG  
==================== [FREEZE-DEBUG v3] ====================
  Reason : WASD-NOMOVE: WASD recent + speed 0.00m/s for 0.41s
  Time   : 9.935s   Frame: 617   Snaps: 60
===========================================================

--- CURRENT STATE ---
  Flags: atk=False hvy=False dod=False dsh=False
         grd=False hit=False aerial=False lockPos=False
         comboStep=0
  Anim : speed=1.00  combatLayer hash=-792875657 normT=0.303 weight=1.00 inTransition=False
  CC   : grounded=True  enabled=True  pos=(475.24, -0.02, 445.04)  vel=(0.00, 0.00, 0.00)
  Move : IsRunning=False
  Input: H=1.00 V=0.00  LMB=False MMB=False Q=False Sp=False Sh=False C=False
         WASD pressed in last 0.5s: True (last 0.00s ago)

--- FLIGHT RECORDER (60 snapshots, oldest first, dt=0.10s) ---
  Legend: flags = A(tk) H(vy) D(od) S(sh) G(rd) R(eact) Y(aerial) L(ock)   gnd/cc: Y/n
  t-now    flags     step gnd cc anSp normT layW tr | posX     posZ     spd   | H    V    LMB MMB Q  Sp Sh C
  ------   --------  ---- --- -- ---- ----- ---- -- | -----    -----    ----  | ---- ---- --- --- -- -- -- -
  - 6.44s  --------    0  Y   Y  1.00  3.48 1.00 -  |   474.5    435.1  0.00 |  0.0  1.0 0   0   0  0  1  0
  - 6.32s  --------    0  Y   Y  1.00  3.60 1.00 -  |   474.5    435.9  0.00 |  0.0  1.0 0   0   0  0  1  0
  - 6.20s  --------    0  Y   Y  1.00  3.72 1.00 -  |   474.5    436.7  0.00 |  0.0  1.0 0   0   0  0  1  0
  - 6.09s  --------    0  n   Y  1.00  3.82 1.00 -  |   474.5    437.6  0.00 |  0.0  1.0 0   0   0  1  1  0
  - 5.99s  --------    0  n   Y  1.00  3.93 1.00 -  |   474.5    438.0  0.00 |  0.0  1.0 0   0   0  1  1  0
  - 5.88s  --------    0  n   Y  1.00  0.21 1.00 -  |   474.5    438.5  0.00 |  0.0  1.0 0   0   0  1  1  0
  - 5.78s  --------    0  n   Y  1.00  0.30 1.00 T  |   474.6    439.0  0.00 |  0.0  0.0 0   0   0  1  1  0
  - 5.67s  --------    0  n   Y  1.00  0.17 1.00 -  |   474.8    439.4  0.00 |  0.0  0.0 0   0   0  0  0  0
  - 5.56s  --------    0  n   Y  1.00  0.28 1.00 -  |   474.9    439.8  0.00 |  0.0  0.0 0   0   0  0  0  0
  - 5.46s  --------    0  n   Y  1.00  0.39 1.00 -  |   475.0    440.4  0.00 |  0.0  0.0 0   0   0  0  0  0
  - 5.35s  --------    0  n   Y  1.00  0.49 1.00 -  |   475.1    440.8  0.00 |  0.0  0.0 0   0   0  0  0  0
  - 5.25s  --------    0  n   Y  1.00  0.60 1.00 -  |   475.3    441.2  0.00 |  0.0  0.0 0   0   0  0  0  0
  - 5.12s  --------    0  n   Y  1.00  0.72 1.00 -  |   475.4    441.8  0.00 |  0.0  0.0 0   0   0  1  0  0
  - 5.01s  --------    0  n   Y  1.00  0.84 1.00 -  |   475.5    442.3  0.00 |  0.0  0.0 0   0   0  1  1  0
  - 4.90s  --------    0  Y   Y  1.00  0.94 1.00 -  |   475.6    442.5  0.00 |  0.0  0.0 0   0   0  1  1  0
  - 4.80s  --------    0  Y   Y  1.00  1.04 1.00 -  |   475.7    442.9  0.00 |  0.0  1.0 0   0   0  1  1  0
  - 4.70s  --------    0  Y   Y  1.00  1.14 1.00 -  |   475.9    443.8  0.00 |  0.0  1.0 0   0   0  1  1  0
  - 4.60s  --------    0  Y   Y  1.00  1.25 1.00 -  |   476.1    444.4  0.00 |  0.0  1.0 0   0   0  1  1  0
  - 4.49s  --------    0  Y   Y  1.00  1.35 1.00 -  |   476.3    445.1  0.00 |  0.0  1.0 0   0   0  1  1  0
  - 4.39s  --------    0  Y   Y  1.00  1.46 1.00 -  |   476.5    445.8  0.00 |  0.0  1.0 0   0   0  1  1  0
  - 4.28s  --------    0  Y   Y  1.00  1.57 1.00 -  |   476.7    446.6  0.00 |  0.0  1.0 0   0   0  0  1  0
  - 4.17s  --------    0  Y   Y  1.00  1.67 1.00 -  |   476.9    447.3  0.00 |  0.0  1.0 0   0   0  0  1  0
  - 4.07s  --------    0  n   Y  1.00  1.77 1.00 -  |   477.0    447.8  0.00 |  0.0  1.0 0   0   0  0  1  0
  - 3.96s  --------    0  n   Y  1.00  1.88 1.00 -  |   477.1    448.2  0.00 |  0.0  1.0 0   0   0  0  1  0
  - 3.86s  --------    0  n   Y  1.00  1.98 1.00 -  |   477.3    448.7  0.00 |  0.0  1.0 0   0   0  0  1  0
  - 3.76s  --------    0  n   Y  1.00  0.21 1.00 T  |   477.4    449.2  0.00 |  0.0  0.0 0   0   0  0  1  0
  - 3.65s  --------    0  n   Y  1.00  0.35 1.00 T  |   477.6    449.6  0.00 |  0.0  0.0 0   0   0  0  0  0
  - 3.55s  --------    0  n   Y  1.00  0.21 1.00 -  |   477.8    450.0  0.00 |  0.0  0.0 0   0   0  0  0  0
  - 3.45s  --------    0  n   Y  1.00  0.31 1.00 -  |   478.0    450.4  0.00 |  0.0  0.0 0   0   0  0  0  0
  - 3.34s  --------    0  n   Y  1.00  0.42 1.00 -  |   478.2    450.8  0.00 |  0.0 -1.0 0   0   0  0  0  0
  - 3.24s  --------    0  n   Y  1.00  0.52 1.00 -  |   478.3    451.0  0.00 |  0.0 -1.0 0   0   0  0  0  0
  - 3.12s  --------    0  Y   Y  1.00  0.64 1.00 -  |   478.2    450.8  0.00 |  0.0  0.0 0   0   0  1  0  0
  - 3.00s  --------    0  n   Y  1.00  0.76 1.00 -  |   478.1    450.5  0.00 |  0.0  0.0 0   0   0  1  0  0
  - 2.88s  --------    0  n   Y  1.00  0.88 1.00 -  |   477.9    450.2  0.00 |  0.0  0.0 0   0   0  1  1  0
  - 2.78s  --------    0  n   Y  1.00  0.98 1.00 -  |   477.8    449.9  0.00 |  0.0  1.0 0   0   0  1  1  0
  - 2.66s  --------    0  n   Y  1.00  1.10 1.00 -  |   477.7    449.7  0.00 |  0.0  1.0 0   0   0  1  1  0
  - 2.55s  --------    0  n   Y  1.00  1.20 1.00 -  |   477.8    449.9  0.00 |  0.0  1.0 0   0   0  1  1  0
  - 2.45s  --------    0  n   Y  1.00  1.31 1.00 -  |   477.9    450.1  0.00 |  0.0  1.0 0   0   0  1  1  0
  - 2.33s  --------    0  n   Y  1.00  1.43 1.00 -  |   478.0    450.5  0.00 |  0.0  1.0 0   0   0  1  1  0
  - 2.23s  --------    0  n   Y  1.00  1.53 1.00 -  |   478.2    450.7  0.00 |  0.0  1.0 0   0   0  1  0  0
  - 2.13s  --------    0  Y   Y  1.00  1.63 1.00 -  |   478.3    450.9  0.00 |  0.0  1.0 0   0   0  1  0  0
  - 2.03s  --------    0  Y   Y  1.00  1.73 1.00 -  |   478.3    451.1  0.00 |  0.0  1.0 0   0   0  0  0  0
  - 1.92s  --------    0  Y   Y  1.00  1.84 1.00 -  |   478.7    451.8  0.00 |  0.0  0.0 0   0   0  0  0  0
  - 1.80s  --------    0  Y   Y  1.00  1.96 1.00 -  |   478.8    452.0  0.00 |  0.0 -1.0 0   0   0  0  0  0
  - 1.68s  --------    0  Y   Y  1.00  2.08 1.00 -  |   478.7    451.9  0.00 |  0.0 -1.0 0   0   0  0  0  0
  - 1.56s  --------    0  Y   Y  1.00  2.20 1.00 -  |   478.6    451.7  0.00 |  0.0 -1.0 0   0   0  0  0  0
  - 1.44s  --------    0  Y   Y  1.00  2.32 1.00 -  |   478.5    451.5  0.00 |  0.0 -1.0 0   0   0  0  0  0
  - 1.34s  --------    0  Y   Y  1.00  2.42 1.00 -  |   478.3    451.0  0.00 |  0.0 -1.0 0   0   0  0  1  0
  - 1.23s  --------    0  Y   Y  1.00  2.53 1.00 -  |   478.0    450.4  0.00 |  0.0 -1.0 0   0   0  0  1  0
  - 1.13s  --------    0  Y   Y  1.00  2.63 1.00 -  |   477.7    449.7  0.00 |  0.0 -1.0 0   0   0  0  1  0
  - 1.03s  --------    0  Y   Y  1.00  2.73 1.00 -  |   477.4    449.1  0.00 |  0.0 -1.0 0   0   0  0  1  0
  - 0.91s  --------    0  n   Y  1.00  2.85 1.00 -  |   477.1    448.5  0.00 |  0.0 -1.0 0   0   0  1  1  0
  - 0.79s  --------    0  n   Y  1.00  2.97 1.00 -  |   476.9    448.0  0.00 |  0.0 -1.0 0   0   0  0  1  0
  - 0.67s  --------    0  n   Y  1.00  3.09 1.00 -  |   476.7    447.5  0.00 |  0.0 -1.0 0   0   0  0  1  0
  - 0.57s  --------    0  n   Y  1.00  3.19 1.00 -  |   476.5    447.1  0.00 |  0.0 -1.0 0   0   0  0  1  0
  - 0.47s  --------    0  n   Y  1.00  3.29 1.00 -  |   476.3    446.7  0.00 |  0.0 -1.0 0   0   0  0  1  0
  - 0.37s  --------    0  n   Y  1.00  0.43 1.00 -  |   476.0    446.3  0.00 |  0.0 -1.0 0   0   0  0  1  0
  - 0.25s  --------    0  n   Y  1.00  0.04 1.00 -  |   475.8    445.9  0.00 |  0.0  0.0 0   0   0  0  1  0
  - 0.14s  --------    0  n   Y  1.00  0.15 1.00 -  |   475.5    445.5  0.00 |  0.0  0.0 0   0   0  0  0  0
  - 0.04s  --------    0  Y   Y  1.00  0.26 1.00 -  |   475.3    445.1  0.00 |  0.0  0.0 0   0   0  0  0  0
=========================================================== END

[   635   16.256 x1.00] LOG  🚶 2-LEG JUMP
[   635   16.256 x1.00] LOG  🐾 Jump 1 VFX spawned!
[   681   17.197 x1.00] LOG  💨 Landing VFX spawned!
[   681   17.197 x1.00] LOG  ✅ LANDED! (was jump #1)
[   689   17.358 x1.00] LOG  [OniBoss] Stagger → Chase
[   690   17.380 x1.00] LOG  [OniBoss] Ranged combo started: Charge→Slam: (2 steps, dist 16.4m)
[   690   17.380 x1.00] LOG  [OniBoss] Chase → Attack
[   690   17.380 x1.00] LOG  [OniBoss] Attack: Oni_Charge (18 dmg)

[   690   17.380 x1.00] TEL ────────── CHARGE ──────────
[   690   17.380 x1.00] LOG  [OniBoss:Layer] charge begin: travel bone 'Hips' depth 1, local now (0.00, 3.24, -0.24) vs rest (0.00, 3.24, -0.24); pin ON; drive windup→rush→strike; engine Attack, AnimSpeed 1.30, clip at 0.00, dist 16.4m
[   690   17.380 x1.00] TEL charge Windup n=0.00 spd=1.30 mult=1.00 st=Attack anim=h-1757638897/Charge drift=0.00 cut=0.00 meshOff=0.24m vis bounds+0.1m pos=(482.2,456.2) dist=16.4 vel=0.0
[   694   17.467 x1.00] TEL charge Windup n=0.07 spd=1.30 mult=1.00 st=Attack anim=h-1757638897/Charge drift=0.34 cut=0.34 meshOff=0.24m vis bounds+0.1m pos=(482.2,456.2) dist=16.4 vel=0.0
[   699   17.574 x1.00] TEL charge Windup n=0.16 spd=1.30 mult=1.30 st=Attack anim=Charge/- drift=1.04 cut=1.04 meshOff=0.24m vis bounds+0.3m pos=(482.2,456.2) dist=16.4 vel=0.0
[   704   17.676 x1.00] TEL charge Windup n=0.25 spd=1.30 mult=1.30 st=Attack anim=Charge/- drift=1.05 cut=1.05 meshOff=0.24m vis bounds+0.4m pos=(482.2,456.2) dist=16.4 vel=0.0
[   709   17.775 x1.00] TEL charge Windup n=0.33 spd=1.30 mult=1.30 st=Attack anim=Charge/- drift=1.67 cut=1.67 meshOff=0.24m vis bounds+0.2m pos=(482.2,456.2) dist=16.4 vel=0.0
[   713   17.855 x1.00] LOG  [OniBoss:Layer] charge RUSH: clip frozen at 0.40, 16.4m to go at 14m/s
[   714   17.875 x1.00] LOG  [OniBoss:Layer] charge fire trail: 'ToonFireTrail' attached to his feet for the rush.
[   714   17.875 x1.00] TEL charge Rush   n=0.40 spd=0.00 mult=0.00 st=Attack anim=Charge/- drift=7.46 cut=7.46 meshOff=0.24m vis bounds+0.1m pos=(482.1,456.0) dist=16.2 vel=0.0
[   718   17.958 x1.00] TEL charge Rush   n=0.40 spd=0.00 mult=0.00 st=Attack anim=Charge/- drift=7.46 cut=7.46 meshOff=0.24m vis bounds+0.1m pos=(481.5,455.0) dist=15.0 vel=0.0
[   723   18.061 x1.00] TEL charge Rush   n=0.40 spd=0.00 mult=0.00 st=Attack anim=Charge/- drift=7.46 cut=7.46 meshOff=0.24m vis bounds+0.1m pos=(480.8,453.7) dist=13.6 vel=0.0
[   727   18.147 x1.00] TEL charge Rush   n=0.40 spd=0.00 mult=0.00 st=Attack anim=Charge/- drift=7.46 cut=7.46 meshOff=0.24m vis bounds+0.1m pos=(480.2,452.7) dist=12.4 vel=0.0
[   732   18.247 x1.00] TEL charge Rush   n=0.40 spd=0.00 mult=0.00 st=Attack anim=Charge/- drift=7.46 cut=7.46 meshOff=0.24m vis bounds+0.1m pos=(479.4,451.5) dist=11.0 vel=0.0
[   737   18.348 x1.00] TEL charge Rush   n=0.40 spd=0.00 mult=0.00 st=Attack anim=Charge/- drift=7.46 cut=7.46 meshOff=0.24m vis bounds+0.1m pos=(478.7,450.3) dist=9.5 vel=0.0
[   742   18.447 x1.00] TEL charge Rush   n=0.40 spd=0.00 mult=0.00 st=Attack anim=Charge/- drift=7.46 cut=7.46 meshOff=0.24m vis bounds+0.1m pos=(478.0,449.1) dist=8.2 vel=0.0
[   747   18.546 x1.00] TEL charge Rush   n=0.40 spd=0.00 mult=0.00 st=Attack anim=Charge/- drift=7.46 cut=7.46 meshOff=0.24m vis bounds+0.1m pos=(477.3,447.9) dist=6.8 vel=0.0
[   752   18.646 x1.00] TEL charge Rush   n=0.40 spd=0.00 mult=0.00 st=Attack anim=Charge/- drift=7.46 cut=7.46 meshOff=0.24m vis bounds+0.1m pos=(476.6,446.7) dist=5.4 vel=0.0
[   757   18.746 x1.00] TEL charge Rush   n=0.40 spd=0.00 mult=0.00 st=Attack anim=Charge/- drift=7.46 cut=7.46 meshOff=0.24m vis bounds+0.1m pos=(475.8,445.5) dist=4.0 vel=0.0
[   762   18.847 x1.00] TEL charge Rush   n=0.40 spd=0.00 mult=0.00 st=Attack anim=Charge/- drift=7.46 cut=7.46 meshOff=0.24m vis bounds+0.1m pos=(475.1,444.3) dist=2.6 vel=0.0
[   763   18.868 x1.00] LOG  [OniBoss:Layer] charge STRIKE: arrived 2.6m from the lock point after 1.01s real — clip 0.40 → 0.58 (blend 0.10s), strike moment 0.76, Yoru 2.6m away
[   767   18.949 x1.00] TEL charge Strike n=0.62 spd=1.00 mult=1.00 st=Attack anim=Charge/- drift=14.97 cut=14.97 meshOff=0.24m vis bounds+0.5m pos=(475.1,444.3) dist=2.7 vel=0.0
[   771   19.036 x1.00] TEL charge Strike n=0.68 spd=1.00 mult=1.00 st=Attack anim=Charge/- drift=15.93 cut=15.93 meshOff=0.24m vis bounds+0.6m pos=(475.1,444.3) dist=2.9 vel=0.0
[   776   19.140 x1.00] TEL charge Strike n=0.74 spd=1.00 mult=1.00 st=Attack anim=Charge/- drift=16.69 cut=16.69 meshOff=0.24m vis bounds+0.7m pos=(475.1,444.3) dist=3.3 vel=0.0
[   779   19.202 x1.00] LOG  [CameraGameFeel] Shake: intensity=0.45 duration=0.350s
[   779   19.202 x1.00] LOG  [OniBoss] Attack missed, player out of range (3.6m > 3.5m)
[   780   19.233 x1.00] TEL charge Strike n=0.80 spd=1.00 mult=1.00 st=Attack anim=Charge/- drift=17.22 cut=17.22 meshOff=0.24m vis bounds+0.6m pos=(475.1,444.3) dist=3.7 vel=0.0
[   784   19.327 x1.00] LOG  [Combat] Combo 1: 10 dmg
[   784   19.327 x1.00] LOG  [ComboTrace] START step=1 state='Combo1' queued=0 target='OniBoss' at 6.6m
[   784   19.327 x1.00] LOG  [ComboTrace] LAUNCH OniBoss at 2.5m dist=2.54m in 0.25s
[   784   19.327 x1.00] TEL charge Strike n=0.86 spd=1.00 mult=1.00 st=Attack anim=Charge/- drift=17.66 cut=17.66 meshOff=0.24m vis bounds+0.3m pos=(475.1,444.3) dist=3.4 vel=0.0
[   788   19.417 x1.00] TEL charge Strike n=0.92 spd=1.00 mult=1.00 st=Attack anim=Charge/- drift=17.94 cut=17.94 meshOff=0.24m vis bounds+0.3m pos=(475.1,444.3) dist=2.1 vel=0.0
[   791   19.489 x1.00] LOG  [Combat] Queued click #1 (combo 1)
[   791   19.489 x1.00] LOG  [ComboTrace] QUEUED #1 during step 1
[   792   19.513 x1.00] TEL charge Strike n=0.98 spd=1.00 mult=1.00 st=Attack anim=Charge/- drift=18.07 cut=18.07 meshOff=0.24m vis bounds+0.0m pos=(475.1,444.3) dist=2.0 vel=0.0
[   794   19.565 x1.00] LOG  [OniBoss] Attack → Recovery
[   794   19.565 x1.00] LOG  [OniBoss] Playing animation: Watch
[   794   19.565 x1.00] LOG  [OniBoss:Layer] charge fire trail: released — burns out over 3.8s where the rush ended.
[   794   19.565 x1.00] LOG  [OniBoss:Layer] charge complete: engine left Attack (now Recovery) during Strike
[   795   19.590 x1.00] LOG  [ComboTrace] LAUNCH RESULT wanted=2.54m actually moved=1.89m — completed
[   796   19.619 x1.00] TEL charge None   n=1.05 spd=1.00 mult=1.00 st=Recovery anim=Charge/h-1849006814 drift=10.26 cut=10.26 meshOff=0.24m vis bounds+0.1m pos=(475.1,444.3) dist=2.0 vel=0.0
[   797   19.643 x1.00] LOG  [Combat] Queued click #2 (combo 1)
[   797   19.643 x1.00] LOG  [ComboTrace] QUEUED #2 during step 1
[   799   19.715 x1.00] LOG  [OniBoss] Recovery → Attack
[   799   19.715 x1.00] LOG  [OniBoss] Attack: ClubSlam (20 dmg)
[   799   19.715 x1.00] LOG  [OniBoss:Trail] ClubSlam trail START at clip 1.00 (transition still blending).
[   799   19.715 x1.00] TEL charge None   n=1.15 spd=2.00 mult=2.00 st=Attack anim=Charge/h283984468 drift=3.10 cut=3.10 meshOff=0.24m vis bounds+0.1m pos=(475.1,444.3) dist=2.0 vel=0.0
[   802   19.789 x1.00] LOG  [OniBoss:Layer] charge end (clip left the animator) after 2.41s real: pin measured 112 frames, cancelled on 111, max raw drift 18.08m, max cancelled 18.08m — travel WAS baked in, pin held it
[   807   19.889 x1.00] LOG  [ComboTrace] CLICK IGNORED (step=1 queued=2)
[   809   19.939 x1.00] LOG  OniBoss took 10 damage. HP: 450/500
[   809   19.939 x1.00] LOG  [OniBoss] 🤕 Hit during Attack — flash only
[   809   19.939 x1.00] LOG  [Combat] Hit OniBoss for 10
[   809   19.939 x1.00] LOG  [CameraGameFeel] Shake: intensity=0.50 duration=0.200s
[   809   19.939 x1.00] LOG  [CameraGameFeel] FOV punch: hit light (+1.5°)
[   816   20.099 x1.00] LOG  [ComboTrace] CLICK IGNORED (step=1 queued=2)
[   818   20.140 x1.00] LOG  🐾 VFX_AttackPaw triggered!
[   823   20.247 x1.00] LOG  [ComboTrace] CLICK IGNORED (step=1 queued=2)
[   824   20.267 x1.00] LOG  [Combat] Combo 2: 20 dmg
[   824   20.267 x1.00] LOG  [ComboTrace] START step=2 state='Combo2' queued=1 target='OniBoss' at 2.0m
[   824   20.267 x1.00] LOG  [ComboTrace] LAUNCH OniBoss at 0.8m dist=0.81m in 0.13s
[   831   20.408 x1.00] LOG  [ComboTrace] LAUNCH RESULT wanted=0.81m actually moved=0.00m — completed
[   838   20.557 x1.00] LOG  [OniBoss:ClubPos] ClubSlam at strike: club tip 0.52m up, 2.91m in front, -0.09m to his right (2.91m out from his centre). Club faces 9deg from his forward, pitch -0.26. (the ground wave is born 1.6m in front of him at 0.35m.)
[   838   20.557 x1.00] LOG  [OniBoss:Layer] ClubSlam: club has not connected — ground wave released ARMED, 1.6m in front, 12m/s x 12.0m = 1.00s, COMBO FINISHER: FULL 30 damage, x2.0 size, x2.0 travel.
[   839   20.582 x1.00] LOG  [Combat] Hit react: HitReact_Light_2Leg (0.5s)
[   839   20.582 x1.00] LOG  [HitReactTrace] asked for 'HitReact_Light_2Leg' (0.50s) — blend resolved after 0 ms, now playing a clip 1.75s long at speed 1.60, layer weight 1.00, animator.speed 1.00.
[   839   20.582 x1.00] LOG  [CameraGameFeel] Shake: intensity=0.30 duration=0.200s
[   839   20.582 x1.00] LOG  [CameraGameFeel] FOV punch: player damage (-2.0°)
[   839   20.582 x1.00] LOG  [OniBoss:Wave] wave TOUCHED Yoru (grounded) for 30 after 0.3m / 0.03s of travel.
[   844   20.688 x1.00] LOG  [OniBoss] Attack → Recovery
[   844   20.688 x1.00] LOG  [OniBoss] Playing animation: Watch
[   844   20.688 x1.00] LOG  [OniBoss:Trail] trail END at clip 1.00, fading over 0.40s.
[   844   20.688 x1.00] LOG  [OniBoss:Strike] ClubSlam: club tip closest to Yoru at 0.43m, clip position 0.96 | damage fires at 0.85 | clip 0.93s => damage fires 98 ms BEFORE the club is closest
[   852   20.858 x1.00] LOG  [OniBoss] Recovery → Chase
[   853   20.879 x1.00] LOG  [OniBoss] hold-ground: BACKSTEP 1.5m (player 2.0m)
[   869   21.218 x1.00] LOG  [Combat] Combo 1: 10 dmg
[   869   21.218 x1.00] LOG  [ComboTrace] START step=1 state='Combo1' queued=0 target='OniBoss' at 2.5m
[   869   21.218 x1.00] LOG  [ComboTrace] LAUNCH OniBoss at 1.3m dist=1.28m in 0.13s
[   876   21.366 x1.00] LOG  [ComboTrace] LAUNCH RESULT wanted=1.28m actually moved=0.71m — completed
[   878   21.410 x1.00] LOG  [Combat] Queued click #1 (combo 1)
[   878   21.410 x1.00] LOG  [ComboTrace] QUEUED #1 during step 1
[   887   21.597 x1.00] LOG  [Combat] Queued click #2 (combo 1)
[   887   21.597 x1.00] LOG  [ComboTrace] QUEUED #2 during step 1
[   898   21.818 x1.00] LOG  [ComboTrace] CLICK IGNORED (step=1 queued=2)
[   898   21.818 x1.00] LOG  [OniBoss] hold-ground: backstep done (1.50m), WATCH (player 2.8m, cooldown 0.8s)
[   898   21.818 x1.00] LOG  [OniBoss] Playing animation: Idle
[   899   21.838 x1.00] LOG  [OniBoss] Playing animation: Walk
[   899   21.838 x1.00] LOG  OniBoss took 10 damage. HP: 440/500
[   899   21.838 x1.00] LOG  [OniBoss] Chase → HitReact
[   899   21.838 x1.00] LOG  [OniBoss:Layer] react tier: LIGHT (10 dmg) → 'Hit_react_light'
[   899   21.838 x1.00] LOG  [Combat] Hit OniBoss for 10
[   899   21.838 x1.00] LOG  [CameraGameFeel] Shake: intensity=0.50 duration=0.200s
[   899   21.838 x1.00] LOG  [CameraGameFeel] FOV punch: hit light (+1.5°)
[   907   22.009 x1.00] LOG  🐾 VFX_AttackPaw triggered!
[   914   22.159 x1.00] LOG  [Combat] Combo 2: 20 dmg
[   914   22.159 x1.00] LOG  [ComboTrace] START step=2 state='Combo2' queued=1 target='OniBoss' at 2.8m
[   914   22.159 x1.00] LOG  [ComboTrace] LAUNCH OniBoss at 1.5m dist=1.51m in 0.15s
[   922   22.334 x1.00] LOG  [ComboTrace] LAUNCH RESULT wanted=1.51m actually moved=0.80m — completed
[   927   22.439 x1.00] LOG  [Combat] Queued click #2 (combo 2)
[   927   22.439 x1.00] LOG  [ComboTrace] QUEUED #2 during step 2
[   937   22.649 x1.00] LOG  [OniBoss] HitReact → Chase
[   938   22.668 x1.00] LOG  [OniBoss] Playing animation: Idle
[   938   22.668 x1.00] LOG  [OniBoss] Combo started: ClubSwing1 → ClubSwing2 → ClubSlam (3 steps remaining)
[   938   22.668 x1.00] LOG  [OniBoss] Chase → Attack
[   938   22.668 x1.00] LOG  [OniBoss] Attack: Club_Swing (16 dmg)
[   938   22.668 x1.00] LOG  [OniBoss:Trail] Club_Swing trail START at clip 1.00 (transition done).
[   953   22.969 x1.00] LOG  [CameraGameFeel] Shake: intensity=0.20 duration=0.250s
[   953   22.969 x1.00] LOG  [Combat] Hit react: HitReact_Light_2Leg (0.5s)
[   953   22.969 x1.00] LOG  [HitReactTrace] asked for 'HitReact_Light_2Leg' (0.50s) — blend resolved after 0 ms, now playing a clip 1.75s long at speed 1.60, layer weight 1.00, animator.speed 1.00.
[   953   22.969 x1.00] LOG  [CameraGameFeel] Shake: intensity=0.30 duration=0.200s
[   953   22.969 x1.00] LOG  [CameraGameFeel] FOV punch: player damage (-2.0°)
[   953   22.969 x1.00] LOG  [OniBoss] Hit player for 16 (Club_Swing)
[   953   22.969 x1.00] LOG  [OniBoss:Touch] Club_Swing: club TOUCHED Yoru at clip 0.36 — shaft 0.23m from her body line, tip speed 166m/s, ONE FRAME EARLY (predicted). Full club hit delivered this frame.
[   954   22.989 x1.00] LOG  🐾🐾 VFX_TowPaw triggered!
[   957   23.056 x1.00] LOG  [OniBoss:ClubPos] Club_Swing at strike: club tip 3.05m up, 1.25m in front, -3.30m to his right (3.52m out from his centre). Club faces -109deg from his forward, pitch 0.41. (the ground wave is born 1.6m in front of him at 0.35m.)
[   957   23.056 x1.00] LOG  [OniBoss:Layer] Club_Swing: club already hit — ground wave released as VISUAL only (0 damage).
[   979   23.518 x1.00] LOG  [OniBoss] Attack → Recovery
[   979   23.518 x1.00] LOG  [OniBoss] Playing animation: Watch
[   979   23.518 x1.00] LOG  [OniBoss:Trail] trail END at clip 0.99, fading over 0.40s.
[   979   23.518 x1.00] LOG  [OniBoss:Strike] Club_Swing: club tip closest to Yoru at 0.42m, clip position 0.94 | damage fires at 0.42 | clip 0.84s => damage fires 438 ms BEFORE the club is closest
[   987   23.685 x1.00] LOG  [OniBoss] Recovery → Attack
[   987   23.685 x1.00] LOG  [OniBoss] Attack: ClubSwing2 (16 dmg)
[   987   23.685 x1.00] LOG  [OniBoss:Trail] ClubSwing2 trail START at clip 1.00 (transition still blending).
[   991   23.769 x1.00] LOG  [Combat] Combo 1: 10 dmg
[   991   23.769 x1.00] LOG  [ComboTrace] START step=1 state='Combo1' queued=0 target='OniBoss' at 2.0m
[   991   23.769 x1.00] LOG  [ComboTrace] LAUNCH OniBoss at 0.8m dist=0.81m in 0.13s
[   998   23.910 x1.00] LOG  [ComboTrace] LAUNCH RESULT wanted=0.81m actually moved=0.00m — completed
[  1004   24.038 x1.00] LOG  [CameraGameFeel] Shake: intensity=0.20 duration=0.250s
[  1004   24.038 x1.00] LOG  [Combat] Hit react: HitReact_Light_2Leg (0.5s)
[  1004   24.038 x1.00] LOG  [HitReactTrace] asked for 'HitReact_Light_2Leg' (0.50s) — blend resolved after 0 ms, now playing a clip 1.23s long at speed 1.60, layer weight 1.00, animator.speed 1.00.
[  1004   24.038 x1.00] LOG  [CameraGameFeel] Shake: intensity=0.30 duration=0.200s
[  1004   24.038 x1.00] LOG  [CameraGameFeel] FOV punch: player damage (-2.0°)
[  1004   24.038 x1.00] LOG  [OniBoss] Hit player for 20 (ClubSwing2) [combo x1.25]
[  1004   24.038 x1.00] LOG  [OniBoss:Touch] ClubSwing2: club TOUCHED Yoru at clip 0.30 — shaft 0.56m from her body line, tip speed 102m/s. Full club hit delivered this frame.
[  1007   24.100 x1.00] LOG  [OniBoss:ClubPos] ClubSwing2 at strike: club tip 0.94m up, 0.67m in front, 3.59m to his right (3.66m out from his centre). Club faces 65deg from his forward, pitch -0.84. (the ground wave is born 1.6m in front of him at 0.35m.)
[  1007   24.100 x1.00] LOG  [OniBoss:Layer] ClubSwing2: club already hit — ground wave released as VISUAL only (0 damage).
[  1033   24.649 x1.00] LOG  [Combat] Combo 1: 10 dmg
[  1033   24.649 x1.00] LOG  [ComboTrace] START step=1 state='Combo1' queued=0 target='OniBoss' at 2.0m
[  1033   24.649 x1.00] LOG  [ComboTrace] LAUNCH OniBoss at 0.8m dist=0.81m in 0.13s
[  1039   24.778 x1.00] LOG  [ComboTrace] LAUNCH RESULT wanted=0.81m actually moved=0.00m — completed
[  1042   24.838 x1.00] LOG  [Combat] Queued click #1 (combo 1)
[  1042   24.838 x1.00] LOG  [ComboTrace] QUEUED #1 during step 1
[  1044   24.877 x1.00] LOG  [OniBoss] Attack → Recovery
[  1044   24.877 x1.00] LOG  [OniBoss] Playing animation: Watch
[  1044   24.877 x1.00] LOG  [OniBoss:Trail] trail END at clip 1.00, fading over 0.40s.
[  1044   24.877 x1.00] LOG  [OniBoss:Strike] ClubSwing2: club tip closest to Yoru at 1.37m, clip position 0.99 | damage fires at 0.32 | clip 1.17s => damage fires 779 ms BEFORE the club is closest
[  1052   25.041 x1.00] LOG  [Combat] Queued click #2 (combo 1)
[  1052   25.041 x1.00] LOG  [ComboTrace] QUEUED #2 during step 1
[  1052   25.041 x1.00] LOG  [OniBoss] Recovery → Attack
[  1052   25.041 x1.00] LOG  [OniBoss] Attack: ClubSlam (20 dmg)
[  1052   25.041 x1.00] LOG  [OniBoss:Trail] ClubSlam trail START at clip 1.00 (transition still blending).
[  1063   25.267 x1.00] LOG  OniBoss took 10 damage. HP: 430/500
[  1063   25.267 x1.00] LOG  [OniBoss] 🤕 Hit during Attack — flash only
[  1063   25.267 x1.00] LOG  [Combat] Hit OniBoss for 10
[  1063   25.267 x1.00] LOG  [CameraGameFeel] Shake: intensity=0.50 duration=0.200s
[  1063   25.267 x1.00] LOG  [CameraGameFeel] FOV punch: hit light (+1.5°)
[  1071   25.438 x1.00] LOG  🐾 VFX_AttackPaw triggered!
[  1072   25.459 x1.00] LOG  [CameraGameFeel] Shake: intensity=0.50 duration=0.400s
[  1072   25.459 x1.00] LOG  [Combat] Hit react: HitReact_Heavy_2Leg (0.9s)
[  1072   25.459 x1.00] LOG  [HitReactTrace] asked for 'HitReact_Heavy_2Leg' (0.90s) — blend resolved after 0 ms, now playing a clip 1.23s long at speed 1.60, layer weight 1.00, animator.speed 1.00.
[  1072   25.459 x1.00] LOG  [CameraGameFeel] Shake: intensity=0.60 duration=0.200s
[  1072   25.459 x1.00] LOG  [CameraGameFeel] FOV punch: player damage (-3.0°)
[  1072   25.459 x1.00] LOG  [OniBoss] Hit player for 30 (ClubSlam) [combo x1.50]
[  1072   25.459 x1.00] LOG  [OniBoss:Touch] ClubSlam: club TOUCHED Yoru at clip 0.43 — shaft 0.55m from her body line, tip speed 118m/s, ONE FRAME EARLY (predicted). Full club hit delivered this frame.
[  1091   25.871 x1.00] LOG  [OniBoss:ClubPos] ClubSlam at strike: club tip 0.52m up, 2.91m in front, -0.08m to his right (2.91m out from his centre). Club faces 9deg from his forward, pitch -0.27. (the ground wave is born 1.6m in front of him at 0.35m.)
[  1091   25.871 x1.00] LOG  [OniBoss:Layer] ClubSlam: club already hit — ground wave released as VISUAL only (0 damage), finisher size x2.0.
[  1098   26.018 x1.00] LOG  [OniBoss] Attack → Recovery
[  1098   26.018 x1.00] LOG  [OniBoss] Playing animation: Watch
[  1098   26.018 x1.00] LOG  [OniBoss:Trail] trail END at clip 1.00, fading over 0.40s.
[  1098   26.018 x1.00] LOG  [OniBoss:Strike] ClubSlam: club tip closest to Yoru at 0.34m, clip position 0.95 | damage fires at 0.85 | clip 0.93s => damage fires 88 ms BEFORE the club is closest
[  1106   26.180 x1.00] LOG  [OniBoss] Recovery → Chase
[  1107   26.199 x1.00] LOG  [OniBoss] hold-ground: BACKSTEP 1.5m (player 2.0m)
[  1121   26.488 x1.00] LOG  🚶 2-LEG JUMP
[  1121   26.488 x1.00] LOG  🐾 Jump 1 VFX spawned!
[  1141   26.918 x1.00] LOG  [ComboTrace] LAUNCH OniBoss at 1.5m dist=1.54m in 0.15s [AIRBORNE]
[  1141   26.918 x1.00] LOG  [Combat] Aerial spin — 25 dmg
[  1141   26.918 x1.00] LOG  OniBoss took 10 damage. HP: 420/500
[  1141   26.918 x1.00] LOG  [OniBoss] Chase → HitReact
[  1141   26.918 x1.00] LOG  [OniBoss:Layer] react tier: LIGHT (10 dmg) → 'Hit_react_light'
[  1141   26.918 x1.00] LOG  [CameraGameFeel] Shake: intensity=0.50 duration=0.200s
[  1141   26.918 x1.00] LOG  [CameraGameFeel] FOV punch: hit light (+1.5°)
[  1141   26.918 x1.00] LOG  [AirPosePin] engaged, holding body at 2.101m above the transform
[  1148   27.072 x1.00] LOG  [ComboTrace] LAUNCH RESULT wanted=1.54m actually moved=0.96m — completed
[  1148   27.072 x1.00] LOG  OniBoss took 10 damage. HP: 410/500
[  1148   27.072 x1.00] LOG  [OniBoss:Layer] burst: 2 hits / 20 dmg → flinch upgraded to 'HitReact_medium'
[  1148   27.072 x1.00] LOG  [CameraGameFeel] Shake: intensity=0.18 duration=0.200s
[  1155   27.227 x1.00] LOG  OniBoss took 10 damage. HP: 400/500
[  1155   27.227 x1.00] LOG  [OniBoss] HitReact → Stagger
[  1155   27.227 x1.00] LOG  [OniBoss] Playing animation: Stagger
[  1155   27.227 x1.00] LOG  [OniBoss] STAGGERED for 2.5s
[  1155   27.227 x1.00] LOG  [OniBoss:Layer] heavy knock-back react (swirl burst, 3 hits / 30 dmg) → 'HitReact_Heavy', down for 1.80s
[  1155   27.227 x1.00] LOG  [OniBoss:Layer] burst: 3 hits / 30 dmg inside 0.8s → knock-back + 0.90m push
[  1155   27.227 x1.00] LOG  [CameraGameFeel] Shake: intensity=0.18 duration=0.200s
[  1163   27.390 x1.00] LOG  OniBoss punish window! 10 → 15 (x1.5)
[  1163   27.390 x1.00] LOG  OniBoss took 15 damage. HP: 385/500
[  1163   27.390 x1.00] LOG  [CameraGameFeel] Shake: intensity=0.18 duration=0.200s
[  1165   27.430 x1.00] LOG  💨 Landing VFX spawned!
[  1165   27.430 x1.00] LOG  ✅ LANDED! (was jump #1)
[  1165   27.430 x1.00] LOG  [AirPosePin] released, peak correction was 1.317m
[  1166   27.451 x1.00] LOG  🚶 2-LEG JUMP
[  1166   27.451 x1.00] LOG  🐾 Jump 1 VFX spawned!
[  1167   27.472 x1.00] LOG  [AirPosePin] engaged, holding body at 0.785m above the transform
[  1171   27.558 x1.00] LOG  OniBoss punish window! 10 → 15 (x1.5)
[  1171   27.558 x1.00] LOG  OniBoss took 15 damage. HP: 370/500
[  1171   27.558 x1.00] LOG  [CameraGameFeel] Shake: intensity=0.18 duration=0.200s
[  1176   27.668 x1.00] LOG  [ComboTrace] END step=3 clipProgress=0.92 clipLen=0.79s queued=0 elapsed=0.75s
[  1177   27.689 x1.00] LOG  [AirPosePin] released, peak correction was 0.108m
[  1211   28.398 x1.00] LOG  💨 Landing VFX spawned!
[  1211   28.398 x1.00] LOG  ✅ LANDED! (was jump #1)
[  1215   28.480 x1.00] LOG  🚶 2-LEG JUMP
[  1215   28.480 x1.00] LOG  🐾 Jump 1 VFX spawned!
[  1220   28.578 x1.00] LOG  [StormWeather] ⚡ strike at (471.72, 45.00, 456.08)
[  1230   28.792 x1.00] LOG  [ComboTrace] LAUNCH OniBoss at 1.8m dist=1.76m in 0.18s [AIRBORNE]
[  1230   28.792 x1.00] LOG  [Combat] Aerial spin — 25 dmg
[  1230   28.792 x1.00] LOG  OniBoss punish window! 10 → 15 (x1.5)
[  1230   28.792 x1.00] LOG  OniBoss took 15 damage. HP: 355/500
[  1230   28.792 x1.00] LOG  [CameraGameFeel] Shake: intensity=0.50 duration=0.200s
[  1230   28.792 x1.00] LOG  [CameraGameFeel] FOV punch: hit light (+1.5°)
[  1230   28.792 x1.00] LOG  [AirPosePin] engaged, holding body at 1.543m above the transform
[  1237   28.949 x1.00] LOG  OniBoss punish window! 10 → 15 (x1.5)
[  1237   28.949 x1.00] LOG  OniBoss took 15 damage. HP: 340/500
[  1237   28.949 x1.00] LOG  [CameraGameFeel] Shake: intensity=0.18 duration=0.200s
[  1238   28.969 x1.00] LOG  [ComboTrace] LAUNCH RESULT wanted=1.76m actually moved=1.84m — completed
[  1241   29.034 x1.00] LOG  [OniBoss] Stagger → Chase
[  1242   29.057 x1.00] LOG  [OniBoss] Playing animation: Idle
[  1242   29.057 x1.00] LOG  [OniBoss] Chase → Attack
[  1242   29.057 x1.00] LOG  [OniBoss] Attack: Club_Swing (16 dmg)
[  1242   29.057 x1.00] LOG  [OniBoss:Trail] Club_Swing trail START at clip 1.00 (transition done).
[  1244   29.104 x1.00] LOG  OniBoss took 10 damage. HP: 330/500
[  1244   29.104 x1.00] LOG  [OniBoss] 🤕 Hit during Attack — flash only
[  1244   29.104 x1.00] LOG  [OniBoss] Attack → Stagger
[  1244   29.104 x1.00] LOG  [OniBoss] Playing animation: Stagger
[  1244   29.104 x1.00] LOG  [OniBoss] STAGGERED for 2.5s
[  1244   29.104 x1.00] LOG  [OniBoss:Layer] heavy knock-back react (swirl burst, 3 hits / 40 dmg) → 'HitReact_Heavy', down for 1.80s
[  1244   29.104 x1.00] LOG  [OniBoss:Layer] burst: 3 hits / 40 dmg inside 0.8s → knock-back + 0.90m push
[  1244   29.104 x1.00] LOG  [CameraGameFeel] Shake: intensity=0.18 duration=0.200s
[  1245   29.127 x1.00] LOG  [OniBoss:Trail] trail END at clip 1.00, fading over 0.40s.
[  1259   29.421 x1.00] LOG  💨 Landing VFX spawned!
[  1259   29.421 x1.00] LOG  ✅ LANDED! (was jump #1)
[  1259   29.421 x1.00] LOG  [AirPosePin] released, peak correction was 0.768m
[  1265   29.541 x1.00] LOG  [ComboTrace] END step=3 clipProgress=0.91 clipLen=0.79s queued=0 elapsed=0.75s
[  1271   29.669 x1.00] LOG  🚶 2-LEG JUMP
[  1271   29.669 x1.00] LOG  🐾 Jump 1 VFX spawned!
[  1291   30.083 x1.00] LOG  [ComboTrace] LAUNCH OniBoss at 1.3m dist=1.33m in 0.13s [AIRBORNE]
[  1291   30.083 x1.00] LOG  [Combat] Aerial spin — 25 dmg
[  1291   30.083 x1.00] LOG  OniBoss punish window! 10 → 15 (x1.5)
[  1291   30.083 x1.00] LOG  OniBoss took 15 damage. HP: 315/500
[  1291   30.083 x1.00] LOG  [CameraGameFeel] Shake: intensity=0.50 duration=0.200s
[  1291   30.083 x1.00] LOG  [CameraGameFeel] FOV punch: hit light (+1.5°)
[  1291   30.083 x1.00] LOG  [AirPosePin] engaged, holding body at 2.057m above the transform
[  1298   30.239 x1.00] LOG  [ComboTrace] LAUNCH RESULT wanted=1.33m actually moved=1.40m — completed
[  1298   30.239 x1.00] LOG  OniBoss punish window! 10 → 15 (x1.5)
[  1298   30.239 x1.00] LOG  OniBoss took 15 damage. HP: 300/500
[  1298   30.239 x1.00] LOG  [CameraGameFeel] Shake: intensity=0.18 duration=0.200s
[  1306   30.408 x1.00] LOG  OniBoss punish window! 10 → 15 (x1.5)
[  1306   30.408 x1.00] LOG  OniBoss took 15 damage. HP: 285/500
[  1306   30.408 x1.00] LOG  [CameraGameFeel] Shake: intensity=0.18 duration=0.200s
[  1316   30.617 x1.00] LOG  💨 Landing VFX spawned!
[  1316   30.617 x1.00] LOG  ✅ LANDED! (was jump #1)
[  1316   30.617 x1.00] LOG  [AirPosePin] released, peak correction was 1.272m
[  1317   30.638 x1.00] LOG  🚶 2-LEG JUMP
[  1317   30.638 x1.00] LOG  🐾 Jump 1 VFX spawned!
[  1318   30.658 x1.00] LOG  [AirPosePin] engaged, holding body at 0.783m above the transform
[  1326   30.821 x1.00] LOG  [ComboTrace] END step=3 clipProgress=0.90 clipLen=0.79s queued=0 elapsed=0.74s
[  1327   30.842 x1.00] LOG  [AirPosePin] released, peak correction was 0.098m
[  1330   30.908 x1.00] LOG  [OniBoss] Stagger → Chase
[  1331   30.929 x1.00] LOG  [OniBoss] Playing animation: Idle
[  1331   30.929 x1.00] LOG  [OniBoss] Combo started: ClubSwing1 → ClubSwing2 → ClubSlam (3 steps remaining)
[  1331   30.929 x1.00] LOG  [OniBoss] Chase → Attack
[  1331   30.929 x1.00] LOG  [OniBoss] Attack: Club_Swing (16 dmg)
[  1331   30.929 x1.00] LOG  [OniBoss:Trail] Club_Swing trail START at clip 1.00 (transition done).
[  1346   31.250 x1.00] LOG  [CameraGameFeel] Shake: intensity=0.20 duration=0.250s
[  1346   31.250 x1.00] LOG  [Combat] Hit react: HitReact_Light_2Leg (0.5s)
[  1346   31.250 x1.00] LOG  [HitReactTrace] asked for 'HitReact_Light_2Leg' (0.50s) — blend resolved after 0 ms, now playing a clip 1.00s long at speed 1.00, layer weight 1.00, animator.speed 1.00.
[  1346   31.250 x1.00] LOG  [CameraGameFeel] Shake: intensity=0.30 duration=0.200s
[  1346   31.250 x1.00] LOG  [CameraGameFeel] FOV punch: player damage (-2.0°)
[  1346   31.250 x1.00] LOG  [OniBoss] Hit player for 16 (Club_Swing)
[  1346   31.250 x1.00] LOG  [OniBoss:Touch] Club_Swing: club TOUCHED Yoru at clip 0.38 — shaft 0.14m from her body line, tip speed 172m/s. Full club hit delivered this frame.
[  1347   31.271 x1.00] LOG  [AirPosePin] engaged, holding body at 0.610m above the transform
[  1349   31.316 x1.00] LOG  [OniBoss:ClubPos] Club_Swing at strike: club tip 3.04m up, 1.54m in front, -3.27m to his right (3.61m out from his centre). Club faces -102deg from his forward, pitch 0.41. (the ground wave is born 1.6m in front of him at 0.35m.)
[  1349   31.316 x1.00] LOG  [OniBoss:Layer] Club_Swing: club already hit — ground wave released as VISUAL only (0 damage).
[  1361   31.562 x1.00] LOG  💨 Landing VFX spawned!
[  1361   31.562 x1.00] LOG  [AirPosePin] released, peak correction was -0.055m
[  1371   31.759 x1.00] LOG  ✅ LANDED! (was jump #0)
[  1372   31.780 x1.00] LOG  [OniBoss] Attack → Recovery
[  1372   31.780 x1.00] LOG  [OniBoss] Playing animation: Watch
[  1372   31.780 x1.00] LOG  [OniBoss:Trail] trail END at clip 0.99, fading over 0.40s.
[  1372   31.780 x1.00] LOG  [OniBoss:Strike] Club_Swing: club tip closest to Yoru at 1.00m, clip position 0.92 | damage fires at 0.42 | clip 0.84s => damage fires 419 ms BEFORE the club is closest
[  1373   31.800 x1.00] LOG  🚶 2-LEG JUMP
[  1373   31.800 x1.00] LOG  🐾 Jump 1 VFX spawned!
[  1376   31.863 x1.00] LOG  [ComboTrace] LAUNCH OniBoss at 1.2m dist=1.21m in 0.13s [AIRBORNE]
[  1376   31.863 x1.00] LOG  [Combat] Aerial spin — 25 dmg
[  1376   31.863 x1.00] LOG  OniBoss took 10 damage. HP: 275/500
[  1376   31.863 x1.00] LOG  [OniBoss] Recovery → HitReact
[  1376   31.863 x1.00] LOG  [OniBoss:Layer] react tier: LIGHT (10 dmg) → 'Hit_react_light'
[  1376   31.863 x1.00] LOG  [CameraGameFeel] Shake: intensity=0.50 duration=0.200s
[  1376   31.863 x1.00] LOG  [CameraGameFeel] FOV punch: hit light (+1.5°)
[  1376   31.863 x1.00] LOG  [AirPosePin] engaged, holding body at 0.527m above the transform
[  1382   31.997 x1.00] LOG  [ComboTrace] LAUNCH RESULT wanted=1.21m actually moved=0.55m — completed
[  1383   32.018 x1.00] LOG  OniBoss took 10 damage. HP: 265/500
[  1383   32.018 x1.00] LOG  [OniBoss:Layer] burst: 2 hits / 20 dmg → flinch upgraded to 'HitReact_medium'
[  1383   32.018 x1.00] LOG  [CameraGameFeel] Shake: intensity=0.18 duration=0.200s
[  1390   32.171 x1.00] LOG  OniBoss took 10 damage. HP: 255/500
[  1390   32.171 x1.00] LOG  [OniBoss] HitReact → Stagger
[  1390   32.171 x1.00] LOG  [OniBoss] Playing animation: Stagger
[  1390   32.171 x1.00] LOG  [OniBoss] STAGGERED for 2.5s
[  1390   32.171 x1.00] LOG  [OniBoss:Layer] heavy knock-back react (swirl burst, 3 hits / 30 dmg) → 'HitReact_Heavy', down for 1.80s
[  1390   32.171 x1.00] LOG  [OniBoss:Layer] burst: 3 hits / 30 dmg inside 0.8s → knock-back + 0.90m push
[  1390   32.171 x1.00] LOG  [CameraGameFeel] Shake: intensity=0.18 duration=0.200s
[  1398   32.341 x1.00] LOG  OniBoss punish window! 10 → 15 (x1.5)
[  1398   32.341 x1.00] LOG  OniBoss took 15 damage. HP: 240/500
[  1398   32.341 x1.00] LOG  [CameraGameFeel] Shake: intensity=0.18 duration=0.200s
[  1399   32.369 x1.00] LOG  [OniBoss] ⚡ PHASE 2 ACTIVATED
[  1399   32.369 x1.00] LOG  [OniBoss:Layer] PHASE 2: health snapped 240 → 250 (exactly half) for the phase-2 start.
[  1399   32.369 x1.00] LOG  [OniBoss] STAGGERED (parry) for 3s
[  1399   32.369 x0.45] LOG  [Combat] Combat reset
[  1399   32.369 x0.45] LOG  [OniBoss:Cine] CINEMATIC ON — hard cut, bars in, world at x0.45, roar at x0.80 + 0.9s linger, rise at x0.45, beat frames 27-37/94 at x0.20, hang 2.0s, orbit roar 120° / rise 40° / drop 30°, lens 65° locked, fill 0.70, screen-y 0.40/0.33, apex at clip 0.40.
[  1399   32.369 x0.45] LOG  [OniBoss:Layer] PHASE 2: transition 'Phase_Transition' driven at x0.60 + 0.6s hold — untouchable, roar at 0.60
[  1399   32.369 x0.45] LOG  [BossBar] Hiding bar INSTANTLY (cinematic)
[  1399   32.369 x0.45] LOG  [OniBoss:Layer] boss bar hidden (cinematic)
[  1399   32.369 x0.45] LOG  [AirPosePin] released, peak correction was -0.257m
[  1400   32.391 x0.45] LOG  [OniBoss:Layer] PHASE 2: clip is 2.42s — cinematic: scream ~1.81s in + 0.9s linger
[  1441   33.207 x0.45] LOG  💨 Landing VFX spawned!
[  1441   33.207 x0.45] LOG  ✅ LANDED! (was jump #1)
[  1491   34.199 x0.45] LOG  [CameraGameFeel] Shake: intensity=0.60 duration=0.500s
[  1491   34.199 x0.45] LOG  [OniBoss:Layer] PHASE 2: roar at 1.46 clip-s
[  1537   35.117 x0.45] LOG  [OniBoss:Layer] PHASE 2: transition over after 2.75s real — he is back, and angrier
[  1537   35.117 x0.45] LOG  [OniBoss:Layer] PHASE 2: chaining into the GROUND POUND — no pause. The cinematic rides along until the top of the jump.
[  1537   35.117 x0.45] LOG  [OniBoss] STAGGERED (parry) for 3s
[  1537   35.117 x0.45] LOG  [OniBoss:Layer] GROUND POUND (phase-2 entrance): driving 'Ground_Pound' at x1.00, slam at 0.60, cinematic until the apex at 0.40
[  1538   35.139 x0.45] LOG  [OniBoss:Layer] GROUND POUND: clip is 3.13s
[  1639   37.140 x0.45] LOG  [StormWeather] storm break released
[  1639   37.140 x0.45] LOG  [StormWeather] ⚡ strike at (481.24, 45.00, 431.90) x1.5
[  1639   37.140 x0.45] LOG  [StormWeather] ⚡ strike at (483.71, 45.00, 431.40) x1.2
[  1639   37.140 x0.45] LOG  [OniBoss:Cine] LIGHTNING BEAT — the SKY SHOW begins: 9 bolts converging from 14m (sky height), club strike at call AND climax, sky-fill 'LightningOrbSoftYellow' (club slot), 3 streamers, storm released.
[  1640   37.164 x0.20] LOG  [StormWeather] ⚡ strike at (484.17, 45.00, 452.99)
[  1640   37.164 x0.20] LOG  [StormWeather] COZY → 'Thunder Storm' (the sky answers — storm chaos)
[  1640   37.164 x0.20] LOG  [StormWeather] PHASE 2 - storm breaking.
[  1664   37.650 x0.20] LOG  [StormWeather] ⚡ strike at (470.33, 45.00, 448.65) x1.5
[  1664   37.650 x0.20] LOG  [StormWeather] ⚡ strike at (469.61, 45.00, 445.40) x1.2
[  1664   37.650 x0.20] LOG  [CameraGameFeel] Shake: intensity=0.15 duration=0.150s
[  1678   37.932 x0.20] LOG  [StormWeather] ⚡ strike at (471.30, 45.00, 444.41) x1.5
[  1678   37.932 x0.20] LOG  [StormWeather] ⚡ strike at (471.54, 45.00, 441.95) x1.2
[  1678   37.932 x0.20] LOG  [CameraGameFeel] Shake: intensity=0.17 duration=0.150s
[  1690   38.180 x0.20] LOG  [StormWeather] ⚡ strike at (478.26, 45.00, 435.66) x1.5
[  1690   38.180 x0.20] LOG  [StormWeather] ⚡ strike at (480.26, 45.00, 434.51) x1.2
[  1690   38.180 x0.20] LOG  [CameraGameFeel] Shake: intensity=0.19 duration=0.150s
[  1701   38.401 x0.20] LOG  [StormWeather] ⚡ strike at (474.03, 45.00, 448.02) x1.5
[  1701   38.401 x0.20] LOG  [StormWeather] ⚡ strike at (473.26, 45.00, 444.80) x1.2
[  1701   38.401 x0.20] WARN The referenced script on this Behaviour (Game Object '<null>') is missing!
[  1701   38.401 x0.20] WARN The referenced script on this Behaviour (Game Object 'Lightning Light') is missing!
[  1701   38.401 x0.20] WARN The referenced script on this Behaviour (Game Object 'Lightning Light') is missing!
[  1701   38.401 x0.20] LOG  [StormWeather] COZY thunder → Strike()
[  1701   38.401 x0.20] LOG  [CameraGameFeel] Shake: intensity=0.21 duration=0.150s
[  1711   38.613 x0.20] LOG  [StormWeather] ⚡ strike at (475.08, 45.00, 444.36) x1.5
[  1711   38.613 x0.20] LOG  [StormWeather] ⚡ strike at (475.49, 45.00, 441.47) x1.2
[  1711   38.613 x0.20] LOG  [CameraGameFeel] Shake: intensity=0.23 duration=0.150s
[  1720   38.804 x0.20] LOG  [StormWeather] ⚡ strike at (480.00, 45.00, 438.98) x1.5
[  1720   38.804 x0.20] LOG  [StormWeather] ⚡ strike at (482.14, 45.00, 437.69) x1.2
[  1720   38.804 x0.20] LOG  [CameraGameFeel] Shake: intensity=0.24 duration=0.150s
[  1728   38.980 x0.45] LOG  [StormWeather] ⚡ strike at (482.01, 45.00, 439.43) x1.5
[  1728   38.980 x0.45] LOG  [StormWeather] ⚡ strike at (485.25, 45.00, 438.40) x1.2
[  1728   38.980 x0.45] WARN The referenced script on this Behaviour (Game Object '<null>') is missing!
[  1728   38.980 x0.45] WARN The referenced script on this Behaviour (Game Object 'Lightning Light') is missing!
[  1728   38.980 x0.45] WARN The referenced script on this Behaviour (Game Object 'Lightning Light') is missing!
[  1728   38.980 x0.45] LOG  [StormWeather] COZY thunder → Strike()
[  1728   38.980 x0.45] LOG  [CameraGameFeel] Shake: intensity=0.26 duration=0.150s
[  1734   39.119 x0.45] LOG  [StormWeather] ⚡ strike at (480.46, 45.00, 441.74) x1.5
[  1734   39.119 x0.45] LOG  [StormWeather] ⚡ strike at (482.63, 45.00, 439.77) x1.2
[  1734   39.119 x0.45] LOG  [CameraGameFeel] Shake: intensity=0.28 duration=0.150s
[  1739   39.235 x0.45] LOG  [StormWeather] ⚡ strike at (480.16, 45.00, 446.75) x1.5
[  1739   39.235 x0.45] LOG  [StormWeather] ⚡ strike at (479.05, 45.00, 442.98) x1.2
[  1739   39.235 x0.45] LOG  [CameraGameFeel] Shake: intensity=0.30 duration=0.150s
[  1743   39.330 x0.45] LOG  [StormWeather] ⚡ strike at (486.74, 45.00, 446.84)
[  1743   39.330 x0.45] LOG  [CameraGameFeel] Shake: intensity=0.90 duration=0.500s
[  1743   39.330 x0.45] LOG  [OniBoss:Cine] SKY SHOW CLIMAX — the club takes the storm.
[  1813   40.839 x1.00] LOG  [OniBoss:Cine] the DROP at clip 0.40 (hung 2.0s) — full speed, the camera rides him DOWN.
[  1827   41.134 x1.00] LOG  [OniBoss:Layer] sky show lights restored (show complete)
[  1842   41.463 x1.00] LOG  [CameraGameFeel] FOV punch: hit light (+1.5°)
[  1842   41.463 x1.00] LOG  [StormWeather] storm break released
[  1842   41.463 x1.00] LOG  [OniBoss:Cine] CINEMATIC OFF (he LANDS at clip 0.60) — control returned, bars out, camera hands over in 0.30s. Lens locked at 65°; the camera stepped back to 28.3m at the farthest.
[  1842   41.463 x1.00] LOG  [CameraGameFeel] Shake: intensity=1.10 duration=0.800s
[  1842   41.463 x1.00] LOG  [OniBoss:Pound] SLAM at clip 0.60 (1.88 clip-s) — ring 12m/s out to 12m, 45 damage, jumpable.
[  1843   41.490 x1.00] LOG  [BossBar] Showing bar for: Oni (250/500)
[  1843   41.490 x1.00] LOG  [OniBoss:Layer] boss bar shown
[  1843   41.490 x1.00] LOG  [BossBar] Bar switched to phase 2
[  1843   41.490 x1.00] LOG  [OniBoss:Layer] boss bar → phase 2 crimson
[  1849   41.631 x1.00] LOG  [Combat] Hit react: HitReact_Heavy_2Leg (0.9s)
[  1849   41.631 x1.00] LOG  [HitReactTrace] asked for 'HitReact_Heavy_2Leg' (0.90s) — blend resolved after 0 ms, now playing a clip 1.00s long at speed 1.00, layer weight 1.00, animator.speed 1.00.
[  1849   41.631 x1.00] LOG  [CameraGameFeel] Shake: intensity=0.60 duration=0.200s
[  1849   41.631 x1.00] LOG  [CameraGameFeel] FOV punch: player damage (-3.0°)
[  1849   41.631 x1.00] LOG  [OniBoss:Pound] shockwave CAUGHT Yoru (grounded) at 2.6m for 45.
[  1898   42.712 x1.00] LOG  [OniBoss] Stagger → Chase
[  1898   42.712 x1.00] LOG  [OniBoss:Cine] first-attack GRACE — at least 2.0s before he may swing.
[  1898   42.712 x1.00] LOG  [OniBoss:Layer] GROUND POUND: done — the engine is his again.
[  1899   42.733 x1.00] LOG  [OniBoss] Playing animation: Watch
[  1960   44.023 x1.00] LOG  [StormWeather] terrain layers restored to dry values.
# end — 514 lines
