# Oni combat log — 2026-09-25 15:29:59
# Unity 6000.2.7f2 | scene 'DemoScene_Day' | platform OSXEditor
# columns: [frame realSeconds timeScale] KIND message      (KIND: LOG WARN ERR EXC TEL)
#
[     0    0.000 x1.00] LOG  [OniLog] console + telemetry → /Users/asenahazal/Documents/Yoru/OniLogs/oni_2026-09-25_15-29-59.log
[     1    0.000 x1.00] LOG  [BossBar] BossHealthBarUI initialized
[     1    0.000 x1.00] LOG  Nopperabo_copy initialized with 100 HP
[     1    0.000 x1.00] LOG  [Nopperabo_copy] ANIMATOR SETUP: cullingMode=AlwaysAnimate updateMode=Normal applyRootMotion=False speed=1
[     1    0.000 x1.00] LOG  [Nopperabo_copy] Initialized
[     1    0.000 x1.00] LOG  [LightingController] Note: Not controlling sun (COZY Weather manages it)
[     1    0.000 x1.00] LOG  [LightingController] ✓ Created YORU_Moon light
[     1    0.000 x1.00] LOG  [LightingController] ✓ Created YORU_DarkPathLight (range: 100)
[     1    0.000 x1.00] LOG  [LightingController] ✓ Created YORU_DivineGlow light
[     1    0.000 x1.00] LOG  [LightingController] ✓ Found player: PlayerYoru_1.1
[     1    0.000 x1.00] LOG  [LightingController] ✓ Created YORU_CharacterRim light
[     1    0.000 x1.00] LOG  [LightingController] ✓ Created YORU_Lightning light
[     1    0.000 x1.00] LOG  [LightingController] Ambient mode: Trilight, color: RGBA(0.840, 0.698, 0.656, 1.238)
[     1    0.000 x1.00] LOG  [LightingController] Transitioning to: Neutral (Balance 0)
[     1    0.000 x1.00] LOG  [HealthBar] kodoma_Final health bar ready (max: 60)
[     1    0.000 x1.00] LOG  kodoma_Final initialized with 60 HP
[     1    0.000 x1.00] LOG  [kodoma_Final] ANIMATOR SETUP: cullingMode=AlwaysAnimate updateMode=Normal applyRootMotion=False speed=1
[     1    0.000 x1.00] LOG  [kodoma_Final] Initialized
[     1    0.000 x1.00] LOG  [PeachUI] row ready: 4 peaches, 64 px, TopLeft, bleed sprite set, PlayerHealth found
[     1    0.000 x1.00] LOG  [VolumetricFogController] Found VolumetricFog component on mainCamera (1)
[     1    0.000 x1.00] LOG  [VolumetricFogController] Reflection init: density=True, height=True, baselineHeight=True, alpha=True, noiseStrength=True, lightScatteringExposure=True
[     1    0.000 x1.00] LOG  [VolumetricFogController] Initialized with Neutral preset (height=150, baselineHeight=10)
[     1    0.000 x1.00] LOG  [Camera] DOF auto-control on 2 volume(s): PostProcessing_World, PP. Off below 4 m, on above.
[     1    0.000 x1.00] LOG  [TailAirShot4Leg] Ready. drawState=shoot_4Leg castParam=Shoot4LegSpeed (found) readyFrame=5 fireFrame=10 frames=24 slowBudget=3s real damageMultiplier=2.00
  arrow leaves: PlayerYoru_1.1/Cat_All_10_Tails_v4/Group/DeformationSystem/root/Root_M/Tail15_R/Tail151_R/Tail152_R/Tail153_R/Tail154_R/Tail155_R/Tail156_R/Tail157_R/Tail158_R/Tail159_R/Tail1510_R/Tail1511_R/Tail1512_R/Tail6_R/Tail6_R_end/Tail6_R_end_end/Tail6_R_end_end_end/RightTailTip_Anchor
  aim VFX left:  PlayerYoru_1.1/Cat_All_10_Tails_v4/Group/DeformationSystem/root/Root_M/Tail15_L/Tail151_L/Tail152_L/Tail153_L/Tail154_L/Tail155_L/Tail156_L/Tail157_L/Tail158_L/Tail159_L/Tail1510_L/Tail1511_L/Tail1512_L/Tail6_L/Tail6_L_end/Tail6_L_end_end/Tail6_L_end_end_end/LeftTailTip_Anchor/Glow_4Leg_L
  aim VFX right: PlayerYoru_1.1/Cat_All_10_Tails_v4/Group/DeformationSystem/root/Root_M/Tail15_R/Tail151_R/Tail152_R/Tail153_R/Tail154_R/Tail155_R/Tail156_R/Tail157_R/Tail158_R/Tail159_R/Tail1510_R/Tail1511_R/Tail1512_R/Tail6_R/Tail6_R_end/Tail6_R_end_end/Tail6_R_end_end_end/RightTailTip_Anchor/Glow_4Leg_R
[     1    0.000 x1.00] LOG  [TailAirShot] Ready. drawState=RightTail_Fast castParam=TailCastSpeed (found)
  arrow leaves: PlayerYoru_1.1/Cat_All_10_Tails_v4/Group/DeformationSystem/root/Root_M/Tail15_R/Tail151_R/Tail152_R/Tail153_R/Tail154_R/Tail155_R/Tail156_R/Tail157_R/Tail158_R/Tail159_R/Tail1510_R/Tail1511_R/Tail1512_R/Tail6_R/Tail6_R_end/Tail6_R_end_end/Tail6_R_end_end_end/RightTailTip_Anchor
  aim VFX: PlayerYoru_1.1/Cat_All_10_Tails_v4/Group/DeformationSystem/root/Root_M/Tail15_R/Tail151_R/Tail152_R/Tail153_R/Tail154_R/Tail155_R/Tail156_R/Tail157_R/Tail158_R/Tail159_R/Tail1510_R/Tail1511_R/Tail1512_R/Tail6_R/Tail6_R_end/Tail6_R_end_end/Tail6_R_end_end_end/RightTailTip_Anchor/vfx_Muzzle_Fireball01Blue
[     1    0.000 x1.00] LOG  [PlayerCombat] Phase 2 form gate CONNECTED (FormController found on this GameObject).
[     1    0.000 x1.00] LOG  [Combat] PlayerCombat initialized, Phase 3C v27
[     1    0.000 x1.00] LOG  [RingMesh] VFX Status:
[     1    0.000 x1.00] LOG    Left: Prefab=✓, Spawn=Tail6_L_end_end_end
[     1    0.000 x1.00] LOG    Right: Prefab=✓, Spawn=Tail6_R_end_end_end
[     1    0.000 x1.00] LOG  === VFX MANAGER INITIALIZED ===
[     1    0.000 x1.00] LOG  Auto-detect animations: False
[     1    0.000 x1.00] LOG  Parent effects to tail: True
[     1    0.000 x1.00] LOG  Prefabs: Jump=True, Land=True, LTail=True, RTail=True
[     1    0.000 x1.00] LOG  ✅ Left Tail Tip: LeftTailTip_Anchor
[     1    0.000 x1.00] LOG  ✅ Right Tail Tip: RightTailTip_Anchor
[     1    0.000 x1.00] LOG  Nopperabo_prefab initialized with 100 HP
[     1    0.000 x1.00] LOG  [Nopperabo_prefab] ANIMATOR SETUP: cullingMode=AlwaysAnimate updateMode=Normal applyRootMotion=False speed=1
[     1    0.000 x1.00] LOG  [Nopperabo_prefab] Initialized
[     1    0.000 x1.00] LOG  [Pause] ready: key Escape, paper shader ok, paper set, kanji set, font YujiSyuku-Regular SDF, capture ScreenGrab, Main Menu faint (no scene set)
[     1    0.000 x1.00] LOG  [PostProcessController] 0L/0R → Neutral (0L/0R, 1L/1R)
[     1    0.000 x1.00] LOG  [GameOver] ready (sumi-e): PlayerCombat found, ink shader ok, paper set, kanji set, font YujiSyuku-Regular SDF, Main Menu faint (no scene set)
[     1    0.000 x1.00] LOG  [AmbienceController] 0L/0R → Neutral (0 particles)
[     1    0.000 x1.00] LOG  [AmbienceController] Initialized. COZY: True, Player: True
[     1    0.000 x1.00] LOG  [YORU] Found 14 foliage materials
[     1    0.000 x1.00] LOG  [YORU] Found 10 grass materials
[     1    0.000 x1.00] LOG  [YORU] ✓ Eclipse Module ready (field: eclipseRatio)
[     1    0.000 x1.00] LOG  [YORU] Searching for Satellite Module (V10 - correct path)...
[     1    0.000 x1.00] LOG  [YORU] Found CozySatelliteModule on: Modules
[     1    0.000 x1.00] LOG  [YORU] Found main moon profile: SatelliteProfile
[     1    0.000 x1.00] LOG  [YORU] ✓ Satellite Module ready! rotationPeriodOffset field found (type: Int32)
[     1    0.000 x1.00] LOG  [YORU] Current rotationPeriodOffset: 0
[     1    0.000 x1.00] LOG  [YORU] Eclipse: 0.53 → 0.00
[     1    0.000 x1.00] LOG  [YORU] 0L/0R → 9:00 AM, Clear, wind:0.20
[     1    0.000 x1.00] LOG  [YORU] ===== STATUS (V10) =====
[     1    0.000 x1.00] LOG    Weather Module: ✓
[     1    0.000 x1.00] LOG    Eclipse Module: ✓
[     1    0.000 x1.00] LOG    Satellite Module: ✓
[     1    0.000 x1.00] LOG    WindZone: ✓
[     1    0.000 x1.00] LOG    Terrain: ✓
[     1    0.000 x1.00] LOG    Foliage Materials: 14
[     1    0.000 x1.00] LOG    Grass Materials: 10
[     1    0.000 x1.00] LOG  ============================
[     1    0.000 x1.00] LOG  [WorldStateManager] 0L + 0R = Balance 0 → Neutral
[     1    0.000 x1.00] LOG  [RingMesh] Transitioning to 0L / 0R
[     1    0.000 x1.00] LOG  [PostProcessController] 0L/0R → Neutral (0L/0R, 1L/1R)
[     1    0.000 x1.00] LOG  [YORU] 0L/0R → 9:00 AM, Clear, wind:0.20
[     1    0.000 x1.00] LOG  [Hallucination] Hallucination volume + 6 effects built (priority 101, weight 0)
[     1    0.000 x1.00] LOG  [Hallucination] PPv2 setup validated — camera has PostProcessLayer, volume ready on layer 9
[     1    0.000 x1.00] LOG  [Hallucination] HallucinationEffect ready
[     1    0.000 x1.00] LOG  Komainu initialized with 1500 HP
[     1    0.000 x1.00] LOG  [Komainu] Dormant, waiting for the gate.
[     1    0.000 x1.00] LOG  [CombatMusic] CombatMusicManager initialized (clip: Videmar - Boom Tick Pow)
[     1    0.000 x1.00] LOG  GhostEffect3D: Setup complete - 1 materials prepared
[     1    0.000 x1.00] LOG  GhostEffect3D Setup: Renderers: 1, Materials: 1
[     1    0.000 x1.00] LOG  [GlowTrail] FollowTrail_goback_Kodoma: 6 ring(s), sequence: P06(10) -> P05(20) -> P04(30) -> P03(40) -> P02(50) -> P01(60), one ring shown at a time
[     1    0.000 x1.00] LOG  [GlowTrail] FollowTrail_goback_Kodoma: off
[     1    0.000 x1.00] LOG  [GlowTrail] FollowTrail_Seed_Kodoma: 6 ring(s), sequence: P01(10) -> P02(20) -> P03(30) -> P04(40) -> P05(50) -> P06(60), one ring shown at a time
[     1    0.000 x1.00] LOG  [GlowTrail] FollowTrail_Seed_Kodoma: off
[     1    0.000 x1.00] LOG  [GlowTrail] FollowTrailsNappero1: 4 ring(s), sequence: P01(10) -> P02(20) -> P03(30) -> P04(40), one ring shown at a time
[     1    0.000 x1.00] LOG  [GlowTrail] FollowTrailsNappero1: off
[     1    0.000 x1.00] WARN [YoruFurWeather] no XFur Weather Manager in this scene, made a runtime one at rain 0 so her fur cannot soak by default.
[     1    0.000 x1.00] LOG  [YoruFurWeather] fur weather ready on 'XFur Weather (runtime fallback)'. Rain 0, wind 0.50 in the open, roof check 30 m above her. No StormWeather in this scene: calm wind and a dry floor.
[     1    0.000 x1.00] LOG  [CameraGameFeel] CameraGameFeel initialized (shake + FOV)
[     1   27.502 x1.00] LOG  [kodoma_Final] Playing animation: idle
[     1   27.502 x1.00] LOG  [Nopperabo_prefab] Playing animation: Float_Idle
[     1   27.502 x1.00] LOG  [EyeGlow] first reading: light on her 1.79 (sun 1.73 clear, sky 0.06 open, the scene's sun 'Sun Light') -> eyes x1.00
[     1   27.502 x1.00] LOG  [EyeGlow] last 10 s: 1 readings, light on her 1.79 to 1.79 (sun 1.73 clear 100%, sky 0.06 open 100%), eyes x1.00
[     1   27.502 x1.00] WARN Path Material is null.
[   556   34.783 x1.00] LOG  [EyeGlow] light on her 1.19 (sun 0.67 clear, sky 0.53 open) -> eyes x5.00
[   785   37.638 x1.00] LOG  [EyeGlow] last 10 s: 30 readings, light on her 0.73 to 1.21 (sun 0.67 clear 100%, sky 0.42 open 100%), eyes x1.00 to x5.00
[  1131   41.210 x1.00] LOG  [EyeGlow] light on her 1.23 (sun 0.67 clear, sky 0.57 open) -> eyes x4.90
[  1333   43.591 x0.00] LOG  [Pause] screen frozen: 1426 x 802 from screen copy, turned the right way up (Auto), levels 0.33 to 0.84 (measured), world 0.58, blur mip 3.0
[  1367   44.047 x0.00] LOG  [Pause] paused: world clock was x1.00, screen frozen and blurred, up in 0.46s real
[  1392   44.355 x1.00] LOG  [Pause] resumed: world clock back to x1.00
[  1673   47.848 x1.00] LOG  [EyeGlow] last 10 s: 40 readings, light on her 1.21 to 1.24 (sun 0.67 clear 100%, sky 0.57 open 100%), eyes x4.85 to x4.97
[  2059   52.649 x1.00] LOG  [EyeGlow] light on her 1.24 (sun 0.67 clear, sky 0.58 open) -> eyes x5.00
[  2278   55.230 x1.00] LOG  [EyeGlow] light on her 1.24 (sun 0.67 clear, sky 0.58 open) -> eyes x4.85
[  2623   59.332 x1.00] LOG  [EyeGlow] light on her 1.24 (sun 0.67 clear, sky 0.58 open) -> eyes x1.00
[  3101   64.965 x1.00] LOG  [EyeGlow] last 10 s: 65 readings, light on her 1.24 to 1.24 (sun 0.67 clear 100%, sky 0.58 open 100%), eyes x1.00 to x5.00
[  3341   68.054 x1.00] LOG  [EyeGlow] light on her 1.24 (sun 0.67 clear, sky 0.58 open) -> eyes x5.00
[  3928   75.214 x1.00] LOG  [EyeGlow] last 10 s: 40 readings, light on her 1.24 to 1.24 (sun 0.67 clear 100%, sky 0.58 open 100%), eyes x1.00 to x5.00
[  4212   77.918 x1.00] LOG  [WorldStateManager] 1L + 0R = Balance -1 → Sunset
[  4212   77.918 x1.00] LOG  [VolumetricFogController] 1L/0R → Sunset (density=0.10, height=150, baselineHeight=5)
[  4212   77.918 x1.00] LOG  [RingMesh] LEFT: 🔥 VFX spawned!
[  4212   77.918 x1.00] LOG  [RingMesh] Transitioning to 1L / 0R
[  4212   77.918 x1.00] LOG  [PostProcessController] 1L/0R → Sunset (1L/0R, 3L/1R, 4L/2R)
[  4212   77.918 x1.00] LOG  [AmbienceController] 1L/0R → Sunset (0 particles)
[  4212   77.918 x1.00] LOG  [YORU] Moon rotationPeriodOffset: 0 → 3 (for 1L)
[  4212   77.918 x1.00] LOG  [YORU] 1L/0R → 4:00 PM, Clear, wind:0.23
[  4212   77.918 x1.00] LOG  [LightingController] Transitioning to: Neutral (Balance 0)
[  4286   78.418 x1.00] LOG  [RingMesh] LEFT: Activated mesh [1]
[  4302   78.522 x1.00] LOG  [EyeGlow] light on her 1.01 (sun 0.51 clear, sky 0.50 open) -> eyes x4.04
[  4447   80.254 x1.00] LOG  [WorldStateManager] 2L + 0R = Balance -2 → Dark2
[  4447   80.254 x1.00] LOG  [VolumetricFogController] 2L/0R → Dark2 (density=0.28, height=170, baselineHeight=0)
[  4447   80.254 x1.00] LOG  [RingMesh] LEFT: 🔥 VFX spawned!
[  4447   80.254 x1.00] LOG  [RingMesh] Transitioning to 2L / 0R
[  4447   80.254 x1.00] LOG  [PostProcessController] 2L/0R → Dark2 (2L/0R)
[  4447   80.254 x1.00] LOG  [AmbienceController] 2L/0R → Dark2 (0 particles)
[  4447   80.254 x1.00] LOG  [YORU] Moon rotationPeriodOffset: 3 → 7 (for 2L)
[  4447   80.254 x1.00] LOG  [YORU] 2L/0R → 6:00 PM, Clear, wind:0.26
[  4447   80.254 x1.00] LOG  [LightingController] Transitioning to: Dark2 (-2, Sunset)
[  4449   80.403 x1.00] LOG  [EyeGlow] in shadow, sky open: light on her 0.17 (sun 0.00 blocked, sky 0.17 open)
[  4478   80.756 x1.00] LOG  [RingMesh] LEFT: Activated mesh [2]
[  4492   80.918 x1.00] LOG  [EyeGlow] light on her 0.17 (sun 0.00 blocked, sky 0.17 open) -> eyes x1.00
[  4691   83.258 x1.00] LOG  [RingMesh] LEFT: Deactivated mesh [1]
[  4691   83.258 x1.00] LOG  [RingMesh] LEFT: Cleaned up orphan [0]
[  4875   85.262 x1.00] LOG  [EyeGlow] last 10 s: 39 readings, light on her 0.17 to 1.24 (sun 0.29 clear 48%, sky 0.35 open 100%), eyes x1.00 to x5.00
[  6147   95.462 x1.00] LOG  [EyeGlow] last 10 s: 40 readings, light on her 0.17 to 0.17 (sun 0.00 clear 0%, sky 0.17 open 100%), eyes x1.00
[  7117  101.635 x0.00] LOG  [Pause] screen frozen: 1426 x 802 from screen copy, turned the right way up (Auto), levels 0.02 to 0.29 (measured), world 0.58, blur mip 3.0
[  7189  102.091 x0.00] LOG  [Pause] paused: world clock was x1.00, screen frozen and blurred, up in 0.46s real
[  7234  102.379 x1.00] LOG  [Pause] resumed: world clock back to x1.00
[  7684  105.352 x1.00] LOG  [EyeGlow] light on her 0.17 (sun 0.00 blocked, sky 0.17 open) -> eyes x1.41
[  7711  105.607 x1.00] LOG  [EyeGlow] light on her 0.17 (sun 0.00 blocked, sky 0.17 open) -> eyes x1.55
[  7711  105.607 x1.00] LOG  [EyeGlow] last 10 s: 40 readings, light on her 0.17 to 0.17 (sun 0.00 clear 0%, sky 0.17 open 100%), eyes x0.95 to x1.55
[  7823  106.619 x1.00] LOG  [EyeGlow] light on her 0.17 (sun 0.00 blocked, sky 0.17 open) -> eyes x2.08
[  7850  106.874 x1.00] LOG  [EyeGlow] light on her 0.17 (sun 0.00 blocked, sky 0.17 open) -> eyes x5.14
[  7988  108.146 x1.00] LOG  [EyeGlow] light on her 0.17 (sun 0.00 blocked, sky 0.17 open) -> eyes x4.89
[  8099  109.165 x1.00] LOG  [EyeGlow] light on her 0.17 (sun 0.00 blocked, sky 0.17 open) -> eyes x4.71
[  8126  109.425 x1.00] LOG  [EyeGlow] light on her 0.17 (sun 0.00 blocked, sky 0.17 open) -> eyes x4.57
[  8262  110.698 x1.00] LOG  [EyeGlow] light on her 0.17 (sun 0.00 blocked, sky 0.17 open) -> eyes x4.28
[  8289  110.954 x1.00] LOG  [EyeGlow] light on her 0.17 (sun 0.00 blocked, sky 0.17 open) -> eyes x4.14
[  8315  111.209 x1.00] LOG  [EyeGlow] light on her 0.17 (sun 0.00 blocked, sky 0.17 open) -> eyes x3.75
[  8342  111.462 x1.00] LOG  [EyeGlow] light on her 0.17 (sun 0.00 blocked, sky 0.17 open) -> eyes x3.57
[  8582  113.761 x1.00] LOG  [EyeGlow] light on her 0.17 (sun 0.00 blocked, sky 0.17 open) -> eyes x3.00
[  8762  115.800 x1.00] LOG  [EyeGlow] last 10 s: 40 readings, light on her 0.17 to 0.17 (sun 0.00 clear 0%, sky 0.17 open 100%), eyes x1.55 to x5.24
[  9078  118.751 x1.00] LOG  [WorldStateManager] 5L + 0R = Balance -5 → Dark5
[  9078  118.751 x1.00] LOG  [VolumetricFogController] 5L/0R → Dark5 (Midnight) (density=0.25, height=220, baselineHeight=0)
[  9078  118.751 x1.00] LOG  [RingMesh] LEFT: 🔥 VFX spawned!
[  9078  118.751 x1.00] LOG  [RingMesh] Transitioning to 5L / 0R
[  9078  118.751 x1.00] LOG  [PostProcessController] 5L/0R → Dark5 (5L/0R, 6L/1R, 7L/2R, 7L/3R) - Midnight Visible
[  9078  118.751 x1.00] LOG  [AmbienceController] 5L/0R → Dark5 (Midnight) (0 particles)
[  9078  118.751 x1.00] LOG  [YORU] Moon rotationPeriodOffset: 7 → 14 (for 5L)
[  9078  118.751 x1.00] LOG  [YORU] 5L/0R → 12:00 AM, Overcast, wind:0.35
[  9078  118.751 x1.00] LOG  [LightingController] Transitioning to: Dark5 (-5, Midnight - VISIBLE!)
[  9128  119.257 x1.00] LOG  [RingMesh] LEFT: Activated mesh [5]
[  9331  122.630 x1.00] LOG  [RingMesh] LEFT: Deactivated mesh [2]
[  9744  126.029 x1.00] LOG  [EyeGlow] last 10 s: 35 readings, light on her 0.04 to 0.17 (sun 0.00 clear 0%, sky 0.08 open 100%), eyes x3.00
[ 10186  129.674 x1.00] LOG  [WorldStateManager] 8L + 0R = Balance -8 → Dark5 + Stage3
[ 10186  129.674 x1.00] LOG  [VolumetricFogController] 8L/0R → Dark+Stage3 (Light Rain) (density=0.68, height=300, baselineHeight=0)
[ 10186  129.674 x1.00] LOG  [RingMesh] LEFT: 🔥 VFX spawned!
[ 10186  129.674 x1.00] LOG  [RingMesh] Transitioning to 8L / 0R
[ 10186  129.674 x1.00] LOG  [PostProcessController] 8L/0R → Dark+Stage3 (8L/0R, 9L/1R) Light Rain
[ 10186  129.674 x1.00] LOG  [AmbienceController] 8L/0R → Dark+Stage3 (0 particles)
[ 10186  129.674 x1.00] LOG  [YORU] 8L/0R → 12:00 AM, Heavy Precipitation, wind:0.70 [Stage 3]
[ 10186  129.674 x1.00] LOG  [LightingController] Transitioning to: Dark5+Stage3 (-8, Light Rain)
[ 10187  129.682 x1.00] EXC  NullReferenceException: Object reference not set to an instance of an object
        at DistantLands.Cozy.Data.ParticleFX.InitializeEffect (DistantLands.Cozy.CozyWeather weather) (at ./Packages/com.distantlands.cozy.core/Runtime/Data/FX/ParticleFX.cs:53)
        at DistantLands.Cozy.Data.ParticleFX.PlayEffect (System.Single intensity) (at ./Packages/com.distantlands.cozy.core/Runtime/Data/FX/ParticleFX.cs:28)
        at DistantLands.Cozy.Data.MultiFXProfile.PlayEffect (System.Single weight) (at ./Packages/com.distantlands.cozy.core/Runtime/Data/FX/MultiFXProfile.cs:43)
        at DistantLands.Cozy.CozyEcosystem.UpdateEcosystem () (at ./Packages/com.distantlands.cozy.core/Runtime/Core/CozyEcosystem.cs:201)
[ 10249  130.181 x1.00] LOG  [RingMesh] LEFT: Activated mesh [8]
[ 10517  132.691 x1.00] LOG  [RingMesh] LEFT: Deactivated mesh [5]
[ 10926  136.238 x1.00] LOG  [EyeGlow] last 10 s: 40 readings, light on her 0.02 to 0.03 (sun 0.00 clear 0%, sky 0.03 open 100%), eyes x3.00
[ 11724  144.824 x1.00] LOG  [WorldStateManager] 0L + 0R = Balance 0 → Neutral
[ 11724  144.824 x1.00] LOG  [VolumetricFogController] 0L/0R → Neutral (density=0.12, height=150, baselineHeight=10)
[ 11724  144.824 x1.00] LOG  [RingMesh] LEFT: 🔥 VFX spawned!
[ 11724  144.824 x1.00] LOG  [RingMesh] Transitioning to 0L / 0R
[ 11724  144.824 x1.00] LOG  [PostProcessController] 0L/0R → Neutral (0L/0R, 1L/1R)
[ 11724  144.824 x1.00] LOG  [AmbienceController] 0L/0R → Neutral (0 particles)
[ 11724  144.824 x1.00] LOG  [YORU] Moon rotationPeriodOffset: 14 → 0 (for 0L)
[ 11724  144.824 x1.00] LOG  [YORU] 0L/0R → 9:00 AM, Clear, wind:0.20
[ 11724  144.824 x1.00] LOG  [LightingController] Transitioning to: Neutral (Balance 0)
[ 11724  144.824 x1.00] LOG  [LightingController] Transitioning to: Neutral (Balance 0)
[ 11737  144.930 x1.00] LOG  [EyeGlow] in the open: light on her 0.27 (sun 0.00 clear, sky 0.27 open)
[ 11774  145.331 x1.00] LOG  [RingMesh] LEFT: Activated mesh [0]
[ 11908  146.462 x1.00] LOG  [EyeGlow] last 10 s: 40 readings, light on her 0.01 to 0.30 (sun 0.00 clear 17%, sky 0.07 open 100%), eyes x3.00
[ 12075  147.840 x1.00] LOG  [RingMesh] LEFT: Deactivated mesh [8]
[ 12410  150.545 x1.00] LOG  [EyeGlow] light on her 0.45 (sun 0.10 clear, sky 0.38 open) -> eyes x3.11
[ 12476  151.322 x1.00] LOG  [EyeGlow] light on her 0.49 (sun 0.13 clear, sky 0.40 open) -> eyes x3.23
[ 12541  152.079 x1.00] LOG  [EyeGlow] light on her 0.54 (sun 0.16 clear, sky 0.42 open) -> eyes x3.36
[ 12607  152.846 x1.00] LOG  [EyeGlow] light on her 0.60 (sun 0.19 clear, sky 0.45 open) -> eyes x3.50
[ 12672  153.609 x1.00] LOG  [EyeGlow] light on her 0.66 (sun 0.22 clear, sky 0.47 open) -> eyes x3.64
[ 12722  154.384 x1.00] LOG  [EyeGlow] light on her 0.72 (sun 0.27 clear, sky 0.49 open) -> eyes x3.79
[ 12766  154.893 x1.00] LOG  [EyeGlow] light on her 0.76 (sun 0.29 clear, sky 0.51 open) -> eyes x3.90
[ 12811  155.406 x1.00] LOG  [EyeGlow] light on her 0.80 (sun 0.32 clear, sky 0.52 open) -> eyes x4.01
[ 12856  155.920 x1.00] LOG  [EyeGlow] light on her 0.85 (sun 0.36 clear, sky 0.53 open) -> eyes x4.12
[ 12900  156.426 x1.00] LOG  [EyeGlow] light on her 0.89 (sun 0.39 clear, sky 0.54 open) -> eyes x4.23
[ 12922  156.684 x1.00] LOG  [EyeGlow] last 10 s: 40 readings, light on her 0.30 to 0.96 (sun 0.17 clear 100%, sky 0.41 open 100%), eyes x3.00 to x4.28
[ 12944  156.940 x1.00] LOG  [EyeGlow] light on her 0.94 (sun 0.43 clear, sky 0.55 open) -> eyes x4.34
[ 12988  157.442 x1.00] LOG  [EyeGlow] light on her 0.98 (sun 0.46 clear, sky 0.56 open) -> eyes x4.45
[ 13032  157.946 x1.00] LOG  [EyeGlow] light on her 1.03 (sun 0.50 clear, sky 0.57 open) -> eyes x4.56
[ 13078  158.462 x1.00] LOG  [EyeGlow] light on her 1.07 (sun 0.54 clear, sky 0.57 open) -> eyes x4.68
[ 13122  158.965 x1.00] LOG  [EyeGlow] light on her 1.12 (sun 0.59 clear, sky 0.58 open) -> eyes x4.79
[ 13166  159.473 x1.00] LOG  [EyeGlow] light on her 1.16 (sun 0.63 clear, sky 0.58 open) -> eyes x4.91
[ 13839  166.873 x1.00] LOG  [EyeGlow] last 10 s: 40 readings, light on her 0.98 to 1.24 (sun 0.63 clear 100%, sky 0.58 open 100%), eyes x4.34 to x5.00
[ 15078  177.113 x1.00] LOG  [EyeGlow] last 10 s: 40 readings, light on her 1.24 to 1.24 (sun 0.67 clear 100%, sky 0.58 open 100%), eyes x5.00
[ 15426  180.036 x0.00] LOG  [Pause] screen frozen: 1426 x 802 from screen copy, turned the right way up (Auto), levels 0.27 to 0.77 (measured), world 0.58, blur mip 3.0
[ 15483  180.474 x0.00] LOG  [Pause] paused: world clock was x1.00, screen frozen and blurred, up in 0.44s real
# end — 205 lines
