# Oni combat log — 2026-09-13 15:53:19
# Unity 6000.2.7f2 | scene 'CaveScene_Oni_Boss1' | platform OSXEditor
# columns: [frame realSeconds timeScale] KIND message      (KIND: LOG WARN ERR EXC TEL)
#
[     0    0.000 x1.00] LOG  [OniLog] console + telemetry → /Users/asenahazal/Documents/Yoru/OniLogs/oni_2026-09-13_15-53-19.log
[     0    0.000 x1.00] LOG  [OniHairShadows] shadow casting off on 27 hair renderers
[     0    0.000 x1.00] LOG  [RingMesh] Auto-found 11/11 left, 11/11 right meshes
[     1    0.000 x1.00] LOG  [BossBar] BossHealthBarUI initialized
[     1    0.000 x1.00] LOG  [StormWeather] layer 'TerrainLayer_Dirt_01' dry smoothness=0.00 (restore to this if a crash ever leaves it wet)
[     1    0.000 x1.00] LOG  [StormWeather] post volumes ready on layer 9 (storm priority 10, flash priority 11).
[     1    0.000 x1.00] LOG  [StormWeather] ROUND 80: fur weather ready on 'Weather Zone'. Rain 0, wind 0.50 in the open, sky check 30 m from 'PlayerYoru_1.1'.
[     1    0.000 x1.00] LOG  [StormWeather] COZY bridge: Rain_Cave retired, COZY owns the rain now.
[     1    0.000 x1.00] LOG  [StormWeather] COZY → 'Clear' (pre-fight - open sky, 0 s)
[     1    0.000 x1.00] LOG  [StormWeather] Ready. Open sky, dry floor. Waiting for the fight.
[     1    0.000 x1.00] LOG  OniBoss initialized with 500 HP
[     1    0.000 x1.00] LOG  [OniBoss] ANIMATOR SETUP: cullingMode=CullUpdateTransforms updateMode=Normal applyRootMotion=False speed=1
[     1    0.000 x1.00] LOG  [OniBoss] Initialized
[     1    0.000 x1.00] LOG  [OniBoss:Layer] facing: minFlat 1m, snapOnAttack off, trackInHitReact off
[     1    0.000 x1.00] LOG  [OniBoss:Layer] Yoru launch model ON: launches ALL THE WAY to an enemy within 4.7m of its surface at 10m/s (stop gap 0.00m, NO minimum distance), else steps 0.90m forward. Targeting cone left exactly as her prefab has it.
[     1    0.000 x1.00] LOG  [OniBoss:Layer] Yoru launch ROUND 9: airborne attacks launch too (ON), edge probe now runs on its OWN layer mask (Everything) instead of the line-of-sight mask - the Ground-only mask found no floor in this cave and was cancelling 100% of launches at 0.00m travelled.
[     1    0.000 x1.00] LOG  [OniBoss:Layer] animator speed x1.35 — his 1.13s swing now plays in 0.84s.
[     1    0.000 x1.00] LOG  [OniBoss:Layer] chase speed pushed: phase1 4.5, phase2 5.5 (Yoru runs at 7).
[     1    0.000 x1.00] LOG  [OniBoss:Layer] ground wave ON (round 38): half the club's damage on TOUCH, 12m/s x 6.0m from 1.6m in front at 0.35m height — a club hit cancels that swing's wave, jumping clears it. Per-attack effects come from the Swing Wave VFX By Attack rows. PlayerHealth found, PlayerMovement found.
[     1    0.000 x1.00] LOG  [StormWeather] storm break HELD (waiting for the lightning beat)
[     1    0.000 x1.00] LOG  [OniBoss:Layer] storm break HELD — it releases at the lightning-on-the-club beat.
[     1    0.000 x1.00] LOG  [OniBoss:Layer] club tracking ON — tip 'Kanabo3' (depth 4), shaft root 'kanabo'.
[     1    0.000 x1.00] LOG  [OniBoss:Layer] skinned meshes: 46 renderer(s), updateWhenOffscreen ON, body renderer 'Body' rootBone 'Hips'
[     1    0.000 x1.00] LOG  [OniBoss:Layer] charge travel bone: 'Hips' at depth 1 under 'OniBoss', rest local (0.00, 3.24, -0.24)
[     1    0.000 x1.00] LOG  [OniBoss:Layer] anti-kite ON: thrown swing after 4s of failed chase (within 7.6m), charge after 6s.
[     1    0.000 x1.00] LOG  [OniBoss:Layer] charge drive ON (windup to 0.40 at x1.3, rush 14m/s stops at 2.6m, steers 0.35s then commits, strike section from 0.58, strike moment 0.76, trail VFX off)
[     1    0.000 x1.00] LOG  [OniBoss:Layer] attack armor ON (his swings are not interrupted by light/medium hits; heavy hits and rapid-hit bursts still stop him)
[     1    0.000 x1.00] LOG  [OniBoss:Layer] strike moments overridden: Club_Swing=0.42 ClubSwing2=0.32 ClubSlam=0.85 KanaboSweep=0.48
[     1    0.000 x1.00] LOG  [OniBoss:Layer] club TOUCH hits ON (radius 0.70m, min tip speed 50m/s, armed from 0.20 of the clip): Club_Swing ClubSwing2 ClubSlam KanaboSweep. First touch wins — club full damage, wave half, one hit per swing.
[     1    0.000 x1.00] LOG  [OniBoss:Layer] combo damage ramp ON: mid x1.25, finisher x1.50 — finisher wave carries FULL damage at x2.0 size, x2.0 travel.
[     1    0.000 x1.00] LOG  [OniBoss:Layer] charge follow-up ON: 90 % of solo charges chain into a random melee finisher.
[     1    0.000 x1.00] LOG  [OniBoss:Layer] hold-ground ON (backstep 1.5m @ 1.6m/s after own attacks, watch 'Watch', attack facing LOCKED)
[     1    0.000 x1.00] LOG  [OniBoss:Layer] OniBoss layer ready (reactions, wake-on-hit, watch stance, boss bar). player=found
[     1    0.000 x1.00] LOG  [OniBoss:Layer] charge clip 'Oni Charge.fbx' imports with Root Motion Node = None (in place) — good.
[     1    0.000 x1.00] LOG  [OniBoss:Layer] clips importing with Root Transform Position (Y) NOT baked into pose (12): Oni_Alert(Oni Alert), Club_Slam(Oni Club Slam), Club_Swing(Oni Club Swing), Club_swing2(Oni Club Swing 2), Death(Oni Death Kneel), Hit_react_light(Oni Hit react lighter light), KanaboSweep(Oni Kanabo sweep), Phase_Transition(Oni Phase transition), run(Oni Run), Walk(Oni Walk), Watch(Oni Watch), Idle(Oni Idle) — their hips' up/down motion is stripped (see round notes; optional).
[     1    0.000 x1.00] LOG  === VFX MANAGER INITIALIZED ===
[     1    0.000 x1.00] LOG  Auto-detect animations: False
[     1    0.000 x1.00] LOG  Parent effects to tail: True
[     1    0.000 x1.00] LOG  Prefabs: Jump=True, Land=True, LTail=True, RTail=True
[     1    0.000 x1.00] LOG  ✅ Left Tail Tip: LeftTailVFX
[     1    0.000 x1.00] LOG  ✅ Right Tail Tip: RightTailTip_Anchor
[     1    0.000 x1.00] LOG  [VolumetricFogController] applyPresets is OFF in this scene. The Volumetric Fog component keeps its hand-set inspector values.
[     1    0.000 x1.00] LOG  [TailAirShot] Ready. drawState=RightTail_Fast castParam=TailCastSpeed (found)
  arrow leaves: PlayerYoru_1.1/Cat_All_10_Tails_v4/Group/DeformationSystem/root/Root_M/Tail15_R/Tail151_R/Tail152_R/Tail153_R/Tail154_R/Tail155_R/Tail156_R/Tail157_R/Tail158_R/Tail159_R/Tail1510_R/Tail1511_R/Tail1512_R/Tail6_R/Tail6_R_end/Tail6_R_end_end/Tail6_R_end_end_end/RightTailTip_Anchor
  aim VFX: PlayerYoru_1.1/Cat_All_10_Tails_v4/Group/DeformationSystem/root/Root_M/Tail15_R/Tail151_R/Tail152_R/Tail153_R/Tail154_R/Tail155_R/Tail156_R/Tail157_R/Tail158_R/Tail159_R/Tail1510_R/Tail1511_R/Tail1512_R/Tail6_R/Tail6_R_end/Tail6_R_end_end/Tail6_R_end_end_end/RightTailTip_Anchor/vfx_Muzzle_Fireball01Blue
[     1    0.000 x1.00] LOG  [RingMesh] VFX Status:
[     1    0.000 x1.00] LOG    Left: Prefab=✓, Spawn=Tail6_L_end_end_end
[     1    0.000 x1.00] LOG    Right: Prefab=✓, Spawn=Tail6_R_end_end_end
[     1    0.000 x1.00] LOG  [TailAirShot4Leg] Ready. drawState=shoot_4Leg castParam=Shoot4LegSpeed (found) readyFrame=5 fireFrame=10 frames=24 slowBudget=3s real damageMultiplier=2.00
  arrow leaves: PlayerYoru_1.1/Cat_All_10_Tails_v4/Group/DeformationSystem/root/Root_M/Tail15_R/Tail151_R/Tail152_R/Tail153_R/Tail154_R/Tail155_R/Tail156_R/Tail157_R/Tail158_R/Tail159_R/Tail1510_R/Tail1511_R/Tail1512_R/Tail6_R/Tail6_R_end/Tail6_R_end_end/Tail6_R_end_end_end/RightTailTip_Anchor
  aim VFX left:  PlayerYoru_1.1/Cat_All_10_Tails_v4/Group/DeformationSystem/root/Root_M/Tail15_L/Tail151_L/Tail152_L/Tail153_L/Tail154_L/Tail155_L/Tail156_L/Tail157_L/Tail158_L/Tail159_L/Tail1510_L/Tail1511_L/Tail1512_L/Tail6_L/Tail6_L_end/Tail6_L_end_end/Tail6_L_end_end_end/LeftTailTip_Anchor/Glow_4Leg_L
  aim VFX right: PlayerYoru_1.1/Cat_All_10_Tails_v4/Group/DeformationSystem/root/Root_M/Tail15_R/Tail151_R/Tail152_R/Tail153_R/Tail154_R/Tail155_R/Tail156_R/Tail157_R/Tail158_R/Tail159_R/Tail1510_R/Tail1511_R/Tail1512_R/Tail6_R/Tail6_R_end/Tail6_R_end_end/Tail6_R_end_end_end/RightTailTip_Anchor/Glow_4Leg_R
[     1    0.000 x1.00] LOG  [PlayerCombat] Phase 2 form gate CONNECTED (FormController found on this GameObject).
[     1    0.000 x1.00] LOG  [Combat] PlayerCombat initialized, Phase 3C v27
[     1    0.000 x1.00] LOG  [CameraGameFeel] CameraGameFeel initialized (shake + FOV)
[     1    2.380 x1.00] LOG  [OniBoss] Playing animation: Idle
[     1    2.380 x1.00] LOG  [OniBoss:Layer] watch stance ON (player 13.4m)
[    98    3.193 x1.00] LOG  💨 Landing VFX spawned!
[    98    3.193 x1.00] LOG  ✅ LANDED! (was jump #0)
[   650    5.297 x1.00] LOG  🐾 4-LEG JUMP #0
[   650    5.297 x1.00] LOG  🐾 Jump 1 VFX spawned!
[   769    5.762 x1.00] LOG  [ComboTrace] LAUNCH OniBoss at 4.6m dist=3.20m in 0.32s (capped short) [AIRBORNE]
[   769    5.762 x1.00] LOG  [Combat] Aerial spin, 25 dmg
[   769    5.762 x1.00] LOG  [AirPosePin] engaged, holding body at 1.913m above the transform
[   843    6.065 x1.00] LOG  OniBoss took 10 damage. HP: 490/500
[   843    6.065 x1.00] LOG  [OniBoss] 🤕 Hit during LostSoul — flash only
[   843    6.065 x1.00] LOG  [OniBoss] LostSoul → Alert
[   843    6.065 x1.00] LOG  [OniBoss] Playing animation: Oni_Alert
[   843    6.065 x1.00] LOG  [OniBoss] Became HOSTILE
[   843    6.065 x1.00] LOG  [OniBoss:Layer] woken by damage (10) — back attacks count.
[   843    6.065 x1.00] LOG  [CameraGameFeel] Shake: intensity=0.50 duration=0.200s
[   843    6.065 x1.00] LOG  [CameraGameFeel] FOV punch: hit light (+1.5°)
[   844    6.074 x1.00] LOG  [StormWeather] COZY → 'Yoru_Oni_Phase1_Storm' (fight engaged - storm rolls in, 0 s)
[   844    6.074 x1.00] LOG  [StormWeather] FIGHT STARTED (he engaged) - storm on, floor starts to soak.
[   844    6.074 x1.00] LOG  [BossBar] Showing bar for: Oni (490/500)
[   844    6.074 x1.00] LOG  [OniBoss:Layer] boss bar shown
[   846    6.089 x1.00] LOG  [ComboTrace] LAUNCH RESULT wanted=3.20m actually moved=4.29m, completed
[   873    6.216 x1.00] LOG  💨 Landing VFX spawned!
[   873    6.216 x1.00] LOG  ✅ LANDED! (was jump #1)
[   873    6.216 x1.00] LOG  OniBoss took 10 damage. HP: 480/500
[   873    6.216 x1.00] LOG  [OniBoss] 🤕 Hit during Alert — flash only
[   873    6.216 x1.00] LOG  [CameraGameFeel] Shake: intensity=0.18 duration=0.200s
[   873    6.216 x1.00] LOG  [AirPosePin] released, peak correction was 1.129m
[   905    6.366 x1.00] LOG  OniBoss took 10 damage. HP: 470/500
[   905    6.366 x1.00] LOG  [OniBoss] 🤕 Hit during Alert — flash only
[   905    6.366 x1.00] LOG  [CameraGameFeel] Shake: intensity=0.18 duration=0.200s
[   913    6.408 x1.00] LOG  [StormWeather] fur: rain reaching the coat (intensity 0.01, follows floor wetness).
[   938    6.517 x1.00] LOG  OniBoss took 10 damage. HP: 460/500
[   938    6.517 x1.00] LOG  [OniBoss] 🤕 Hit during Alert — flash only
[   938    6.517 x1.00] LOG  [OniBoss] Alert → Stagger
[   938    6.517 x1.00] LOG  [OniBoss] Playing animation: Stagger
[   938    6.517 x1.00] LOG  [OniBoss] STAGGERED for 2.5s
[   938    6.517 x1.00] LOG  [OniBoss:Layer] heavy knock-back react (swirl burst, 3 hits / 30 dmg) → 'HitReact_Heavy', down for 1.80s
[   938    6.517 x1.00] LOG  [OniBoss:Layer] burst: 3 hits / 30 dmg inside 0.8s → knock-back + 0.90m push
[   938    6.517 x1.00] LOG  [CameraGameFeel] Shake: intensity=0.18 duration=0.200s
[   938    6.517 x1.00] LOG  [ComboTrace] END step=3 clipProgress=0.90 clipLen=0.79s queued=0 elapsed=0.76s
[  1015    6.869 x1.00] LOG  [StormWeather] storm post weight -> 0.40
[  1359    8.321 x1.00] LOG  [OniBoss] Stagger → Chase
[  1360    8.325 x1.00] LOG  [OniBoss] Pull-band decision: RUN-IN (dist 3.9m, pullRange 0m, chance 0.50)
[  1360    8.325 x1.00] LOG  [OniBoss] Playing animation: run
[  1443    8.660 x1.00] LOG  [OniBoss] Playing animation: Idle
[  1443    8.660 x1.00] LOG  [OniBoss] Chase → Attack
[  1443    8.660 x1.00] LOG  [OniBoss] Attack: Club_Swing (16 dmg)
[  1443    8.660 x1.00] LOG  [OniBoss:Trail] Club_Swing trail START at clip 0.36 (transition done).
[  1467    8.760 x1.00] LOG  [OniBoss:Layer] step-in: 'Club_Swing' closed 0.50m, Yoru now 3.0m away (range 3.5)
[  1531    9.017 x1.00] LOG  [OniBoss:ClubPos] Club_Swing at strike: club tip 3.02m up, 2.73m in front, -2.82m to his right (3.93m out from his centre). Club faces -77deg from his forward, pitch 0.40. (the ground wave is born 1.6m in front of him at 0.35m.)
[  1531    9.017 x1.00] LOG  [OniBoss:Layer] Club_Swing: club has not connected — ground wave released ARMED, 1.6m in front, 12m/s x 6.0m = 0.50s, carrying 8 (half of the club's 16).
[  1532    9.023 x1.00] LOG  [Combat] Hit react: HitReact_Light_2Leg (0.5s, clip starts at 0.35s)
[  1532    9.023 x1.00] LOG  [CameraGameFeel] Shake: intensity=0.30 duration=0.200s
[  1532    9.023 x1.00] LOG  [CameraGameFeel] FOV punch: player damage (-2.0°)
[  1532    9.023 x1.00] LOG  [OniBoss:Wave] wave TOUCHED Yoru (grounded) for 8 after 0.1m / 0.01s of travel.
[  1536    9.045 x1.00] LOG  [HitReactTrace] asked for 'HitReact_Light_2Leg' (0.50s, clip start 0.35s): playing it, blend resolved after 22 ms, state 1.21s long at speed 1.00, now at 0.37s, layer weight 1.00, animator.speed 1.00.
[  1641    9.497 x1.00] LOG  [OniBoss] Attack → Recovery
[  1641    9.497 x1.00] LOG  [OniBoss] Playing animation: Watch
[  1641    9.497 x1.00] LOG  [OniBoss:Trail] trail END at clip 0.99, fading over 0.40s.
[  1641    9.497 x1.00] LOG  [OniBoss:Strike] Club_Swing: club tip closest to Yoru at 1.50m, clip position 0.91 | damage fires at 0.42 | clip 0.84s => damage fires 411 ms BEFORE the club is closest
[  1677    9.648 x1.00] LOG  [OniBoss] Recovery → Chase
[  1678    9.653 x1.00] LOG  [OniBoss] hold-ground: BACKSTEP 1.5m (player 3.0m)
[  1888   10.483 x1.00] LOG  [OniBoss] hold-ground: backstep done (1.33m), WATCH (player 4.3m, cooldown 1.0s)
[  1888   10.483 x1.00] LOG  [OniBoss] Playing animation: Idle
[  1889   10.487 x1.00] LOG  [OniBoss] Playing animation: Walk
[  2022   11.051 x1.00] LOG  [OniBoss] Playing animation: Idle
[  2116   11.452 x1.00] LOG  [OniBoss] hold-ground: cooldown over, player 3.8m > 3.5m — APPROACH
[  2116   11.452 x1.00] LOG  [OniBoss] Playing animation: Walk
[  2227   11.918 x1.00] LOG  [OniBoss] Combo started: ClubSwing1 → ClubSwing2 → ClubSlam (3 steps remaining)
[  2227   11.918 x1.00] LOG  [OniBoss] Chase → Attack
[  2227   11.918 x1.00] LOG  [OniBoss] Attack: Club_Swing (16 dmg)
[  2227   11.918 x1.00] LOG  [OniBoss:Trail] Club_Swing trail START at clip 0.25 (transition done).
[  2230   11.932 x1.00] LOG  [OniBoss:Layer] step-in: 'Club_Swing' closed 0.08m, Yoru now 3.0m away (range 3.5)
[  2311   12.277 x1.00] LOG  [OniBoss:ClubPos] Club_Swing at strike: club tip 3.02m up, 2.54m in front, -2.94m to his right (3.88m out from his centre). Club faces -81deg from his forward, pitch 0.40. (the ground wave is born 1.6m in front of him at 0.35m.)
[  2311   12.277 x1.00] LOG  [OniBoss:Layer] Club_Swing: club has not connected — ground wave released ARMED, 1.6m in front, 12m/s x 6.0m = 0.50s, carrying 8 (half of the club's 16).
[  2312   12.282 x1.00] LOG  [Combat] Hit react: HitReact_Light_2Leg (0.5s, clip starts at 0.35s)
[  2312   12.282 x1.00] LOG  [CameraGameFeel] Shake: intensity=0.30 duration=0.200s
[  2312   12.282 x1.00] LOG  [CameraGameFeel] FOV punch: player damage (-2.0°)
[  2312   12.282 x1.00] LOG  [OniBoss:Wave] wave TOUCHED Yoru (grounded) for 8 after 0.1m / 0.00s of travel.
[  2317   12.304 x1.00] LOG  [HitReactTrace] asked for 'HitReact_Light_2Leg' (0.50s, clip start 0.35s): playing it, blend resolved after 22 ms, state 1.21s long at speed 1.00, now at 0.37s, layer weight 1.00, animator.speed 1.00.
[  2422   12.753 x1.00] LOG  [OniBoss] Attack → Recovery
[  2422   12.753 x1.00] LOG  [OniBoss] Playing animation: Watch
[  2422   12.753 x1.00] LOG  [OniBoss:Trail] trail END at clip 0.99, fading over 0.40s.
[  2422   12.753 x1.00] LOG  [OniBoss:Strike] Club_Swing: club tip closest to Yoru at 1.50m, clip position 0.91 | damage fires at 0.42 | clip 0.84s => damage fires 410 ms BEFORE the club is closest
[  2458   12.907 x1.00] LOG  [OniBoss] Recovery → Attack
[  2458   12.907 x1.00] LOG  [OniBoss] Attack: ClubSwing2 (16 dmg)
[  2458   12.907 x1.00] LOG  [OniBoss:Trail] ClubSwing2 trail START at clip 1.00 (transition still blending).
[  2534   13.244 x1.00] LOG  [CameraGameFeel] Shake: intensity=0.20 duration=0.250s
[  2534   13.244 x1.00] LOG  [Combat] Hit react: HitReact_Light_2Leg (0.5s, clip starts at 0.35s)
[  2534   13.244 x1.00] LOG  [CameraGameFeel] Shake: intensity=0.30 duration=0.200s
[  2534   13.244 x1.00] LOG  [CameraGameFeel] FOV punch: player damage (-2.0°)
[  2534   13.244 x1.00] LOG  [OniBoss] Hit player for 20 (ClubSwing2) [combo x1.25]
[  2534   13.244 x1.00] LOG  [OniBoss:Touch] ClubSwing2: club TOUCHED Yoru at clip 0.29 — shaft 0.44m from her body line, tip speed 98m/s, ONE FRAME EARLY (predicted). Full club hit delivered this frame.
[  2535   13.253 x1.00] LOG  [HitReactTrace] asked for 'HitReact_Light_2Leg' (0.50s, clip start 0.35s): NOT playing it, another state took the combat layer, blend resolved after 9 ms, state 1.00s long at speed 1.00, now at 0.46s, layer weight 1.00, animator.speed 1.00.
[  2542   13.288 x1.00] LOG  [OniBoss:ClubPos] ClubSwing2 at strike: club tip 0.10m up, 1.79m in front, 2.44m to his right (3.03m out from his centre). Club faces 6deg from his forward, pitch -0.88. (the ground wave is born 1.6m in front of him at 0.35m.)
[  2542   13.288 x1.00] LOG  [OniBoss:Layer] ClubSwing2: club already hit — ground wave released as VISUAL only (0 damage).
[  2723   14.068 x1.00] LOG  [OniBoss] Attack → Recovery
[  2723   14.068 x1.00] LOG  [OniBoss] Playing animation: Watch
[  2723   14.068 x1.00] LOG  [OniBoss:Trail] trail END at clip 0.99, fading over 0.40s.
[  2723   14.068 x1.00] LOG  [OniBoss:Strike] ClubSwing2: club tip closest to Yoru at 0.51m, clip position 0.30 | damage fires at 0.32 | clip 1.17s => MATCHED (within one or two frames)
[  2759   14.220 x1.00] LOG  [OniBoss] Recovery → Attack
[  2759   14.220 x1.00] LOG  [OniBoss] Attack: ClubSlam (20 dmg)
[  2759   14.220 x1.00] LOG  [OniBoss:Trail] ClubSlam trail START at clip 1.00 (transition still blending).
[  2851   14.629 x1.00] LOG  [CameraGameFeel] Shake: intensity=0.50 duration=0.400s
[  2851   14.629 x1.00] LOG  [Combat] Hit react: HitReact_Heavy_2Leg (0.9s, clip starts at 0.35s)
[  2851   14.629 x1.00] LOG  [CameraGameFeel] Shake: intensity=0.60 duration=0.200s
[  2851   14.629 x1.00] LOG  [CameraGameFeel] FOV punch: player damage (-3.0°)
[  2851   14.629 x1.00] LOG  [OniBoss] Hit player for 30 (ClubSlam) [combo x1.50]
[  2851   14.629 x1.00] LOG  [OniBoss:Touch] ClubSlam: club TOUCHED Yoru at clip 0.44 — shaft 0.70m from her body line, tip speed 116m/s, ONE FRAME EARLY (predicted). Full club hit delivered this frame.
[  2852   14.634 x1.00] LOG  [HitReactTrace] asked for 'HitReact_Heavy_2Leg' (0.90s, clip start 0.35s): NOT playing it, another state took the combat layer, blend resolved after 5 ms, state 1.00s long at speed 1.00, now at 0.88s, layer weight 1.00, animator.speed 1.00.
[  2938   15.011 x1.00] LOG  [OniBoss:ClubPos] ClubSlam at strike: club tip 0.52m up, 2.91m in front, -0.09m to his right (2.91m out from his centre). Club faces 8deg from his forward, pitch -0.26. (the ground wave is born 1.6m in front of him at 0.35m.)
[  2938   15.011 x1.00] LOG  [OniBoss:Layer] ClubSlam: club already hit — ground wave released as VISUAL only (0 damage), finisher size x2.0.
[  2970   15.143 x1.00] LOG  [OniBoss] Attack → Recovery
[  2970   15.143 x1.00] LOG  [OniBoss] Playing animation: Watch
[  2970   15.143 x1.00] LOG  [OniBoss:Trail] trail END at clip 0.99, fading over 0.40s.
[  2970   15.143 x1.00] LOG  [OniBoss:Strike] ClubSlam: club tip closest to Yoru at 0.21m, clip position 0.85 | damage fires at 0.85 | clip 0.93s => MATCHED (within one or two frames)
[  3004   15.298 x1.00] LOG  [OniBoss] Recovery → Chase
[  3005   15.302 x1.00] LOG  [OniBoss] hold-ground: BACKSTEP 1.5m (player 3.0m)
[  3205   16.133 x1.00] LOG  [OniBoss] hold-ground: backstep done (1.33m), WATCH (player 4.3m, cooldown 1.0s)
[  3205   16.133 x1.00] LOG  [OniBoss] Playing animation: Idle
[  3451   17.100 x1.00] LOG  [OniBoss] hold-ground: cooldown over, player 4.3m > 3.5m — APPROACH
[  3451   17.100 x1.00] LOG  [OniBoss] Playing animation: Walk
[  3615   17.802 x1.00] LOG  [OniBoss] Combo started: ClubSwing1 → ClubSwing2 → ClubSlam (3 steps remaining)
[  3615   17.802 x1.00] LOG  [OniBoss] Chase → Attack
[  3615   17.802 x1.00] LOG  [OniBoss] Attack: Club_Swing (16 dmg)
[  3615   17.802 x1.00] LOG  [OniBoss:Trail] Club_Swing trail START at clip 0.38 (transition done).
[  3619   17.821 x1.00] LOG  [OniBoss:Layer] step-in: 'Club_Swing' closed 0.08m, Yoru now 3.0m away (range 3.5)
[  3679   18.120 x1.00] LOG  [CameraGameFeel] Shake: intensity=0.20 duration=0.250s
[  3679   18.120 x1.00] LOG  [Combat] Hit react: HitReact_Light_2Leg (0.5s, clip starts at 0.35s)
[  3679   18.120 x1.00] LOG  [CameraGameFeel] Shake: intensity=0.30 duration=0.200s
[  3679   18.120 x1.00] LOG  [CameraGameFeel] FOV punch: player damage (-2.0°)
[  3679   18.120 x1.00] LOG  [OniBoss] Hit player for 16 (Club_Swing)
[  3679   18.120 x1.00] LOG  [OniBoss:Touch] Club_Swing: club TOUCHED Yoru at clip 0.38 — shaft 0.60m from her body line, tip speed 171m/s, ONE FRAME EARLY (predicted). Full club hit delivered this frame.
[  3680   18.125 x1.00] LOG  [HitReactTrace] asked for 'HitReact_Light_2Leg' (0.50s, clip start 0.35s): NOT playing it, another state took the combat layer, blend resolved after 5 ms, state 1.00s long at speed 1.00, now at 2.62s, layer weight 1.00, animator.speed 1.00.
[  3688   18.159 x1.00] LOG  [OniBoss:ClubPos] Club_Swing at strike: club tip 3.02m up, 2.77m in front, -2.80m to his right (3.94m out from his centre). Club faces -77deg from his forward, pitch 0.40. (the ground wave is born 1.6m in front of him at 0.35m.)
[  3688   18.159 x1.00] LOG  [OniBoss:Layer] Club_Swing: club already hit — ground wave released as VISUAL only (0 damage).
[  3805   18.639 x1.00] LOG  [OniBoss] Attack → Recovery
[  3805   18.639 x1.00] LOG  [OniBoss] Playing animation: Watch
[  3805   18.639 x1.00] LOG  [OniBoss:Trail] trail END at clip 0.99, fading over 0.40s.
[  3805   18.639 x1.00] LOG  [OniBoss:Strike] Club_Swing: club tip closest to Yoru at 1.49m, clip position 0.91 | damage fires at 0.42 | clip 0.84s => damage fires 413 ms BEFORE the club is closest
[  3839   18.789 x1.00] LOG  [OniBoss] Recovery → Attack
[  3839   18.789 x1.00] LOG  [OniBoss] Attack: ClubSwing2 (16 dmg)
[  3839   18.789 x1.00] LOG  [OniBoss:Trail] ClubSwing2 trail START at clip 1.00 (transition still blending).
[  3919   19.128 x1.00] LOG  [CameraGameFeel] Shake: intensity=0.20 duration=0.250s
[  3919   19.128 x1.00] LOG  [Combat] Hit react: HitReact_Light_2Leg (0.5s, clip starts at 0.35s)
[  3919   19.128 x1.00] LOG  [CameraGameFeel] Shake: intensity=0.30 duration=0.200s
[  3919   19.128 x1.00] LOG  [CameraGameFeel] FOV punch: player damage (-2.0°)
[  3919   19.128 x1.00] LOG  [OniBoss] Hit player for 20 (ClubSwing2) [combo x1.25]
[  3919   19.128 x1.00] LOG  [OniBoss:Touch] ClubSwing2: club TOUCHED Yoru at clip 0.29 — shaft 0.51m from her body line, tip speed 101m/s, ONE FRAME EARLY (predicted). Full club hit delivered this frame.
[  3920   19.134 x1.00] LOG  [HitReactTrace] asked for 'HitReact_Light_2Leg' (0.50s, clip start 0.35s): NOT playing it, another state took the combat layer, blend resolved after 6 ms, state 1.00s long at speed 1.00, now at 0.51s, layer weight 1.00, animator.speed 1.00.
[  3928   19.171 x1.00] LOG  [OniBoss:ClubPos] ClubSwing2 at strike: club tip 0.10m up, 1.79m in front, 2.44m to his right (3.03m out from his centre). Club faces 6deg from his forward, pitch -0.88. (the ground wave is born 1.6m in front of him at 0.35m.)
[  3928   19.171 x1.00] LOG  [OniBoss:Layer] ClubSwing2: club already hit — ground wave released as VISUAL only (0 damage).
[  4114   19.953 x1.00] LOG  [OniBoss] Attack → Recovery
[  4114   19.953 x1.00] LOG  [OniBoss] Playing animation: Watch
[  4114   19.953 x1.00] LOG  [OniBoss:Trail] trail END at clip 0.99, fading over 0.40s.
[  4114   19.953 x1.00] LOG  [OniBoss:Strike] ClubSwing2: club tip closest to Yoru at 0.49m, clip position 0.30 | damage fires at 0.32 | clip 1.17s => MATCHED (within one or two frames)
[  4148   20.103 x1.00] LOG  [OniBoss] Recovery → Attack
[  4148   20.103 x1.00] LOG  [OniBoss] Attack: ClubSlam (20 dmg)
[  4148   20.103 x1.00] LOG  [OniBoss:Trail] ClubSlam trail START at clip 1.00 (transition still blending).
[  4242   20.514 x1.00] LOG  [CameraGameFeel] Shake: intensity=0.50 duration=0.400s
[  4242   20.514 x1.00] LOG  [Combat] Hit react: HitReact_Heavy_2Leg (0.9s, clip starts at 0.35s)
[  4242   20.514 x1.00] LOG  [CameraGameFeel] Shake: intensity=0.60 duration=0.200s
[  4242   20.514 x1.00] LOG  [CameraGameFeel] FOV punch: player damage (-3.0°)
[  4242   20.514 x1.00] LOG  [OniBoss] Hit player for 30 (ClubSlam) [combo x1.50]
[  4242   20.514 x1.00] LOG  [OniBoss:Touch] ClubSlam: club TOUCHED Yoru at clip 0.44 — shaft 0.68m from her body line, tip speed 115m/s, ONE FRAME EARLY (predicted). Full club hit delivered this frame.
[  4243   20.519 x1.00] LOG  [HitReactTrace] asked for 'HitReact_Heavy_2Leg' (0.90s, clip start 0.35s): NOT playing it, another state took the combat layer, blend resolved after 5 ms, state 1.00s long at speed 1.00, now at 0.88s, layer weight 1.00, animator.speed 1.00.
[  4324   20.895 x1.00] LOG  [OniBoss:ClubPos] ClubSlam at strike: club tip 0.52m up, 2.91m in front, -0.10m to his right (2.91m out from his centre). Club faces 8deg from his forward, pitch -0.26. (the ground wave is born 1.6m in front of him at 0.35m.)
[  4324   20.895 x1.00] LOG  [OniBoss:Layer] ClubSlam: club already hit — ground wave released as VISUAL only (0 damage), finisher size x2.0.
[  4353   21.028 x1.00] LOG  [OniBoss] Attack → Recovery
[  4353   21.028 x1.00] LOG  [OniBoss] Playing animation: Watch
[  4353   21.028 x1.00] LOG  [OniBoss:Trail] trail END at clip 0.99, fading over 0.40s.
[  4353   21.028 x1.00] LOG  [OniBoss:Strike] ClubSlam: club tip closest to Yoru at 0.21m, clip position 0.85 | damage fires at 0.85 | clip 0.93s => MATCHED (within one or two frames)
[  4386   21.178 x1.00] LOG  [OniBoss] Recovery → Chase
[  4387   21.183 x1.00] LOG  [OniBoss] hold-ground: BACKSTEP 1.5m (player 3.0m)
[  4589   22.013 x1.00] LOG  [OniBoss] hold-ground: backstep done (1.33m), WATCH (player 4.3m, cooldown 1.0s)
[  4589   22.013 x1.00] LOG  [OniBoss] Playing animation: Watch
[  4828   22.979 x1.00] LOG  [OniBoss] hold-ground: cooldown over, player 4.3m > 3.5m — APPROACH
[  4828   22.979 x1.00] LOG  [OniBoss] Playing animation: Walk
[  4995   23.680 x1.00] LOG  [OniBoss] Chase → Attack
[  4995   23.680 x1.00] LOG  [OniBoss] Attack: KanaboSweep (15 dmg)
[  4995   23.680 x1.00] LOG  [OniBoss:Trail] KanaboSweep trail START at clip 0.38 (transition done).
[  4998   23.698 x1.00] LOG  [OniBoss:Layer] step-in: 'KanaboSweep' closed 0.07m, Yoru now 3.0m away (range 3.5)
[  5071   24.037 x1.00] LOG  [CameraGameFeel] Shake: intensity=0.25 duration=0.250s
[  5071   24.037 x1.00] LOG  [Combat] Hit react: HitReact_Light_2Leg (0.5s, clip starts at 0.35s)
[  5071   24.037 x1.00] LOG  [CameraGameFeel] Shake: intensity=0.30 duration=0.200s
[  5071   24.037 x1.00] LOG  [CameraGameFeel] FOV punch: player damage (-2.0°)
[  5071   24.037 x1.00] LOG  [OniBoss] Hit player for 15 (KanaboSweep)
[  5071   24.037 x1.00] LOG  [OniBoss:Touch] KanaboSweep: club TOUCHED Yoru at clip 0.46 — shaft 0.45m from her body line, tip speed 171m/s, ONE FRAME EARLY (predicted). Full club hit delivered this frame.
[  5072   24.042 x1.00] LOG  [HitReactTrace] asked for 'HitReact_Light_2Leg' (0.50s, clip start 0.35s): NOT playing it, another state took the combat layer, blend resolved after 5 ms, state 1.00s long at speed 1.00, now at 2.65s, layer weight 1.00, animator.speed 1.00.
[  5075   24.060 x1.00] LOG  [OniBoss:ClubPos] KanaboSweep at strike: club tip 1.96m up, 5.92m in front, -1.12m to his right (6.03m out from his centre). Club faces -39deg from his forward, pitch 0.16. (the ground wave is born 1.6m in front of him at 0.35m.)
[  5075   24.060 x1.00] LOG  [OniBoss:Layer] KanaboSweep: club already hit — ground wave released as VISUAL only (0 damage).
[  5164   24.449 x1.00] LOG  [OniBoss] Attack → Recovery
[  5164   24.449 x1.00] LOG  [OniBoss] Playing animation: Watch
[  5164   24.449 x1.00] LOG  [OniBoss:Trail] trail END at clip 0.99, fading over 0.40s.
[  5164   24.449 x1.00] LOG  [OniBoss:Strike] KanaboSweep: club tip closest to Yoru at 0.41m, clip position 0.80 | damage fires at 0.48 | clip 0.77s => damage fires 249 ms BEFORE the club is closest
[  5200   24.600 x1.00] LOG  [OniBoss] Recovery → Chase
[  5201   24.606 x1.00] LOG  [OniBoss] hold-ground: BACKSTEP 1.5m (player 3.0m)
[  5401   25.433 x1.00] LOG  [OniBoss] hold-ground: backstep done (1.33m), WATCH (player 4.3m, cooldown 1.0s)
[  5401   25.433 x1.00] LOG  [OniBoss] Playing animation: Watch
[  5631   26.403 x1.00] LOG  [OniBoss] hold-ground: cooldown over, player 4.3m > 3.5m — APPROACH
[  5631   26.403 x1.00] LOG  [OniBoss] Playing animation: Walk
[  5787   27.103 x1.00] LOG  [OniBoss] Combo started: swing1-2 (2 steps remaining)
[  5787   27.103 x1.00] LOG  [OniBoss] Chase → Attack
[  5787   27.103 x1.00] LOG  [OniBoss] Attack: Club_Swing (16 dmg)
[  5787   27.103 x1.00] LOG  [OniBoss:Trail] Club_Swing trail START at clip 0.38 (transition done).
[  5791   27.121 x1.00] LOG  [OniBoss:Layer] step-in: 'Club_Swing' closed 0.08m, Yoru now 3.0m away (range 3.5)
[  5861   27.429 x1.00] LOG  [CameraGameFeel] Shake: intensity=0.20 duration=0.250s
[  5861   27.429 x1.00] LOG  [Combat] Hit react: HitReact_Light_2Leg (0.5s, clip starts at 0.35s)
[  5861   27.429 x1.00] LOG  [CameraGameFeel] Shake: intensity=0.30 duration=0.200s
[  5861   27.429 x1.00] LOG  [CameraGameFeel] FOV punch: player damage (-2.0°)
[  5861   27.429 x1.00] LOG  [OniBoss] Hit player for 16 (Club_Swing)
[  5861   27.429 x1.00] LOG  [OniBoss:Touch] Club_Swing: club TOUCHED Yoru at clip 0.39 — shaft 0.69m from her body line, tip speed 163m/s, ONE FRAME EARLY (predicted). Full club hit delivered this frame.
[  5862   27.435 x1.00] LOG  [HitReactTrace] asked for 'HitReact_Light_2Leg' (0.50s, clip start 0.35s): NOT playing it, another state took the combat layer, blend resolved after 6 ms, state 1.00s long at speed 1.00, now at 2.89s, layer weight 1.00, animator.speed 1.00.
[  5868   27.461 x1.00] LOG  [OniBoss:ClubPos] Club_Swing at strike: club tip 3.02m up, 2.80m in front, -2.78m to his right (3.94m out from his centre). Club faces -76deg from his forward, pitch 0.40. (the ground wave is born 1.6m in front of him at 0.35m.)
[  5868   27.461 x1.00] LOG  [OniBoss:Layer] Club_Swing: club already hit — ground wave released as VISUAL only (0 damage).
[  5976   27.941 x1.00] LOG  [OniBoss] Attack → Recovery
[  5976   27.941 x1.00] LOG  [OniBoss] Playing animation: Watch
[  5976   27.941 x1.00] LOG  [OniBoss:Trail] trail END at clip 0.99, fading over 0.40s.
[  5976   27.941 x1.00] LOG  [OniBoss:Strike] Club_Swing: club tip closest to Yoru at 1.50m, clip position 0.91 | damage fires at 0.42 | clip 0.84s => damage fires 410 ms BEFORE the club is closest
[  6007   28.093 x1.00] LOG  [OniBoss] Recovery → Attack
[  6007   28.093 x1.00] LOG  [OniBoss] Attack: ClubSwing2 (16 dmg)
[  6007   28.093 x1.00] LOG  [OniBoss:Trail] ClubSwing2 trail START at clip 1.00 (transition still blending).
[  6087   28.431 x1.00] LOG  [CameraGameFeel] Shake: intensity=0.20 duration=0.250s
[  6087   28.431 x1.00] LOG  [Combat] Hit react: HitReact_Heavy_2Leg (0.9s, clip starts at 0.35s)
[  6087   28.431 x1.00] LOG  [CameraGameFeel] Shake: intensity=0.60 duration=0.200s
[  6087   28.431 x1.00] LOG  [CameraGameFeel] FOV punch: player damage (-3.0°)
[  6087   28.431 x1.00] LOG  [OniBoss] Hit player for 24 (ClubSwing2) [combo x1.50]
[  6087   28.431 x1.00] LOG  [OniBoss:Touch] ClubSwing2: club TOUCHED Yoru at clip 0.29 — shaft 0.54m from her body line, tip speed 100m/s, ONE FRAME EARLY (predicted). Full club hit delivered this frame.
[  6088   28.436 x1.00] LOG  [HitReactTrace] asked for 'HitReact_Heavy_2Leg' (0.90s, clip start 0.35s): NOT playing it, another state took the combat layer, blend resolved after 5 ms, state 1.00s long at speed 1.00, now at 0.50s, layer weight 1.00, animator.speed 1.00.
[  6095   28.475 x1.00] LOG  [OniBoss:ClubPos] ClubSwing2 at strike: club tip 0.12m up, 1.76m in front, 2.48m to his right (3.04m out from his centre). Club faces 8deg from his forward, pitch -0.88. (the ground wave is born 1.6m in front of him at 0.35m.)
[  6095   28.475 x1.00] LOG  [OniBoss:Layer] ClubSwing2: club already hit — ground wave released as VISUAL only (0 damage), finisher size x2.0.
[  6279   29.257 x1.00] LOG  [OniBoss] Attack → Recovery
[  6279   29.257 x1.00] LOG  [OniBoss] Playing animation: Watch
[  6279   29.257 x1.00] LOG  [OniBoss:Trail] trail END at clip 0.99, fading over 0.40s.
[  6279   29.257 x1.00] LOG  [OniBoss:Strike] ClubSwing2: club tip closest to Yoru at 0.48m, clip position 0.30 | damage fires at 0.32 | clip 1.17s => MATCHED (within one or two frames)
[  6313   29.409 x1.00] LOG  [OniBoss] Recovery → Chase
[  6314   29.413 x1.00] LOG  [OniBoss] hold-ground: BACKSTEP 1.5m (player 3.0m)
[  6497   30.244 x1.00] LOG  [OniBoss] hold-ground: backstep done (1.33m), WATCH (player 4.3m, cooldown 1.0s)
[  6497   30.244 x1.00] LOG  [OniBoss] Playing animation: Watch
[  6720   31.213 x1.00] LOG  [OniBoss] hold-ground: cooldown over, player 4.3m > 3.5m — APPROACH
[  6720   31.213 x1.00] LOG  [OniBoss] Playing animation: Walk
[  6764   31.413 x1.00] LOG  [StormWeather] terrain layers restored to dry values.
# end — 293 lines
