# Oni combat log — 2026-09-24 20:53:56
# Unity 6000.2.7f2 | scene 'CaveScene_Oni_Boss1' | platform OSXEditor
# columns: [frame realSeconds timeScale] KIND message      (KIND: LOG WARN ERR EXC TEL)
#
[     0    0.000 x1.00] LOG  [OniLog] console + telemetry → /Users/asenahazal/Documents/Yoru/OniLogs/oni_2026-09-24_20-53-56.log
[     0    0.000 x1.00] LOG  [OniHairShadows] shadow casting off on 27 hair renderers
[     1    0.000 x1.00] LOG  [TailAirShot4Leg] Ready. drawState=shoot_4Leg castParam=Shoot4LegSpeed (found) readyFrame=5 fireFrame=10 frames=24 slowBudget=3s real damageMultiplier=2.00
  arrow leaves: PlayerYoru_1.1/Cat_All_10_Tails_v4/Group/DeformationSystem/root/Root_M/Tail15_R/Tail151_R/Tail152_R/Tail153_R/Tail154_R/Tail155_R/Tail156_R/Tail157_R/Tail158_R/Tail159_R/Tail1510_R/Tail1511_R/Tail1512_R/Tail6_R/Tail6_R_end/Tail6_R_end_end/Tail6_R_end_end_end/RightTailTip_Anchor
  aim VFX left:  PlayerYoru_1.1/Cat_All_10_Tails_v4/Group/DeformationSystem/root/Root_M/Tail15_L/Tail151_L/Tail152_L/Tail153_L/Tail154_L/Tail155_L/Tail156_L/Tail157_L/Tail158_L/Tail159_L/Tail1510_L/Tail1511_L/Tail1512_L/Tail6_L/Tail6_L_end/Tail6_L_end_end/Tail6_L_end_end_end/LeftTailTip_Anchor/Glow_4Leg_L
  aim VFX right: PlayerYoru_1.1/Cat_All_10_Tails_v4/Group/DeformationSystem/root/Root_M/Tail15_R/Tail151_R/Tail152_R/Tail153_R/Tail154_R/Tail155_R/Tail156_R/Tail157_R/Tail158_R/Tail159_R/Tail1510_R/Tail1511_R/Tail1512_R/Tail6_R/Tail6_R_end/Tail6_R_end_end/Tail6_R_end_end_end/RightTailTip_Anchor/Glow_4Leg_R
[     1    0.000 x1.00] LOG  [TailAirShot] Ready. drawState=RightTail_Fast castParam=TailCastSpeed (found)
  arrow leaves: PlayerYoru_1.1/Cat_All_10_Tails_v4/Group/DeformationSystem/root/Root_M/Tail15_R/Tail151_R/Tail152_R/Tail153_R/Tail154_R/Tail155_R/Tail156_R/Tail157_R/Tail158_R/Tail159_R/Tail1510_R/Tail1511_R/Tail1512_R/Tail6_R/Tail6_R_end/Tail6_R_end_end/Tail6_R_end_end_end/RightTailTip_Anchor
  aim VFX: PlayerYoru_1.1/Cat_All_10_Tails_v4/Group/DeformationSystem/root/Root_M/Tail15_R/Tail151_R/Tail152_R/Tail153_R/Tail154_R/Tail155_R/Tail156_R/Tail157_R/Tail158_R/Tail159_R/Tail1510_R/Tail1511_R/Tail1512_R/Tail6_R/Tail6_R_end/Tail6_R_end_end/Tail6_R_end_end_end/RightTailTip_Anchor/vfx_Muzzle_Fireball01Blue
[     1    0.000 x1.00] LOG  [PlayerCombat] Phase 2 form gate CONNECTED (FormController found on this GameObject).
[     1    0.000 x1.00] LOG  [Combat] PlayerCombat initialized, Phase 3C v27
[     1    0.000 x1.00] LOG  [RingMesh] VFX Status:
[     1    0.000 x1.00] LOG    Left: Prefab=✓, Spawn=Tail6_L_end_end_end
[     1    0.000 x1.00] LOG    Right: Prefab=✓, Spawn=Tail6_R_end_end_end
[     1    0.000 x1.00] LOG  === VFX MANAGER INITIALIZED ===
[     1    0.000 x1.00] LOG  Auto-detect animations: False
[     1    0.000 x1.00] LOG  Parent effects to tail: True
[     1    0.000 x1.00] LOG  Prefabs: Jump=True, Land=True, LTail=True, RTail=True
[     1    0.000 x1.00] LOG  ✅ Left Tail Tip: LeftTailTip_Anchor
[     1    0.000 x1.00] LOG  ✅ Right Tail Tip: RightTailTip_Anchor
[     1    0.000 x1.00] LOG  [Pause] ready: key Escape, paper shader ok, paper set, kanji set, font YujiSyuku-Regular SDF, capture ScreenGrab, Main Menu faint (no scene set)
[     1    0.000 x1.00] LOG  [PeachUI] row ready: 4 peaches, 64 px, TopLeft, bleed sprite set, PlayerHealth found
[     1    0.000 x1.00] LOG  [GameOver] ready (sumi-e): PlayerCombat found, ink shader ok, paper set, kanji set, font YujiSyuku-Regular SDF, Main Menu faint (no scene set)
[     1    0.000 x1.00] LOG  [BossBar] BossHealthBarUI initialized
[     1    0.000 x1.00] LOG  [StormWeather] layer 'TerrainLayer_Dirt_01' dry smoothness=0.00 (restore to this if a crash ever leaves it wet)
[     1    0.000 x1.00] LOG  [StormWeather] post volumes ready on layer 9 (storm priority 10, flash priority 11).
[     1    0.000 x1.00] LOG  [StormWeather] COZY bridge: Rain_Cave retired, COZY owns the rain now.
[     1    0.000 x1.00] LOG  [StormWeather] COZY → 'Clear' (pre-fight - open sky, 0 s)
[     1    0.000 x1.00] LOG  [StormWeather] Ready. Open sky, dry floor. Waiting for the fight.
[     1    0.000 x1.00] LOG  OniBoss initialized with 2500 HP
[     1    0.000 x1.00] LOG  [OniBoss] ANIMATOR SETUP: cullingMode=CullUpdateTransforms updateMode=Normal applyRootMotion=False speed=1
[     1    0.000 x1.00] LOG  [OniBoss] Initialized
[     1    0.000 x1.00] LOG  [OniBoss:Layer] facing: minFlat 1m, snapOnAttack off, trackInHitReact off, aimTurn 540 deg/s for the first 0.20 of the swing
[     1    0.000 x1.00] LOG  [OniBoss:Layer] animator speed x1.35 — his 1.13s swing now plays in 0.84s.
[     1    0.000 x1.00] LOG  [OniBoss:Layer] chase speed pushed: phase1 4.5, phase2 5.5 (Yoru runs at 7).
[     1    0.000 x1.00] LOG  [OniBoss:Layer] ground wave ON (round 38): half the club's damage on TOUCH, 12m/s x 6.0m from 1.6m in front at 0.35m height — a club hit cancels that swing's wave, jumping clears it. Per-attack effects come from the Swing Wave VFX By Attack rows. PlayerHealth found, PlayerMovement found.
[     1    0.000 x1.00] LOG  [StormWeather] storm break HELD (waiting for the lightning beat)
[     1    0.000 x1.00] LOG  [OniBoss:Layer] storm break HELD — it releases at the lightning-on-the-club beat.
[     1    0.000 x1.00] LOG  [OniBoss:Layer] club tracking ON — tip 'Kanabo3' (depth 4), shaft root 'kanabo'.
[     1    0.000 x1.00] LOG  [OniBoss:Layer] skinned meshes: 46 renderer(s), updateWhenOffscreen ON, body renderer 'Body' rootBone 'Hips'
[     1    0.000 x1.00] LOG  [OniBoss:Layer] charge travel bone: 'Hips' at depth 1 under 'OniBoss', rest local (0.00, 3.24, -0.24)
[     1    0.000 x1.00] LOG  [OniBoss:Layer] anti-kite ON: thrown swing after 4s of failed chase (within 7.6m), charge after 6s.
[     1    0.000 x1.00] LOG  [OniBoss:Layer] charge drive ON (windup to 0.40 at x1.3, rush 14m/s stops at 2.6m, steers 0.35s then commits, strike section from 0.58, strike moment 0.76, trail VFX off)
[     1    0.000 x1.00] LOG  [OniBoss:Layer] attack armor ON (his swings are not interrupted by light/medium hits; heavy hits and rapid-hit bursts still stop him)
[     1    0.000 x1.00] LOG  [OniBoss:Layer] strike moments overridden: Club_Swing=0.42 ClubSwing2=0.32 ClubSlam=0.85 KanaboSweep=0.48
[     1    0.000 x1.00] LOG  [OniBoss:Layer] club TOUCH hits ON (radius 0.70m, min tip speed 50m/s, armed from 0.20 of the clip): Club_Swing ClubSwing2 ClubSlam KanaboSweep. First touch wins — club full damage, wave half, one hit per swing.
[     1    0.000 x1.00] LOG  [OniBoss:Layer] combo damage ramp ON: mid x1.25, finisher x1.50 — finisher wave carries FULL damage at x2.0 size, x2.0 travel.
[     1    0.000 x1.00] LOG  [OniBoss:Layer] charge follow-up ON: 90 % of solo charges chain into a random melee finisher.
[     1    0.000 x1.00] LOG  [OniBoss:Layer] hold-ground ON (backstep 1.5m @ 1.6m/s after own attacks, watch 'Watch', attack facing LOCKED)
[     1    0.000 x1.00] LOG  [OniBoss:Layer] OniBoss layer ready (reactions, wake-on-hit, watch stance, boss bar). player=found
[     1    0.000 x1.00] LOG  [OniBoss:Layer] charge clip 'Oni Charge.fbx' imports with Root Motion Node = None (in place) — good.
[     1    0.000 x1.00] LOG  [OniBoss:Layer] clips importing with Root Transform Position (Y) NOT baked into pose (12): Oni_Alert(Oni Alert), Club_Slam(Oni Club Slam), Club_Swing(Oni Club Swing), Club_swing2(Oni Club Swing 2), Death(Oni Death Kneel), KanaboSweep(Oni Kanabo sweep), Phase_Transition(Oni Phase transition), run(Oni Run), Walk(Oni Walk), Watch(Oni Watch), Idle(Oni Idle), Hit_react_light(Oni NEWHit react light) — their hips' up/down motion is stripped (see round notes; optional).
[     1    0.000 x1.00] LOG  [VolumetricFogController] applyPresets is OFF in this scene. The Volumetric Fog component keeps its hand-set inspector values.
[     1    0.000 x1.00] LOG  [YoruFurWeather] fur weather ready on 'Weather Zone'. Rain 0, wind 0.50 in the open, roof check 30 m above her. Wind level and floor from StormWeather on 'StormWeather'.
[     1    0.000 x1.00] LOG  [CameraGameFeel] CameraGameFeel initialized (shake + FOV)
[     1    9.936 x1.00] LOG  [OniBoss] Playing animation: Idle
[    10   12.083 x1.00] LOG  💨 Landing VFX spawned!
[    10   12.083 x1.00] LOG  ✅ LANDED! (was jump #0)
[   541   16.050 x1.00] LOG  [OniBoss:Layer] watch stance ON (player 15.0m)
[   654   16.907 x1.00] LOG  [OniBoss] LostSoul → Alert
[   654   16.907 x1.00] LOG  [OniBoss] Playing animation: Oni_Alert
[   654   16.907 x1.00] LOG  [BossBar] Showing bar for: Oni (2500/2500)
[   654   16.907 x1.00] LOG  [OniBoss:Layer] boss bar shown
[   655   16.916 x1.00] LOG  [StormWeather] COZY → 'Yoru_Oni_Phase1_Storm' (fight engaged - storm rolls in, 0 s)
[   655   16.916 x1.00] LOG  [StormWeather] FIGHT STARTED (he engaged) - storm on, floor starts to soak.
[   656   16.926 x1.00] WARN The referenced script on this Behaviour (Game Object '<null>') is missing!
[   656   16.926 x1.00] WARN The referenced script on this Behaviour (Game Object 'Lightning Light') is missing!
[   656   16.926 x1.00] WARN The referenced script on this Behaviour (Game Object 'Lightning Light') is missing!
[   667   17.009 x1.00] LOG  🐾 4-LEG JUMP #0
[   667   17.009 x1.00] LOG  🐾 Jump 1 VFX spawned!
[   697   17.254 x1.00] LOG  [YoruFurWeather] rain reaching the coat (intensity 0.01, follows floor wetness).
[   716   17.413 x1.00] LOG  [OniBoss] Alert → Chase
[   717   17.421 x1.00] LOG  [OniBoss] Pull-band decision: RUN-IN (dist 6.6m, pullRange 0m, chance 0.50)
[   717   17.421 x1.00] LOG  [OniBoss] Playing animation: run
[   731   17.526 x1.00] LOG  [ComboTrace] LAUNCH OniBoss at 4.4m dist=3.20m in 0.32s (capped short) [AIRBORNE]
[   731   17.526 x1.00] LOG  [Combat] Aerial spin, 25 dmg
[   731   17.526 x1.00] LOG  [YoruVFX] Air spin: 'VFX_Void_Burst_AirSpinYoru' at CenterVFX, 46 systems, longest 1.00s fitted to 0.79s at speed 1.27, 8 forced Local, 38 delays zeroed, tail 2.37s
[   731   17.526 x1.00] LOG  [AirPosePin] engaged, holding body at 1.858m above the transform
[   744   17.654 x1.00] LOG  [OniBoss] Playing animation: Watch
[   744   17.654 x1.00] LOG  [OniBoss] Chase → Attack
[   744   17.654 x1.00] LOG  [OniBoss] Attack: Club_Swing (16 dmg)
[   744   17.654 x1.00] LOG  [OniBoss:Trail] Club_Swing trail START at clip 0.24 (transition done).
[   746   17.679 x1.00] LOG  OniBoss took 10 damage. HP: 2490/2500
[   746   17.679 x1.00] LOG  [OniBoss] 🤕 Hit during Attack — flash only
[   746   17.679 x1.00] LOG  [Momentum] 0 -> 1 (hit), speed x1.05, damage x1.05, impact x1.05
[   746   17.679 x1.00] LOG  [CameraGameFeel] Shake: intensity=0.06 duration=0.080s
[   746   17.679 x1.00] LOG  [CameraGameFeel] Shake: intensity=0.53 duration=0.200s
[   746   17.679 x1.00] LOG  [CameraGameFeel] FOV punch: hit light (+1.5°)
[   749   17.723 x1.00] LOG  [StormWeather] storm post weight -> 0.40
[   761   17.831 x1.00] LOG  OniBoss took 10 damage. HP: 2480/2500
[   761   17.831 x1.00] LOG  [OniBoss] 🤕 Hit during Attack — flash only
[   761   17.831 x1.00] LOG  [CameraGameFeel] Shake: intensity=0.18 duration=0.200s
[   763   17.848 x1.00] LOG  [ComboTrace] LAUNCH RESULT wanted=3.20m actually moved=3.66m, completed
[   765   17.867 x1.00] LOG  💨 Landing VFX spawned!
[   765   17.867 x1.00] LOG  ✅ LANDED! (was jump #1)
[   765   17.867 x1.00] LOG  [AirPosePin] released, peak correction was 0.042m
[   767   17.887 x1.00] LOG  [ComboTrace] CLICK IGNORED (step=3 queued=0)
[   780   17.987 x1.00] LOG  OniBoss took 10 damage. HP: 2470/2500
[   780   17.987 x1.00] LOG  [OniBoss] 🤕 Hit during Attack — flash only
[   780   17.987 x1.00] LOG  [OniBoss] Attack → Stagger
[   780   17.987 x1.00] LOG  [OniBoss] Playing animation: Stagger
[   780   17.987 x1.00] LOG  [OniBoss] STAGGERED for 2.5s
[   780   17.987 x1.00] LOG  [OniBoss:Layer] heavy knock-back react (swirl burst, 3 hits / 30 dmg) → 'HitReact_Heavy', down for 1.80s
[   780   17.987 x1.00] LOG  [OniReactTrace] #1 HEAVY (0 dmg) asked for 'HitReact_Heavy': crossfade 0.08s, animator speed 1.35, world x1.00
[   780   17.987 x1.00] LOG  [OniBoss:Layer] burst: 3 hits / 30 dmg inside 0.8s → knock-back + 0.90m push
[   780   17.987 x1.00] LOG  [Momentum] 1 -> 2 (hit), speed x1.10, damage x1.10, impact x1.10
[   780   17.987 x1.00] LOG  [CameraGameFeel] Shake: intensity=0.06 duration=0.080s
[   780   17.987 x1.00] LOG  [CameraGameFeel] Shake: intensity=0.19 duration=0.200s
[   780   17.987 x1.00] LOG  [OniBoss:Touch] Club_Swing: no touch this swing, closest 2.01m at clip 0.21 (head 0.00 along the club), fastest tip 159m/s (radius 0.70, min speed 50, max tip height 2.5m).
[   780   17.987 x1.00] LOG  [OniBoss:Strike] Club_Swing: club tip closest to Yoru at 6.31m, clip position 0.13 | damage fires at 0.42 | clip 0.84s => damage fires 240 ms AFTER the club is closest — it lands once the club has passed her
[   781   17.999 x1.00] LOG  [OniBoss:Trail] trail END at clip 0.33, fading over 0.40s.
[   781   17.999 x1.00] LOG  [OniReactTrace] #1 +0.01s state SOMETHING ELSE, clip on his bones 'Take 001' weight 0.85, blending INTO 'HitReact_Heavy', layer weight 1.00, animator speed 1.35, world x1.00, engine Stagger
[   792   18.087 x1.00] LOG  [OniReactTrace] #1 +0.10s state 'HitReact_Heavy' at 8 % of its 1.11s, clip on his bones 'Take 001' weight 1.00, layer weight 1.00, animator speed 1.35, world x1.00, engine Stagger
[   796   18.115 x1.00] LOG  [ComboTrace] CLICK IGNORED (step=3 queued=0)
[   813   18.243 x1.00] LOG  [OniReactTrace] #1 +0.26s state 'HitReact_Heavy' at 22 % of its 1.11s, clip on his bones 'Take 001' weight 1.00, layer weight 1.00, animator speed 1.35, world x1.00, engine Stagger
[   817   18.274 x1.00] LOG  [YoruVFX] Spin VFX stopped, fading for 2.37s
[   820   18.298 x1.00] LOG  [ComboTrace] END step=3 clipProgress=0.90 clipLen=0.79s queued=0 elapsed=0.77s
[   838   18.440 x1.00] LOG  [OniReactTrace] #1 +0.45s state 'HitReact_Heavy' at 40 % of its 1.11s, clip on his bones 'Take 001' weight 1.00, layer weight 1.00, animator speed 1.35, world x1.00, engine Stagger
[   871   18.692 x1.00] LOG  [OniReactTrace] #1 +0.70s state 'HitReact_Heavy' at 63 % of its 1.11s, clip on his bones 'Take 001' weight 1.00, layer weight 1.00, animator speed 1.35, world x1.00, engine Stagger
[   905   18.938 x1.00] LOG  [OniReactTrace] #1 +0.95s state 'HitReact_Heavy' at 85 % of its 1.11s, clip on his bones 'Take 001' weight 1.00, layer weight 1.00, animator speed 1.35, world x1.00, engine Stagger
[   905   18.938 x1.00] LOG  [OniReactTrace] #1 HEAVY verdict: played to 85 % of the clip, so the reaction IS on screen and what is missing is movement inside the clip itself
[  1024   19.790 x1.00] LOG  [OniBoss] Stagger → Chase
[  1025   19.796 x1.00] LOG  [OniBoss] Playing animation: Idle
[  1025   19.796 x1.00] LOG  [OniBoss] Chase → Attack
[  1025   19.796 x1.00] LOG  [OniBoss] Attack: ClubSlam (20 dmg)
[  1025   19.796 x1.00] LOG  [OniBoss:Trail] ClubSlam trail START at clip 1.00 (transition done).
[  1087   20.225 x1.00] LOG  [CameraGameFeel] Shake: intensity=0.50 duration=0.400s
[  1087   20.225 x1.00] LOG  [Peach] heavy hit 20 dmg: 3 bites. 13/16 bites = 3.25 of 4 peaches
[  1087   20.225 x1.00] LOG  [Momentum] 2 -> 0 (heavy hit taken, reset), speed x1.00, damage x1.00, impact x1.00
[  1087   20.225 x1.00] LOG  [Combat] Hit react: HitReact_Heavy_2Leg (0.9s, clip starts at 0.35s)
[  1087   20.225 x1.00] LOG  [CameraGameFeel] Shake: intensity=0.60 duration=0.200s
[  1087   20.225 x1.00] LOG  [CameraGameFeel] FOV punch: player damage (-3.0°)
[  1087   20.225 x1.00] LOG  [OniBoss] Hit player for 20 (ClubSlam)
[  1087   20.225 x1.00] LOG  [OniBoss:Touch] ClubSlam: club TOUCHED Yoru at clip 0.46, shaft 0.24m from her body line, head 0.65 along the club, tip 1.78m up, tip speed 100m/s. Full club hit delivered this frame.
[  1088   20.236 x1.00] LOG  [HitReactTrace] asked for 'HitReact_Heavy_2Leg' (0.90s, clip start 0.35s): NOT playing it, another state took the combat layer, blend resolved after 11 ms, state 1.00s long at speed 1.00, now at 1.92s, layer weight 1.00, animator.speed 1.00.
[  1135   20.591 x1.00] LOG  [OniBoss:ClubPos] ClubSlam at strike: club tip 0.55m up, 2.91m in front, -0.16m to his right (2.91m out from his centre). Club faces 7deg from his forward, pitch -0.26. (the ground wave is born 1.6m in front of him at 0.35m.)
[  1135   20.591 x1.00] LOG  [OniBoss:Layer] ClubSlam: club already hit — ground wave released as VISUAL only (0 damage).
[  1153   20.720 x1.00] LOG  [OniBoss] Attack → Recovery
[  1153   20.720 x1.00] LOG  [OniBoss] Playing animation: Watch
[  1153   20.720 x1.00] LOG  [OniBoss:Trail] trail END at clip 0.99, fading over 0.40s.
[  1153   20.720 x1.00] LOG  [OniBoss:Strike] ClubSlam: club tip closest to Yoru at 0.47m, clip position 0.85 | damage fires at 0.85 | clip 0.93s => MATCHED (within one or two frames)
[  1174   20.875 x1.00] LOG  [OniBoss] Recovery → Chase
[  1175   20.881 x1.00] LOG  [OniBoss] hold-ground: BACKSTEP 1.5m (player 2.9m)
[  1294   21.776 x1.00] LOG  [OniBoss] hold-ground: backstep done (1.43m), WATCH (player 4.3m, cooldown 0.9s)
[  1294   21.776 x1.00] LOG  [OniBoss] Playing animation: Idle
[  1295   21.782 x1.00] LOG  [OniBoss] Playing animation: Walk
[  1366   22.275 x1.00] LOG  [OniBoss] Playing animation: Idle
[  1426   22.675 x1.00] LOG  [OniBoss] hold-ground: cooldown over, player 3.9m > 3.5m — APPROACH
[  1426   22.675 x1.00] LOG  [OniBoss] Playing animation: Walk
[  1497   23.176 x1.00] LOG  [OniBoss] Combo started: swing1-2 (2 steps remaining)
[  1497   23.176 x1.00] LOG  [OniBoss] Chase → Attack
[  1497   23.176 x1.00] LOG  [OniBoss] Attack: Club_Swing (16 dmg)
[  1497   23.176 x1.00] LOG  [OniBoss:Trail] Club_Swing trail START at clip 0.27 (transition done).
[  1499   23.187 x1.00] LOG  [OniBoss:Layer] step-in: 'Club_Swing' closed 0.07m, Yoru now 3.0m away (range 3.5)
[  1549   23.540 x1.00] LOG  [OniBoss:ClubPos] Club_Swing at strike: club tip 3.03m up, 1.94m in front, -3.18m to his right (3.73m out from his centre). Club faces -94deg from his forward, pitch 0.41. (the ground wave is born 1.6m in front of him at 0.35m.)
[  1549   23.540 x1.00] LOG  [OniBoss:Layer] Club_Swing: club has not connected — ground wave released ARMED, 1.6m in front, 12m/s x 6.0m = 0.50s, carrying 8 (half of the club's 16).
[  1550   23.547 x1.00] LOG  [Peach] light hit 8 dmg: 1 bite. 12/16 bites = 3 of 4 peaches
[  1550   23.547 x1.00] LOG  [Combat] Hit react: HitReact_Light_2Leg (0.5s, clip starts at 0.35s)
[  1550   23.547 x1.00] LOG  [CameraGameFeel] Shake: intensity=0.30 duration=0.200s
[  1550   23.547 x1.00] LOG  [CameraGameFeel] FOV punch: player damage (-2.0°)
[  1550   23.547 x1.00] LOG  [OniBoss:Wave] wave TOUCHED Yoru (grounded) for 8 after 0.1m / 0.01s of travel.
[  1553   23.576 x1.00] LOG  [HitReactTrace] asked for 'HitReact_Light_2Leg' (0.50s, clip start 0.35s): playing it, blend resolved after 29 ms, state 1.21s long at speed 1.00, now at 0.37s, layer weight 1.00, animator.speed 1.00.
[  1607   24.016 x1.00] LOG  [OniBoss] Attack → Recovery
[  1607   24.016 x1.00] LOG  [OniBoss] Playing animation: Watch
[  1607   24.016 x1.00] LOG  [OniBoss:Trail] trail END at clip 0.99, fading over 0.40s.
[  1607   24.016 x1.00] LOG  [OniBoss:Strike] Club_Swing: club tip closest to Yoru at 1.54m, clip position 0.91 | damage fires at 0.42 | clip 0.84s => damage fires 413 ms BEFORE the club is closest
[  1629   24.167 x1.00] LOG  [OniBoss] Recovery → Attack
[  1629   24.167 x1.00] LOG  [OniBoss] Attack: ClubSwing2 (16 dmg)
[  1629   24.167 x1.00] LOG  [OniBoss:Trail] ClubSwing2 trail START at clip 1.00 (transition still blending).
[  1678   24.506 x1.00] LOG  [CameraGameFeel] Shake: intensity=0.20 duration=0.250s
[  1678   24.506 x1.00] LOG  [Peach] heavy hit 24 dmg: 3 bites. 9/16 bites = 2.25 of 4 peaches
[  1678   24.506 x1.00] LOG  [Combat] Hit react: HitReact_Heavy_2Leg (0.9s, clip starts at 0.35s)
[  1678   24.506 x1.00] LOG  [CameraGameFeel] Shake: intensity=0.60 duration=0.200s
[  1678   24.506 x1.00] LOG  [CameraGameFeel] FOV punch: player damage (-3.0°)
[  1678   24.506 x1.00] LOG  [OniBoss] Hit player for 24 (ClubSwing2) [combo x1.50]
[  1678   24.506 x1.00] LOG  [OniBoss:Touch] ClubSwing2: club TOUCHED Yoru at clip 0.29, shaft 0.37m from her body line, head 0.84 along the club, tip 0.68m up, tip speed 101m/s, ONE FRAME EARLY (predicted). Full club hit delivered this frame.
[  1679   24.515 x1.00] LOG  [HitReactTrace] asked for 'HitReact_Heavy_2Leg' (0.90s, clip start 0.35s): NOT playing it, another state took the combat layer, blend resolved after 9 ms, state 1.00s long at speed 1.00, now at 0.46s, layer weight 1.00, animator.speed 1.00.
[  1684   24.555 x1.00] LOG  [OniBoss:ClubPos] ClubSwing2 at strike: club tip 0.16m up, 1.65m in front, 2.60m to his right (3.08m out from his centre). Club faces 13deg from his forward, pitch -0.89. (the ground wave is born 1.6m in front of him at 0.35m.)
[  1684   24.555 x1.00] LOG  [OniBoss:Layer] ClubSwing2: club already hit — ground wave released as VISUAL only (0 damage), finisher size x2.0.
[  1785   25.334 x1.00] LOG  [OniBoss] Attack → Recovery
[  1785   25.334 x1.00] LOG  [OniBoss] Playing animation: Watch
[  1785   25.334 x1.00] LOG  [OniBoss:Trail] trail END at clip 0.99, fading over 0.40s.
[  1785   25.334 x1.00] LOG  [OniBoss:Strike] ClubSwing2: club tip closest to Yoru at 0.71m, clip position 0.30 | damage fires at 0.32 | clip 1.17s => MATCHED (within one or two frames)
[  1805   25.485 x1.00] LOG  [OniBoss] Recovery → Chase
[  1806   25.492 x1.00] LOG  [OniBoss] hold-ground: BACKSTEP 1.5m (player 3.0m)
[  1836   25.708 x1.00] LOG  🚶 2-LEG JUMP
[  1836   25.708 x1.00] LOG  🐾 Jump 1 VFX spawned!
[  1878   26.046 x1.00] LOG  [ComboTrace] LAUNCH OniBoss at 2.3m dist=2.34m in 0.23s [AIRBORNE]
[  1878   26.046 x1.00] LOG  [Combat] Aerial spin, 25 dmg
[  1878   26.046 x1.00] LOG  [YoruVFX] Air spin: 'VFX_Void_Burst_AirSpinYoru' at CenterVFX, 46 systems, longest 1.00s fitted to 0.79s at speed 1.27, 8 forced Local, 38 delays zeroed, tail 2.37s
[  1878   26.046 x1.00] LOG  [AirPosePin] engaged, holding body at 1.553m above the transform
[  1895   26.203 x1.00] LOG  OniBoss took 10 damage. HP: 2460/2500
[  1895   26.203 x1.00] LOG  [OniBoss] Chase → HitReact
[  1895   26.203 x1.00] LOG  [OniBoss:Layer] react tier: LIGHT (10 dmg) → 'Hit_react_light'
[  1895   26.203 x1.00] LOG  [OniReactTrace] #2 LIGHT (10 dmg) asked for 'Hit_react_light': crossfade 0.08s, animator speed 1.35, world x1.00
[  1895   26.203 x1.00] LOG  [Momentum] 0 -> 1 (hit), speed x1.05, damage x1.05, impact x1.05
[  1895   26.203 x1.00] LOG  [CameraGameFeel] Shake: intensity=0.06 duration=0.080s
[  1895   26.203 x1.00] LOG  [CameraGameFeel] Shake: intensity=0.53 duration=0.200s
[  1895   26.203 x1.00] LOG  [CameraGameFeel] FOV punch: hit light (+1.5°)
[  1896   26.212 x1.00] LOG  [OniReactTrace] #2 +0.01s state SOMETHING ELSE, clip on his bones 'Take 001' weight 1.00, blending INTO 'Hit_react_light', layer weight 1.00, animator speed 0.00, world x1.00, engine HitReact
[  1905   26.284 x1.00] LOG  [ComboTrace] LAUNCH RESULT wanted=2.34m actually moved=2.03m, completed
[  1908   26.306 x1.00] LOG  [OniReactTrace] #2 +0.10s state SOMETHING ELSE, clip on his bones 'Take 001' weight 0.04, blending INTO 'Hit_react_light', layer weight 1.00, animator speed 1.35, world x1.00, engine HitReact
[  1915   26.359 x1.00] LOG  OniBoss took 10 damage. HP: 2450/2500
[  1915   26.359 x1.00] LOG  [OniBoss:Layer] burst: 2 hits / 20 dmg → flinch upgraded to 'HitReact_medium'
[  1915   26.359 x1.00] LOG  [OniReactTrace] #3 BURST UPGRADE (20 dmg) asked for 'HitReact_medium': crossfade 0.08s, animator speed 1.35, world x1.00
[  1915   26.359 x1.00] LOG  [CameraGameFeel] Shake: intensity=0.18 duration=0.200s
[  1916   26.368 x1.00] LOG  [OniReactTrace] #3 +0.01s state SOMETHING ELSE, clip on his bones 'Take 001' weight 0.89, blending INTO 'HitReact_medium', layer weight 1.00, animator speed 1.35, world x1.00, engine HitReact
[  1927   26.462 x1.00] LOG  [OniReactTrace] #3 +0.10s state 'HitReact_medium' at 9 % of its 1.08s, clip on his bones 'Take 001' weight 1.00, layer weight 1.00, animator speed 1.35, world x1.00, engine HitReact
[  1934   26.514 x1.00] LOG  OniBoss took 10 damage. HP: 2440/2500
[  1934   26.514 x1.00] LOG  [OniBoss] HitReact → Stagger
[  1934   26.514 x1.00] LOG  [OniBoss] Playing animation: Stagger
[  1934   26.514 x1.00] LOG  [OniBoss] STAGGERED for 2.5s
[  1934   26.514 x1.00] LOG  [OniBoss:Layer] heavy knock-back react (swirl burst, 3 hits / 30 dmg) → 'HitReact_Heavy', down for 1.80s
[  1934   26.514 x1.00] LOG  [OniReactTrace] #4 HEAVY (0 dmg) asked for 'HitReact_Heavy': crossfade 0.08s, animator speed 1.35, world x1.00
[  1934   26.514 x1.00] LOG  [OniBoss:Layer] burst: 3 hits / 30 dmg inside 0.8s → knock-back + 0.90m push
[  1934   26.514 x1.00] LOG  [Momentum] 1 -> 2 (hit), speed x1.10, damage x1.10, impact x1.10
[  1934   26.514 x1.00] LOG  [CameraGameFeel] Shake: intensity=0.06 duration=0.080s
[  1934   26.514 x1.00] LOG  [CameraGameFeel] Shake: intensity=0.19 duration=0.200s
[  1935   26.524 x1.00] LOG  [OniReactTrace] #4 +0.01s state SOMETHING ELSE, clip on his bones 'Take 001' weight 0.84, blending INTO 'HitReact_Heavy', layer weight 1.00, animator speed 1.35, world x1.00, engine Stagger
[  1947   26.617 x1.00] LOG  [OniReactTrace] #4 +0.10s state 'HitReact_Heavy' at 9 % of its 1.11s, clip on his bones 'Take 001' weight 1.00, layer weight 1.00, animator speed 1.35, world x1.00, engine Stagger
[  1953   26.669 x1.00] LOG  💨 Landing VFX spawned!
[  1953   26.669 x1.00] LOG  ✅ LANDED! (was jump #1)
[  1953   26.669 x1.00] LOG  OniBoss punish window! 11 → 16 (x1.5)
[  1953   26.669 x1.00] LOG  OniBoss took 16 damage. HP: 2424/2500
[  1953   26.669 x1.00] LOG  [CameraGameFeel] Shake: intensity=0.19 duration=0.200s
[  1953   26.669 x1.00] LOG  [AirPosePin] released, peak correction was 0.035m
[  1965   26.769 x1.00] LOG  [OniReactTrace] #4 +0.26s state 'HitReact_Heavy' at 22 % of its 1.11s, clip on his bones 'Take 001' weight 1.00, layer weight 1.00, animator speed 1.35, world x1.00, engine Stagger
[  1966   26.775 x1.00] LOG  [YoruVFX] Spin VFX stopped, fading for 2.37s
[  1970   26.808 x1.00] LOG  [ComboTrace] END step=3 clipProgress=0.90 clipLen=0.79s queued=0 elapsed=0.76s
[  1989   26.967 x1.00] LOG  [OniReactTrace] #4 +0.45s state 'HitReact_Heavy' at 40 % of its 1.11s, clip on his bones 'Take 001' weight 1.00, layer weight 1.00, animator speed 1.35, world x1.00, engine Stagger
[  2021   27.216 x1.00] LOG  [OniReactTrace] #4 +0.70s state 'HitReact_Heavy' at 62 % of its 1.11s, clip on his bones 'Take 001' weight 1.00, layer weight 1.00, animator speed 1.35, world x1.00, engine Stagger
[  2056   27.466 x1.00] LOG  [OniReactTrace] #4 +0.95s state 'HitReact_Heavy' at 85 % of its 1.11s, clip on his bones 'Take 001' weight 1.00, layer weight 1.00, animator speed 1.35, world x1.00, engine Stagger
[  2056   27.466 x1.00] LOG  [OniReactTrace] #4 HEAVY verdict: played to 85 % of the clip, so the reaction IS on screen and what is missing is movement inside the clip itself
[  2090   27.716 x1.00] WARN The referenced script on this Behaviour (Game Object '<null>') is missing!
[  2090   27.716 x1.00] WARN The referenced script on this Behaviour (Game Object 'Lightning Light') is missing!
[  2090   27.716 x1.00] WARN The referenced script on this Behaviour (Game Object 'Lightning Light') is missing!
[  2171   28.316 x1.00] LOG  [OniBoss] Stagger → Chase
[  2172   28.321 x1.00] LOG  [OniBoss] Playing animation: Idle
[  2172   28.321 x1.00] LOG  [OniBoss] Chase → Attack
[  2172   28.321 x1.00] LOG  [OniBoss] Attack: Club_Swing (16 dmg)
[  2172   28.321 x1.00] LOG  [OniBoss:Trail] Club_Swing trail START at clip 1.00 (transition done).
[  2218   28.681 x1.00] LOG  [OniBoss:ClubPos] Club_Swing at strike: club tip 3.02m up, 2.64m in front, -2.88m to his right (3.91m out from his centre). Club faces -79deg from his forward, pitch 0.40. (the ground wave is born 1.6m in front of him at 0.35m.)
[  2218   28.681 x1.00] LOG  [OniBoss:Layer] Club_Swing: club has not connected — ground wave released ARMED, 1.6m in front, 12m/s x 6.0m = 0.50s, carrying 8 (half of the club's 16).
[  2219   28.687 x1.00] LOG  [Peach] light hit 8 dmg: 1 bite. 8/16 bites = 2 of 4 peaches
[  2219   28.687 x1.00] LOG  [Momentum] 2 -> 1 (light hit taken, 50% = -1), speed x1.05, damage x1.05, impact x1.05
[  2219   28.687 x1.00] LOG  [Combat] Combo memory: light hit, keeping step 3
[  2219   28.687 x1.00] LOG  [Combat] Hit react: HitReact_Light_2Leg (0.5s, clip starts at 0.35s)
[  2219   28.687 x1.00] LOG  [CameraGameFeel] Shake: intensity=0.30 duration=0.200s
[  2219   28.687 x1.00] LOG  [CameraGameFeel] FOV punch: player damage (-2.0°)
[  2219   28.687 x1.00] LOG  [OniBoss:Wave] wave TOUCHED Yoru (grounded) for 8 after 0.1m / 0.01s of travel.
[  2222   28.713 x1.00] LOG  [HitReactTrace] asked for 'HitReact_Light_2Leg' (0.50s, clip start 0.35s): playing it, blend resolved after 26 ms, state 1.21s long at speed 1.00, now at 0.37s, layer weight 1.00, animator.speed 1.00.
[  2288   29.162 x1.00] LOG  [OniBoss] Attack → Recovery
[  2288   29.162 x1.00] LOG  [OniBoss] Playing animation: Watch
[  2288   29.162 x1.00] LOG  [OniBoss:Trail] trail END at clip 1.00, fading over 0.40s.
[  2288   29.162 x1.00] LOG  [OniBoss:Strike] Club_Swing: club tip closest to Yoru at 1.33m, clip position 0.91 | damage fires at 0.42 | clip 0.84s => damage fires 410 ms BEFORE the club is closest
[  2289   29.169 x1.00] LOG  [Momentum] 1 -> 0 (drain), speed x1.00, damage x1.00, impact x1.00
[  2311   29.316 x1.00] LOG  [OniBoss] Recovery → Chase
[  2312   29.326 x1.00] LOG  [OniBoss] hold-ground: BACKSTEP 1.5m (player 2.8m)
[  2441   30.266 x1.00] LOG  [OniBoss] hold-ground: backstep done (1.51m), WATCH (player 4.3m, cooldown 0.8s)
[  2441   30.266 x1.00] LOG  [OniBoss] Playing animation: Idle
[  2442   30.277 x1.00] LOG  [OniBoss] Playing animation: Walk
[  2499   30.716 x1.00] LOG  [OniBoss] Playing animation: Idle
[  2552   31.118 x1.00] LOG  [OniBoss] hold-ground: cooldown over, player 3.9m > 3.5m — APPROACH
[  2552   31.118 x1.00] LOG  [OniBoss] Playing animation: Walk
[  2624   31.642 x1.00] LOG  [OniBoss] Chase → Attack
[  2624   31.642 x1.00] LOG  [OniBoss] Attack: ClubSwing2 (16 dmg)
[  2624   31.642 x1.00] LOG  [OniBoss:Trail] ClubSwing2 trail START at clip 0.28 (transition done).
[  2626   31.657 x1.00] LOG  [OniBoss:Layer] step-in: 'ClubSwing2' closed 0.08m, Yoru now 3.0m away (range 3.5)
[  2640   31.758 x1.00] LOG  🚶 2-LEG JUMP
[  2640   31.758 x1.00] LOG  🐾 Jump 1 VFX spawned!
[  2673   32.026 x1.00] LOG  [OniBoss:ClubPos] ClubSwing2 at strike: club tip 0.07m up, 1.86m in front, 2.36m to his right (3.00m out from his centre). Club faces 2deg from his forward, pitch -0.87. (the ground wave is born 1.6m in front of him at 0.35m.)
[  2673   32.026 x1.00] LOG  [OniBoss:Layer] ClubSwing2: club has not connected — ground wave released ARMED, 1.6m in front, 12m/s x 6.0m = 0.50s, carrying 8 (half of the club's 16).
[  2678   32.069 x1.00] LOG  [ComboTrace] LAUNCH OniBoss at 1.5m dist=1.47m in 0.15s [AIRBORNE]
[  2678   32.069 x1.00] LOG  [Combat] Aerial spin, 25 dmg
[  2678   32.069 x1.00] LOG  [YoruVFX] Air spin: 'VFX_Void_Burst_AirSpinYoru' at CenterVFX, 46 systems, longest 1.00s fitted to 0.79s at speed 1.27, 8 forced Local, 38 delays zeroed, tail 2.37s
[  2678   32.069 x1.00] LOG  OniBoss took 10 damage. HP: 2414/2500
[  2678   32.069 x1.00] LOG  [OniBoss] 🤕 Hit during Attack — flash only
[  2678   32.069 x1.00] LOG  [Momentum] 0 -> 1 (hit), speed x1.05, damage x1.05, impact x1.05
[  2678   32.069 x1.00] LOG  [CameraGameFeel] Shake: intensity=0.06 duration=0.080s
[  2678   32.069 x1.00] LOG  [CameraGameFeel] Shake: intensity=0.53 duration=0.200s
[  2678   32.069 x1.00] LOG  [CameraGameFeel] FOV punch: hit light (+1.5°)
[  2678   32.069 x1.00] LOG  [AirPosePin] engaged, holding body at 1.584m above the transform
[  2694   32.218 x1.00] LOG  [ComboTrace] LAUNCH RESULT wanted=1.47m actually moved=0.89m, completed
[  2695   32.229 x1.00] LOG  OniBoss took 10 damage. HP: 2404/2500
[  2695   32.229 x1.00] LOG  [OniBoss] 🤕 Hit during Attack — flash only
[  2695   32.229 x1.00] LOG  [CameraGameFeel] Shake: intensity=0.18 duration=0.200s
[  2715   32.385 x1.00] LOG  OniBoss took 10 damage. HP: 2394/2500
[  2715   32.385 x1.00] LOG  [OniBoss] 🤕 Hit during Attack — flash only
[  2715   32.385 x1.00] LOG  [OniBoss] Attack → Stagger
[  2715   32.385 x1.00] LOG  [OniBoss] Playing animation: Stagger
[  2715   32.385 x1.00] LOG  [OniBoss] STAGGERED for 2.5s
[  2715   32.385 x1.00] LOG  [OniBoss:Layer] heavy knock-back react (swirl burst, 3 hits / 30 dmg) → 'HitReact_Heavy', down for 1.80s
[  2715   32.385 x1.00] LOG  [OniReactTrace] #5 HEAVY (0 dmg) asked for 'HitReact_Heavy': crossfade 0.08s, animator speed 1.35, world x1.00
[  2715   32.385 x1.00] LOG  [OniBoss:Layer] burst: 3 hits / 30 dmg inside 0.8s → knock-back + 0.90m push
[  2715   32.385 x1.00] LOG  [Momentum] 1 -> 2 (hit), speed x1.10, damage x1.10, impact x1.10
[  2715   32.385 x1.00] LOG  [CameraGameFeel] Shake: intensity=0.06 duration=0.080s
[  2715   32.385 x1.00] LOG  [CameraGameFeel] Shake: intensity=0.19 duration=0.200s
[  2715   32.385 x1.00] LOG  [OniBoss:Touch] ClubSwing2: no touch this swing, closest 1.23m at clip 0.29 (head 0.78 along the club), fastest tip 110m/s (radius 0.70, min speed 50, max tip height 2.5m).
[  2715   32.385 x1.00] LOG  [OniBoss:Strike] ClubSwing2: club tip closest to Yoru at 1.76m, clip position 0.29 | damage fires at 0.32 | clip 1.17s => damage fires 40 ms AFTER the club is closest — it lands once the club has passed her
[  2716   32.394 x1.00] LOG  [OniBoss:Trail] trail END at clip 0.59, fading over 0.40s.
[  2716   32.394 x1.00] LOG  [OniReactTrace] #5 +0.01s state SOMETHING ELSE, clip on his bones 'Take 001' weight 0.80, blending INTO 'HitReact_Heavy', layer weight 1.00, animator speed 1.35, world x1.00, engine Stagger
[  2728   32.491 x1.00] LOG  [OniReactTrace] #5 +0.11s state 'HitReact_Heavy' at 9 % of its 1.11s, clip on his bones 'Take 001' weight 1.00, layer weight 1.00, animator speed 1.35, world x1.00, engine Stagger
[  2732   32.528 x1.00] LOG  [OniBoss:Wave] armed wave expired UNTOUCHED — closest 0.06m to Yoru (hit width 1.60), she was AIRBORNE at the closest moment.
[  2733   32.535 x1.00] LOG  OniBoss punish window! 11 → 16 (x1.5)
[  2733   32.535 x1.00] LOG  OniBoss took 16 damage. HP: 2378/2500
[  2733   32.535 x1.00] LOG  [CameraGameFeel] Shake: intensity=0.19 duration=0.200s
[  2746   32.638 x1.00] LOG  [OniReactTrace] #5 +0.25s state 'HitReact_Heavy' at 22 % of its 1.11s, clip on his bones 'Take 001' weight 1.00, layer weight 1.00, animator speed 1.35, world x1.00, engine Stagger
[  2751   32.686 x1.00] LOG  💨 Landing VFX spawned!
[  2751   32.686 x1.00] LOG  ✅ LANDED! (was jump #1)
[  2751   32.686 x1.00] LOG  OniBoss punish window! 11 → 16 (x1.5)
[  2751   32.686 x1.00] LOG  OniBoss took 16 damage. HP: 2362/2500
[  2751   32.686 x1.00] LOG  [Momentum] 2 -> 3 (hit), speed x1.15, damage x1.15, impact x1.15
[  2751   32.686 x1.00] LOG  [CameraGameFeel] Shake: intensity=0.06 duration=0.080s
[  2751   32.686 x1.00] LOG  [CameraGameFeel] Shake: intensity=0.20 duration=0.200s
[  2751   32.686 x1.00] LOG  [AirPosePin] released, peak correction was 0.079m
[  2767   32.797 x1.00] LOG  [YoruVFX] Spin VFX stopped, fading for 2.37s
[  2770   32.821 x1.00] LOG  [ComboTrace] END step=3 clipProgress=0.90 clipLen=0.79s queued=0 elapsed=0.75s
[  2773   32.840 x1.00] LOG  [OniReactTrace] #5 +0.46s state 'HitReact_Heavy' at 40 % of its 1.11s, clip on his bones 'Take 001' weight 1.00, layer weight 1.00, animator speed 1.35, world x1.00, engine Stagger
[  2807   33.087 x1.00] LOG  [OniReactTrace] #5 +0.70s state 'HitReact_Heavy' at 62 % of its 1.11s, clip on his bones 'Take 001' weight 1.00, layer weight 1.00, animator speed 1.35, world x1.00, engine Stagger
[  2842   33.339 x1.00] LOG  [OniReactTrace] #5 +0.95s state 'HitReact_Heavy' at 85 % of its 1.11s, clip on his bones 'Take 001' weight 1.00, layer weight 1.00, animator speed 1.35, world x1.00, engine Stagger
[  2842   33.339 x1.00] LOG  [OniReactTrace] #5 HEAVY verdict: played to 85 % of the clip, so the reaction IS on screen and what is missing is movement inside the clip itself
[  2965   34.189 x1.00] LOG  [OniBoss] Stagger → Chase
[  2966   34.197 x1.00] LOG  [OniBoss] Playing animation: Watch
[  2966   34.197 x1.00] LOG  [OniBoss] hold-ground: cooldown over, player 3.6m > 3.5m — APPROACH
[  2966   34.197 x1.00] LOG  [OniBoss] Playing animation: Walk
[  3021   34.587 x1.00] LOG  [OniBoss] Combo started: swing1-2 (2 steps remaining)
[  3021   34.587 x1.00] LOG  [OniBoss] Chase → Attack
[  3021   34.587 x1.00] LOG  [OniBoss] Attack: Club_Swing (16 dmg)
[  3021   34.587 x1.00] LOG  [OniBoss:Trail] Club_Swing trail START at clip 0.21 (transition done).
[  3022   34.599 x1.00] LOG  [OniBoss:Layer] step-in: 'Club_Swing' closed 0.07m, Yoru now 3.0m away (range 3.5)
[  3072   34.950 x1.00] LOG  [OniBoss:ClubPos] Club_Swing at strike: club tip 3.03m up, 2.17m in front, -3.10m to his right (3.79m out from his centre). Club faces -89deg from his forward, pitch 0.41. (the ground wave is born 1.6m in front of him at 0.35m.)
[  3072   34.950 x1.00] LOG  [OniBoss:Layer] Club_Swing: club has not connected — ground wave released ARMED, 1.6m in front, 12m/s x 6.0m = 0.50s, carrying 8 (half of the club's 16).
[  3073   34.956 x1.00] LOG  [Peach] light hit 8 dmg: 1 bite. 7/16 bites = 1.75 of 4 peaches
[  3073   34.956 x1.00] LOG  [Momentum] 3 -> 1 (light hit taken, 50% = -2), speed x1.05, damage x1.05, impact x1.05
[  3073   34.956 x1.00] LOG  [Combat] Combo memory: light hit, keeping step 3
[  3073   34.956 x1.00] LOG  [Combat] Hit react: HitReact_Light_2Leg (0.5s, clip starts at 0.35s)
[  3073   34.956 x1.00] LOG  [CameraGameFeel] Shake: intensity=0.30 duration=0.200s
[  3073   34.956 x1.00] LOG  [CameraGameFeel] FOV punch: player damage (-2.0°)
[  3073   34.956 x1.00] LOG  [OniBoss:Wave] wave TOUCHED Yoru (grounded) for 8 after 0.1m / 0.01s of travel.
[  3076   34.980 x1.00] LOG  [HitReactTrace] asked for 'HitReact_Light_2Leg' (0.50s, clip start 0.35s): playing it, blend resolved after 23 ms, state 1.21s long at speed 1.00, now at 0.37s, layer weight 1.00, animator.speed 1.00.
[  3105   35.187 x1.00] LOG  [Momentum] 1 -> 0 (drain), speed x1.00, damage x1.00, impact x1.00
[  3137   35.426 x1.00] LOG  [OniBoss] Attack → Recovery
[  3137   35.426 x1.00] LOG  [OniBoss] Playing animation: Watch
[  3137   35.426 x1.00] LOG  [OniBoss:Trail] trail END at clip 0.99, fading over 0.40s.
[  3137   35.426 x1.00] LOG  [OniBoss:Strike] Club_Swing: club tip closest to Yoru at 1.50m, clip position 0.91 | damage fires at 0.42 | clip 0.84s => damage fires 409 ms BEFORE the club is closest
[  3158   35.582 x1.00] LOG  [OniBoss] Recovery → Attack
[  3158   35.582 x1.00] LOG  [OniBoss] Attack: ClubSwing2 (16 dmg)
[  3158   35.582 x1.00] LOG  [OniBoss:Trail] ClubSwing2 trail START at clip 1.00 (transition still blending).
[  3159   35.589 x1.00] LOG  [OniBoss] Finisher step-in: ClubSwing2, she is 0.00m out of reach, walking up to 1.5m
[  3205   35.921 x1.00] LOG  [CameraGameFeel] Shake: intensity=0.20 duration=0.250s
[  3205   35.921 x1.00] LOG  [Peach] heavy hit 24 dmg: 3 bites. 4/16 bites = 1 of 4 peaches
[  3205   35.921 x1.00] LOG  [Combat] Hit react: HitReact_Heavy_2Leg (0.9s, clip starts at 0.35s)
[  3205   35.921 x1.00] LOG  [CameraGameFeel] Shake: intensity=0.60 duration=0.200s
[  3205   35.921 x1.00] LOG  [CameraGameFeel] FOV punch: player damage (-3.0°)
[  3205   35.921 x1.00] LOG  [OniBoss] Hit player for 24 (ClubSwing2) [combo x1.50]
[  3205   35.921 x1.00] LOG  [OniBoss:Touch] ClubSwing2: club TOUCHED Yoru at clip 0.29, shaft 0.46m from her body line, head 0.83 along the club, tip 1.00m up, tip speed 101m/s, ONE FRAME EARLY (predicted). Full club hit delivered this frame.
[  3206   35.928 x1.00] LOG  [PeachUI] LOW HEALTH cue ON: 4 bites left, heartbeat 1.00s, bleed on, sound set
[  3206   35.928 x1.00] LOG  [HitReactTrace] asked for 'HitReact_Heavy_2Leg' (0.90s, clip start 0.35s): NOT playing it, another state took the combat layer, blend resolved after 8 ms, state 1.00s long at speed 1.00, now at 0.46s, layer weight 1.00, animator.speed 1.00.
[  3211   35.963 x1.00] LOG  [OniBoss:ClubPos] ClubSwing2 at strike: club tip 0.06m up, 1.89m in front, 2.32m to his right (2.99m out from his centre). Club faces 1deg from his forward, pitch -0.87. (the ground wave is born 1.6m in front of him at 0.35m.)
[  3211   35.963 x1.00] LOG  [OniBoss:Layer] ClubSwing2: club already hit — ground wave released as VISUAL only (0 damage), finisher size x2.0.
[  3315   36.757 x1.00] LOG  [OniBoss] Attack → Recovery
[  3315   36.757 x1.00] LOG  [OniBoss] Playing animation: Watch
[  3315   36.757 x1.00] LOG  [OniBoss:Trail] trail END at clip 1.00, fading over 0.40s.
[  3315   36.757 x1.00] LOG  [OniBoss:Strike] ClubSwing2: club tip closest to Yoru at 0.54m, clip position 0.30 | damage fires at 0.32 | clip 1.17s => MATCHED (within one or two frames)
[  3325   36.832 x1.00] WARN The referenced script on this Behaviour (Game Object '<null>') is missing!
[  3325   36.832 x1.00] WARN The referenced script on this Behaviour (Game Object 'Lightning Light') is missing!
[  3325   36.832 x1.00] WARN The referenced script on this Behaviour (Game Object 'Lightning Light') is missing!
[  3335   36.908 x1.00] LOG  [OniBoss] Recovery → Chase
[  3336   36.918 x1.00] LOG  [OniBoss] hold-ground: BACKSTEP 1.5m (player 3.0m)
[  3445   37.744 x1.00] LOG  [OniBoss] hold-ground: backstep done (1.33m), WATCH (player 4.3m, cooldown 1.0s)
[  3445   37.744 x1.00] LOG  [OniBoss] Playing animation: Idle
[  3446   37.749 x1.00] LOG  [OniBoss] Playing animation: Walk
[  3526   38.309 x1.00] LOG  [OniBoss] Playing animation: Idle
[  3541   38.419 x1.00] LOG  🚶 2-LEG JUMP
[  3541   38.419 x1.00] LOG  🐾 Jump 1 VFX spawned!
[  3576   38.710 x1.00] LOG  [OniBoss] hold-ground: cooldown over, player 4.0m > 3.5m — APPROACH
[  3576   38.710 x1.00] LOG  [OniBoss] Playing animation: Walk
[  3629   39.124 x1.00] LOG  [ComboTrace] LAUNCH OniBoss at 1.5m dist=1.51m in 0.15s [AIRBORNE]
[  3629   39.124 x1.00] LOG  [Combat] Aerial spin, 25 dmg
[  3629   39.124 x1.00] LOG  [YoruVFX] Air spin: 'VFX_Void_Burst_AirSpinYoru' at CenterVFX, 46 systems, longest 1.00s fitted to 0.79s at speed 1.27, 8 forced Local, 38 delays zeroed, tail 2.37s
[  3629   39.124 x1.00] LOG  OniBoss took 10 damage. HP: 2352/2500
[  3629   39.124 x1.00] LOG  [OniBoss] Chase → HitReact
[  3629   39.124 x1.00] LOG  [OniBoss:Layer] react tier: LIGHT (10 dmg) → 'Hit_react_light'
[  3629   39.124 x1.00] LOG  [OniReactTrace] #6 LIGHT (10 dmg) asked for 'Hit_react_light': crossfade 0.08s, animator speed 1.35, world x1.00
[  3629   39.124 x1.00] LOG  [Momentum] 0 -> 1 (hit), speed x1.05, damage x1.05, impact x1.05
[  3629   39.124 x1.00] LOG  [CameraGameFeel] Shake: intensity=0.06 duration=0.080s
[  3629   39.124 x1.00] LOG  [CameraGameFeel] Shake: intensity=0.53 duration=0.200s
[  3629   39.124 x1.00] LOG  [CameraGameFeel] FOV punch: hit light (+1.5°)
[  3629   39.124 x1.00] LOG  [AirPosePin] engaged, holding body at 2.657m above the transform
[  3630   39.135 x1.00] LOG  [OniReactTrace] #6 +0.01s state SOMETHING ELSE, clip on his bones 'Take 001' weight 1.00, blending INTO 'Hit_react_light', layer weight 1.00, animator speed 0.00, world x1.00, engine HitReact
[  3641   39.225 x1.00] LOG  [OniReactTrace] #6 +0.10s state SOMETHING ELSE, clip on his bones 'Take 001' weight 0.20, blending INTO 'Hit_react_light', layer weight 1.00, animator speed 1.35, world x1.00, engine HitReact
[  3647   39.278 x1.00] LOG  [ComboTrace] LAUNCH RESULT wanted=1.51m actually moved=0.93m, completed
[  3647   39.278 x1.00] LOG  OniBoss took 10 damage. HP: 2342/2500
[  3647   39.278 x1.00] LOG  [OniBoss:Layer] burst: 2 hits / 20 dmg → flinch upgraded to 'HitReact_medium'
[  3647   39.278 x1.00] LOG  [OniReactTrace] #7 BURST UPGRADE (20 dmg) asked for 'HitReact_medium': crossfade 0.08s, animator speed 1.35, world x1.00
[  3647   39.278 x1.00] LOG  [CameraGameFeel] Shake: intensity=0.18 duration=0.200s
[  3648   39.289 x1.00] LOG  [OniReactTrace] #7 +0.01s state SOMETHING ELSE, clip on his bones 'Take 001' weight 0.88, blending INTO 'HitReact_medium', layer weight 1.00, animator speed 1.35, world x1.00, engine HitReact
[  3655   39.348 x1.00] LOG  💨 Landing VFX spawned!
[  3655   39.348 x1.00] LOG  ✅ LANDED! (was jump #1)
[  3655   39.348 x1.00] LOG  [AirPosePin] released, peak correction was 0.150m
[  3659   39.383 x1.00] LOG  [OniReactTrace] #7 +0.11s state 'HitReact_medium' at 9 % of its 1.08s, clip on his bones 'Take 001' weight 1.00, layer weight 1.00, animator speed 1.35, world x1.00, engine HitReact
[  3666   39.429 x1.00] LOG  OniBoss took 10 damage. HP: 2332/2500
[  3666   39.429 x1.00] LOG  [OniBoss] HitReact → Stagger
[  3666   39.429 x1.00] LOG  [OniBoss] Playing animation: Stagger
[  3666   39.429 x1.00] LOG  [OniBoss] STAGGERED for 2.5s
[  3666   39.429 x1.00] LOG  [OniBoss:Layer] heavy knock-back react (swirl burst, 3 hits / 30 dmg) → 'HitReact_Heavy', down for 1.80s
[  3666   39.429 x1.00] LOG  [OniReactTrace] #8 HEAVY (0 dmg) asked for 'HitReact_Heavy': crossfade 0.08s, animator speed 1.35, world x1.00
[  3666   39.429 x1.00] LOG  [OniBoss:Layer] burst: 3 hits / 30 dmg inside 0.8s → knock-back + 0.90m push
[  3666   39.429 x1.00] LOG  [Momentum] 1 -> 2 (hit), speed x1.10, damage x1.10, impact x1.10
[  3666   39.429 x1.00] LOG  [CameraGameFeel] Shake: intensity=0.06 duration=0.080s
[  3666   39.429 x1.00] LOG  [CameraGameFeel] Shake: intensity=0.19 duration=0.200s
[  3667   39.440 x1.00] LOG  [OniReactTrace] #8 +0.01s state SOMETHING ELSE, clip on his bones 'Take 001' weight 0.84, blending INTO 'HitReact_Heavy', layer weight 1.00, animator speed 1.35, world x1.00, engine Stagger
[  3677   39.533 x1.00] LOG  [OniReactTrace] #8 +0.10s state 'HitReact_Heavy' at 8 % of its 1.11s, clip on his bones 'Take 001' weight 1.00, layer weight 1.00, animator speed 1.35, world x1.00, engine Stagger
[  3693   39.681 x1.00] LOG  [OniReactTrace] #8 +0.25s state 'HitReact_Heavy' at 22 % of its 1.11s, clip on his bones 'Take 001' weight 1.00, layer weight 1.00, animator speed 1.35, world x1.00, engine Stagger
[  3715   39.859 x1.00] LOG  [YoruVFX] Spin VFX stopped, fading for 2.37s
[  3719   39.884 x1.00] LOG  [OniReactTrace] #8 +0.45s state 'HitReact_Heavy' at 40 % of its 1.11s, clip on his bones 'Take 001' weight 1.00, layer weight 1.00, animator speed 1.35, world x1.00, engine Stagger
[  3719   39.884 x1.00] LOG  [ComboTrace] END step=3 clipProgress=0.90 clipLen=0.79s queued=0 elapsed=0.76s
[  3750   40.134 x1.00] LOG  [OniReactTrace] #8 +0.71s state 'HitReact_Heavy' at 63 % of its 1.11s, clip on his bones 'Take 001' weight 1.00, layer weight 1.00, animator speed 1.35, world x1.00, engine Stagger
[  3784   40.380 x1.00] LOG  [OniReactTrace] #8 +0.95s state 'HitReact_Heavy' at 85 % of its 1.11s, clip on his bones 'Take 001' weight 1.00, layer weight 1.00, animator speed 1.35, world x1.00, engine Stagger
[  3784   40.380 x1.00] LOG  [OniReactTrace] #8 HEAVY verdict: played to 85 % of the clip, so the reaction IS on screen and what is missing is movement inside the clip itself
[  3903   41.234 x1.00] LOG  [OniBoss] Stagger → Chase
[  3904   41.240 x1.00] LOG  [OniBoss] Playing animation: Watch
[  3904   41.240 x1.00] LOG  [OniBoss] Chase → Attack
[  3904   41.240 x1.00] LOG  [OniBoss] Attack: ClubSlam (20 dmg)
[  3904   41.240 x1.00] LOG  [OniBoss:Trail] ClubSlam trail START at clip 1.00 (transition done).
[  3941   41.515 x1.00] LOG  [StormWeather] ⚡ strike at (490.23, 45.00, 453.49)
[  3962   41.670 x1.00] LOG  [CameraGameFeel] Shake: intensity=0.50 duration=0.400s
[  3962   41.670 x1.00] LOG  [Peach] heavy hit 20 dmg: 3 bites. 1/16 bites = 0.25 of 4 peaches
[  3962   41.670 x1.00] LOG  [Momentum] 2 -> 0 (heavy hit taken, reset), speed x1.00, damage x1.00, impact x1.00
[  3962   41.670 x1.00] LOG  [Combat] Hit react: HitReact_Heavy_2Leg (0.9s, clip starts at 0.35s)
[  3962   41.670 x1.00] LOG  [CameraGameFeel] Shake: intensity=0.60 duration=0.200s
[  3962   41.670 x1.00] LOG  [CameraGameFeel] FOV punch: player damage (-3.0°)
[  3962   41.670 x1.00] LOG  [OniBoss] Hit player for 20 (ClubSlam)
[  3962   41.670 x1.00] LOG  [OniBoss:Touch] ClubSlam: club TOUCHED Yoru at clip 0.46, shaft 0.24m from her body line, head 0.66 along the club, tip 2.07m up, tip speed 95m/s. Full club hit delivered this frame.
[  3963   41.679 x1.00] LOG  [HitReactTrace] asked for 'HitReact_Heavy_2Leg' (0.90s, clip start 0.35s): NOT playing it, another state took the combat layer, blend resolved after 8 ms, state 1.00s long at speed 1.00, now at 1.78s, layer weight 1.00, animator.speed 1.00.
[  4009   42.039 x1.00] LOG  [OniBoss:ClubPos] ClubSlam at strike: club tip 0.55m up, 2.91m in front, -0.15m to his right (2.91m out from his centre). Club faces 7deg from his forward, pitch -0.26. (the ground wave is born 1.6m in front of him at 0.35m.)
[  4009   42.039 x1.00] LOG  [OniBoss:Layer] ClubSlam: club already hit — ground wave released as VISUAL only (0 damage).
[  4025   42.166 x1.00] LOG  [OniBoss] Attack → Recovery
[  4025   42.166 x1.00] LOG  [OniBoss] Playing animation: Watch
[  4025   42.166 x1.00] LOG  [OniBoss:Trail] trail END at clip 0.99, fading over 0.40s.
[  4025   42.166 x1.00] LOG  [OniBoss:Strike] ClubSlam: club tip closest to Yoru at 0.16m, clip position 0.85 | damage fires at 0.85 | clip 0.93s => MATCHED (within one or two frames)
[  4044   42.321 x1.00] LOG  [OniBoss] Recovery → Chase
[  4045   42.328 x1.00] LOG  [OniBoss] hold-ground: BACKSTEP 1.5m (player 2.9m)
[  4176   43.231 x1.00] LOG  [OniBoss] hold-ground: backstep done (1.45m), WATCH (player 4.3m, cooldown 0.9s)
[  4176   43.231 x1.00] LOG  [OniBoss] Playing animation: Idle
[  4177   43.239 x1.00] LOG  [OniBoss] Playing animation: Walk
[  4218   43.541 x1.00] WARN The referenced script on this Behaviour (Game Object '<null>') is missing!
[  4218   43.541 x1.00] WARN The referenced script on this Behaviour (Game Object 'Lightning Light') is missing!
[  4218   43.541 x1.00] WARN The referenced script on this Behaviour (Game Object 'Lightning Light') is missing!
[  4220   43.555 x1.00] LOG  🚶 2-LEG JUMP
[  4220   43.555 x1.00] LOG  🐾 Jump 1 VFX spawned!
[  4241   43.723 x1.00] LOG  [OniBoss] Playing animation: Idle
[  4252   43.818 x1.00] LOG  [ComboTrace] LAUNCH OniBoss at 2.4m dist=2.38m in 0.24s [AIRBORNE]
[  4252   43.818 x1.00] LOG  [Combat] Aerial spin, 25 dmg
[  4252   43.818 x1.00] LOG  [YoruVFX] Air spin: 'VFX_Void_Burst_AirSpinYoru' at CenterVFX, 46 systems, longest 1.00s fitted to 0.79s at speed 1.27, 8 forced Local, 38 delays zeroed, tail 2.37s
[  4252   43.818 x1.00] LOG  [AirPosePin] engaged, holding body at 1.288m above the transform
[  4268   43.970 x1.00] LOG  OniBoss took 10 damage. HP: 2322/2500
[  4268   43.970 x1.00] LOG  [OniBoss] Chase → HitReact
[  4268   43.970 x1.00] LOG  [OniBoss:Layer] react tier: LIGHT (10 dmg) → 'Hit_react_light'
[  4268   43.970 x1.00] LOG  [OniReactTrace] #9 LIGHT (10 dmg) asked for 'Hit_react_light': crossfade 0.08s, animator speed 1.35, world x1.00
[  4268   43.970 x1.00] LOG  [Momentum] 0 -> 1 (hit), speed x1.05, damage x1.05, impact x1.05
[  4268   43.970 x1.00] LOG  [CameraGameFeel] Shake: intensity=0.06 duration=0.080s
[  4268   43.970 x1.00] LOG  [CameraGameFeel] Shake: intensity=0.53 duration=0.200s
[  4268   43.970 x1.00] LOG  [CameraGameFeel] FOV punch: hit light (+1.5°)
[  4269   43.978 x1.00] LOG  [OniReactTrace] #9 +0.01s state SOMETHING ELSE, clip on his bones 'Take 001' weight 1.00, blending INTO 'Hit_react_light', layer weight 1.00, animator speed 0.00, world x1.00, engine HitReact
[  4278   44.060 x1.00] LOG  [ComboTrace] LAUNCH RESULT wanted=2.38m actually moved=1.81m, completed
[  4280   44.076 x1.00] LOG  [OniReactTrace] #9 +0.11s state 'Hit_react_light' at 10 % of its 0.62s, clip on his bones 'Take 001' weight 1.00, layer weight 1.00, animator speed 1.35, world x1.00, engine HitReact
[  4286   44.124 x1.00] LOG  OniBoss took 10 damage. HP: 2312/2500
[  4286   44.124 x1.00] LOG  [OniBoss:Layer] burst: 2 hits / 20 dmg → flinch upgraded to 'HitReact_medium'
[  4286   44.124 x1.00] LOG  [OniReactTrace] #10 BURST UPGRADE (20 dmg) asked for 'HitReact_medium': crossfade 0.08s, animator speed 1.35, world x1.00
[  4286   44.124 x1.00] LOG  [CameraGameFeel] Shake: intensity=0.18 duration=0.200s
[  4287   44.131 x1.00] LOG  [OniReactTrace] #10 +0.01s state SOMETHING ELSE, clip on his bones 'Take 001' weight 0.86, blending INTO 'HitReact_medium', layer weight 1.00, animator speed 1.35, world x1.00, engine HitReact
[  4298   44.230 x1.00] LOG  [OniReactTrace] #10 +0.11s state 'HitReact_medium' at 9 % of its 1.08s, clip on his bones 'Take 001' weight 1.00, layer weight 1.00, animator speed 1.35, world x1.00, engine HitReact
[  4304   44.276 x1.00] LOG  OniBoss took 10 damage. HP: 2302/2500
[  4304   44.276 x1.00] LOG  [OniBoss] HitReact → Stagger
[  4304   44.276 x1.00] LOG  [OniBoss] Playing animation: Stagger
[  4304   44.276 x1.00] LOG  [OniBoss] STAGGERED for 2.5s
[  4304   44.276 x1.00] LOG  [OniBoss:Layer] heavy knock-back react (swirl burst, 3 hits / 30 dmg) → 'HitReact_Heavy', down for 1.80s
[  4304   44.276 x1.00] LOG  [OniReactTrace] #11 HEAVY (0 dmg) asked for 'HitReact_Heavy': crossfade 0.08s, animator speed 1.35, world x1.00
[  4304   44.276 x1.00] LOG  [OniBoss:Layer] burst: 3 hits / 30 dmg inside 0.8s → knock-back + 0.90m push
[  4304   44.276 x1.00] LOG  [Momentum] 1 -> 2 (hit), speed x1.10, damage x1.10, impact x1.10
[  4304   44.276 x1.00] LOG  [CameraGameFeel] Shake: intensity=0.06 duration=0.080s
[  4304   44.276 x1.00] LOG  [CameraGameFeel] Shake: intensity=0.19 duration=0.200s
[  4305   44.286 x1.00] LOG  [OniReactTrace] #11 +0.01s state SOMETHING ELSE, clip on his bones 'Take 001' weight 0.85, blending INTO 'HitReact_Heavy', layer weight 1.00, animator speed 1.35, world x1.00, engine Stagger
[  4317   44.385 x1.00] LOG  [OniReactTrace] #11 +0.11s state 'HitReact_Heavy' at 9 % of its 1.11s, clip on his bones 'Take 001' weight 1.00, layer weight 1.00, animator speed 1.35, world x1.00, engine Stagger
[  4322   44.431 x1.00] LOG  OniBoss punish window! 11 → 16 (x1.5)
[  4322   44.431 x1.00] LOG  OniBoss took 16 damage. HP: 2286/2500
[  4322   44.431 x1.00] LOG  [CameraGameFeel] Shake: intensity=0.19 duration=0.200s
[  4329   44.491 x1.00] LOG  💨 Landing VFX spawned!
[  4329   44.491 x1.00] LOG  ✅ LANDED! (was jump #1)
[  4329   44.491 x1.00] LOG  [AirPosePin] released, peak correction was 0.004m
[  4333   44.526 x1.00] LOG  [OniReactTrace] #11 +0.25s state 'HitReact_Heavy' at 22 % of its 1.11s, clip on his bones 'Take 001' weight 1.00, layer weight 1.00, animator speed 1.35, world x1.00, engine Stagger
[  4336   44.548 x1.00] LOG  [YoruVFX] Spin VFX stopped, fading for 2.37s
[  4340   44.575 x1.00] LOG  [ComboTrace] END step=3 clipProgress=0.90 clipLen=0.79s queued=0 elapsed=0.76s
[  4359   44.729 x1.00] LOG  [OniReactTrace] #11 +0.45s state 'HitReact_Heavy' at 40 % of its 1.11s, clip on his bones 'Take 001' weight 1.00, layer weight 1.00, animator speed 1.35, world x1.00, engine Stagger
[  4390   44.979 x1.00] LOG  [OniReactTrace] #11 +0.70s state 'HitReact_Heavy' at 63 % of its 1.11s, clip on his bones 'Take 001' weight 1.00, layer weight 1.00, animator speed 1.35, world x1.00, engine Stagger
[  4422   45.229 x1.00] LOG  [OniReactTrace] #11 +0.95s state 'HitReact_Heavy' at 85 % of its 1.11s, clip on his bones 'Take 001' weight 1.00, layer weight 1.00, animator speed 1.35, world x1.00, engine Stagger
[  4422   45.229 x1.00] LOG  [OniReactTrace] #11 HEAVY verdict: played to 85 % of the clip, so the reaction IS on screen and what is missing is movement inside the clip itself
[  4539   46.079 x1.00] LOG  [OniBoss] Stagger → Chase
[  4540   46.091 x1.00] LOG  [OniBoss] Playing animation: Watch
[  4540   46.091 x1.00] LOG  [OniBoss] Combo started: swing1-2 (2 steps remaining)
[  4540   46.091 x1.00] LOG  [OniBoss] Chase → Attack
[  4540   46.091 x1.00] LOG  [OniBoss] Attack: Club_Swing (16 dmg)
[  4540   46.091 x1.00] LOG  [OniBoss:Trail] Club_Swing trail START at clip 1.00 (transition done).
[  4587   46.459 x1.00] LOG  [OniBoss:ClubPos] Club_Swing at strike: club tip 3.03m up, 2.04m in front, -3.15m to his right (3.75m out from his centre). Club faces -92deg from his forward, pitch 0.41. (the ground wave is born 1.6m in front of him at 0.35m.)
[  4587   46.459 x1.00] LOG  [OniBoss:Layer] Club_Swing: club has not connected — ground wave released ARMED, 1.6m in front, 12m/s x 6.0m = 0.50s, carrying 8 (half of the club's 16).
[  4588   46.466 x1.00] LOG  [Peach] light hit 8 dmg: 1 bite. 0/16 bites = 0 of 4 peaches
[  4588   46.466 x1.00] LOG  [Health] Player died (light killing hit). Game over menu: next pass.
[  4588   46.466 x1.00] LOG  [CameraGameFeel] Shake: intensity=0.30 duration=0.200s
[  4588   46.466 x1.00] LOG  [CameraGameFeel] FOV punch: player damage (-2.0°)
[  4588   46.466 x0.15] LOG  [Death] Yoru died on the ground on 2 legs (light hit): HR_Die_2legs. Slow motion x0.15 for 0.8s then x0.50, death sound set.
[  4588   46.466 x0.15] LOG  [OniBoss:Wave] wave TOUCHED Yoru (grounded) for 8 after 0.1m / 0.01s of travel.
[  4589   46.476 x0.15] LOG  [PeachUI] LOW HEALTH cue OFF (she died: heartbeat stops, bleed holds at full)
[  4589   46.476 x0.15] LOG  [GameOver] Yoru died: waiting for the death animation to finish, then 1.0s, then ink 3.0s, title 2.0s, buttons 1.5s
[  4816   48.067 x0.46] LOG  [Pause] Esc ignored: Yoru is dead, the game over screen owns the screen
[  4846   48.296 x0.50] LOG  [OniBoss] Attack → Recovery
[  4846   48.296 x0.50] LOG  [OniBoss] Playing animation: Watch
[  4846   48.296 x0.50] LOG  [OniBoss:Trail] trail END at clip 0.99, fading over 0.40s.
[  4846   48.296 x0.50] LOG  [OniBoss:Strike] Club_Swing: club tip closest to Yoru at 1.29m, clip position 0.91 | damage fires at 0.42 | clip 0.84s => damage fires 414 ms BEFORE the club is closest
[  4847   48.303 x0.50] LOG  [OniBoss] Yoru is dead: standing down
[  4847   48.303 x0.50] LOG  [OniBoss] Recovery → Idle
[  4847   48.303 x0.50] LOG  [OniBoss] Playing animation: Idle
[  4847   48.303 x0.50] LOG  [OniBoss:Layer] watch stance ON (player 2.8m)
[  4847   48.303 x0.50] LOG  [BossBar] Hiding bar (Oni disengaged)
[  4847   48.303 x0.50] LOG  [OniBoss:Layer] boss bar hidden (disengage)
[  4849   48.317 x0.50] LOG  [Momentum] 2 -> 1 (drain), speed x1.05, damage x1.05, impact x1.05
[  4990   49.322 x0.50] LOG  [Momentum] 1 -> 0 (drain), speed x1.00, damage x1.00, impact x1.00
[  5266   51.184 x0.50] LOG  [StormWeather] terrain layers restored to dry values.
# end — 523 lines
