# Oni combat log — 2026-09-20 17:44:37
# Unity 6000.2.7f2 | scene 'CaveScene_Oni_Boss1' | platform OSXEditor
# columns: [frame realSeconds timeScale] KIND message      (KIND: LOG WARN ERR EXC TEL)
#
[     0    0.000 x1.00] LOG  [OniLog] console + telemetry → /Users/asenahazal/Documents/Yoru/OniLogs/oni_2026-09-20_17-44-37.log
[     0    0.000 x1.00] LOG  [OniHairShadows] shadow casting off on 27 hair renderers
[     0    0.000 x1.00] LOG  [RingMesh] Auto-found 11/11 left, 11/11 right meshes
[     1    0.000 x1.00] LOG  [PeachUI] row ready: 4 peaches, 64 px, TopLeft, bleed sprite set, PlayerHealth found
[     1    0.000 x1.00] LOG  [BossBar] BossHealthBarUI initialized
[     1    0.000 x1.00] LOG  [StormWeather] layer 'TerrainLayer_Dirt_01' dry smoothness=0.00 (restore to this if a crash ever leaves it wet)
[     1    0.000 x1.00] LOG  [StormWeather] post volumes ready on layer 9 (storm priority 10, flash priority 11).
[     1    0.000 x1.00] LOG  [StormWeather] ROUND 80: fur weather ready on 'Weather Zone'. Rain 0, wind 0.50 in the open, sky check 30 m from 'PlayerYoru_1.1'.
[     1    0.000 x1.00] LOG  [StormWeather] COZY bridge: Rain_Cave retired, COZY owns the rain now.
[     1    0.000 x1.00] LOG  [StormWeather] COZY → 'Clear' (pre-fight - open sky, 0 s)
[     1    0.000 x1.00] LOG  [StormWeather] Ready. Open sky, dry floor. Waiting for the fight.
[     1    0.000 x1.00] LOG  OniBoss initialized with 2500 HP
[     1    0.000 x1.00] LOG  [OniBoss] ANIMATOR SETUP: cullingMode=CullUpdateTransforms updateMode=Normal applyRootMotion=False speed=1
[     1    0.000 x1.00] LOG  [OniBoss] Initialized
[     1    0.000 x1.00] LOG  [OniBoss:Layer] facing: minFlat 1m, snapOnAttack off, trackInHitReact off, aimTurn 540 deg/s for the first 0.20 of the swing
[     1    0.000 x1.00] LOG  [OniBoss:Layer] Yoru launch model ON: launches ALL THE WAY to an enemy within 4.7m of its surface at 10m/s (stop gap 0.00m, NO minimum distance), else steps 0.90m forward. Targeting cone left exactly as her prefab has it.
[     1    0.000 x1.00] LOG  [OniBoss:Layer] Yoru launch ROUND 9: airborne attacks launch too (ON), edge probe now runs on its OWN layer mask (Everything) instead of the line-of-sight mask - the Ground-only mask found no floor in this cave and was cancelling 100% of launches at 0.00m travelled.
[     1    0.000 x1.00] LOG  [OniBoss:Layer] animator speed x1.35 — his 1.13s swing now plays in 0.84s.
[     1    0.000 x1.00] LOG  [OniBoss:Layer] chase speed pushed: phase1 4.5, phase2 5.5 (Yoru runs at 7).
[     1    0.000 x1.00] LOG  [OniBoss:Layer] ground wave ON (round 38): half the club's damage on TOUCH, 12m/s x 6.0m from 1.6m in front at 0.35m height — a club hit cancels that swing's wave, jumping clears it. Per-attack effects come from the Swing Wave VFX By Attack rows. PlayerHealth found, PlayerMovement found.
[     1    0.000 x1.00] LOG  [StormWeather] storm break HELD (waiting for the lightning beat)
[     1    0.000 x1.00] LOG  [OniBoss:Layer] storm break HELD — it releases at the lightning-on-the-club beat.
[     1    0.000 x1.00] LOG  [OniBoss:Layer] club tracking ON — tip 'Kanabo3' (depth 4), shaft root 'kanabo'.
[     1    0.000 x1.00] LOG  [OniBoss:Layer] skinned meshes: 46 renderer(s), updateWhenOffscreen ON, body renderer 'Body' rootBone 'Hips'
[     1    0.000 x1.00] LOG  [OniBoss:Layer] charge travel bone: 'Hips' at depth 1 under 'OniBoss', rest local (0.00, 3.24, -0.24)
[     1    0.000 x1.00] LOG  [OniBoss:Layer] anti-kite ON: thrown swing after 4s of failed chase (within 7.6m), charge after 6s.
[     1    0.000 x1.00] LOG  [OniBoss:Layer] charge drive ON (windup to 0.40 at x1.3, rush 14m/s stops at 2.6m, steers 0.35s then commits, strike section from 0.58, strike moment 0.76, trail VFX off)
[     1    0.000 x1.00] LOG  [OniBoss:Layer] attack armor ON (his swings are not interrupted by light/medium hits; heavy hits and rapid-hit bursts still stop him)
[     1    0.000 x1.00] LOG  [OniBoss:Layer] strike moments overridden: Club_Swing=0.42 ClubSwing2=0.32 ClubSlam=0.85 KanaboSweep=0.48
[     1    0.000 x1.00] LOG  [OniBoss:Layer] club TOUCH hits ON (radius 0.70m, min tip speed 50m/s, armed from 0.20 of the clip): Club_Swing ClubSwing2 ClubSlam KanaboSweep. First touch wins — club full damage, wave half, one hit per swing.
[     1    0.000 x1.00] LOG  [OniBoss:Layer] combo damage ramp ON: mid x1.25, finisher x1.50 — finisher wave carries FULL damage at x2.0 size, x2.0 travel.
[     1    0.000 x1.00] LOG  [OniBoss:Layer] charge follow-up ON: 90 % of solo charges chain into a random melee finisher.
[     1    0.000 x1.00] LOG  [OniBoss:Layer] hold-ground ON (backstep 1.5m @ 1.6m/s after own attacks, watch 'Watch', attack facing LOCKED)
[     1    0.000 x1.00] LOG  [OniBoss:Layer] OniBoss layer ready (reactions, wake-on-hit, watch stance, boss bar). player=found
[     1    0.000 x1.00] LOG  [OniBoss:Layer] charge clip 'Oni Charge.fbx' imports with Root Motion Node = None (in place) — good.
[     1    0.000 x1.00] LOG  [OniBoss:Layer] clips importing with Root Transform Position (Y) NOT baked into pose (12): Oni_Alert(Oni Alert), Club_Slam(Oni Club Slam), Club_Swing(Oni Club Swing), Club_swing2(Oni Club Swing 2), Death(Oni Death Kneel), Hit_react_light(Oni Hit react lighter light), KanaboSweep(Oni Kanabo sweep), Phase_Transition(Oni Phase transition), run(Oni Run), Walk(Oni Walk), Watch(Oni Watch), Idle(Oni Idle) — their hips' up/down motion is stripped (see round notes; optional).
[     1    0.000 x1.00] LOG  === VFX MANAGER INITIALIZED ===
[     1    0.000 x1.00] LOG  Auto-detect animations: False
[     1    0.000 x1.00] LOG  Parent effects to tail: True
[     1    0.000 x1.00] LOG  Prefabs: Jump=True, Land=True, LTail=True, RTail=True
[     1    0.000 x1.00] LOG  ✅ Left Tail Tip: LeftTailTip_Anchor
[     1    0.000 x1.00] LOG  ✅ Right Tail Tip: RightTailTip_Anchor
[     1    0.000 x1.00] LOG  [VolumetricFogController] applyPresets is OFF in this scene. The Volumetric Fog component keeps its hand-set inspector values.
[     1    0.000 x1.00] LOG  [TailAirShot] Ready. drawState=RightTail_Fast castParam=TailCastSpeed (found)
  arrow leaves: PlayerYoru_1.1/Cat_All_10_Tails_v4/Group/DeformationSystem/root/Root_M/Tail15_R/Tail151_R/Tail152_R/Tail153_R/Tail154_R/Tail155_R/Tail156_R/Tail157_R/Tail158_R/Tail159_R/Tail1510_R/Tail1511_R/Tail1512_R/Tail6_R/Tail6_R_end/Tail6_R_end_end/Tail6_R_end_end_end/RightTailTip_Anchor
  aim VFX: PlayerYoru_1.1/Cat_All_10_Tails_v4/Group/DeformationSystem/root/Root_M/Tail15_R/Tail151_R/Tail152_R/Tail153_R/Tail154_R/Tail155_R/Tail156_R/Tail157_R/Tail158_R/Tail159_R/Tail1510_R/Tail1511_R/Tail1512_R/Tail6_R/Tail6_R_end/Tail6_R_end_end/Tail6_R_end_end_end/RightTailTip_Anchor/vfx_Muzzle_Fireball01Blue
[     1    0.000 x1.00] LOG  [RingMesh] VFX Status:
[     1    0.000 x1.00] LOG    Left: Prefab=✓, Spawn=Tail6_L_end_end_end
[     1    0.000 x1.00] LOG    Right: Prefab=✓, Spawn=Tail6_R_end_end_end
[     1    0.000 x1.00] LOG  [TailAirShot4Leg] Ready. drawState=shoot_4Leg castParam=Shoot4LegSpeed (found) readyFrame=5 fireFrame=10 frames=24 slowBudget=3s real damageMultiplier=2.00
  arrow leaves: PlayerYoru_1.1/Cat_All_10_Tails_v4/Group/DeformationSystem/root/Root_M/Tail15_R/Tail151_R/Tail152_R/Tail153_R/Tail154_R/Tail155_R/Tail156_R/Tail157_R/Tail158_R/Tail159_R/Tail1510_R/Tail1511_R/Tail1512_R/Tail6_R/Tail6_R_end/Tail6_R_end_end/Tail6_R_end_end_end/RightTailTip_Anchor
  aim VFX left:  PlayerYoru_1.1/Cat_All_10_Tails_v4/Group/DeformationSystem/root/Root_M/Tail15_L/Tail151_L/Tail152_L/Tail153_L/Tail154_L/Tail155_L/Tail156_L/Tail157_L/Tail158_L/Tail159_L/Tail1510_L/Tail1511_L/Tail1512_L/Tail6_L/Tail6_L_end/Tail6_L_end_end/Tail6_L_end_end_end/LeftTailTip_Anchor/Glow_4Leg_L
  aim VFX right: PlayerYoru_1.1/Cat_All_10_Tails_v4/Group/DeformationSystem/root/Root_M/Tail15_R/Tail151_R/Tail152_R/Tail153_R/Tail154_R/Tail155_R/Tail156_R/Tail157_R/Tail158_R/Tail159_R/Tail1510_R/Tail1511_R/Tail1512_R/Tail6_R/Tail6_R_end/Tail6_R_end_end/Tail6_R_end_end_end/RightTailTip_Anchor/Glow_4Leg_R
[     1    0.000 x1.00] LOG  [PlayerCombat] Phase 2 form gate CONNECTED (FormController found on this GameObject).
[     1    0.000 x1.00] LOG  [Combat] PlayerCombat initialized, Phase 3C v27
[     1    0.000 x1.00] LOG  [CameraGameFeel] CameraGameFeel initialized (shake + FOV)
[     1    4.960 x1.00] LOG  [OniBoss] Playing animation: Idle
[     8    6.693 x1.00] LOG  💨 Landing VFX spawned!
[     8    6.693 x1.00] LOG  ✅ LANDED! (was jump #0)
[   499   10.409 x1.00] LOG  [OniBoss:Layer] watch stance ON (player 14.9m)
[   634   11.412 x1.00] LOG  [OniBoss] LostSoul → Alert
[   634   11.412 x1.00] LOG  [OniBoss] Playing animation: Oni_Alert
[   634   11.412 x1.00] LOG  [BossBar] Showing bar for: Oni (2500/2500)
[   634   11.412 x1.00] LOG  [OniBoss:Layer] boss bar shown
[   635   11.422 x1.00] LOG  [StormWeather] COZY → 'Yoru_Oni_Phase1_Storm' (fight engaged - storm rolls in, 0 s)
[   635   11.422 x1.00] LOG  [StormWeather] FIGHT STARTED (he engaged) - storm on, floor starts to soak.
[   636   11.435 x1.00] WARN The referenced script on this Behaviour (Game Object '<null>') is missing!
[   636   11.435 x1.00] WARN The referenced script on this Behaviour (Game Object 'Lightning Light') is missing!
[   636   11.435 x1.00] WARN The referenced script on this Behaviour (Game Object 'Lightning Light') is missing!
[   675   11.792 x1.00] LOG  [StormWeather] fur: rain reaching the coat (intensity 0.01, follows floor wetness).
[   689   11.913 x1.00] LOG  [OniBoss] Alert → Chase
[   690   11.919 x1.00] LOG  [OniBoss] Pull-band decision: RUN-IN (dist 5.4m, pullRange 0m, chance 0.50)
[   690   11.919 x1.00] LOG  [OniBoss] Playing animation: run
[   722   12.168 x1.00] LOG  [OniBoss] Playing animation: Idle
[   722   12.168 x1.00] LOG  [OniBoss] Chase → Attack
[   722   12.168 x1.00] LOG  [OniBoss] Attack: ClubSwing2 (16 dmg)
[   722   12.168 x1.00] LOG  [OniBoss:Trail] ClubSwing2 trail START at clip 0.26 (transition done).
[   728   12.219 x1.00] LOG  [StormWeather] storm post weight -> 0.40
[   729   12.229 x1.00] LOG  [OniBoss:Layer] step-in: 'ClubSwing2' closed 0.35m, Yoru now 3.0m away (range 3.5)
[   765   12.499 x1.00] LOG  [CameraGameFeel] Shake: intensity=0.20 duration=0.250s
[   765   12.499 x1.00] LOG  [Peach] light hit 16 dmg: 2 bites. 14/16 bites = 3.5 of 4 peaches
[   765   12.499 x1.00] LOG  [Combat] Hit react: HitReact_Light_2Leg (0.5s, clip starts at 0.35s)
[   765   12.499 x1.00] LOG  [CameraGameFeel] Shake: intensity=0.30 duration=0.200s
[   765   12.499 x1.00] LOG  [CameraGameFeel] FOV punch: player damage (-2.0°)
[   765   12.499 x1.00] LOG  [OniBoss] Hit player for 16 (ClubSwing2)
[   765   12.499 x1.00] LOG  [OniBoss:Touch] ClubSwing2: club TOUCHED Yoru at clip 0.28, shaft 0.54m from her body line, head 0.65 along the club, tip 1.27m up, tip speed 92m/s, ONE FRAME EARLY (predicted). Full club hit delivered this frame.
[   766   12.516 x1.00] LOG  [HitReactTrace] asked for 'HitReact_Light_2Leg' (0.50s, clip start 0.35s): NOT playing it, another state took the combat layer, blend resolved after 17 ms, state 1.00s long at speed 1.00, now at 6.25s, layer weight 1.00, animator.speed 1.00.
[   772   12.554 x1.00] LOG  [OniBoss:ClubPos] ClubSwing2 at strike: club tip 0.19m up, 1.61m in front, 2.66m to his right (3.10m out from his centre). Club faces 16deg from his forward, pitch -0.89. (the ground wave is born 1.6m in front of him at 0.35m.)
[   772   12.554 x1.00] LOG  [OniBoss:Layer] ClubSwing2: club already hit — ground wave released as VISUAL only (0 damage).
[   841   13.049 x1.00] LOG  [Combat] Combo 1: 10 dmg
[   841   13.049 x1.00] LOG  [ComboTrace] START step=1 state='Combo1' queued=0 target='OniBoss' at 2.7m
[   841   13.049 x1.00] LOG  [ComboTrace] LAUNCH OniBoss at 1.3m dist=1.27m in 0.13s
[   841   13.049 x1.00] LOG  [AirPosePin] engaged, holding body at 0.630m above the transform
[   842   13.059 x1.00] LOG  [AirPosePin] released, peak correction was 0.000m
[   857   13.180 x1.00] LOG  [ComboTrace] LAUNCH RESULT wanted=1.27m actually moved=0.58m, completed
[   866   13.247 x1.00] LOG  [Combat] Queued click #1 (combo 1)
[   866   13.247 x1.00] LOG  [ComboTrace] QUEUED #1 during step 1
[   878   13.340 x1.00] LOG  [OniBoss] Attack → Recovery
[   878   13.340 x1.00] LOG  [OniBoss] Playing animation: Watch
[   878   13.340 x1.00] LOG  [OniBoss:Trail] trail END at clip 0.99, fading over 0.40s.
[   878   13.340 x1.00] LOG  [OniBoss:Strike] ClubSwing2: club tip closest to Yoru at 0.95m, clip position 0.30 | damage fires at 0.32 | clip 1.17s => MATCHED (within one or two frames)
[   886   13.433 x1.00] LOG  [Combat] Queued click #2 (combo 1)
[   886   13.433 x1.00] LOG  [ComboTrace] QUEUED #2 during step 1
[   894   13.492 x1.00] LOG  [OniBoss] Recovery → Chase
[   895   13.498 x1.00] LOG  [OniBoss] hold-ground: BACKSTEP 1.5m (player 2.0m)
[   898   13.518 x1.00] LOG  OniBoss took 10 damage. HP: 2490/2500
[   898   13.518 x1.00] LOG  [Stance] OniBoss 10/100 (+10 light)
[   898   13.518 x1.00] LOG  [OniBoss] Chase → HitReact
[   898   13.518 x1.00] LOG  [OniBoss:Layer] react tier: LIGHT (10 dmg) → 'Hit_react_light'
[   898   13.518 x1.00] LOG  [Momentum] 0 -> 1 (hit), speed x1.05, damage x1.05, impact x1.05
[   898   13.518 x1.00] LOG  [CameraGameFeel] Shake: intensity=0.06 duration=0.080s
[   898   13.518 x1.00] LOG  [Combat] Hit OniBoss for 10
[   898   13.518 x1.00] LOG  [CameraGameFeel] Shake: intensity=0.53 duration=0.200s
[   898   13.518 x1.00] LOG  [CameraGameFeel] FOV punch: hit light (+1.5°)
[   910   13.610 x1.00] LOG  [ComboTrace] CLICK IGNORED (step=1 queued=2)
[   923   13.690 x1.00] LOG  🐾 VFX_AttackPaw triggered!
[   936   13.799 x1.00] LOG  [ComboTrace] CLICK IGNORED (step=1 queued=2)
[   936   13.799 x1.00] LOG  [Combat] Combo 2: 20 dmg
[   936   13.799 x1.00] LOG  [ComboTrace] START step=2 state='Combo2' queued=1 target='OniBoss' at 2.0m
[   936   13.799 x1.00] LOG  [ComboTrace] LAUNCH OniBoss at 0.8m dist=0.79m in 0.13s
[   952   13.929 x1.00] LOG  [ComboTrace] LAUNCH RESULT wanted=0.79m actually moved=0.04m, completed
[   961   13.997 x1.00] LOG  [Combat] Queued click #2 (combo 2)
[   961   13.997 x1.00] LOG  [ComboTrace] QUEUED #2 during step 2
[   988   14.191 x1.00] LOG  [ComboTrace] CLICK IGNORED (step=2 queued=2)
[  1008   14.321 x1.00] LOG  [OniBoss] HitReact → Chase
[  1009   14.328 x1.00] LOG  [OniBoss] Playing animation: Watch
[  1017   14.383 x1.00] LOG  [ComboTrace] CLICK IGNORED (step=2 queued=2)
[  1019   14.398 x1.00] LOG  🐾🐾 VFX_TowPaw triggered!
[  1022   14.419 x1.00] LOG  OniBoss took 21 damage. HP: 2469/2500
[  1022   14.419 x1.00] LOG  [Stance] OniBoss 20/100 (+10 light)
[  1022   14.419 x1.00] LOG  [OniBoss] 🤕 Hit during Chase — flash only
[  1022   14.419 x1.00] LOG  [Momentum] 1 -> 2 (hit), speed x1.10, damage x1.10, impact x1.10
[  1022   14.419 x1.00] LOG  [CameraGameFeel] Shake: intensity=0.06 duration=0.080s
[  1022   14.419 x1.00] LOG  [Combat] Hit OniBoss for 21
[  1022   14.419 x1.00] LOG  [CameraGameFeel] Shake: intensity=0.55 duration=0.200s
[  1022   14.419 x1.00] LOG  [CameraGameFeel] FOV punch: hit light (+1.5°)
[  1041   14.565 x1.00] LOG  [ComboTrace] CLICK IGNORED (step=2 queued=2)
[  1068   14.764 x1.00] LOG  [ComboTrace] CLICK IGNORED (step=2 queued=2)
[  1074   14.800 x1.00] LOG  🐾🐾 VFX_TowPaw triggered!
[  1078   14.831 x1.00] LOG  [Combat] Combo 3: 35 dmg
[  1078   14.831 x1.00] LOG  [ComboTrace] START step=3 state='Combo3' queued=1 target='OniBoss' at 2.3m
[  1078   14.831 x1.00] LOG  [ComboTrace] LAUNCH OniBoss at 1.1m dist=1.05m in 0.13s
[  1078   14.831 x1.00] LOG  [YoruVFX] Ground hazard: 'VFX_Void_Area_GroundSpinYORU' laid at GroundVFX ((483.10, 0.85, 405.86)), floor tilt 4.6 deg, 17 delays shifted by 2.00s, own lifetime 8.98s
[  1078   14.831 x1.00] LOG  [Combat] Hazard zone tick: OniBoss for 25
[  1078   14.831 x1.00] LOG  [Combat] Hazard zone laid: 8.98s, 25 dmg every 0.50s in 2.00m
[  1084   14.892 x1.00] LOG  OniBoss took 38 damage. HP: 2406/2500
[  1084   14.892 x1.00] LOG  [Stance] OniBoss 30/100 (+10 light)
[  1084   14.892 x1.00] LOG  [OniBoss] Chase → HitReact
[  1084   14.892 x1.00] LOG  [OniBoss:Layer] burst: 2 hits / 59 dmg → flinch upgraded to 'HitReact_medium'
[  1084   14.892 x1.00] LOG  [OniBoss:Layer] react tier: MEDIUM (38 dmg) → 'HitReact_medium'
[  1084   14.892 x1.00] LOG  [Momentum] 2 -> 3 (hit), speed x1.15, damage x1.15, impact x1.15
[  1084   14.892 x1.00] LOG  [CameraGameFeel] Shake: intensity=0.06 duration=0.080s
[  1084   14.892 x1.00] LOG  [CameraGameFeel] Shake: intensity=0.58 duration=0.200s
[  1084   14.892 x1.00] LOG  [CameraGameFeel] FOV punch: hit light (+1.5°)
[  1092   14.960 x1.00] LOG  [ComboTrace] LAUNCH RESULT wanted=1.05m actually moved=0.46m, completed
[  1093   14.966 x1.00] LOG  [ComboTrace] CLICK IGNORED (step=3 queued=1)
[  1120   15.161 x1.00] LOG  [ComboTrace] CLICK IGNORED (step=3 queued=1)
[  1142   15.341 x1.00] LOG  [Combat] Hazard zone tick: OniBoss for 25
[  1174   15.579 x1.00] LOG  [ComboTrace] CLICK IGNORED (step=3 queued=1)
[  1184   15.663 x1.00] LOG  [ComboTrace] END step=3 clipProgress=0.96 clipLen=0.79s queued=0 elapsed=0.83s
[  1189   15.698 x1.00] LOG  [OniBoss] HitReact → Chase
[  1190   15.704 x1.00] LOG  [OniBoss] Playing animation: Watch
[  1190   15.704 x1.00] LOG  [OniBoss] Chase → Attack
[  1190   15.704 x1.00] LOG  [OniBoss] Attack: ClubSwing2 (16 dmg)
[  1190   15.704 x1.00] LOG  [OniBoss:Trail] ClubSwing2 trail START at clip 0.70 (transition done).
[  1197   15.759 x1.00] LOG  [ComboTrace] CLICK DROPPED by attackCooldown (0.10s, 0.10s since last attack) step=3
[  1210   15.849 x1.00] LOG  [Combat] Hazard zone tick: OniBoss for 25
[  1225   15.957 x1.00] LOG  [Combat] Combo 1: 10 dmg
[  1225   15.957 x1.00] LOG  [ComboTrace] START step=1 state='Combo1' queued=0 target='OniBoss' at 2.2m
[  1225   15.957 x1.00] LOG  [ComboTrace] LAUNCH OniBoss at 0.9m dist=0.95m in 0.13s
[  1236   16.043 x1.00] LOG  [CameraGameFeel] Shake: intensity=0.20 duration=0.250s
[  1236   16.043 x1.00] LOG  [Peach] light hit 16 dmg: 2 bites. 12/16 bites = 3 of 4 peaches
[  1236   16.043 x1.00] LOG  [Momentum] 3 -> 1 (light hit taken, 50% = -2), speed x1.05, damage x1.05, impact x1.05
[  1236   16.043 x1.00] LOG  [Combat] Combo memory: light hit, keeping step 1
[  1236   16.043 x1.00] LOG  [Combat] Hit react: HitReact_Light_2Leg (0.5s, clip starts at 0.35s)
[  1236   16.043 x1.00] LOG  [CameraGameFeel] Shake: intensity=0.30 duration=0.200s
[  1236   16.043 x1.00] LOG  [CameraGameFeel] FOV punch: player damage (-2.0°)
[  1236   16.043 x1.00] LOG  [OniBoss] Hit player for 16 (ClubSwing2)
[  1236   16.043 x1.00] LOG  [OniBoss:Touch] ClubSwing2: club TOUCHED Yoru at clip 0.29, shaft 0.51m from her body line, head 0.52 along the club, tip 0.82m up, tip speed 96m/s. Full club hit delivered this frame.
[  1237   16.052 x1.00] LOG  [HitReactTrace] asked for 'HitReact_Light_2Leg' (0.50s, clip start 0.35s): NOT playing it, another state took the combat layer, blend resolved after 9 ms, state 0.82s long at speed 1.60, now at 0.09s, layer weight 1.00, animator.speed 1.00.
[  1242   16.089 x1.00] LOG  [OniBoss:ClubPos] ClubSwing2 at strike: club tip 0.16m up, 1.67m in front, 2.59m to his right (3.08m out from his centre). Club faces 12deg from his forward, pitch -0.89. (the ground wave is born 1.6m in front of him at 0.35m.)
[  1242   16.089 x1.00] LOG  [OniBoss:Layer] ClubSwing2: club already hit — ground wave released as VISUAL only (0 damage).
[  1278   16.361 x1.00] LOG  [Combat] Hazard zone tick: OniBoss for 25
[  1307   16.591 x1.00] LOG  [Combat] Combo 2: 20 dmg
[  1307   16.591 x1.00] LOG  [ComboTrace] START step=2 state='Combo2' queued=0 target='OniBoss' at 2.0m
[  1307   16.591 x1.00] LOG  [ComboTrace] LAUNCH OniBoss at 0.7m dist=0.75m in 0.13s
[  1323   16.719 x1.00] LOG  [ComboTrace] LAUNCH RESULT wanted=0.75m actually moved=0.00m, completed
[  1332   16.799 x1.00] LOG  [Combat] Queued click #1 (combo 2)
[  1332   16.799 x1.00] LOG  [ComboTrace] QUEUED #1 during step 2
[  1340   16.863 x1.00] LOG  [Combat] Hazard zone tick: OniBoss for 25
[  1341   16.869 x1.00] LOG  [OniBoss] Attack → Recovery
[  1341   16.869 x1.00] LOG  [OniBoss] Playing animation: Watch
[  1341   16.869 x1.00] LOG  [OniBoss:Trail] trail END at clip 0.99, fading over 0.40s.
[  1341   16.869 x1.00] LOG  [OniBoss:Strike] ClubSwing2: club tip closest to Yoru at 1.45m, clip position 0.30 | damage fires at 0.32 | clip 1.17s => MATCHED (within one or two frames)
[  1358   16.991 x1.00] LOG  [Combat] Queued click #2 (combo 2)
[  1358   16.991 x1.00] LOG  [ComboTrace] QUEUED #2 during step 2
[  1362   17.020 x1.00] LOG  [OniBoss] Recovery → Chase
[  1363   17.029 x1.00] LOG  [OniBoss] hold-ground: BACKSTEP 1.5m (player 2.0m)
[  1383   17.190 x1.00] LOG  🐾🐾 VFX_TowPaw triggered!
[  1384   17.199 x1.00] LOG  [ComboTrace] CLICK IGNORED (step=2 queued=2)
[  1384   17.199 x1.00] LOG  OniBoss took 21 damage. HP: 2285/2500
[  1384   17.199 x1.00] LOG  [Stance] OniBoss 24/100 (+10 light)
[  1384   17.199 x1.00] LOG  [OniBoss] Chase → HitReact
[  1384   17.199 x1.00] LOG  [OniBoss:Layer] react tier: MEDIUM (21 dmg) → 'HitReact_medium'
[  1384   17.199 x1.00] LOG  [Momentum] 1 -> 2 (hit), speed x1.10, damage x1.10, impact x1.10
[  1384   17.199 x1.00] LOG  [CameraGameFeel] Shake: intensity=0.06 duration=0.080s
[  1384   17.199 x1.00] LOG  [Combat] Hit OniBoss for 21
[  1384   17.199 x1.00] LOG  [CameraGameFeel] Shake: intensity=0.55 duration=0.200s
[  1384   17.199 x1.00] LOG  [CameraGameFeel] FOV punch: hit light (+1.5°)
[  1406   17.369 x1.00] LOG  [Combat] Hazard zone tick: OniBoss for 25
[  1415   17.444 x1.00] LOG  [ComboTrace] CLICK IGNORED (step=2 queued=2)
[  1435   17.580 x1.00] LOG  🐾🐾 VFX_TowPaw triggered!
[  1438   17.609 x1.00] LOG  [Combat] Combo 3: 35 dmg
[  1438   17.609 x1.00] LOG  [ComboTrace] START step=3 state='Combo3' queued=1 target='OniBoss' at 2.6m
[  1438   17.609 x1.00] LOG  [ComboTrace] LAUNCH OniBoss at 1.3m dist=1.30m in 0.13s
[  1438   17.609 x1.00] LOG  [YoruVFX] Ground hazard: 'VFX_Void_Area_GroundSpinYORU' laid at GroundVFX ((483.29, 0.78, 405.18)), floor tilt 6.1 deg, 17 delays shifted by 2.00s, own lifetime 8.98s
[  1438   17.609 x1.00] LOG  [Combat] Hazard zone tick: OniBoss for 25
[  1438   17.609 x1.00] LOG  [Combat] Hazard zone laid: 8.98s, 25 dmg every 0.50s in 2.00m
[  1438   17.609 x1.00] LOG  [AirPosePin] engaged, holding body at 0.652m above the transform
[  1439   17.623 x1.00] LOG  [AirPosePin] released, peak correction was 0.000m
[  1440   17.634 x1.00] LOG  [ComboTrace] CLICK DROPPED by attackCooldown (0.10s, 0.02s since last attack) step=3
[  1440   17.634 x1.00] LOG  [AirPosePin] engaged, holding body at 0.654m above the transform
[  1441   17.645 x1.00] LOG  [AirPosePin] released, peak correction was 0.000m
[  1444   17.671 x1.00] LOG  OniBoss took 38 damage. HP: 2197/2500
[  1444   17.671 x1.00] LOG  [Stance] OniBoss 34/100 (+10 light)
[  1444   17.671 x1.00] LOG  [OniBoss:Layer] burst: 2 hits / 59 dmg → flinch upgraded to 'HitReact_medium'
[  1444   17.671 x1.00] LOG  [Momentum] 2 -> 3 (hit), speed x1.15, damage x1.15, impact x1.15
[  1444   17.671 x1.00] LOG  [CameraGameFeel] Shake: intensity=0.06 duration=0.080s
[  1444   17.671 x1.00] LOG  [CameraGameFeel] Shake: intensity=0.58 duration=0.200s
[  1444   17.671 x1.00] LOG  [CameraGameFeel] FOV punch: hit light (+1.5°)
[  1452   17.748 x1.00] LOG  [ComboTrace] LAUNCH RESULT wanted=1.30m actually moved=0.78m, completed
[  1483   17.989 x1.00] LOG  [ComboTrace] CLICK IGNORED (step=3 queued=1)
[  1485   18.002 x1.00] LOG  [OniBoss] HitReact → Chase
[  1486   18.009 x1.00] LOG  [OniBoss] Playing animation: Idle
[  1499   18.114 x1.00] LOG  [Combat] Hazard zone tick: OniBoss for 25
[  1515   18.247 x1.00] LOG  [ComboTrace] CLICK IGNORED (step=3 queued=1)
[  1543   18.441 x1.00] LOG  [ComboTrace] END step=3 clipProgress=0.96 clipLen=0.79s queued=0 elapsed=0.83s
[  1568   18.617 x1.00] LOG  [Combat] Hazard zone tick: OniBoss for 25
[  1590   18.791 x1.00] LOG  [Combat] Combo 1: 10 dmg
[  1590   18.791 x1.00] LOG  [ComboTrace] START step=1 state='Combo1' queued=0 target='OniBoss' at 2.2m
[  1590   18.791 x1.00] LOG  [ComboTrace] LAUNCH OniBoss at 0.9m dist=0.92m in 0.13s
[  1594   18.827 x1.00] LOG  [OniBoss] Chase → Attack
[  1594   18.827 x1.00] LOG  [OniBoss] Attack: Club_Swing (16 dmg)
[  1594   18.827 x1.00] LOG  [OniBoss:Trail] Club_Swing trail START at clip 0.52 (transition done).
[  1606   18.917 x1.00] LOG  [ComboTrace] LAUNCH RESULT wanted=0.92m actually moved=0.20m, completed
[  1633   19.117 x1.00] LOG  [Combat] Hazard zone tick: OniBoss for 25
[  1642   19.192 x1.00] LOG  [OniBoss:ClubPos] Club_Swing at strike: club tip 3.02m up, 2.79m in front, -2.79m to his right (3.94m out from his centre). Club faces -76deg from his forward, pitch 0.40. (the ground wave is born 1.6m in front of him at 0.35m.)
[  1642   19.192 x1.00] LOG  [OniBoss:Layer] Club_Swing: club has not connected — ground wave released ARMED, 1.6m in front, 12m/s x 6.0m = 0.50s, carrying 8 (half of the club's 16).
[  1643   19.198 x1.00] LOG  [Peach] light hit 8 dmg: 1 bite. 11/16 bites = 2.75 of 4 peaches
[  1643   19.198 x1.00] LOG  [Momentum] 3 -> 1 (light hit taken, 50% = -2), speed x1.05, damage x1.05, impact x1.05
[  1643   19.198 x1.00] LOG  [Combat] Combo memory: light hit, keeping step 1
[  1643   19.198 x1.00] LOG  [Combat] Hit react: HitReact_Light_2Leg (0.5s, clip starts at 0.35s)
[  1643   19.198 x1.00] LOG  [CameraGameFeel] Shake: intensity=0.30 duration=0.200s
[  1643   19.198 x1.00] LOG  [CameraGameFeel] FOV punch: player damage (-2.0°)
[  1643   19.198 x1.00] LOG  [OniBoss:Wave] wave TOUCHED Yoru (grounded) for 8 after 0.1m / 0.01s of travel.
[  1644   19.207 x1.00] LOG  OniBoss took 10 damage. HP: 2112/2500
[  1644   19.207 x1.00] LOG  [Stance] OniBoss 43/100 (+10 light)
[  1644   19.207 x1.00] LOG  [OniBoss] 🤕 Hit during Attack — flash only
[  1644   19.207 x1.00] LOG  [Momentum] 1 -> 2 (hit), speed x1.10, damage x1.10, impact x1.10
[  1644   19.207 x1.00] LOG  [CameraGameFeel] Shake: intensity=0.06 duration=0.080s
[  1644   19.207 x1.00] LOG  [Combat] Hit OniBoss for 10
[  1644   19.207 x1.00] LOG  [CameraGameFeel] Shake: intensity=0.55 duration=0.200s
[  1644   19.207 x1.00] LOG  [CameraGameFeel] FOV punch: hit light (+1.5°)
[  1652   19.261 x1.00] LOG  [HitReactTrace] asked for 'HitReact_Light_2Leg' (0.50s, clip start 0.35s): playing it, blend resolved after 63 ms, state 1.21s long at speed 1.00, now at 0.36s, layer weight 1.00, animator.speed 1.00.
[  1697   19.620 x1.00] LOG  [Combat] Hazard zone tick: OniBoss for 25
[  1711   19.711 x1.00] LOG  [OniBoss] Attack → Recovery
[  1711   19.711 x1.00] LOG  [OniBoss] Playing animation: Watch
[  1711   19.711 x1.00] LOG  [OniBoss:Trail] trail END at clip 1.00, fading over 0.40s.
[  1711   19.711 x1.00] LOG  [Combat] Combo 2: 20 dmg
[  1711   19.711 x1.00] LOG  [ComboTrace] START step=2 state='Combo2' queued=0 target='OniBoss' at 2.0m
[  1711   19.711 x1.00] LOG  [ComboTrace] LAUNCH OniBoss at 0.7m dist=0.74m in 0.13s
[  1711   19.711 x1.00] LOG  [OniBoss:Strike] Club_Swing: club tip closest to Yoru at 0.54m, clip position 0.91 | damage fires at 0.42 | clip 0.84s => damage fires 411 ms BEFORE the club is closest
[  1729   19.849 x1.00] LOG  [ComboTrace] LAUNCH RESULT wanted=0.74m actually moved=0.00m, completed
[  1732   19.867 x1.00] LOG  [OniBoss] Recovery → Chase
[  1733   19.873 x1.00] LOG  [OniBoss] hold-ground: BACKSTEP 1.5m (player 2.0m)
[  1740   19.929 x1.00] LOG  [Combat] Queued click #1 (combo 2)
[  1740   19.929 x1.00] LOG  [ComboTrace] QUEUED #1 during step 2
[  1767   20.120 x1.00] LOG  [Combat] Queued click #2 (combo 2)
[  1767   20.120 x1.00] LOG  [ComboTrace] QUEUED #2 during step 2
[  1767   20.120 x1.00] LOG  [Combat] Hazard zone tick: OniBoss for 25
[  1787   20.280 x1.00] LOG  🐾🐾 VFX_TowPaw triggered!
[  1789   20.299 x1.00] LOG  OniBoss took 22 damage. HP: 2040/2500
[  1789   20.299 x1.00] LOG  [Stance] OniBoss 53/100 (+10 light)
[  1789   20.299 x1.00] LOG  [OniBoss] Chase → HitReact
[  1789   20.299 x1.00] LOG  [OniBoss:Layer] react tier: MEDIUM (22 dmg) → 'HitReact_medium'
[  1789   20.299 x1.00] LOG  [Momentum] 2 -> 3 (hit), speed x1.15, damage x1.15, impact x1.15
[  1789   20.299 x1.00] LOG  [CameraGameFeel] Shake: intensity=0.06 duration=0.080s
[  1789   20.299 x1.00] LOG  [Combat] Hit OniBoss for 22
[  1789   20.299 x1.00] LOG  [CameraGameFeel] Shake: intensity=0.58 duration=0.200s
[  1789   20.299 x1.00] LOG  [CameraGameFeel] FOV punch: hit light (+1.5°)
[  1793   20.326 x1.00] LOG  [ComboTrace] CLICK IGNORED (step=2 queued=2)
[  1820   20.520 x1.00] LOG  [ComboTrace] CLICK IGNORED (step=2 queued=2)
[  1839   20.659 x1.00] LOG  🐾🐾 VFX_TowPaw triggered!
[  1842   20.686 x1.00] LOG  [Combat] Combo 3: 35 dmg
[  1842   20.686 x1.00] LOG  [ComboTrace] START step=3 state='Combo3' queued=1 target='OniBoss' at 3.0m
[  1842   20.686 x1.00] LOG  [ComboTrace] LAUNCH OniBoss at 1.7m dist=1.69m in 0.17s
[  1842   20.686 x1.00] LOG  [YoruVFX] Ground hazard: 'VFX_Void_Area_GroundSpinYORU' laid at GroundVFX ((483.53, 0.69, 404.29)), floor tilt 8.1 deg, 17 delays shifted by 2.00s, own lifetime 8.98s
[  1842   20.686 x1.00] LOG  [Combat] Hazard zone tick: OniBoss for 25
[  1842   20.686 x1.00] LOG  [Combat] Hazard zone laid: 8.98s, 25 dmg every 0.50s in 2.00m
[  1842   20.686 x1.00] LOG  [AirPosePin] engaged, holding body at 0.652m above the transform
[  1845   20.717 x1.00] LOG  [ComboTrace] CLICK DROPPED by attackCooldown (0.10s, 0.03s since last attack) step=3
[  1848   20.750 x1.00] LOG  OniBoss took 40 damage. HP: 1975/2500
[  1848   20.750 x1.00] LOG  [Stance] OniBoss 63/100 (+10 light)
[  1848   20.750 x1.00] LOG  [OniBoss:Layer] burst: 2 hits / 62 dmg → flinch upgraded to 'HitReact_medium'
[  1848   20.750 x1.00] LOG  [Momentum] 3 -> 4 (hit), speed x1.20, damage x1.20, impact x1.20
[  1848   20.750 x1.00] LOG  [CameraGameFeel] Shake: intensity=0.06 duration=0.080s
[  1848   20.750 x1.00] LOG  [CameraGameFeel] Shake: intensity=0.60 duration=0.200s
[  1848   20.750 x1.00] LOG  [CameraGameFeel] FOV punch: hit light (+1.5°)
[  1848   20.750 x1.00] LOG  [AirPosePin] released, peak correction was 0.000m
[  1858   20.856 x1.00] LOG  [ComboTrace] LAUNCH RESULT wanted=1.69m actually moved=1.33m, completed
[  1867   20.917 x1.00] LOG  [ComboTrace] CLICK IGNORED (step=3 queued=1)
[  1891   21.102 x1.00] LOG  [OniBoss] HitReact → Chase
[  1891   21.102 x1.00] LOG  [ComboTrace] CLICK IGNORED (step=3 queued=1)
[  1892   21.110 x1.00] LOG  [OniBoss] Playing animation: Idle
[  1902   21.186 x1.00] LOG  [Combat] Hazard zone tick: OniBoss for 25
[  1920   21.319 x1.00] LOG  [ComboTrace] CLICK IGNORED (step=3 queued=1)
[  1946   21.509 x1.00] LOG  [ComboTrace] END step=3 clipProgress=0.96 clipLen=0.79s queued=0 elapsed=0.82s
[  1951   21.549 x1.00] LOG  [ComboTrace] CLICK DROPPED by attackCooldown (0.10s, 0.04s since last attack) step=3
[  1964   21.658 x1.00] LOG  🚶 2-LEG JUMP
[  1964   21.658 x1.00] LOG  🐾 Jump 1 VFX spawned!
[  1966   21.672 x1.00] LOG  [OniBoss] Chase → Attack
[  1966   21.672 x1.00] LOG  [OniBoss] Attack: ClubSlam (20 dmg)
[  1966   21.672 x1.00] LOG  [OniBoss:Trail] ClubSlam trail START at clip 0.36 (transition done).
[  1968   21.694 x1.00] LOG  [Combat] Hazard zone tick: OniBoss for 25
[  1977   21.769 x1.00] LOG  [ComboTrace] LAUNCH OniBoss at 0.6m dist=0.62m in 0.13s [AIRBORNE]
[  1977   21.769 x1.00] LOG  [Combat] Aerial spin, 25 dmg
[  1977   21.769 x1.00] LOG  [YoruVFX] Air spin: 'VFX_Void_Burst_AirSpinYoru' at CenterVFX, 46 systems, longest 1.00s fitted to 0.79s at speed 1.27, 8 forced Local, 38 delays zeroed, tail 2.37s
[  1977   21.769 x1.00] LOG  OniBoss took 12 damage. HP: 1913/2500
[  1977   21.769 x1.00] LOG  [Stance] OniBoss 73/100 (+10 light)
[  1977   21.769 x1.00] LOG  [OniBoss] 🤕 Hit during Attack — flash only
[  1977   21.769 x1.00] LOG  [Momentum] 4 -> 5 (hit), speed x1.25, damage x1.25, impact x1.25
[  1977   21.769 x1.00] LOG  [CameraGameFeel] Shake: intensity=0.14 duration=0.080s
[  1977   21.769 x1.00] LOG  [CameraGameFeel] Shake: intensity=0.63 duration=0.200s
[  1977   21.769 x1.00] LOG  [CameraGameFeel] FOV punch: hit light (+1.5°)
[  1977   21.769 x1.00] LOG  [AirPosePin] engaged, holding body at 0.664m above the transform
[  1991   21.904 x1.00] WARN The referenced script on this Behaviour (Game Object '<null>') is missing!
[  1991   21.904 x1.00] WARN The referenced script on this Behaviour (Game Object 'Lightning Light') is missing!
[  1991   21.904 x1.00] WARN The referenced script on this Behaviour (Game Object 'Lightning Light') is missing!
[  1991   21.904 x1.00] LOG  [ComboTrace] LAUNCH RESULT wanted=0.62m actually moved=0.02m, completed
[  1993   21.924 x1.00] LOG  OniBoss took 12 damage. HP: 1901/2500
[  1993   21.924 x1.00] LOG  [Stance] OniBoss 83/100 (+10 light)
[  1993   21.924 x1.00] LOG  [OniBoss] 🤕 Hit during Attack — flash only
[  1993   21.924 x1.00] LOG  [CameraGameFeel] Shake: intensity=0.22 duration=0.200s
[  2008   22.080 x1.00] LOG  OniBoss took 12 damage. HP: 1889/2500
[  2008   22.080 x1.00] LOG  [Stance] OniBoss 93/100 (+10 light)
[  2008   22.080 x1.00] LOG  [OniBoss] 🤕 Hit during Attack — flash only
[  2008   22.080 x1.00] LOG  [Momentum] 5 -> 6 (hit), speed x1.30, damage x1.30, impact x1.30
[  2008   22.080 x1.00] LOG  [CameraGameFeel] Shake: intensity=0.06 duration=0.080s
[  2008   22.080 x1.00] LOG  [CameraGameFeel] Shake: intensity=0.23 duration=0.200s
[  2014   22.137 x1.00] LOG  [CameraGameFeel] Shake: intensity=0.50 duration=0.400s
[  2014   22.137 x1.00] LOG  [Peach] heavy hit 20 dmg: 3 bites. 8/16 bites = 2 of 4 peaches
[  2014   22.137 x1.00] LOG  [Momentum] 6 -> 0 (heavy hit taken, reset), speed x1.00, damage x1.00, impact x1.00
[  2014   22.137 x1.00] LOG  [YoruVFX] Spin VFX stopped, fading for 2.37s
[  2014   22.137 x1.00] LOG  [Combat] Hit react: HitReact_Heavy_2Leg (0.9s, clip starts at 0.35s)
[  2014   22.137 x1.00] LOG  [CameraGameFeel] Shake: intensity=0.60 duration=0.200s
[  2014   22.137 x1.00] LOG  [CameraGameFeel] FOV punch: player damage (-3.0°)
[  2014   22.137 x1.00] LOG  [OniBoss] Hit player for 20 (ClubSlam)
[  2014   22.137 x1.00] LOG  [OniBoss:Touch] ClubSlam: club TOUCHED Yoru at clip 0.44, shaft 0.16m from her body line, head 0.48 along the club, tip 2.43m up, tip speed 117m/s. Full club hit delivered this frame.
[  2015   22.151 x1.00] LOG  [HitReactTrace] asked for 'HitReact_Heavy_2Leg' (0.90s, clip start 0.35s): NOT playing it, another state took the combat layer, blend resolved after 14 ms, state 0.79s long at speed 0.80, now at 0.32s, layer weight 1.00, animator.speed 1.00.
[  2020   22.204 x1.00] LOG  [Combat] Hazard zone tick: OniBoss for 25
[  2052   22.530 x1.00] LOG  [OniBoss:ClubPos] ClubSlam at strike: club tip 0.63m up, 2.88m in front, -0.34m to his right (2.90m out from his centre). Club faces 1deg from his forward, pitch -0.23. (the ground wave is born 1.6m in front of him at 0.35m.)
[  2052   22.530 x1.00] LOG  [OniBoss:Layer] ClubSlam: club already hit — ground wave released as VISUAL only (0 damage).
[  2058   22.592 x1.00] LOG  💨 Landing VFX spawned!
[  2058   22.592 x1.00] LOG  [AirPosePin] released, peak correction was 0.000m
[  2066   22.660 x1.00] LOG  [OniBoss] Attack → Recovery
[  2066   22.660 x1.00] LOG  [OniBoss] Playing animation: Watch
[  2066   22.660 x1.00] LOG  [OniBoss:Trail] trail END at clip 0.99, fading over 0.40s.
[  2066   22.660 x1.00] LOG  [OniBoss:Strike] ClubSlam: club tip closest to Yoru at 0.26m, clip position 0.94 | damage fires at 0.85 | clip 0.93s => damage fires 82 ms BEFORE the club is closest
[  2073   22.710 x1.00] LOG  [Combat] Hazard zone tick: OniBoss for 25
[  2084   22.814 x1.00] LOG  [OniBoss] Recovery → Chase
[  2085   22.821 x1.00] LOG  [OniBoss] hold-ground: BACKSTEP 1.5m (player 2.0m)
[  2112   23.023 x1.00] LOG  ✅ LANDED! (was jump #0)
[  2125   23.119 x1.00] LOG  [Combat] Combo 1: 10 dmg
[  2125   23.119 x1.00] LOG  [ComboTrace] START step=1 state='Combo1' queued=0 target='OniBoss' at 2.5m
[  2125   23.119 x1.00] LOG  [ComboTrace] LAUNCH OniBoss at 1.2m dist=1.20m in 0.13s
[  2125   23.119 x1.00] LOG  [AirPosePin] engaged, holding body at 0.594m above the transform
[  2128   23.147 x1.00] LOG  [AirPosePin] released, peak correction was 0.000m
[  2139   23.244 x1.00] LOG  [ComboTrace] LAUNCH RESULT wanted=1.20m actually moved=0.62m, completed
[  2153   23.351 x1.00] LOG  [Combat] Queued click #1 (combo 1)
[  2153   23.351 x1.00] LOG  [ComboTrace] QUEUED #1 during step 1
[  2181   23.561 x1.00] LOG  [Combat] Queued click #2 (combo 1)
[  2181   23.561 x1.00] LOG  [ComboTrace] QUEUED #2 during step 1
[  2184   23.594 x1.00] LOG  OniBoss took 10 damage. HP: 1829/2500
[  2184   23.594 x1.00] LOG  [Stance] OniBoss BREAK #1 at 100, next break needs 150, immune 3.5s
[  2184   23.594 x1.00] LOG  [OniBoss] Chase → Stagger
[  2184   23.594 x1.00] LOG  [OniBoss] Playing animation: Stagger
[  2184   23.594 x1.00] LOG  [OniBoss] STAGGERED for 2.5s
[  2184   23.594 x1.00] LOG  [OniBoss:Layer] heavy knock-back react (10 dmg) → 'HitReact_Heavy', down for 1.80s
[  2184   23.594 x1.00] LOG  [Momentum] 0 -> 1 (hit), speed x1.05, damage x1.05, impact x1.05
[  2184   23.594 x1.00] LOG  [CameraGameFeel] Shake: intensity=0.06 duration=0.080s
[  2184   23.594 x1.00] LOG  [Combat] Hit OniBoss for 10
[  2184   23.594 x1.00] LOG  [CameraGameFeel] Shake: intensity=0.53 duration=0.200s
[  2184   23.594 x1.00] LOG  [CameraGameFeel] FOV punch: hit light (+1.5°)
[  2204   23.751 x1.00] LOG  🐾 VFX_AttackPaw triggered!
[  2209   23.790 x1.00] LOG  [ComboTrace] CLICK IGNORED (step=1 queued=2)
[  2220   23.866 x1.00] LOG  [Combat] Combo 2: 20 dmg
[  2220   23.866 x1.00] LOG  [ComboTrace] START step=2 state='Combo2' queued=1 target='OniBoss' at 3.5m
[  2220   23.866 x1.00] LOG  [ComboTrace] LAUNCH OniBoss at 2.2m dist=2.19m in 0.22s
[  2220   23.866 x1.00] LOG  [AirPosePin] engaged, holding body at 0.652m above the transform
[  2224   23.909 x1.00] LOG  [AirPosePin] released, peak correction was 0.000m
[  2233   23.990 x1.00] LOG  [Combat] Queued click #2 (combo 2)
[  2233   23.990 x1.00] LOG  [ComboTrace] QUEUED #2 during step 2
[  2246   24.089 x1.00] LOG  [ComboTrace] LAUNCH RESULT wanted=2.19m actually moved=1.52m, completed
[  2262   24.207 x1.00] LOG  [ComboTrace] CLICK IGNORED (step=2 queued=2)
[  2298   24.463 x1.00] LOG  🐾🐾 VFX_TowPaw triggered!
[  2300   24.482 x1.00] LOG  OniBoss punish window! 21 → 32 (x1.5)
[  2300   24.482 x1.00] LOG  OniBoss took 32 damage. HP: 1797/2500
[  2300   24.482 x1.00] LOG  [Stance] OniBoss immune for 2.6s more, hit adds nothing
[  2300   24.482 x1.00] LOG  [Momentum] 1 -> 2 (hit), speed x1.10, damage x1.10, impact x1.10
[  2300   24.482 x1.00] LOG  [CameraGameFeel] Shake: intensity=0.06 duration=0.080s
[  2300   24.482 x1.00] LOG  [Combat] Hit OniBoss for 21
[  2300   24.482 x1.00] LOG  [CameraGameFeel] Shake: intensity=0.55 duration=0.200s
[  2300   24.482 x1.00] LOG  [CameraGameFeel] FOV punch: hit light (+1.5°)
[  2325   24.686 x1.00] LOG  [Combat] Dodge: Dodge_2Leg (4m, 2leg)
[  2325   24.686 x1.00] LOG  [AirPosePin] engaged, holding body at 0.673m above the transform
[  2326   24.693 x1.00] LOG  [AirPosePin] released, peak correction was 0.000m
[  2327   24.703 x1.00] LOG  [AirPosePin] engaged, holding body at 0.657m above the transform
[  2389   25.303 x1.00] LOG  [DodgeTrace] 2leg flip: clip 0.61s, ran 0.62s, asked 4.0m, actually moved 0.90m forward and rose 1.50m at the peak (Dodge Height 1.5), travel finished at 0.62s, leaving 0.00s of clip with nothing moving.
[  2389   25.303 x1.00] LOG  [ComboTrace] move ended, combo kept at step 2, window restarted
[  2389   25.303 x1.00] LOG  [Combat] Dodge ended
[  2389   25.303 x1.00] LOG  [AirPosePin] released, peak correction was 0.000m
[  2390   25.313 x1.00] LOG  💨 Landing VFX spawned!
[  2390   25.313 x1.00] LOG  ✅ LANDED! (was jump #0)
[  2401   25.396 x1.00] LOG  [OniBoss] Stagger → Chase
[  2402   25.402 x1.00] LOG  [OniBoss] Playing animation: Idle
[  2402   25.402 x1.00] LOG  [OniBoss] Combo started: swing1-2 (2 steps remaining)
[  2402   25.402 x1.00] LOG  [OniBoss] Chase → Attack
[  2402   25.402 x1.00] LOG  [OniBoss] Attack: Club_Swing (16 dmg)
[  2402   25.402 x1.00] LOG  [OniBoss:Trail] Club_Swing trail START at clip 1.00 (transition done).
[  2420   25.533 x1.00] LOG  [Combat] Dodge: Dodge_2Leg (4m, 2leg)
[  2420   25.533 x1.00] LOG  [DodgeTrace] 2leg flip: clip 0.61s, ran 0.01s, asked 4.0m, actually moved 0.00m forward and rose 0.00m at the peak (Dodge Height 1.5), travel finished at 0.01s, leaving 0.00s of clip with nothing moving.
[  2420   25.533 x1.00] LOG  [ComboTrace] move ended, combo kept at step 2, window restarted
[  2420   25.533 x1.00] LOG  [Combat] Dodge ended
[  2424   25.563 x1.00] LOG  [Combat] Combo 3: 35 dmg
[  2424   25.563 x1.00] LOG  [ComboTrace] START step=3 state='Combo3' queued=0 target='OniBoss' at 2.0m
[  2424   25.563 x1.00] LOG  [ComboTrace] LAUNCH OniBoss at 0.8m dist=0.83m in 0.13s
[  2424   25.563 x1.00] LOG  [YoruVFX] Ground hazard: 'VFX_Void_Area_GroundSpinYORU' laid at GroundVFX ((484.66, 0.11, 400.13)), floor tilt 0.0 deg, 17 delays shifted by 2.00s, own lifetime 8.98s
[  2424   25.563 x1.00] LOG  [Combat] Hazard zone tick: OniBoss for 25
[  2424   25.563 x1.00] LOG  [Combat] Hazard zone laid: 8.98s, 25 dmg every 0.50s in 2.00m
[  2432   25.632 x1.00] LOG  OniBoss took 38 damage. HP: 1734/2500
[  2432   25.632 x1.00] LOG  [Stance] OniBoss immune for 1.5s more, hit adds nothing
[  2432   25.632 x1.00] LOG  [OniBoss] 🤕 Hit during Attack — flash only
[  2432   25.632 x1.00] LOG  [Momentum] 2 -> 3 (hit), speed x1.15, damage x1.15, impact x1.15
[  2432   25.632 x1.00] LOG  [CameraGameFeel] Shake: intensity=0.06 duration=0.080s
[  2432   25.632 x1.00] LOG  [CameraGameFeel] Shake: intensity=0.58 duration=0.200s
[  2432   25.632 x1.00] LOG  [CameraGameFeel] FOV punch: hit light (+1.5°)
[  2439   25.702 x1.00] LOG  [ComboTrace] LAUNCH RESULT wanted=0.83m actually moved=0.11m, completed
[  2453   25.802 x1.00] LOG  [ComboTrace] CLICK IGNORED (step=3 queued=0)
[  2455   25.817 x1.00] LOG  [OniBoss:ClubPos] Club_Swing at strike: club tip 3.03m up, 1.98m in front, -3.17m to his right (3.74m out from his centre). Club faces -93deg from his forward, pitch 0.41. (the ground wave is born 1.6m in front of him at 0.35m.)
[  2455   25.817 x1.00] LOG  [OniBoss:Layer] Club_Swing: club has not connected — ground wave released ARMED, 1.6m in front, 12m/s x 6.0m = 0.50s, carrying 8 (half of the club's 16).
[  2456   25.824 x1.00] LOG  [Peach] light hit 8 dmg: 1 bite. 7/16 bites = 1.75 of 4 peaches
[  2456   25.824 x1.00] LOG  [Momentum] 3 -> 1 (light hit taken, 50% = -2), speed x1.05, damage x1.05, impact x1.05
[  2456   25.824 x1.00] LOG  [Combat] Combo memory: light hit, keeping step 3
[  2456   25.824 x1.00] LOG  [Combat] Hit react: HitReact_Light_2Leg (0.5s, clip starts at 0.35s)
[  2456   25.824 x1.00] LOG  [CameraGameFeel] Shake: intensity=0.30 duration=0.200s
[  2456   25.824 x1.00] LOG  [CameraGameFeel] FOV punch: player damage (-2.0°)
[  2456   25.824 x1.00] LOG  [OniBoss:Wave] wave TOUCHED Yoru (grounded) for 8 after 0.1m / 0.01s of travel.
[  2459   25.845 x1.00] LOG  [HitReactTrace] asked for 'HitReact_Light_2Leg' (0.50s, clip start 0.35s): playing it, blend resolved after 21 ms, state 1.21s long at speed 1.00, now at 0.36s, layer weight 1.00, animator.speed 1.00.
[  2485   26.065 x1.00] LOG  [Combat] Hazard zone tick: OniBoss for 25
[  2489   26.091 x1.00] LOG  [Combat] Hit react cut by dash at 0.27s of 0.50s (the exit)
[  2489   26.091 x1.00] LOG  [Combat] Dash: DodgeDash_2Leg (4m, 20 dmg, 2leg)
[  2489   26.091 x1.00] LOG  [YoruVFX] dash trail 'LightningFloorPurpleTrail 1' started, riding with her
[  2489   26.091 x1.00] LOG  [Combat] Dash movement: 4.0m over 0.40s (Dash Move Duration) = 10.0 m/s
[  2508   26.292 x1.00] LOG  [OniBoss] Attack → Recovery
[  2508   26.292 x1.00] LOG  [OniBoss] Playing animation: Watch
[  2508   26.292 x1.00] LOG  [OniBoss:Trail] trail END at clip 1.00, fading over 0.40s.
[  2508   26.292 x1.00] LOG  [OniBoss:Strike] Club_Swing: club tip closest to Yoru at 0.49m, clip position 0.91 | damage fires at 0.42 | clip 0.84s => damage fires 413 ms BEFORE the club is closest
[  2530   26.445 x1.00] LOG  [OniBoss] Recovery → Attack
[  2530   26.445 x1.00] LOG  [OniBoss] Attack: ClubSwing2 (16 dmg)
[  2530   26.445 x1.00] LOG  [OniBoss:Trail] ClubSwing2 trail START at clip 1.00 (transition still blending).
[  2537   26.504 x1.00] LOG  [Combat] Dash done: ground dash, grounded 48/48 frames, pose pin off, pin correction now 0.000m, manual lift 0.150m, controller height wobble 0.0cm
[  2537   26.504 x1.00] LOG  [ComboTrace] move ended, combo kept at step 3, window restarted
[  2537   26.504 x1.00] LOG  [Combat] Dash ended
[  2547   26.571 x1.00] LOG  [Combat] Hazard zone tick: OniBoss for 25
[  2548   26.584 x1.00] LOG  [Combat] Dash: DodgeDash_2Leg (4m, 20 dmg, 2leg)
[  2548   26.584 x1.00] LOG  [YoruVFX] dash trail 'LightningFloorPurpleTrail 1' started, riding with her
[  2548   26.584 x1.00] LOG  [Combat] Dash movement: 4.0m over 0.40s (Dash Move Duration) = 10.0 m/s
[  2572   26.773 x1.00] LOG  [CameraGameFeel] Shake: intensity=0.20 duration=0.250s
[  2572   26.773 x1.00] LOG  [OniBoss] Hit player for 24 (ClubSwing2) [combo x1.50]
[  2572   26.773 x1.00] LOG  [OniBoss:Touch] ClubSwing2: club TOUCHED Yoru at clip 0.28, shaft 0.68m from her body line, head 0.48 along the club, tip 1.82m up, tip speed 92m/s, ONE FRAME EARLY (predicted). Full club hit delivered this frame.
[  2580   26.830 x1.00] LOG  [OniBoss:ClubPos] ClubSwing2 at strike: club tip 0.16m up, 1.65m in front, 2.61m to his right (3.08m out from his centre). Club faces 13deg from his forward, pitch -0.89. (the ground wave is born 1.6m in front of him at 0.35m.)
[  2580   26.830 x1.00] LOG  [OniBoss:Layer] ClubSwing2: club already hit — ground wave released as VISUAL only (0 damage), finisher size x2.0.
[  2601   26.983 x1.00] LOG  [Combat] Dash done: ground dash, grounded 53/53 frames, pose pin off, pin correction now 0.000m, manual lift 0.150m, controller height wobble 0.0cm
[  2601   26.983 x1.00] LOG  [ComboTrace] move ended, combo kept at step 3, window restarted
[  2601   26.983 x1.00] LOG  [Combat] Dash ended
[  2613   27.083 x1.00] LOG  [Combat] Hazard zone tick: OniBoss for 25
[  2629   27.216 x1.00] LOG  🐾⚡ Heavy charge buildup spawned at LeftPawVFX (pos (484.23, 0.55, 400.09)). PS found: True
[  2629   27.216 x1.00] LOG  [Combat] Charging heavy...
[  2653   27.390 x1.00] LOG  🐾⚡ Heavy charge buildup stopped
[  2653   27.390 x1.00] LOG  [Combat] Dash: DodgeDash_2Leg (4m, 20 dmg, 2leg)
[  2653   27.390 x1.00] LOG  [YoruVFX] dash trail 'LightningFloorPurpleTrail 1' started, riding with her
[  2653   27.390 x1.00] LOG  [Combat] Dash movement: 4.0m over 0.40s (Dash Move Duration) = 10.0 m/s
[  2671   27.589 x1.00] LOG  [Combat] Hazard zone tick: OniBoss for 25
[  2674   27.621 x1.00] LOG  [OniBoss] Attack → Recovery
[  2674   27.621 x1.00] LOG  [OniBoss] Playing animation: Watch
[  2674   27.621 x1.00] LOG  [OniBoss:Trail] trail END at clip 1.00, fading over 0.40s.
[  2674   27.621 x1.00] LOG  [OniBoss:Strike] ClubSwing2: club tip closest to Yoru at 1.28m, clip position 0.30 | damage fires at 0.32 | clip 1.17s => MATCHED (within one or two frames)
[  2689   27.783 x1.00] LOG  [OniBoss] Recovery → Chase
[  2690   27.789 x1.00] LOG  [OniBoss] Playing animation: run
[  2690   27.789 x1.00] LOG  [Combat] Dash done: ground dash, grounded 37/37 frames, pose pin off, pin correction now 0.000m, manual lift 0.150m, controller height wobble 0.0cm
[  2690   27.789 x1.00] LOG  [Combat] Dash ended
[  2706   27.916 x1.00] LOG  [Combat] Combo 1: 10 dmg
[  2706   27.916 x1.00] LOG  [ComboTrace] START step=1 state='Combo1' queued=0 target='OniBoss' at 8.3m
[  2706   27.916 x1.00] LOG  [ComboTrace] LAUNCH OniBoss at 3.8m dist=3.20m in 0.32s (capped short)
[  2715   28.010 x1.00] LOG  [OniBoss] hold-ground: BACKSTEP 1.5m (player 3.5m)
[  2723   28.095 x1.00] LOG  [Combat] Hazard zone tick: OniBoss for 25
[  2727   28.137 x1.00] LOG  [Momentum] 1 -> 0 (drain), speed x1.00, damage x1.00, impact x1.00
[  2738   28.242 x1.00] LOG  [ComboTrace] LAUNCH RESULT wanted=3.20m actually moved=3.14m, completed
[  2755   28.370 x1.00] LOG  [Combat] Queued click #1 (combo 1)
[  2755   28.370 x1.00] LOG  [ComboTrace] QUEUED #1 during step 1
[  2755   28.370 x1.00] LOG  OniBoss took 10 damage. HP: 1599/2500
[  2755   28.370 x1.00] LOG  [Stance] OniBoss 10/150 (+10 light)
[  2755   28.370 x1.00] LOG  [OniBoss] Chase → HitReact
[  2755   28.370 x1.00] LOG  [OniBoss:Layer] react tier: LIGHT (10 dmg) → 'Hit_react_light'
[  2755   28.370 x1.00] LOG  [Momentum] 0 -> 1 (hit), speed x1.05, damage x1.05, impact x1.05
[  2755   28.370 x1.00] LOG  [CameraGameFeel] Shake: intensity=0.06 duration=0.080s
[  2755   28.370 x1.00] LOG  [Combat] Hit OniBoss for 10
[  2755   28.370 x1.00] LOG  [CameraGameFeel] Shake: intensity=0.53 duration=0.200s
[  2755   28.370 x1.00] LOG  [CameraGameFeel] FOV punch: hit light (+1.5°)
[  2775   28.524 x1.00] LOG  🐾 VFX_AttackPaw triggered!
[  2779   28.549 x1.00] LOG  [Combat] Queued click #2 (combo 1)
[  2779   28.549 x1.00] LOG  [ComboTrace] QUEUED #2 during step 1
[  2786   28.600 x1.00] LOG  [Combat] Hazard zone tick: OniBoss for 25
[  2790   28.627 x1.00] LOG  [Combat] Combo 2: 20 dmg
[  2790   28.627 x1.00] LOG  [ComboTrace] START step=2 state='Combo2' queued=1 target='OniBoss' at 2.2m
[  2790   28.627 x1.00] LOG  [ComboTrace] LAUNCH OniBoss at 1.1m dist=1.05m in 0.13s
[  2808   28.761 x1.00] LOG  [ComboTrace] LAUNCH RESULT wanted=1.05m actually moved=0.27m, completed
[  2810   28.778 x1.00] LOG  [Combat] Queued click #2 (combo 2)
[  2810   28.778 x1.00] LOG  [ComboTrace] QUEUED #2 during step 2
[  2837   28.978 x1.00] LOG  [ComboTrace] CLICK IGNORED (step=2 queued=2)
[  2857   29.105 x1.00] LOG  [Combat] Hazard zone tick: OniBoss for 25
[  2866   29.174 x1.00] LOG  [OniBoss] HitReact → Chase
[  2867   29.180 x1.00] LOG  [OniBoss] Playing animation: Watch
[  2870   29.200 x1.00] LOG  [ComboTrace] CLICK IGNORED (step=2 queued=2)
[  2874   29.232 x1.00] LOG  🐾🐾 VFX_TowPaw triggered!
[  2876   29.246 x1.00] LOG  OniBoss took 21 damage. HP: 1528/2500
[  2876   29.246 x1.00] LOG  [Stance] OniBoss 20/150 (+10 light)
[  2876   29.246 x1.00] LOG  [OniBoss] 🤕 Hit during Chase — flash only
[  2876   29.246 x1.00] LOG  [Momentum] 1 -> 2 (hit), speed x1.10, damage x1.10, impact x1.10
[  2876   29.246 x1.00] LOG  [CameraGameFeel] Shake: intensity=0.06 duration=0.080s
[  2876   29.246 x1.00] LOG  [Combat] Hit OniBoss for 21
[  2876   29.246 x1.00] LOG  [CameraGameFeel] Shake: intensity=0.55 duration=0.200s
[  2876   29.246 x1.00] LOG  [CameraGameFeel] FOV punch: hit light (+1.5°)
[  2902   29.446 x1.00] LOG  [ComboTrace] CLICK IGNORED (step=2 queued=2)
[  2923   29.591 x1.00] LOG  [OniBoss] Combo started: ClubSwing1 → ClubSwing2 → ClubSlam (3 steps remaining)
[  2923   29.591 x1.00] LOG  [OniBoss] Chase → Attack
[  2923   29.591 x1.00] LOG  [OniBoss] Attack: Club_Swing (16 dmg)
[  2923   29.591 x1.00] LOG  [OniBoss:Trail] Club_Swing trail START at clip 0.23 (transition done).
[  2924   29.606 x1.00] LOG  [Combat] Hazard zone tick: OniBoss for 25
[  2927   29.623 x1.00] LOG  🐾🐾 VFX_TowPaw triggered!
[  2932   29.653 x1.00] LOG  [Combat] Combo 3: 35 dmg
[  2932   29.653 x1.00] LOG  [ComboTrace] START step=3 state='Combo3' queued=1 target='OniBoss' at 2.3m
[  2932   29.653 x1.00] LOG  [ComboTrace] LAUNCH OniBoss at 1.1m dist=1.13m in 0.13s
[  2932   29.653 x1.00] LOG  [YoruVFX] Ground hazard: 'VFX_Void_Area_GroundSpinYORU' laid at GroundVFX ((483.65, 0.05, 398.29)), floor tilt 0.0 deg, 17 delays shifted by 2.00s, own lifetime 8.98s
[  2932   29.653 x1.00] LOG  [Combat] Hazard zone tick: OniBoss for 25
[  2932   29.653 x1.00] LOG  [Combat] Hazard zone laid: 8.98s, 25 dmg every 0.50s in 2.00m
[  2933   29.661 x1.00] LOG  [OniBoss] ⚡ PHASE 2 ACTIVATED
[  2933   29.661 x1.00] LOG  [OniBoss:Layer] PHASE 2: health snapped 1478 → 1500 (the phase line, 60 %) for the phase-2 start.
[  2933   29.661 x1.00] LOG  [OniBoss] Attack → Stagger
[  2933   29.661 x1.00] LOG  [OniBoss] Playing animation: Stagger
[  2933   29.661 x1.00] LOG  [OniBoss] STAGGERED for 2.5s
[  2933   29.661 x1.00] LOG  [OniBoss] STAGGERED (parry) for 3s
[  2933   29.661 x0.45] LOG  [Combat] Combat reset
[  2933   29.661 x0.45] LOG  [OniBoss:Cine] CINEMATIC ON — hard cut, bars in, world at x0.45, roar at x0.80 + 0.9s linger, rise at x0.45, beat frames 27-37/94 at x0.20, hang 2.0s, orbit roar 120° / rise 40° / drop 30°, lens 65° locked, fill 0.70, screen-y 0.40/0.33, apex at clip 0.40.
[  2933   29.661 x0.45] LOG  [OniBoss:Layer] PHASE 2: transition 'Phase_Transition' driven at x0.60 + 0.6s hold — untouchable, roar at 0.60
[  2933   29.661 x0.45] LOG  [BossBar] Hiding bar INSTANTLY (cinematic)
[  2933   29.661 x0.45] LOG  [OniBoss:Layer] boss bar hidden (cinematic)
[  2934   29.678 x0.45] LOG  [OniBoss:Trail] trail END at clip 0.28, fading over 0.40s.
[  2934   29.678 x0.45] LOG  [OniBoss:Layer] PHASE 2: clip is 2.42s — cinematic: scream ~1.81s in + 0.9s linger
[  3058   30.652 x0.45] LOG  [Combat] Hazard zone tick: OniBoss for 25
[  3072   30.758 x0.45] LOG  [Combat] Hazard zone tick: OniBoss for 25
[  3163   31.474 x0.45] LOG  [CameraGameFeel] Shake: intensity=0.60 duration=0.500s
[  3163   31.474 x0.45] LOG  [OniBoss:Layer] PHASE 2: roar at 1.45 clip-s
[  3204   31.769 x0.45] LOG  [Combat] Hazard zone tick: OniBoss for 25
[  3219   31.874 x0.45] LOG  [Combat] Hazard zone tick: OniBoss for 25
[  3289   32.378 x0.45] LOG  [OniBoss:Layer] PHASE 2: transition over after 2.72s real — he is back, and angrier
[  3289   32.378 x0.45] LOG  [OniBoss:Layer] PHASE 2: chaining into the GROUND POUND — no pause. The cinematic rides along until the top of the jump.
[  3289   32.378 x0.45] LOG  [OniBoss] STAGGERED (parry) for 3s
[  3289   32.378 x0.45] LOG  [OniBoss:Layer] GROUND POUND (phase-2 entrance): driving 'Ground_Pound' at x1.00, slam at 0.60, cinematic until the apex at 0.40
[  3290   32.386 x0.45] LOG  [OniBoss:Layer] GROUND POUND: clip is 3.13s
[  3358   32.880 x0.45] LOG  [Combat] Hazard zone tick: OniBoss for 25
[  3373   32.988 x0.45] LOG  [Combat] Hazard zone tick: OniBoss for 25
[  3511   33.992 x0.45] LOG  [Combat] Hazard zone tick: OniBoss for 25
[  3525   34.102 x0.45] LOG  [Combat] Hazard zone tick: OniBoss for 25
[  3553   34.298 x0.45] LOG  [Momentum] 2 -> 1 (drain), speed x1.05, damage x1.05, impact x1.05
[  3565   34.379 x0.45] LOG  [StormWeather] storm break released
[  3565   34.379 x0.45] LOG  [CameraGameFeel] Shake: intensity=0.90 duration=0.500s
[  3565   34.379 x0.45] LOG  [OniBoss:Cine] LIGHTNING BEAT — sky show off, single strike 'LightningOrbSoftYellow'.
[  3566   34.386 x0.20] LOG  [StormWeather] ⚡ strike at (484.54, 45.00, 453.94)
[  3566   34.386 x0.20] LOG  [StormWeather] COZY → 'Yoru_Oni_Phase2_Storm' (the sky answers, storm chaos)
[  3566   34.386 x0.20] LOG  [StormWeather] fur lights boosted for the storm: fill 1.45, rim x1.30.
[  3566   34.386 x0.20] LOG  [StormWeather] PHASE 2 - storm breaking.
[  3789   36.013 x0.20] LOG  [Combat] Hazard zone tick: OniBoss for 25
[  3805   36.139 x0.45] LOG  [Combat] Hazard zone tick: OniBoss for 25
[  3830   36.341 x0.45] LOG  [Momentum] 1 -> 0 (drain), speed x1.00, damage x1.00, impact x1.00
[  3905   36.892 x0.45] WARN The referenced script on this Behaviour (Game Object '<null>') is missing!
[  3905   36.892 x0.45] WARN The referenced script on this Behaviour (Game Object 'Lightning Light') is missing!
[  3905   36.892 x0.45] WARN The referenced script on this Behaviour (Game Object 'Lightning Light') is missing!
[  3937   37.146 x0.45] LOG  [Combat] Hazard zone tick: OniBoss for 25
[  3950   37.255 x0.45] LOG  [Combat] Hazard zone tick: OniBoss for 25
[  4054   38.082 x1.00] LOG  [OniBoss:Cine] the DROP at clip 0.40 (hung 2.0s) — full speed, the camera rides him DOWN.
[  4065   38.169 x1.00] LOG  [Combat] Hazard zone tick: OniBoss for 25
[  4065   38.169 x1.00] LOG  [StormWeather] ⚡ strike at (488.23, 45.00, 442.15)
[  4071   38.217 x1.00] LOG  [Combat] Hazard zone tick: OniBoss for 25
[  4126   38.674 x1.00] LOG  [Combat] Hazard zone tick: OniBoss for 25
[  4131   38.713 x1.00] LOG  [CameraGameFeel] FOV punch: hit light (+1.5°)
[  4131   38.713 x1.00] LOG  [StormWeather] storm break released
[  4131   38.713 x1.00] LOG  [OniBoss:Cine] CINEMATIC OFF (he LANDS at clip 0.60) — control returned, bars out, camera hands over in 0.30s. Lens locked at 65°; the camera stepped back to 23.0m at the farthest.
[  4131   38.713 x1.00] LOG  [CameraGameFeel] Shake: intensity=1.10 duration=0.800s
[  4131   38.713 x1.00] LOG  [OniBoss:Pound] SLAM at clip 0.60 (1.88 clip-s) — ring 12m/s out to 12m, 45 damage, jumpable.
[  4132   38.722 x1.00] LOG  [BossBar] Showing bar for: Oni (1225/2500)
[  4132   38.722 x1.00] LOG  [OniBoss:Layer] boss bar shown
[  4132   38.722 x1.00] LOG  [BossBar] Bar switched to phase 2
[  4132   38.722 x1.00] LOG  [OniBoss:Layer] boss bar → phase 2 crimson
[  4132   38.722 x1.00] LOG  [Combat] Hazard zone tick: OniBoss for 25
[  4145   38.837 x1.00] LOG  [Peach] heavy hit 45 dmg: 6 bites. 1/16 bites = 0.25 of 4 peaches
[  4145   38.837 x1.00] LOG  [Combat] Hit react: HitReact_Heavy_2Leg (0.9s, clip starts at 0.35s)
[  4145   38.837 x1.00] LOG  [CameraGameFeel] Shake: intensity=0.60 duration=0.200s
[  4145   38.837 x1.00] LOG  [CameraGameFeel] FOV punch: player damage (-3.0°)
[  4145   38.837 x1.00] LOG  [OniBoss:Pound] shockwave CAUGHT Yoru (grounded) at 2.2m for 45.
[  4146   38.846 x1.00] LOG  [PeachUI] LOW HEALTH cue ON: 1 bites left, heartbeat 1.00s, bleed on
[  4148   38.861 x1.00] LOG  [HitReactTrace] asked for 'HitReact_Heavy_2Leg' (0.90s, clip start 0.35s): playing it, blend resolved after 24 ms, state 1.21s long at speed 1.00, now at 0.37s, layer weight 1.00, animator.speed 1.00.
[  4186   39.183 x1.00] LOG  [Combat] Hazard zone tick: OniBoss for 25
[  4191   39.222 x1.00] LOG  [Combat] Hazard zone tick: OniBoss for 25
[  4206   39.339 x1.00] LOG  [StormWeather] storm post weight -> 1.00
[  4257   39.729 x1.00] LOG  [Combat] Hazard zone tick: OniBoss for 25
[  4288   39.965 x1.00] LOG  [OniBoss] Stagger → Chase
[  4288   39.965 x1.00] LOG  [OniBoss:Cine] first-attack GRACE — at least 2.0s before he may swing.
[  4288   39.965 x1.00] LOG  [OniBoss:Layer] GROUND POUND: done — the engine is his again.
[  4289   39.973 x1.00] LOG  [OniBoss] Playing animation: Idle
[  4289   39.973 x1.00] LOG  [OniBoss] Playing animation: Walk
[  4324   40.230 x1.00] LOG  [Combat] Hazard zone tick: OniBoss for 25
[  4336   40.355 x1.00] LOG  [Combat] Combo 1: 10 dmg
[  4336   40.355 x1.00] LOG  [ComboTrace] START step=1 state='Combo1' queued=0 target='OniBoss' at 2.5m
[  4336   40.355 x1.00] LOG  [ComboTrace] LAUNCH OniBoss at 1.1m dist=1.08m in 0.13s
[  4348   40.493 x1.00] LOG  [ComboTrace] LAUNCH RESULT wanted=1.08m actually moved=0.33m, completed
[  4371   40.738 x1.00] LOG  [Combat] Hazard zone tick: OniBoss for 25
[  4379   40.828 x1.00] LOG  OniBoss took 10 damage. HP: 1065/2500
[  4379   40.828 x1.00] LOG  [Stance] OniBoss 10/150 (+10 light)
[  4379   40.828 x1.00] LOG  [OniBoss] Chase → HitReact
[  4379   40.828 x1.00] LOG  [OniBoss:Layer] react tier: LIGHT (10 dmg) → 'Hit_react_light'
[  4379   40.828 x1.00] LOG  [Momentum] 0 -> 1 (hit), speed x1.05, damage x1.05, impact x1.05
[  4379   40.828 x1.00] LOG  [CameraGameFeel] Shake: intensity=0.06 duration=0.080s
[  4379   40.828 x1.00] LOG  [Combat] Hit OniBoss for 10
[  4379   40.828 x1.00] LOG  [CameraGameFeel] Shake: intensity=0.53 duration=0.200s
[  4379   40.828 x1.00] LOG  [CameraGameFeel] FOV punch: hit light (+1.5°)
[  4400   40.994 x1.00] LOG  🐾 VFX_AttackPaw triggered!
[  4428   41.199 x1.00] LOG  [ComboTrace] END step=1 clipProgress=0.85 clipLen=0.95s queued=0 elapsed=0.84s
[  4434   41.239 x1.00] LOG  [Combat] Hazard zone tick: OniBoss for 25
[  4491   41.632 x1.00] LOG  [OniBoss] HitReact → Chase
[  4492   41.638 x1.00] LOG  [OniBoss] Playing animation: Idle
[  4506   41.741 x1.00] LOG  [Combat] Hazard zone tick: OniBoss for 25
[  4538   41.965 x1.00] LOG  [OniBoss] Combo started: swing1-2 (2 steps remaining)
[  4538   41.965 x1.00] LOG  [OniBoss] Chase → Attack
[  4538   41.965 x1.00] LOG  [OniBoss] Attack: Club_Swing (16 dmg)
[  4538   41.965 x1.00] LOG  [OniBoss:Trail] Club_Swing trail START at clip 0.21 (transition done).
[  4579   42.245 x1.00] LOG  [Combat] Hazard zone tick: OniBoss for 25
[  4592   42.328 x1.00] LOG  [OniBoss:ClubPos] Club_Swing at strike: club tip 3.02m up, 2.28m in front, -3.06m to his right (3.82m out from his centre). Club faces -87deg from his forward, pitch 0.41. (the ground wave is born 1.6m in front of him at 0.35m.)
[  4592   42.328 x1.00] LOG  [OniBoss:Layer] Club_Swing: club has not connected — ground wave released ARMED, 1.6m in front, 12m/s x 6.0m = 0.50s, carrying 8 (half of the club's 16).
[  4593   42.334 x1.00] LOG  [Peach] light hit 8 dmg: 1 bite. 0/16 bites = 0 of 4 peaches
[  4593   42.334 x1.00] LOG  [Health] Player died (light killing hit). Game over menu: next pass.
[  4593   42.334 x1.00] LOG  [CameraGameFeel] Shake: intensity=0.30 duration=0.200s
[  4593   42.334 x1.00] LOG  [CameraGameFeel] FOV punch: player damage (-2.0°)
[  4593   42.334 x1.00] LOG  [Death] Yoru died on 2 legs (light hit): HR_Die_2legs
[  4593   42.334 x1.00] LOG  [OniBoss:Wave] wave TOUCHED Yoru (grounded) for 8 after 0.1m / 0.01s of travel.
[  4594   42.342 x1.00] LOG  [PeachUI] LOW HEALTH cue OFF
[  4662   42.804 x1.00] LOG  [OniBoss] Attack → Recovery
[  4662   42.804 x1.00] LOG  [OniBoss] Playing animation: Watch
[  4662   42.804 x1.00] LOG  [OniBoss:Trail] trail END at clip 0.99, fading over 0.40s.
[  4662   42.804 x1.00] LOG  [OniBoss:Strike] Club_Swing: club tip closest to Yoru at 0.61m, clip position 0.91 | damage fires at 0.42 | clip 0.84s => damage fires 414 ms BEFORE the club is closest
[  4663   42.810 x1.00] LOG  [OniBoss] Yoru is dead: standing down
[  4663   42.810 x1.00] LOG  [OniBoss] Recovery → Idle
[  4663   42.810 x1.00] LOG  [OniBoss] Playing animation: Idle
[  4663   42.810 x1.00] LOG  [OniBoss:Layer] watch stance ON (player 2.1m)
[  4663   42.810 x1.00] LOG  [BossBar] Hiding bar (Oni disengaged)
[  4663   42.810 x1.00] LOG  [OniBoss:Layer] boss bar hidden (disengage)
[  4741   43.332 x1.00] LOG  [Momentum] 1 -> 0 (drain), speed x1.00, damage x1.00, impact x1.00
[  4890   44.345 x1.00] WARN The referenced script on this Behaviour (Game Object '<null>') is missing!
[  4890   44.345 x1.00] WARN The referenced script on this Behaviour (Game Object 'Lightning Light') is missing!
[  4890   44.345 x1.00] WARN The referenced script on this Behaviour (Game Object 'Lightning Light') is missing!
[  5042   45.425 x1.00] WARN The referenced script on this Behaviour (Game Object '<null>') is missing!
[  5042   45.425 x1.00] WARN The referenced script on this Behaviour (Game Object 'Lightning Light') is missing!
[  5042   45.425 x1.00] WARN The referenced script on this Behaviour (Game Object 'Lightning Light') is missing!
[  5200   46.598 x1.00] LOG  [StormWeather] terrain layers restored to dry values.
# end — 679 lines
