# Oni combat log — 2026-09-21 20:05:22
# Unity 6000.2.7f2 | scene 'CaveScene_Oni_Boss1' | platform OSXEditor
# columns: [frame realSeconds timeScale] KIND message      (KIND: LOG WARN ERR EXC TEL)
#
[     0    0.000 x1.00] LOG  [OniLog] console + telemetry → /Users/asenahazal/Documents/Yoru/OniLogs/oni_2026-09-21_20-05-22.log
[     0    0.000 x1.00] LOG  [OniHairShadows] shadow casting off on 27 hair renderers
[     0    0.000 x1.00] LOG  [RingMesh] Auto-found 11/11 left, 11/11 right meshes
[     1    0.000 x1.00] LOG  [GameOver] ready (sumi-e): PlayerCombat found, ink shader ok, paper set, kanji set, font YujiSyuku-Regular SDF, Main Menu faint (no scene set)
[     1    0.000 x1.00] LOG  [PeachUI] row ready: 4 peaches, 64 px, TopLeft, bleed sprite set, PlayerHealth found
[     1    0.000 x1.00] LOG  [Pause] ready: key Escape, paper shader ok, paper set, kanji set, font YujiSyuku-Regular SDF, capture ScreenGrab, Main Menu faint (no scene set)
[     1    0.000 x1.00] LOG  [BossBar] BossHealthBarUI initialized
[     1    0.000 x1.00] LOG  [StormWeather] layer 'TerrainLayer_Dirt_01' dry smoothness=0.00 (restore to this if a crash ever leaves it wet)
[     1    0.000 x1.00] LOG  [StormWeather] post volumes ready on layer 9 (storm priority 10, flash priority 11).
[     1    0.000 x1.00] LOG  [StormWeather] ROUND 80: fur weather ready on 'Weather Zone'. Rain 0, wind 0.50 in the open, sky check 30 m from 'PlayerYoru_1.1'.
[     1    0.000 x1.00] LOG  [StormWeather] COZY bridge: Rain_Cave retired, COZY owns the rain now.
[     1    0.000 x1.00] LOG  [StormWeather] COZY → 'Clear' (pre-fight - open sky, 0 s)
[     1    0.000 x1.00] LOG  [StormWeather] Ready. Open sky, dry floor. Waiting for the fight.
[     1    0.000 x1.00] LOG  OniBoss initialized with 2500 HP
[     1    0.000 x1.00] LOG  [OniBoss] ANIMATOR SETUP: cullingMode=CullUpdateTransforms updateMode=Normal applyRootMotion=False speed=1
[     1    0.000 x1.00] LOG  [OniBoss] Initialized
[     1    0.000 x1.00] LOG  [OniBoss:Layer] facing: minFlat 1m, snapOnAttack off, trackInHitReact off, aimTurn 540 deg/s for the first 0.20 of the swing
[     1    0.000 x1.00] LOG  [OniBoss:Layer] Yoru launch model ON: launches ALL THE WAY to an enemy within 4.7m of its surface at 10m/s (stop gap 0.00m, NO minimum distance), else steps 0.90m forward. Targeting cone left exactly as her prefab has it.
[     1    0.000 x1.00] LOG  [OniBoss:Layer] Yoru launch ROUND 9: airborne attacks launch too (ON), edge probe now runs on its OWN layer mask (Everything) instead of the line-of-sight mask - the Ground-only mask found no floor in this cave and was cancelling 100% of launches at 0.00m travelled.
[     1    0.000 x1.00] LOG  [OniBoss:Layer] animator speed x1.35 — his 1.13s swing now plays in 0.84s.
[     1    0.000 x1.00] LOG  [OniBoss:Layer] chase speed pushed: phase1 4.5, phase2 5.5 (Yoru runs at 7).
[     1    0.000 x1.00] LOG  [OniBoss:Layer] ground wave ON (round 38): half the club's damage on TOUCH, 12m/s x 6.0m from 1.6m in front at 0.35m height — a club hit cancels that swing's wave, jumping clears it. Per-attack effects come from the Swing Wave VFX By Attack rows. PlayerHealth found, PlayerMovement found.
[     1    0.000 x1.00] LOG  [StormWeather] storm break HELD (waiting for the lightning beat)
[     1    0.000 x1.00] LOG  [OniBoss:Layer] storm break HELD — it releases at the lightning-on-the-club beat.
[     1    0.000 x1.00] LOG  [OniBoss:Layer] club tracking ON — tip 'Kanabo3' (depth 4), shaft root 'kanabo'.
[     1    0.000 x1.00] LOG  [OniBoss:Layer] skinned meshes: 46 renderer(s), updateWhenOffscreen ON, body renderer 'Body' rootBone 'Hips'
[     1    0.000 x1.00] LOG  [OniBoss:Layer] charge travel bone: 'Hips' at depth 1 under 'OniBoss', rest local (0.00, 3.24, -0.24)
[     1    0.000 x1.00] LOG  [OniBoss:Layer] anti-kite ON: thrown swing after 4s of failed chase (within 7.6m), charge after 6s.
[     1    0.000 x1.00] LOG  [OniBoss:Layer] charge drive ON (windup to 0.40 at x1.3, rush 14m/s stops at 2.6m, steers 0.35s then commits, strike section from 0.58, strike moment 0.76, trail VFX off)
[     1    0.000 x1.00] LOG  [OniBoss:Layer] attack armor ON (his swings are not interrupted by light/medium hits; heavy hits and rapid-hit bursts still stop him)
[     1    0.000 x1.00] LOG  [OniBoss:Layer] strike moments overridden: Club_Swing=0.42 ClubSwing2=0.32 ClubSlam=0.85 KanaboSweep=0.48
[     1    0.000 x1.00] LOG  [OniBoss:Layer] club TOUCH hits ON (radius 0.70m, min tip speed 50m/s, armed from 0.20 of the clip): Club_Swing ClubSwing2 ClubSlam KanaboSweep. First touch wins — club full damage, wave half, one hit per swing.
[     1    0.000 x1.00] LOG  [OniBoss:Layer] combo damage ramp ON: mid x1.25, finisher x1.50 — finisher wave carries FULL damage at x2.0 size, x2.0 travel.
[     1    0.000 x1.00] LOG  [OniBoss:Layer] charge follow-up ON: 90 % of solo charges chain into a random melee finisher.
[     1    0.000 x1.00] LOG  [OniBoss:Layer] hold-ground ON (backstep 1.5m @ 1.6m/s after own attacks, watch 'Watch', attack facing LOCKED)
[     1    0.000 x1.00] LOG  [OniBoss:Layer] OniBoss layer ready (reactions, wake-on-hit, watch stance, boss bar). player=found
[     1    0.000 x1.00] LOG  [OniBoss:Layer] charge clip 'Oni Charge.fbx' imports with Root Motion Node = None (in place) — good.
[     1    0.000 x1.00] LOG  [OniBoss:Layer] clips importing with Root Transform Position (Y) NOT baked into pose (12): Oni_Alert(Oni Alert), Club_Slam(Oni Club Slam), Club_Swing(Oni Club Swing), Club_swing2(Oni Club Swing 2), Death(Oni Death Kneel), Hit_react_light(Oni Hit react lighter light), KanaboSweep(Oni Kanabo sweep), Phase_Transition(Oni Phase transition), run(Oni Run), Walk(Oni Walk), Watch(Oni Watch), Idle(Oni Idle) — their hips' up/down motion is stripped (see round notes; optional).
[     1    0.000 x1.00] LOG  === VFX MANAGER INITIALIZED ===
[     1    0.000 x1.00] LOG  Auto-detect animations: False
[     1    0.000 x1.00] LOG  Parent effects to tail: True
[     1    0.000 x1.00] LOG  Prefabs: Jump=True, Land=True, LTail=True, RTail=True
[     1    0.000 x1.00] LOG  ✅ Left Tail Tip: LeftTailTip_Anchor
[     1    0.000 x1.00] LOG  ✅ Right Tail Tip: RightTailTip_Anchor
[     1    0.000 x1.00] LOG  [VolumetricFogController] applyPresets is OFF in this scene. The Volumetric Fog component keeps its hand-set inspector values.
[     1    0.000 x1.00] LOG  [TailAirShot] Ready. drawState=RightTail_Fast castParam=TailCastSpeed (found)
  arrow leaves: PlayerYoru_1.1/Cat_All_10_Tails_v4/Group/DeformationSystem/root/Root_M/Tail15_R/Tail151_R/Tail152_R/Tail153_R/Tail154_R/Tail155_R/Tail156_R/Tail157_R/Tail158_R/Tail159_R/Tail1510_R/Tail1511_R/Tail1512_R/Tail6_R/Tail6_R_end/Tail6_R_end_end/Tail6_R_end_end_end/RightTailTip_Anchor
  aim VFX: PlayerYoru_1.1/Cat_All_10_Tails_v4/Group/DeformationSystem/root/Root_M/Tail15_R/Tail151_R/Tail152_R/Tail153_R/Tail154_R/Tail155_R/Tail156_R/Tail157_R/Tail158_R/Tail159_R/Tail1510_R/Tail1511_R/Tail1512_R/Tail6_R/Tail6_R_end/Tail6_R_end_end/Tail6_R_end_end_end/RightTailTip_Anchor/vfx_Muzzle_Fireball01Blue
[     1    0.000 x1.00] LOG  [RingMesh] VFX Status:
[     1    0.000 x1.00] LOG    Left: Prefab=✓, Spawn=Tail6_L_end_end_end
[     1    0.000 x1.00] LOG    Right: Prefab=✓, Spawn=Tail6_R_end_end_end
[     1    0.000 x1.00] LOG  [TailAirShot4Leg] Ready. drawState=shoot_4Leg castParam=Shoot4LegSpeed (found) readyFrame=5 fireFrame=10 frames=24 slowBudget=3s real damageMultiplier=2.00
  arrow leaves: PlayerYoru_1.1/Cat_All_10_Tails_v4/Group/DeformationSystem/root/Root_M/Tail15_R/Tail151_R/Tail152_R/Tail153_R/Tail154_R/Tail155_R/Tail156_R/Tail157_R/Tail158_R/Tail159_R/Tail1510_R/Tail1511_R/Tail1512_R/Tail6_R/Tail6_R_end/Tail6_R_end_end/Tail6_R_end_end_end/RightTailTip_Anchor
  aim VFX left:  PlayerYoru_1.1/Cat_All_10_Tails_v4/Group/DeformationSystem/root/Root_M/Tail15_L/Tail151_L/Tail152_L/Tail153_L/Tail154_L/Tail155_L/Tail156_L/Tail157_L/Tail158_L/Tail159_L/Tail1510_L/Tail1511_L/Tail1512_L/Tail6_L/Tail6_L_end/Tail6_L_end_end/Tail6_L_end_end_end/LeftTailTip_Anchor/Glow_4Leg_L
  aim VFX right: PlayerYoru_1.1/Cat_All_10_Tails_v4/Group/DeformationSystem/root/Root_M/Tail15_R/Tail151_R/Tail152_R/Tail153_R/Tail154_R/Tail155_R/Tail156_R/Tail157_R/Tail158_R/Tail159_R/Tail1510_R/Tail1511_R/Tail1512_R/Tail6_R/Tail6_R_end/Tail6_R_end_end/Tail6_R_end_end_end/RightTailTip_Anchor/Glow_4Leg_R
[     1    0.000 x1.00] LOG  [PlayerCombat] Phase 2 form gate CONNECTED (FormController found on this GameObject).
[     1    0.000 x1.00] LOG  [Combat] PlayerCombat initialized, Phase 3C v27
[     1    0.000 x1.00] LOG  [CameraGameFeel] CameraGameFeel initialized (shake + FOV)
[     1    5.513 x1.00] LOG  [OniBoss] Playing animation: Idle
[     2    6.518 x0.00] LOG  [Pause] screen frozen: 1426 x 802 from screen copy, levels 0.01 to 0.28 (measured), world 0.58, blur mip 3.0
[     3    6.618 x0.00] LOG  [Pause] paused: world clock was x1.00, screen frozen and blurred, up in 0.10s real
[   303    7.862 x1.00] LOG  [Pause] resumed: world clock back to x1.00
[   423    8.264 x1.00] LOG  💨 Landing VFX spawned!
[   423    8.264 x1.00] LOG  ✅ LANDED! (was jump #0)
[  1075   10.572 x0.00] LOG  [Pause] screen frozen: 1426 x 802 from screen copy, levels 0.01 to 0.31 (measured), world 0.58, blur mip 3.0
[  1164   11.024 x0.00] LOG  [Pause] paused: world clock was x1.00, screen frozen and blurred, up in 0.45s real
[  1360   12.004 x1.00] LOG  [Pause] resumed: world clock back to x1.00
[  1449   12.462 x0.00] LOG  [Pause] screen frozen: 1426 x 802 from screen copy, levels 0.01 to 0.30 (measured), world 0.58, blur mip 3.0
[  1540   12.911 x0.00] LOG  [Pause] paused: world clock was x1.00, screen frozen and blurred, up in 0.45s real
[  2179   16.105 x0.00] LOG  [Pause] RESTART asked again: the next press does it
[  2377   17.092 x0.00] LOG  [Pause] RESTART let go (the pick moved away)
[  2559   17.995 x0.00] LOG  [Pause] RESTART asked again: the next press does it
[  2650   18.453 x0.00] LOG  [Pause] Restart: reloading 'CaveScene_Oni_Boss1'

[  2650   18.453 x0.00] TEL ────────── RESTART from the pause menu: scene reloaded ──────────
[  2650   18.453 x1.00] LOG  [Combat] Combo 1: 10 dmg
[  2650   18.453 x1.00] LOG  [ComboTrace] START step=1 state='Combo1' queued=0 target=none: no collider on enemyLayer within 8m
[  2650   18.453 x1.00] LOG  [ComboTrace] LAUNCH STEP (no enemy) dist=0.90m in 0.13s
[  2650   18.453 x1.00] LOG  [AirPosePin] engaged, holding body at 0.654m above the transform
[  2651   18.499 x1.00] LOG  [StormWeather] storm break released
[  2651   18.499 x1.00] LOG  [StormWeather] terrain layers restored to dry values.
[  2651   18.499 x1.00] LOG  [OniHairShadows] shadow casting off on 27 hair renderers
[  2651   18.499 x1.00] LOG  [RingMesh] Auto-found 11/11 left, 11/11 right meshes
[  2651   18.499 x1.00] LOG  [GameOver] ready (sumi-e): PlayerCombat found, ink shader ok, paper set, kanji set, font YujiSyuku-Regular SDF, Main Menu faint (no scene set)
[  2651   18.499 x1.00] LOG  [PeachUI] row ready: 4 peaches, 64 px, TopLeft, bleed sprite set, PlayerHealth found
[  2651   18.499 x1.00] LOG  [Pause] ready: key Escape, paper shader ok, paper set, kanji set, font YujiSyuku-Regular SDF, capture ScreenGrab, Main Menu faint (no scene set)
[  2651   18.499 x1.00] LOG  [BossBar] BossHealthBarUI initialized
[  2651   18.499 x1.00] LOG  [StormWeather] layer 'TerrainLayer_Dirt_01' dry smoothness=0.00 (restore to this if a crash ever leaves it wet)
[  2651   18.499 x1.00] LOG  [StormWeather] post volumes ready on layer 9 (storm priority 10, flash priority 11).
[  2651   18.499 x1.00] LOG  [StormWeather] ROUND 80: fur weather ready on 'Weather Zone'. Rain 0, wind 0.50 in the open, sky check 30 m from 'PlayerYoru_1.1'.
[  2651   18.499 x1.00] LOG  [StormWeather] COZY bridge: Rain_Cave retired, COZY owns the rain now.
[  2651   18.499 x1.00] LOG  [StormWeather] COZY → 'Clear' (pre-fight - open sky, 0 s)
[  2651   18.499 x1.00] LOG  [StormWeather] Ready. Open sky, dry floor. Waiting for the fight.
[  2651   18.499 x1.00] LOG  OniBoss initialized with 2500 HP
[  2651   18.499 x1.00] LOG  [OniBoss] ANIMATOR SETUP: cullingMode=CullUpdateTransforms updateMode=Normal applyRootMotion=False speed=1
[  2651   18.499 x1.00] LOG  [OniBoss] Initialized
[  2651   18.499 x1.00] LOG  [OniBoss:Layer] facing: minFlat 1m, snapOnAttack off, trackInHitReact off, aimTurn 540 deg/s for the first 0.20 of the swing
[  2651   18.499 x1.00] LOG  [OniBoss:Layer] Yoru launch model ON: launches ALL THE WAY to an enemy within 4.7m of its surface at 10m/s (stop gap 0.00m, NO minimum distance), else steps 0.90m forward. Targeting cone left exactly as her prefab has it.
[  2651   18.499 x1.00] LOG  [OniBoss:Layer] Yoru launch ROUND 9: airborne attacks launch too (ON), edge probe now runs on its OWN layer mask (Everything) instead of the line-of-sight mask - the Ground-only mask found no floor in this cave and was cancelling 100% of launches at 0.00m travelled.
[  2651   18.499 x1.00] LOG  [OniBoss:Layer] animator speed x1.35 — his 1.13s swing now plays in 0.84s.
[  2651   18.499 x1.00] LOG  [OniBoss:Layer] chase speed pushed: phase1 4.5, phase2 5.5 (Yoru runs at 7).
[  2651   18.499 x1.00] LOG  [OniBoss:Layer] ground wave ON (round 38): half the club's damage on TOUCH, 12m/s x 6.0m from 1.6m in front at 0.35m height — a club hit cancels that swing's wave, jumping clears it. Per-attack effects come from the Swing Wave VFX By Attack rows. PlayerHealth found, PlayerMovement found.
[  2651   18.499 x1.00] LOG  [StormWeather] storm break HELD (waiting for the lightning beat)
[  2651   18.499 x1.00] LOG  [OniBoss:Layer] storm break HELD — it releases at the lightning-on-the-club beat.
[  2651   18.499 x1.00] LOG  [OniBoss:Layer] club tracking ON — tip 'Kanabo3' (depth 4), shaft root 'kanabo'.
[  2651   18.499 x1.00] LOG  [OniBoss:Layer] skinned meshes: 46 renderer(s), updateWhenOffscreen ON, body renderer 'Body' rootBone 'Hips'
[  2651   18.499 x1.00] LOG  [OniBoss:Layer] charge travel bone: 'Hips' at depth 1 under 'OniBoss', rest local (0.00, 3.24, -0.24)
[  2651   18.499 x1.00] LOG  [OniBoss:Layer] anti-kite ON: thrown swing after 4s of failed chase (within 7.6m), charge after 6s.
[  2651   18.499 x1.00] LOG  [OniBoss:Layer] charge drive ON (windup to 0.40 at x1.3, rush 14m/s stops at 2.6m, steers 0.35s then commits, strike section from 0.58, strike moment 0.76, trail VFX off)
[  2651   18.499 x1.00] LOG  [OniBoss:Layer] attack armor ON (his swings are not interrupted by light/medium hits; heavy hits and rapid-hit bursts still stop him)
[  2651   18.499 x1.00] LOG  [OniBoss:Layer] strike moments overridden: Club_Swing=0.42 ClubSwing2=0.32 ClubSlam=0.85 KanaboSweep=0.48
[  2651   18.499 x1.00] LOG  [OniBoss:Layer] club TOUCH hits ON (radius 0.70m, min tip speed 50m/s, armed from 0.20 of the clip): Club_Swing ClubSwing2 ClubSlam KanaboSweep. First touch wins — club full damage, wave half, one hit per swing.
[  2651   18.499 x1.00] LOG  [OniBoss:Layer] combo damage ramp ON: mid x1.25, finisher x1.50 — finisher wave carries FULL damage at x2.0 size, x2.0 travel.
[  2651   18.499 x1.00] LOG  [OniBoss:Layer] charge follow-up ON: 90 % of solo charges chain into a random melee finisher.
[  2651   18.499 x1.00] LOG  [OniBoss:Layer] hold-ground ON (backstep 1.5m @ 1.6m/s after own attacks, watch 'Watch', attack facing LOCKED)
[  2651   18.499 x1.00] LOG  [OniBoss:Layer] OniBoss layer ready (reactions, wake-on-hit, watch stance, boss bar). player=found
[  2651   18.499 x1.00] LOG  [OniBoss:Layer] charge clip 'Oni Charge.fbx' imports with Root Motion Node = None (in place) — good.
[  2651   18.499 x1.00] LOG  [OniBoss:Layer] clips importing with Root Transform Position (Y) NOT baked into pose (12): Oni_Alert(Oni Alert), Club_Slam(Oni Club Slam), Club_Swing(Oni Club Swing), Club_swing2(Oni Club Swing 2), Death(Oni Death Kneel), Hit_react_light(Oni Hit react lighter light), KanaboSweep(Oni Kanabo sweep), Phase_Transition(Oni Phase transition), run(Oni Run), Walk(Oni Walk), Watch(Oni Watch), Idle(Oni Idle) — their hips' up/down motion is stripped (see round notes; optional).
[  2651   18.499 x1.00] LOG  === VFX MANAGER INITIALIZED ===
[  2651   18.499 x1.00] LOG  Auto-detect animations: False
[  2651   18.499 x1.00] LOG  Parent effects to tail: True
[  2651   18.499 x1.00] LOG  Prefabs: Jump=True, Land=True, LTail=True, RTail=True
[  2651   18.499 x1.00] LOG  ✅ Left Tail Tip: LeftTailTip_Anchor
[  2651   18.499 x1.00] LOG  ✅ Right Tail Tip: RightTailTip_Anchor
[  2651   18.499 x1.00] LOG  [VolumetricFogController] applyPresets is OFF in this scene. The Volumetric Fog component keeps its hand-set inspector values.
[  2651   18.499 x1.00] LOG  [TailAirShot] Ready. drawState=RightTail_Fast castParam=TailCastSpeed (found)
  arrow leaves: PlayerYoru_1.1/Cat_All_10_Tails_v4/Group/DeformationSystem/root/Root_M/Tail15_R/Tail151_R/Tail152_R/Tail153_R/Tail154_R/Tail155_R/Tail156_R/Tail157_R/Tail158_R/Tail159_R/Tail1510_R/Tail1511_R/Tail1512_R/Tail6_R/Tail6_R_end/Tail6_R_end_end/Tail6_R_end_end_end/RightTailTip_Anchor
  aim VFX: PlayerYoru_1.1/Cat_All_10_Tails_v4/Group/DeformationSystem/root/Root_M/Tail15_R/Tail151_R/Tail152_R/Tail153_R/Tail154_R/Tail155_R/Tail156_R/Tail157_R/Tail158_R/Tail159_R/Tail1510_R/Tail1511_R/Tail1512_R/Tail6_R/Tail6_R_end/Tail6_R_end_end/Tail6_R_end_end_end/RightTailTip_Anchor/vfx_Muzzle_Fireball01Blue
[  2651   18.499 x1.00] LOG  [RingMesh] VFX Status:
[  2651   18.499 x1.00] LOG    Left: Prefab=✓, Spawn=Tail6_L_end_end_end
[  2651   18.499 x1.00] LOG    Right: Prefab=✓, Spawn=Tail6_R_end_end_end
[  2651   18.499 x1.00] LOG  [TailAirShot4Leg] Ready. drawState=shoot_4Leg castParam=Shoot4LegSpeed (found) readyFrame=5 fireFrame=10 frames=24 slowBudget=3s real damageMultiplier=2.00
  arrow leaves: PlayerYoru_1.1/Cat_All_10_Tails_v4/Group/DeformationSystem/root/Root_M/Tail15_R/Tail151_R/Tail152_R/Tail153_R/Tail154_R/Tail155_R/Tail156_R/Tail157_R/Tail158_R/Tail159_R/Tail1510_R/Tail1511_R/Tail1512_R/Tail6_R/Tail6_R_end/Tail6_R_end_end/Tail6_R_end_end_end/RightTailTip_Anchor
  aim VFX left:  PlayerYoru_1.1/Cat_All_10_Tails_v4/Group/DeformationSystem/root/Root_M/Tail15_L/Tail151_L/Tail152_L/Tail153_L/Tail154_L/Tail155_L/Tail156_L/Tail157_L/Tail158_L/Tail159_L/Tail1510_L/Tail1511_L/Tail1512_L/Tail6_L/Tail6_L_end/Tail6_L_end_end/Tail6_L_end_end_end/LeftTailTip_Anchor/Glow_4Leg_L
  aim VFX right: PlayerYoru_1.1/Cat_All_10_Tails_v4/Group/DeformationSystem/root/Root_M/Tail15_R/Tail151_R/Tail152_R/Tail153_R/Tail154_R/Tail155_R/Tail156_R/Tail157_R/Tail158_R/Tail159_R/Tail1510_R/Tail1511_R/Tail1512_R/Tail6_R/Tail6_R_end/Tail6_R_end_end/Tail6_R_end_end_end/RightTailTip_Anchor/Glow_4Leg_R
[  2651   18.499 x1.00] LOG  [PlayerCombat] Phase 2 form gate CONNECTED (FormController found on this GameObject).
[  2651   18.499 x1.00] LOG  [Combat] PlayerCombat initialized, Phase 3C v27
[  2651   18.499 x1.00] LOG  [CameraGameFeel] CameraGameFeel initialized (shake + FOV)
[  2651   18.499 x1.00] LOG  [OniBoss] Playing animation: Idle
[  2770   19.122 x1.00] LOG  💨 Landing VFX spawned!
[  2770   19.122 x1.00] LOG  ✅ LANDED! (was jump #0)
[  3807   23.123 x1.00] LOG  [OniBoss:Layer] watch stance ON (player 14.9m)
[  3981   23.981 x1.00] LOG  [OniBoss] LostSoul → Alert
[  3981   23.981 x1.00] LOG  [OniBoss] Playing animation: Oni_Alert
[  3981   23.981 x1.00] LOG  [BossBar] Showing bar for: Oni (2500/2500)
[  3981   23.981 x1.00] LOG  [OniBoss:Layer] boss bar shown
[  3982   23.986 x1.00] LOG  [StormWeather] COZY → 'Yoru_Oni_Phase1_Storm' (fight engaged - storm rolls in, 0 s)
[  3982   23.986 x1.00] LOG  [StormWeather] FIGHT STARTED (he engaged) - storm on, floor starts to soak.
[  4085   24.387 x1.00] LOG  [StormWeather] fur: rain reaching the coat (intensity 0.01, follows floor wetness).
[  4105   24.459 x1.00] LOG  🐾 4-LEG JUMP #0
[  4105   24.459 x1.00] LOG  🐾 Jump 1 VFX spawned!
[  4111   24.482 x1.00] LOG  [OniBoss] Alert → Chase
[  4112   24.487 x1.00] LOG  [OniBoss] Pull-band decision: RUN-IN (dist 5.4m, pullRange 0m, chance 0.50)
[  4112   24.487 x1.00] LOG  [OniBoss] Playing animation: run
[  4192   24.788 x1.00] LOG  [StormWeather] storm post weight -> 0.40
[  4212   24.869 x1.00] LOG  [ComboTrace] LAUNCH OniBoss at 1.7m dist=1.70m in 0.17s [AIRBORNE]
[  4212   24.869 x1.00] LOG  [Combat] Aerial spin, 25 dmg
[  4212   24.869 x1.00] LOG  [YoruVFX] Air spin: 'VFX_Void_Burst_AirSpinYoru' at CenterVFX, 46 systems, longest 1.00s fitted to 0.79s at speed 1.27, 8 forced Local, 38 delays zeroed, tail 2.37s
[  4212   24.869 x1.00] LOG  [AirPosePin] engaged, holding body at 1.579m above the transform
[  4213   24.878 x1.00] LOG  [OniBoss] Playing animation: Watch
[  4213   24.878 x1.00] LOG  [OniBoss] Combo started: swing1-2 (2 steps remaining)
[  4213   24.878 x1.00] LOG  [OniBoss] Chase → Attack
[  4213   24.878 x1.00] LOG  [OniBoss] Attack: Club_Swing (16 dmg)
[  4213   24.878 x1.00] LOG  [OniBoss:Trail] Club_Swing trail START at clip 0.41 (transition done).
[  4243   25.026 x1.00] LOG  OniBoss took 10 damage. HP: 2490/2500
[  4243   25.026 x1.00] LOG  [OniBoss] 🤕 Hit during Attack — flash only
[  4243   25.026 x1.00] LOG  [Momentum] 0 -> 1 (hit), speed x1.05, damage x1.05, impact x1.05
[  4243   25.026 x1.00] LOG  [CameraGameFeel] Shake: intensity=0.06 duration=0.080s
[  4243   25.026 x1.00] LOG  [CameraGameFeel] Shake: intensity=0.53 duration=0.200s
[  4243   25.026 x1.00] LOG  [CameraGameFeel] FOV punch: hit light (+1.5°)
[  4245   25.050 x1.00] LOG  [ComboTrace] LAUNCH RESULT wanted=1.70m actually moved=1.11m, completed
[  4271   25.178 x1.00] LOG  OniBoss took 10 damage. HP: 2480/2500
[  4271   25.178 x1.00] LOG  [OniBoss] 🤕 Hit during Attack — flash only
[  4271   25.178 x1.00] LOG  [CameraGameFeel] Shake: intensity=0.18 duration=0.200s
[  4289   25.268 x1.00] LOG  [CameraGameFeel] Shake: intensity=0.20 duration=0.250s
[  4289   25.268 x1.00] LOG  [Peach] light hit 16 dmg: 2 bites. 14/16 bites = 3.5 of 4 peaches
[  4289   25.268 x1.00] LOG  [Momentum] 1 -> 0 (light hit taken, 50% = -1), speed x1.00, damage x1.00, impact x1.00
[  4289   25.268 x1.00] LOG  [YoruVFX] Spin VFX stopped, fading for 2.37s
[  4289   25.268 x1.00] LOG  [Combat] Combo memory: light hit, keeping step 3
[  4289   25.268 x1.00] LOG  [Combat] Hit react: HitReact_Light_2Leg (0.5s, clip starts at 0.35s)
[  4289   25.268 x1.00] LOG  [CameraGameFeel] Shake: intensity=0.30 duration=0.200s
[  4289   25.268 x1.00] LOG  [CameraGameFeel] FOV punch: player damage (-2.0°)
[  4289   25.268 x1.00] LOG  [OniBoss] Hit player for 16 (Club_Swing)
[  4289   25.268 x1.00] LOG  [OniBoss:Touch] Club_Swing: club TOUCHED Yoru at clip 0.40, shaft 0.28m from her body line, head 0.46 along the club, tip 2.47m up, tip speed 156m/s. Full club hit delivered this frame.
[  4290   25.277 x1.00] LOG  [HitReactTrace] asked for 'HitReact_Light_2Leg' (0.50s, clip start 0.35s): NOT playing it, another state took the combat layer, blend resolved after 9 ms, state 0.79s long at speed 0.80, now at 0.35s, layer weight 1.00, animator.speed 1.00.
[  4292   25.289 x1.00] LOG  [OniBoss:ClubPos] Club_Swing at strike: club tip 3.02m up, 2.69m in front, -2.85m to his right (3.92m out from his centre). Club faces -78deg from his forward, pitch 0.40. (the ground wave is born 1.6m in front of him at 0.35m.)
[  4292   25.289 x1.00] LOG  [OniBoss:Layer] Club_Swing: club already hit — ground wave released as VISUAL only (0 damage).
[  4310   25.384 x1.00] LOG  💨 Landing VFX spawned!
[  4310   25.384 x1.00] LOG  [AirPosePin] released, peak correction was 0.030m
[  4388   25.773 x1.00] LOG  [OniBoss] Attack → Recovery
[  4388   25.773 x1.00] LOG  [OniBoss] Playing animation: Watch
[  4388   25.773 x1.00] LOG  [OniBoss:Trail] trail END at clip 1.00, fading over 0.40s.
[  4388   25.773 x1.00] LOG  ✅ LANDED! (was jump #0)
[  4388   25.773 x1.00] LOG  [OniBoss:Strike] Club_Swing: club tip closest to Yoru at 0.51m, clip position 0.90 | damage fires at 0.42 | clip 0.84s => damage fires 401 ms BEFORE the club is closest
[  4425   25.924 x1.00] LOG  [OniBoss] Recovery → Attack
[  4425   25.924 x1.00] LOG  [OniBoss] Attack: ClubSwing2 (16 dmg)
[  4425   25.924 x1.00] LOG  [OniBoss:Trail] ClubSwing2 trail START at clip 1.00 (transition still blending).
[  4437   25.968 x1.00] LOG  [Combat] Combo 1: 10 dmg
[  4437   25.968 x1.00] LOG  [ComboTrace] START step=1 state='Combo1' queued=0 target='OniBoss' at 2.1m
[  4437   25.968 x1.00] LOG  [ComboTrace] LAUNCH OniBoss at 0.8m dist=0.75m in 0.13s
[  4469   26.099 x1.00] LOG  [ComboTrace] LAUNCH RESULT wanted=0.75m actually moved=0.00m, completed
[  4489   26.170 x1.00] LOG  [Combat] Queued click #1 (combo 1)
[  4489   26.170 x1.00] LOG  [ComboTrace] QUEUED #1 during step 1
[  4510   26.255 x1.00] LOG  [CameraGameFeel] Shake: intensity=0.20 duration=0.250s
[  4510   26.255 x1.00] LOG  [Peach] heavy hit 24 dmg: 3 bites. 11/16 bites = 2.75 of 4 peaches
[  4510   26.255 x1.00] LOG  [Combat] Hit react: HitReact_Heavy_2Leg (0.9s, clip starts at 0.35s)
[  4510   26.255 x1.00] LOG  [CameraGameFeel] Shake: intensity=0.60 duration=0.200s
[  4510   26.255 x1.00] LOG  [CameraGameFeel] FOV punch: player damage (-3.0°)
[  4510   26.255 x1.00] LOG  [OniBoss] Hit player for 24 (ClubSwing2) [combo x1.50]
[  4510   26.255 x1.00] LOG  [OniBoss:Touch] ClubSwing2: club TOUCHED Yoru at clip 0.28, shaft 0.68m from her body line, head 0.48 along the club, tip 1.35m up, tip speed 93m/s, ONE FRAME EARLY (predicted). Full club hit delivered this frame.
[  4511   26.261 x1.00] LOG  [HitReactTrace] asked for 'HitReact_Heavy_2Leg' (0.90s, clip start 0.35s): NOT playing it, another state took the combat layer, blend resolved after 6 ms, state 0.95s long at speed 1.60, now at 0.29s, layer weight 1.00, animator.speed 1.00.
[  4520   26.305 x1.00] LOG  [OniBoss:ClubPos] ClubSwing2 at strike: club tip 0.11m up, 1.77m in front, 2.46m to his right (3.03m out from his centre). Club faces 7deg from his forward, pitch -0.88. (the ground wave is born 1.6m in front of him at 0.35m.)
[  4520   26.305 x1.00] LOG  [OniBoss:Layer] ClubSwing2: club already hit — ground wave released as VISUAL only (0 damage), finisher size x2.0.
[  4703   27.087 x1.00] LOG  [OniBoss] Attack → Recovery
[  4703   27.087 x1.00] LOG  [OniBoss] Playing animation: Watch
[  4703   27.087 x1.00] LOG  [OniBoss:Trail] trail END at clip 0.99, fading over 0.40s.
[  4703   27.087 x1.00] LOG  [OniBoss:Strike] ClubSwing2: club tip closest to Yoru at 1.39m, clip position 0.30 | damage fires at 0.32 | clip 1.17s => MATCHED (within one or two frames)
[  4731   27.209 x1.00] LOG  [Combat] Combo 1: 10 dmg
[  4731   27.209 x1.00] LOG  [ComboTrace] START step=1 state='Combo1' queued=0 target='OniBoss' at 2.0m
[  4731   27.209 x1.00] LOG  [ComboTrace] LAUNCH OniBoss at 0.8m dist=0.75m in 0.13s
[  4739   27.240 x1.00] LOG  [OniBoss] Recovery → Chase
[  4740   27.245 x1.00] LOG  [OniBoss] hold-ground: BACKSTEP 1.5m (player 2.0m)
[  4764   27.341 x1.00] LOG  [ComboTrace] LAUNCH RESULT wanted=0.75m actually moved=0.10m, completed
[  4786   27.420 x1.00] LOG  [Combat] Queued click #1 (combo 1)
[  4786   27.420 x1.00] LOG  [ComboTrace] QUEUED #1 during step 1
[  4837   27.624 x1.00] LOG  [Combat] Queued click #2 (combo 1)
[  4837   27.624 x1.00] LOG  [ComboTrace] QUEUED #2 during step 1
[  4852   27.681 x1.00] LOG  OniBoss took 10 damage. HP: 2470/2500
[  4852   27.681 x1.00] LOG  [OniBoss] Chase → HitReact
[  4852   27.681 x1.00] LOG  [OniBoss:Layer] react tier: LIGHT (10 dmg) → 'Hit_react_light'
[  4852   27.681 x1.00] LOG  [OniReactTrace] #1 LIGHT (10 dmg) asked for 'Hit_react_light': crossfade 0.08s, animator speed 1.35, world x1.00
[  4852   27.681 x1.00] LOG  [Momentum] 0 -> 1 (hit), speed x1.05, damage x1.05, impact x1.05
[  4852   27.681 x1.00] LOG  [CameraGameFeel] Shake: intensity=0.06 duration=0.080s
[  4852   27.681 x1.00] LOG  [Combat] Hit OniBoss for 10
[  4852   27.681 x1.00] LOG  [CameraGameFeel] Shake: intensity=0.53 duration=0.200s
[  4852   27.681 x1.00] LOG  [CameraGameFeel] FOV punch: hit light (+1.5°)
[  4853   27.688 x1.00] LOG  [OniReactTrace] #1 +0.01s state SOMETHING ELSE, clip on his bones 'Take 001' weight 1.00, layer weight 1.00, animator speed 0.00, world x1.00, engine HitReact
[  4877   27.785 x1.00] LOG  [OniReactTrace] #1 +0.10s state SOMETHING ELSE, clip on his bones 'Take 001' weight 0.03, blending INTO 'Hit_react_light', layer weight 1.00, animator speed 1.35, world x1.00, engine HitReact
[  4883   27.812 x1.00] LOG  [ComboTrace] CLICK IGNORED (step=1 queued=2)
[  4891   27.845 x1.00] LOG  🐾 VFX_AttackPaw triggered!
[  4911   27.933 x1.00] LOG  [OniReactTrace] #1 +0.25s state 'Hit_react_light' at 35 % of its 0.59s, clip on his bones 'Take 001' weight 1.00, layer weight 1.00, animator speed 1.35, world x1.00, engine HitReact
[  4918   27.955 x1.00] LOG  [Combat] Combo 2: 20 dmg
[  4918   27.955 x1.00] LOG  [ComboTrace] START step=2 state='Combo2' queued=1 target='OniBoss' at 2.6m
[  4918   27.955 x1.00] LOG  [ComboTrace] LAUNCH OniBoss at 1.3m dist=1.28m in 0.13s
[  4931   28.007 x1.00] LOG  [ComboTrace] CLICK DROPPED by attackCooldown (0.10s, 0.05s since last attack) step=2
[  4948   28.085 x1.00] LOG  [ComboTrace] LAUNCH RESULT wanted=1.28m actually moved=0.60m, completed
[  4962   28.137 x1.00] LOG  [OniReactTrace] #1 +0.46s state 'Hit_react_light' at 69 % of its 0.59s, clip on his bones 'Take 001' weight 1.00, layer weight 1.00, animator speed 1.35, world x1.00, engine HitReact
[  4982   28.209 x1.00] LOG  [Combat] Queued click #2 (combo 2)
[  4982   28.209 x1.00] LOG  [ComboTrace] QUEUED #2 during step 2
[  5008   28.308 x0.00] LOG  [Pause] screen frozen: 1426 x 802 from screen copy, levels 0.10 to 0.55 (measured), world 0.58, blur mip 3.0
[  5024   28.384 x0.00] LOG  [OniReactTrace] #1 +0.70s state 'Hit_react_light' at 100 % of its 0.59s, clip on his bones 'Take 001' weight 1.00, layer weight 1.00, animator speed 1.35, world x0.00, engine HitReact
[  5083   28.634 x0.00] LOG  [OniReactTrace] #1 +0.95s state 'Hit_react_light' at 100 % of its 0.59s, clip on his bones 'Take 001' weight 1.00, layer weight 1.00, animator speed 1.35, world x0.00, engine HitReact
[  5083   28.634 x0.00] LOG  [OniReactTrace] #1 LIGHT verdict: played to 100 % of the clip, so the reaction IS on screen and what is missing is movement inside the clip itself
[  5113   28.761 x0.00] LOG  [Pause] paused: world clock was x1.00, screen frozen and blurred, up in 0.45s real
[  5143   28.889 x0.00] LOG  [OniBoss:Layer] freeze guard: HitReact held 1.20s REAL (limit 1.20, world clock 0.00) → forcing Chase
[  5143   28.889 x0.00] LOG  [OniBoss] HitReact → Chase
[  5144   28.893 x0.00] LOG  [OniBoss] Playing animation: Idle
[  5290   29.512 x1.00] LOG  [Pause] resumed: world clock back to x1.00
[  5346   29.755 x1.00] LOG  🐾🐾 VFX_TowPaw triggered!
[  5351   29.772 x1.00] LOG  OniBoss took 21 damage. HP: 2449/2500
[  5351   29.772 x1.00] LOG  [OniBoss] 🤕 Hit during Chase — flash only
[  5351   29.772 x1.00] LOG  [Momentum] 1 -> 2 (hit), speed x1.10, damage x1.10, impact x1.10
[  5351   29.772 x1.00] LOG  [CameraGameFeel] Shake: intensity=0.06 duration=0.080s
[  5351   29.772 x1.00] LOG  [Combat] Hit OniBoss for 21
[  5351   29.772 x1.00] LOG  [CameraGameFeel] Shake: intensity=0.55 duration=0.200s
[  5351   29.772 x1.00] LOG  [CameraGameFeel] FOV punch: hit light (+1.5°)
[  5397   29.950 x1.00] LOG  [ComboTrace] CLICK IGNORED (step=2 queued=2)
[  5441   30.121 x1.00] LOG  [ComboTrace] CLICK IGNORED (step=2 queued=2)
[  5449   30.150 x1.00] LOG  🐾🐾 VFX_TowPaw triggered!
[  5457   30.179 x1.00] LOG  [Combat] Combo 3: 35 dmg
[  5457   30.179 x1.00] LOG  [ComboTrace] START step=3 state='Combo3' queued=1 target='OniBoss' at 2.3m
[  5457   30.179 x1.00] LOG  [ComboTrace] LAUNCH OniBoss at 1.1m dist=1.05m in 0.13s
[  5457   30.179 x1.00] LOG  [YoruVFX] Ground hazard: 'VFX_Void_Area_GroundSpinYORU' laid at GroundVFX ((482.51, 0.79, 404.95)), floor tilt 6.1 deg, 17 delays shifted by 2.00s, own lifetime 8.98s
[  5457   30.179 x1.00] LOG  [Combat] Hazard zone tick: OniBoss for 25
[  5457   30.179 x1.00] LOG  [Combat] Hazard zone laid: 8.98s, 25 dmg every 0.50s in 2.00m
[  5470   30.243 x1.00] LOG  OniBoss took 38 damage. HP: 2386/2500
[  5470   30.243 x1.00] LOG  [OniBoss] Chase → Stagger
[  5470   30.243 x1.00] LOG  [OniBoss] Playing animation: Stagger
[  5470   30.243 x1.00] LOG  [OniBoss] STAGGERED for 2.5s
[  5470   30.243 x1.00] LOG  [OniBoss:Layer] heavy knock-back react (38 dmg) → 'HitReact_Heavy', down for 1.80s
[  5470   30.243 x1.00] LOG  [OniReactTrace] #2 HEAVY (0 dmg) asked for 'HitReact_Heavy': crossfade 0.08s, animator speed 1.35, world x1.00
[  5470   30.243 x1.00] LOG  [Momentum] 2 -> 3 (hit), speed x1.15, damage x1.15, impact x1.15
[  5470   30.243 x1.00] LOG  [CameraGameFeel] Shake: intensity=0.06 duration=0.080s
[  5470   30.243 x1.00] LOG  [CameraGameFeel] Shake: intensity=0.58 duration=0.200s
[  5470   30.243 x1.00] LOG  [CameraGameFeel] FOV punch: hit light (+1.5°)
[  5471   30.249 x1.00] LOG  [OniReactTrace] #2 +0.01s state SOMETHING ELSE, clip on his bones 'Take 001' weight 1.00, blending INTO 'HitReact_Heavy', layer weight 1.00, animator speed 0.00, world x1.00, engine Stagger
[  5487   30.313 x1.00] LOG  [ComboTrace] LAUNCH RESULT wanted=1.05m actually moved=0.47m, completed
[  5492   30.332 x1.00] LOG  [ComboTrace] CLICK IGNORED (step=3 queued=1)
[  5494   30.344 x1.00] LOG  [OniReactTrace] #2 +0.10s state 'HitReact_Heavy' at 4 % of its 1.11s, clip on his bones 'Take 001' weight 1.00, layer weight 1.00, animator speed 1.35, world x1.00, engine Stagger
[  5529   30.500 x1.00] LOG  [OniReactTrace] #2 +0.26s state 'HitReact_Heavy' at 18 % of its 1.11s, clip on his bones 'Take 001' weight 1.00, layer weight 1.00, animator speed 1.35, world x1.00, engine Stagger
[  5538   30.538 x0.00] LOG  [Pause] screen frozen: 1426 x 802 from screen copy, levels 0.10 to 0.51 (measured), world 0.58, blur mip 3.0
[  5569   30.697 x0.00] LOG  [OniReactTrace] #2 +0.45s state 'HitReact_Heavy' at 22 % of its 1.11s, clip on his bones 'Take 001' weight 1.00, layer weight 1.00, animator speed 1.35, world x0.00, engine Stagger
[  5617   30.945 x0.00] LOG  [OniReactTrace] #2 +0.70s state 'HitReact_Heavy' at 22 % of its 1.11s, clip on his bones 'Take 001' weight 1.00, layer weight 1.00, animator speed 1.35, world x0.00, engine Stagger
[  5626   30.989 x0.00] LOG  [Pause] paused: world clock was x1.00, screen frozen and blurred, up in 0.45s real
[  5669   31.197 x0.00] LOG  [OniReactTrace] #2 +0.95s state 'HitReact_Heavy' at 22 % of its 1.11s, clip on his bones 'Take 001' weight 1.00, layer weight 1.00, animator speed 1.35, world x0.00, engine Stagger
[  5669   31.197 x0.00] LOG  [OniReactTrace] #2 HEAVY verdict: CUT SHORT at 22 % of the clip
[  5924   32.485 x1.00] LOG  [Pause] resumed: world clock back to x1.00
[  5952   32.628 x1.00] LOG  [Combat] Hazard zone tick: OniBoss for 25
[  5968   32.695 x1.00] LOG  [ComboTrace] CLICK IGNORED (step=3 queued=1)
[  6011   32.888 x1.00] LOG  [ComboTrace] CLICK IGNORED (step=3 queued=1)
[  6022   32.946 x1.00] LOG  [ComboTrace] END step=3 clipProgress=0.95 clipLen=0.79s queued=0 elapsed=0.82s
[  6056   33.087 x1.00] LOG  [Combat] Combo 1: 10 dmg
[  6056   33.087 x1.00] LOG  [ComboTrace] START step=1 state='Combo1' queued=0 target='OniBoss' at 2.8m
[  6056   33.087 x1.00] LOG  [ComboTrace] LAUNCH OniBoss at 1.4m dist=1.44m in 0.14s
[  6058   33.095 x1.00] LOG  [AirPosePin] engaged, holding body at 0.641m above the transform
[  6065   33.123 x1.00] LOG  [AirPosePin] released, peak correction was 0.000m
[  6067   33.130 x1.00] LOG  [Combat] Hazard zone tick: OniBoss for 25
[  6093   33.234 x1.00] LOG  [ComboTrace] LAUNCH RESULT wanted=1.44m actually moved=0.78m, completed
[  6114   33.314 x1.00] LOG  [Combat] Queued click #1 (combo 1)
[  6114   33.314 x1.00] LOG  [ComboTrace] QUEUED #1 during step 1
[  6148   33.452 x1.00] LOG  [OniBoss:Layer] freeze guard: Stagger held 3.20s REAL (limit 3.20, world clock 1.00) → forcing Chase
[  6148   33.452 x1.00] LOG  [OniBoss] Stagger → Chase
[  6149   33.456 x1.00] LOG  [OniBoss] Playing animation: Idle
[  6149   33.456 x1.00] LOG  [OniBoss] Chase → Attack
[  6149   33.456 x1.00] LOG  [OniBoss] Attack: Club_Swing (16 dmg)
[  6149   33.456 x1.00] LOG  [OniBoss:Trail] Club_Swing trail START at clip 1.00 (transition done).
[  6158   33.495 x1.00] LOG  OniBoss took 12 damage. HP: 2324/2500
[  6158   33.495 x1.00] LOG  [OniBoss] 🤕 Hit during Attack — flash only
[  6158   33.495 x1.00] LOG  [Momentum] 3 -> 4 (hit), speed x1.20, damage x1.20, impact x1.20
[  6158   33.495 x1.00] LOG  [CameraGameFeel] Shake: intensity=0.06 duration=0.080s
[  6158   33.495 x1.00] LOG  [Combat] Hit OniBoss for 12
[  6158   33.495 x1.00] LOG  [CameraGameFeel] Shake: intensity=0.60 duration=0.200s
[  6158   33.495 x1.00] LOG  [CameraGameFeel] FOV punch: hit light (+1.5°)
[  6167   33.542 x1.00] LOG  [Combat] Queued click #2 (combo 1)
[  6167   33.542 x1.00] LOG  [ComboTrace] QUEUED #2 during step 1
[  6191   33.634 x1.00] LOG  [Combat] Hazard zone tick: OniBoss for 25
[  6195   33.652 x1.00] LOG  🐾 VFX_AttackPaw triggered!
[  6217   33.746 x1.00] LOG  [Combat] Combo 2: 20 dmg
[  6217   33.746 x1.00] LOG  [ComboTrace] START step=2 state='Combo2' queued=1 target='OniBoss' at 2.0m
[  6217   33.746 x1.00] LOG  [ComboTrace] LAUNCH OniBoss at 0.8m dist=0.75m in 0.13s
[  6220   33.758 x1.00] LOG  [ComboTrace] CLICK DROPPED by attackCooldown (0.10s, 0.01s since last attack) step=2
[  6244   33.865 x1.00] LOG  [OniBoss:ClubPos] Club_Swing at strike: club tip 3.02m up, 2.43m in front, -2.99m to his right (3.86m out from his centre). Club faces -84deg from his forward, pitch 0.41. (the ground wave is born 1.6m in front of him at 0.35m.)
[  6244   33.865 x1.00] LOG  [OniBoss:Layer] Club_Swing: club has not connected — ground wave released ARMED, 1.6m in front, 12m/s x 6.0m = 0.50s, carrying 8 (half of the club's 16).
[  6245   33.869 x1.00] LOG  [Peach] light hit 8 dmg: 1 bite. 10/16 bites = 2.5 of 4 peaches
[  6245   33.869 x1.00] LOG  [Momentum] 4 -> 2 (light hit taken, 50% = -2), speed x1.10, damage x1.10, impact x1.10
[  6245   33.869 x1.00] LOG  [Combat] Combo memory: light hit, keeping step 2
[  6245   33.869 x1.00] LOG  [Combat] Hit react: HitReact_Light_2Leg (0.5s, clip starts at 0.35s)
[  6245   33.869 x1.00] LOG  [CameraGameFeel] Shake: intensity=0.30 duration=0.200s
[  6245   33.869 x1.00] LOG  [CameraGameFeel] FOV punch: player damage (-2.0°)
[  6245   33.869 x1.00] LOG  [OniBoss:Wave] wave TOUCHED Yoru (grounded) for 8 after 0.1m / 0.00s of travel.
[  6250   33.891 x1.00] LOG  [HitReactTrace] asked for 'HitReact_Light_2Leg' (0.50s, clip start 0.35s): playing it, blend resolved after 22 ms, state 1.21s long at speed 1.00, now at 0.37s, layer weight 1.00, animator.speed 1.00.
[  6310   34.136 x1.00] LOG  [Combat] Hazard zone tick: OniBoss for 25
[  6357   34.336 x1.00] LOG  [OniBoss] Attack → Recovery
[  6357   34.336 x1.00] LOG  [OniBoss] Playing animation: Watch
[  6357   34.336 x1.00] LOG  [OniBoss:Trail] trail END at clip 0.99, fading over 0.40s.
[  6357   34.336 x1.00] LOG  [OniBoss:Strike] Club_Swing: club tip closest to Yoru at 0.52m, clip position 0.91 | damage fires at 0.42 | clip 0.84s => damage fires 410 ms BEFORE the club is closest
[  6383   34.466 x1.00] LOG  [Combat] Combo 3: 35 dmg
[  6383   34.466 x1.00] LOG  [ComboTrace] START step=3 state='Combo3' queued=0 target='OniBoss' at 2.0m
[  6383   34.466 x1.00] LOG  [ComboTrace] LAUNCH OniBoss at 0.8m dist=0.75m in 0.13s
[  6383   34.466 x1.00] LOG  [YoruVFX] Ground hazard: 'VFX_Void_Area_GroundSpinYORU' laid at GroundVFX ((483.39, 0.68, 404.14)), floor tilt 8.1 deg, 17 delays shifted by 2.00s, own lifetime 8.98s
[  6383   34.466 x1.00] LOG  [Combat] Hazard zone tick: OniBoss for 25
[  6383   34.466 x1.00] LOG  [Combat] Hazard zone laid: 8.98s, 25 dmg every 0.50s in 2.00m
[  6388   34.490 x1.00] LOG  [OniBoss] Recovery → Chase
[  6389   34.496 x1.00] LOG  [OniBoss] hold-ground: BACKSTEP 1.5m (player 2.0m)
[  6395   34.527 x1.00] LOG  OniBoss took 38 damage. HP: 2211/2500
[  6395   34.527 x1.00] LOG  [OniBoss] Chase → Stagger
[  6395   34.527 x1.00] LOG  [OniBoss] Playing animation: Stagger
[  6395   34.527 x1.00] LOG  [OniBoss] STAGGERED for 2.5s
[  6395   34.527 x1.00] LOG  [OniBoss:Layer] heavy knock-back react (38 dmg) → 'HitReact_Heavy', down for 1.80s
[  6395   34.527 x1.00] LOG  [OniReactTrace] #3 HEAVY (0 dmg) asked for 'HitReact_Heavy': crossfade 0.08s, animator speed 1.35, world x1.00
[  6395   34.527 x1.00] LOG  [Momentum] 2 -> 3 (hit), speed x1.15, damage x1.15, impact x1.15
[  6395   34.527 x1.00] LOG  [CameraGameFeel] Shake: intensity=0.06 duration=0.080s
[  6395   34.527 x1.00] LOG  [CameraGameFeel] Shake: intensity=0.58 duration=0.200s
[  6395   34.527 x1.00] LOG  [CameraGameFeel] FOV punch: hit light (+1.5°)
[  6396   34.533 x1.00] LOG  [OniReactTrace] #3 +0.01s state SOMETHING ELSE, clip on his bones '?' weight 0.00, blending INTO 'HitReact_Heavy', layer weight 1.00, animator speed 0.00, world x1.00, engine Stagger
[  6409   34.605 x1.00] LOG  [ComboTrace] LAUNCH RESULT wanted=0.75m actually moved=0.19m, completed
[  6416   34.631 x1.00] LOG  [OniReactTrace] #3 +0.10s state 'HitReact_Heavy' at 5 % of its 1.11s, clip on his bones 'Take 001' weight 1.00, layer weight 1.00, animator speed 1.35, world x1.00, engine Stagger
[  6428   34.681 x1.00] LOG  [ComboTrace] CLICK IGNORED (step=3 queued=0)
[  6449   34.783 x1.00] LOG  [OniReactTrace] #3 +0.26s state 'HitReact_Heavy' at 19 % of its 1.11s, clip on his bones 'Take 001' weight 1.00, layer weight 1.00, animator speed 1.35, world x1.00, engine Stagger
[  6472   34.908 x1.00] LOG  [ComboTrace] CLICK IGNORED (step=3 queued=0)
[  6483   34.966 x1.00] LOG  [Combat] Hazard zone tick: OniBoss for 25
[  6486   34.980 x1.00] LOG  [OniReactTrace] #3 +0.45s state 'HitReact_Heavy' at 37 % of its 1.11s, clip on his bones 'Take 001' weight 1.00, layer weight 1.00, animator speed 1.35, world x1.00, engine Stagger
[  6519   35.154 x1.00] LOG  [ComboTrace] CLICK IGNORED (step=3 queued=0)
[  6536   35.230 x1.00] LOG  [OniReactTrace] #3 +0.70s state 'HitReact_Heavy' at 59 % of its 1.11s, clip on his bones 'Take 001' weight 1.00, layer weight 1.00, animator speed 1.35, world x1.00, engine Stagger
[  6547   35.274 x1.00] LOG  [ComboTrace] END step=3 clipProgress=0.95 clipLen=0.79s queued=0 elapsed=0.81s
[  6590   35.469 x1.00] LOG  [Combat] Hazard zone tick: OniBoss for 25
[  6592   35.478 x1.00] LOG  [OniReactTrace] #3 +0.95s state 'HitReact_Heavy' at 81 % of its 1.11s, clip on his bones 'Take 001' weight 1.00, layer weight 1.00, animator speed 1.35, world x1.00, engine Stagger
[  6592   35.478 x1.00] LOG  [OniReactTrace] #3 HEAVY verdict: played to 81 % of the clip, so the reaction IS on screen and what is missing is movement inside the clip itself
[  6620   35.598 x1.00] LOG  [Combat] Combo 1: 10 dmg
[  6620   35.598 x1.00] LOG  [ComboTrace] START step=1 state='Combo1' queued=0 target='OniBoss' at 2.8m
[  6620   35.598 x1.00] LOG  [ComboTrace] LAUNCH OniBoss at 1.4m dist=1.44m in 0.14s
[  6620   35.598 x1.00] LOG  [AirPosePin] engaged, holding body at 0.644m above the transform
[  6629   35.632 x1.00] LOG  [AirPosePin] released, peak correction was 0.000m
[  6654   35.744 x1.00] LOG  [ComboTrace] LAUNCH RESULT wanted=1.44m actually moved=0.77m, completed
[  6706   35.975 x1.00] LOG  [Combat] Hazard zone tick: OniBoss for 25
[  6714   36.005 x1.00] LOG  OniBoss punish window! 12 → 18 (x1.5)
[  6714   36.005 x1.00] LOG  OniBoss took 18 damage. HP: 2118/2500
[  6714   36.005 x1.00] LOG  [Momentum] 3 -> 4 (hit), speed x1.20, damage x1.20, impact x1.20
[  6714   36.005 x1.00] LOG  [CameraGameFeel] Shake: intensity=0.06 duration=0.080s
[  6714   36.005 x1.00] LOG  [Combat] Hit OniBoss for 12
[  6714   36.005 x1.00] LOG  [CameraGameFeel] Shake: intensity=0.60 duration=0.200s
[  6714   36.005 x1.00] LOG  [CameraGameFeel] FOV punch: hit light (+1.5°)
[  6742   36.160 x1.00] LOG  🐾 VFX_AttackPaw triggered!
[  6774   36.330 x1.00] LOG  [OniBoss] Stagger → Chase
[  6775   36.336 x1.00] LOG  [OniBoss] Playing animation: Watch
[  6775   36.336 x1.00] LOG  [OniBoss] Chase → Attack
[  6775   36.336 x1.00] LOG  [OniBoss] Attack: Club_Swing (16 dmg)
[  6775   36.336 x1.00] LOG  [OniBoss:Trail] Club_Swing trail START at clip 1.00 (transition done).
[  6776   36.345 x1.00] LOG  [ComboTrace] END step=1 clipProgress=0.85 clipLen=0.82s queued=0 elapsed=0.75s
[  6853   36.696 x1.00] LOG  [OniBoss:ClubPos] Club_Swing at strike: club tip 3.02m up, 2.44m in front, -2.99m to his right (3.86m out from his centre). Club faces -84deg from his forward, pitch 0.41. (the ground wave is born 1.6m in front of him at 0.35m.)
[  6853   36.696 x1.00] LOG  [OniBoss:Layer] Club_Swing: club has not connected — ground wave released ARMED, 1.6m in front, 12m/s x 6.0m = 0.50s, carrying 8 (half of the club's 16).
[  6854   36.701 x1.00] LOG  [Peach] light hit 8 dmg: 1 bite. 9/16 bites = 2.25 of 4 peaches
[  6854   36.701 x1.00] LOG  [Momentum] 4 -> 2 (light hit taken, 50% = -2), speed x1.10, damage x1.10, impact x1.10
[  6854   36.701 x1.00] LOG  [Combat] Combo memory: light hit, keeping step 1
[  6854   36.701 x1.00] LOG  [Combat] Hit react: HitReact_Light_2Leg (0.5s, clip starts at 0.35s)
[  6854   36.701 x1.00] LOG  [CameraGameFeel] Shake: intensity=0.30 duration=0.200s
[  6854   36.701 x1.00] LOG  [CameraGameFeel] FOV punch: player damage (-2.0°)
[  6854   36.701 x1.00] LOG  [OniBoss:Wave] wave TOUCHED Yoru (grounded) for 8 after 0.1m / 0.00s of travel.
[  6859   36.727 x1.00] LOG  [HitReactTrace] asked for 'HitReact_Light_2Leg' (0.50s, clip start 0.35s): playing it, blend resolved after 26 ms, state 1.21s long at speed 1.00, now at 0.37s, layer weight 1.00, animator.speed 1.00.
[  6960   37.172 x1.00] LOG  [OniBoss] Attack → Recovery
[  6960   37.172 x1.00] LOG  [OniBoss] Playing animation: Watch
[  6960   37.172 x1.00] LOG  [OniBoss:Trail] trail END at clip 0.99, fading over 0.40s.
[  6960   37.172 x1.00] LOG  [OniBoss:Strike] Club_Swing: club tip closest to Yoru at 1.39m, clip position 0.91 | damage fires at 0.42 | clip 0.84s => damage fires 413 ms BEFORE the club is closest
[  6990   37.326 x1.00] LOG  [OniBoss] Recovery → Chase
[  6991   37.335 x1.00] LOG  [OniBoss] hold-ground: BACKSTEP 1.5m (player 2.9m)
[  7171   38.236 x1.00] LOG  [OniBoss] hold-ground: backstep done (1.45m), WATCH (player 4.3m, cooldown 0.9s)
[  7171   38.236 x1.00] LOG  [OniBoss] Playing animation: Idle
[  7180   38.281 x1.00] LOG  🚶 2-LEG JUMP
[  7180   38.281 x1.00] LOG  🐾 Jump 1 VFX spawned!
[  7219   38.506 x1.00] LOG  [Momentum] 2 -> 1 (drain), speed x1.05, damage x1.05, impact x1.05
[  7238   38.607 x1.00] LOG  [ComboTrace] LAUNCH OniBoss at 2.8m dist=2.79m in 0.28s [AIRBORNE]
[  7238   38.607 x1.00] LOG  [Combat] Aerial spin, 25 dmg
[  7238   38.607 x1.00] LOG  [YoruVFX] Air spin: 'VFX_Void_Burst_AirSpinYoru' at CenterVFX, 46 systems, longest 1.00s fitted to 0.79s at speed 1.27, 8 forced Local, 38 delays zeroed, tail 2.37s
[  7238   38.607 x1.00] LOG  [AirPosePin] engaged, holding body at 1.592m above the transform
[  7266   38.757 x1.00] LOG  OniBoss took 10 damage. HP: 2108/2500
[  7266   38.757 x1.00] LOG  [OniBoss] Chase → HitReact
[  7266   38.757 x1.00] LOG  [OniBoss:Layer] react tier: LIGHT (10 dmg) → 'Hit_react_light'
[  7266   38.757 x1.00] LOG  [OniReactTrace] #4 LIGHT (10 dmg) asked for 'Hit_react_light': crossfade 0.08s, animator speed 1.35, world x1.00
[  7266   38.757 x1.00] LOG  [Momentum] 1 -> 2 (hit), speed x1.10, damage x1.10, impact x1.10
[  7266   38.757 x1.00] LOG  [CameraGameFeel] Shake: intensity=0.06 duration=0.080s
[  7266   38.757 x1.00] LOG  [CameraGameFeel] Shake: intensity=0.55 duration=0.200s
[  7266   38.757 x1.00] LOG  [CameraGameFeel] FOV punch: hit light (+1.5°)
[  7267   38.763 x1.00] LOG  [OniReactTrace] #4 +0.01s state SOMETHING ELSE, clip on his bones 'Take 001' weight 1.00, blending INTO 'Hit_react_light', layer weight 1.00, animator speed 0.00, world x1.00, engine HitReact
[  7286   38.859 x1.00] LOG  [OniReactTrace] #4 +0.10s state SOMETHING ELSE, clip on his bones 'Take 001' weight 0.08, blending INTO 'Hit_react_light', layer weight 1.00, animator speed 1.35, world x1.00, engine HitReact
[  7293   38.887 x1.00] LOG  [ComboTrace] LAUNCH RESULT wanted=2.79m actually moved=2.21m, completed
[  7298   38.910 x1.00] LOG  OniBoss took 11 damage. HP: 2097/2500
[  7298   38.910 x1.00] LOG  [OniBoss:Layer] burst: 2 hits / 21 dmg → flinch upgraded to 'HitReact_medium'
[  7298   38.910 x1.00] LOG  [OniReactTrace] #5 BURST UPGRADE (21 dmg) asked for 'HitReact_medium': crossfade 0.08s, animator speed 1.35, world x1.00
[  7298   38.910 x1.00] LOG  [CameraGameFeel] Shake: intensity=0.19 duration=0.200s
[  7299   38.916 x1.00] LOG  [OniReactTrace] #5 +0.01s state SOMETHING ELSE, clip on his bones 'Take 001' weight 0.91, blending INTO 'HitReact_medium', layer weight 1.00, animator speed 1.35, world x1.00, engine HitReact
[  7314   39.012 x1.00] LOG  [OniReactTrace] #5 +0.10s state 'HitReact_medium' at 9 % of its 1.08s, clip on his bones 'Take 001' weight 1.00, layer weight 1.00, animator speed 1.35, world x1.00, engine HitReact
[  7325   39.062 x1.00] LOG  OniBoss took 11 damage. HP: 2086/2500
[  7325   39.062 x1.00] LOG  [OniBoss] HitReact → Stagger
[  7325   39.062 x1.00] LOG  [OniBoss] Playing animation: Stagger
[  7325   39.062 x1.00] LOG  [OniBoss] STAGGERED for 2.5s
[  7325   39.062 x1.00] LOG  [OniBoss:Layer] heavy knock-back react (swirl burst, 3 hits / 32 dmg) → 'HitReact_Heavy', down for 1.80s
[  7325   39.062 x1.00] LOG  [OniReactTrace] #6 HEAVY (0 dmg) asked for 'HitReact_Heavy': crossfade 0.08s, animator speed 1.35, world x1.00
[  7325   39.062 x1.00] LOG  [OniBoss:Layer] burst: 3 hits / 32 dmg inside 0.8s → knock-back + 0.90m push
[  7325   39.062 x1.00] LOG  [Momentum] 2 -> 3 (hit), speed x1.15, damage x1.15, impact x1.15
[  7325   39.062 x1.00] LOG  [CameraGameFeel] Shake: intensity=0.06 duration=0.080s
[  7325   39.062 x1.00] LOG  [CameraGameFeel] Shake: intensity=0.20 duration=0.200s
[  7326   39.067 x1.00] LOG  [OniReactTrace] #6 +0.01s state SOMETHING ELSE, clip on his bones 'Take 001' weight 0.87, blending INTO 'HitReact_Heavy', layer weight 1.00, animator speed 1.35, world x1.00, engine Stagger
[  7344   39.166 x1.00] LOG  [OniReactTrace] #6 +0.10s state 'HitReact_Heavy' at 9 % of its 1.11s, clip on his bones 'Take 001' weight 1.00, layer weight 1.00, animator speed 1.35, world x1.00, engine Stagger
[  7356   39.231 x1.00] LOG  💨 Landing VFX spawned!
[  7356   39.231 x1.00] LOG  ✅ LANDED! (was jump #1)
[  7356   39.231 x1.00] LOG  [AirPosePin] released, peak correction was 0.033m
[  7374   39.318 x1.00] LOG  [OniReactTrace] #6 +0.26s state 'HitReact_Heavy' at 22 % of its 1.11s, clip on his bones 'Take 001' weight 1.00, layer weight 1.00, animator speed 1.35, world x1.00, engine Stagger
[  7378   39.341 x1.00] LOG  [YoruVFX] Spin VFX stopped, fading for 2.37s
[  7385   39.368 x1.00] LOG  [ComboTrace] END step=3 clipProgress=0.90 clipLen=0.79s queued=0 elapsed=0.76s
[  7417   39.514 x1.00] LOG  [OniReactTrace] #6 +0.45s state 'HitReact_Heavy' at 40 % of its 1.11s, clip on his bones 'Take 001' weight 1.00, layer weight 1.00, animator speed 1.35, world x1.00, engine Stagger
[  7477   39.764 x1.00] LOG  [OniReactTrace] #6 +0.70s state 'HitReact_Heavy' at 63 % of its 1.11s, clip on his bones 'Take 001' weight 1.00, layer weight 1.00, animator speed 1.35, world x1.00, engine Stagger
[  7535   40.015 x1.00] LOG  [OniReactTrace] #6 +0.95s state 'HitReact_Heavy' at 85 % of its 1.11s, clip on his bones 'Take 001' weight 1.00, layer weight 1.00, animator speed 1.35, world x1.00, engine Stagger
[  7535   40.015 x1.00] LOG  [OniReactTrace] #6 HEAVY verdict: played to 85 % of the clip, so the reaction IS on screen and what is missing is movement inside the clip itself
[  7732   40.863 x1.00] LOG  [OniBoss] Stagger → Chase
[  7733   40.866 x1.00] LOG  [OniBoss] Playing animation: Idle
[  7733   40.866 x1.00] LOG  [OniBoss] Chase → Attack
[  7733   40.866 x1.00] LOG  [OniBoss] Attack: Club_Swing (16 dmg)
[  7733   40.866 x1.00] LOG  [OniBoss:Trail] Club_Swing trail START at clip 1.00 (transition done).
[  7768   41.006 x1.00] LOG  [Combat] Combo 1: 10 dmg
[  7768   41.006 x1.00] LOG  [ComboTrace] START step=1 state='Combo1' queued=0 target='OniBoss' at 2.8m
[  7768   41.006 x1.00] LOG  [ComboTrace] LAUNCH OniBoss at 1.5m dist=1.55m in 0.15s
[  7769   41.009 x1.00] LOG  [AirPosePin] engaged, holding body at 0.654m above the transform
[  7770   41.014 x1.00] LOG  [AirPosePin] released, peak correction was 0.000m
[  7812   41.164 x1.00] LOG  [ComboTrace] LAUNCH RESULT wanted=1.55m actually moved=0.83m, completed
[  7827   41.222 x1.00] LOG  [OniBoss:ClubPos] Club_Swing at strike: club tip 3.02m up, 2.77m in front, -2.80m to his right (3.94m out from his centre). Club faces -77deg from his forward, pitch 0.40. (the ground wave is born 1.6m in front of him at 0.35m.)
[  7827   41.222 x1.00] LOG  [OniBoss:Layer] Club_Swing: club has not connected — ground wave released ARMED, 1.6m in front, 12m/s x 6.0m = 0.50s, carrying 8 (half of the club's 16).
[  7828   41.227 x1.00] LOG  [Peach] light hit 8 dmg: 1 bite. 8/16 bites = 2 of 4 peaches
[  7828   41.227 x1.00] LOG  [Momentum] 3 -> 1 (light hit taken, 50% = -2), speed x1.05, damage x1.05, impact x1.05
[  7828   41.227 x1.00] LOG  [Combat] Combo memory: light hit, keeping step 1
[  7828   41.227 x1.00] LOG  [Combat] Hit react: HitReact_Light_2Leg (0.5s, clip starts at 0.35s)
[  7828   41.227 x1.00] LOG  [CameraGameFeel] Shake: intensity=0.30 duration=0.200s
[  7828   41.227 x1.00] LOG  [CameraGameFeel] FOV punch: player damage (-2.0°)
[  7828   41.227 x1.00] LOG  [OniBoss:Wave] wave TOUCHED Yoru (grounded) for 8 after 0.1m / 0.00s of travel.
[  7833   41.247 x1.00] LOG  [HitReactTrace] asked for 'HitReact_Light_2Leg' (0.50s, clip start 0.35s): playing it, blend resolved after 20 ms, state 1.21s long at speed 1.00, now at 0.37s, layer weight 1.00, animator.speed 1.00.
[  7917   41.564 x1.00] LOG  [Momentum] 1 -> 0 (drain), speed x1.00, damage x1.00, impact x1.00
[  7951   41.701 x1.00] LOG  [OniBoss] Attack → Recovery
[  7951   41.701 x1.00] LOG  [OniBoss] Playing animation: Watch
[  7951   41.701 x1.00] LOG  [OniBoss:Trail] trail END at clip 0.99, fading over 0.40s.
[  7951   41.701 x1.00] LOG  [OniBoss:Strike] Club_Swing: club tip closest to Yoru at 0.48m, clip position 0.91 | damage fires at 0.42 | clip 0.84s => damage fires 412 ms BEFORE the club is closest
[  7987   41.852 x1.00] LOG  [OniBoss] Recovery → Chase
[  7988   41.855 x1.00] LOG  [OniBoss] hold-ground: BACKSTEP 1.5m (player 2.0m)
[  7999   41.899 x1.00] LOG  [Combat] Combo 2: 20 dmg
[  7999   41.899 x1.00] LOG  [ComboTrace] START step=2 state='Combo2' queued=0 target='OniBoss' at 2.1m
[  7999   41.899 x1.00] LOG  [ComboTrace] LAUNCH OniBoss at 0.9m dist=0.90m in 0.13s
[  8030   42.029 x1.00] LOG  [ComboTrace] LAUNCH RESULT wanted=0.90m actually moved=0.23m, completed
[  8057   42.128 x1.00] LOG  [Combat] Queued click #1 (combo 2)
[  8057   42.128 x1.00] LOG  [ComboTrace] QUEUED #1 during step 2
[  8127   42.393 x1.00] LOG  [Combat] Queued click #2 (combo 2)
[  8127   42.393 x1.00] LOG  [ComboTrace] QUEUED #2 during step 2
[  8159   42.521 x1.00] LOG  🐾🐾 VFX_TowPaw triggered!
[  8230   42.794 x1.00] LOG  [OniBoss] hold-ground: backstep done (1.50m), WATCH (player 3.3m, cooldown 0.9s)
[  8230   42.794 x1.00] LOG  [OniBoss] Playing animation: Idle
[  8256   42.890 x1.00] LOG  🐾🐾 VFX_TowPaw triggered!
[  8264   42.920 x1.00] LOG  [Combat] Combo 3: 35 dmg
[  8264   42.920 x1.00] LOG  [ComboTrace] START step=3 state='Combo3' queued=1 target='OniBoss' at 3.2m
[  8264   42.920 x1.00] LOG  [ComboTrace] LAUNCH OniBoss at 2.0m dist=1.96m in 0.20s
[  8264   42.920 x1.00] LOG  [YoruVFX] Ground hazard: 'VFX_Void_Area_GroundSpinYORU' laid at GroundVFX ((486.70, 0.18, 401.08)), floor tilt 0.0 deg, 17 delays shifted by 2.00s, own lifetime 8.98s
[  8264   42.920 x1.00] LOG  [Combat] Hazard zone tick: OniBoss for 25
[  8264   42.920 x1.00] LOG  [Combat] Hazard zone laid: 8.98s, 25 dmg every 0.50s in 2.00m
[  8278   42.981 x1.00] LOG  OniBoss took 35 damage. HP: 2026/2500
[  8278   42.981 x1.00] LOG  [OniBoss] Chase → Stagger
[  8278   42.981 x1.00] LOG  [OniBoss] Playing animation: Stagger
[  8278   42.981 x1.00] LOG  [OniBoss] STAGGERED for 2.5s
[  8278   42.981 x1.00] LOG  [OniBoss:Layer] heavy knock-back react (35 dmg) → 'HitReact_Heavy', down for 1.80s
[  8278   42.981 x1.00] LOG  [OniReactTrace] #7 HEAVY (0 dmg) asked for 'HitReact_Heavy': crossfade 0.08s, animator speed 1.35, world x1.00
[  8278   42.981 x1.00] LOG  [Momentum] 0 -> 1 (hit), speed x1.05, damage x1.05, impact x1.05
[  8278   42.981 x1.00] LOG  [CameraGameFeel] Shake: intensity=0.06 duration=0.080s
[  8278   42.981 x1.00] LOG  [CameraGameFeel] Shake: intensity=0.53 duration=0.200s
[  8278   42.981 x1.00] LOG  [CameraGameFeel] FOV punch: hit light (+1.5°)
[  8279   42.986 x1.00] LOG  [OniReactTrace] #7 +0.01s state SOMETHING ELSE, clip on his bones 'Take 001' weight 1.00, blending INTO 'HitReact_Heavy', layer weight 1.00, animator speed 0.00, world x1.00, engine Stagger
[  8304   43.085 x1.00] LOG  [OniReactTrace] #7 +0.10s state 'HitReact_Heavy' at 5 % of its 1.11s, clip on his bones 'Take 001' weight 1.00, layer weight 1.00, animator speed 1.35, world x1.00, engine Stagger
[  8311   43.124 x1.00] LOG  [ComboTrace] LAUNCH RESULT wanted=1.96m actually moved=1.94m, completed
[  8335   43.231 x1.00] LOG  [OniReactTrace] #7 +0.25s state 'HitReact_Heavy' at 18 % of its 1.11s, clip on his bones 'Take 001' weight 1.00, layer weight 1.00, animator speed 1.35, world x1.00, engine Stagger
[  8374   43.438 x1.00] LOG  [OniReactTrace] #7 +0.46s state 'HitReact_Heavy' at 37 % of its 1.11s, clip on his bones 'Take 001' weight 1.00, layer weight 1.00, animator speed 1.35, world x1.00, engine Stagger
[  8417   43.681 x1.00] LOG  [OniReactTrace] #7 +0.70s state 'HitReact_Heavy' at 59 % of its 1.11s, clip on his bones 'Take 001' weight 1.00, layer weight 1.00, animator speed 1.35, world x1.00, engine Stagger
[  8426   43.736 x1.00] LOG  [ComboTrace] END step=3 clipProgress=0.95 clipLen=0.79s queued=0 elapsed=0.82s
[  8470   43.931 x1.00] LOG  [OniReactTrace] #7 +0.95s state 'HitReact_Heavy' at 81 % of its 1.11s, clip on his bones 'Take 001' weight 1.00, layer weight 1.00, animator speed 1.35, world x1.00, engine Stagger
[  8470   43.931 x1.00] LOG  [OniReactTrace] #7 HEAVY verdict: played to 81 % of the clip, so the reaction IS on screen and what is missing is movement inside the clip itself
[  8659   44.783 x1.00] LOG  [OniBoss] Stagger → Chase
[  8660   44.787 x1.00] LOG  [OniBoss] Playing animation: Watch
[  8660   44.787 x1.00] LOG  [OniBoss] Combo started: ClubSwing1 → ClubSwing2 → ClubSlam (3 steps remaining)
[  8660   44.787 x1.00] LOG  [OniBoss] Chase → Attack
[  8660   44.787 x1.00] LOG  [OniBoss] Attack: Club_Swing (16 dmg)
[  8660   44.787 x1.00] LOG  [OniBoss:Trail] Club_Swing trail START at clip 1.00 (transition done).
[  8731   45.148 x1.00] LOG  [OniBoss:ClubPos] Club_Swing at strike: club tip 3.02m up, 2.58m in front, -2.91m to his right (3.89m out from his centre). Club faces -81deg from his forward, pitch 0.40. (the ground wave is born 1.6m in front of him at 0.35m.)
[  8731   45.148 x1.00] LOG  [OniBoss:Layer] Club_Swing: club has not connected — ground wave released ARMED, 1.6m in front, 12m/s x 6.0m = 0.50s, carrying 8 (half of the club's 16).
[  8732   45.152 x1.00] LOG  [Peach] light hit 8 dmg: 1 bite. 7/16 bites = 1.75 of 4 peaches
[  8732   45.152 x1.00] LOG  [Momentum] 1 -> 0 (light hit taken, 50% = -1), speed x1.00, damage x1.00, impact x1.00
[  8732   45.152 x1.00] LOG  [Combat] Combo memory: light hit, keeping step 3
[  8732   45.152 x1.00] LOG  [Combat] Hit react: HitReact_Light_2Leg (0.5s, clip starts at 0.35s)
[  8732   45.152 x1.00] LOG  [CameraGameFeel] Shake: intensity=0.30 duration=0.200s
[  8732   45.152 x1.00] LOG  [CameraGameFeel] FOV punch: player damage (-2.0°)
[  8732   45.152 x1.00] LOG  [OniBoss:Wave] wave TOUCHED Yoru (grounded) for 8 after 0.1m / 0.00s of travel.
[  8736   45.172 x1.00] LOG  [HitReactTrace] asked for 'HitReact_Light_2Leg' (0.50s, clip start 0.35s): playing it, blend resolved after 20 ms, state 1.21s long at speed 1.00, now at 0.37s, layer weight 1.00, animator.speed 1.00.
[  8829   45.625 x1.00] LOG  [OniBoss] Attack → Recovery
[  8829   45.625 x1.00] LOG  [OniBoss] Playing animation: Watch
[  8829   45.625 x1.00] LOG  [OniBoss:Trail] trail END at clip 0.99, fading over 0.40s.
[  8829   45.625 x1.00] LOG  [OniBoss:Strike] Club_Swing: club tip closest to Yoru at 0.71m, clip position 0.91 | damage fires at 0.42 | clip 0.84s => damage fires 412 ms BEFORE the club is closest
[  8863   45.777 x1.00] LOG  [OniBoss] Recovery → Attack
[  8863   45.777 x1.00] LOG  [OniBoss] Attack: ClubSwing2 (16 dmg)
[  8863   45.777 x1.00] LOG  [OniBoss:Trail] ClubSwing2 trail START at clip 1.00 (transition still blending).
[  8941   46.112 x1.00] LOG  [CameraGameFeel] Shake: intensity=0.20 duration=0.250s
[  8941   46.112 x1.00] LOG  [Peach] light hit 20 dmg: 2 bites. 5/16 bites = 1.25 of 4 peaches
[  8941   46.112 x1.00] LOG  [Momentum] light hit inside the 1.0s grace, no cost (count 0)
[  8941   46.112 x1.00] LOG  [Combat] Combo memory: light hit, keeping step 3
[  8941   46.112 x1.00] LOG  [Combat] Hit react: HitReact_Light_2Leg (0.5s, clip starts at 0.35s)
[  8941   46.112 x1.00] LOG  [CameraGameFeel] Shake: intensity=0.30 duration=0.200s
[  8941   46.112 x1.00] LOG  [CameraGameFeel] FOV punch: player damage (-2.0°)
[  8941   46.112 x1.00] LOG  [OniBoss] Hit player for 20 (ClubSwing2) [combo x1.25]
[  8941   46.112 x1.00] LOG  [OniBoss:Touch] ClubSwing2: club TOUCHED Yoru at clip 0.29, shaft 0.55m from her body line, head 0.58 along the club, tip 1.37m up, tip speed 97m/s, ONE FRAME EARLY (predicted). Full club hit delivered this frame.
[  8942   46.118 x1.00] LOG  [HitReactTrace] asked for 'HitReact_Light_2Leg' (0.50s, clip start 0.35s): NOT playing it, another state took the combat layer, blend resolved after 6 ms, state 1.00s long at speed 1.00, now at 0.45s, layer weight 1.00, animator.speed 1.00.
[  8952   46.165 x1.00] LOG  [OniBoss:ClubPos] ClubSwing2 at strike: club tip 0.20m up, 1.57m in front, 2.69m to his right (3.12m out from his centre). Club faces 18deg from his forward, pitch -0.89. (the ground wave is born 1.6m in front of him at 0.35m.)
[  8952   46.165 x1.00] LOG  [OniBoss:Layer] ClubSwing2: club already hit — ground wave released as VISUAL only (0 damage).
[  9126   46.941 x1.00] LOG  [OniBoss] Attack → Recovery
[  9126   46.941 x1.00] LOG  [OniBoss] Playing animation: Watch
[  9126   46.941 x1.00] LOG  [OniBoss:Trail] trail END at clip 0.99, fading over 0.40s.
[  9126   46.941 x1.00] LOG  [OniBoss:Strike] ClubSwing2: club tip closest to Yoru at 1.08m, clip position 0.30 | damage fires at 0.32 | clip 1.17s => MATCHED (within one or two frames)
[  9155   47.100 x1.00] LOG  [OniBoss] Recovery → Attack
[  9155   47.100 x1.00] LOG  [OniBoss] Attack: ClubSlam (20 dmg)
[  9155   47.100 x1.00] LOG  [OniBoss:Trail] ClubSlam trail START at clip 1.00 (transition still blending).
[  9243   47.528 x1.00] LOG  [CameraGameFeel] Shake: intensity=0.50 duration=0.400s
[  9243   47.528 x1.00] LOG  [Peach] heavy hit 30 dmg: 4 bites. 1/16 bites = 0.25 of 4 peaches
[  9243   47.528 x1.00] LOG  [Combat] Hit react: HitReact_Heavy_2Leg (0.9s, clip starts at 0.35s)
[  9243   47.528 x1.00] LOG  [CameraGameFeel] Shake: intensity=0.60 duration=0.200s
[  9243   47.528 x1.00] LOG  [CameraGameFeel] FOV punch: player damage (-3.0°)
[  9243   47.528 x1.00] LOG  [OniBoss] Hit player for 30 (ClubSlam) [combo x1.50]
[  9243   47.528 x1.00] LOG  [OniBoss:Touch] ClubSlam: club TOUCHED Yoru at clip 0.46, shaft 0.18m from her body line, head 0.50 along the club, tip 2.27m up, tip speed 99m/s. Full club hit delivered this frame.
[  9244   47.534 x1.00] LOG  [PeachUI] LOW HEALTH cue ON: 1 bites left, heartbeat 1.00s, bleed on, sound set
[  9244   47.534 x1.00] LOG  [HitReactTrace] asked for 'HitReact_Heavy_2Leg' (0.90s, clip start 0.35s): NOT playing it, another state took the combat layer, blend resolved after 6 ms, state 1.00s long at speed 1.00, now at 0.91s, layer weight 1.00, animator.speed 1.00.
[  9314   47.893 x1.00] LOG  [OniBoss:ClubPos] ClubSlam at strike: club tip 0.54m up, 2.91m in front, -0.13m to his right (2.91m out from his centre). Club faces 7deg from his forward, pitch -0.26. (the ground wave is born 1.6m in front of him at 0.35m.)
[  9314   47.893 x1.00] LOG  [OniBoss:Layer] ClubSlam: club already hit — ground wave released as VISUAL only (0 damage), finisher size x2.0.
[  9338   48.022 x1.00] LOG  [OniBoss] Attack → Recovery
[  9338   48.022 x1.00] LOG  [OniBoss] Playing animation: Watch
[  9338   48.022 x1.00] LOG  [OniBoss:Trail] trail END at clip 0.99, fading over 0.40s.
[  9338   48.022 x1.00] LOG  [OniBoss:Strike] ClubSlam: club tip closest to Yoru at 0.36m, clip position 0.94 | damage fires at 0.85 | clip 0.93s => damage fires 82 ms BEFORE the club is closest
[  9366   48.175 x1.00] LOG  [OniBoss] Recovery → Chase
[  9367   48.179 x1.00] LOG  [OniBoss] hold-ground: BACKSTEP 1.5m (player 2.2m)
[  9557   49.003 x1.00] LOG  [Combat] Combo 1: 10 dmg
[  9557   49.003 x1.00] LOG  [ComboTrace] START step=1 state='Combo1' queued=0 target='OniBoss' at 3.5m
[  9557   49.003 x1.00] LOG  [ComboTrace] LAUNCH OniBoss at 2.2m dist=2.23m in 0.22s
[  9585   49.117 x1.00] LOG  [OniBoss] hold-ground: backstep done (1.50m), WATCH (player 2.0m, cooldown 0.9s)
[  9585   49.117 x1.00] LOG  [OniBoss] Playing animation: Idle
[  9613   49.229 x1.00] LOG  [ComboTrace] LAUNCH RESULT wanted=2.23m actually moved=1.73m, completed
[  9667   49.432 x1.00] LOG  [Combat] Queued click #1 (combo 1)
[  9667   49.432 x1.00] LOG  [ComboTrace] QUEUED #1 during step 1
[  9677   49.474 x1.00] LOG  OniBoss took 10 damage. HP: 2016/2500
[  9677   49.474 x1.00] LOG  [OniBoss] Chase → HitReact
[  9677   49.474 x1.00] LOG  [OniBoss:Layer] react tier: LIGHT (10 dmg) → 'Hit_react_light'
[  9677   49.474 x1.00] LOG  [OniReactTrace] #8 LIGHT (10 dmg) asked for 'Hit_react_light': crossfade 0.08s, animator speed 1.35, world x1.00
[  9677   49.474 x1.00] LOG  [Momentum] 0 -> 1 (hit), speed x1.05, damage x1.05, impact x1.05
[  9677   49.474 x1.00] LOG  [CameraGameFeel] Shake: intensity=0.06 duration=0.080s
[  9677   49.474 x1.00] LOG  [Combat] Hit OniBoss for 10
[  9677   49.474 x1.00] LOG  [CameraGameFeel] Shake: intensity=0.53 duration=0.200s
[  9677   49.474 x1.00] LOG  [CameraGameFeel] FOV punch: hit light (+1.5°)
[  9678   49.479 x1.00] LOG  [OniReactTrace] #8 +0.01s state SOMETHING ELSE, clip on his bones 'Take 001' weight 1.00, layer weight 1.00, animator speed 0.00, world x1.00, engine HitReact
[  9701   49.577 x1.00] LOG  [OniReactTrace] #8 +0.10s state SOMETHING ELSE, clip on his bones 'Take 001' weight 0.02, blending INTO 'Hit_react_light', layer weight 1.00, animator speed 1.35, world x1.00, engine HitReact
[  9714   49.634 x1.00] LOG  🐾 VFX_AttackPaw triggered!
[  9735   49.725 x1.00] LOG  [OniReactTrace] #8 +0.25s state 'Hit_react_light' at 35 % of its 0.59s, clip on his bones 'Take 001' weight 1.00, layer weight 1.00, animator speed 1.35, world x1.00, engine HitReact
[  9740   49.743 x1.00] LOG  [Combat] Combo 2: 20 dmg
[  9740   49.743 x1.00] LOG  [ComboTrace] START step=2 state='Combo2' queued=0 target='OniBoss' at 2.0m
[  9740   49.743 x1.00] LOG  [ComboTrace] LAUNCH OniBoss at 0.8m dist=0.83m in 0.13s
[  9772   49.875 x1.00] LOG  [ComboTrace] LAUNCH RESULT wanted=0.83m actually moved=0.00m, completed
[  9786   49.927 x1.00] LOG  [OniReactTrace] #8 +0.45s state 'Hit_react_light' at 70 % of its 0.59s, clip on his bones 'Take 001' weight 1.00, layer weight 1.00, animator speed 1.35, world x1.00, engine HitReact
[  9853   50.177 x1.00] LOG  [OniReactTrace] #8 +0.70s state 'Hit_react_light' at 100 % of its 0.59s, clip on his bones 'Take 001' weight 1.00, layer weight 1.00, animator speed 1.35, world x1.00, engine HitReact
[  9876   50.276 x1.00] LOG  [OniBoss] HitReact → Chase
[  9877   50.280 x1.00] LOG  [OniBoss] Playing animation: Idle
[  9877   50.280 x1.00] LOG  [OniBoss] Chase → Attack
[  9877   50.280 x1.00] LOG  [OniBoss] Attack: ClubSwing2 (16 dmg)
[  9877   50.280 x1.00] LOG  [OniBoss:Trail] ClubSwing2 trail START at clip 1.00 (transition done).
[  9892   50.337 x1.00] LOG  🐾🐾 VFX_TowPaw triggered!
[  9897   50.355 x1.00] LOG  OniBoss took 21 damage. HP: 1995/2500
[  9897   50.355 x1.00] LOG  [OniBoss] 🤕 Hit during Attack — flash only
[  9897   50.355 x1.00] LOG  [Momentum] 1 -> 2 (hit), speed x1.10, damage x1.10, impact x1.10
[  9897   50.355 x1.00] LOG  [CameraGameFeel] Shake: intensity=0.06 duration=0.080s
[  9897   50.355 x1.00] LOG  [Combat] Hit OniBoss for 21
[  9897   50.355 x1.00] LOG  [CameraGameFeel] Shake: intensity=0.55 duration=0.200s
[  9897   50.355 x1.00] LOG  [CameraGameFeel] FOV punch: hit light (+1.5°)
[  9915   50.424 x1.00] LOG  [OniReactTrace] #8 +0.95s state 'Hit_react_light' at 100 % of its 0.59s, clip on his bones 'Take 001' weight 0.08, blending into a DIFFERENT state, layer weight 1.00, animator speed 1.35, world x1.00, engine Attack
[  9915   50.424 x1.00] LOG  [OniReactTrace] #8 LIGHT verdict: played to 100 % of the clip, so the reaction IS on screen and what is missing is movement inside the clip itself
[  9972   50.658 x1.00] LOG  [CameraGameFeel] Shake: intensity=0.20 duration=0.250s
[  9972   50.658 x1.00] LOG  [Peach] light hit 16 dmg: 2 bites. 0/16 bites = 0 of 4 peaches
[  9972   50.658 x1.00] LOG  [Health] Player died (light killing hit). Game over menu: next pass.
[  9972   50.658 x1.00] LOG  [CameraGameFeel] Shake: intensity=0.30 duration=0.200s
[  9972   50.658 x1.00] LOG  [CameraGameFeel] FOV punch: player damage (-2.0°)
[  9972   50.658 x0.15] LOG  [Death] Yoru died on 2 legs (light hit): HR_Die_2legs. Slow motion x0.15 for 0.8s then x0.50, death sound set.
[  9972   50.658 x0.15] LOG  [OniBoss] Hit player for 16 (ClubSwing2)
[  9972   50.658 x0.15] LOG  [OniBoss:Touch] ClubSwing2: club TOUCHED Yoru at clip 0.29, shaft 0.69m from her body line, head 0.59 along the club, tip 1.28m up, tip speed 99m/s. Full club hit delivered this frame.
[  9973   50.666 x0.15] LOG  [GameOver] Yoru died: waiting for the death animation to finish, then 1.0s, then ink 3.0s, title 2.0s, buttons 1.5s
[  9973   50.666 x0.15] LOG  [PeachUI] LOW HEALTH cue OFF (she died: heartbeat stops, bleed holds at full)
[ 10038   50.911 x0.15] LOG  [OniBoss:ClubPos] ClubSwing2 at strike: club tip 0.04m up, 1.98m in front, 2.22m to his right (2.97m out from his centre). Club faces -3deg from his forward, pitch -0.86. (the ground wave is born 1.6m in front of him at 0.35m.)
[ 10038   50.911 x0.15] LOG  [OniBoss:Layer] ClubSwing2: club already hit — ground wave released as VISUAL only (0 damage).
[ 10616   53.216 x0.50] LOG  [OniBoss] Attack → Recovery
[ 10616   53.216 x0.50] LOG  [OniBoss] Playing animation: Watch
[ 10616   53.216 x0.50] LOG  [OniBoss:Trail] trail END at clip 0.99, fading over 0.40s.
[ 10616   53.216 x0.50] LOG  [OniBoss:Strike] ClubSwing2: club tip closest to Yoru at 0.97m, clip position 0.30 | damage fires at 0.32 | clip 1.17s => MATCHED (within one or two frames)
[ 10617   53.220 x0.50] LOG  [OniBoss] Yoru is dead: standing down
[ 10617   53.220 x0.50] LOG  [OniBoss] Recovery → Idle
[ 10617   53.220 x0.50] LOG  [OniBoss] Playing animation: Idle
[ 10617   53.220 x0.50] LOG  [OniBoss:Layer] watch stance ON (player 2.3m)
[ 10617   53.220 x0.50] LOG  [BossBar] Hiding bar (Oni disengaged)
[ 10617   53.220 x0.50] LOG  [OniBoss:Layer] boss bar hidden (disengage)
[ 11307   55.964 x0.50] LOG  [Momentum] 2 -> 1 (drain), speed x1.05, damage x1.05, impact x1.05
[ 11506   56.970 x0.50] LOG  [Momentum] 1 -> 0 (drain), speed x1.00, damage x1.00, impact x1.00
[ 11704   57.744 x0.50] LOG  [GameOver] death animation finished 7.1s after the hit (world at x0.50); the world freezes in 1.0s
[ 11975   58.745 x0.50] LOG  [GameOver] world frozen: 1426 x 802 from camera 'mainCamera (1)', levels 0.11 to 0.53 (measured), red edges start at 0.55
[ 12956   62.504 x0.50] LOG  [Pause] Esc ignored: another menu is open, Esc belongs to it
[ 13213   63.508 x0.50] LOG  [StormWeather] terrain layers restored to dry values.
# end — 646 lines
