# Oni combat log — 2026-08-21 15:46:46
# Unity 6000.2.7f2 | scene 'CaveScene_Oni_Boss1' | platform OSXEditor
# columns: [frame realSeconds timeScale] KIND message      (KIND: LOG WARN ERR EXC TEL)
#
[     0    0.000 x1.00] LOG  [OniLog] console + telemetry → /Users/asenahazal/Documents/Yoru/OniLogs/oni_2026-08-21_15-46-46.log
[     1    0.000 x1.00] LOG  [TailAirShot4Leg] Ready. drawState=shoot_4Leg castParam=Shoot4LegSpeed (found) readyFrame=5 fireFrame=10 frames=24 slowBudget=3s real damageMultiplier=2.00
  arrow leaves: PlayerYoru_1.1/Cat_All_10_Tails_v4/Group/DeformationSystem/root/Root_M/Tail15_R/Tail151_R/Tail152_R/Tail153_R/Tail154_R/Tail155_R/Tail156_R/Tail157_R/Tail158_R/Tail159_R/Tail1510_R/Tail1511_R/Tail1512_R/Tail6_R/Tail6_R_end/Tail6_R_end_end/Tail6_R_end_end_end/RightTailTip_Anchor
  aim VFX left:  PlayerYoru_1.1/Cat_All_10_Tails_v4/Group/DeformationSystem/root/Root_M/Tail15_L/Tail151_L/Tail152_L/Tail153_L/Tail154_L/Tail155_L/Tail156_L/Tail157_L/Tail158_L/Tail159_L/Tail1510_L/Tail1511_L/Tail1512_L/Tail6_L/Tail6_L_end/Tail6_L_end_end/Tail6_L_end_end_end/LeftTailTip_Anchor/Glow_4Leg_L
  aim VFX right: PlayerYoru_1.1/Cat_All_10_Tails_v4/Group/DeformationSystem/root/Root_M/Tail15_R/Tail151_R/Tail152_R/Tail153_R/Tail154_R/Tail155_R/Tail156_R/Tail157_R/Tail158_R/Tail159_R/Tail1510_R/Tail1511_R/Tail1512_R/Tail6_R/Tail6_R_end/Tail6_R_end_end/Tail6_R_end_end_end/RightTailTip_Anchor/Glow_4Leg_R
[     1    0.000 x1.00] LOG  [TailAirShot] Ready. drawState=RightTail_Fast castParam=TailCastSpeed (found)
  arrow leaves: PlayerYoru_1.1/Cat_All_10_Tails_v4/Group/DeformationSystem/root/Root_M/Tail15_R/Tail151_R/Tail152_R/Tail153_R/Tail154_R/Tail155_R/Tail156_R/Tail157_R/Tail158_R/Tail159_R/Tail1510_R/Tail1511_R/Tail1512_R/Tail6_R/Tail6_R_end/Tail6_R_end_end/Tail6_R_end_end_end/RightTailTip_Anchor
  aim VFX: PlayerYoru_1.1/Cat_All_10_Tails_v4/Group/DeformationSystem/root/Root_M/Tail15_R/Tail151_R/Tail152_R/Tail153_R/Tail154_R/Tail155_R/Tail156_R/Tail157_R/Tail158_R/Tail159_R/Tail1510_R/Tail1511_R/Tail1512_R/Tail6_R/Tail6_R_end/Tail6_R_end_end/Tail6_R_end_end_end/RightTailTip_Anchor/vfx_Muzzle_Fireball01Blue
[     1    0.000 x1.00] LOG  [PlayerCombat] Phase 2 form gate CONNECTED (FormController found on this GameObject).
[     1    0.000 x1.00] LOG  [Combat] PlayerCombat initialized — Phase 3C v27
[     1    0.000 x1.00] LOG  [RingMesh] VFX Status:
[     1    0.000 x1.00] LOG    Left: Prefab=✓, Spawn=Tail6_L_end_end_end
[     1    0.000 x1.00] LOG    Right: Prefab=✓, Spawn=Tail6_R_end_end_end
[     1    0.000 x1.00] LOG  === VFX MANAGER INITIALIZED ===
[     1    0.000 x1.00] LOG  Auto-detect animations: False
[     1    0.000 x1.00] LOG  Parent effects to tail: True
[     1    0.000 x1.00] LOG  Prefabs: Jump=True, Land=True, LTail=True, RTail=True
[     1    0.000 x1.00] LOG  ✅ Left Tail Tip: LeftTailVFX
[     1    0.000 x1.00] LOG  ✅ Right Tail Tip: RightTailTip_Anchor
[     1    0.000 x1.00] LOG  [StormWeather] layer 'TerrainLayer_Dirt_01' dry smoothness=0.00 (restore to this if a crash ever leaves it wet)
[     1    0.000 x1.00] LOG  [StormWeather] Ready. Rain on, floor drying... wait, soaking.
[     1    0.000 x1.00] LOG  [FreezeDebug v3] Armed. Manual=L. Auto=True. Buffer=60 snaps @ 0.1s = 6.0s history.
[     1    0.000 x1.00] LOG  [BossBar] BossHealthBarUI initialized
[     1    0.000 x1.00] LOG  OniBoss initialized with 500 HP
[     1    0.000 x1.00] LOG  [OniBoss] ANIMATOR SETUP: cullingMode=CullUpdateTransforms updateMode=Normal applyRootMotion=False speed=1
[     1    0.000 x1.00] LOG  [OniBoss] Initialized
[     1    0.000 x1.00] LOG  [OniBoss:Layer] facing: minFlat 1m, snapOnAttack off, trackInHitReact off
[     1    0.000 x1.00] LOG  [OniBoss:Layer] Yoru launch model ON: launches ALL THE WAY to an enemy within 4.7m of its surface at 10m/s (stop gap 0.00m, NO minimum distance), else steps 0.90m forward. Targeting cone left exactly as her prefab has it.
[     1    0.000 x1.00] LOG  [OniBoss:Layer] Yoru launch ROUND 9: airborne attacks launch too (ON), edge probe now runs on its OWN layer mask (Everything) instead of the line-of-sight mask - the Ground-only mask found no floor in this cave and was cancelling 100% of launches at 0.00m travelled.
[     1    0.000 x1.00] LOG  [OniBoss:Layer] animator speed x1.35 — his 1.13s swing now plays in 0.84s.
[     1    0.000 x1.00] LOG  [OniBoss:Layer] chase speed pushed: phase1 4.5, phase2 5.5 (Yoru runs at 7).
[     1    0.000 x1.00] LOG  [OniBoss:Layer] swing wave ON: 8 dmg out to 5.5m in a 120deg arc, only when the club itself missed. VFX NOT SET — damage only. PlayerHealth found.
[     1    0.000 x1.00] LOG  [OniBoss:Layer] strike contact measurement ON — tracking 'Kanabo3' at depth 4.
[     1    0.000 x1.00] LOG  [OniBoss:Layer] skinned meshes: 46 renderer(s), updateWhenOffscreen ON, body renderer 'Body' rootBone 'Hips'
[     1    0.000 x1.00] LOG  [OniBoss:Layer] charge travel bone: 'Hips' at depth 1 under 'OniBoss', rest local (0.00, 3.24, -0.24)
[     1    0.000 x1.00] LOG  [OniBoss:Layer] charge drive ON (windup to 0.40 at x1.3, rush 14m/s stops at 2.6m, steers 0.35s then commits, strike section from 0.58, strike moment 0.76, trail VFX off)
[     1    0.000 x1.00] LOG  [OniBoss:Layer] attack armor ON (his swings are not interrupted by light/medium hits; heavy hits and rapid-hit bursts still stop him)
[     1    0.000 x1.00] LOG  [OniBoss:Layer] strike moments overridden: Club_Swing=0.85 ClubSwing2=0.32 ClubSlam=0.52 KanaboSweep=0.48
[     1    0.000 x1.00] LOG  [OniBoss:Layer] hold-ground ON (backstep 1.5m @ 1.6m/s after own attacks, watch 'Watch', attack facing LOCKED)
[     1    0.000 x1.00] LOG  [OniBoss:Layer] OniBoss layer ready (reactions, wake-on-hit, watch stance, boss bar). player=found
[     1    0.000 x1.00] LOG  [OniBoss:Layer] charge clip 'Oni Charge.fbx' imports with Root Motion Node = None (in place) — good.
[     1    0.000 x1.00] LOG  [OniBoss:Layer] clips importing with Root Transform Position (Y) NOT baked into pose (12): Oni_Alert(Oni Alert), Club_Slam(Oni Club Slam), Club_Swing(Oni Club Swing), Club_swing2(Oni Club Swing 2), Death(Oni Death Kneel), Hit_react_light(Oni Hit react lighter light), KanaboSweep(Oni Kanabo sweep), Phase_Transition(Oni Phase transition), run(Oni Run), Walk(Oni Walk), Watch(Oni Watch), Idle(Oni Idle) — their hips' up/down motion is stripped (see round notes; optional).
[     1    0.000 x1.00] LOG  [VolumetricFogController] Found VolumetricFog component on mainCamera (1)
[     1    0.000 x1.00] LOG  [VolumetricFogController] Reflection init: density=True, height=True, baselineHeight=True, alpha=True, noiseStrength=True, lightScatteringExposure=True
[     1    0.000 x1.00] LOG  [VolumetricFogController] Initialized with Neutral preset (height=60, baselineHeight=0)
[     1    0.000 x1.00] WARN [VolumetricFogController] WorldStateManager not found!
[     1    0.000 x1.00] LOG  [CameraGameFeel] CameraGameFeel initialized (shake + FOV)
[     1    2.638 x1.00] LOG  [OniBoss] Playing animation: Idle
[    14    3.395 x1.00] LOG  💨 Landing VFX spawned!
[    14    3.395 x1.00] LOG  ✅ LANDED! (was jump #0)
[   104    4.864 x1.00] LOG  
==================== [FREEZE-DEBUG v3] ====================
  Reason : WASD-NOMOVE: WASD recent + speed 0.00m/s for 0.40s
  Time   : 1.761s   Frame: 104   Snaps: 17
===========================================================

--- CURRENT STATE ---
  Flags: atk=False hvy=False dod=False dsh=False
         grd=False hit=False aerial=False lockPos=False
         comboStep=0
  Anim : speed=1.00  combatLayer hash=-792875657 normT=1.745 weight=1.00 inTransition=False
  CC   : grounded=True  enabled=True  pos=(474.50, 0.67, 428.79)  vel=(0.00, -1.51, 0.00)
  Move : IsRunning=True
  Input: H=0.00 V=1.00  LMB=False MMB=False Q=False Sp=False Sh=True C=False
         WASD pressed in last 0.5s: True (last 0.00s ago)

--- FLIGHT RECORDER (17 snapshots, oldest first, dt=0.10s) ---
  Legend: flags = A(tk) H(vy) D(od) S(sh) G(rd) R(eact) Y(aerial) L(ock)   gnd/cc: Y/n
  t-now    flags     step gnd cc anSp normT layW tr | posX     posZ     spd   | H    V    LMB MMB Q  Sp Sh C
  ------   --------  ---- --- -- ---- ----- ---- -- | -----    -----    ----  | ---- ---- --- --- -- -- -- -
  - 1.76s  --------    0  n   Y  1.00  0.00 1.00 -  |   474.5    427.2  0.00 |  0.0  0.0 0   0   0  0  0  0
  - 1.65s  --------    0  n   Y  1.00  0.10 1.00 -  |   474.5    427.2  0.00 |  0.0  0.0 0   0   0  0  0  0
  - 1.55s  --------    0  n   Y  1.00  0.19 1.00 -  |   474.5    427.2  0.00 |  0.0  0.0 0   0   0  0  0  0
  - 1.43s  --------    0  Y   Y  1.00  0.31 1.00 -  |   474.5    427.2  0.00 |  0.0  0.0 0   0   0  0  0  0
  - 1.32s  --------    0  Y   Y  1.00  0.43 1.00 -  |   474.5    427.2  0.00 |  0.0  0.0 0   0   0  0  0  0
  - 1.21s  --------    0  Y   Y  1.00  0.54 1.00 -  |   474.5    427.2  0.00 |  0.0  0.0 0   0   0  0  0  0
  - 1.10s  --------    0  Y   Y  1.00  0.64 1.00 -  |   474.5    427.2  0.00 |  0.0  0.0 0   0   0  0  0  0
  - 1.00s  --------    0  Y   Y  1.00  0.75 1.00 -  |   474.5    427.2  0.00 |  0.0  0.0 0   0   0  0  0  0
  - 0.89s  --------    0  Y   Y  1.00  0.86 1.00 -  |   474.5    427.2  0.00 |  0.0  0.0 0   0   0  0  0  0
  - 0.78s  --------    0  Y   Y  1.00  0.96 1.00 -  |   474.5    427.2  0.00 |  0.0  0.0 0   0   0  0  0  0
  - 0.67s  --------    0  Y   Y  1.00  1.07 1.00 -  |   474.5    427.2  0.00 |  0.0  0.0 0   0   0  0  0  0
  - 0.56s  --------    0  Y   Y  1.00  1.19 1.00 -  |   474.5    427.2  0.00 |  0.0  0.0 0   0   0  0  0  0
  - 0.45s  --------    0  Y   Y  1.00  1.30 1.00 -  |   474.5    427.2  0.00 |  0.0  0.0 0   0   0  0  0  0
  - 0.34s  --------    0  Y   Y  1.00  1.40 1.00 -  |   474.5    427.3  0.00 |  0.0  1.0 0   0   0  0  0  0
  - 0.24s  --------    0  Y   Y  1.00  1.51 1.00 -  |   474.5    427.5  0.00 |  0.0  1.0 0   0   0  0  0  0
  - 0.13s  --------    0  Y   Y  1.00  1.62 1.00 -  |   474.5    427.8  0.00 |  0.0  1.0 0   0   0  0  1  0
  - 0.02s  --------    0  Y   Y  1.00  1.73 1.00 -  |   474.5    428.6  0.00 |  0.0  1.0 0   0   0  0  1  0
=========================================================== END

[   123    5.244 x1.00] LOG  🐾 4-LEG JUMP #0
[   123    5.244 x1.00] LOG  🐾 Jump 1 VFX spawned!
[   130    5.384 x0.10] LOG  [TailAirShot4Leg] ENTER 4 leg, slow on for up to 3s real, waiting for the fire button, drawState=shoot_4Leg | y=1.08 ts=0.10 fdt=0.0020
[   130    5.384 x0.10] LOG  [TailAirShot] entry refused: this airtime is not a 2 leg jump | y=1.08 ts=0.10 fdt=0.0020
[   130    5.384 x0.10] LOG  [AirPosePin] engaged, holding body at 0.520m above the transform
[   138    5.544 x1.00] LOG  [TailAirShot4Leg] EXIT (R released, nothing drawn) | y=1.17 ts=1.00 fdt=0.0200
[   138    5.544 x1.00] LOG  [AirPosePin] released, peak correction was 0.007m
[   181    6.353 x1.00] LOG  💨 Landing VFX spawned!
[   181    6.353 x1.00] LOG  ✅ LANDED! (was jump #1)
[   192    6.574 x1.00] LOG  🐾 4-LEG JUMP #0
[   192    6.574 x1.00] LOG  🐾 Jump 1 VFX spawned!
[   208    6.874 x0.10] LOG  [TailAirShot4Leg] ENTER 4 leg, slow on for up to 3s real, waiting for the fire button, drawState=shoot_4Leg | y=1.58 ts=0.10 fdt=0.0020
[   208    6.874 x0.10] LOG  [TailAirShot] entry refused: this airtime is not a 2 leg jump | y=1.58 ts=0.10 fdt=0.0020
[   208    6.874 x0.10] LOG  [AirPosePin] engaged, holding body at 0.892m above the transform
[   214    6.995 x0.10] LOG  [TailAirShot4Leg] DRAW started | y=1.65 ts=0.10 fdt=0.0020
[   224    7.194 x0.10] LOG  [TailAirShot4Leg] READY, frozen on frame 5 | y=1.71 ts=0.10 fdt=0.0020
[   256    7.794 x0.10] LOG  [TailAirShot4Leg] SHOT released (released from ready pose) | y=1.84 ts=0.10 fdt=0.0020
[   258    7.829 x1.00] LOG  [TailAirShot4Leg] FINISHER (R released mid motion), motion completes and fires | y=1.84 ts=1.00 fdt=0.0200
[   266    7.983 x1.00] LOG  [TailAirShot4Leg] FIRE, arrow away, dir=(0.38, -0.03, 0.92) damage=40 (20 x 2.00) | y=1.90 ts=1.00 fdt=0.0200
[   284    8.354 x1.00] LOG  💨 Landing VFX spawned!
[   284    8.354 x1.00] LOG  ✅ LANDED! (was jump #1)
[   284    8.354 x1.00] LOG  [AirPosePin] released, peak correction was 0.128m
[   289    8.454 x1.00] LOG  [TailAirShot4Leg] finisher done, fully idle | y=-0.02 ts=1.00 fdt=0.0200
[   301    8.685 x1.00] LOG  OniBoss took 40 damage. HP: 460/500
[   301    8.685 x1.00] LOG  [OniBoss] LostSoul → Stagger
[   301    8.685 x1.00] LOG  [OniBoss] Playing animation: Stagger
[   301    8.685 x1.00] LOG  [OniBoss] STAGGERED for 2.5s
[   301    8.685 x1.00] LOG  [OniBoss:Layer] heavy knock-back react (40 dmg) → 'HitReact_Heavy', down for 1.80s
[   302    8.704 x1.00] LOG  [BossBar] Showing bar for: Oni (460/500)
[   302    8.704 x1.00] LOG  [OniBoss:Layer] boss bar shown
[   367    9.995 x1.00] LOG  
==================== [FREEZE-DEBUG v3] ====================
  Reason : WASD-NOMOVE: WASD recent + speed 0.00m/s for 0.41s
  Time   : 5.888s   Frame: 367   Snaps: 54
===========================================================

--- CURRENT STATE ---
  Flags: atk=False hvy=False dod=False dsh=False
         grd=False hit=False aerial=False lockPos=False
         comboStep=0
  Anim : speed=1.00  combatLayer hash=-792875657 normT=1.522 weight=1.00 inTransition=False
  CC   : grounded=True  enabled=True  pos=(472.33, -0.02, 442.58)  vel=(0.00, 0.00, 0.00)
  Move : IsRunning=True
  Input: H=0.00 V=0.00  LMB=False MMB=False Q=False Sp=False Sh=True C=False
         WASD pressed in last 0.5s: True (last 0.12s ago)

--- FLIGHT RECORDER (54 snapshots, oldest first, dt=0.10s) ---
  Legend: flags = A(tk) H(vy) D(od) S(sh) G(rd) R(eact) Y(aerial) L(ock)   gnd/cc: Y/n
  t-now    flags     step gnd cc anSp normT layW tr | posX     posZ     spd   | H    V    LMB MMB Q  Sp Sh C
  ------   --------  ---- --- -- ---- ----- ---- -- | -----    -----    ----  | ---- ---- --- --- -- -- -- -
  - 5.89s  --------    0  n   Y  1.00  0.00 1.00 -  |   474.5    427.2  0.00 |  0.0  0.0 0   0   0  0  0  0
  - 5.77s  --------    0  n   Y  1.00  0.10 1.00 -  |   474.5    427.2  0.00 |  0.0  0.0 0   0   0  0  0  0
  - 5.67s  --------    0  n   Y  1.00  0.19 1.00 -  |   474.5    427.2  0.00 |  0.0  0.0 0   0   0  0  0  0
  - 5.56s  --------    0  Y   Y  1.00  0.31 1.00 -  |   474.5    427.2  0.00 |  0.0  0.0 0   0   0  0  0  0
  - 5.45s  --------    0  Y   Y  1.00  0.43 1.00 -  |   474.5    427.2  0.00 |  0.0  0.0 0   0   0  0  0  0
  - 5.33s  --------    0  Y   Y  1.00  0.54 1.00 -  |   474.5    427.2  0.00 |  0.0  0.0 0   0   0  0  0  0
  - 5.23s  --------    0  Y   Y  1.00  0.64 1.00 -  |   474.5    427.2  0.00 |  0.0  0.0 0   0   0  0  0  0
  - 5.12s  --------    0  Y   Y  1.00  0.75 1.00 -  |   474.5    427.2  0.00 |  0.0  0.0 0   0   0  0  0  0
  - 5.02s  --------    0  Y   Y  1.00  0.86 1.00 -  |   474.5    427.2  0.00 |  0.0  0.0 0   0   0  0  0  0
  - 4.91s  --------    0  Y   Y  1.00  0.96 1.00 -  |   474.5    427.2  0.00 |  0.0  0.0 0   0   0  0  0  0
  - 4.80s  --------    0  Y   Y  1.00  1.07 1.00 -  |   474.5    427.2  0.00 |  0.0  0.0 0   0   0  0  0  0
  - 4.68s  --------    0  Y   Y  1.00  1.19 1.00 -  |   474.5    427.2  0.00 |  0.0  0.0 0   0   0  0  0  0
  - 4.57s  --------    0  Y   Y  1.00  1.30 1.00 -  |   474.5    427.2  0.00 |  0.0  0.0 0   0   0  0  0  0
  - 4.47s  --------    0  Y   Y  1.00  1.40 1.00 -  |   474.5    427.3  0.00 |  0.0  1.0 0   0   0  0  0  0
  - 4.36s  --------    0  Y   Y  1.00  1.51 1.00 -  |   474.5    427.5  0.00 |  0.0  1.0 0   0   0  0  0  0
  - 4.25s  --------    0  Y   Y  1.00  1.62 1.00 -  |   474.5    427.8  0.00 |  0.0  1.0 0   0   0  0  1  0
  - 4.14s  --------    0  Y   Y  1.00  1.73 1.00 -  |   474.5    428.6  0.00 |  0.0  1.0 0   0   0  0  1  0
  - 4.03s  --------    0  Y   Y  1.00  1.84 1.00 -  |   474.5    429.5  0.00 |  0.0  1.0 0   0   0  0  1  0
  - 3.93s  --------    0  Y   Y  1.00  1.94 1.00 -  |   474.5    430.2  0.00 |  0.0  1.0 0   0   0  0  1  0
  - 3.82s  --------    0  Y   Y  1.00  2.04 1.00 -  |   474.5    430.9  0.00 |  0.0  1.0 0   0   0  0  1  0
  - 3.71s  --------    0  n   Y  1.00  2.16 1.00 -  |   474.5    431.7  0.00 |  0.0  1.0 0   0   0  1  1  0
  - 3.61s  --------    0  n   Y  1.00  2.26 1.00 -  |   474.5    432.1  0.00 |  0.0  1.0 0   0   0  1  1  0
  - 3.50s  --------    0  n   Y  1.00  2.37 1.00 -  |   474.5    432.6  0.00 |  0.0  1.0 0   0   0  0  1  0
  - 3.39s  --------    0  n   Y  1.00  2.48 1.00 -  |   474.5    433.1  0.00 |  0.0  1.0 0   0   0  0  1  0
  - 3.28s  --------    0  n   Y  1.00  2.59 1.00 -  |   474.5    433.5  0.00 |  0.0  1.0 0   0   0  0  1  0
  - 3.17s  --------    0  n   Y  1.00  2.70 1.00 -  |   474.5    434.1  0.00 |  0.0  1.0 0   0   0  0  1  0
  - 3.06s  --------    0  n   Y  1.00  2.81 1.00 -  |   474.5    434.5  0.00 |  0.0  1.0 0   0   0  0  1  0
  - 2.94s  --------    0  n   Y  1.00  2.93 1.00 -  |   474.5    435.1  0.00 |  0.0  1.0 0   0   0  1  1  0
  - 2.82s  --------    0  n   Y  1.00  3.05 1.00 -  |   474.5    435.6  0.00 |  0.0  1.0 0   0   0  1  1  0
  - 2.70s  --------    0  Y   Y  1.00  3.17 1.00 -  |   474.5    436.4  0.00 |  0.0  1.0 0   0   0  0  1  0
  - 2.60s  --------    0  Y   Y  1.00  3.27 1.00 -  |   474.5    437.1  0.00 |  0.0  1.0 0   0   0  0  1  0
  - 2.48s  --------    0  n   Y  1.00  3.39 1.00 -  |   474.5    437.7  0.00 |  0.0  1.0 0   0   0  1  1  0
  - 2.37s  --------    0  n   Y  1.00  3.50 1.00 -  |   474.5    438.2  0.00 |  0.0  1.0 0   0   0  0  1  0
  - 2.26s  --------    0  n   Y  1.00  3.61 1.00 -  |   474.5    438.7  0.00 |  0.0  1.0 0   0   0  0  1  0
  - 2.15s  --------    0  n   Y  1.00  0.26 1.00 -  |   474.5    439.2  0.00 |  0.0  1.0 0   0   0  0  1  0
  - 2.03s  --------    0  n   Y  1.00  0.40 1.00 -  |   474.8    439.7  0.00 |  0.0  1.0 0   0   0  0  1  0
  - 1.93s  --------    0  n   Y  1.00  0.53 1.00 -  |   474.9    440.1  0.00 |  0.0  0.0 0   0   0  0  0  0
  - 1.83s  --------    0  n   Y  1.00  0.65 1.00 -  |   475.1    440.5  0.00 |  0.0  0.0 0   0   0  0  0  0
  - 1.71s  --------    0  n   Y  1.00  0.80 1.00 -  |   475.3    441.0  0.00 |  1.0  0.0 0   0   0  0  0  0
  - 1.60s  --------    0  Y   Y  1.00  0.94 1.00 -  |   475.6    441.2  0.00 |  1.0  0.0 0   0   0  0  0  0
  - 1.48s  --------    0  Y   Y  1.00  1.09 1.00 T  |   475.8    441.1  0.00 |  1.0  0.0 0   0   0  0  0  0
  - 1.36s  --------    0  Y   Y  1.00  0.16 1.00 -  |   476.0    441.0  0.00 |  1.0  0.0 0   0   0  0  0  0
  - 1.25s  --------    0  Y   Y  1.00  0.27 1.00 -  |   476.2    441.0  0.00 |  1.0  0.0 0   0   0  0  0  0
  - 1.15s  --------    0  Y   Y  1.00  0.37 1.00 -  |   476.4    440.9  0.00 |  1.0  0.0 0   0   0  0  0  0
  - 1.05s  --------    0  Y   Y  1.00  0.47 1.00 -  |   476.6    440.8  0.00 |  1.0  0.0 0   0   0  0  0  0
  - 0.95s  --------    0  Y   Y  1.00  0.57 1.00 -  |   476.8    440.7  0.00 |  1.0  0.0 0   0   0  0  0  0
  - 0.85s  --------    0  Y   Y  1.00  0.67 1.00 -  |   476.9    440.7  0.00 | -1.0  0.0 0   0   0  0  0  0
  - 0.73s  --------    0  Y   Y  1.00  0.79 1.00 -  |   476.6    440.8  0.00 | -1.0  0.0 0   0   0  0  0  0
  - 0.63s  --------    0  Y   Y  1.00  0.89 1.00 -  |   476.5    440.9  0.00 | -1.0  0.0 0   0   0  0  1  0
  - 0.53s  --------    0  Y   Y  1.00  0.99 1.00 -  |   475.8    441.1  0.00 | -1.0  0.0 0   0   0  0  1  0
  - 0.41s  --------    0  Y   Y  1.00  1.11 1.00 -  |   475.0    441.5  0.00 | -1.0  0.0 0   0   0  0  1  0
  - 0.29s  --------    0  Y   Y  1.00  1.23 1.00 -  |   474.3    441.8  0.00 | -1.0  0.0 0   0   0  0  1  0
  - 0.18s  --------    0  Y   Y  1.00  1.34 1.00 -  |   473.5    442.1  0.00 | -1.0  0.0 0   0   0  0  1  0
  - 0.08s  --------    0  Y   Y  1.00  1.44 1.00 -  |   472.8    442.4  0.00 |  0.0  0.0 0   0   0  0  1  0
=========================================================== END

[   395   10.502 x1.00] LOG  [OniBoss] Stagger → Chase
[   396   10.517 x1.00] LOG  [OniBoss] Ranged combo started: Charge→Slam: (2 steps, dist 17.2m)
[   396   10.517 x1.00] LOG  [OniBoss] Chase → Attack
[   396   10.517 x1.00] LOG  [OniBoss] Attack: Oni_Charge (18 dmg)

[   396   10.517 x1.00] TEL ────────── CHARGE ──────────
[   396   10.517 x1.00] LOG  [OniBoss:Layer] charge begin: travel bone 'Hips' depth 1, local now (0.00, 3.24, -0.24) vs rest (0.00, 3.24, -0.24); pin ON; drive windup→rush→strike; engine Attack, AnimSpeed 1.30, clip at 0.00, dist 17.2m
[   396   10.517 x1.00] TEL charge Windup n=0.00 spd=1.30 mult=1.00 st=Attack anim=h-1757638897/Charge drift=0.00 cut=0.00 meshOff=0.24m vis bounds+0.1m pos=(482.1,456.3) dist=17.2 vel=0.0
[   401   10.613 x1.00] TEL charge Windup n=0.08 spd=1.30 mult=1.30 st=Attack anim=Charge/- drift=0.41 cut=0.41 meshOff=0.24m vis bounds+0.1m pos=(482.1,456.3) dist=17.2 vel=0.0
[   407   10.711 x1.00] TEL charge Windup n=0.16 spd=1.30 mult=1.30 st=Attack anim=Charge/- drift=1.04 cut=1.04 meshOff=0.24m vis bounds+0.3m pos=(482.1,456.3) dist=17.2 vel=0.0
[   413   10.813 x1.00] TEL charge Windup n=0.25 spd=1.30 mult=1.30 st=Attack anim=Charge/- drift=1.05 cut=1.05 meshOff=0.24m vis bounds+0.3m pos=(482.1,456.3) dist=17.2 vel=0.0
[   418   10.902 x1.00] TEL charge Windup n=0.32 spd=1.30 mult=1.30 st=Attack anim=Charge/- drift=0.94 cut=0.94 meshOff=0.24m vis bounds+0.1m pos=(482.1,456.3) dist=17.2 vel=0.0
[   424   10.998 x1.00] LOG  [OniBoss:Layer] charge RUSH: clip frozen at 0.41, 17.2m to go at 14m/s
[   424   10.998 x1.00] TEL charge Rush   n=0.41 spd=0.00 mult=1.30 st=Attack anim=Charge/- drift=7.69 cut=7.69 meshOff=0.24m vis bounds+0.2m pos=(482.1,456.3) dist=17.2 vel=0.0
[   429   11.094 x1.00] TEL charge Rush   n=0.41 spd=0.00 mult=0.00 st=Attack anim=Charge/- drift=7.69 cut=7.69 meshOff=0.24m vis bounds+0.2m pos=(481.2,455.2) dist=15.8 vel=0.0
[   434   11.185 x1.00] TEL charge Rush   n=0.41 spd=0.00 mult=0.00 st=Attack anim=Charge/- drift=7.69 cut=7.69 meshOff=0.24m vis bounds+0.2m pos=(480.4,454.3) dist=14.6 vel=0.0
[   439   11.285 x1.00] TEL charge Rush   n=0.41 spd=0.00 mult=0.00 st=Attack anim=Charge/- drift=7.69 cut=7.69 meshOff=0.24m vis bounds+0.2m pos=(479.5,453.2) dist=13.2 vel=0.0
[   444   11.385 x1.00] TEL charge Rush   n=0.41 spd=0.00 mult=0.00 st=Attack anim=Charge/- drift=7.69 cut=7.69 meshOff=0.24m vis bounds+0.2m pos=(478.6,452.1) dist=11.8 vel=0.0
[   449   11.484 x1.00] TEL charge Rush   n=0.41 spd=0.00 mult=0.00 st=Attack anim=Charge/- drift=7.69 cut=7.69 meshOff=0.24m vis bounds+0.2m pos=(477.7,451.1) dist=10.4 vel=0.0
[   454   11.584 x1.00] TEL charge Rush   n=0.41 spd=0.00 mult=0.00 st=Attack anim=Charge/- drift=7.69 cut=7.69 meshOff=0.24m vis bounds+0.2m pos=(476.8,450.0) dist=9.0 vel=0.0
[   459   11.675 x1.00] TEL charge Rush   n=0.41 spd=0.00 mult=0.00 st=Attack anim=Charge/- drift=7.69 cut=7.69 meshOff=0.24m vis bounds+0.2m pos=(476.0,449.0) dist=7.7 vel=0.0
[   464   11.765 x1.00] TEL charge Rush   n=0.41 spd=0.00 mult=0.00 st=Attack anim=Charge/- drift=7.69 cut=7.69 meshOff=0.24m vis bounds+0.2m pos=(475.2,448.1) dist=6.5 vel=0.0
[   469   11.865 x1.00] TEL charge Rush   n=0.41 spd=0.00 mult=0.00 st=Attack anim=Charge/- drift=7.69 cut=7.69 meshOff=0.24m vis bounds+0.2m pos=(474.3,447.0) dist=5.1 vel=0.0
[   474   11.965 x1.00] TEL charge Rush   n=0.41 spd=0.00 mult=0.00 st=Attack anim=Charge/- drift=7.69 cut=7.69 meshOff=0.24m vis bounds+0.2m pos=(473.4,445.9) dist=3.7 vel=0.0
[   479   12.064 x1.00] LOG  [OniBoss:Layer] charge STRIKE: arrived 2.6m from the lock point after 1.07s real — clip 0.41 → 0.58 (blend 0.10s), strike moment 0.76, Yoru 2.6m away
[   479   12.064 x1.00] TEL charge Strike n=0.41 spd=1.00 mult=0.00 st=Attack anim=Charge/- drift=7.69 cut=7.69 meshOff=0.24m vis bounds+0.2m pos=(472.7,445.1) dist=2.6 vel=0.0
[   485   12.160 x1.00] TEL charge Strike n=0.63 spd=1.00 mult=1.00 st=Attack anim=Charge/- drift=15.19 cut=15.19 meshOff=0.24m vis bounds+0.5m pos=(472.7,445.1) dist=2.6 vel=0.0
[   491   12.258 x1.00] TEL charge Strike n=0.69 spd=1.00 mult=1.00 st=Attack anim=Charge/- drift=16.17 cut=16.17 meshOff=0.24m vis bounds+0.7m pos=(472.7,445.1) dist=2.6 vel=0.0
[   496   12.343 x1.00] TEL charge Strike n=0.75 spd=1.00 mult=1.00 st=Attack anim=Charge/- drift=16.75 cut=16.75 meshOff=0.24m vis bounds+0.6m pos=(472.7,445.1) dist=2.6 vel=0.0
[   498   12.383 x1.00] LOG  [CameraGameFeel] Shake: intensity=0.45 duration=0.350s
[   498   12.383 x1.00] LOG  [Combat] Hit react: HitReact_Heavy_2Leg (0.9s)
[   498   12.383 x1.00] LOG  [CameraGameFeel] Shake: intensity=0.28 duration=0.150s
[   498   12.383 x1.00] LOG  [CameraGameFeel] FOV punch: player damage (-3.0°)
[   498   12.383 x1.00] LOG  [OniBoss] Hit player for 18 (Oni_Charge)
[   498   12.383 x1.00] LOG  [AirPosePin] engaged, holding body at 0.610m above the transform
[   501   12.437 x1.00] TEL charge Strike n=0.81 spd=1.00 mult=1.00 st=Attack anim=Charge/- drift=17.27 cut=17.27 meshOff=0.24m vis bounds+0.5m pos=(472.7,445.1) dist=2.2 vel=0.0
[   506   12.534 x1.00] LOG  [AirPosePin] released, peak correction was -0.002m
[   506   12.534 x1.00] TEL charge Strike n=0.87 spd=1.00 mult=1.00 st=Attack anim=Charge/- drift=17.71 cut=17.71 meshOff=0.24m vis bounds+0.2m pos=(472.7,445.1) dist=2.1 vel=0.0
[   512   12.633 x1.00] TEL charge Strike n=0.94 spd=1.00 mult=1.00 st=Attack anim=Charge/- drift=17.98 cut=17.98 meshOff=0.24m vis bounds+0.1m pos=(472.7,445.1) dist=2.1 vel=0.0
[   517   12.717 x1.00] TEL charge Strike n=0.99 spd=1.00 mult=1.00 st=Attack anim=Charge/- drift=18.07 cut=18.07 meshOff=0.24m vis bounds+0.1m pos=(472.7,445.1) dist=2.1 vel=0.0
[   518   12.733 x1.00] LOG  [OniBoss] Attack → Recovery
[   518   12.733 x1.00] LOG  [OniBoss] Playing animation: Watch
[   518   12.733 x1.00] LOG  [OniBoss:Layer] charge complete: engine left Attack (now Recovery) during Strike
[   522   12.803 x1.00] TEL charge None   n=1.05 spd=1.00 mult=1.00 st=Recovery anim=Charge/h-1849006814 drift=9.71 cut=9.71 meshOff=0.24m vis bounds+0.1m pos=(472.7,445.1) dist=2.1 vel=0.0
[   527   12.883 x1.00] LOG  [OniBoss] Recovery → Attack
[   527   12.883 x1.00] LOG  [OniBoss] Attack: ClubSlam (20 dmg)
[   527   12.883 x1.00] LOG  [OniBoss:Trail] ClubSlam trail START at clip 1.00 (transition still blending).
[   528   12.903 x1.00] TEL charge None   n=1.11 spd=2.00 mult=2.00 st=Attack anim=Charge/h283984468 drift=2.33 cut=2.33 meshOff=0.24m vis bounds+0.1m pos=(472.7,445.1) dist=2.1 vel=0.0
[   533   12.995 x1.00] LOG  [OniBoss:Layer] charge end (clip left the animator) after 2.48s real: pin measured 137 frames, cancelled on 135, max raw drift 18.07m, max cancelled 18.07m — travel WAS baked in, pin held it
[   556   13.387 x1.00] LOG  [CameraGameFeel] Shake: intensity=0.50 duration=0.400s
[   556   13.387 x1.00] LOG  [Combat] Hit react: HitReact_Heavy_2Leg (0.9s)
[   556   13.387 x1.00] LOG  [CameraGameFeel] Shake: intensity=0.28 duration=0.150s
[   556   13.387 x1.00] LOG  [CameraGameFeel] FOV punch: player damage (-3.0°)
[   556   13.387 x1.00] LOG  [OniBoss] Hit player for 20 (ClubSlam)
[   556   13.387 x1.00] LOG  [OniBoss:ClubPos] ClubSlam at strike: club tip 0.16m up, 3.55m in front, 0.35m to his right (3.57m out from his centre). Club faces 19deg from his forward, pitch -0.09. Effect currently spawns at 1.20m up / 1.50m front => off by -1.04m up, 2.05m front.
[   556   13.387 x1.00] LOG  [OniBoss:Layer] swing wave launched 3.5m in front of him at 7m/s, travelling 2.0m — visual only, the club already reached her at 2.0m.
[   556   13.387 x1.00] LOG  [AirPosePin] engaged, holding body at 0.622m above the transform
[   566   13.563 x1.00] LOG  [AirPosePin] released, peak correction was 0.009m
[   582   13.828 x1.00] LOG  [OniBoss] Attack → Recovery
[   582   13.828 x1.00] LOG  [OniBoss] Playing animation: Watch
[   582   13.828 x1.00] LOG  [OniBoss:Trail] trail END at clip 1.00, fading over 0.40s.
[   582   13.828 x1.00] LOG  [OniBoss:Strike] ClubSlam: club tip closest to Yoru at 0.42m, clip position 0.93 | damage fires at 0.52 | clip 0.93s => damage fires 380 ms BEFORE the club is closest
[   591   13.983 x1.00] LOG  [OniBoss] Recovery → Chase
[   592   14.003 x1.00] LOG  [OniBoss] hold-ground: BACKSTEP 1.5m (player 2.0m)
[   643   14.941 x1.00] LOG  [OniBoss] hold-ground: backstep done (1.51m), WATCH (player 3.5m, cooldown 2.0s)
[   643   14.941 x1.00] LOG  [OniBoss] Playing animation: Watch
[   776   16.986 x1.00] LOG  [OniBoss] Chase → Attack
[   776   16.986 x1.00] LOG  [OniBoss] Attack: Club_Swing (16 dmg)
[   776   16.986 x1.00] LOG  [OniBoss:Trail] Club_Swing trail START at clip 1.00 (transition done).
[   776   16.986 x1.00] LOG  [OniBoss:ClubPos] Club_Swing at strike: club tip 5.07m up, -1.77m in front, 1.03m to his right (2.05m out from his centre). Club faces 157deg from his forward, pitch 0.09. Effect currently spawns at 1.20m up / 1.50m front => off by 3.87m up, -3.27m front.
[   776   16.986 x1.00] LOG  [OniBoss:Layer] swing wave launched 3.5m in front of him at 7m/s, travelling 2.0m — visual only, the club already reached her at 3.5m.
[   781   17.086 x1.00] LOG  [OniBoss:Layer] step-in: 'Club_Swing' closed 0.49m, Yoru now 3.0m away (range 3.5)
[   789   17.223 x1.00] LOG  [OniBoss:Layer] step-in: 'Club_Swing' closed 0.49m, Yoru now 3.0m away (range 3.5)
[   790   17.238 x1.00] LOG  [OniBoss:Layer] step-in: 'Club_Swing' closed 0.50m, Yoru now 3.0m away (range 3.5)
[   807   17.565 x1.00] LOG  
==================== [FREEZE-DEBUG v3] ====================
  Reason : WASD-NOMOVE: WASD recent + speed 0.00m/s for 0.41s
  Time   : 13.458s   Frame: 807   Snaps: 60
===========================================================

--- CURRENT STATE ---
  Flags: atk=False hvy=False dod=False dsh=False
         grd=False hit=False aerial=False lockPos=False
         comboStep=0
  Anim : speed=1.00  combatLayer hash=-792875657 normT=3.254 weight=1.00 inTransition=False
  CC   : grounded=True  enabled=True  pos=(471.92, -0.02, 443.06)  vel=(0.00, 0.00, 0.00)
  Move : IsRunning=False
  Input: H=0.00 V=0.00  LMB=False MMB=False Q=False Sp=False Sh=False C=False
         WASD pressed in last 0.5s: True (last 0.11s ago)

--- FLIGHT RECORDER (60 snapshots, oldest first, dt=0.10s) ---
  Legend: flags = A(tk) H(vy) D(od) S(sh) G(rd) R(eact) Y(aerial) L(ock)   gnd/cc: Y/n
  t-now    flags     step gnd cc anSp normT layW tr | posX     posZ     spd   | H    V    LMB MMB Q  Sp Sh C
  ------   --------  ---- --- -- ---- ----- ---- -- | -----    -----    ----  | ---- ---- --- --- -- -- -- -
  - 6.53s  --------    0  Y   Y  1.00  2.56 1.00 -  |   471.0    443.1  0.00 |  0.0  0.0 0   0   0  0  1  0
  - 6.42s  --------    0  Y   Y  1.00  2.68 1.00 -  |   471.0    443.1  0.00 |  0.0  0.0 0   0   0  0  1  0
  - 6.30s  --------    0  Y   Y  1.00  2.79 1.00 -  |   471.0    443.1  0.00 |  0.0  0.0 0   0   0  0  1  0
  - 6.20s  --------    0  Y   Y  1.00  2.89 1.00 -  |   471.0    443.1  0.00 |  0.0  0.0 0   0   0  0  1  0
  - 6.10s  --------    0  Y   Y  1.00  2.99 1.00 -  |   471.0    443.1  0.00 |  0.0  0.0 0   0   0  0  1  0
  - 5.98s  --------    0  Y   Y  1.00  3.11 1.00 -  |   471.0    443.1  0.00 |  0.0  0.0 0   0   0  0  1  0
  - 5.87s  --------    0  Y   Y  1.00  3.22 1.00 -  |   471.0    443.1  0.00 |  0.0  0.0 0   0   0  0  0  0
  - 5.76s  --------    0  Y   Y  1.00  3.33 1.00 -  |   471.0    443.1  0.00 |  0.0  0.0 0   0   0  0  0  0
  - 5.64s  --------    0  Y   Y  1.00  3.45 1.00 -  |   471.0    443.1  0.00 |  0.0  0.0 0   0   0  0  0  0
  - 5.52s  --------    0  Y   Y  1.00  3.57 1.00 -  |   471.0    443.1  0.00 |  0.0  0.0 0   0   0  0  0  0
  - 5.41s  --------    0  Y   Y  1.00  3.69 1.00 -  |   471.0    443.1  0.00 |  0.0  0.0 0   0   0  0  0  0
  - 5.29s  --------    0  Y   Y  1.00  3.80 1.00 -  |   471.0    443.1  0.00 |  0.0  0.0 0   0   0  0  0  0
  - 5.18s  --------    0  Y   Y  1.00  3.91 1.00 -  |   471.0    443.1  0.00 |  0.0  0.0 0   0   0  0  0  0
  - 5.07s  -----R--    0  Y   Y  1.00  0.08 1.00 -  |   471.3    443.5  0.00 |  0.0  0.0 0   0   0  0  0  0
  - 4.96s  -----R--    0  Y   Y  1.00  0.17 1.00 -  |   471.4    443.5  0.00 |  0.0  0.0 0   0   0  0  0  0
  - 4.86s  -----R--    0  Y   Y  1.00  0.25 1.00 -  |   471.4    443.5  0.00 |  0.0  0.0 0   0   0  0  0  0
  - 4.75s  -----R--    0  Y   Y  1.00  0.35 1.00 -  |   471.4    443.5  0.00 |  0.0  0.0 0   0   0  0  0  0
  - 4.64s  -----R--    0  Y   Y  1.00  0.43 1.00 -  |   471.4    443.5  0.00 |  0.0  0.0 0   0   0  0  0  0
  - 4.54s  -----R--    0  Y   Y  1.00  0.52 1.00 -  |   471.4    443.5  0.00 |  0.0  0.0 0   0   0  0  0  0
  - 4.43s  -----R--    0  Y   Y  1.00  0.61 1.00 -  |   471.4    443.5  0.00 |  0.0  0.0 0   0   0  0  0  0
  - 4.33s  -----R--    0  Y   Y  1.00  0.69 1.00 -  |   471.4    443.5  0.00 |  0.0  0.0 0   0   0  0  0  0
  - 4.21s  --------    0  Y   Y  1.00  0.79 1.00 T  |   471.4    443.5  0.00 |  0.0  0.0 0   0   0  0  0  0
  - 4.10s  -----R--    0  Y   Y  1.00  0.05 1.00 -  |   471.4    443.6  0.00 |  0.0  0.0 0   0   0  0  0  0
  - 4.00s  -----R--    0  Y   Y  1.00  0.13 1.00 -  |   471.4    443.6  0.00 |  0.0  0.0 0   0   0  0  0  0
  - 3.89s  -----R--    0  Y   Y  1.00  0.23 1.00 -  |   471.4    443.6  0.00 |  0.0  0.0 0   0   0  0  0  0
  - 3.78s  -----R--    0  Y   Y  1.00  0.31 1.00 -  |   471.4    443.6  0.00 |  0.0  0.0 0   0   0  0  0  0
  - 3.68s  -----R--    0  Y   Y  1.00  0.40 1.00 -  |   471.4    443.6  0.00 |  0.0  0.0 0   0   0  0  0  0
  - 3.56s  -----R--    0  Y   Y  1.00  0.49 1.00 -  |   471.4    443.6  0.00 |  0.0  0.0 0   0   0  0  0  0
  - 3.45s  -----R--    0  Y   Y  1.00  0.59 1.00 -  |   471.4    443.6  0.00 |  0.0  0.0 0   0   0  0  0  0
  - 3.33s  -----R--    0  Y   Y  1.00  0.69 1.00 -  |   471.4    443.6  0.00 |  0.0  0.0 0   0   0  0  0  0
  - 3.21s  --------    0  Y   Y  1.00  0.78 1.00 T  |   471.4    443.6  0.00 |  0.0  0.0 0   0   0  0  0  0
  - 3.09s  --------    0  Y   Y  1.00  0.16 1.00 -  |   471.4    443.6  0.00 |  0.0  0.0 0   0   0  0  0  0
  - 2.98s  --------    0  Y   Y  1.00  0.27 1.00 -  |   471.4    443.6  0.00 |  0.0  0.0 0   0   0  0  0  0
  - 2.87s  --------    0  Y   Y  1.00  0.38 1.00 -  |   471.4    443.6  0.00 |  0.0  0.0 0   0   0  0  0  0
  - 2.77s  --------    0  Y   Y  1.00  0.48 1.00 -  |   471.4    443.6  0.00 |  0.0  0.0 0   0   0  0  0  0
  - 2.66s  --------    0  Y   Y  1.00  0.59 1.00 -  |   471.4    443.6  0.00 |  0.0  0.0 0   0   0  0  0  0
  - 2.55s  --------    0  Y   Y  1.00  0.71 1.00 -  |   471.4    443.6  0.00 |  0.0  0.0 0   0   0  0  0  0
  - 2.44s  --------    0  Y   Y  1.00  0.81 1.00 -  |   471.4    443.6  0.00 |  0.0  0.0 0   0   0  0  0  0
  - 2.34s  --------    0  Y   Y  1.00  0.92 1.00 -  |   471.4    443.6  0.00 |  0.0  0.0 0   0   0  0  0  0
  - 2.23s  --------    0  Y   Y  1.00  1.03 1.00 -  |   471.4    443.6  0.00 |  0.0  0.0 0   0   0  0  0  0
  - 2.11s  --------    0  Y   Y  1.00  1.14 1.00 -  |   471.4    443.6  0.00 |  0.0  0.0 0   0   0  0  0  0
  - 2.01s  --------    0  Y   Y  1.00  1.25 1.00 -  |   471.4    443.6  0.00 |  0.0  0.0 0   0   0  0  0  0
  - 1.90s  --------    0  Y   Y  1.00  1.36 1.00 -  |   471.4    443.6  0.00 |  0.0  0.0 0   0   0  0  0  0
  - 1.79s  --------    0  Y   Y  1.00  1.47 1.00 -  |   471.4    443.6  0.00 |  0.0  0.0 0   0   0  0  0  0
  - 1.68s  --------    0  Y   Y  1.00  1.58 1.00 -  |   471.4    443.6  0.00 |  0.0  0.0 0   0   0  0  0  0
  - 1.57s  --------    0  Y   Y  1.00  1.69 1.00 -  |   471.4    443.6  0.00 |  0.0  0.0 0   0   0  0  0  0
  - 1.46s  --------    0  Y   Y  1.00  1.79 1.00 -  |   471.4    443.6  0.00 |  0.0  0.0 0   0   0  0  0  0
  - 1.36s  --------    0  Y   Y  1.00  1.90 1.00 -  |   471.4    443.6  0.00 |  0.0  0.0 0   0   0  0  0  0
  - 1.25s  --------    0  Y   Y  1.00  2.01 1.00 -  |   471.4    443.6  0.00 |  0.0  0.0 0   0   0  0  0  0
  - 1.14s  --------    0  Y   Y  1.00  2.11 1.00 -  |   471.4    443.6  0.00 |  0.0  0.0 0   0   0  0  0  0
  - 1.03s  --------    0  Y   Y  1.00  2.22 1.00 -  |   471.4    443.6  0.00 |  0.0  0.0 0   0   0  0  0  0
  - 0.93s  --------    0  Y   Y  1.00  2.33 1.00 -  |   471.4    443.6  0.00 |  0.0  0.0 0   0   0  0  0  0
  - 0.82s  --------    0  Y   Y  1.00  2.43 1.00 -  |   471.4    443.6  0.00 |  0.0  0.0 0   0   0  0  0  0
  - 0.72s  --------    0  Y   Y  1.00  2.54 1.00 -  |   471.4    443.6  0.00 |  0.0  0.0 0   0   0  0  0  0
  - 0.61s  --------    0  Y   Y  1.00  2.64 1.00 -  |   471.4    443.6  0.00 |  0.0  0.0 0   0   0  0  0  0
  - 0.50s  --------    0  Y   Y  1.00  2.75 1.00 -  |   471.4    443.6  0.00 |  0.0  0.0 0   0   0  0  0  0
  - 0.39s  --------    0  Y   Y  1.00  2.86 1.00 -  |   471.4    443.6  0.00 |  0.0 -1.0 0   0   0  0  0  0
  - 0.29s  --------    0  Y   Y  1.00  2.96 1.00 -  |   471.5    443.5  0.00 |  0.0 -1.0 0   0   0  0  0  0
  - 0.19s  --------    0  Y   Y  1.00  3.06 1.00 -  |   471.7    443.3  0.00 |  0.0 -1.0 0   0   0  0  0  0
  - 0.07s  --------    0  Y   Y  1.00  3.18 1.00 -  |   471.8    443.2  0.00 |  0.0  0.0 0   0   0  0  0  0
=========================================================== END

[   816   17.723 x1.00] LOG  [CameraGameFeel] Shake: intensity=0.20 duration=0.250s
[   816   17.723 x1.00] LOG  [Combat] Hit react: HitReact_Light_2Leg (0.5s)
[   816   17.723 x1.00] LOG  [CameraGameFeel] Shake: intensity=0.09 duration=0.150s
[   816   17.723 x1.00] LOG  [CameraGameFeel] FOV punch: player damage (-2.0°)
[   816   17.723 x1.00] LOG  [OniBoss] Hit player for 16 (Club_Swing)
[   816   17.723 x1.00] LOG  [AirPosePin] engaged, holding body at 0.619m above the transform
[   822   17.832 x1.00] LOG  [OniBoss] Attack → Recovery
[   822   17.832 x1.00] LOG  [OniBoss] Playing animation: Watch
[   822   17.832 x1.00] LOG  [OniBoss:Trail] trail END at clip 0.99, fading over 0.40s.
[   822   17.832 x1.00] LOG  [OniBoss:Strike] Club_Swing: club tip closest to Yoru at 1.64m, clip position 0.90 | damage fires at 0.85 | clip 0.84s => damage fires 42 ms BEFORE the club is closest
[   825   17.888 x1.00] LOG  [AirPosePin] released, peak correction was 0.007m
[   831   17.986 x1.00] LOG  [OniBoss] Recovery → Chase
[   832   18.004 x1.00] LOG  [OniBoss] hold-ground: BACKSTEP 1.5m (player 2.8m)
[   881   18.946 x1.00] LOG  [OniBoss] hold-ground: backstep done (1.50m), WATCH (player 4.3m, cooldown 2.0s)
[   881   18.946 x1.00] LOG  [OniBoss] Playing animation: Watch
[  1010   20.988 x1.00] LOG  [OniBoss] hold-ground: cooldown over, player 4.3m > 3.5m — APPROACH
[  1010   20.988 x1.00] LOG  [OniBoss] Playing animation: Walk
[  1047   21.678 x1.00] LOG  [OniBoss] Combo started: ClubSwing1 → ClubSwing2 → ClubSlam (3 steps remaining)
[  1047   21.678 x1.00] LOG  [OniBoss] Chase → Attack
[  1047   21.678 x1.00] LOG  [OniBoss] Attack: Club_Swing (16 dmg)
[  1047   21.678 x1.00] LOG  [OniBoss:Trail] Club_Swing trail START at clip 0.36 (transition done).
[  1048   21.696 x1.00] LOG  [OniBoss:Layer] step-in: 'Club_Swing' closed 0.05m, Yoru now 3.0m away (range 3.5)
[  1092   22.409 x1.00] LOG  [CameraGameFeel] Shake: intensity=0.20 duration=0.250s
[  1092   22.409 x1.00] LOG  [Combat] Hit react: HitReact_Light_2Leg (0.5s)
[  1092   22.409 x1.00] LOG  [CameraGameFeel] Shake: intensity=0.09 duration=0.150s
[  1092   22.409 x1.00] LOG  [CameraGameFeel] FOV punch: player damage (-2.0°)
[  1092   22.409 x1.00] LOG  [OniBoss] Hit player for 16 (Club_Swing)
[  1092   22.409 x1.00] LOG  [OniBoss:ClubPos] Club_Swing at strike: club tip 0.99m up, 0.97m in front, -1.24m to his right (1.57m out from his centre). Club faces -82deg from his forward, pitch -0.25. Effect currently spawns at 1.20m up / 1.50m front => off by -0.21m up, -0.53m front.
[  1092   22.409 x1.00] LOG  [OniBoss:Layer] swing wave launched 3.5m in front of him at 7m/s, travelling 2.0m — visual only, the club already reached her at 2.9m.
[  1092   22.409 x1.00] LOG  [AirPosePin] engaged, holding body at 0.624m above the transform
[  1099   22.537 x1.00] LOG  [OniBoss] Attack → Recovery
[  1099   22.537 x1.00] LOG  [OniBoss] Playing animation: Watch
[  1099   22.537 x1.00] LOG  [OniBoss:Trail] trail END at clip 1.00, fading over 0.40s.
[  1099   22.537 x1.00] LOG  [OniBoss:Strike] Club_Swing: club tip closest to Yoru at 1.24m, clip position 0.91 | damage fires at 0.85 | clip 0.84s => damage fires 54 ms BEFORE the club is closest
[  1101   22.579 x1.00] LOG  [AirPosePin] released, peak correction was 0.011m
[  1108   22.694 x1.00] LOG  [OniBoss] Recovery → Attack
[  1108   22.694 x1.00] LOG  [OniBoss] Attack: ClubSwing2 (16 dmg)
[  1108   22.694 x1.00] LOG  [OniBoss:Trail] ClubSwing2 trail START at clip 1.00 (transition still blending).
[  1133   23.088 x1.00] LOG  [CameraGameFeel] Shake: intensity=0.20 duration=0.250s
[  1133   23.088 x1.00] LOG  [Combat] Hit react: HitReact_Light_2Leg (0.5s)
[  1133   23.088 x1.00] LOG  [CameraGameFeel] Shake: intensity=0.09 duration=0.150s
[  1133   23.088 x1.00] LOG  [CameraGameFeel] FOV punch: player damage (-2.0°)
[  1133   23.088 x1.00] LOG  [OniBoss] Hit player for 16 (ClubSwing2)
[  1133   23.088 x1.00] LOG  [OniBoss:ClubPos] ClubSwing2 at strike: club tip 0.21m up, 1.57m in front, 2.70m to his right (3.12m out from his centre). Club faces 18deg from his forward, pitch -0.89. Effect currently spawns at 1.20m up / 1.50m front => off by -0.99m up, 0.07m front.
[  1133   23.088 x1.00] LOG  [OniBoss:Layer] swing wave launched 3.5m in front of him at 7m/s, travelling 2.0m — visual only, the club already reached her at 2.4m.
[  1133   23.088 x1.00] LOG  [AirPosePin] engaged, holding body at 0.623m above the transform
[  1142   23.256 x1.00] LOG  [AirPosePin] released, peak correction was 0.011m
[  1178   23.885 x1.00] LOG  [OniBoss] Attack → Recovery
[  1178   23.885 x1.00] LOG  [OniBoss] Playing animation: Watch
[  1178   23.885 x1.00] LOG  [OniBoss:Trail] trail END at clip 1.00, fading over 0.40s.
[  1178   23.885 x1.00] LOG  [OniBoss:Strike] ClubSwing2: club tip closest to Yoru at 1.04m, clip position 0.30 | damage fires at 0.32 | clip 1.17s => MATCHED (within one or two frames)
[  1187   24.035 x1.00] LOG  [OniBoss] Recovery → Attack
[  1187   24.035 x1.00] LOG  [OniBoss] Attack: ClubSlam (20 dmg)
[  1187   24.035 x1.00] LOG  [OniBoss:Trail] ClubSlam trail START at clip 1.00 (transition still blending).
[  1219   24.540 x1.00] LOG  [CameraGameFeel] Shake: intensity=0.50 duration=0.400s
[  1219   24.540 x1.00] LOG  [Combat] Hit react: HitReact_Heavy_2Leg (0.9s)
[  1219   24.540 x1.00] LOG  [CameraGameFeel] Shake: intensity=0.28 duration=0.150s
[  1219   24.540 x1.00] LOG  [CameraGameFeel] FOV punch: player damage (-3.0°)
[  1219   24.540 x1.00] LOG  [OniBoss] Hit player for 20 (ClubSlam)
[  1219   24.540 x1.00] LOG  [OniBoss:ClubPos] ClubSlam at strike: club tip 0.17m up, 3.56m in front, 0.35m to his right (3.58m out from his centre). Club faces 19deg from his forward, pitch -0.09. Effect currently spawns at 1.20m up / 1.50m front => off by -1.03m up, 2.06m front.
[  1219   24.540 x1.00] LOG  [OniBoss:Layer] swing wave launched 3.5m in front of him at 7m/s, travelling 2.0m — visual only, the club already reached her at 2.0m.
[  1219   24.540 x1.00] LOG  [AirPosePin] engaged, holding body at 0.622m above the transform
[  1220   24.558 x1.00] LOG  [AirPosePin] released, peak correction was 0.000m
[  1221   24.576 x1.00] LOG  [AirPosePin] engaged, holding body at 0.610m above the transform
[  1228   24.692 x1.00] LOG  [AirPosePin] released, peak correction was -0.002m
[  1246   24.979 x1.00] LOG  [OniBoss] Attack → Recovery
[  1246   24.979 x1.00] LOG  [OniBoss] Playing animation: Watch
[  1246   24.979 x1.00] LOG  [OniBoss:Trail] trail END at clip 1.00, fading over 0.40s.
[  1246   24.979 x1.00] LOG  [OniBoss:Strike] ClubSlam: club tip closest to Yoru at 0.27m, clip position 0.93 | damage fires at 0.52 | clip 0.93s => damage fires 383 ms BEFORE the club is closest
[  1255   25.135 x1.00] LOG  [OniBoss] Recovery → Chase
[  1256   25.150 x1.00] LOG  [OniBoss] hold-ground: BACKSTEP 1.5m (player 2.0m)
[  1306   26.097 x1.00] LOG  
==================== [FREEZE-DEBUG v3] ====================
  Reason : WASD-NOMOVE: WASD recent + speed 0.00m/s for 0.41s
  Time   : 21.990s   Frame: 1306   Snaps: 60
===========================================================

--- CURRENT STATE ---
  Flags: atk=False hvy=False dod=False dsh=False
         grd=False hit=False aerial=False lockPos=False
         comboStep=0
  Anim : speed=1.00  combatLayer hash=-792875657 normT=0.631 weight=1.00 inTransition=False
  CC   : grounded=True  enabled=True  pos=(472.14, -0.02, 443.73)  vel=(0.00, 0.00, 0.00)
  Move : IsRunning=False
  Input: H=-1.00 V=0.00  LMB=False MMB=False Q=False Sp=False Sh=False C=False
         WASD pressed in last 0.5s: True (last 0.00s ago)

--- FLIGHT RECORDER (60 snapshots, oldest first, dt=0.10s) ---
  Legend: flags = A(tk) H(vy) D(od) S(sh) G(rd) R(eact) Y(aerial) L(ock)   gnd/cc: Y/n
  t-now    flags     step gnd cc anSp normT layW tr | posX     posZ     spd   | H    V    LMB MMB Q  Sp Sh C
  ------   --------  ---- --- -- ---- ----- ---- -- | -----    -----    ----  | ---- ---- --- --- -- -- -- -
  - 6.54s  --------    0  Y   Y  1.00  1.31 1.00 -  |   472.3    443.3  0.00 |  0.0  0.0 0   0   0  0  0  0
  - 6.43s  --------    0  Y   Y  1.00  1.41 1.00 -  |   472.3    443.3  0.00 |  0.0  0.0 0   0   0  0  0  0
  - 6.33s  --------    0  Y   Y  1.00  1.52 1.00 -  |   472.3    443.3  0.00 |  0.0  0.0 0   0   0  0  0  0
  - 6.23s  --------    0  Y   Y  1.00  1.62 1.00 -  |   472.3    443.3  0.00 |  0.0  0.0 0   0   0  0  0  0
  - 6.12s  --------    0  Y   Y  1.00  1.73 1.00 -  |   472.3    443.3  0.00 |  0.0  0.0 0   0   0  0  0  0
  - 6.00s  --------    0  Y   Y  1.00  1.84 1.00 -  |   472.3    443.3  0.00 |  0.0  0.0 0   0   0  0  0  0
  - 5.90s  --------    0  Y   Y  1.00  1.95 1.00 -  |   472.3    443.3  0.00 |  0.0  0.0 0   0   0  0  0  0
  - 5.79s  --------    0  Y   Y  1.00  2.05 1.00 -  |   472.3    443.3  0.00 |  0.0  0.0 0   0   0  0  0  0
  - 5.68s  --------    0  Y   Y  1.00  2.16 1.00 -  |   472.3    443.3  0.00 |  0.0  0.0 0   0   0  0  0  0
  - 5.57s  --------    0  Y   Y  1.00  2.27 1.00 -  |   472.3    443.3  0.00 |  0.0  0.0 0   0   0  0  0  0
  - 5.46s  --------    0  Y   Y  1.00  2.38 1.00 -  |   472.3    443.3  0.00 |  0.0  0.0 0   0   0  0  0  0
  - 5.34s  --------    0  Y   Y  1.00  2.50 1.00 -  |   472.3    443.3  0.00 |  0.0  0.0 0   0   0  0  0  0
  - 5.24s  --------    0  Y   Y  1.00  2.61 1.00 -  |   472.3    443.3  0.00 |  0.0  0.0 0   0   0  0  0  0
  - 5.12s  --------    0  Y   Y  1.00  2.72 1.00 -  |   472.3    443.3  0.00 |  0.0  0.0 0   0   0  0  0  0
  - 5.01s  --------    0  Y   Y  1.00  2.83 1.00 -  |   472.3    443.3  0.00 |  0.0  0.0 0   0   0  0  0  0
  - 4.89s  --------    0  Y   Y  1.00  2.95 1.00 -  |   472.3    443.3  0.00 |  0.0  0.0 0   0   0  0  0  0
  - 4.79s  --------    0  Y   Y  1.00  3.05 1.00 -  |   472.3    443.3  0.00 |  0.0  0.0 0   0   0  0  0  0
  - 4.67s  --------    0  Y   Y  1.00  3.17 1.00 -  |   472.3    443.3  0.00 |  0.0  0.0 0   0   0  0  0  0
  - 4.57s  --------    0  Y   Y  1.00  3.28 1.00 -  |   472.3    443.3  0.00 |  0.0  0.0 0   0   0  0  0  0
  - 4.46s  --------    0  Y   Y  1.00  3.39 1.00 -  |   472.3    443.3  0.00 |  0.0  0.0 0   0   0  0  0  0
  - 4.35s  --------    0  Y   Y  1.00  3.50 1.00 -  |   472.3    443.3  0.00 |  0.0  0.0 0   0   0  0  0  0
  - 4.23s  --------    0  Y   Y  1.00  3.61 1.00 -  |   472.3    443.3  0.00 |  0.0  0.0 0   0   0  0  0  0
  - 4.12s  --------    0  Y   Y  1.00  3.72 1.00 -  |   472.3    443.3  0.00 |  0.0  0.0 0   0   0  0  0  0
  - 4.00s  --------    0  Y   Y  1.00  3.84 1.00 -  |   472.3    443.3  0.00 |  0.0  0.0 0   0   0  0  0  0
  - 3.89s  --------    0  Y   Y  1.00  3.96 1.00 -  |   472.3    443.3  0.00 |  0.0  0.0 0   0   0  0  0  0
  - 3.78s  --------    0  Y   Y  1.00  4.07 1.00 -  |   472.3    443.3  0.00 |  0.0  0.0 0   0   0  0  0  0
  - 3.67s  -----R--    0  Y   Y  1.00  4.17 1.00 T  |   472.4    443.4  0.00 |  0.0  0.0 0   0   0  0  0  0
  - 3.56s  -----R--    0  Y   Y  1.00  0.09 1.00 -  |   472.5    443.7  0.00 |  0.0  0.0 0   0   0  0  0  0
  - 3.45s  -----R--    0  Y   Y  1.00  0.18 1.00 -  |   472.5    443.8  0.00 |  0.0  0.0 0   0   0  0  0  0
  - 3.35s  -----R--    0  Y   Y  1.00  0.26 1.00 -  |   472.5    443.8  0.00 |  0.0  0.0 0   0   0  0  0  0
  - 3.25s  -----R--    0  Y   Y  1.00  0.35 1.00 -  |   472.5    443.8  0.00 |  0.0  0.0 0   0   0  0  0  0
  - 3.14s  --------    0  Y   Y  1.00  0.44 1.00 T  |   472.5    443.8  0.00 |  0.0  0.0 0   0   0  0  0  0
  - 3.02s  --------    0  Y   Y  1.00  0.15 1.00 -  |   472.5    443.8  0.00 |  0.0  0.0 0   0   0  0  0  0
  - 2.92s  -----R--    0  Y   Y  1.00  0.06 1.00 -  |   472.7    444.1  0.00 |  0.0  0.0 0   0   0  0  0  0
  - 2.82s  -----R--    0  Y   Y  1.00  0.14 1.00 -  |   472.7    444.2  0.00 |  0.0  0.0 0   0   0  0  0  0
  - 2.71s  -----R--    0  Y   Y  1.00  0.23 1.00 -  |   472.7    444.2  0.00 |  0.0  0.0 0   0   0  0  0  0
  - 2.59s  -----R--    0  Y   Y  1.00  0.33 1.00 -  |   472.7    444.2  0.00 |  0.0  0.0 0   0   0  0  0  0
  - 2.48s  --------    0  Y   Y  1.00  0.43 1.00 T  |   472.7    444.2  0.00 |  0.0  0.0 0   0   0  0  0  0
  - 2.37s  --------    0  Y   Y  1.00  0.11 1.00 -  |   472.7    444.2  0.00 |  0.0  0.0 0   0   0  0  0  0
  - 2.26s  --------    0  Y   Y  1.00  0.22 1.00 -  |   472.7    444.2  0.00 |  0.0  0.0 0   0   0  0  0  0
  - 2.14s  --------    0  Y   Y  1.00  0.33 1.00 -  |   472.7    444.2  0.00 |  0.0  0.0 0   0   0  0  0  0
  - 2.03s  --------    0  Y   Y  1.00  0.45 1.00 -  |   472.7    444.2  0.00 |  0.0  0.0 0   0   0  0  0  0
  - 1.92s  --------    0  Y   Y  1.00  0.56 1.00 -  |   472.7    444.2  0.00 |  0.0  0.0 0   0   0  0  0  0
  - 1.81s  --------    0  Y   Y  1.00  0.67 1.00 -  |   472.7    444.2  0.00 |  0.0  0.0 0   0   0  0  0  0
  - 1.70s  --------    0  Y   Y  1.00  0.78 1.00 -  |   472.7    444.2  0.00 |  0.0  0.0 0   0   0  0  0  0
  - 1.59s  --------    0  Y   Y  1.00  0.89 1.00 -  |   472.7    444.2  0.00 |  0.0  0.0 0   0   0  0  0  0
  - 1.49s  -----R--    0  n   Y  1.00  0.05 1.00 -  |   472.7    444.2  0.00 |  0.0  0.0 0   0   0  0  0  0
  - 1.38s  -----R--    0  Y   Y  1.00  0.14 1.00 -  |   472.7    444.2  0.00 |  0.0  0.0 0   0   0  0  0  0
  - 1.26s  -----R--    0  Y   Y  1.00  0.23 1.00 -  |   472.7    444.2  0.00 |  0.0  0.0 0   0   0  0  0  0
  - 1.15s  -----R--    0  Y   Y  1.00  0.33 1.00 -  |   472.7    444.2  0.00 |  0.0  0.0 0   0   0  0  0  0
  - 1.05s  -----R--    0  Y   Y  1.00  0.41 1.00 -  |   472.7    444.2  0.00 |  0.0  0.0 0   0   0  0  0  0
  - 0.93s  -----R--    0  Y   Y  1.00  0.50 1.00 -  |   472.7    444.2  0.00 |  0.0  0.0 0   0   0  0  0  0
  - 0.81s  -----R--    0  Y   Y  1.00  0.60 1.00 -  |   472.7    444.2  0.00 |  0.0  0.0 0   0   0  0  0  0
  - 0.69s  -----R--    0  Y   Y  1.00  0.70 1.00 -  |   472.7    444.2  0.00 |  0.0  0.0 0   0   0  0  0  0
  - 0.59s  --------    0  Y   Y  1.00  0.78 1.00 T  |   472.7    444.2  0.00 |  0.0  0.0 0   0   0  0  0  0
  - 0.48s  --------    0  Y   Y  1.00  0.16 1.00 -  |   472.7    444.2  0.00 |  0.0  0.0 0   0   0  0  0  0
  - 0.37s  --------    0  Y   Y  1.00  0.26 1.00 -  |   472.7    444.2  0.00 | -1.0  0.0 0   0   0  0  0  0
  - 0.26s  --------    0  Y   Y  1.00  0.37 1.00 -  |   472.5    444.1  0.00 | -1.0  0.0 0   0   0  0  0  0
  - 0.15s  --------    0  Y   Y  1.00  0.48 1.00 -  |   472.4    443.9  0.00 | -1.0  0.0 0   0   0  0  0  0
  - 0.04s  --------    0  Y   Y  1.00  0.59 1.00 -  |   472.2    443.8  0.00 | -1.0  0.0 0   0   0  0  0  0
=========================================================== END

[  1306   26.097 x1.00] LOG  [OniBoss] hold-ground: backstep done (1.51m), WATCH (player 4.2m, cooldown 2.0s)
[  1306   26.097 x1.00] LOG  [OniBoss] Playing animation: Watch
[  1311   26.197 x1.00] LOG  [OniBoss] Playing animation: run
[  1363   27.197 x1.00] LOG  [OniBoss] Playing animation: Watch
[  1423   28.135 x1.00] LOG  [OniBoss] Chase → Attack
[  1423   28.135 x1.00] LOG  [OniBoss] Attack: ClubSwing2 (16 dmg)
[  1423   28.135 x1.00] LOG  [OniBoss:Trail] ClubSwing2 trail START at clip 0.60 (transition done).
[  1423   28.135 x1.00] LOG  [OniBoss:ClubPos] ClubSwing2 at strike: club tip 5.05m up, -1.78m in front, 1.03m to his right (2.06m out from his centre). Club faces 157deg from his forward, pitch 0.08. Effect currently spawns at 1.20m up / 1.50m front => off by 3.85m up, -3.28m front.
[  1423   28.135 x1.00] LOG  [OniBoss:Layer] swing wave launched 3.5m in front of him at 7m/s, travelling 2.0m — visual only, the club already reached her at 3.5m.
[  1429   28.247 x1.00] LOG  [OniBoss:Layer] step-in: 'ClubSwing2' closed 0.49m, Yoru now 3.0m away (range 3.5)
[  1447   28.535 x1.00] LOG  [CameraGameFeel] Shake: intensity=0.20 duration=0.250s
[  1447   28.535 x1.00] LOG  [Combat] Hit react: HitReact_Light_2Leg (0.5s)
[  1447   28.535 x1.00] LOG  [CameraGameFeel] Shake: intensity=0.09 duration=0.150s
[  1447   28.535 x1.00] LOG  [CameraGameFeel] FOV punch: player damage (-2.0°)
[  1447   28.535 x1.00] LOG  [OniBoss] Hit player for 16 (ClubSwing2)
[  1447   28.535 x1.00] LOG  [AirPosePin] engaged, holding body at 0.618m above the transform
[  1456   28.697 x1.00] LOG  [AirPosePin] released, peak correction was 0.006m
[  1494   29.316 x1.00] LOG  [OniBoss] Attack → Recovery
[  1494   29.316 x1.00] LOG  [OniBoss] Playing animation: Watch
[  1494   29.316 x1.00] LOG  [OniBoss:Trail] trail END at clip 1.00, fading over 0.40s.
[  1494   29.316 x1.00] LOG  [OniBoss:Strike] ClubSwing2: club tip closest to Yoru at 0.47m, clip position 0.30 | damage fires at 0.32 | clip 1.17s => MATCHED (within one or two frames)
[  1503   29.468 x1.00] LOG  [OniBoss] Recovery → Chase
[  1504   29.486 x1.00] LOG  [OniBoss] hold-ground: BACKSTEP 1.5m (player 2.7m)
[  1530   29.969 x1.00] LOG  [OniBoss] hold-ground: backstep done (0.77m), WATCH (player 4.4m, cooldown 2.5s)
[  1530   29.969 x1.00] LOG  [OniBoss] Playing animation: Watch
[  1542   30.160 x1.00] LOG  
==================== [FREEZE-DEBUG v3] ====================
  Reason : WASD-NOMOVE: WASD recent + speed 0.00m/s for 0.40s
  Time   : 26.053s   Frame: 1542   Snaps: 60
===========================================================

--- CURRENT STATE ---
  Flags: atk=False hvy=False dod=False dsh=False
         grd=False hit=False aerial=False lockPos=False
         comboStep=0
  Anim : speed=1.00  combatLayer hash=-792875657 normT=1.104 weight=1.00 inTransition=False
  CC   : grounded=True  enabled=True  pos=(469.64, 0.02, 441.57)  vel=(0.00, 0.00, 0.00)
  Move : IsRunning=False
  Input: H=0.00 V=0.00  LMB=False MMB=False Q=False Sp=False Sh=False C=False
         WASD pressed in last 0.5s: True (last 0.47s ago)

--- FLIGHT RECORDER (60 snapshots, oldest first, dt=0.10s) ---
  Legend: flags = A(tk) H(vy) D(od) S(sh) G(rd) R(eact) Y(aerial) L(ock)   gnd/cc: Y/n
  t-now    flags     step gnd cc anSp normT layW tr | posX     posZ     spd   | H    V    LMB MMB Q  Sp Sh C
  ------   --------  ---- --- -- ---- ----- ---- -- | -----    -----    ----  | ---- ---- --- --- -- -- -- -
  - 6.54s  --------    0  Y   Y  1.00  0.43 1.00 T  |   472.7    444.2  0.00 |  0.0  0.0 0   0   0  0  0  0
  - 6.43s  --------    0  Y   Y  1.00  0.11 1.00 -  |   472.7    444.2  0.00 |  0.0  0.0 0   0   0  0  0  0
  - 6.32s  --------    0  Y   Y  1.00  0.22 1.00 -  |   472.7    444.2  0.00 |  0.0  0.0 0   0   0  0  0  0
  - 6.21s  --------    0  Y   Y  1.00  0.33 1.00 -  |   472.7    444.2  0.00 |  0.0  0.0 0   0   0  0  0  0
  - 6.09s  --------    0  Y   Y  1.00  0.45 1.00 -  |   472.7    444.2  0.00 |  0.0  0.0 0   0   0  0  0  0
  - 5.98s  --------    0  Y   Y  1.00  0.56 1.00 -  |   472.7    444.2  0.00 |  0.0  0.0 0   0   0  0  0  0
  - 5.87s  --------    0  Y   Y  1.00  0.67 1.00 -  |   472.7    444.2  0.00 |  0.0  0.0 0   0   0  0  0  0
  - 5.77s  --------    0  Y   Y  1.00  0.78 1.00 -  |   472.7    444.2  0.00 |  0.0  0.0 0   0   0  0  0  0
  - 5.65s  --------    0  Y   Y  1.00  0.89 1.00 -  |   472.7    444.2  0.00 |  0.0  0.0 0   0   0  0  0  0
  - 5.55s  -----R--    0  n   Y  1.00  0.05 1.00 -  |   472.7    444.2  0.00 |  0.0  0.0 0   0   0  0  0  0
  - 5.44s  -----R--    0  Y   Y  1.00  0.14 1.00 -  |   472.7    444.2  0.00 |  0.0  0.0 0   0   0  0  0  0
  - 5.32s  -----R--    0  Y   Y  1.00  0.23 1.00 -  |   472.7    444.2  0.00 |  0.0  0.0 0   0   0  0  0  0
  - 5.21s  -----R--    0  Y   Y  1.00  0.33 1.00 -  |   472.7    444.2  0.00 |  0.0  0.0 0   0   0  0  0  0
  - 5.11s  -----R--    0  Y   Y  1.00  0.41 1.00 -  |   472.7    444.2  0.00 |  0.0  0.0 0   0   0  0  0  0
  - 4.99s  -----R--    0  Y   Y  1.00  0.50 1.00 -  |   472.7    444.2  0.00 |  0.0  0.0 0   0   0  0  0  0
  - 4.87s  -----R--    0  Y   Y  1.00  0.60 1.00 -  |   472.7    444.2  0.00 |  0.0  0.0 0   0   0  0  0  0
  - 4.75s  -----R--    0  Y   Y  1.00  0.70 1.00 -  |   472.7    444.2  0.00 |  0.0  0.0 0   0   0  0  0  0
  - 4.65s  --------    0  Y   Y  1.00  0.78 1.00 T  |   472.7    444.2  0.00 |  0.0  0.0 0   0   0  0  0  0
  - 4.54s  --------    0  Y   Y  1.00  0.16 1.00 -  |   472.7    444.2  0.00 |  0.0  0.0 0   0   0  0  0  0
  - 4.43s  --------    0  Y   Y  1.00  0.26 1.00 -  |   472.7    444.2  0.00 | -1.0  0.0 0   0   0  0  0  0
  - 4.33s  --------    0  Y   Y  1.00  0.37 1.00 -  |   472.5    444.1  0.00 | -1.0  0.0 0   0   0  0  0  0
  - 4.21s  --------    0  Y   Y  1.00  0.48 1.00 -  |   472.4    443.9  0.00 | -1.0  0.0 0   0   0  0  0  0
  - 4.10s  --------    0  Y   Y  1.00  0.59 1.00 -  |   472.2    443.8  0.00 | -1.0  0.0 0   0   0  0  0  0
  - 3.98s  --------    0  Y   Y  1.00  0.71 1.00 -  |   471.8    443.4  0.00 | -1.0  0.0 0   0   0  0  1  0
  - 3.88s  --------    0  Y   Y  1.00  0.81 1.00 -  |   471.3    442.9  0.00 | -1.0  0.0 0   0   0  0  1  0
  - 3.78s  --------    0  Y   Y  1.00  0.91 1.00 -  |   470.8    442.5  0.00 | -1.0  0.0 0   0   0  0  1  0
  - 3.68s  --------    0  Y   Y  1.00  1.01 1.00 -  |   470.6    442.3  0.00 |  0.0  0.0 0   0   0  0  0  0
  - 3.58s  --------    0  Y   Y  1.00  1.11 1.00 -  |   470.4    442.1  0.00 |  0.0  0.0 0   0   0  0  0  0
  - 3.48s  --------    0  Y   Y  1.00  1.22 1.00 -  |   470.3    442.0  0.00 |  0.0  0.0 0   0   0  0  0  0
  - 3.37s  --------    0  Y   Y  1.00  1.32 1.00 -  |   470.2    442.0  0.00 |  0.0  0.0 0   0   0  0  0  0
  - 3.25s  --------    0  Y   Y  1.00  1.44 1.00 -  |   470.2    442.0  0.00 |  0.0  0.0 0   0   0  0  0  0
  - 3.13s  --------    0  Y   Y  1.00  1.56 1.00 -  |   470.2    442.0  0.00 |  0.0  0.0 0   0   0  0  0  0
  - 3.02s  --------    0  Y   Y  1.00  1.68 1.00 -  |   470.2    442.0  0.00 |  0.0  0.0 0   0   0  0  0  0
  - 2.91s  --------    0  Y   Y  1.00  1.79 1.00 -  |   470.2    442.0  0.00 |  0.0  0.0 0   0   0  0  0  0
  - 2.80s  --------    0  Y   Y  1.00  1.90 1.00 -  |   470.2    442.0  0.00 |  0.0  0.0 0   0   0  0  0  0
  - 2.69s  --------    0  Y   Y  1.00  2.01 1.00 -  |   470.2    442.0  0.00 |  0.0  0.0 0   0   0  0  0  0
  - 2.58s  --------    0  Y   Y  1.00  2.12 1.00 -  |   470.2    442.0  0.00 |  0.0  0.0 0   0   0  0  0  0
  - 2.48s  --------    0  Y   Y  1.00  2.22 1.00 -  |   470.2    442.0  0.00 |  0.0  0.0 0   0   0  0  0  0
  - 2.37s  --------    0  Y   Y  1.00  2.33 1.00 -  |   470.2    442.0  0.00 |  0.0  0.0 0   0   0  0  0  0
  - 2.26s  --------    0  Y   Y  1.00  2.43 1.00 -  |   470.2    442.0  0.00 |  0.0  0.0 0   0   0  0  0  0
  - 2.15s  --------    0  Y   Y  1.00  2.54 1.00 -  |   470.2    442.0  0.00 |  0.0  0.0 0   0   0  0  0  0
  - 2.04s  --------    0  Y   Y  1.00  2.66 1.00 -  |   470.2    442.0  0.00 |  0.0  0.0 0   0   0  0  0  0
  - 1.93s  --------    0  Y   Y  1.00  2.76 1.00 -  |   470.2    442.0  0.00 |  0.0  0.0 0   0   0  0  0  0
  - 1.82s  --------    0  Y   Y  1.00  2.88 1.00 -  |   470.2    442.0  0.00 |  0.0  0.0 0   0   0  0  0  0
  - 1.71s  --------    0  Y   Y  1.00  2.99 1.00 -  |   470.2    442.0  0.00 |  0.0  0.0 0   0   0  0  0  0
  - 1.59s  -----R--    0  n   Y  1.00  0.01 1.00 -  |   470.3    442.1  5.43 |  0.0  0.0 0   0   0  0  0  0
  - 1.48s  -----R--    0  Y   Y  1.00  0.11 1.00 -  |   470.5    442.4  0.00 |  0.0  0.0 0   0   0  0  0  0
  - 1.38s  -----R--    0  Y   Y  1.00  0.19 1.00 -  |   470.5    442.4  0.00 |  0.0  0.0 0   0   0  0  0  0
  - 1.26s  -----R--    0  Y   Y  1.00  0.29 1.00 -  |   470.5    442.4  0.00 |  0.0  0.0 0   0   0  0  0  0
  - 1.15s  -----R--    0  Y   Y  1.00  0.38 1.00 -  |   470.5    442.4  0.00 |  0.0  0.0 0   0   0  0  0  0
  - 1.03s  --------    0  Y   Y  1.00  0.47 1.00 T  |   470.5    442.4  0.00 |  0.0  0.0 0   0   0  0  0  0
  - 0.92s  --------    0  Y   Y  1.00  0.18 1.00 -  |   470.5    442.4  0.00 |  0.0  0.0 0   0   0  0  0  0
  - 0.81s  --------    0  Y   Y  1.00  0.29 1.00 -  |   470.5    442.4  0.00 |  0.0  0.0 0   0   0  0  0  0
  - 0.69s  --------    0  Y   Y  1.00  0.41 1.00 -  |   470.4    442.3  0.00 | -1.0  0.0 0   0   0  0  0  0
  - 0.58s  --------    0  Y   Y  1.00  0.52 1.00 -  |   470.3    442.1  0.00 | -1.0  0.0 0   0   0  0  0  0
  - 0.47s  --------    0  Y   Y  1.00  0.63 1.00 -  |   470.1    442.0  0.00 | -1.0  0.0 0   0   0  0  0  0
  - 0.36s  --------    0  Y   Y  1.00  0.74 1.00 -  |   469.9    441.8  0.00 |  0.0  0.0 0   0   0  0  0  0
  - 0.25s  --------    0  Y   Y  1.00  0.85 1.00 -  |   469.8    441.7  0.00 |  0.0  0.0 0   0   0  0  0  0
  - 0.14s  --------    0  Y   Y  1.00  0.96 1.00 -  |   469.6    441.6  0.00 |  0.0  0.0 0   0   0  0  0  0
  - 0.03s  --------    0  Y   Y  1.00  1.07 1.00 -  |   469.6    441.6  0.00 |  0.0  0.0 0   0   0  0  0  0
=========================================================== END

[  1550   30.294 x1.00] LOG  [StormWeather] ⚡ strike at (490.66, 45.00, 452.75)
[  1687   32.477 x1.00] LOG  🚶 2-LEG JUMP
[  1687   32.477 x1.00] LOG  🐾 Jump 1 VFX spawned!
[  1687   32.477 x1.00] LOG  [OniBoss] hold-ground: cooldown over, player 4.1m > 3.5m — APPROACH
[  1687   32.477 x1.00] LOG  [OniBoss] Playing animation: Walk
[  1709   32.889 x1.00] LOG  [ComboTrace] LAUNCH OniBoss at 2.0m dist=1.95m in 0.20s [AIRBORNE]
[  1709   32.889 x1.00] LOG  [Combat] Aerial spin — 25 dmg
[  1709   32.889 x1.00] LOG  [AirPosePin] engaged, holding body at 1.524m above the transform
[  1711   32.929 x1.00] LOG  [OniBoss] Chase → Attack
[  1711   32.929 x1.00] LOG  [OniBoss] Attack: ClubSwing2 (16 dmg)
[  1711   32.929 x1.00] LOG  [OniBoss:Trail] ClubSwing2 trail START at clip 0.23 (transition done).
[  1717   33.041 x1.00] LOG  OniBoss took 10 damage. HP: 450/500
[  1717   33.041 x1.00] LOG  [OniBoss] 🤕 Hit during Attack — flash only
[  1717   33.041 x1.00] LOG  [CameraGameFeel] Shake: intensity=0.15 duration=0.150s
[  1717   33.041 x1.00] LOG  [CameraGameFeel] FOV punch: hit light (+1.5°)
[  1720   33.100 x1.00] LOG  [ComboTrace] LAUNCH RESULT wanted=1.95m actually moved=1.30m — completed
[  1725   33.198 x1.00] LOG  OniBoss took 10 damage. HP: 440/500
[  1725   33.198 x1.00] LOG  [OniBoss] 🤕 Hit during Attack — flash only
[  1725   33.198 x1.00] LOG  [CameraGameFeel] Shake: intensity=0.05 duration=0.150s
[  1733   33.359 x1.00] LOG  OniBoss took 10 damage. HP: 430/500
[  1733   33.359 x1.00] LOG  [OniBoss] 🤕 Hit during Attack — flash only
[  1733   33.359 x1.00] LOG  [OniBoss] Attack → Stagger
[  1733   33.359 x1.00] LOG  [OniBoss] Playing animation: Stagger
[  1733   33.359 x1.00] LOG  [OniBoss] STAGGERED for 2.5s
[  1733   33.359 x1.00] LOG  [OniBoss:Layer] heavy knock-back react (swirl burst, 3 hits / 30 dmg) → 'HitReact_Heavy', down for 1.80s
[  1733   33.359 x1.00] LOG  [OniBoss:Layer] burst: 3 hits / 30 dmg inside 0.8s → knock-back + 0.90m push
[  1733   33.359 x1.00] LOG  [CameraGameFeel] Shake: intensity=0.05 duration=0.150s
[  1733   33.359 x1.00] LOG  [OniBoss:Strike] ClubSwing2: club tip closest to Yoru at 1.63m, clip position 0.30 | damage fires at 0.32 | clip 1.17s => MATCHED (within one or two frames)
[  1734   33.379 x1.00] LOG  [OniBoss:Trail] trail END at clip 0.32, fading over 0.40s.
[  1736   33.420 x1.00] LOG  💨 Landing VFX spawned!
[  1736   33.420 x1.00] LOG  ✅ LANDED! (was jump #1)
[  1736   33.420 x1.00] LOG  [AirPosePin] released, peak correction was 0.740m
[  1750   33.667 x1.00] LOG  [ComboTrace] END step=3 clipProgress=0.91 clipLen=0.79s queued=0 elapsed=0.78s
[  1791   34.359 x1.00] LOG  🚶 2-LEG JUMP
[  1791   34.359 x1.00] LOG  🐾 Jump 1 VFX spawned!
[  1796   34.460 x1.00] LOG  
==================== [FREEZE-DEBUG v3] ====================
  Reason : WASD-NOMOVE: WASD recent + speed 0.00m/s for 0.40s
  Time   : 30.353s   Frame: 1796   Snaps: 60
===========================================================

--- CURRENT STATE ---
  Flags: atk=False hvy=False dod=False dsh=False
         grd=False hit=False aerial=False lockPos=False
         comboStep=3
  Anim : speed=1.00  combatLayer hash=-792875657 normT=0.758 weight=1.00 inTransition=False
  CC   : grounded=False  enabled=True  pos=(470.14, 0.66, 442.62)  vel=(0.00, 6.25, 0.00)
  Move : IsRunning=False
  Input: H=0.00 V=0.00  LMB=True MMB=False Q=False Sp=True Sh=False C=False
         WASD pressed in last 0.5s: True (last 0.25s ago)

--- FLIGHT RECORDER (60 snapshots, oldest first, dt=0.10s) ---
  Legend: flags = A(tk) H(vy) D(od) S(sh) G(rd) R(eact) Y(aerial) L(ock)   gnd/cc: Y/n
  t-now    flags     step gnd cc anSp normT layW tr | posX     posZ     spd   | H    V    LMB MMB Q  Sp Sh C
  ------   --------  ---- --- -- ---- ----- ---- -- | -----    -----    ----  | ---- ---- --- --- -- -- -- -
  - 6.56s  --------    0  Y   Y  1.00  2.43 1.00 -  |   470.2    442.0  0.00 |  0.0  0.0 0   0   0  0  0  0
  - 6.45s  --------    0  Y   Y  1.00  2.54 1.00 -  |   470.2    442.0  0.00 |  0.0  0.0 0   0   0  0  0  0
  - 6.34s  --------    0  Y   Y  1.00  2.66 1.00 -  |   470.2    442.0  0.00 |  0.0  0.0 0   0   0  0  0  0
  - 6.23s  --------    0  Y   Y  1.00  2.76 1.00 -  |   470.2    442.0  0.00 |  0.0  0.0 0   0   0  0  0  0
  - 6.12s  --------    0  Y   Y  1.00  2.88 1.00 -  |   470.2    442.0  0.00 |  0.0  0.0 0   0   0  0  0  0
  - 6.01s  --------    0  Y   Y  1.00  2.99 1.00 -  |   470.2    442.0  0.00 |  0.0  0.0 0   0   0  0  0  0
  - 5.89s  -----R--    0  n   Y  1.00  0.01 1.00 -  |   470.3    442.1  5.43 |  0.0  0.0 0   0   0  0  0  0
  - 5.78s  -----R--    0  Y   Y  1.00  0.11 1.00 -  |   470.5    442.4  0.00 |  0.0  0.0 0   0   0  0  0  0
  - 5.68s  -----R--    0  Y   Y  1.00  0.19 1.00 -  |   470.5    442.4  0.00 |  0.0  0.0 0   0   0  0  0  0
  - 5.56s  -----R--    0  Y   Y  1.00  0.29 1.00 -  |   470.5    442.4  0.00 |  0.0  0.0 0   0   0  0  0  0
  - 5.45s  -----R--    0  Y   Y  1.00  0.38 1.00 -  |   470.5    442.4  0.00 |  0.0  0.0 0   0   0  0  0  0
  - 5.33s  --------    0  Y   Y  1.00  0.47 1.00 T  |   470.5    442.4  0.00 |  0.0  0.0 0   0   0  0  0  0
  - 5.22s  --------    0  Y   Y  1.00  0.18 1.00 -  |   470.5    442.4  0.00 |  0.0  0.0 0   0   0  0  0  0
  - 5.11s  --------    0  Y   Y  1.00  0.29 1.00 -  |   470.5    442.4  0.00 |  0.0  0.0 0   0   0  0  0  0
  - 4.99s  --------    0  Y   Y  1.00  0.41 1.00 -  |   470.4    442.3  0.00 | -1.0  0.0 0   0   0  0  0  0
  - 4.88s  --------    0  Y   Y  1.00  0.52 1.00 -  |   470.3    442.1  0.00 | -1.0  0.0 0   0   0  0  0  0
  - 4.77s  --------    0  Y   Y  1.00  0.63 1.00 -  |   470.1    442.0  0.00 | -1.0  0.0 0   0   0  0  0  0
  - 4.66s  --------    0  Y   Y  1.00  0.74 1.00 -  |   469.9    441.8  0.00 |  0.0  0.0 0   0   0  0  0  0
  - 4.55s  --------    0  Y   Y  1.00  0.85 1.00 -  |   469.8    441.7  0.00 |  0.0  0.0 0   0   0  0  0  0
  - 4.44s  --------    0  Y   Y  1.00  0.96 1.00 -  |   469.6    441.6  0.00 |  0.0  0.0 0   0   0  0  0  0
  - 4.33s  --------    0  Y   Y  1.00  1.07 1.00 -  |   469.6    441.6  0.00 |  0.0  0.0 0   0   0  0  0  0
  - 4.22s  --------    0  Y   Y  1.00  1.18 1.00 -  |   469.6    441.6  0.00 |  0.0  0.0 0   0   0  0  0  0
  - 4.11s  --------    0  Y   Y  1.00  1.29 1.00 -  |   469.7    441.6  0.00 |  1.0  0.0 0   0   0  0  0  0
  - 4.00s  --------    0  Y   Y  1.00  1.40 1.00 -  |   469.8    441.8  0.00 |  0.0  0.0 0   0   0  0  0  0
  - 3.89s  --------    0  Y   Y  1.00  1.51 1.00 -  |   469.9    441.8  0.00 |  0.0  0.0 0   0   0  0  0  0
  - 3.79s  --------    0  Y   Y  1.00  1.61 1.00 -  |   469.9    441.8  0.00 |  0.0  0.0 0   0   0  0  0  0
  - 3.68s  --------    0  Y   Y  1.00  1.72 1.00 -  |   469.9    441.8  0.00 |  0.0  0.0 0   0   0  0  0  0
  - 3.57s  --------    0  Y   Y  1.00  1.83 1.00 -  |   469.9    441.8  0.00 |  0.0  0.0 0   0   0  0  0  0
  - 3.46s  --------    0  Y   Y  1.00  1.94 1.00 -  |   469.9    441.8  0.00 |  0.0  0.0 0   0   0  0  0  0
  - 3.35s  --------    0  Y   Y  1.00  2.05 1.00 -  |   469.9    441.8  0.00 |  0.0  0.0 0   0   0  0  0  0
  - 3.24s  --------    0  Y   Y  1.00  2.16 1.00 -  |   469.9    441.8  0.00 |  0.0  0.0 0   0   0  0  0  0
  - 3.13s  --------    0  Y   Y  1.00  2.27 1.00 -  |   469.9    441.8  0.00 |  0.0  0.0 0   0   0  0  0  0
  - 3.03s  --------    0  Y   Y  1.00  2.37 1.00 -  |   469.9    441.8  0.00 |  0.0  0.0 0   0   0  0  0  0
  - 2.92s  --------    0  Y   Y  1.00  2.48 1.00 -  |   469.9    441.8  0.00 |  0.0  0.0 0   0   0  0  0  0
  - 2.81s  --------    0  Y   Y  1.00  2.59 1.00 -  |   469.9    441.8  0.00 |  0.0  0.0 0   0   0  0  0  0
  - 2.71s  --------    0  Y   Y  1.00  2.69 1.00 -  |   469.9    441.8  0.00 |  0.0  0.0 0   0   0  0  0  0
  - 2.60s  --------    0  Y   Y  1.00  2.81 1.00 -  |   469.9    441.8  0.00 |  0.0  0.0 0   0   0  0  0  0
  - 2.48s  --------    0  Y   Y  1.00  2.92 1.00 -  |   469.9    441.8  0.00 |  0.0  0.0 0   0   0  0  0  0
  - 2.37s  --------    0  Y   Y  1.00  3.03 1.00 -  |   469.9    441.8  0.00 |  0.0  0.0 0   0   0  0  0  0
  - 2.26s  --------    0  Y   Y  1.00  3.14 1.00 -  |   469.9    441.8  0.00 |  0.0  0.0 0   0   0  0  0  0
  - 2.15s  --------    0  Y   Y  1.00  3.25 1.00 -  |   469.9    441.8  0.00 |  0.0  0.0 0   0   0  0  0  0
  - 2.03s  --------    0  Y   Y  1.00  3.37 1.00 -  |   469.9    441.8  0.00 |  0.0  0.0 0   0   0  0  0  0
  - 1.92s  --------    0  n   Y  1.00  3.48 1.00 -  |   469.9    441.8  0.00 |  0.0  0.0 0   0   0  1  0  0
  - 1.81s  --------    0  n   Y  1.00  3.59 1.00 -  |   469.9    441.9  0.00 |  0.0  0.0 0   0   0  0  0  0
  - 1.70s  --------    0  n   Y  1.00  3.70 1.00 -  |   469.9    441.9  0.00 |  0.0  0.0 1   0   0  0  0  0
  - 1.59s  --------    0  n   Y  1.00  3.81 1.00 -  |   469.9    442.0  0.00 |  0.0  0.0 1   0   0  0  0  0
  - 1.49s  A-----Y-    3  n   Y  1.00  0.08 1.00 -  |   470.7    443.0  0.00 |  0.0  0.0 0   0   0  0  0  0
  - 1.38s  A-----Y-    3  n   Y  0.00  0.17 1.00 -  |   470.7    443.0  0.00 |  0.0  0.0 0   0   0  0  0  0
  - 1.26s  A-----Y-    3  n   Y  1.00  0.30 1.00 -  |   470.7    443.0  0.00 |  0.0  0.0 0   0   0  0  0  0
  - 1.14s  A-----Y-    3  n   Y  1.00  0.45 1.00 -  |   470.7    443.1  0.00 |  0.0  0.0 0   0   0  0  0  0
  - 1.04s  ------Y-    3  Y   Y  1.00  0.57 1.00 -  |   470.7    443.1  0.00 |  0.0  0.0 0   0   0  0  0  0
  - 0.92s  ------Y-    3  Y   Y  1.00  0.73 1.00 -  |   470.7    443.1  0.00 |  0.0  0.0 0   0   0  0  0  0
  - 0.81s  ------Y-    3  Y   Y  1.00  0.87 1.00 -  |   470.7    443.1  0.00 |  0.0  0.0 0   0   0  0  0  0
  - 0.70s  --------    3  Y   Y  1.00  1.01 1.00 T  |   470.7    443.1  0.00 |  0.0  0.0 0   0   0  0  0  0
  - 0.58s  --------    3  Y   Y  1.00  0.18 1.00 -  |   470.7    443.1  0.00 |  0.0  0.0 0   0   0  0  0  0
  - 0.47s  --------    3  Y   Y  1.00  0.30 1.00 -  |   470.7    443.1  0.00 |  0.0  0.0 0   0   0  0  0  0
  - 0.36s  --------    3  Y   Y  1.00  0.40 1.00 -  |   470.7    443.1  0.00 | -1.0  0.0 0   0   0  0  0  0
  - 0.25s  --------    3  Y   Y  1.00  0.51 1.00 -  |   470.5    442.9  0.00 | -1.0  0.0 0   0   0  0  0  0
  - 0.14s  --------    3  Y   Y  1.00  0.63 1.00 -  |   470.3    442.8  0.00 |  0.0  0.0 0   0   0  0  0  0
  - 0.02s  --------    3  n   Y  1.00  0.74 1.00 -  |   470.2    442.7  0.00 |  0.0  0.0 0   0   0  1  0  0
=========================================================== END

[  1802   34.579 x1.00] LOG  [ComboTrace] LAUNCH OniBoss at 2.4m dist=2.43m in 0.24s [AIRBORNE]
[  1802   34.579 x1.00] LOG  [Combat] Aerial spin — 25 dmg
[  1802   34.579 x1.00] LOG  [AirPosePin] engaged, holding body at 0.958m above the transform
[  1811   34.739 x1.00] LOG  OniBoss punish window! 10 → 15 (x1.5)
[  1811   34.739 x1.00] LOG  OniBoss took 15 damage. HP: 415/500
[  1811   34.739 x1.00] LOG  [CameraGameFeel] Shake: intensity=0.15 duration=0.150s
[  1811   34.739 x1.00] LOG  [CameraGameFeel] FOV punch: hit light (+1.5°)
[  1816   34.836 x1.00] LOG  [ComboTrace] LAUNCH RESULT wanted=2.43m actually moved=1.73m — completed
[  1834   35.169 x1.00] LOG  [OniBoss] Stagger → Chase
[  1835   35.187 x1.00] LOG  [OniBoss] Playing animation: Watch
[  1835   35.187 x1.00] LOG  [OniBoss] hold-ground: cooldown over, player 4.0m > 3.5m — APPROACH
[  1835   35.187 x1.00] LOG  [OniBoss] Playing animation: Walk
[  1841   35.298 x1.00] LOG  💨 Landing VFX spawned!
[  1841   35.298 x1.00] LOG  ✅ LANDED! (was jump #1)
[  1841   35.298 x1.00] LOG  [AirPosePin] released, peak correction was 0.217m
[  1844   35.360 x1.00] LOG  [ComboTrace] END step=3 clipProgress=0.91 clipLen=0.79s queued=0 elapsed=0.78s
[  1880   36.019 x1.00] LOG  [OniBoss] Chase → Attack
[  1880   36.019 x1.00] LOG  [OniBoss] Attack: Club_Swing (16 dmg)
[  1880   36.019 x1.00] LOG  [OniBoss:Trail] Club_Swing trail START at clip 0.44 (transition done).
[  1881   36.039 x1.00] LOG  [OniBoss:Layer] step-in: 'Club_Swing' closed 0.05m, Yoru now 3.0m away (range 3.5)
[  1926   36.748 x1.00] LOG  [CameraGameFeel] Shake: intensity=0.20 duration=0.250s
[  1926   36.748 x1.00] LOG  [Combat] Hit react: HitReact_Light_2Leg (0.5s)
[  1926   36.748 x1.00] LOG  [CameraGameFeel] Shake: intensity=0.09 duration=0.150s
[  1926   36.748 x1.00] LOG  [CameraGameFeel] FOV punch: player damage (-2.0°)
[  1926   36.748 x1.00] LOG  [OniBoss] Hit player for 16 (Club_Swing)
[  1926   36.748 x1.00] LOG  [OniBoss:ClubPos] Club_Swing at strike: club tip 1.01m up, 0.92m in front, -1.28m to his right (1.58m out from his centre). Club faces -84deg from his forward, pitch -0.24. Effect currently spawns at 1.20m up / 1.50m front => off by -0.19m up, -0.58m front.
[  1926   36.748 x1.00] LOG  [OniBoss:Layer] swing wave launched 3.5m in front of him at 7m/s, travelling 2.0m — visual only, the club already reached her at 2.9m.
[  1926   36.748 x1.00] LOG  [AirPosePin] engaged, holding body at 0.623m above the transform
[  1933   36.881 x1.00] LOG  [OniBoss] Attack → Recovery
[  1933   36.881 x1.00] LOG  [OniBoss] Playing animation: Watch
[  1933   36.881 x1.00] LOG  [OniBoss:Trail] trail END at clip 1.00, fading over 0.40s.
[  1933   36.881 x1.00] LOG  [OniBoss:Strike] Club_Swing: club tip closest to Yoru at 1.24m, clip position 0.92 | damage fires at 0.85 | clip 0.84s => damage fires 58 ms BEFORE the club is closest
[  1935   36.920 x1.00] LOG  [AirPosePin] released, peak correction was 0.011m
[  1942   37.037 x1.00] LOG  [OniBoss] Recovery → Chase
[  1943   37.051 x1.00] LOG  [OniBoss] hold-ground: BACKSTEP 1.5m (player 2.5m)
[  1994   37.999 x1.00] LOG  [OniBoss] hold-ground: backstep done (1.51m), WATCH (player 4.0m, cooldown 2.0s)
[  1994   37.999 x1.00] LOG  [OniBoss] Playing animation: Watch
[  2124   40.041 x1.00] LOG  [OniBoss] hold-ground: cooldown over, player 4.0m > 3.5m — APPROACH
[  2124   40.041 x1.00] LOG  [OniBoss] Playing animation: Walk
[  2136   40.257 x1.00] LOG  [StormWeather] terrain layers restored to dry values.
# end — 325 lines
