# Oni combat log — 2026-09-19 18:09:00
# Unity 6000.2.7f2 | scene 'CaveScene_Oni_Boss1' | platform OSXEditor
# columns: [frame realSeconds timeScale] KIND message      (KIND: LOG WARN ERR EXC TEL)
#
[     0    0.000 x1.00] LOG  [OniLog] console + telemetry → /Users/asenahazal/Documents/Yoru/OniLogs/oni_2026-09-19_18-09-00.log
[     0    0.000 x1.00] LOG  [OniHairShadows] shadow casting off on 27 hair renderers
[     0    0.000 x1.00] LOG  [RingMesh] Auto-found 11/11 left, 11/11 right meshes
[     1    0.000 x1.00] LOG  [BossBar] BossHealthBarUI initialized
[     1    0.000 x1.00] LOG  [StormWeather] layer 'TerrainLayer_Dirt_01' dry smoothness=0.00 (restore to this if a crash ever leaves it wet)
[     1    0.000 x1.00] LOG  [StormWeather] post volumes ready on layer 9 (storm priority 10, flash priority 11).
[     1    0.000 x1.00] LOG  [StormWeather] ROUND 80: fur weather ready on 'Weather Zone'. Rain 0, wind 0.50 in the open, sky check 30 m from 'PlayerYoru_1.1'.
[     1    0.000 x1.00] LOG  [StormWeather] COZY bridge: Rain_Cave retired, COZY owns the rain now.
[     1    0.000 x1.00] LOG  [StormWeather] COZY → 'Clear' (pre-fight - open sky, 0 s)
[     1    0.000 x1.00] LOG  [StormWeather] Ready. Open sky, dry floor. Waiting for the fight.
[     1    0.000 x1.00] LOG  OniBoss initialized with 2500 HP
[     1    0.000 x1.00] LOG  [OniBoss] ANIMATOR SETUP: cullingMode=CullUpdateTransforms updateMode=Normal applyRootMotion=False speed=1
[     1    0.000 x1.00] LOG  [OniBoss] Initialized
[     1    0.000 x1.00] LOG  [OniBoss:Layer] facing: minFlat 1m, snapOnAttack off, trackInHitReact off, aimTurn 540 deg/s for the first 0.20 of the swing
[     1    0.000 x1.00] LOG  [OniBoss:Layer] Yoru launch model ON: launches ALL THE WAY to an enemy within 4.7m of its surface at 10m/s (stop gap 0.00m, NO minimum distance), else steps 0.90m forward. Targeting cone left exactly as her prefab has it.
[     1    0.000 x1.00] LOG  [OniBoss:Layer] Yoru launch ROUND 9: airborne attacks launch too (ON), edge probe now runs on its OWN layer mask (Everything) instead of the line-of-sight mask - the Ground-only mask found no floor in this cave and was cancelling 100% of launches at 0.00m travelled.
[     1    0.000 x1.00] LOG  [OniBoss:Layer] animator speed x1.35 — his 1.13s swing now plays in 0.84s.
[     1    0.000 x1.00] LOG  [OniBoss:Layer] chase speed pushed: phase1 4.5, phase2 5.5 (Yoru runs at 7).
[     1    0.000 x1.00] LOG  [OniBoss:Layer] ground wave ON (round 38): half the club's damage on TOUCH, 12m/s x 6.0m from 1.6m in front at 0.35m height — a club hit cancels that swing's wave, jumping clears it. Per-attack effects come from the Swing Wave VFX By Attack rows. PlayerHealth found, PlayerMovement found.
[     1    0.000 x1.00] LOG  [StormWeather] storm break HELD (waiting for the lightning beat)
[     1    0.000 x1.00] LOG  [OniBoss:Layer] storm break HELD — it releases at the lightning-on-the-club beat.
[     1    0.000 x1.00] LOG  [OniBoss:Layer] club tracking ON — tip 'Kanabo3' (depth 4), shaft root 'kanabo'.
[     1    0.000 x1.00] LOG  [OniBoss:Layer] skinned meshes: 46 renderer(s), updateWhenOffscreen ON, body renderer 'Body' rootBone 'Hips'
[     1    0.000 x1.00] LOG  [OniBoss:Layer] charge travel bone: 'Hips' at depth 1 under 'OniBoss', rest local (0.00, 3.24, -0.24)
[     1    0.000 x1.00] LOG  [OniBoss:Layer] anti-kite ON: thrown swing after 4s of failed chase (within 7.6m), charge after 6s.
[     1    0.000 x1.00] LOG  [OniBoss:Layer] charge drive ON (windup to 0.40 at x1.3, rush 14m/s stops at 2.6m, steers 0.35s then commits, strike section from 0.58, strike moment 0.76, trail VFX off)
[     1    0.000 x1.00] LOG  [OniBoss:Layer] attack armor ON (his swings are not interrupted by light/medium hits; heavy hits and rapid-hit bursts still stop him)
[     1    0.000 x1.00] LOG  [OniBoss:Layer] strike moments overridden: Club_Swing=0.42 ClubSwing2=0.32 ClubSlam=0.85 KanaboSweep=0.48
[     1    0.000 x1.00] LOG  [OniBoss:Layer] club TOUCH hits ON (radius 0.70m, min tip speed 50m/s, armed from 0.20 of the clip): Club_Swing ClubSwing2 ClubSlam KanaboSweep. First touch wins — club full damage, wave half, one hit per swing.
[     1    0.000 x1.00] LOG  [OniBoss:Layer] combo damage ramp ON: mid x1.25, finisher x1.50 — finisher wave carries FULL damage at x2.0 size, x2.0 travel.
[     1    0.000 x1.00] LOG  [OniBoss:Layer] charge follow-up ON: 90 % of solo charges chain into a random melee finisher.
[     1    0.000 x1.00] LOG  [OniBoss:Layer] hold-ground ON (backstep 1.5m @ 1.6m/s after own attacks, watch 'Watch', attack facing LOCKED)
[     1    0.000 x1.00] LOG  [OniBoss:Layer] OniBoss layer ready (reactions, wake-on-hit, watch stance, boss bar). player=found
[     1    0.000 x1.00] LOG  [OniBoss:Layer] charge clip 'Oni Charge.fbx' imports with Root Motion Node = None (in place) — good.
[     1    0.000 x1.00] LOG  [OniBoss:Layer] clips importing with Root Transform Position (Y) NOT baked into pose (12): Oni_Alert(Oni Alert), Club_Slam(Oni Club Slam), Club_Swing(Oni Club Swing), Club_swing2(Oni Club Swing 2), Death(Oni Death Kneel), Hit_react_light(Oni Hit react lighter light), KanaboSweep(Oni Kanabo sweep), Phase_Transition(Oni Phase transition), run(Oni Run), Walk(Oni Walk), Watch(Oni Watch), Idle(Oni Idle) — their hips' up/down motion is stripped (see round notes; optional).
[     1    0.000 x1.00] LOG  === VFX MANAGER INITIALIZED ===
[     1    0.000 x1.00] LOG  Auto-detect animations: False
[     1    0.000 x1.00] LOG  Parent effects to tail: True
[     1    0.000 x1.00] LOG  Prefabs: Jump=True, Land=True, LTail=True, RTail=True
[     1    0.000 x1.00] LOG  ✅ Left Tail Tip: LeftTailTip_Anchor
[     1    0.000 x1.00] LOG  ✅ Right Tail Tip: RightTailTip_Anchor
[     1    0.000 x1.00] LOG  [VolumetricFogController] applyPresets is OFF in this scene. The Volumetric Fog component keeps its hand-set inspector values.
[     1    0.000 x1.00] LOG  [TailAirShot] Ready. drawState=RightTail_Fast castParam=TailCastSpeed (found)
  arrow leaves: PlayerYoru_1.1/Cat_All_10_Tails_v4/Group/DeformationSystem/root/Root_M/Tail15_R/Tail151_R/Tail152_R/Tail153_R/Tail154_R/Tail155_R/Tail156_R/Tail157_R/Tail158_R/Tail159_R/Tail1510_R/Tail1511_R/Tail1512_R/Tail6_R/Tail6_R_end/Tail6_R_end_end/Tail6_R_end_end_end/RightTailTip_Anchor
  aim VFX: PlayerYoru_1.1/Cat_All_10_Tails_v4/Group/DeformationSystem/root/Root_M/Tail15_R/Tail151_R/Tail152_R/Tail153_R/Tail154_R/Tail155_R/Tail156_R/Tail157_R/Tail158_R/Tail159_R/Tail1510_R/Tail1511_R/Tail1512_R/Tail6_R/Tail6_R_end/Tail6_R_end_end/Tail6_R_end_end_end/RightTailTip_Anchor/vfx_Muzzle_Fireball01Blue
[     1    0.000 x1.00] LOG  [RingMesh] VFX Status:
[     1    0.000 x1.00] LOG    Left: Prefab=✓, Spawn=Tail6_L_end_end_end
[     1    0.000 x1.00] LOG    Right: Prefab=✓, Spawn=Tail6_R_end_end_end
[     1    0.000 x1.00] LOG  [TailAirShot4Leg] Ready. drawState=shoot_4Leg castParam=Shoot4LegSpeed (found) readyFrame=5 fireFrame=10 frames=24 slowBudget=3s real damageMultiplier=2.00
  arrow leaves: PlayerYoru_1.1/Cat_All_10_Tails_v4/Group/DeformationSystem/root/Root_M/Tail15_R/Tail151_R/Tail152_R/Tail153_R/Tail154_R/Tail155_R/Tail156_R/Tail157_R/Tail158_R/Tail159_R/Tail1510_R/Tail1511_R/Tail1512_R/Tail6_R/Tail6_R_end/Tail6_R_end_end/Tail6_R_end_end_end/RightTailTip_Anchor
  aim VFX left:  PlayerYoru_1.1/Cat_All_10_Tails_v4/Group/DeformationSystem/root/Root_M/Tail15_L/Tail151_L/Tail152_L/Tail153_L/Tail154_L/Tail155_L/Tail156_L/Tail157_L/Tail158_L/Tail159_L/Tail1510_L/Tail1511_L/Tail1512_L/Tail6_L/Tail6_L_end/Tail6_L_end_end/Tail6_L_end_end_end/LeftTailTip_Anchor/Glow_4Leg_L
  aim VFX right: PlayerYoru_1.1/Cat_All_10_Tails_v4/Group/DeformationSystem/root/Root_M/Tail15_R/Tail151_R/Tail152_R/Tail153_R/Tail154_R/Tail155_R/Tail156_R/Tail157_R/Tail158_R/Tail159_R/Tail1510_R/Tail1511_R/Tail1512_R/Tail6_R/Tail6_R_end/Tail6_R_end_end/Tail6_R_end_end_end/RightTailTip_Anchor/Glow_4Leg_R
[     1    0.000 x1.00] LOG  [PlayerCombat] Phase 2 form gate CONNECTED (FormController found on this GameObject).
[     1    0.000 x1.00] LOG  [Combat] PlayerCombat initialized, Phase 3C v27
[     1    0.000 x1.00] LOG  [CameraGameFeel] CameraGameFeel initialized (shake + FOV)
[     1    4.536 x1.00] LOG  [OniBoss] Playing animation: Idle
[    44    5.995 x1.00] LOG  💨 Landing VFX spawned!
[    44    5.995 x1.00] LOG  ✅ LANDED! (was jump #0)
[   222    7.132 x1.00] LOG  [YoruVFX] guard bubble on at y=0.050 (floor 0.000, her root y=-0.020, lift 0.05, floor tilt 0 deg)
[   222    7.132 x1.00] LOG  [Combat] Guard START (perfect parry window: 0.2s)
[   425    8.491 x1.00] LOG  [Combat] Guard END
[   630    9.764 x1.00] LOG  [YoruVFX] guard bubble on at y=0.050 (floor 0.000, her root y=-0.020, lift 0.05, floor tilt 0 deg)
[   630    9.764 x1.00] LOG  [Combat] Guard START (perfect parry window: 0.2s)
[  1545   15.922 x1.00] LOG  [Combat] Guard END
[  2396   21.439 x1.00] LOG  [OniBoss:Layer] watch stance ON (player 15.0m)
[  2519   22.254 x1.00] LOG  🐾 4-LEG JUMP #0
[  2519   22.254 x1.00] LOG  🐾 Jump 1 VFX spawned!
[  2534   22.356 x1.00] LOG  [OniBoss] LostSoul → Alert
[  2534   22.356 x1.00] LOG  [OniBoss] Playing animation: Oni_Alert
[  2534   22.356 x1.00] LOG  [BossBar] Showing bar for: Oni (2500/2500)
[  2534   22.356 x1.00] LOG  [OniBoss:Layer] boss bar shown
[  2535   22.366 x1.00] LOG  [StormWeather] COZY → 'Yoru_Oni_Phase1_Storm' (fight engaged - storm rolls in, 0 s)
[  2535   22.366 x1.00] LOG  [StormWeather] FIGHT STARTED (he engaged) - storm on, floor starts to soak.
[  2536   22.374 x1.00] WARN The referenced script on this Behaviour (Game Object '<null>') is missing!
[  2536   22.374 x1.00] WARN The referenced script on this Behaviour (Game Object 'Lightning Light') is missing!
[  2536   22.374 x1.00] WARN The referenced script on this Behaviour (Game Object 'Lightning Light') is missing!
[  2576   22.690 x1.00] LOG  [StormWeather] fur: rain reaching the coat (intensity 0.01, follows floor wetness).
[  2597   22.859 x1.00] LOG  [OniBoss] Alert → Chase
[  2598   22.866 x1.00] LOG  [OniBoss] Pull-band decision: RUN-IN (dist 6.8m, pullRange 0m, chance 0.50)
[  2598   22.866 x1.00] LOG  [OniBoss] Playing animation: run
[  2599   22.874 x1.00] LOG  [ComboTrace] LAUNCH STEP (too far: OniBoss at 5.3m > engage 4.7m) dist=0.90m in 0.13s [AIRBORNE]
[  2599   22.874 x1.00] LOG  [Combat] Aerial spin, 25 dmg
[  2599   22.874 x1.00] LOG  [YoruVFX] Air spin: 'VFX_Void_Burst_AirSpinYoru' at CenterVFX, 46 systems, longest 1.00s fitted to 0.79s at speed 1.27, 8 forced Local, 38 delays zeroed, tail 2.37s
[  2599   22.874 x1.00] LOG  [AirPosePin] engaged, holding body at 1.921m above the transform
[  2615   23.006 x1.00] LOG  [ComboTrace] LAUNCH RESULT wanted=0.90m actually moved=1.53m, completed
[  2624   23.076 x1.00] LOG  💨 Landing VFX spawned!
[  2624   23.076 x1.00] LOG  ✅ LANDED! (was jump #1)
[  2624   23.076 x1.00] LOG  [AirPosePin] released, peak correction was 0.132m
[  2626   23.092 x1.00] LOG  [ComboTrace] CLICK IGNORED (step=3 queued=0)
[  2636   23.170 x1.00] LOG  [StormWeather] storm post weight -> 0.40
[  2657   23.331 x1.00] LOG  [ComboTrace] CLICK IGNORED (step=3 queued=0)
[  2673   23.449 x1.00] LOG  [OniBoss] Playing animation: Idle
[  2673   23.449 x1.00] LOG  [OniBoss] Combo started: ClubSwing1 → ClubSwing2 → ClubSlam (3 steps remaining)
[  2673   23.449 x1.00] LOG  [OniBoss] Chase → Attack
[  2673   23.449 x1.00] LOG  [OniBoss] Attack: Club_Swing (16 dmg)
[  2673   23.449 x1.00] LOG  [OniBoss:Trail] Club_Swing trail START at clip 0.62 (transition done).
[  2686   23.549 x1.00] LOG  [OniBoss:Layer] step-in: 'Club_Swing' closed 0.49m, Yoru now 3.0m away (range 3.5)
[  2687   23.556 x1.00] LOG  [YoruVFX] Spin VFX stopped, fading for 2.37s
[  2689   23.573 x1.00] LOG  🚶 2-LEG JUMP
[  2689   23.573 x1.00] LOG  🐾 Jump 1 VFX spawned!
[  2690   23.580 x1.00] LOG  [AirPosePin] engaged, holding body at 0.691m above the transform
[  2691   23.587 x1.00] LOG  [ComboTrace] END step=3 clipProgress=0.90 clipLen=0.79s queued=0 elapsed=0.71s
[  2692   23.595 x1.00] LOG  [AirPosePin] released, peak correction was 0.005m
[  2716   23.777 x1.00] LOG  [CameraGameFeel] Shake: intensity=0.20 duration=0.250s
[  2716   23.777 x1.00] ERR  Material 'M_VFX_Disc_Windup_Air_01 (Instance)' with Shader 'Vefects/SH_Vefects_BIRP_Disc_Windup_01' doesn't have a color property '_Color'
        at UnityEngine.Material:get_color ()
        at PlayerCombat:FlashDamage () (at Assets/Scripts/Combat/PlayerCombat.cs:2756)
        at PlayerCombat:PlayHitReaction (bool,UnityEngine.Vector3,bool) (at Assets/Scripts/Combat/PlayerCombat.cs:2346)
        at PlayerHealth:TakeDamage (int,bool,UnityEngine.Vector3,bool) (at Assets/Scripts/Player/PlayerHealth.cs:183)
[  2716   23.777 x1.00] ERR  Material 'M_VFX_Disc_Windup_Air_02 (Instance)' with Shader 'Vefects/SH_Vefects_BIRP_Disc_Windup_01' doesn't have a color property '_Color'
        at UnityEngine.Material:get_color ()
        at PlayerCombat:FlashDamage () (at Assets/Scripts/Combat/PlayerCombat.cs:2756)
        at PlayerCombat:PlayHitReaction (bool,UnityEngine.Vector3,bool) (at Assets/Scripts/Combat/PlayerCombat.cs:2346)
        at PlayerHealth:TakeDamage (int,bool,UnityEngine.Vector3,bool) (at Assets/Scripts/Player/PlayerHealth.cs:183)
[  2716   23.777 x1.00] ERR  Material 'M_VFX_Windup_Core_Add_02_Void (Instance)' with Shader 'Vefects/SH_Vefects_BIRP_Windup_Core_Add_01' doesn't have a color property '_Color'
        at UnityEngine.Material:get_color ()
        at PlayerCombat:FlashDamage () (at Assets/Scripts/Combat/PlayerCombat.cs:2756)
        at PlayerCombat:PlayHitReaction (bool,UnityEngine.Vector3,bool) (at Assets/Scripts/Combat/PlayerCombat.cs:2346)
        at PlayerHealth:TakeDamage (int,bool,UnityEngine.Vector3,bool) (at Assets/Scripts/Player/PlayerHealth.cs:183)
[  2716   23.777 x1.00] ERR  Material 'M_VFX_Glow_01 (Instance)' with Shader 'Vefects/SH_Vefects_BIRP_Unlit_Simple_01' doesn't have a color property '_Color'
        at UnityEngine.Material:get_color ()
        at PlayerCombat:FlashDamage () (at Assets/Scripts/Combat/PlayerCombat.cs:2756)
        at PlayerCombat:PlayHitReaction (bool,UnityEngine.Vector3,bool) (at Assets/Scripts/Combat/PlayerCombat.cs:2346)
        at PlayerHealth:TakeDamage (int,bool,UnityEngine.Vector3,bool) (at Assets/Scripts/Player/PlayerHealth.cs:183)
[  2716   23.777 x1.00] ERR  Material 'M_VFX_Glow_01 (Instance)' with Shader 'Vefects/SH_Vefects_BIRP_Unlit_Simple_01' doesn't have a color property '_Color'
        at UnityEngine.Material:get_color ()
        at PlayerCombat:FlashDamage () (at Assets/Scripts/Combat/PlayerCombat.cs:2756)
        at PlayerCombat:PlayHitReaction (bool,UnityEngine.Vector3,bool) (at Assets/Scripts/Combat/PlayerCombat.cs:2346)
        at PlayerHealth:TakeDamage (int,bool,UnityEngine.Vector3,bool) (at Assets/Scripts/Player/PlayerHealth.cs:183)
[  2716   23.777 x1.00] ERR  Material 'M_VFX_Glow_01 (Instance)' with Shader 'Vefects/SH_Vefects_BIRP_Unlit_Simple_01' doesn't have a color property '_Color'
        at UnityEngine.Material:get_color ()
        at PlayerCombat:FlashDamage () (at Assets/Scripts/Combat/PlayerCombat.cs:2756)
        at PlayerCombat:PlayHitReaction (bool,UnityEngine.Vector3,bool) (at Assets/Scripts/Combat/PlayerCombat.cs:2346)
        at PlayerHealth:TakeDamage (int,bool,UnityEngine.Vector3,bool) (at Assets/Scripts/Player/PlayerHealth.cs:183)
[  2716   23.777 x1.00] ERR  Material 'M_VFX_Glow_01 (Instance)' with Shader 'Vefects/SH_Vefects_BIRP_Unlit_Simple_01' doesn't have a color property '_Color'
        at UnityEngine.Material:get_color ()
        at PlayerCombat:FlashDamage () (at Assets/Scripts/Combat/PlayerCombat.cs:2756)
        at PlayerCombat:PlayHitReaction (bool,UnityEngine.Vector3,bool) (at Assets/Scripts/Combat/PlayerCombat.cs:2346)
        at PlayerHealth:TakeDamage (int,bool,UnityEngine.Vector3,bool) (at Assets/Scripts/Player/PlayerHealth.cs:183)
[  2716   23.777 x1.00] ERR  Material 'M_VFX_Embers_01 (Instance)' with Shader 'Vefects/SH_Vefects_BIRP_Unlit_Simple_01' doesn't have a color property '_Color'
        at UnityEngine.Material:get_color ()
        at PlayerCombat:FlashDamage () (at Assets/Scripts/Combat/PlayerCombat.cs:2756)
        at PlayerCombat:PlayHitReaction (bool,UnityEngine.Vector3,bool) (at Assets/Scripts/Combat/PlayerCombat.cs:2346)
        at PlayerHealth:TakeDamage (int,bool,UnityEngine.Vector3,bool) (at Assets/Scripts/Player/PlayerHealth.cs:183)
[  2716   23.777 x1.00] ERR  Material 'M_VFX_Embers_01 (Instance)' with Shader 'Vefects/SH_Vefects_BIRP_Unlit_Simple_01' doesn't have a color property '_Color'
        at UnityEngine.Material:get_color ()
        at PlayerCombat:FlashDamage () (at Assets/Scripts/Combat/PlayerCombat.cs:2756)
        at PlayerCombat:PlayHitReaction (bool,UnityEngine.Vector3,bool) (at Assets/Scripts/Combat/PlayerCombat.cs:2346)
        at PlayerHealth:TakeDamage (int,bool,UnityEngine.Vector3,bool) (at Assets/Scripts/Player/PlayerHealth.cs:183)
[  2716   23.777 x1.00] ERR  Material 'M_VFX_Refraction_Shockwave_01 (Instance)' with Shader 'Vefects/SH_Vefects_BIRP_Refraction_Shockwave_01' doesn't have a color property '_Color'
        at UnityEngine.Material:get_color ()
        at PlayerCombat:FlashDamage () (at Assets/Scripts/Combat/PlayerCombat.cs:2756)
        at PlayerCombat:PlayHitReaction (bool,UnityEngine.Vector3,bool) (at Assets/Scripts/Combat/PlayerCombat.cs:2346)
        at PlayerHealth:TakeDamage (int,bool,UnityEngine.Vector3,bool) (at Assets/Scripts/Player/PlayerHealth.cs:183)
[  2716   23.777 x1.00] ERR  Material 'M_VFX_Refraction_Shockwave_01 (Instance)' with Shader 'Vefects/SH_Vefects_BIRP_Refraction_Shockwave_01' doesn't have a color property '_Color'
        at UnityEngine.Material:get_color ()
        at PlayerCombat:FlashDamage () (at Assets/Scripts/Combat/PlayerCombat.cs:2756)
        at PlayerCombat:PlayHitReaction (bool,UnityEngine.Vector3,bool) (at Assets/Scripts/Combat/PlayerCombat.cs:2346)
        at PlayerHealth:TakeDamage (int,bool,UnityEngine.Vector3,bool) (at Assets/Scripts/Player/PlayerHealth.cs:183)
[  2716   23.777 x1.00] ERR  Material 'M_VFX_Ring_Burst_02_Dark (Instance)' with Shader 'Vefects/SH_Vefects_BIRP_Unlit_Simple_LUT_01' doesn't have a color property '_Color'
        at UnityEngine.Material:get_color ()
        at PlayerCombat:FlashDamage () (at Assets/Scripts/Combat/PlayerCombat.cs:2756)
        at PlayerCombat:PlayHitReaction (bool,UnityEngine.Vector3,bool) (at Assets/Scripts/Combat/PlayerCombat.cs:2346)
        at PlayerHealth:TakeDamage (int,bool,UnityEngine.Vector3,bool) (at Assets/Scripts/Player/PlayerHealth.cs:183)
[  2716   23.777 x1.00] ERR  Material 'M_VFX_Ring_Burst_02_Dark_Add (Instance)' with Shader 'Vefects/SH_Vefects_BIRP_Unlit_Simple_LUT_01' doesn't have a color property '_Color'
        at UnityEngine.Material:get_color ()
        at PlayerCombat:FlashDamage () (at Assets/Scripts/Combat/PlayerCombat.cs:2756)
        at PlayerCombat:PlayHitReaction (bool,UnityEngine.Vector3,bool) (at Assets/Scripts/Combat/PlayerCombat.cs:2346)
        at PlayerHealth:TakeDamage (int,bool,UnityEngine.Vector3,bool) (at Assets/Scripts/Player/PlayerHealth.cs:183)
[  2716   23.777 x1.00] ERR  Material 'M_VFX_Impact_Hemisphere_02_Void (Instance)' with Shader 'Vefects/SH_Vefects_BIRP_Impact_Hemisphere_01' doesn't have a color property '_Color'
        at UnityEngine.Material:get_color ()
        at PlayerCombat:FlashDamage () (at Assets/Scripts/Combat/PlayerCombat.cs:2756)
        at PlayerCombat:PlayHitReaction (bool,UnityEngine.Vector3,bool) (at Assets/Scripts/Combat/PlayerCombat.cs:2346)
        at PlayerHealth:TakeDamage (int,bool,UnityEngine.Vector3,bool) (at Assets/Scripts/Player/PlayerHealth.cs:183)
[  2716   23.777 x1.00] ERR  Material 'M_VFX_Impact_Hemisphere_02_Void_Inverted (Instance)' with Shader 'Vefects/SH_Vefects_BIRP_Impact_Hemisphere_01' doesn't have a color property '_Color'
        at UnityEngine.Material:get_color ()
        at PlayerCombat:FlashDamage () (at Assets/Scripts/Combat/PlayerCombat.cs:2756)
        at PlayerCombat:PlayHitReaction (bool,UnityEngine.Vector3,bool) (at Assets/Scripts/Combat/PlayerCombat.cs:2346)
        at PlayerHealth:TakeDamage (int,bool,UnityEngine.Vector3,bool) (at Assets/Scripts/Player/PlayerHealth.cs:183)
[  2716   23.777 x1.00] ERR  Material 'M_VFX_Impact_HP_01_Dark (Instance)' with Shader 'Vefects/SH_Vefects_BIRP_Unlit_Simple_LUT_01' doesn't have a color property '_Color'
        at UnityEngine.Material:get_color ()
        at PlayerCombat:FlashDamage () (at Assets/Scripts/Combat/PlayerCombat.cs:2756)
        at PlayerCombat:PlayHitReaction (bool,UnityEngine.Vector3,bool) (at Assets/Scripts/Combat/PlayerCombat.cs:2346)
        at PlayerHealth:TakeDamage (int,bool,UnityEngine.Vector3,bool) (at Assets/Scripts/Player/PlayerHealth.cs:183)
[  2716   23.777 x1.00] ERR  Material 'M_VFX_Impact_HP_01_Dark (Instance)' with Shader 'Vefects/SH_Vefects_BIRP_Unlit_Simple_LUT_01' doesn't have a color property '_Color'
        at UnityEngine.Material:get_color ()
        at PlayerCombat:FlashDamage () (at Assets/Scripts/Combat/PlayerCombat.cs:2756)
        at PlayerCombat:PlayHitReaction (bool,UnityEngine.Vector3,bool) (at Assets/Scripts/Combat/PlayerCombat.cs:2346)
        at PlayerHealth:TakeDamage (int,bool,UnityEngine.Vector3,bool) (at Assets/Scripts/Player/PlayerHealth.cs:183)
[  2716   23.777 x1.00] ERR  Material 'M_VFX_Spike_01 (Instance)' with Shader 'Vefects/SH_Vefects_BIRP_Unlit_Simple_01' doesn't have a color property '_Color'
        at UnityEngine.Material:get_color ()
        at PlayerCombat:FlashDamage () (at Assets/Scripts/Combat/PlayerCombat.cs:2756)
        at PlayerCombat:PlayHitReaction (bool,UnityEngine.Vector3,bool) (at Assets/Scripts/Combat/PlayerCombat.cs:2346)
        at PlayerHealth:TakeDamage (int,bool,UnityEngine.Vector3,bool) (at Assets/Scripts/Player/PlayerHealth.cs:183)
[  2716   23.777 x1.00] ERR  Material 'M_VFX_Energy_Balls_01 (Instance)' with Shader 'Vefects/SH_Vefects_BIRP_Thin_Smoke_01' doesn't have a color property '_Color'
        at UnityEngine.Material:get_color ()
        at PlayerCombat:FlashDamage () (at Assets/Scripts/Combat/PlayerCombat.cs:2756)
        at PlayerCombat:PlayHitReaction (bool,UnityEngine.Vector3,bool) (at Assets/Scripts/Combat/PlayerCombat.cs:2346)
        at PlayerHealth:TakeDamage (int,bool,UnityEngine.Vector3,bool) (at Assets/Scripts/Player/PlayerHealth.cs:183)
[  2716   23.777 x1.00] ERR  Material 'M_VFX_Central_Area_01_Void (Instance)' with Shader 'Vefects/SH_Vefects_BIRP_Central_Area_01' doesn't have a color property '_Color'
        at UnityEngine.Material:get_color ()
        at PlayerCombat:FlashDamage () (at Assets/Scripts/Combat/PlayerCombat.cs:2756)
        at PlayerCombat:PlayHitReaction (bool,UnityEngine.Vector3,bool) (at Assets/Scripts/Combat/PlayerCombat.cs:2346)
        at PlayerHealth:TakeDamage (int,bool,UnityEngine.Vector3,bool) (at Assets/Scripts/Player/PlayerHealth.cs:183)
[  2716   23.777 x1.00] ERR  Material 'M_VFX_Central_Area_02_Void (Instance)' with Shader 'Vefects/SH_Vefects_BIRP_Central_Area_01' doesn't have a color property '_Color'
        at UnityEngine.Material:get_color ()
        at PlayerCombat:FlashDamage () (at Assets/Scripts/Combat/PlayerCombat.cs:2756)
        at PlayerCombat:PlayHitReaction (bool,UnityEngine.Vector3,bool) (at Assets/Scripts/Combat/PlayerCombat.cs:2346)
        at PlayerHealth:TakeDamage (int,bool,UnityEngine.Vector3,bool) (at Assets/Scripts/Player/PlayerHealth.cs:183)
[  2716   23.777 x1.00] ERR  Material 'M_VFX_Disc_Windup_Air_01 (Instance)' with Shader 'Vefects/SH_Vefects_BIRP_Disc_Windup_01' doesn't have a color property '_Color'
        at UnityEngine.Material:get_color ()
        at PlayerCombat:FlashDamage () (at Assets/Scripts/Combat/PlayerCombat.cs:2756)
        at PlayerCombat:PlayHitReaction (bool,UnityEngine.Vector3,bool) (at Assets/Scripts/Combat/PlayerCombat.cs:2346)
        at PlayerHealth:TakeDamage (int,bool,UnityEngine.Vector3,bool) (at Assets/Scripts/Player/PlayerHealth.cs:183)
[  2716   23.777 x1.00] ERR  Material 'M_VFX_Disc_Windup_Air_02 (Instance)' with Shader 'Vefects/SH_Vefects_BIRP_Disc_Windup_01' doesn't have a color property '_Color'
        at UnityEngine.Material:get_color ()
        at PlayerCombat:FlashDamage () (at Assets/Scripts/Combat/PlayerCombat.cs:2756)
        at PlayerCombat:PlayHitReaction (bool,UnityEngine.Vector3,bool) (at Assets/Scripts/Combat/PlayerCombat.cs:2346)
        at PlayerHealth:TakeDamage (int,bool,UnityEngine.Vector3,bool) (at Assets/Scripts/Player/PlayerHealth.cs:183)
[  2716   23.777 x1.00] ERR  Material 'M_VFX_Windup_Core_Add_02_Void (Instance)' with Shader 'Vefects/SH_Vefects_BIRP_Windup_Core_Add_01' doesn't have a color property '_Color'
        at UnityEngine.Material:get_color ()
        at PlayerCombat:FlashDamage () (at Assets/Scripts/Combat/PlayerCombat.cs:2756)
        at PlayerCombat:PlayHitReaction (bool,UnityEngine.Vector3,bool) (at Assets/Scripts/Combat/PlayerCombat.cs:2346)
        at PlayerHealth:TakeDamage (int,bool,UnityEngine.Vector3,bool) (at Assets/Scripts/Player/PlayerHealth.cs:183)
[  2716   23.777 x1.00] ERR  Material 'M_VFX_Glow_01 (Instance)' with Shader 'Vefects/SH_Vefects_BIRP_Unlit_Simple_01' doesn't have a color property '_Color'
        at UnityEngine.Material:get_color ()
        at PlayerCombat:FlashDamage () (at Assets/Scripts/Combat/PlayerCombat.cs:2756)
        at PlayerCombat:PlayHitReaction (bool,UnityEngine.Vector3,bool) (at Assets/Scripts/Combat/PlayerCombat.cs:2346)
        at PlayerHealth:TakeDamage (int,bool,UnityEngine.Vector3,bool) (at Assets/Scripts/Player/PlayerHealth.cs:183)
[  2716   23.777 x1.00] ERR  Material 'M_VFX_Glow_01 (Instance)' with Shader 'Vefects/SH_Vefects_BIRP_Unlit_Simple_01' doesn't have a color property '_Color'
        at UnityEngine.Material:get_color ()
        at PlayerCombat:FlashDamage () (at Assets/Scripts/Combat/PlayerCombat.cs:2756)
        at PlayerCombat:PlayHitReaction (bool,UnityEngine.Vector3,bool) (at Assets/Scripts/Combat/PlayerCombat.cs:2346)
        at PlayerHealth:TakeDamage (int,bool,UnityEngine.Vector3,bool) (at Assets/Scripts/Player/PlayerHealth.cs:183)
[  2716   23.777 x1.00] ERR  Material 'M_VFX_Glow_01 (Instance)' with Shader 'Vefects/SH_Vefects_BIRP_Unlit_Simple_01' doesn't have a color property '_Color'
        at UnityEngine.Material:get_color ()
        at PlayerCombat:FlashDamage () (at Assets/Scripts/Combat/PlayerCombat.cs:2756)
        at PlayerCombat:PlayHitReaction (bool,UnityEngine.Vector3,bool) (at Assets/Scripts/Combat/PlayerCombat.cs:2346)
        at PlayerHealth:TakeDamage (int,bool,UnityEngine.Vector3,bool) (at Assets/Scripts/Player/PlayerHealth.cs:183)
[  2716   23.777 x1.00] ERR  Material 'M_VFX_Glow_01 (Instance)' with Shader 'Vefects/SH_Vefects_BIRP_Unlit_Simple_01' doesn't have a color property '_Color'
        at UnityEngine.Material:get_color ()
        at PlayerCombat:FlashDamage () (at Assets/Scripts/Combat/PlayerCombat.cs:2756)
        at PlayerCombat:PlayHitReaction (bool,UnityEngine.Vector3,bool) (at Assets/Scripts/Combat/PlayerCombat.cs:2346)
        at PlayerHealth:TakeDamage (int,bool,UnityEngine.Vector3,bool) (at Assets/Scripts/Player/PlayerHealth.cs:183)
[  2716   23.777 x1.00] ERR  Material 'M_VFX_Embers_01 (Instance)' with Shader 'Vefects/SH_Vefects_BIRP_Unlit_Simple_01' doesn't have a color property '_Color'
        at UnityEngine.Material:get_color ()
        at PlayerCombat:FlashDamage () (at Assets/Scripts/Combat/PlayerCombat.cs:2756)
        at PlayerCombat:PlayHitReaction (bool,UnityEngine.Vector3,bool) (at Assets/Scripts/Combat/PlayerCombat.cs:2346)
        at PlayerHealth:TakeDamage (int,bool,UnityEngine.Vector3,bool) (at Assets/Scripts/Player/PlayerHealth.cs:183)
[  2716   23.777 x1.00] ERR  Material 'M_VFX_Embers_01 (Instance)' with Shader 'Vefects/SH_Vefects_BIRP_Unlit_Simple_01' doesn't have a color property '_Color'
        at UnityEngine.Material:get_color ()
        at PlayerCombat:FlashDamage () (at Assets/Scripts/Combat/PlayerCombat.cs:2756)
        at PlayerCombat:PlayHitReaction (bool,UnityEngine.Vector3,bool) (at Assets/Scripts/Combat/PlayerCombat.cs:2346)
        at PlayerHealth:TakeDamage (int,bool,UnityEngine.Vector3,bool) (at Assets/Scripts/Player/PlayerHealth.cs:183)
[  2716   23.777 x1.00] ERR  Material 'M_VFX_Refraction_Shockwave_01 (Instance)' with Shader 'Vefects/SH_Vefects_BIRP_Refraction_Shockwave_01' doesn't have a color property '_Color'
        at UnityEngine.Material:get_color ()
        at PlayerCombat:FlashDamage () (at Assets/Scripts/Combat/PlayerCombat.cs:2756)
        at PlayerCombat:PlayHitReaction (bool,UnityEngine.Vector3,bool) (at Assets/Scripts/Combat/PlayerCombat.cs:2346)
        at PlayerHealth:TakeDamage (int,bool,UnityEngine.Vector3,bool) (at Assets/Scripts/Player/PlayerHealth.cs:183)
[  2716   23.777 x1.00] ERR  Material 'M_VFX_Refraction_Shockwave_01 (Instance)' with Shader 'Vefects/SH_Vefects_BIRP_Refraction_Shockwave_01' doesn't have a color property '_Color'
        at UnityEngine.Material:get_color ()
        at PlayerCombat:FlashDamage () (at Assets/Scripts/Combat/PlayerCombat.cs:2756)
        at PlayerCombat:PlayHitReaction (bool,UnityEngine.Vector3,bool) (at Assets/Scripts/Combat/PlayerCombat.cs:2346)
        at PlayerHealth:TakeDamage (int,bool,UnityEngine.Vector3,bool) (at Assets/Scripts/Player/PlayerHealth.cs:183)
[  2716   23.777 x1.00] ERR  Material 'M_VFX_Ring_Burst_02_Dark (Instance)' with Shader 'Vefects/SH_Vefects_BIRP_Unlit_Simple_LUT_01' doesn't have a color property '_Color'
        at UnityEngine.Material:get_color ()
        at PlayerCombat:FlashDamage () (at Assets/Scripts/Combat/PlayerCombat.cs:2756)
        at PlayerCombat:PlayHitReaction (bool,UnityEngine.Vector3,bool) (at Assets/Scripts/Combat/PlayerCombat.cs:2346)
        at PlayerHealth:TakeDamage (int,bool,UnityEngine.Vector3,bool) (at Assets/Scripts/Player/PlayerHealth.cs:183)
[  2716   23.777 x1.00] ERR  Material 'M_VFX_Ring_Burst_02_Dark_Add (Instance)' with Shader 'Vefects/SH_Vefects_BIRP_Unlit_Simple_LUT_01' doesn't have a color property '_Color'
        at UnityEngine.Material:get_color ()
        at PlayerCombat:FlashDamage () (at Assets/Scripts/Combat/PlayerCombat.cs:2756)
        at PlayerCombat:PlayHitReaction (bool,UnityEngine.Vector3,bool) (at Assets/Scripts/Combat/PlayerCombat.cs:2346)
        at PlayerHealth:TakeDamage (int,bool,UnityEngine.Vector3,bool) (at Assets/Scripts/Player/PlayerHealth.cs:183)
[  2716   23.777 x1.00] ERR  Material 'M_VFX_Impact_Hemisphere_02_Void (Instance)' with Shader 'Vefects/SH_Vefects_BIRP_Impact_Hemisphere_01' doesn't have a color property '_Color'
        at UnityEngine.Material:get_color ()
        at PlayerCombat:FlashDamage () (at Assets/Scripts/Combat/PlayerCombat.cs:2756)
        at PlayerCombat:PlayHitReaction (bool,UnityEngine.Vector3,bool) (at Assets/Scripts/Combat/PlayerCombat.cs:2346)
        at PlayerHealth:TakeDamage (int,bool,UnityEngine.Vector3,bool) (at Assets/Scripts/Player/PlayerHealth.cs:183)
[  2716   23.777 x1.00] ERR  Material 'M_VFX_Impact_Hemisphere_02_Void_Inverted (Instance)' with Shader 'Vefects/SH_Vefects_BIRP_Impact_Hemisphere_01' doesn't have a color property '_Color'
        at UnityEngine.Material:get_color ()
        at PlayerCombat:FlashDamage () (at Assets/Scripts/Combat/PlayerCombat.cs:2756)
        at PlayerCombat:PlayHitReaction (bool,UnityEngine.Vector3,bool) (at Assets/Scripts/Combat/PlayerCombat.cs:2346)
        at PlayerHealth:TakeDamage (int,bool,UnityEngine.Vector3,bool) (at Assets/Scripts/Player/PlayerHealth.cs:183)
[  2716   23.777 x1.00] ERR  Material 'M_VFX_Impact_HP_01_Dark (Instance)' with Shader 'Vefects/SH_Vefects_BIRP_Unlit_Simple_LUT_01' doesn't have a color property '_Color'
        at UnityEngine.Material:get_color ()
        at PlayerCombat:FlashDamage () (at Assets/Scripts/Combat/PlayerCombat.cs:2756)
        at PlayerCombat:PlayHitReaction (bool,UnityEngine.Vector3,bool) (at Assets/Scripts/Combat/PlayerCombat.cs:2346)
        at PlayerHealth:TakeDamage (int,bool,UnityEngine.Vector3,bool) (at Assets/Scripts/Player/PlayerHealth.cs:183)
[  2716   23.777 x1.00] ERR  Material 'M_VFX_Impact_HP_01_Dark (Instance)' with Shader 'Vefects/SH_Vefects_BIRP_Unlit_Simple_LUT_01' doesn't have a color property '_Color'
        at UnityEngine.Material:get_color ()
        at PlayerCombat:FlashDamage () (at Assets/Scripts/Combat/PlayerCombat.cs:2756)
        at PlayerCombat:PlayHitReaction (bool,UnityEngine.Vector3,bool) (at Assets/Scripts/Combat/PlayerCombat.cs:2346)
        at PlayerHealth:TakeDamage (int,bool,UnityEngine.Vector3,bool) (at Assets/Scripts/Player/PlayerHealth.cs:183)
[  2716   23.777 x1.00] ERR  Material 'M_VFX_Spike_01 (Instance)' with Shader 'Vefects/SH_Vefects_BIRP_Unlit_Simple_01' doesn't have a color property '_Color'
        at UnityEngine.Material:get_color ()
        at PlayerCombat:FlashDamage () (at Assets/Scripts/Combat/PlayerCombat.cs:2756)
        at PlayerCombat:PlayHitReaction (bool,UnityEngine.Vector3,bool) (at Assets/Scripts/Combat/PlayerCombat.cs:2346)
        at PlayerHealth:TakeDamage (int,bool,UnityEngine.Vector3,bool) (at Assets/Scripts/Player/PlayerHealth.cs:183)
[  2716   23.777 x1.00] ERR  Material 'M_VFX_Energy_Balls_01 (Instance)' with Shader 'Vefects/SH_Vefects_BIRP_Thin_Smoke_01' doesn't have a color property '_Color'
        at UnityEngine.Material:get_color ()
        at PlayerCombat:FlashDamage () (at Assets/Scripts/Combat/PlayerCombat.cs:2756)
        at PlayerCombat:PlayHitReaction (bool,UnityEngine.Vector3,bool) (at Assets/Scripts/Combat/PlayerCombat.cs:2346)
        at PlayerHealth:TakeDamage (int,bool,UnityEngine.Vector3,bool) (at Assets/Scripts/Player/PlayerHealth.cs:183)
[  2716   23.777 x1.00] ERR  Material 'M_VFX_Central_Area_01_Void (Instance)' with Shader 'Vefects/SH_Vefects_BIRP_Central_Area_01' doesn't have a color property '_Color'
        at UnityEngine.Material:get_color ()
        at PlayerCombat:FlashDamage () (at Assets/Scripts/Combat/PlayerCombat.cs:2756)
        at PlayerCombat:PlayHitReaction (bool,UnityEngine.Vector3,bool) (at Assets/Scripts/Combat/PlayerCombat.cs:2346)
        at PlayerHealth:TakeDamage (int,bool,UnityEngine.Vector3,bool) (at Assets/Scripts/Player/PlayerHealth.cs:183)
[  2716   23.777 x1.00] ERR  Material 'M_VFX_Central_Area_02_Void (Instance)' with Shader 'Vefects/SH_Vefects_BIRP_Central_Area_01' doesn't have a color property '_Color'
        at UnityEngine.Material:get_color ()
        at PlayerCombat:FlashDamage () (at Assets/Scripts/Combat/PlayerCombat.cs:2756)
        at PlayerCombat:PlayHitReaction (bool,UnityEngine.Vector3,bool) (at Assets/Scripts/Combat/PlayerCombat.cs:2346)
        at PlayerHealth:TakeDamage (int,bool,UnityEngine.Vector3,bool) (at Assets/Scripts/Player/PlayerHealth.cs:183)
[  2716   23.777 x1.00] LOG  [Combat] Combo memory: light hit, keeping step 3
[  2716   23.777 x1.00] LOG  [Combat] Hit react: HitReact_Light_2Leg (0.5s, clip starts at 0.35s)
[  2716   23.777 x1.00] LOG  [CameraGameFeel] Shake: intensity=0.30 duration=0.200s
[  2716   23.777 x1.00] LOG  [CameraGameFeel] FOV punch: player damage (-2.0°)
[  2716   23.777 x1.00] LOG  [OniBoss] Hit player for 16 (Club_Swing)
[  2716   23.777 x1.00] LOG  [OniBoss:Touch] Club_Swing: club TOUCHED Yoru at clip 0.39, shaft 0.25m from her body line, head 0.65 along the club, tip 2.30m up, tip speed 162m/s. Full club hit delivered this frame.
[  2717   23.795 x1.00] LOG  [HitReactTrace] asked for 'HitReact_Light_2Leg' (0.50s, clip start 0.35s): NOT playing it, another state took the combat layer, blend resolved after 19 ms, state 1.00s long at speed 1.00, now at 0.18s, layer weight 1.00, animator.speed 1.00.
[  2717   23.795 x1.00] LOG  [AirPosePin] engaged, holding body at 0.692m above the transform
[  2719   23.811 x1.00] LOG  [OniBoss:ClubPos] Club_Swing at strike: club tip 3.02m up, 2.53m in front, -2.94m to his right (3.88m out from his centre). Club faces -82deg from his forward, pitch 0.40. (the ground wave is born 1.6m in front of him at 0.35m.)
[  2719   23.811 x1.00] LOG  [OniBoss:Layer] Club_Swing: club already hit — ground wave released as VISUAL only (0 damage).
[  2783   24.279 x1.00] LOG  [AirPosePin] released, peak correction was 0.066m
[  2784   24.286 x1.00] LOG  [OniBoss] Attack → Recovery
[  2784   24.286 x1.00] LOG  [OniBoss] Playing animation: Watch
[  2784   24.286 x1.00] LOG  [OniBoss:Trail] trail END at clip 0.99, fading over 0.40s.
[  2784   24.286 x1.00] LOG  [OniBoss:Strike] Club_Swing: club tip closest to Yoru at 2.19m, clip position 0.39 | damage fires at 0.42 | clip 0.84s => MATCHED (within one or two frames)
[  2798   24.437 x1.00] LOG  [OniBoss] Recovery → Attack
[  2798   24.437 x1.00] LOG  [OniBoss] Attack: ClubSwing2 (16 dmg)
[  2798   24.437 x1.00] LOG  [OniBoss:Trail] ClubSwing2 trail START at clip 1.00 (transition still blending).
[  2804   24.478 x1.00] LOG  💨 Landing VFX spawned!
[  2804   24.478 x1.00] LOG  ✅ LANDED! (was jump #1)
[  2844   24.773 x1.00] LOG  [CameraGameFeel] Shake: intensity=0.20 duration=0.250s
[  2844   24.773 x1.00] LOG  [Momentum] light hit inside the 1.0s grace, no cost (count 0)
[  2844   24.773 x1.00] LOG  [Combat] Combo memory: light hit, keeping step 3
[  2844   24.773 x1.00] LOG  [Combat] Hit react: HitReact_Light_2Leg (0.5s, clip starts at 0.35s)
[  2844   24.773 x1.00] LOG  [CameraGameFeel] Shake: intensity=0.30 duration=0.200s
[  2844   24.773 x1.00] LOG  [CameraGameFeel] FOV punch: player damage (-2.0°)
[  2844   24.773 x1.00] LOG  [OniBoss] Hit player for 20 (ClubSwing2) [combo x1.25]
[  2844   24.773 x1.00] LOG  [OniBoss:Touch] ClubSwing2: club TOUCHED Yoru at clip 0.29, shaft 0.29m from her body line, head 0.70 along the club, tip 0.98m up, tip speed 95m/s, ONE FRAME EARLY (predicted). Full club hit delivered this frame.
[  2845   24.781 x1.00] LOG  [HitReactTrace] asked for 'HitReact_Light_2Leg' (0.50s, clip start 0.35s): NOT playing it, another state took the combat layer, blend resolved after 8 ms, state 1.00s long at speed 1.00, now at 0.49s, layer weight 1.00, animator.speed 1.00.
[  2851   24.823 x1.00] LOG  [OniBoss:ClubPos] ClubSwing2 at strike: club tip 0.07m up, 1.88m in front, 2.34m to his right (3.00m out from his centre). Club faces 1deg from his forward, pitch -0.87. (the ground wave is born 1.6m in front of him at 0.35m.)
[  2851   24.823 x1.00] LOG  [OniBoss:Layer] ClubSwing2: club already hit — ground wave released as VISUAL only (0 damage).
[  2916   25.313 x1.00] LOG  🚶 2-LEG JUMP
[  2916   25.313 x1.00] LOG  🐾 Jump 1 VFX spawned!
[  2957   25.602 x1.00] LOG  [OniBoss] Attack → Recovery
[  2957   25.602 x1.00] LOG  [OniBoss] Playing animation: Watch
[  2957   25.602 x1.00] LOG  [OniBoss:Trail] trail END at clip 0.99, fading over 0.40s.
[  2957   25.602 x1.00] LOG  [OniBoss:Strike] ClubSwing2: club tip closest to Yoru at 0.90m, clip position 0.30 | damage fires at 0.32 | clip 1.17s => MATCHED (within one or two frames)
[  2969   25.688 x1.00] LOG  [ComboTrace] LAUNCH OniBoss at 1.0m dist=1.03m in 0.13s [AIRBORNE]
[  2969   25.688 x1.00] LOG  [Combat] Aerial spin, 25 dmg
[  2969   25.688 x1.00] LOG  [YoruVFX] Air spin: 'VFX_Void_Burst_AirSpinYoru' at CenterVFX, 46 systems, longest 1.00s fitted to 0.79s at speed 1.27, 8 forced Local, 38 delays zeroed, tail 2.37s
[  2969   25.688 x1.00] LOG  OniBoss took 10 damage. HP: 2490/2500
[  2969   25.688 x1.00] LOG  [Stance] OniBoss 10/100 (+10 light)
[  2969   25.688 x1.00] LOG  [OniBoss] Recovery → HitReact
[  2969   25.688 x1.00] LOG  [OniBoss:Layer] react tier: LIGHT (10 dmg) → 'Hit_react_light'
[  2969   25.688 x1.00] LOG  [Momentum] 0 -> 1 (hit), speed x1.05, damage x1.05, impact x1.05
[  2969   25.688 x1.00] LOG  [CameraGameFeel] Shake: intensity=0.06 duration=0.080s
[  2969   25.688 x1.00] LOG  [CameraGameFeel] Shake: intensity=0.53 duration=0.200s
[  2969   25.688 x1.00] LOG  [CameraGameFeel] FOV punch: hit light (+1.5°)
[  2969   25.688 x1.00] LOG  [AirPosePin] engaged, holding body at 1.943m above the transform
[  2985   25.824 x1.00] LOG  [ComboTrace] LAUNCH RESULT wanted=1.03m actually moved=0.45m, completed
[  2987   25.842 x1.00] LOG  OniBoss took 10 damage. HP: 2480/2500
[  2987   25.842 x1.00] LOG  [Stance] OniBoss 20/100 (+10 light)
[  2987   25.842 x1.00] LOG  [OniBoss:Layer] burst: 2 hits / 20 dmg → flinch upgraded to 'HitReact_medium'
[  2987   25.842 x1.00] LOG  [CameraGameFeel] Shake: intensity=0.18 duration=0.200s
[  3007   25.999 x1.00] LOG  OniBoss took 10 damage. HP: 2470/2500
[  3007   25.999 x1.00] LOG  [Stance] OniBoss 30/100 (+10 light)
[  3007   25.999 x1.00] LOG  [Momentum] 1 -> 2 (hit), speed x1.10, damage x1.10, impact x1.10
[  3007   25.999 x1.00] LOG  [CameraGameFeel] Shake: intensity=0.06 duration=0.080s
[  3007   25.999 x1.00] LOG  [CameraGameFeel] Shake: intensity=0.19 duration=0.200s
[  3027   26.153 x1.00] LOG  OniBoss took 11 damage. HP: 2459/2500
[  3027   26.153 x1.00] LOG  [Stance] OniBoss 40/100 (+10 light)
[  3027   26.153 x1.00] LOG  [CameraGameFeel] Shake: intensity=0.19 duration=0.200s
[  3037   26.236 x1.00] LOG  💨 Landing VFX spawned!
[  3037   26.236 x1.00] LOG  ✅ LANDED! (was jump #1)
[  3037   26.236 x1.00] LOG  [AirPosePin] released, peak correction was 0.038m
[  3047   26.307 x1.00] LOG  OniBoss took 11 damage. HP: 2448/2500
[  3047   26.307 x1.00] LOG  [Stance] OniBoss 50/100 (+10 light)
[  3047   26.307 x1.00] LOG  [Momentum] 2 -> 3 (hit), speed x1.15, damage x1.15, impact x1.15
[  3047   26.307 x1.00] LOG  [CameraGameFeel] Shake: intensity=0.06 duration=0.080s
[  3047   26.307 x1.00] LOG  [CameraGameFeel] Shake: intensity=0.20 duration=0.200s
[  3063   26.424 x1.00] LOG  [YoruVFX] Spin VFX stopped, fading for 2.37s
[  3067   26.450 x1.00] LOG  [ComboTrace] END step=3 clipProgress=0.90 clipLen=0.79s queued=0 elapsed=0.76s
[  3071   26.483 x1.00] LOG  🚶 2-LEG JUMP
[  3071   26.483 x1.00] LOG  🐾 Jump 1 VFX spawned!
[  3072   26.492 x1.00] LOG  [OniBoss] HitReact → Chase
[  3073   26.498 x1.00] LOG  [OniBoss] Playing animation: Watch
[  3073   26.498 x1.00] LOG  [OniBoss] Combo started: ClubSwing1 → ClubSwing2 → ClubSlam (3 steps remaining)
[  3073   26.498 x1.00] LOG  [OniBoss] Chase → Attack
[  3073   26.498 x1.00] LOG  [OniBoss] Attack: Club_Swing (16 dmg)
[  3073   26.498 x1.00] LOG  [OniBoss:Trail] Club_Swing trail START at clip 0.60 (transition done).
[  3117   26.825 x1.00] LOG  [CameraGameFeel] Shake: intensity=0.20 duration=0.250s
[  3117   26.825 x1.00] LOG  [Momentum] 3 -> 1 (light hit taken, 50% = -2), speed x1.05, damage x1.05, impact x1.05
[  3117   26.825 x1.00] LOG  [Combat] Combo memory: light hit, keeping step 3
[  3117   26.825 x1.00] LOG  [Combat] Hit react: HitReact_Light_2Leg (0.5s, clip starts at 0.35s)
[  3117   26.825 x1.00] LOG  [CameraGameFeel] Shake: intensity=0.30 duration=0.200s
[  3117   26.825 x1.00] LOG  [CameraGameFeel] FOV punch: player damage (-2.0°)
[  3117   26.825 x1.00] LOG  [OniBoss] Hit player for 16 (Club_Swing)
[  3117   26.825 x1.00] LOG  [OniBoss:Touch] Club_Swing: club TOUCHED Yoru at clip 0.39, shaft 0.39m from her body line, head 0.48 along the club, tip 1.87m up, tip speed 165m/s. Full club hit delivered this frame.
[  3118   26.833 x1.00] LOG  [HitReactTrace] asked for 'HitReact_Light_2Leg' (0.50s, clip start 0.35s): NOT playing it, another state took the combat layer, blend resolved after 8 ms, state 1.00s long at speed 1.00, now at 0.37s, layer weight 1.00, animator.speed 1.00.
[  3118   26.833 x1.00] LOG  [AirPosePin] engaged, holding body at 1.341m above the transform
[  3122   26.858 x1.00] LOG  [OniBoss:ClubPos] Club_Swing at strike: club tip 3.02m up, 2.59m in front, -2.91m to his right (3.90m out from his centre). Club faces -80deg from his forward, pitch 0.40. (the ground wave is born 1.6m in front of him at 0.35m.)
[  3122   26.858 x1.00] LOG  [OniBoss:Layer] Club_Swing: club already hit — ground wave released as VISUAL only (0 damage).
[  3185   27.330 x1.00] LOG  [AirPosePin] released, peak correction was 0.286m
[  3186   27.336 x1.00] LOG  [OniBoss] Attack → Recovery
[  3186   27.336 x1.00] LOG  [OniBoss] Playing animation: Watch
[  3186   27.336 x1.00] LOG  [OniBoss:Trail] trail END at clip 0.99, fading over 0.40s.
[  3186   27.336 x1.00] LOG  [OniBoss:Strike] Club_Swing: club tip closest to Yoru at 1.35m, clip position 0.90 | damage fires at 0.42 | clip 0.84s => damage fires 405 ms BEFORE the club is closest
[  3197   27.415 x1.00] LOG  💨 Landing VFX spawned!
[  3197   27.415 x1.00] LOG  ✅ LANDED! (was jump #1)
[  3205   27.474 x1.00] LOG  🚶 2-LEG JUMP
[  3205   27.474 x1.00] LOG  🐾 Jump 1 VFX spawned!
[  3207   27.487 x1.00] LOG  [OniBoss] Recovery → Attack
[  3207   27.487 x1.00] LOG  [OniBoss] Attack: ClubSwing2 (16 dmg)
[  3207   27.487 x1.00] LOG  [OniBoss:Trail] ClubSwing2 trail START at clip 1.00 (transition still blending).
[  3259   27.847 x1.00] LOG  [ComboTrace] LAUNCH OniBoss at 0.6m dist=0.58m in 0.13s [AIRBORNE]
[  3259   27.847 x1.00] LOG  [Combat] Aerial spin, 25 dmg
[  3259   27.847 x1.00] LOG  [YoruVFX] Air spin: 'VFX_Void_Burst_AirSpinYoru' at CenterVFX, 46 systems, longest 1.00s fitted to 0.79s at speed 1.27, 8 forced Local, 38 delays zeroed, tail 2.37s
[  3259   27.847 x1.00] LOG  OniBoss took 10 damage. HP: 2438/2500
[  3259   27.847 x1.00] LOG  [Stance] OniBoss 59/100 (+10 light)
[  3259   27.847 x1.00] LOG  [OniBoss] 🤕 Hit during Attack — flash only
[  3259   27.847 x1.00] LOG  [Momentum] 1 -> 2 (hit), speed x1.10, damage x1.10, impact x1.10
[  3259   27.847 x1.00] LOG  [CameraGameFeel] Shake: intensity=0.06 duration=0.080s
[  3259   27.847 x1.00] LOG  [CameraGameFeel] Shake: intensity=0.55 duration=0.200s
[  3259   27.847 x1.00] LOG  [CameraGameFeel] FOV punch: hit light (+1.5°)
[  3259   27.847 x1.00] LOG  [AirPosePin] engaged, holding body at 1.932m above the transform
[  3269   27.923 x1.00] LOG  [OniBoss:ClubPos] ClubSwing2 at strike: club tip 0.04m up, 1.98m in front, 2.22m to his right (2.97m out from his centre). Club faces -3deg from his forward, pitch -0.86. (the ground wave is born 1.6m in front of him at 0.35m.)
[  3269   27.923 x1.00] LOG  [OniBoss:Layer] ClubSwing2: club has not connected — ground wave released ARMED, 1.6m in front, 12m/s x 6.0m = 0.50s, carrying 10 (half of the club's 20).
[  3276   27.982 x1.00] LOG  [ComboTrace] LAUNCH RESULT wanted=0.58m actually moved=0.00m, completed
[  3278   27.999 x1.00] LOG  OniBoss took 11 damage. HP: 2427/2500
[  3278   27.999 x1.00] LOG  [Stance] OniBoss 69/100 (+10 light)
[  3278   27.999 x1.00] LOG  [OniBoss] 🤕 Hit during Attack — flash only
[  3278   27.999 x1.00] LOG  [CameraGameFeel] Shake: intensity=0.19 duration=0.200s
[  3297   28.149 x1.00] LOG  OniBoss took 11 damage. HP: 2416/2500
[  3297   28.149 x1.00] LOG  [Stance] OniBoss 79/100 (+10 light)
[  3297   28.149 x1.00] LOG  [OniBoss] 🤕 Hit during Attack — flash only
[  3297   28.149 x1.00] LOG  [Momentum] 2 -> 3 (hit), speed x1.15, damage x1.15, impact x1.15
[  3297   28.149 x1.00] LOG  [CameraGameFeel] Shake: intensity=0.06 duration=0.080s
[  3297   28.149 x1.00] LOG  [CameraGameFeel] Shake: intensity=0.20 duration=0.200s
[  3318   28.304 x1.00] LOG  OniBoss took 12 damage. HP: 2404/2500
[  3318   28.304 x1.00] LOG  [Stance] OniBoss 89/100 (+10 light)
[  3318   28.304 x1.00] LOG  [OniBoss] 🤕 Hit during Attack — flash only
[  3318   28.304 x1.00] LOG  [CameraGameFeel] Shake: intensity=0.20 duration=0.200s
[  3331   28.401 x1.00] LOG  💨 Landing VFX spawned!
[  3331   28.401 x1.00] LOG  ✅ LANDED! (was jump #1)
[  3331   28.401 x1.00] LOG  [AirPosePin] released, peak correction was 0.000m
[  3334   28.423 x1.00] LOG  [OniBoss:Wave] armed wave expired UNTOUCHED — closest 0.00m to Yoru (hit width 1.60), she was AIRBORNE at the closest moment.
[  3339   28.462 x1.00] LOG  OniBoss took 12 damage. HP: 2392/2500
[  3339   28.462 x1.00] LOG  [Stance] OniBoss 99/100 (+10 light)
[  3339   28.462 x1.00] LOG  [OniBoss] 🤕 Hit during Attack — flash only
[  3339   28.462 x1.00] LOG  [Momentum] 3 -> 4 (hit), speed x1.20, damage x1.20, impact x1.20
[  3339   28.462 x1.00] LOG  [CameraGameFeel] Shake: intensity=0.06 duration=0.080s
[  3339   28.462 x1.00] LOG  [CameraGameFeel] Shake: intensity=0.21 duration=0.200s
[  3354   28.583 x1.00] LOG  [YoruVFX] Spin VFX stopped, fading for 2.37s
[  3357   28.606 x1.00] LOG  [ComboTrace] END step=3 clipProgress=0.90 clipLen=0.79s queued=0 elapsed=0.76s
[  3370   28.706 x1.00] LOG  [OniBoss] Attack → Recovery
[  3370   28.706 x1.00] LOG  [OniBoss] Playing animation: Watch
[  3370   28.706 x1.00] LOG  [OniBoss:Trail] trail END at clip 0.99, fading over 0.40s.
[  3370   28.706 x1.00] LOG  [OniBoss:Touch] ClubSwing2: no touch this swing, closest 1.44m at clip 0.78 (head 0.44 along the club), fastest tip 110m/s (radius 0.70, min speed 50, max tip height 2.5m).
[  3370   28.706 x1.00] LOG  [OniBoss:Strike] ClubSwing2: club tip closest to Yoru at 2.06m, clip position 0.99 | damage fires at 0.32 | clip 1.17s => damage fires 787 ms BEFORE the club is closest
[  3391   28.863 x1.00] LOG  [OniBoss] Recovery → Attack
[  3391   28.863 x1.00] LOG  [OniBoss] Attack: ClubSlam (20 dmg)
[  3391   28.863 x1.00] LOG  [OniBoss:Trail] ClubSlam trail START at clip 1.00 (transition still blending).
[  3399   28.928 x1.00] LOG  🚶 2-LEG JUMP
[  3399   28.928 x1.00] LOG  🐾 Jump 1 VFX spawned!
[  3445   29.257 x1.00] LOG  [ComboTrace] LAUNCH OniBoss at 0.6m dist=0.58m in 0.13s [AIRBORNE]
[  3445   29.257 x1.00] LOG  [Combat] Aerial spin, 25 dmg
[  3445   29.257 x1.00] LOG  [YoruVFX] Air spin: 'VFX_Void_Burst_AirSpinYoru' at CenterVFX, 46 systems, longest 1.00s fitted to 0.79s at speed 1.27, 8 forced Local, 38 delays zeroed, tail 2.37s
[  3445   29.257 x1.00] LOG  OniBoss took 12 damage. HP: 2380/2500
[  3445   29.257 x1.00] LOG  [Stance] OniBoss BREAK #1 at 100, next break needs 150, immune 3.5s
[  3445   29.257 x1.00] LOG  [OniBoss] Attack → Stagger
[  3445   29.257 x1.00] LOG  [OniBoss] Playing animation: Stagger
[  3445   29.257 x1.00] LOG  [OniBoss] STAGGERED for 2.5s
[  3445   29.257 x1.00] LOG  [OniBoss:Layer] heavy knock-back react (12 dmg) → 'HitReact_Heavy', down for 1.80s
[  3445   29.257 x1.00] LOG  [Momentum] 4 -> 5 (hit), speed x1.25, damage x1.25, impact x1.25
[  3445   29.257 x1.00] LOG  [CameraGameFeel] Shake: intensity=0.14 duration=0.080s
[  3445   29.257 x1.00] LOG  [CameraGameFeel] Shake: intensity=0.63 duration=0.200s
[  3445   29.257 x1.00] LOG  [CameraGameFeel] FOV punch: hit light (+1.5°)
[  3445   29.257 x1.00] LOG  [OniBoss:Touch] ClubSlam: no touch this swing, closest 0.25m at clip 0.42 (head 0.54 along the club), fastest tip 145m/s (radius 0.70, min speed 50, max tip height 2.5m).
[  3445   29.257 x1.00] LOG  [OniBoss:Strike] ClubSlam: club tip closest to Yoru at 3.98m, clip position 0.42 | damage fires at 0.85 | clip 0.93s => damage fires 399 ms AFTER the club is closest — it lands once the club has passed her
[  3445   29.257 x1.00] LOG  [AirPosePin] engaged, holding body at 1.709m above the transform
[  3446   29.270 x1.00] LOG  [OniBoss:Trail] trail END at clip 0.42, fading over 0.40s.
[  3461   29.389 x1.00] LOG  [ComboTrace] LAUNCH RESULT wanted=0.58m actually moved=0.47m, completed
[  3464   29.413 x1.00] LOG  OniBoss punish window! 12 → 18 (x1.5)
[  3464   29.413 x1.00] LOG  OniBoss took 18 damage. HP: 2362/2500
[  3464   29.413 x1.00] LOG  [Stance] OniBoss immune for 3.3s more, hit adds nothing
[  3464   29.413 x1.00] LOG  [CameraGameFeel] Shake: intensity=0.22 duration=0.200s
[  3483   29.566 x1.00] LOG  OniBoss punish window! 12 → 18 (x1.5)
[  3483   29.566 x1.00] LOG  OniBoss took 18 damage. HP: 2344/2500
[  3483   29.566 x1.00] LOG  [Stance] OniBoss immune for 3.2s more, hit adds nothing
[  3483   29.566 x1.00] LOG  [Momentum] 5 -> 6 (hit), speed x1.30, damage x1.30, impact x1.30
[  3483   29.566 x1.00] LOG  [CameraGameFeel] Shake: intensity=0.06 duration=0.080s
[  3483   29.566 x1.00] LOG  [CameraGameFeel] Shake: intensity=0.23 duration=0.200s
[  3521   29.863 x1.00] LOG  💨 Landing VFX spawned!
[  3521   29.863 x1.00] LOG  ✅ LANDED! (was jump #1)
[  3521   29.863 x1.00] LOG  [AirPosePin] released, peak correction was 0.034m
[  3538   29.989 x1.00] LOG  [YoruVFX] Spin VFX stopped, fading for 2.37s
[  3542   30.020 x1.00] LOG  [ComboTrace] END step=3 clipProgress=0.90 clipLen=0.79s queued=0 elapsed=0.76s
[  3679   31.063 x1.00] LOG  [OniBoss] Stagger → Chase
[  3680   31.073 x1.00] LOG  [OniBoss] Playing animation: Idle
[  3680   31.073 x1.00] LOG  [OniBoss] Chase → Attack
[  3680   31.073 x1.00] LOG  [OniBoss] Attack: Club_Swing (16 dmg)
[  3680   31.073 x1.00] LOG  [OniBoss:Trail] Club_Swing trail START at clip 1.00 (transition done).
[  3684   31.098 x1.00] LOG  [OniBoss:Layer] step-in: 'Club_Swing' closed 0.10m, Yoru now 3.0m away (range 3.5)
[  3731   31.432 x1.00] LOG  [OniBoss:ClubPos] Club_Swing at strike: club tip 3.02m up, 2.68m in front, -2.86m to his right (3.92m out from his centre). Club faces -79deg from his forward, pitch 0.40. (the ground wave is born 1.6m in front of him at 0.35m.)
[  3731   31.432 x1.00] LOG  [OniBoss:Layer] Club_Swing: club has not connected — ground wave released ARMED, 1.6m in front, 12m/s x 6.0m = 0.50s, carrying 8 (half of the club's 16).
[  3732   31.439 x1.00] LOG  [Momentum] 6 -> 3 (light hit taken, 50% = -3), speed x1.15, damage x1.15, impact x1.15
[  3732   31.439 x1.00] LOG  [Combat] Combo memory: light hit, keeping step 3
[  3732   31.439 x1.00] LOG  [Combat] Hit react: HitReact_Light_2Leg (0.5s, clip starts at 0.35s)
[  3732   31.439 x1.00] LOG  [CameraGameFeel] Shake: intensity=0.30 duration=0.200s
[  3732   31.439 x1.00] LOG  [CameraGameFeel] FOV punch: player damage (-2.0°)
[  3732   31.439 x1.00] LOG  [OniBoss:Wave] wave TOUCHED Yoru (grounded) for 8 after 0.1m / 0.01s of travel.
[  3735   31.463 x1.00] LOG  [HitReactTrace] asked for 'HitReact_Light_2Leg' (0.50s, clip start 0.35s): playing it, blend resolved after 24 ms, state 1.21s long at speed 1.00, now at 0.37s, layer weight 1.00, animator.speed 1.00.
[  3737   31.483 x1.00] LOG  [StormWeather] terrain layers restored to dry values.
# end — 344 lines
