# Oni combat log — 2026-09-18 20:07:16
# Unity 6000.2.7f2 | scene 'CaveScene_Oni_Boss1' | platform OSXEditor
# columns: [frame realSeconds timeScale] KIND message      (KIND: LOG WARN ERR EXC TEL)
#
[     0    0.000 x1.00] LOG  [OniLog] console + telemetry → /Users/asenahazal/Documents/Yoru/OniLogs/oni_2026-09-18_20-07-16.log
[     0    0.000 x1.00] LOG  [OniHairShadows] shadow casting off on 27 hair renderers
[     0    0.000 x1.00] LOG  [RingMesh] Auto-found 11/11 left, 11/11 right meshes
[     1    0.000 x1.00] LOG  [BossBar] BossHealthBarUI initialized
[     1    0.000 x1.00] LOG  [StormWeather] layer 'TerrainLayer_Dirt_01' dry smoothness=0.00 (restore to this if a crash ever leaves it wet)
[     1    0.000 x1.00] LOG  [StormWeather] post volumes ready on layer 9 (storm priority 10, flash priority 11).
[     1    0.000 x1.00] LOG  [StormWeather] ROUND 80: fur weather ready on 'Weather Zone'. Rain 0, wind 0.50 in the open, sky check 30 m from 'PlayerYoru_1.1'.
[     1    0.000 x1.00] LOG  [StormWeather] COZY bridge: Rain_Cave retired, COZY owns the rain now.
[     1    0.000 x1.00] LOG  [StormWeather] COZY → 'Clear' (pre-fight - open sky, 0 s)
[     1    0.000 x1.00] LOG  [StormWeather] Ready. Open sky, dry floor. Waiting for the fight.
[     1    0.000 x1.00] LOG  OniBoss initialized with 2500 HP
[     1    0.000 x1.00] LOG  [OniBoss] ANIMATOR SETUP: cullingMode=CullUpdateTransforms updateMode=Normal applyRootMotion=False speed=1
[     1    0.000 x1.00] LOG  [OniBoss] Initialized
[     1    0.000 x1.00] LOG  [OniBoss:Layer] facing: minFlat 1m, snapOnAttack off, trackInHitReact off, aimTurn 540 deg/s for the first 0.20 of the swing
[     1    0.000 x1.00] LOG  [OniBoss:Layer] Yoru launch model ON: launches ALL THE WAY to an enemy within 4.7m of its surface at 10m/s (stop gap 0.00m, NO minimum distance), else steps 0.90m forward. Targeting cone left exactly as her prefab has it.
[     1    0.000 x1.00] LOG  [OniBoss:Layer] Yoru launch ROUND 9: airborne attacks launch too (ON), edge probe now runs on its OWN layer mask (Everything) instead of the line-of-sight mask - the Ground-only mask found no floor in this cave and was cancelling 100% of launches at 0.00m travelled.
[     1    0.000 x1.00] LOG  [OniBoss:Layer] animator speed x1.35 — his 1.13s swing now plays in 0.84s.
[     1    0.000 x1.00] LOG  [OniBoss:Layer] chase speed pushed: phase1 4.5, phase2 5.5 (Yoru runs at 7).
[     1    0.000 x1.00] LOG  [OniBoss:Layer] ground wave ON (round 38): half the club's damage on TOUCH, 12m/s x 6.0m from 1.6m in front at 0.35m height — a club hit cancels that swing's wave, jumping clears it. Per-attack effects come from the Swing Wave VFX By Attack rows. PlayerHealth found, PlayerMovement found.
[     1    0.000 x1.00] LOG  [StormWeather] storm break HELD (waiting for the lightning beat)
[     1    0.000 x1.00] LOG  [OniBoss:Layer] storm break HELD — it releases at the lightning-on-the-club beat.
[     1    0.000 x1.00] LOG  [OniBoss:Layer] club tracking ON — tip 'Kanabo3' (depth 4), shaft root 'kanabo'.
[     1    0.000 x1.00] LOG  [OniBoss:Layer] skinned meshes: 46 renderer(s), updateWhenOffscreen ON, body renderer 'Body' rootBone 'Hips'
[     1    0.000 x1.00] LOG  [OniBoss:Layer] charge travel bone: 'Hips' at depth 1 under 'OniBoss', rest local (0.00, 3.24, -0.24)
[     1    0.000 x1.00] LOG  [OniBoss:Layer] anti-kite ON: thrown swing after 4s of failed chase (within 7.6m), charge after 6s.
[     1    0.000 x1.00] LOG  [OniBoss:Layer] charge drive ON (windup to 0.40 at x1.3, rush 14m/s stops at 2.6m, steers 0.35s then commits, strike section from 0.58, strike moment 0.76, trail VFX off)
[     1    0.000 x1.00] LOG  [OniBoss:Layer] attack armor ON (his swings are not interrupted by light/medium hits; heavy hits and rapid-hit bursts still stop him)
[     1    0.000 x1.00] LOG  [OniBoss:Layer] strike moments overridden: Club_Swing=0.42 ClubSwing2=0.32 ClubSlam=0.85 KanaboSweep=0.48
[     1    0.000 x1.00] LOG  [OniBoss:Layer] club TOUCH hits ON (radius 0.70m, min tip speed 50m/s, armed from 0.20 of the clip): Club_Swing ClubSwing2 ClubSlam KanaboSweep. First touch wins — club full damage, wave half, one hit per swing.
[     1    0.000 x1.00] LOG  [OniBoss:Layer] combo damage ramp ON: mid x1.25, finisher x1.50 — finisher wave carries FULL damage at x2.0 size, x2.0 travel.
[     1    0.000 x1.00] LOG  [OniBoss:Layer] charge follow-up ON: 90 % of solo charges chain into a random melee finisher.
[     1    0.000 x1.00] LOG  [OniBoss:Layer] hold-ground ON (backstep 1.5m @ 1.6m/s after own attacks, watch 'Watch', attack facing LOCKED)
[     1    0.000 x1.00] LOG  [OniBoss:Layer] OniBoss layer ready (reactions, wake-on-hit, watch stance, boss bar). player=found
[     1    0.000 x1.00] LOG  [OniBoss:Layer] charge clip 'Oni Charge.fbx' imports with Root Motion Node = None (in place) — good.
[     1    0.000 x1.00] LOG  [OniBoss:Layer] clips importing with Root Transform Position (Y) NOT baked into pose (12): Oni_Alert(Oni Alert), Club_Slam(Oni Club Slam), Club_Swing(Oni Club Swing), Club_swing2(Oni Club Swing 2), Death(Oni Death Kneel), Hit_react_light(Oni Hit react lighter light), KanaboSweep(Oni Kanabo sweep), Phase_Transition(Oni Phase transition), run(Oni Run), Walk(Oni Walk), Watch(Oni Watch), Idle(Oni Idle) — their hips' up/down motion is stripped (see round notes; optional).
[     1    0.000 x1.00] LOG  === VFX MANAGER INITIALIZED ===
[     1    0.000 x1.00] LOG  Auto-detect animations: False
[     1    0.000 x1.00] LOG  Parent effects to tail: True
[     1    0.000 x1.00] LOG  Prefabs: Jump=True, Land=True, LTail=True, RTail=True
[     1    0.000 x1.00] LOG  ✅ Left Tail Tip: LeftTailTip_Anchor
[     1    0.000 x1.00] LOG  ✅ Right Tail Tip: RightTailTip_Anchor
[     1    0.000 x1.00] LOG  [VolumetricFogController] applyPresets is OFF in this scene. The Volumetric Fog component keeps its hand-set inspector values.
[     1    0.000 x1.00] LOG  [TailAirShot] Ready. drawState=RightTail_Fast castParam=TailCastSpeed (found)
  arrow leaves: PlayerYoru_1.1/Cat_All_10_Tails_v4/Group/DeformationSystem/root/Root_M/Tail15_R/Tail151_R/Tail152_R/Tail153_R/Tail154_R/Tail155_R/Tail156_R/Tail157_R/Tail158_R/Tail159_R/Tail1510_R/Tail1511_R/Tail1512_R/Tail6_R/Tail6_R_end/Tail6_R_end_end/Tail6_R_end_end_end/RightTailTip_Anchor
  aim VFX: PlayerYoru_1.1/Cat_All_10_Tails_v4/Group/DeformationSystem/root/Root_M/Tail15_R/Tail151_R/Tail152_R/Tail153_R/Tail154_R/Tail155_R/Tail156_R/Tail157_R/Tail158_R/Tail159_R/Tail1510_R/Tail1511_R/Tail1512_R/Tail6_R/Tail6_R_end/Tail6_R_end_end/Tail6_R_end_end_end/RightTailTip_Anchor/vfx_Muzzle_Fireball01Blue
[     1    0.000 x1.00] LOG  [RingMesh] VFX Status:
[     1    0.000 x1.00] LOG    Left: Prefab=✓, Spawn=Tail6_L_end_end_end
[     1    0.000 x1.00] LOG    Right: Prefab=✓, Spawn=Tail6_R_end_end_end
[     1    0.000 x1.00] LOG  [TailAirShot4Leg] Ready. drawState=shoot_4Leg castParam=Shoot4LegSpeed (found) readyFrame=5 fireFrame=10 frames=24 slowBudget=3s real damageMultiplier=2.00
  arrow leaves: PlayerYoru_1.1/Cat_All_10_Tails_v4/Group/DeformationSystem/root/Root_M/Tail15_R/Tail151_R/Tail152_R/Tail153_R/Tail154_R/Tail155_R/Tail156_R/Tail157_R/Tail158_R/Tail159_R/Tail1510_R/Tail1511_R/Tail1512_R/Tail6_R/Tail6_R_end/Tail6_R_end_end/Tail6_R_end_end_end/RightTailTip_Anchor
  aim VFX left:  PlayerYoru_1.1/Cat_All_10_Tails_v4/Group/DeformationSystem/root/Root_M/Tail15_L/Tail151_L/Tail152_L/Tail153_L/Tail154_L/Tail155_L/Tail156_L/Tail157_L/Tail158_L/Tail159_L/Tail1510_L/Tail1511_L/Tail1512_L/Tail6_L/Tail6_L_end/Tail6_L_end_end/Tail6_L_end_end_end/LeftTailTip_Anchor/Glow_4Leg_L
  aim VFX right: PlayerYoru_1.1/Cat_All_10_Tails_v4/Group/DeformationSystem/root/Root_M/Tail15_R/Tail151_R/Tail152_R/Tail153_R/Tail154_R/Tail155_R/Tail156_R/Tail157_R/Tail158_R/Tail159_R/Tail1510_R/Tail1511_R/Tail1512_R/Tail6_R/Tail6_R_end/Tail6_R_end_end/Tail6_R_end_end_end/RightTailTip_Anchor/Glow_4Leg_R
[     1    0.000 x1.00] LOG  [PlayerCombat] Phase 2 form gate CONNECTED (FormController found on this GameObject).
[     1    0.000 x1.00] LOG  [Combat] PlayerCombat initialized, Phase 3C v27
[     1    0.000 x1.00] LOG  [CameraGameFeel] CameraGameFeel initialized (shake + FOV)
[     1    3.276 x1.00] LOG  [OniBoss] Playing animation: Idle
[     1    3.276 x1.00] LOG  [OniBoss:Layer] watch stance ON (player 13.4m)
[     9    4.459 x1.00] LOG  💨 Landing VFX spawned!
[     9    4.459 x1.00] LOG  ✅ LANDED! (was jump #0)
[   645    7.727 x1.00] LOG  [Combat] Dodge: Dodge_2Leg (4m, 2leg)
[   645    7.727 x1.00] LOG  [AirPosePin] engaged, holding body at 0.609m above the transform
[   646    7.732 x1.00] LOG  [AirPosePin] released, peak correction was 0.000m
[   647    7.741 x1.00] LOG  [AirPosePin] engaged, holding body at 0.617m above the transform
[   695    8.148 x1.00] LOG  [OniBoss:Layer] watch stance OFF, back to Idle (player 16.5m)
[   713    8.308 x1.00] LOG  [Combat] Dodge early exit at 86% (movement input)
[   713    8.308 x1.00] LOG  [DodgeTrace] 2leg flip: clip 0.67s, ran 0.59s, asked 4.0m, actually moved 3.65m forward and rose 1.50m at the peak (Dodge Height 1.5), travel never completed (cut short).
[   713    8.308 x1.00] LOG  [Combat] Dodge ended
[   713    8.308 x1.00] LOG  [AirPosePin] released, peak correction was -0.033m
[   720    8.370 x1.00] LOG  💨 Landing VFX spawned!
[   720    8.370 x1.00] LOG  ✅ LANDED! (was jump #0)
[   788    8.778 x1.00] LOG  [Combat] Dash: DodgeDash_2Leg (4m, 20 dmg, 2leg)
[   788    8.778 x1.00] LOG  [YoruVFX] dash trail 'LightningFloorPurpleTrail 1' started, riding with her
[   788    8.778 x1.00] LOG  [Combat] Dash movement: 4.0m over 0.40s (Dash Move Duration) = 10.0 m/s
[   836    9.185 x1.00] LOG  [Combat] Dash done: ground dash, grounded 48/48 frames, pose pin off, pin correction now 0.000m, manual lift 0.150m, controller height wobble 0.0cm
[   836    9.185 x1.00] LOG  [Combat] Dash ended
[  1054   10.429 x1.00] LOG  [Combat] Dodge: Dodge_2Leg (4m, 2leg)
[  1054   10.429 x1.00] LOG  [AirPosePin] engaged, holding body at 0.597m above the transform
[  1122   11.004 x1.00] LOG  [Combat] Dodge early exit at 85% (movement input)
[  1122   11.004 x1.00] LOG  [DodgeTrace] 2leg flip: clip 0.67s, ran 0.59s, asked 4.0m, actually moved 3.64m forward and rose 1.50m at the peak (Dodge Height 1.5), travel never completed (cut short).
[  1122   11.004 x1.00] LOG  [Combat] Dodge ended
[  1122   11.004 x1.00] LOG  [AirPosePin] released, peak correction was -0.038m
[  1136   11.074 x1.00] LOG  💨 Landing VFX spawned!
[  1136   11.074 x1.00] LOG  ✅ LANDED! (was jump #0)
[  1321   12.090 x1.00] LOG  [Combat] Dodge: Dodge_4Leg (3m, 4leg)
[  1321   12.090 x1.00] LOG  [AirPosePin] engaged, holding body at 0.579m above the transform
[  1322   12.094 x1.00] LOG  [AirPosePin] released, peak correction was 0.000m
[  1323   12.102 x1.00] LOG  [AirPosePin] engaged, holding body at 0.605m above the transform
[  1401   12.779 x1.00] LOG  [Combat] Dodge early exit at 85% (movement input)
[  1401   12.779 x1.00] LOG  [DodgeTrace] 4leg flip: clip 0.80s, ran 0.70s, asked 3.0m, actually moved 2.61m forward and rose 2.20m at the peak (Dodge Height 1.5), travel never completed (cut short).
[  1401   12.779 x1.00] LOG  [Combat] Dodge ended
[  1401   12.779 x1.00] LOG  [AirPosePin] released, peak correction was -0.680m
[  1424   12.893 x1.00] LOG  💨 Landing VFX spawned!
[  1424   12.893 x1.00] LOG  ✅ LANDED! (was jump #0)
[  1479   13.248 x1.00] LOG  [Combat] Dodge: Dodge_4Leg (3m, 4leg)
[  1479   13.248 x1.00] LOG  [AirPosePin] engaged, holding body at 0.516m above the transform
[  1562   13.947 x1.00] LOG  [Combat] Dodge early exit at 86% (movement input)
[  1562   13.947 x1.00] LOG  [DodgeTrace] 4leg flip: clip 0.80s, ran 0.70s, asked 3.0m, actually moved 2.61m forward and rose 2.20m at the peak (Dodge Height 1.5), travel never completed (cut short).
[  1562   13.947 x1.00] LOG  [Combat] Dodge ended
[  1562   13.947 x1.00] LOG  [AirPosePin] released, peak correction was -0.814m
[  1573   14.012 x1.00] LOG  💨 Landing VFX spawned!
[  1573   14.012 x1.00] LOG  ✅ LANDED! (was jump #0)
[  1643   14.391 x1.00] LOG  [Combat] Dodge: Dodge_4Leg (3m, 4leg)
[  1643   14.391 x1.00] LOG  [AirPosePin] engaged, holding body at 0.512m above the transform
[  1726   15.081 x1.00] LOG  [Combat] Dodge early exit at 85% (movement input)
[  1726   15.081 x1.00] LOG  [DodgeTrace] 4leg flip: clip 0.80s, ran 0.69s, asked 3.0m, actually moved 2.58m forward and rose 2.20m at the peak (Dodge Height 1.5), travel never completed (cut short).
[  1726   15.081 x1.00] LOG  [Combat] Dodge ended
[  1726   15.081 x1.00] LOG  [AirPosePin] released, peak correction was -0.821m
[  1743   15.175 x1.00] LOG  💨 Landing VFX spawned!
[  1743   15.175 x1.00] LOG  ✅ LANDED! (was jump #0)
[  2083   17.090 x1.00] LOG  [Combat] Dash: DodgeDash_4Leg (4.5m, 20 dmg, 4leg)
[  2083   17.090 x1.00] LOG  [YoruVFX] dash trail 'LightningFloorPurpleTrail 1' started, riding with her
[  2083   17.090 x1.00] LOG  [Combat] Dash movement: 4.5m over 0.40s (Dash Move Duration) = 11.3 m/s
[  2131   17.481 x1.00] LOG  [Combat] Dash done: ground dash, grounded 48/48 frames, pose pin off, pin correction now 0.000m, manual lift 0.150m, controller height wobble 0.0cm
[  2131   17.481 x1.00] LOG  [Combat] Dash ended
[  2203   17.852 x1.00] LOG  [Combat] Dash: DodgeDash_4Leg (4.5m, 20 dmg, 4leg)
[  2203   17.852 x1.00] LOG  [YoruVFX] dash trail 'LightningFloorPurpleTrail 1' started, riding with her
[  2203   17.852 x1.00] LOG  [Combat] Dash movement: 4.5m over 0.40s (Dash Move Duration) = 11.3 m/s
[  2253   18.254 x1.00] LOG  [Combat] Dash done: ground dash, grounded 50/50 frames, pose pin off, pin correction now 0.000m, manual lift 0.150m, controller height wobble 0.0cm
[  2253   18.254 x1.00] LOG  [Combat] Dash ended
[  2305   18.538 x1.00] LOG  [Combat] Dash: DodgeDash_4Leg (4.5m, 20 dmg, 4leg)
[  2305   18.538 x1.00] LOG  [YoruVFX] dash trail 'LightningFloorPurpleTrail 1' started, riding with her
[  2305   18.538 x1.00] LOG  [Combat] Dash movement: 4.5m over 0.40s (Dash Move Duration) = 11.3 m/s
[  2354   18.947 x1.00] LOG  [Combat] Dash done: ground dash, grounded 49/49 frames, pose pin off, pin correction now 0.000m, manual lift 0.150m, controller height wobble 0.0cm
[  2354   18.947 x1.00] LOG  [Combat] Dash ended
[  2441   19.455 x1.00] LOG  [Combat] Dash: DodgeDash_4Leg (4.5m, 20 dmg, 4leg)
[  2441   19.455 x1.00] LOG  [YoruVFX] dash trail 'LightningFloorPurpleTrail 1' started, riding with her
[  2441   19.455 x1.00] LOG  [Combat] Dash movement: 4.5m over 0.40s (Dash Move Duration) = 11.3 m/s
[  2488   19.860 x1.00] LOG  [Combat] Dash done: ground dash, grounded 47/47 frames, pose pin off, pin correction now 0.000m, manual lift 0.150m, controller height wobble 0.0cm
[  2488   19.860 x1.00] LOG  [Combat] Dash ended
[  2557   20.269 x1.00] LOG  [Combat] Dash: DodgeDash_4Leg (4.5m, 20 dmg, 4leg)
[  2557   20.269 x1.00] LOG  [YoruVFX] dash trail 'LightningFloorPurpleTrail 1' started, riding with her
[  2557   20.269 x1.00] LOG  [Combat] Dash movement: 4.5m over 0.40s (Dash Move Duration) = 11.3 m/s
[  2604   20.663 x1.00] LOG  [Combat] Dash done: ground dash, grounded 47/47 frames, pose pin off, pin correction now 0.000m, manual lift 0.150m, controller height wobble 49.6cm
[  2604   20.663 x1.00] LOG  [Combat] Dash ended
[  2795   21.711 x1.00] LOG  [Combat] Dash: DodgeDash_2Leg (4m, 20 dmg, 2leg)
[  2795   21.711 x1.00] LOG  [YoruVFX] dash trail 'LightningFloorPurpleTrail 1' started, riding with her
[  2795   21.711 x1.00] LOG  [Combat] Dash movement: 4.0m over 0.40s (Dash Move Duration) = 10.0 m/s
[  2844   22.114 x1.00] LOG  [Combat] Dash done: ground dash, grounded 49/49 frames, pose pin off, pin correction now 0.000m, manual lift 0.150m, controller height wobble 17.9cm
[  2844   22.114 x1.00] LOG  [Combat] Dash ended
[  3564   25.883 x1.00] LOG  [Combat] Dodge: Dodge_4Leg (3m, 4leg)
[  3564   25.883 x1.00] LOG  [AirPosePin] engaged, holding body at 0.580m above the transform
[  3565   25.886 x1.00] LOG  [AirPosePin] released, peak correction was 0.000m
[  3566   25.902 x1.00] LOG  [AirPosePin] engaged, holding body at 0.577m above the transform
[  3642   26.578 x1.00] LOG  [Combat] Dodge early exit at 86% (movement input)
[  3642   26.578 x1.00] LOG  [DodgeTrace] 4leg flip: clip 0.80s, ran 0.70s, asked 3.0m, actually moved 2.62m forward and rose 2.20m at the peak (Dodge Height 1.5), travel never completed (cut short).
[  3642   26.578 x1.00] LOG  [Combat] Dodge ended
[  3642   26.578 x1.00] LOG  [AirPosePin] released, peak correction was -0.887m
[  3654   26.660 x1.00] LOG  💨 Landing VFX spawned!
[  3654   26.660 x1.00] LOG  ✅ LANDED! (was jump #0)
[  3742   27.143 x1.00] LOG  [Combat] Dodge: Dodge_2Leg (4m, 2leg)
[  3742   27.143 x1.00] LOG  [AirPosePin] engaged, holding body at 0.581m above the transform
[  3811   27.725 x1.00] LOG  [Combat] Dodge early exit at 86% (movement input)
[  3811   27.725 x1.00] LOG  [DodgeTrace] 2leg flip: clip 0.67s, ran 0.59s, asked 4.0m, actually moved 3.65m forward and rose 1.50m at the peak (Dodge Height 1.5), travel never completed (cut short).
[  3811   27.725 x1.00] LOG  [Combat] Dodge ended
[  3811   27.725 x1.00] LOG  [AirPosePin] released, peak correction was -0.046m
[  3821   27.791 x1.00] LOG  💨 Landing VFX spawned!
[  3821   27.791 x1.00] LOG  ✅ LANDED! (was jump #0)
[  3878   28.092 x1.00] LOG  [Combat] Dash: DodgeDash_2Leg (4m, 20 dmg, 2leg)
[  3878   28.092 x1.00] LOG  [YoruVFX] dash trail 'LightningFloorPurpleTrail 1' started, riding with her
[  3878   28.092 x1.00] LOG  [Combat] Dash movement: 4.0m over 0.40s (Dash Move Duration) = 10.0 m/s
[  3926   28.504 x1.00] LOG  [Combat] Dash done: ground dash, grounded 48/48 frames, pose pin off, pin correction now 0.000m, manual lift 0.150m, controller height wobble 0.0cm
[  3926   28.504 x1.00] LOG  [Combat] Dash ended
[  3988   28.835 x1.00] LOG  [Combat] Dash: DodgeDash_2Leg (4m, 20 dmg, 2leg)
[  3988   28.835 x1.00] LOG  [YoruVFX] dash trail 'LightningFloorPurpleTrail 1' started, riding with her
[  3988   28.835 x1.00] LOG  [Combat] Dash movement: 4.0m over 0.40s (Dash Move Duration) = 10.0 m/s
[  4037   29.238 x1.00] LOG  [Combat] Dash done: ground dash, grounded 49/49 frames, pose pin off, pin correction now 0.000m, manual lift 0.150m, controller height wobble 0.0cm
[  4037   29.238 x1.00] LOG  [Combat] Dash ended
[  4161   29.867 x1.00] LOG  [Combat] Dash: DodgeDash_4Leg (4.5m, 20 dmg, 4leg)
[  4161   29.867 x1.00] LOG  [YoruVFX] dash trail 'LightningFloorPurpleTrail 1' started, riding with her
[  4161   29.867 x1.00] LOG  [Combat] Dash movement: 4.5m over 0.40s (Dash Move Duration) = 11.3 m/s
[  4209   30.272 x1.00] LOG  [Combat] Dash done: ground dash, grounded 48/48 frames, pose pin off, pin correction now 0.000m, manual lift 0.150m, controller height wobble 0.0cm
[  4209   30.272 x1.00] LOG  [Combat] Dash ended
[  7483   44.454 x1.00] LOG  [Combat] Combo 1: 10 dmg
[  7483   44.454 x1.00] LOG  [ComboTrace] START step=1 state='Combo1' queued=0 target=none: no collider on enemyLayer within 8m
[  7483   44.454 x1.00] LOG  [ComboTrace] LAUNCH STEP (no enemy) dist=0.90m in 0.13s
[  7498   44.590 x1.00] LOG  [ComboTrace] LAUNCH RESULT wanted=0.90m actually moved=0.90m, completed
[  7604   45.046 x1.00] LOG  🐾 VFX_AttackPaw triggered!
[  7650   45.261 x1.00] LOG  [ComboTrace] END step=1 clipProgress=0.85 clipLen=0.95s queued=0 elapsed=0.81s
[  9226   53.129 x1.00] LOG  [Combat] Dodge: Dodge_4Leg (3m, 4leg)
[  9226   53.129 x1.00] LOG  [AirPosePin] engaged, holding body at 0.821m above the transform
[  9227   53.133 x1.00] LOG  [AirPosePin] released, peak correction was 0.000m
[  9228   53.148 x1.00] LOG  [AirPosePin] engaged, holding body at 0.801m above the transform
[  9299   53.824 x1.00] LOG  [Combat] Dodge early exit at 86% (movement input)
[  9299   53.824 x1.00] LOG  [DodgeTrace] 4leg flip: clip 0.80s, ran 0.70s, asked 3.0m, actually moved 2.62m forward and rose 2.20m at the peak (Dodge Height 1.5), travel never completed (cut short).
[  9299   53.824 x1.00] LOG  [ComboTrace] move ended, combo kept at step 1, window restarted
[  9299   53.824 x1.00] LOG  [Combat] Dodge ended
[  9299   53.824 x1.00] LOG  [AirPosePin] released, peak correction was -0.581m
[  9315   53.931 x1.00] LOG  💨 Landing VFX spawned!
[  9315   53.931 x1.00] LOG  ✅ LANDED! (was jump #0)
[  9364   54.254 x1.00] LOG  [Combat] Dodge: Dodge_4Leg (3m, 4leg)
[  9364   54.254 x1.00] LOG  [AirPosePin] engaged, holding body at 0.563m above the transform
[  9440   54.947 x1.00] LOG  [Combat] Dodge early exit at 85% (movement input)
[  9440   54.947 x1.00] LOG  [DodgeTrace] 4leg flip: clip 0.80s, ran 0.71s, asked 3.0m, actually moved 2.64m forward and rose 2.20m at the peak (Dodge Height 1.5), travel never completed (cut short).
[  9440   54.947 x1.00] LOG  [ComboTrace] move ended, combo kept at step 1, window restarted
[  9440   54.947 x1.00] LOG  [Combat] Dodge ended
[  9440   54.947 x1.00] LOG  [AirPosePin] released, peak correction was -0.821m
[  9457   55.051 x1.00] LOG  💨 Landing VFX spawned!
[  9457   55.051 x1.00] LOG  ✅ LANDED! (was jump #0)
[  9562   55.695 x1.00] LOG  [Combat] Dodge: Dodge_4Leg (3m, 4leg)
[  9562   55.695 x1.00] LOG  [AirPosePin] engaged, holding body at 0.817m above the transform
[  9563   55.704 x1.00] LOG  [AirPosePin] released, peak correction was 0.000m
[  9564   55.716 x1.00] LOG  [AirPosePin] engaged, holding body at 0.796m above the transform
[  9635   56.386 x1.00] LOG  [Combat] Dodge early exit at 85% (movement input)
[  9635   56.386 x1.00] LOG  [DodgeTrace] 4leg flip: clip 0.80s, ran 0.70s, asked 3.0m, actually moved 2.58m forward and rose 2.20m at the peak (Dodge Height 1.5), travel never completed (cut short).
[  9635   56.386 x1.00] LOG  [ComboTrace] move ended, combo kept at step 1, window restarted
[  9635   56.386 x1.00] LOG  [Combat] Dodge ended
[  9635   56.386 x1.00] LOG  [AirPosePin] released, peak correction was -0.594m
[  9650   56.493 x1.00] LOG  💨 Landing VFX spawned!
[  9650   56.493 x1.00] LOG  ✅ LANDED! (was jump #0)
[ 10559   61.053 x1.00] LOG  [StormWeather] terrain layers restored to dry values.
# end — 205 lines
