# Oni combat log — 2026-09-11 05:40:37
# Unity 6000.2.7f2 | scene 'CaveScene_Oni_Boss1' | platform OSXEditor
# columns: [frame realSeconds timeScale] KIND message      (KIND: LOG WARN ERR EXC TEL)
#
[     0    0.000 x1.00] LOG  [OniLog] console + telemetry → /Users/asenahazal/Documents/Yoru/OniLogs/oni_2026-09-11_05-40-37.log
[     0    0.000 x1.00] LOG  [RingMesh] Auto-found 11/11 left, 11/11 right meshes
[     1    0.000 x1.00] LOG  [BossBar] BossHealthBarUI initialized
[     1    0.000 x1.00] LOG  [StormWeather] layer 'TerrainLayer_Dirt_01' dry smoothness=0.00 (restore to this if a crash ever leaves it wet)
[     1    0.000 x1.00] LOG  [StormWeather] post volumes ready on layer 9 (storm priority 10, flash priority 11).
[     1    0.000 x1.00] LOG  [StormWeather] ROUND 80: fur weather ready on 'Weather Zone'. Rain 0, wind 0.50 in the open, sky check 30 m from 'PlayerYoru_1.1'.
[     1    0.000 x1.00] LOG  [StormWeather] COZY bridge: Rain_Cave retired, COZY owns the rain now.
[     1    0.000 x1.00] LOG  [StormWeather] COZY → 'Clear' (pre-fight - open sky, 0 s)
[     1    0.000 x1.00] LOG  [StormWeather] Ready. Open sky, dry floor. Waiting for the fight.
[     1    0.000 x1.00] LOG  OniBoss initialized with 500 HP
[     1    0.000 x1.00] LOG  [OniBoss] ANIMATOR SETUP: cullingMode=CullUpdateTransforms updateMode=Normal applyRootMotion=False speed=1
[     1    0.000 x1.00] LOG  [OniBoss] Initialized
[     1    0.000 x1.00] LOG  [OniBoss:Layer] facing: minFlat 1m, snapOnAttack off, trackInHitReact off
[     1    0.000 x1.00] LOG  [OniBoss:Layer] Yoru launch model ON: launches ALL THE WAY to an enemy within 4.7m of its surface at 10m/s (stop gap 0.00m, NO minimum distance), else steps 0.90m forward. Targeting cone left exactly as her prefab has it.
[     1    0.000 x1.00] LOG  [OniBoss:Layer] Yoru launch ROUND 9: airborne attacks launch too (ON), edge probe now runs on its OWN layer mask (Everything) instead of the line-of-sight mask - the Ground-only mask found no floor in this cave and was cancelling 100% of launches at 0.00m travelled.
[     1    0.000 x1.00] LOG  [OniBoss:Layer] animator speed x1.35 — his 1.13s swing now plays in 0.84s.
[     1    0.000 x1.00] LOG  [OniBoss:Layer] chase speed pushed: phase1 4.5, phase2 5.5 (Yoru runs at 7).
[     1    0.000 x1.00] LOG  [OniBoss:Layer] ground wave ON (round 38): half the club's damage on TOUCH, 12m/s x 6.0m from 1.6m in front at 0.35m height — a club hit cancels that swing's wave, jumping clears it. Per-attack effects come from the Swing Wave VFX By Attack rows. PlayerHealth found, PlayerMovement found.
[     1    0.000 x1.00] LOG  [StormWeather] storm break HELD (waiting for the lightning beat)
[     1    0.000 x1.00] LOG  [OniBoss:Layer] storm break HELD — it releases at the lightning-on-the-club beat.
[     1    0.000 x1.00] LOG  [OniBoss:Layer] club tracking ON — tip 'Kanabo3' (depth 4), shaft root 'kanabo'.
[     1    0.000 x1.00] LOG  [OniBoss:Layer] skinned meshes: 46 renderer(s), updateWhenOffscreen ON, body renderer 'Body' rootBone 'Hips'
[     1    0.000 x1.00] LOG  [OniBoss:Layer] charge travel bone: 'Hips' at depth 1 under 'OniBoss', rest local (0.00, 3.24, -0.24)
[     1    0.000 x1.00] LOG  [OniBoss:Layer] anti-kite ON: thrown swing after 4s of failed chase (within 7.6m), charge after 6s.
[     1    0.000 x1.00] LOG  [OniBoss:Layer] charge drive ON (windup to 0.40 at x1.3, rush 14m/s stops at 2.6m, steers 0.35s then commits, strike section from 0.58, strike moment 0.76, trail VFX off)
[     1    0.000 x1.00] LOG  [OniBoss:Layer] attack armor ON (his swings are not interrupted by light/medium hits; heavy hits and rapid-hit bursts still stop him)
[     1    0.000 x1.00] LOG  [OniBoss:Layer] strike moments overridden: Club_Swing=0.42 ClubSwing2=0.32 ClubSlam=0.85 KanaboSweep=0.48
[     1    0.000 x1.00] LOG  [OniBoss:Layer] club TOUCH hits ON (radius 0.70m, min tip speed 50m/s, armed from 0.20 of the clip): Club_Swing ClubSwing2 ClubSlam KanaboSweep. First touch wins — club full damage, wave half, one hit per swing.
[     1    0.000 x1.00] LOG  [OniBoss:Layer] combo damage ramp ON: mid x1.25, finisher x1.50 — finisher wave carries FULL damage at x2.0 size, x2.0 travel.
[     1    0.000 x1.00] LOG  [OniBoss:Layer] charge follow-up ON: 90 % of solo charges chain into a random melee finisher.
[     1    0.000 x1.00] LOG  [OniBoss:Layer] hold-ground ON (backstep 1.5m @ 1.6m/s after own attacks, watch 'Watch', attack facing LOCKED)
[     1    0.000 x1.00] LOG  [OniBoss:Layer] OniBoss layer ready (reactions, wake-on-hit, watch stance, boss bar). player=found
[     1    0.000 x1.00] LOG  [OniBoss:Layer] charge clip 'Oni Charge.fbx' imports with Root Motion Node = None (in place) — good.
[     1    0.000 x1.00] LOG  [OniBoss:Layer] clips importing with Root Transform Position (Y) NOT baked into pose (12): Oni_Alert(Oni Alert), Club_Slam(Oni Club Slam), Club_Swing(Oni Club Swing), Club_swing2(Oni Club Swing 2), Death(Oni Death Kneel), Hit_react_light(Oni Hit react lighter light), KanaboSweep(Oni Kanabo sweep), Phase_Transition(Oni Phase transition), run(Oni Run), Walk(Oni Walk), Watch(Oni Watch), Idle(Oni Idle) — their hips' up/down motion is stripped (see round notes; optional).
[     1    0.000 x1.00] LOG  === VFX MANAGER INITIALIZED ===
[     1    0.000 x1.00] LOG  Auto-detect animations: False
[     1    0.000 x1.00] LOG  Parent effects to tail: True
[     1    0.000 x1.00] LOG  Prefabs: Jump=True, Land=True, LTail=True, RTail=True
[     1    0.000 x1.00] LOG  ✅ Left Tail Tip: LeftTailVFX
[     1    0.000 x1.00] LOG  ✅ Right Tail Tip: RightTailTip_Anchor
[     1    0.000 x1.00] LOG  [VolumetricFogController] applyPresets is OFF in this scene. The Volumetric Fog component keeps its hand-set inspector values.
[     1    0.000 x1.00] LOG  [TailAirShot] Ready. drawState=RightTail_Fast castParam=TailCastSpeed (found)
  arrow leaves: PlayerYoru_1.1/Cat_All_10_Tails_v4/Group/DeformationSystem/root/Root_M/Tail15_R/Tail151_R/Tail152_R/Tail153_R/Tail154_R/Tail155_R/Tail156_R/Tail157_R/Tail158_R/Tail159_R/Tail1510_R/Tail1511_R/Tail1512_R/Tail6_R/Tail6_R_end/Tail6_R_end_end/Tail6_R_end_end_end/RightTailTip_Anchor
  aim VFX: PlayerYoru_1.1/Cat_All_10_Tails_v4/Group/DeformationSystem/root/Root_M/Tail15_R/Tail151_R/Tail152_R/Tail153_R/Tail154_R/Tail155_R/Tail156_R/Tail157_R/Tail158_R/Tail159_R/Tail1510_R/Tail1511_R/Tail1512_R/Tail6_R/Tail6_R_end/Tail6_R_end_end/Tail6_R_end_end_end/RightTailTip_Anchor/vfx_Muzzle_Fireball01Blue
[     1    0.000 x1.00] LOG  [RingMesh] VFX Status:
[     1    0.000 x1.00] LOG    Left: Prefab=✓, Spawn=Tail6_L_end_end_end
[     1    0.000 x1.00] LOG    Right: Prefab=✓, Spawn=Tail6_R_end_end_end
[     1    0.000 x1.00] LOG  [TailAirShot4Leg] Ready. drawState=shoot_4Leg castParam=Shoot4LegSpeed (found) readyFrame=5 fireFrame=10 frames=24 slowBudget=3s real damageMultiplier=2.00
  arrow leaves: PlayerYoru_1.1/Cat_All_10_Tails_v4/Group/DeformationSystem/root/Root_M/Tail15_R/Tail151_R/Tail152_R/Tail153_R/Tail154_R/Tail155_R/Tail156_R/Tail157_R/Tail158_R/Tail159_R/Tail1510_R/Tail1511_R/Tail1512_R/Tail6_R/Tail6_R_end/Tail6_R_end_end/Tail6_R_end_end_end/RightTailTip_Anchor
  aim VFX left:  PlayerYoru_1.1/Cat_All_10_Tails_v4/Group/DeformationSystem/root/Root_M/Tail15_L/Tail151_L/Tail152_L/Tail153_L/Tail154_L/Tail155_L/Tail156_L/Tail157_L/Tail158_L/Tail159_L/Tail1510_L/Tail1511_L/Tail1512_L/Tail6_L/Tail6_L_end/Tail6_L_end_end/Tail6_L_end_end_end/LeftTailTip_Anchor/Glow_4Leg_L
  aim VFX right: PlayerYoru_1.1/Cat_All_10_Tails_v4/Group/DeformationSystem/root/Root_M/Tail15_R/Tail151_R/Tail152_R/Tail153_R/Tail154_R/Tail155_R/Tail156_R/Tail157_R/Tail158_R/Tail159_R/Tail1510_R/Tail1511_R/Tail1512_R/Tail6_R/Tail6_R_end/Tail6_R_end_end/Tail6_R_end_end_end/RightTailTip_Anchor/Glow_4Leg_R
[     1    0.000 x1.00] LOG  [PlayerCombat] Phase 2 form gate CONNECTED (FormController found on this GameObject).
[     1    0.000 x1.00] LOG  [Combat] PlayerCombat initialized, Phase 3C v27
[     1    0.000 x1.00] LOG  [CameraGameFeel] CameraGameFeel initialized (shake + FOV)
[     1    2.815 x1.00] LOG  [OniBoss] Playing animation: Idle
[     1    2.815 x1.00] LOG  [OniBoss:Layer] watch stance ON (player 13.4m)
[    99    3.736 x1.00] LOG  💨 Landing VFX spawned!
[    99    3.736 x1.00] LOG  ✅ LANDED! (was jump #0)
[  4523   21.957 x1.00] LOG  [Combat] Guard START (perfect parry window: 0.2s)
[  4604   22.264 x1.00] LOG  [Combat] Guard END
[  5270   25.214 x1.00] LOG  🐾 4-LEG JUMP #0
[  5270   25.214 x1.00] LOG  🐾 Jump 1 VFX spawned!
[  5415   25.770 x1.00] LOG  [ComboTrace] LAUNCH OniBoss at 3.7m dist=3.20m in 0.32s (capped short) [AIRBORNE]
[  5415   25.770 x1.00] LOG  [Combat] Aerial spin, 25 dmg
[  5415   25.770 x1.00] LOG  [AirPosePin] engaged, holding body at 2.112m above the transform
[  5454   25.921 x1.00] LOG  OniBoss took 10 damage. HP: 490/500
[  5454   25.921 x1.00] LOG  [OniBoss] 🤕 Hit during LostSoul — flash only
[  5454   25.921 x1.00] LOG  [OniBoss] LostSoul → Alert
[  5454   25.921 x1.00] LOG  [OniBoss] Playing animation: Oni_Alert
[  5454   25.921 x1.00] LOG  [OniBoss] Became HOSTILE
[  5454   25.921 x1.00] LOG  [OniBoss:Layer] woken by damage (10) — back attacks count.
[  5454   25.921 x1.00] LOG  [CameraGameFeel] Shake: intensity=0.50 duration=0.200s
[  5454   25.921 x1.00] LOG  [CameraGameFeel] FOV punch: hit light (+1.5°)
[  5455   25.930 x1.00] LOG  [StormWeather] COZY → 'Yoru_Oni_Phase1_Storm' (fight engaged - storm rolls in, 0 s)
[  5455   25.930 x1.00] LOG  [StormWeather] FIGHT STARTED (he engaged) - storm on, floor starts to soak.
[  5455   25.930 x1.00] LOG  [BossBar] Showing bar for: Oni (490/500)
[  5455   25.930 x1.00] LOG  [OniBoss:Layer] boss bar shown
[  5456   25.935 x1.00] WARN The referenced script on this Behaviour (Game Object '<null>') is missing!
[  5456   25.935 x1.00] WARN The referenced script on this Behaviour (Game Object 'Lightning Light') is missing!
[  5456   25.935 x1.00] WARN The referenced script on this Behaviour (Game Object 'Lightning Light') is missing!
[  5488   26.073 x1.00] LOG  OniBoss took 10 damage. HP: 480/500
[  5488   26.073 x1.00] LOG  [OniBoss] 🤕 Hit during Alert — flash only
[  5488   26.073 x1.00] LOG  [CameraGameFeel] Shake: intensity=0.18 duration=0.200s
[  5491   26.094 x1.00] LOG  [ComboTrace] LAUNCH RESULT wanted=3.20m actually moved=3.50m, completed
[  5499   26.136 x1.00] LOG  💨 Landing VFX spawned!
[  5499   26.136 x1.00] LOG  ✅ LANDED! (was jump #1)
[  5499   26.136 x1.00] LOG  [AirPosePin] released, peak correction was 1.329m
[  5513   26.227 x1.00] LOG  OniBoss took 10 damage. HP: 470/500
[  5513   26.227 x1.00] LOG  [OniBoss] 🤕 Hit during Alert — flash only
[  5513   26.227 x1.00] LOG  [CameraGameFeel] Shake: intensity=0.18 duration=0.200s
[  5534   26.382 x1.00] LOG  OniBoss took 10 damage. HP: 460/500
[  5534   26.382 x1.00] LOG  [OniBoss] 🤕 Hit during Alert — flash only
[  5534   26.382 x1.00] LOG  [OniBoss] Alert → Stagger
[  5534   26.382 x1.00] LOG  [OniBoss] Playing animation: Stagger
[  5534   26.382 x1.00] LOG  [OniBoss] STAGGERED for 2.5s
[  5534   26.382 x1.00] LOG  [OniBoss:Layer] heavy knock-back react (swirl burst, 3 hits / 30 dmg) → 'HitReact_Heavy', down for 1.80s
[  5534   26.382 x1.00] LOG  [OniBoss:Layer] burst: 3 hits / 30 dmg inside 0.8s → knock-back + 0.90m push
[  5534   26.382 x1.00] LOG  [CameraGameFeel] Shake: intensity=0.18 duration=0.200s
[  5559   26.525 x1.00] LOG  [ComboTrace] END step=3 clipProgress=0.90 clipLen=0.79s queued=0 elapsed=0.76s
[  5596   26.726 x1.00] LOG  [StormWeather] storm post weight -> 0.40
[  5674   27.092 x1.00] LOG  [StormWeather] fur: rain reaching the coat (intensity 0.01, follows floor wetness).
[  5936   28.183 x1.00] LOG  [OniBoss] Stagger → Chase
[  5937   28.187 x1.00] LOG  [OniBoss] Pull-band decision: RUN-IN (dist 8.7m, pullRange 0m, chance 0.50)
[  5937   28.187 x1.00] LOG  [OniBoss] Playing animation: run
[  6264   29.456 x1.00] LOG  [OniBoss] Ranged combo started: Charge→Slam: (2 steps, dist 13.0m)
[  6264   29.456 x1.00] LOG  [OniBoss] Chase → Attack
[  6264   29.456 x1.00] LOG  [OniBoss] Attack: Oni_Charge (18 dmg)

[  6264   29.456 x1.00] TEL ────────── CHARGE ──────────
[  6264   29.456 x1.00] LOG  [OniBoss:Layer] charge begin: travel bone 'Hips' depth 1, local now (0.16, 2.79, -0.24) vs rest (0.00, 3.24, -0.24); pin ON; drive windup→rush→strike; engine Attack, AnimSpeed 1.30, clip at 0.00, dist 13.0m
[  6264   29.456 x1.00] TEL charge Windup n=0.00 spd=1.30 mult=1.00 st=Attack anim=h1349952704/Charge drift=0.16 cut=0.16 meshOff=0.24m vis bounds+0.2m pos=(469.8,434.5) dist=13.0 vel=4.5
[  6285   29.542 x1.00] TEL charge Windup n=0.07 spd=1.30 mult=1.00 st=Attack anim=h1349952704/Charge drift=0.28 cut=0.28 meshOff=0.24m vis bounds+0.2m pos=(469.8,434.5) dist=13.5 vel=0.0
[  6308   29.626 x1.00] TEL charge Windup n=0.14 spd=1.30 mult=1.30 st=Attack anim=Charge/- drift=0.92 cut=0.92 meshOff=0.24m vis bounds+0.3m pos=(469.8,434.5) dist=13.6 vel=0.0
[  6331   29.712 x1.00] TEL charge Windup n=0.22 spd=1.30 mult=1.30 st=Attack anim=Charge/- drift=1.14 cut=1.14 meshOff=0.24m vis bounds+0.3m pos=(469.8,434.5) dist=13.6 vel=0.0
[  6356   29.797 x1.00] TEL charge Windup n=0.29 spd=1.30 mult=1.30 st=Attack anim=Charge/- drift=0.62 cut=0.62 meshOff=0.24m vis bounds+0.3m pos=(469.8,434.5) dist=13.6 vel=0.0
[  6379   29.882 x1.00] TEL charge Windup n=0.36 spd=1.30 mult=1.30 st=Attack anim=Charge/- drift=4.09 cut=4.09 meshOff=0.24m vis bounds+0.1m pos=(469.8,434.5) dist=13.6 vel=0.0
[  6393   29.933 x1.00] LOG  [OniBoss:Layer] charge RUSH: clip frozen at 0.40, 13.6m to go at 14m/s
[  6394   29.936 x1.00] LOG  [OniBoss:Layer] charge fire trail: 'ToonFireTrail' attached to his feet for the rush.
[  6402   29.966 x1.00] TEL charge Rush   n=0.40 spd=0.00 mult=0.00 st=Attack anim=Charge/- drift=7.51 cut=7.51 meshOff=0.24m vis bounds+0.4m pos=(469.9,434.1) dist=13.1 vel=0.0
[  6426   30.053 x1.00] TEL charge Rush   n=0.40 spd=0.00 mult=0.00 st=Attack anim=Charge/- drift=7.51 cut=7.51 meshOff=0.24m vis bounds+0.4m pos=(470.3,432.9) dist=11.9 vel=0.0
[  6448   30.139 x1.00] TEL charge Rush   n=0.40 spd=0.00 mult=0.00 st=Attack anim=Charge/- drift=7.51 cut=7.51 meshOff=0.24m vis bounds+0.4m pos=(470.7,431.8) dist=10.7 vel=0.0
[  6467   30.223 x1.00] TEL charge Rush   n=0.40 spd=0.00 mult=0.00 st=Attack anim=Charge/- drift=7.51 cut=7.51 meshOff=0.24m vis bounds+0.4m pos=(471.1,430.7) dist=9.5 vel=0.0
[  6483   30.307 x1.00] TEL charge Rush   n=0.40 spd=0.00 mult=0.00 st=Attack anim=Charge/- drift=7.51 cut=7.51 meshOff=0.24m vis bounds+0.4m pos=(471.5,429.6) dist=8.3 vel=0.0
[  6505   30.394 x1.00] TEL charge Rush   n=0.40 spd=0.00 mult=0.00 st=Attack anim=Charge/- drift=7.51 cut=7.51 meshOff=0.24m vis bounds+0.4m pos=(471.9,428.4) dist=7.1 vel=0.0
[  6526   30.480 x1.00] TEL charge Rush   n=0.40 spd=0.00 mult=0.00 st=Attack anim=Charge/- drift=7.51 cut=7.51 meshOff=0.24m vis bounds+0.4m pos=(472.3,427.3) dist=5.9 vel=0.0
[  6548   30.564 x1.00] TEL charge Rush   n=0.40 spd=0.00 mult=0.00 st=Attack anim=Charge/- drift=7.51 cut=7.51 meshOff=0.24m vis bounds+0.4m pos=(472.6,426.2) dist=4.7 vel=0.0
[  6568   30.648 x1.00] TEL charge Rush   n=0.40 spd=0.00 mult=0.00 st=Attack anim=Charge/- drift=7.51 cut=7.51 meshOff=0.24m vis bounds+0.4m pos=(473.0,425.1) dist=3.5 vel=0.0
[  6586   30.717 x1.00] LOG  [OniBoss:Layer] charge STRIKE: arrived 2.6m from the lock point after 0.78s real — clip 0.40 → 0.58 (blend 0.10s), strike moment 0.76, Yoru 2.6m away
[  6589   30.733 x1.00] TEL charge Strike n=0.59 spd=1.00 mult=1.00 st=Attack anim=Charge/Charge drift=9.42 cut=9.42 meshOff=0.24m vis bounds+0.3m pos=(473.3,424.2) dist=2.6 vel=0.0
[  6612   30.818 x1.00] TEL charge Strike n=0.64 spd=1.00 mult=1.00 st=Attack anim=Charge/- drift=15.42 cut=15.42 meshOff=0.24m vis bounds+0.4m pos=(473.3,424.2) dist=2.6 vel=0.0
[  6633   30.903 x1.00] TEL charge Strike n=0.70 spd=1.00 mult=1.00 st=Attack anim=Charge/- drift=16.22 cut=16.22 meshOff=0.24m vis bounds+0.5m pos=(473.3,424.2) dist=2.6 vel=0.0
[  6654   30.988 x1.00] TEL charge Strike n=0.75 spd=1.00 mult=1.00 st=Attack anim=Charge/- drift=16.79 cut=16.79 meshOff=0.24m vis bounds+0.4m pos=(473.3,424.2) dist=2.6 vel=0.0
[  6658   31.004 x1.00] LOG  [CameraGameFeel] Shake: intensity=0.45 duration=0.350s
[  6658   31.004 x1.00] LOG  [Combat] Hit react: HitReact_Heavy_2Leg (0.9s, clip starts at 0.35s)
[  6658   31.004 x1.00] LOG  [CameraGameFeel] Shake: intensity=0.60 duration=0.200s
[  6658   31.004 x1.00] LOG  [CameraGameFeel] FOV punch: player damage (-3.0°)
[  6658   31.004 x1.00] LOG  [OniBoss] Hit player for 18 (Oni_Charge)
[  6661   31.027 x1.00] LOG  [HitReactTrace] asked for 'HitReact_Heavy_2Leg' (0.90s, clip start 0.35s): playing it, blend resolved after 24 ms, state 1.21s long at speed 1.00, now at 0.37s, layer weight 1.00, animator.speed 1.00.
[  6673   31.075 x1.00] TEL charge Strike n=0.81 spd=1.00 mult=1.00 st=Attack anim=Charge/- drift=17.27 cut=17.27 meshOff=0.24m vis bounds+0.3m pos=(473.3,424.2) dist=2.6 vel=0.0
[  6696   31.161 x1.00] TEL charge Strike n=0.87 spd=1.00 mult=1.00 st=Attack anim=Charge/- drift=17.67 cut=17.67 meshOff=0.24m vis bounds+0.1m pos=(473.3,424.2) dist=2.6 vel=0.0
[  6716   31.247 x1.00] TEL charge Strike n=0.92 spd=1.00 mult=1.00 st=Attack anim=Charge/- drift=17.93 cut=17.93 meshOff=0.24m vis bounds+0.1m pos=(473.3,424.2) dist=2.6 vel=0.0
[  6739   31.333 x1.00] TEL charge Strike n=0.98 spd=1.00 mult=1.00 st=Attack anim=Charge/- drift=18.06 cut=18.06 meshOff=0.24m vis bounds+0.1m pos=(473.3,424.2) dist=2.6 vel=0.0
[  6746   31.360 x1.00] LOG  [OniBoss] Attack → Recovery
[  6746   31.360 x1.00] LOG  [OniBoss] Playing animation: Watch
[  6746   31.360 x1.00] LOG  [OniBoss:Layer] charge fire trail: released — burns out over 3.8s where the rush ended.
[  6746   31.360 x1.00] LOG  [OniBoss:Layer] charge complete: engine left Attack (now Recovery) during Strike
[  6760   31.417 x1.00] TEL charge None   n=1.03 spd=1.00 mult=1.00 st=Recovery anim=Charge/h-1849006814 drift=12.17 cut=12.17 meshOff=0.24m vis bounds+0.0m pos=(473.3,424.2) dist=2.6 vel=0.0
[  6784   31.503 x1.00] TEL charge None   n=1.09 spd=1.00 mult=1.00 st=Recovery anim=Charge/h-1849006814 drift=3.73 cut=3.73 meshOff=0.24m vis bounds+0.2m pos=(473.3,424.2) dist=2.6 vel=0.0
[  6786   31.512 x1.00] LOG  [OniBoss] Recovery → Attack
[  6786   31.512 x1.00] LOG  [OniBoss] Attack: ClubSlam (20 dmg)
[  6786   31.512 x1.00] LOG  [OniBoss:Trail] ClubSlam trail START at clip 1.00 (transition still blending).
[  6804   31.590 x1.00] TEL charge None   n=1.09 spd=2.00 mult=2.00 st=Attack anim=Charge/h283984468 drift=0.92 cut=0.92 meshOff=0.24m vis bounds+0.3m pos=(473.3,424.2) dist=2.6 vel=0.0
[  6812   31.620 x1.00] LOG  [OniBoss:Layer] charge end (clip left the animator) after 2.16s real: pin measured 548 frames, cancelled on 548, max raw drift 18.07m, max cancelled 18.07m — travel WAS baked in, pin held it
[  6893   31.922 x1.00] LOG  [CameraGameFeel] Shake: intensity=0.50 duration=0.400s
[  6893   31.922 x1.00] LOG  [Combat] Hit react: HitReact_Heavy_2Leg (0.9s, clip starts at 0.35s)
[  6893   31.922 x1.00] LOG  [CameraGameFeel] Shake: intensity=0.60 duration=0.200s
[  6893   31.922 x1.00] LOG  [CameraGameFeel] FOV punch: player damage (-3.0°)
[  6893   31.922 x1.00] LOG  [OniBoss] Hit player for 30 (ClubSlam) [combo x1.50]
[  6893   31.922 x1.00] LOG  [OniBoss:Touch] ClubSlam: club TOUCHED Yoru at clip 0.44 — shaft 0.58m from her body line, tip speed 115m/s, ONE FRAME EARLY (predicted). Full club hit delivered this frame.
[  6899   31.948 x1.00] LOG  [HitReactTrace] asked for 'HitReact_Heavy_2Leg' (0.90s, clip start 0.35s): playing it, blend resolved after 26 ms, state 1.21s long at speed 1.00, now at 0.37s, layer weight 1.00, animator.speed 1.00.
[  6990   32.306 x1.00] LOG  [OniBoss:ClubPos] ClubSlam at strike: club tip 0.59m up, 2.90m in front, -0.23m to his right (2.91m out from his centre). Club faces 4deg from his forward, pitch -0.25. (the ground wave is born 1.6m in front of him at 0.35m.)
[  6990   32.306 x1.00] LOG  [OniBoss:Layer] ClubSlam: club already hit — ground wave released as VISUAL only (0 damage), finisher size x2.0.
[  7023   32.437 x1.00] LOG  [OniBoss] Attack → Recovery
[  7023   32.437 x1.00] LOG  [OniBoss] Playing animation: Watch
[  7023   32.437 x1.00] LOG  [OniBoss:Trail] trail END at clip 1.00, fading over 0.40s.
[  7023   32.437 x1.00] LOG  [OniBoss:Strike] ClubSlam: club tip closest to Yoru at 0.30m, clip position 0.85 | damage fires at 0.85 | clip 0.93s => MATCHED (within one or two frames)
[  7059   32.588 x1.00] LOG  [OniBoss] Recovery → Chase
[  7060   32.592 x1.00] LOG  [OniBoss] hold-ground: BACKSTEP 1.5m (player 2.6m)
[  7278   33.533 x1.00] LOG  [OniBoss] hold-ground: backstep done (1.50m), WATCH (player 4.1m, cooldown 0.9s)
[  7278   33.533 x1.00] LOG  [OniBoss] Playing animation: Idle
[  7493   34.391 x1.00] LOG  [OniBoss] hold-ground: cooldown over, player 4.1m > 3.5m — APPROACH
[  7493   34.391 x1.00] LOG  [OniBoss] Playing animation: Walk
[  7640   35.005 x1.00] LOG  [OniBoss] Combo started: ClubSwing1 → ClubSwing2 → ClubSlam (3 steps remaining)
[  7640   35.005 x1.00] LOG  [OniBoss] Chase → Attack
[  7640   35.005 x1.00] LOG  [OniBoss] Attack: Club_Swing (16 dmg)
[  7640   35.005 x1.00] LOG  [OniBoss:Trail] Club_Swing trail START at clip 0.33 (transition done).
[  7644   35.022 x1.00] LOG  [OniBoss:Layer] step-in: 'Club_Swing' closed 0.08m, Yoru now 3.0m away (range 3.5)
[  7722   35.363 x1.00] LOG  [OniBoss:ClubPos] Club_Swing at strike: club tip 3.02m up, 2.55m in front, -2.93m to his right (3.88m out from his centre). Club faces -81deg from his forward, pitch 0.40. (the ground wave is born 1.6m in front of him at 0.35m.)
[  7722   35.363 x1.00] LOG  [OniBoss:Layer] Club_Swing: club has not connected — ground wave released ARMED, 1.6m in front, 12m/s x 6.0m = 0.50s, carrying 8 (half of the club's 16).
[  7723   35.368 x1.00] LOG  [Combat] Hit react: HitReact_Light_2Leg (0.5s, clip starts at 0.35s)
[  7723   35.368 x1.00] LOG  [CameraGameFeel] Shake: intensity=0.30 duration=0.200s
[  7723   35.368 x1.00] LOG  [CameraGameFeel] FOV punch: player damage (-2.0°)
[  7723   35.368 x1.00] LOG  [OniBoss:Wave] wave TOUCHED Yoru (grounded) for 8 after 0.1m / 0.00s of travel.
[  7728   35.390 x1.00] LOG  [HitReactTrace] asked for 'HitReact_Light_2Leg' (0.50s, clip start 0.35s): playing it, blend resolved after 22 ms, state 1.21s long at speed 1.00, now at 0.37s, layer weight 1.00, animator.speed 1.00.
[  7822   35.752 x1.00] WARN The referenced script on this Behaviour (Game Object '<null>') is missing!
[  7822   35.752 x1.00] WARN The referenced script on this Behaviour (Game Object 'Lightning Light') is missing!
[  7822   35.752 x1.00] WARN The referenced script on this Behaviour (Game Object 'Lightning Light') is missing!
[  7843   35.840 x1.00] LOG  [OniBoss] Attack → Recovery
[  7843   35.840 x1.00] LOG  [OniBoss] Playing animation: Watch
[  7843   35.840 x1.00] LOG  [OniBoss:Trail] trail END at clip 0.99, fading over 0.40s.
[  7843   35.840 x1.00] LOG  [OniBoss:Strike] Club_Swing: club tip closest to Yoru at 1.50m, clip position 0.91 | damage fires at 0.42 | clip 0.84s => damage fires 414 ms BEFORE the club is closest
[  7877   35.995 x1.00] LOG  [OniBoss] Recovery → Attack
[  7877   35.995 x1.00] LOG  [OniBoss] Attack: ClubSwing2 (16 dmg)
[  7877   35.995 x1.00] LOG  [OniBoss:Trail] ClubSwing2 trail START at clip 1.00 (transition still blending).
[  7945   36.332 x1.00] LOG  [CameraGameFeel] Shake: intensity=0.20 duration=0.250s
[  7945   36.332 x1.00] LOG  [Combat] Hit react: HitReact_Light_2Leg (0.5s, clip starts at 0.35s)
[  7945   36.332 x1.00] LOG  [CameraGameFeel] Shake: intensity=0.30 duration=0.200s
[  7945   36.332 x1.00] LOG  [CameraGameFeel] FOV punch: player damage (-2.0°)
[  7945   36.332 x1.00] LOG  [OniBoss] Hit player for 20 (ClubSwing2) [combo x1.25]
[  7945   36.332 x1.00] LOG  [OniBoss:Touch] ClubSwing2: club TOUCHED Yoru at clip 0.29 — shaft 0.61m from her body line, tip speed 98m/s, ONE FRAME EARLY (predicted). Full club hit delivered this frame.
[  7946   36.336 x1.00] LOG  [HitReactTrace] asked for 'HitReact_Light_2Leg' (0.50s, clip start 0.35s): NOT playing it, another state took the combat layer, blend resolved after 5 ms, state 1.00s long at speed 1.00, now at 0.46s, layer weight 1.00, animator.speed 1.00.
[  7956   36.375 x1.00] LOG  [OniBoss:ClubPos] ClubSwing2 at strike: club tip 0.09m up, 1.81m in front, 2.42m to his right (3.02m out from his centre). Club faces 5deg from his forward, pitch -0.88. (the ground wave is born 1.6m in front of him at 0.35m.)
[  7956   36.375 x1.00] LOG  [OniBoss:Layer] ClubSwing2: club already hit — ground wave released as VISUAL only (0 damage).
[  8159   37.156 x1.00] LOG  [OniBoss] Attack → Recovery
[  8159   37.156 x1.00] LOG  [OniBoss] Playing animation: Watch
[  8159   37.156 x1.00] LOG  [OniBoss:Trail] trail END at clip 0.99, fading over 0.40s.
[  8159   37.156 x1.00] LOG  [OniBoss:Strike] ClubSwing2: club tip closest to Yoru at 0.39m, clip position 0.30 | damage fires at 0.32 | clip 1.17s => MATCHED (within one or two frames)
[  8195   37.309 x1.00] LOG  [OniBoss] Recovery → Attack
[  8195   37.309 x1.00] LOG  [OniBoss] Attack: ClubSlam (20 dmg)
[  8195   37.309 x1.00] LOG  [OniBoss:Trail] ClubSlam trail START at clip 1.00 (transition still blending).
[  8299   37.724 x1.00] LOG  [CameraGameFeel] Shake: intensity=0.50 duration=0.400s
[  8299   37.724 x1.00] LOG  [Combat] Hit react: HitReact_Heavy_2Leg (0.9s, clip starts at 0.35s)
[  8299   37.724 x1.00] LOG  [CameraGameFeel] Shake: intensity=0.60 duration=0.200s
[  8299   37.724 x1.00] LOG  [CameraGameFeel] FOV punch: player damage (-3.0°)
[  8299   37.724 x1.00] LOG  [OniBoss] Hit player for 30 (ClubSlam) [combo x1.50]
[  8299   37.724 x1.00] LOG  [OniBoss:Touch] ClubSlam: club TOUCHED Yoru at clip 0.45 — shaft 0.60m from her body line, tip speed 112m/s, ONE FRAME EARLY (predicted). Full club hit delivered this frame.
[  8300   37.729 x1.00] LOG  [HitReactTrace] asked for 'HitReact_Heavy_2Leg' (0.90s, clip start 0.35s): NOT playing it, another state took the combat layer, blend resolved after 5 ms, state 1.00s long at speed 1.00, now at 0.89s, layer weight 1.00, animator.speed 1.00.
[  8392   38.105 x1.00] LOG  [OniBoss:ClubPos] ClubSlam at strike: club tip 0.58m up, 2.90m in front, -0.23m to his right (2.91m out from his centre). Club faces 5deg from his forward, pitch -0.25. (the ground wave is born 1.6m in front of him at 0.35m.)
[  8392   38.105 x1.00] LOG  [OniBoss:Layer] ClubSlam: club already hit — ground wave released as VISUAL only (0 damage), finisher size x2.0.
[  8422   38.230 x1.00] LOG  [OniBoss] Attack → Recovery
[  8422   38.230 x1.00] LOG  [OniBoss] Playing animation: Watch
[  8422   38.230 x1.00] LOG  [OniBoss:Trail] trail END at clip 0.99, fading over 0.40s.
[  8422   38.230 x1.00] LOG  [OniBoss:Strike] ClubSlam: club tip closest to Yoru at 0.13m, clip position 0.85 | damage fires at 0.85 | clip 0.93s => MATCHED (within one or two frames)
[  8459   38.381 x1.00] LOG  [OniBoss] Recovery → Chase
[  8460   38.384 x1.00] LOG  [OniBoss] hold-ground: BACKSTEP 1.5m (player 3.0m)
[  8654   39.210 x1.00] LOG  [OniBoss] hold-ground: backstep done (1.32m), WATCH (player 4.3m, cooldown 1.0s)
[  8654   39.210 x1.00] LOG  [OniBoss] Playing animation: Watch
[  8880   40.181 x1.00] LOG  [OniBoss] hold-ground: cooldown over, player 4.3m > 3.5m — APPROACH
[  8880   40.181 x1.00] LOG  [OniBoss] Playing animation: Walk
[  9048   40.883 x1.00] LOG  [OniBoss] Combo started: ClubSwing1 → ClubSwing2 → ClubSlam (3 steps remaining)
[  9048   40.883 x1.00] LOG  [OniBoss] Chase → Attack
[  9048   40.883 x1.00] LOG  [OniBoss] Attack: Club_Swing (16 dmg)
[  9048   40.883 x1.00] LOG  [OniBoss:Trail] Club_Swing trail START at clip 0.38 (transition done).
[  9051   40.897 x1.00] LOG  [OniBoss:Layer] step-in: 'Club_Swing' closed 0.07m, Yoru now 3.0m away (range 3.5)
[  9118   41.175 x1.00] LOG  [StormWeather] terrain layers restored to dry values.
# end — 229 lines
