# Oni combat log — 2026-09-20 21:29:29
# Unity 6000.2.7f2 | scene 'CaveScene_Oni_Boss1' | platform OSXEditor
# columns: [frame realSeconds timeScale] KIND message      (KIND: LOG WARN ERR EXC TEL)
#
[     0    0.000 x1.00] LOG  [OniLog] console + telemetry → /Users/asenahazal/Documents/Yoru/OniLogs/oni_2026-09-20_21-29-29.log
[     0    0.000 x1.00] LOG  [OniHairShadows] shadow casting off on 27 hair renderers
[     0    0.000 x1.00] LOG  [RingMesh] Auto-found 11/11 left, 11/11 right meshes
[     1    0.000 x1.00] LOG  [GameOver] ready (sumi-e): PlayerCombat found, ink shader ok, paper set, kanji set, font YujiSyuku-Regular SDF, Main Menu faint (no scene set)
[     1    0.000 x1.00] LOG  [PeachUI] row ready: 4 peaches, 64 px, TopLeft, bleed sprite set, PlayerHealth found
[     1    0.000 x1.00] LOG  [BossBar] BossHealthBarUI initialized
[     1    0.000 x1.00] LOG  [StormWeather] layer 'TerrainLayer_Dirt_01' dry smoothness=0.00 (restore to this if a crash ever leaves it wet)
[     1    0.000 x1.00] LOG  [StormWeather] post volumes ready on layer 9 (storm priority 10, flash priority 11).
[     1    0.000 x1.00] LOG  [StormWeather] ROUND 80: fur weather ready on 'Weather Zone'. Rain 0, wind 0.50 in the open, sky check 30 m from 'PlayerYoru_1.1'.
[     1    0.000 x1.00] LOG  [StormWeather] COZY bridge: Rain_Cave retired, COZY owns the rain now.
[     1    0.000 x1.00] LOG  [StormWeather] COZY → 'Clear' (pre-fight - open sky, 0 s)
[     1    0.000 x1.00] LOG  [StormWeather] Ready. Open sky, dry floor. Waiting for the fight.
[     1    0.000 x1.00] LOG  OniBoss initialized with 2500 HP
[     1    0.000 x1.00] LOG  [OniBoss] ANIMATOR SETUP: cullingMode=CullUpdateTransforms updateMode=Normal applyRootMotion=False speed=1
[     1    0.000 x1.00] LOG  [OniBoss] Initialized
[     1    0.000 x1.00] LOG  [OniBoss:Layer] facing: minFlat 1m, snapOnAttack off, trackInHitReact off, aimTurn 540 deg/s for the first 0.20 of the swing
[     1    0.000 x1.00] LOG  [OniBoss:Layer] Yoru launch model ON: launches ALL THE WAY to an enemy within 4.7m of its surface at 10m/s (stop gap 0.00m, NO minimum distance), else steps 0.90m forward. Targeting cone left exactly as her prefab has it.
[     1    0.000 x1.00] LOG  [OniBoss:Layer] Yoru launch ROUND 9: airborne attacks launch too (ON), edge probe now runs on its OWN layer mask (Everything) instead of the line-of-sight mask - the Ground-only mask found no floor in this cave and was cancelling 100% of launches at 0.00m travelled.
[     1    0.000 x1.00] LOG  [OniBoss:Layer] animator speed x1.35 — his 1.13s swing now plays in 0.84s.
[     1    0.000 x1.00] LOG  [OniBoss:Layer] chase speed pushed: phase1 4.5, phase2 5.5 (Yoru runs at 7).
[     1    0.000 x1.00] LOG  [OniBoss:Layer] ground wave ON (round 38): half the club's damage on TOUCH, 12m/s x 6.0m from 1.6m in front at 0.35m height — a club hit cancels that swing's wave, jumping clears it. Per-attack effects come from the Swing Wave VFX By Attack rows. PlayerHealth found, PlayerMovement found.
[     1    0.000 x1.00] LOG  [StormWeather] storm break HELD (waiting for the lightning beat)
[     1    0.000 x1.00] LOG  [OniBoss:Layer] storm break HELD — it releases at the lightning-on-the-club beat.
[     1    0.000 x1.00] LOG  [OniBoss:Layer] club tracking ON — tip 'Kanabo3' (depth 4), shaft root 'kanabo'.
[     1    0.000 x1.00] LOG  [OniBoss:Layer] skinned meshes: 46 renderer(s), updateWhenOffscreen ON, body renderer 'Body' rootBone 'Hips'
[     1    0.000 x1.00] LOG  [OniBoss:Layer] charge travel bone: 'Hips' at depth 1 under 'OniBoss', rest local (0.00, 3.24, -0.24)
[     1    0.000 x1.00] LOG  [OniBoss:Layer] anti-kite ON: thrown swing after 4s of failed chase (within 7.6m), charge after 6s.
[     1    0.000 x1.00] LOG  [OniBoss:Layer] charge drive ON (windup to 0.40 at x1.3, rush 14m/s stops at 2.6m, steers 0.35s then commits, strike section from 0.58, strike moment 0.76, trail VFX off)
[     1    0.000 x1.00] LOG  [OniBoss:Layer] attack armor ON (his swings are not interrupted by light/medium hits; heavy hits and rapid-hit bursts still stop him)
[     1    0.000 x1.00] LOG  [OniBoss:Layer] strike moments overridden: Club_Swing=0.42 ClubSwing2=0.32 ClubSlam=0.85 KanaboSweep=0.48
[     1    0.000 x1.00] LOG  [OniBoss:Layer] club TOUCH hits ON (radius 0.70m, min tip speed 50m/s, armed from 0.20 of the clip): Club_Swing ClubSwing2 ClubSlam KanaboSweep. First touch wins — club full damage, wave half, one hit per swing.
[     1    0.000 x1.00] LOG  [OniBoss:Layer] combo damage ramp ON: mid x1.25, finisher x1.50 — finisher wave carries FULL damage at x2.0 size, x2.0 travel.
[     1    0.000 x1.00] LOG  [OniBoss:Layer] charge follow-up ON: 90 % of solo charges chain into a random melee finisher.
[     1    0.000 x1.00] LOG  [OniBoss:Layer] hold-ground ON (backstep 1.5m @ 1.6m/s after own attacks, watch 'Watch', attack facing LOCKED)
[     1    0.000 x1.00] LOG  [OniBoss:Layer] OniBoss layer ready (reactions, wake-on-hit, watch stance, boss bar). player=found
[     1    0.000 x1.00] LOG  [OniBoss:Layer] charge clip 'Oni Charge.fbx' imports with Root Motion Node = None (in place) — good.
[     1    0.000 x1.00] LOG  [OniBoss:Layer] clips importing with Root Transform Position (Y) NOT baked into pose (12): Oni_Alert(Oni Alert), Club_Slam(Oni Club Slam), Club_Swing(Oni Club Swing), Club_swing2(Oni Club Swing 2), Death(Oni Death Kneel), Hit_react_light(Oni Hit react lighter light), KanaboSweep(Oni Kanabo sweep), Phase_Transition(Oni Phase transition), run(Oni Run), Walk(Oni Walk), Watch(Oni Watch), Idle(Oni Idle) — their hips' up/down motion is stripped (see round notes; optional).
[     1    0.000 x1.00] LOG  === VFX MANAGER INITIALIZED ===
[     1    0.000 x1.00] LOG  Auto-detect animations: False
[     1    0.000 x1.00] LOG  Parent effects to tail: True
[     1    0.000 x1.00] LOG  Prefabs: Jump=True, Land=True, LTail=True, RTail=True
[     1    0.000 x1.00] LOG  ✅ Left Tail Tip: LeftTailTip_Anchor
[     1    0.000 x1.00] LOG  ✅ Right Tail Tip: RightTailTip_Anchor
[     1    0.000 x1.00] LOG  [VolumetricFogController] applyPresets is OFF in this scene. The Volumetric Fog component keeps its hand-set inspector values.
[     1    0.000 x1.00] LOG  [TailAirShot] Ready. drawState=RightTail_Fast castParam=TailCastSpeed (found)
  arrow leaves: PlayerYoru_1.1/Cat_All_10_Tails_v4/Group/DeformationSystem/root/Root_M/Tail15_R/Tail151_R/Tail152_R/Tail153_R/Tail154_R/Tail155_R/Tail156_R/Tail157_R/Tail158_R/Tail159_R/Tail1510_R/Tail1511_R/Tail1512_R/Tail6_R/Tail6_R_end/Tail6_R_end_end/Tail6_R_end_end_end/RightTailTip_Anchor
  aim VFX: PlayerYoru_1.1/Cat_All_10_Tails_v4/Group/DeformationSystem/root/Root_M/Tail15_R/Tail151_R/Tail152_R/Tail153_R/Tail154_R/Tail155_R/Tail156_R/Tail157_R/Tail158_R/Tail159_R/Tail1510_R/Tail1511_R/Tail1512_R/Tail6_R/Tail6_R_end/Tail6_R_end_end/Tail6_R_end_end_end/RightTailTip_Anchor/vfx_Muzzle_Fireball01Blue
[     1    0.000 x1.00] LOG  [RingMesh] VFX Status:
[     1    0.000 x1.00] LOG    Left: Prefab=✓, Spawn=Tail6_L_end_end_end
[     1    0.000 x1.00] LOG    Right: Prefab=✓, Spawn=Tail6_R_end_end_end
[     1    0.000 x1.00] LOG  [TailAirShot4Leg] Ready. drawState=shoot_4Leg castParam=Shoot4LegSpeed (found) readyFrame=5 fireFrame=10 frames=24 slowBudget=3s real damageMultiplier=2.00
  arrow leaves: PlayerYoru_1.1/Cat_All_10_Tails_v4/Group/DeformationSystem/root/Root_M/Tail15_R/Tail151_R/Tail152_R/Tail153_R/Tail154_R/Tail155_R/Tail156_R/Tail157_R/Tail158_R/Tail159_R/Tail1510_R/Tail1511_R/Tail1512_R/Tail6_R/Tail6_R_end/Tail6_R_end_end/Tail6_R_end_end_end/RightTailTip_Anchor
  aim VFX left:  PlayerYoru_1.1/Cat_All_10_Tails_v4/Group/DeformationSystem/root/Root_M/Tail15_L/Tail151_L/Tail152_L/Tail153_L/Tail154_L/Tail155_L/Tail156_L/Tail157_L/Tail158_L/Tail159_L/Tail1510_L/Tail1511_L/Tail1512_L/Tail6_L/Tail6_L_end/Tail6_L_end_end/Tail6_L_end_end_end/LeftTailTip_Anchor/Glow_4Leg_L
  aim VFX right: PlayerYoru_1.1/Cat_All_10_Tails_v4/Group/DeformationSystem/root/Root_M/Tail15_R/Tail151_R/Tail152_R/Tail153_R/Tail154_R/Tail155_R/Tail156_R/Tail157_R/Tail158_R/Tail159_R/Tail1510_R/Tail1511_R/Tail1512_R/Tail6_R/Tail6_R_end/Tail6_R_end_end/Tail6_R_end_end_end/RightTailTip_Anchor/Glow_4Leg_R
[     1    0.000 x1.00] LOG  [PlayerCombat] Phase 2 form gate CONNECTED (FormController found on this GameObject).
[     1    0.000 x1.00] LOG  [Combat] PlayerCombat initialized, Phase 3C v27
[     1    0.000 x1.00] LOG  [CameraGameFeel] CameraGameFeel initialized (shake + FOV)
[     1    5.467 x1.00] LOG  [OniBoss] Playing animation: Idle
[    45    7.327 x1.00] LOG  💨 Landing VFX spawned!
[    45    7.327 x1.00] LOG  ✅ LANDED! (was jump #0)
[   685   11.303 x1.00] LOG  [OniBoss:Layer] watch stance ON (player 14.9m)
[   901   12.679 x1.00] LOG  [OniBoss] LostSoul → Alert
[   901   12.679 x1.00] LOG  [OniBoss] Playing animation: Oni_Alert
[   901   12.679 x1.00] LOG  [BossBar] Showing bar for: Oni (2500/2500)
[   901   12.679 x1.00] LOG  [OniBoss:Layer] boss bar shown
[   902   12.688 x1.00] LOG  [StormWeather] COZY → 'Yoru_Oni_Phase1_Storm' (fight engaged - storm rolls in, 0 s)
[   902   12.688 x1.00] LOG  [StormWeather] FIGHT STARTED (he engaged) - storm on, floor starts to soak.
[   903   12.695 x1.00] WARN The referenced script on this Behaviour (Game Object '<null>') is missing!
[   903   12.695 x1.00] WARN The referenced script on this Behaviour (Game Object 'Lightning Light') is missing!
[   903   12.695 x1.00] WARN The referenced script on this Behaviour (Game Object 'Lightning Light') is missing!
[   953   13.026 x1.00] LOG  [StormWeather] fur: rain reaching the coat (intensity 0.01, follows floor wetness).
[   974   13.182 x1.00] LOG  [OniBoss] Alert → Chase
[   975   13.187 x1.00] LOG  [OniBoss] Pull-band decision: RUN-IN (dist 5.4m, pullRange 0m, chance 0.50)
[   975   13.187 x1.00] LOG  [OniBoss] Playing animation: run
[  1013   13.438 x1.00] LOG  [OniBoss] Playing animation: Watch
[  1013   13.438 x1.00] LOG  [OniBoss] Chase → Attack
[  1013   13.438 x1.00] LOG  [OniBoss] Attack: ClubSwing2 (16 dmg)
[  1013   13.438 x1.00] LOG  [OniBoss:Trail] ClubSwing2 trail START at clip 0.26 (transition done).
[  1017   13.469 x1.00] LOG  [OniBoss:Layer] step-in: 'ClubSwing2' closed 0.20m, Yoru now 3.0m away (range 3.5)
[  1020   13.489 x1.00] LOG  [StormWeather] storm post weight -> 0.40
[  1055   13.704 x1.00] LOG  [Combat] Combo 1: 10 dmg
[  1055   13.704 x1.00] LOG  [ComboTrace] START step=1 state='Combo1' queued=0 target='OniBoss' at 2.5m
[  1055   13.704 x1.00] LOG  [ComboTrace] LAUNCH OniBoss at 1.1m dist=1.14m in 0.13s
[  1065   13.768 x1.00] LOG  [CameraGameFeel] Shake: intensity=0.20 duration=0.250s
[  1065   13.768 x1.00] LOG  [Peach] light hit 16 dmg: 2 bites. 14/16 bites = 3.5 of 4 peaches
[  1065   13.768 x1.00] LOG  [Combat] Combo memory: light hit, keeping step 1
[  1065   13.768 x1.00] LOG  [Combat] Hit react: HitReact_Light_2Leg (0.5s, clip starts at 0.35s)
[  1065   13.768 x1.00] LOG  [CameraGameFeel] Shake: intensity=0.30 duration=0.200s
[  1065   13.768 x1.00] LOG  [CameraGameFeel] FOV punch: player damage (-2.0°)
[  1065   13.768 x1.00] LOG  [OniBoss] Hit player for 16 (ClubSwing2)
[  1065   13.768 x1.00] LOG  [OniBoss:Touch] ClubSwing2: club TOUCHED Yoru at clip 0.28, shaft 0.47m from her body line, head 0.50 along the club, tip 1.36m up, tip speed 91m/s, ONE FRAME EARLY (predicted). Full club hit delivered this frame.
[  1066   13.779 x1.00] LOG  [HitReactTrace] asked for 'HitReact_Light_2Leg' (0.50s, clip start 0.35s): NOT playing it, another state took the combat layer, blend resolved after 11 ms, state 0.95s long at speed 1.60, now at 0.06s, layer weight 1.00, animator.speed 1.00.
[  1073   13.830 x1.00] LOG  [OniBoss:ClubPos] ClubSwing2 at strike: club tip 0.29m up, 1.43m in front, 2.85m to his right (3.19m out from his centre). Club faces 26deg from his forward, pitch -0.89. (the ground wave is born 1.6m in front of him at 0.35m.)
[  1073   13.830 x1.00] LOG  [OniBoss:Layer] ClubSwing2: club already hit — ground wave released as VISUAL only (0 damage).
[  1147   14.333 x1.00] LOG  [Combat] Combo 2: 20 dmg
[  1147   14.333 x1.00] LOG  [ComboTrace] START step=2 state='Combo2' queued=0 target='OniBoss' at 2.0m
[  1147   14.333 x1.00] LOG  [ComboTrace] LAUNCH OniBoss at 0.8m dist=0.75m in 0.13s
[  1166   14.477 x1.00] LOG  [ComboTrace] LAUNCH RESULT wanted=0.75m actually moved=0.00m, completed
[  1181   14.569 x1.00] LOG  [Combat] Queued click #1 (combo 2)
[  1181   14.569 x1.00] LOG  [ComboTrace] QUEUED #1 during step 2
[  1186   14.601 x1.00] LOG  [OniBoss] Attack → Recovery
[  1186   14.601 x1.00] LOG  [OniBoss] Playing animation: Watch
[  1186   14.601 x1.00] LOG  [OniBoss:Trail] trail END at clip 0.99, fading over 0.40s.
[  1186   14.601 x1.00] LOG  [OniBoss:Strike] ClubSwing2: club tip closest to Yoru at 1.40m, clip position 0.30 | damage fires at 0.32 | clip 1.17s => MATCHED (within one or two frames)
[  1204   14.754 x1.00] LOG  [OniBoss] Recovery → Chase
[  1205   14.760 x1.00] LOG  [OniBoss] hold-ground: BACKSTEP 1.5m (player 2.0m)
[  1219   14.849 x1.00] LOG  [Combat] Queued click #2 (combo 2)
[  1219   14.849 x1.00] LOG  [ComboTrace] QUEUED #2 during step 2
[  1235   14.958 x1.00] LOG  🐾🐾 VFX_TowPaw triggered!
[  1237   14.977 x1.00] LOG  OniBoss took 20 damage. HP: 2480/2500
[  1237   14.977 x1.00] LOG  [Stance] OniBoss 10/100 (+10 light)
[  1237   14.977 x1.00] LOG  [OniBoss] Chase → HitReact
[  1237   14.977 x1.00] LOG  [OniBoss:Layer] react tier: MEDIUM (20 dmg) → 'HitReact_medium'
[  1237   14.977 x1.00] LOG  [OniReactTrace] #1 MEDIUM (20 dmg) asked for 'HitReact_medium': crossfade 0.08s, animator speed 1.35, world x1.00
[  1237   14.977 x1.00] LOG  [Momentum] 0 -> 1 (hit), speed x1.05, damage x1.05, impact x1.05
[  1237   14.977 x1.00] LOG  [CameraGameFeel] Shake: intensity=0.06 duration=0.080s
[  1237   14.977 x1.00] LOG  [Combat] Hit OniBoss for 20
[  1237   14.977 x1.00] LOG  [CameraGameFeel] Shake: intensity=0.53 duration=0.200s
[  1237   14.977 x1.00] LOG  [CameraGameFeel] FOV punch: hit light (+1.5°)
[  1238   15.000 x1.00] LOG  [OniReactTrace] #1 +0.02s state SOMETHING ELSE, clip on his bones 'Take 001' weight 1.00, layer weight 1.00, animator speed 0.00, world x1.00, engine HitReact
[  1249   15.078 x1.00] LOG  [OniReactTrace] #1 +0.10s state SOMETHING ELSE, clip on his bones 'Take 001' weight 0.20, blending INTO 'HitReact_medium', layer weight 1.00, animator speed 1.35, world x1.00, engine HitReact
[  1272   15.228 x1.00] LOG  [OniReactTrace] #1 +0.25s state 'HitReact_medium' at 18 % of its 1.08s, clip on his bones 'Take 001' weight 1.00, layer weight 1.00, animator speed 1.35, world x1.00, engine HitReact
[  1293   15.375 x1.00] LOG  🐾🐾 VFX_TowPaw triggered!
[  1295   15.387 x1.00] LOG  [ComboTrace] CLICK IGNORED (step=2 queued=2)
[  1298   15.404 x1.00] LOG  [Combat] Combo 3: 35 dmg
[  1298   15.404 x1.00] LOG  [ComboTrace] START step=3 state='Combo3' queued=1 target='OniBoss' at 2.7m
[  1298   15.404 x1.00] LOG  [ComboTrace] LAUNCH OniBoss at 1.4m dist=1.37m in 0.14s
[  1298   15.404 x1.00] LOG  [YoruVFX] Ground hazard: 'VFX_Void_Area_GroundSpinYORU' laid at GroundVFX ((482.61, 0.82, 405.63)), floor tilt 4.6 deg, 17 delays shifted by 2.00s, own lifetime 8.98s
[  1298   15.404 x1.00] LOG  [Combat] Hazard zone tick: OniBoss for 25
[  1298   15.404 x1.00] LOG  [Combat] Hazard zone laid: 8.98s, 25 dmg every 0.50s in 2.00m
[  1301   15.428 x1.00] LOG  [OniReactTrace] #1 +0.45s state 'HitReact_medium' at 37 % of its 1.08s, clip on his bones 'Take 001' weight 1.00, layer weight 1.00, animator speed 1.35, world x1.00, engine HitReact
[  1307   15.466 x1.00] LOG  OniBoss took 37 damage. HP: 2418/2500
[  1307   15.466 x1.00] LOG  [Stance] OniBoss 20/100 (+10 light)
[  1307   15.466 x1.00] LOG  [OniBoss:Layer] burst: 2 hits / 57 dmg → flinch upgraded to 'HitReact_medium'
[  1307   15.466 x1.00] LOG  [OniReactTrace] #2 BURST UPGRADE (57 dmg) asked for 'HitReact_medium': crossfade 0.08s, animator speed 1.35, world x1.00
[  1307   15.466 x1.00] LOG  [Momentum] 1 -> 2 (hit), speed x1.10, damage x1.10, impact x1.10
[  1307   15.466 x1.00] LOG  [CameraGameFeel] Shake: intensity=0.06 duration=0.080s
[  1307   15.466 x1.00] LOG  [CameraGameFeel] Shake: intensity=0.55 duration=0.200s
[  1307   15.466 x1.00] LOG  [CameraGameFeel] FOV punch: hit light (+1.5°)
[  1308   15.475 x1.00] LOG  [OniReactTrace] #2 +0.01s state 'HitReact_medium' at 40 % of its Infinitys, clip on his bones 'Take 001' weight 1.00, blending INTO 'HitReact_medium', layer weight 1.00, animator speed 0.00, world x1.00, engine HitReact
[  1318   15.544 x1.00] LOG  [ComboTrace] LAUNCH RESULT wanted=1.37m actually moved=0.91m, completed
[  1321   15.569 x1.00] LOG  [OniReactTrace] #2 +0.10s state 'HitReact_medium' at 45 % of its 1.08s, clip on his bones 'Take 001' weight 0.17, blending INTO 'HitReact_medium', layer weight 1.00, animator speed 1.35, world x1.00, engine HitReact
[  1342   15.718 x1.00] LOG  [OniReactTrace] #2 +0.25s state 'HitReact_medium' at 18 % of its 1.08s, clip on his bones 'Take 001' weight 1.00, layer weight 1.00, animator speed 1.35, world x1.00, engine HitReact
[  1351   15.781 x1.00] LOG  [OniBoss] HitReact → Chase
[  1352   15.788 x1.00] LOG  [OniBoss] Playing animation: Idle
[  1368   15.908 x1.00] LOG  [Combat] Hazard zone tick: OniBoss for 25
[  1369   15.920 x1.00] LOG  [OniReactTrace] #2 +0.45s state 'HitReact_medium' at 37 % of its 1.08s, clip on his bones 'Take 001' weight 0.32, blending into a DIFFERENT state, layer weight 1.00, animator speed 1.35, world x1.00, engine Chase
[  1405   16.170 x1.00] LOG  [OniReactTrace] #2 +0.70s state SOMETHING ELSE, clip on his bones 'Take 001' weight 1.00, layer weight 1.00, animator speed 1.35, world x1.00, engine Chase
[  1413   16.225 x1.00] LOG  [ComboTrace] END step=3 clipProgress=0.95 clipLen=0.79s queued=0 elapsed=0.82s
[  1439   16.410 x1.00] LOG  [Combat] Hazard zone tick: OniBoss for 25
[  1440   16.417 x1.00] LOG  [OniReactTrace] #2 +0.95s state SOMETHING ELSE, clip on his bones 'Take 001' weight 1.00, layer weight 1.00, animator speed 1.35, world x1.00, engine Chase
[  1440   16.417 x1.00] LOG  [OniReactTrace] #2 BURST UPGRADE verdict: CUT SHORT at 45 % of the clip, taken over by 'Take 001'
[  1462   16.559 x1.00] LOG  [OniBoss] Combo started: ClubSwing1 → ClubSwing2 → ClubSlam (3 steps remaining)
[  1462   16.559 x1.00] LOG  [OniBoss] Chase → Attack
[  1462   16.559 x1.00] LOG  [OniBoss] Attack: Club_Swing (16 dmg)
[  1462   16.559 x1.00] LOG  [OniBoss:Trail] Club_Swing trail START at clip 0.50 (transition done).
[  1513   16.918 x1.00] LOG  [Combat] Hazard zone tick: OniBoss for 25
[  1514   16.928 x1.00] LOG  [OniBoss:ClubPos] Club_Swing at strike: club tip 3.03m up, 1.93m in front, -3.18m to his right (3.72m out from his centre). Club faces -94deg from his forward, pitch 0.41. (the ground wave is born 1.6m in front of him at 0.35m.)
[  1514   16.928 x1.00] LOG  [OniBoss:Layer] Club_Swing: club has not connected — ground wave released ARMED, 1.6m in front, 12m/s x 6.0m = 0.50s, carrying 8 (half of the club's 16).
[  1515   16.934 x1.00] LOG  [Peach] light hit 8 dmg: 1 bite. 13/16 bites = 3.25 of 4 peaches
[  1515   16.934 x1.00] LOG  [Momentum] 2 -> 1 (light hit taken, 50% = -1), speed x1.05, damage x1.05, impact x1.05
[  1515   16.934 x1.00] LOG  [Combat] Combo memory: light hit, keeping step 3
[  1515   16.934 x1.00] LOG  [Combat] Hit react: HitReact_Light_2Leg (0.5s, clip starts at 0.35s)
[  1515   16.934 x1.00] LOG  [CameraGameFeel] Shake: intensity=0.30 duration=0.200s
[  1515   16.934 x1.00] LOG  [CameraGameFeel] FOV punch: player damage (-2.0°)
[  1515   16.934 x1.00] LOG  [OniBoss:Wave] wave TOUCHED Yoru (grounded) for 8 after 0.1m / 0.01s of travel.
[  1518   16.958 x1.00] LOG  [HitReactTrace] asked for 'HitReact_Light_2Leg' (0.50s, clip start 0.35s): playing it, blend resolved after 24 ms, state 1.21s long at speed 1.00, now at 0.36s, layer weight 1.00, animator.speed 1.00.
[  1580   17.401 x1.00] LOG  [OniBoss] Attack → Recovery
[  1580   17.401 x1.00] LOG  [OniBoss] Playing animation: Watch
[  1580   17.401 x1.00] LOG  [OniBoss:Trail] trail END at clip 1.00, fading over 0.40s.
[  1580   17.401 x1.00] LOG  [OniBoss:Strike] Club_Swing: club tip closest to Yoru at 0.68m, clip position 0.91 | damage fires at 0.42 | clip 0.84s => damage fires 408 ms BEFORE the club is closest
[  1582   17.420 x1.00] LOG  [Combat] Hazard zone tick: OniBoss for 25
[  1602   17.558 x1.00] LOG  [OniBoss] Recovery → Attack
[  1602   17.558 x1.00] LOG  [OniBoss] Attack: ClubSwing2 (16 dmg)
[  1602   17.558 x1.00] LOG  [OniBoss:Trail] ClubSwing2 trail START at clip 1.00 (transition still blending).
[  1649   17.892 x1.00] LOG  [CameraGameFeel] Shake: intensity=0.20 duration=0.250s
[  1649   17.892 x1.00] LOG  [Peach] light hit 20 dmg: 2 bites. 11/16 bites = 2.75 of 4 peaches
[  1649   17.892 x1.00] LOG  [Momentum] light hit inside the 1.0s grace, no cost (count 1)
[  1649   17.892 x1.00] LOG  [Combat] Combo memory: light hit, keeping step 3
[  1649   17.892 x1.00] LOG  [Combat] Hit react: HitReact_Light_2Leg (0.5s, clip starts at 0.35s)
[  1649   17.892 x1.00] LOG  [CameraGameFeel] Shake: intensity=0.30 duration=0.200s
[  1649   17.892 x1.00] LOG  [CameraGameFeel] FOV punch: player damage (-2.0°)
[  1649   17.892 x1.00] LOG  [OniBoss] Hit player for 20 (ClubSwing2) [combo x1.25]
[  1649   17.892 x1.00] LOG  [OniBoss:Touch] ClubSwing2: club TOUCHED Yoru at clip 0.29, shaft 0.50m from her body line, head 0.55 along the club, tip 1.06m up, tip speed 95m/s, ONE FRAME EARLY (predicted). Full club hit delivered this frame.
[  1650   17.900 x1.00] LOG  [HitReactTrace] asked for 'HitReact_Light_2Leg' (0.50s, clip start 0.35s): NOT playing it, another state took the combat layer, blend resolved after 7 ms, state 1.00s long at speed 1.00, now at 0.45s, layer weight 1.00, animator.speed 1.00.
[  1653   17.925 x1.00] LOG  [Combat] Hazard zone tick: OniBoss for 25
[  1656   17.942 x1.00] LOG  [OniBoss:ClubPos] ClubSwing2 at strike: club tip 0.16m up, 1.66m in front, 2.59m to his right (3.08m out from his centre). Club faces 13deg from his forward, pitch -0.89. (the ground wave is born 1.6m in front of him at 0.35m.)
[  1656   17.942 x1.00] LOG  [OniBoss:Layer] ClubSwing2: club already hit — ground wave released as VISUAL only (0 damage).
[  1660   17.971 x1.00] LOG  [Momentum] 1 -> 0 (drain), speed x1.00, damage x1.00, impact x1.00
[  1726   18.426 x1.00] LOG  [Combat] Hazard zone tick: OniBoss for 25
[  1766   18.728 x1.00] LOG  [OniBoss] Attack → Recovery
[  1766   18.728 x1.00] LOG  [OniBoss] Playing animation: Watch
[  1766   18.728 x1.00] LOG  [OniBoss:Trail] trail END at clip 0.99, fading over 0.40s.
[  1766   18.728 x1.00] LOG  [OniBoss:Strike] ClubSwing2: club tip closest to Yoru at 1.30m, clip position 0.30 | damage fires at 0.32 | clip 1.17s => MATCHED (within one or two frames)
[  1773   18.772 x1.00] LOG  [Combat] Combo 1: 10 dmg
[  1773   18.772 x1.00] LOG  [ComboTrace] START step=1 state='Combo1' queued=0 target='OniBoss' at 2.1m
[  1773   18.772 x1.00] LOG  [ComboTrace] LAUNCH OniBoss at 0.9m dist=0.87m in 0.13s
[  1788   18.880 x1.00] LOG  [OniBoss] Recovery → Attack
[  1788   18.880 x1.00] LOG  [OniBoss] Attack: ClubSlam (20 dmg)
[  1788   18.880 x1.00] LOG  [OniBoss:Trail] ClubSlam trail START at clip 1.00 (transition still blending).
[  1791   18.901 x1.00] LOG  [ComboTrace] LAUNCH RESULT wanted=0.87m actually moved=0.14m, completed
[  1796   18.930 x1.00] LOG  [Combat] Hazard zone tick: OniBoss for 25
[  1843   19.249 x1.00] LOG  OniBoss took 10 damage. HP: 2233/2500
[  1843   19.249 x1.00] LOG  [Stance] OniBoss 10/100 (+10 light)
[  1843   19.249 x1.00] LOG  [OniBoss] 🤕 Hit during Attack — flash only
[  1843   19.249 x1.00] LOG  [Momentum] 0 -> 1 (hit), speed x1.05, damage x1.05, impact x1.05
[  1843   19.249 x1.00] LOG  [CameraGameFeel] Shake: intensity=0.06 duration=0.080s
[  1843   19.249 x1.00] LOG  [Combat] Hit OniBoss for 10
[  1843   19.249 x1.00] LOG  [CameraGameFeel] Shake: intensity=0.53 duration=0.200s
[  1843   19.249 x1.00] LOG  [CameraGameFeel] FOV punch: hit light (+1.5°)
[  1857   19.351 x1.00] LOG  [CameraGameFeel] Shake: intensity=0.50 duration=0.400s
[  1857   19.351 x1.00] LOG  [Peach] heavy hit 30 dmg: 4 bites. 7/16 bites = 1.75 of 4 peaches
[  1857   19.351 x1.00] LOG  [Momentum] 1 -> 0 (heavy hit taken, reset), speed x1.00, damage x1.00, impact x1.00
[  1857   19.351 x1.00] LOG  [Combat] Hit react: HitReact_Heavy_2Leg (0.9s, clip starts at 0.35s)
[  1857   19.351 x1.00] LOG  [CameraGameFeel] Shake: intensity=0.60 duration=0.200s
[  1857   19.351 x1.00] LOG  [CameraGameFeel] FOV punch: player damage (-3.0°)
[  1857   19.351 x1.00] LOG  [OniBoss] Hit player for 30 (ClubSlam) [combo x1.50]
[  1857   19.351 x1.00] LOG  [OniBoss:Touch] ClubSlam: club TOUCHED Yoru at clip 0.46, shaft 0.16m from her body line, head 0.45 along the club, tip 1.88m up, tip speed 99m/s. Full club hit delivered this frame.
[  1858   19.362 x1.00] LOG  [HitReactTrace] asked for 'HitReact_Heavy_2Leg' (0.90s, clip start 0.35s): NOT playing it, another state took the combat layer, blend resolved after 11 ms, state 0.95s long at speed 1.60, now at 0.54s, layer weight 1.00, animator.speed 1.00.
[  1867   19.431 x1.00] LOG  [Combat] Hazard zone tick: OniBoss for 25
[  1904   19.718 x1.00] LOG  [OniBoss:ClubPos] ClubSlam at strike: club tip 0.56m up, 2.91m in front, -0.16m to his right (2.91m out from his centre). Club faces 6deg from his forward, pitch -0.26. (the ground wave is born 1.6m in front of him at 0.35m.)
[  1904   19.718 x1.00] LOG  [OniBoss:Layer] ClubSlam: club already hit — ground wave released as VISUAL only (0 damage), finisher size x2.0.
[  1922   19.851 x1.00] LOG  [OniBoss] Attack → Recovery
[  1922   19.851 x1.00] LOG  [OniBoss] Playing animation: Watch
[  1922   19.851 x1.00] LOG  [OniBoss:Trail] trail END at clip 1.00, fading over 0.40s.
[  1922   19.851 x1.00] LOG  [OniBoss:Strike] ClubSlam: club tip closest to Yoru at 0.36m, clip position 0.94 | damage fires at 0.85 | clip 0.93s => damage fires 80 ms BEFORE the club is closest
[  1934   19.935 x1.00] LOG  [Combat] Hazard zone tick: OniBoss for 25
[  1944   20.012 x1.00] LOG  [OniBoss] Recovery → Chase
[  1945   20.018 x1.00] LOG  [OniBoss] hold-ground: BACKSTEP 1.5m (player 2.0m)
[  1982   20.279 x1.00] LOG  [Combat] Combo 1: 10 dmg
[  1982   20.279 x1.00] LOG  [ComboTrace] START step=1 state='Combo1' queued=0 target='OniBoss' at 2.4m
[  1982   20.279 x1.00] LOG  [ComboTrace] LAUNCH OniBoss at 1.1m dist=1.11m in 0.13s
[  1983   20.286 x1.00] LOG  [AirPosePin] engaged, holding body at 0.630m above the transform
[  1985   20.299 x1.00] LOG  [AirPosePin] released, peak correction was 0.000m
[  2001   20.417 x1.00] LOG  [ComboTrace] LAUNCH RESULT wanted=1.11m actually moved=0.58m, completed
[  2052   20.749 x1.00] LOG  OniBoss took 10 damage. HP: 2173/2500
[  2052   20.749 x1.00] LOG  [Stance] OniBoss 20/100 (+10 light)
[  2052   20.749 x1.00] LOG  [OniBoss] Chase → HitReact
[  2052   20.749 x1.00] LOG  [OniBoss:Layer] react tier: LIGHT (10 dmg) → 'Hit_react_light'
[  2052   20.749 x1.00] LOG  [OniReactTrace] #3 LIGHT (10 dmg) asked for 'Hit_react_light': crossfade 0.08s, animator speed 1.35, world x1.00
[  2052   20.749 x1.00] LOG  [Momentum] 0 -> 1 (hit), speed x1.05, damage x1.05, impact x1.05
[  2052   20.749 x1.00] LOG  [CameraGameFeel] Shake: intensity=0.06 duration=0.080s
[  2052   20.749 x1.00] LOG  [Combat] Hit OniBoss for 10
[  2052   20.749 x1.00] LOG  [CameraGameFeel] Shake: intensity=0.53 duration=0.200s
[  2052   20.749 x1.00] LOG  [CameraGameFeel] FOV punch: hit light (+1.5°)
[  2053   20.762 x1.00] LOG  [OniReactTrace] #3 +0.01s state SOMETHING ELSE, clip on his bones 'Take 001' weight 1.00, layer weight 1.00, animator speed 0.00, world x1.00, engine HitReact
[  2066   20.849 x1.00] LOG  [OniReactTrace] #3 +0.10s state SOMETHING ELSE, clip on his bones 'Take 001' weight 0.14, blending INTO 'Hit_react_light', layer weight 1.00, animator speed 1.35, world x1.00, engine HitReact
[  2075   20.911 x1.00] LOG  🐾 VFX_AttackPaw triggered!
[  2089   21.010 x1.00] LOG  [OniReactTrace] #3 +0.26s state 'Hit_react_light' at 36 % of its 0.59s, clip on his bones 'Take 001' weight 1.00, layer weight 1.00, animator speed 1.35, world x1.00, engine HitReact
[  2104   21.122 x1.00] LOG  [ComboTrace] END step=1 clipProgress=0.85 clipLen=0.95s queued=0 elapsed=0.84s
[  2117   21.211 x1.00] LOG  [OniReactTrace] #3 +0.46s state 'Hit_react_light' at 70 % of its 0.59s, clip on his bones 'Take 001' weight 1.00, layer weight 1.00, animator speed 1.35, world x1.00, engine HitReact
[  2153   21.450 x1.00] LOG  [OniReactTrace] #3 +0.70s state 'Hit_react_light' at 100 % of its 0.59s, clip on his bones 'Take 001' weight 1.00, layer weight 1.00, animator speed 1.35, world x1.00, engine HitReact
[  2154   21.461 x1.00] LOG  [Combat] Combo 2: 20 dmg
[  2154   21.461 x1.00] LOG  [ComboTrace] START step=2 state='Combo2' queued=0 target='OniBoss' at 2.6m
[  2154   21.461 x1.00] LOG  [ComboTrace] LAUNCH OniBoss at 1.3m dist=1.27m in 0.13s
[  2154   21.461 x1.00] LOG  [AirPosePin] engaged, holding body at 0.656m above the transform
[  2159   21.489 x1.00] LOG  [AirPosePin] released, peak correction was 0.000m
[  2168   21.550 x1.00] LOG  [OniBoss] HitReact → Chase
[  2169   21.561 x1.00] LOG  [OniBoss] Playing animation: Idle
[  2174   21.590 x1.00] LOG  [ComboTrace] LAUNCH RESULT wanted=1.27m actually moved=0.60m, completed
[  2193   21.700 x1.00] LOG  [OniReactTrace] #3 +0.95s state 'Hit_react_light' at 100 % of its 0.59s, clip on his bones 'Take 001' weight 0.22, blending into a DIFFERENT state, layer weight 1.00, animator speed 1.35, world x1.00, engine Chase
[  2193   21.700 x1.00] LOG  [OniReactTrace] #3 LIGHT verdict: played to 100 % of the clip, so the reaction IS on screen and what is missing is movement inside the clip itself
[  2208   21.813 x1.00] LOG  [OniBoss] Combo started: ClubSwing1 → ClubSwing2 → ClubSlam (3 steps remaining)
[  2208   21.813 x1.00] LOG  [OniBoss] Chase → Attack
[  2208   21.813 x1.00] LOG  [OniBoss] Attack: Club_Swing (16 dmg)
[  2208   21.813 x1.00] LOG  [OniBoss:Trail] Club_Swing trail START at clip 0.15 (transition done).
[  2247   22.061 x1.00] LOG  🐾🐾 VFX_TowPaw triggered!
[  2249   22.073 x1.00] LOG  OniBoss took 21 damage. HP: 2152/2500
[  2249   22.073 x1.00] LOG  [Stance] OniBoss 30/100 (+10 light)
[  2249   22.073 x1.00] LOG  [OniBoss] 🤕 Hit during Attack — flash only
[  2249   22.073 x1.00] LOG  [Momentum] 1 -> 2 (hit), speed x1.10, damage x1.10, impact x1.10
[  2249   22.073 x1.00] LOG  [CameraGameFeel] Shake: intensity=0.06 duration=0.080s
[  2249   22.073 x1.00] LOG  [Combat] Hit OniBoss for 21
[  2249   22.073 x1.00] LOG  [CameraGameFeel] Shake: intensity=0.55 duration=0.200s
[  2249   22.073 x1.00] LOG  [CameraGameFeel] FOV punch: hit light (+1.5°)
[  2269   22.217 x1.00] LOG  [OniBoss:ClubPos] Club_Swing at strike: club tip 3.04m up, 1.74m in front, -3.23m to his right (3.67m out from his centre). Club faces -98deg from his forward, pitch 0.41. (the ground wave is born 1.6m in front of him at 0.35m.)
[  2269   22.217 x1.00] LOG  [OniBoss:Layer] Club_Swing: club has not connected — ground wave released ARMED, 1.6m in front, 12m/s x 6.0m = 0.50s, carrying 8 (half of the club's 16).
[  2270   22.223 x1.00] LOG  [Peach] light hit 8 dmg: 1 bite. 6/16 bites = 1.5 of 4 peaches
[  2270   22.223 x1.00] LOG  [Momentum] 2 -> 1 (light hit taken, 50% = -1), speed x1.05, damage x1.05, impact x1.05
[  2270   22.223 x1.00] LOG  [Combat] Combo memory: light hit, keeping step 2
[  2270   22.223 x1.00] LOG  [Combat] Hit react: HitReact_Light_2Leg (0.5s, clip starts at 0.35s)
[  2270   22.223 x1.00] LOG  [CameraGameFeel] Shake: intensity=0.30 duration=0.200s
[  2270   22.223 x1.00] LOG  [CameraGameFeel] FOV punch: player damage (-2.0°)
[  2270   22.223 x1.00] LOG  [OniBoss:Wave] wave TOUCHED Yoru (grounded) for 8 after 0.1m / 0.01s of travel.
[  2274   22.249 x1.00] LOG  [HitReactTrace] asked for 'HitReact_Light_2Leg' (0.50s, clip start 0.35s): playing it, blend resolved after 26 ms, state 1.21s long at speed 1.00, now at 0.37s, layer weight 1.00, animator.speed 1.00.
[  2341   22.690 x1.00] LOG  [OniBoss] Attack → Recovery
[  2341   22.690 x1.00] LOG  [OniBoss] Playing animation: Watch
[  2341   22.690 x1.00] LOG  [OniBoss:Trail] trail END at clip 0.99, fading over 0.40s.
[  2341   22.690 x1.00] LOG  [OniBoss:Strike] Club_Swing: club tip closest to Yoru at 0.87m, clip position 0.91 | damage fires at 0.42 | clip 0.84s => damage fires 409 ms BEFORE the club is closest
[  2363   22.841 x1.00] LOG  [OniBoss] Recovery → Attack
[  2363   22.841 x1.00] LOG  [OniBoss] Attack: ClubSwing2 (16 dmg)
[  2363   22.841 x1.00] LOG  [OniBoss:Trail] ClubSwing2 trail START at clip 1.00 (transition still blending).
[  2413   23.176 x1.00] LOG  [CameraGameFeel] Shake: intensity=0.20 duration=0.250s
[  2413   23.176 x1.00] LOG  [Peach] light hit 20 dmg: 2 bites. 4/16 bites = 1 of 4 peaches
[  2413   23.176 x1.00] LOG  [Momentum] light hit inside the 1.0s grace, no cost (count 1)
[  2413   23.176 x1.00] LOG  [Combat] Combo memory: light hit, keeping step 2
[  2413   23.176 x1.00] LOG  [Combat] Hit react: HitReact_Light_2Leg (0.5s, clip starts at 0.35s)
[  2413   23.176 x1.00] LOG  [CameraGameFeel] Shake: intensity=0.30 duration=0.200s
[  2413   23.176 x1.00] LOG  [CameraGameFeel] FOV punch: player damage (-2.0°)
[  2413   23.176 x1.00] LOG  [OniBoss] Hit player for 20 (ClubSwing2) [combo x1.25]
[  2413   23.176 x1.00] LOG  [OniBoss:Touch] ClubSwing2: club TOUCHED Yoru at clip 0.29, shaft 0.56m from her body line, head 0.61 along the club, tip 1.06m up, tip speed 96m/s, ONE FRAME EARLY (predicted). Full club hit delivered this frame.
[  2414   23.183 x1.00] LOG  [PeachUI] LOW HEALTH cue ON: 4 bites left, heartbeat 1.00s, bleed on, sound set
[  2414   23.183 x1.00] LOG  [HitReactTrace] asked for 'HitReact_Light_2Leg' (0.50s, clip start 0.35s): NOT playing it, another state took the combat layer, blend resolved after 7 ms, state 1.00s long at speed 1.00, now at 0.45s, layer weight 1.00, animator.speed 1.00.
[  2420   23.224 x1.00] LOG  [OniBoss:ClubPos] ClubSwing2 at strike: club tip 0.11m up, 1.77m in front, 2.46m to his right (3.03m out from his centre). Club faces 7deg from his forward, pitch -0.88. (the ground wave is born 1.6m in front of him at 0.35m.)
[  2420   23.224 x1.00] LOG  [OniBoss:Layer] ClubSwing2: club already hit — ground wave released as VISUAL only (0 damage).
[  2531   24.012 x1.00] LOG  [OniBoss] Attack → Recovery
[  2531   24.012 x1.00] LOG  [OniBoss] Playing animation: Watch
[  2531   24.012 x1.00] LOG  [OniBoss:Trail] trail END at clip 0.99, fading over 0.40s.
[  2531   24.012 x1.00] LOG  [OniBoss:Strike] ClubSwing2: club tip closest to Yoru at 1.14m, clip position 0.30 | damage fires at 0.32 | clip 1.17s => MATCHED (within one or two frames)
[  2546   24.112 x1.00] LOG  [Combat] Combo 3: 35 dmg
[  2546   24.112 x1.00] LOG  [ComboTrace] START step=3 state='Combo3' queued=0 target='OniBoss' at 2.3m
[  2546   24.112 x1.00] LOG  [ComboTrace] LAUNCH OniBoss at 1.1m dist=1.05m in 0.13s
[  2546   24.112 x1.00] LOG  [YoruVFX] Ground hazard: 'VFX_Void_Area_GroundSpinYORU' laid at GroundVFX ((483.71, 0.63, 403.61)), floor tilt 8.1 deg, 17 delays shifted by 2.00s, own lifetime 8.98s
[  2546   24.112 x1.00] LOG  [Combat] Hazard zone tick: OniBoss for 25
[  2546   24.112 x1.00] LOG  [Combat] Hazard zone laid: 8.98s, 25 dmg every 0.50s in 2.00m
[  2546   24.112 x1.00] LOG  [AirPosePin] engaged, holding body at 0.656m above the transform
[  2548   24.127 x1.00] LOG  [AirPosePin] released, peak correction was 0.000m
[  2552   24.162 x1.00] LOG  [OniBoss] Recovery → Attack
[  2552   24.162 x1.00] LOG  [OniBoss] Attack: ClubSlam (20 dmg)
[  2552   24.162 x1.00] LOG  [OniBoss:Trail] ClubSlam trail START at clip 1.00 (transition still blending).
[  2554   24.174 x1.00] LOG  OniBoss took 37 damage. HP: 2090/2500
[  2554   24.174 x1.00] LOG  [Stance] OniBoss 28/100 (+10 light)
[  2554   24.174 x1.00] LOG  [OniBoss] 🤕 Hit during Attack — flash only
[  2554   24.174 x1.00] LOG  [Momentum] 1 -> 2 (hit), speed x1.10, damage x1.10, impact x1.10
[  2554   24.174 x1.00] LOG  [CameraGameFeel] Shake: intensity=0.06 duration=0.080s
[  2554   24.174 x1.00] LOG  [CameraGameFeel] Shake: intensity=0.55 duration=0.200s
[  2554   24.174 x1.00] LOG  [CameraGameFeel] FOV punch: hit light (+1.5°)
[  2563   24.242 x1.00] LOG  [ComboTrace] LAUNCH RESULT wanted=1.05m actually moved=0.47m, completed
[  2585   24.391 x1.00] WARN The referenced script on this Behaviour (Game Object '<null>') is missing!
[  2585   24.391 x1.00] WARN The referenced script on this Behaviour (Game Object 'Lightning Light') is missing!
[  2585   24.391 x1.00] WARN The referenced script on this Behaviour (Game Object 'Lightning Light') is missing!
[  2600   24.510 x1.00] LOG  [ComboTrace] CLICK IGNORED (step=3 queued=0)
[  2614   24.617 x1.00] LOG  [Combat] Hazard zone tick: OniBoss for 25
[  2617   24.639 x1.00] LOG  [CameraGameFeel] Shake: intensity=0.50 duration=0.400s
[  2617   24.639 x1.00] LOG  [Peach] heavy hit 30 dmg: 4 bites. 0/16 bites = 0 of 4 peaches
[  2617   24.639 x1.00] LOG  [Health] Player died (heavy killing hit). Game over menu: next pass.
[  2617   24.639 x1.00] LOG  [CameraGameFeel] Shake: intensity=0.60 duration=0.200s
[  2617   24.639 x1.00] LOG  [CameraGameFeel] FOV punch: player damage (-3.0°)
[  2617   24.639 x0.15] LOG  [Death] Yoru died on 2 legs (heavy hit): HR_big_die_2legs. Slow motion x0.15 for 0.8s then x0.50, death sound set.
[  2617   24.639 x0.15] LOG  [OniBoss] Hit player for 30 (ClubSlam) [combo x1.50]
[  2617   24.639 x0.15] LOG  [OniBoss:Touch] ClubSlam: club TOUCHED Yoru at clip 0.46, shaft 0.18m from her body line, head 0.50 along the club, tip 1.88m up, tip speed 99m/s. Full club hit delivered this frame.
[  2618   24.652 x0.15] LOG  [GameOver] Yoru died: waiting for the death animation to finish, then 1.0s, then ink 3.0s, title 2.0s, buttons 1.5s
[  2618   24.652 x0.15] LOG  [PeachUI] LOW HEALTH cue OFF (she died: heartbeat stops, bleed holds at full)
[  2813   26.273 x0.47] LOG  [OniBoss:ClubPos] ClubSlam at strike: club tip 0.54m up, 2.91m in front, -0.13m to his right (2.91m out from his centre). Club faces 7deg from his forward, pitch -0.26. (the ground wave is born 1.6m in front of him at 0.35m.)
[  2813   26.273 x0.47] LOG  [OniBoss:Layer] ClubSlam: club already hit — ground wave released as VISUAL only (0 damage), finisher size x2.0.
[  2848   26.540 x0.50] LOG  [OniBoss] Attack → Recovery
[  2848   26.540 x0.50] LOG  [OniBoss] Playing animation: Watch
[  2848   26.540 x0.50] LOG  [OniBoss:Trail] trail END at clip 0.99, fading over 0.40s.
[  2848   26.540 x0.50] LOG  [OniBoss:Strike] ClubSlam: club tip closest to Yoru at 0.45m, clip position 0.94 | damage fires at 0.85 | clip 0.93s => damage fires 82 ms BEFORE the club is closest
[  2849   26.550 x0.50] LOG  [OniBoss] Yoru is dead: standing down
[  2849   26.550 x0.50] LOG  [OniBoss] Recovery → Idle
[  2849   26.550 x0.50] LOG  [OniBoss] Playing animation: Idle
[  2849   26.550 x0.50] LOG  [OniBoss:Layer] watch stance ON (player 2.2m)
[  2849   26.550 x0.50] LOG  [BossBar] Hiding bar (Oni disengaged)
[  2849   26.550 x0.50] LOG  [OniBoss:Layer] boss bar hidden (disengage)
[  3293   29.625 x0.50] LOG  [Momentum] 2 -> 1 (drain), speed x1.05, damage x1.05, impact x1.05
[  3447   30.627 x0.50] LOG  [Momentum] 1 -> 0 (drain), speed x1.00, damage x1.00, impact x1.00
[  3486   30.896 x0.50] LOG  [GameOver] death animation finished 6.3s after the hit (world at x0.50); the world freezes in 1.0s
[  3630   31.897 x0.50] LOG  [GameOver] world frozen: 1426 x 802 from camera 'mainCamera (1)', levels 0.11 to 0.47 (measured), red edges start at 0.55
[  3835   33.289 x0.50] LOG  [StormWeather] terrain layers restored to dry values.
# end — 355 lines
