# Oni combat log — 2026-08-18 13:00:21
# Unity 6000.2.7f2 | scene 'CaveScene_Oni_Boss1' | platform OSXEditor
# columns: [frame realSeconds timeScale] KIND message      (KIND: LOG WARN ERR EXC TEL)
#
[     0    0.000 x1.00] LOG  [OniLog] console + telemetry → /Users/asenahazal/Documents/Yoru/OniLogs/oni_2026-08-18_13-00-21.log
[     1    0.000 x1.00] LOG  [BossBar] BossHealthBarUI initialized
[     1    0.000 x1.00] LOG  [TailAirShot4Leg] Ready. drawState=shoot_4Leg castParam=Shoot4LegSpeed (found) readyFrame=5 fireFrame=10 frames=24 slowBudget=3s real damageMultiplier=2.00
  arrow leaves: PlayerYoru_1.1/Cat_All_10_Tails_v4/Group/DeformationSystem/root/Root_M/Tail15_R/Tail151_R/Tail152_R/Tail153_R/Tail154_R/Tail155_R/Tail156_R/Tail157_R/Tail158_R/Tail159_R/Tail1510_R/Tail1511_R/Tail1512_R/Tail6_R/Tail6_R_end/Tail6_R_end_end/Tail6_R_end_end_end/RightTailTip_Anchor
  aim VFX left:  PlayerYoru_1.1/Cat_All_10_Tails_v4/Group/DeformationSystem/root/Root_M/Tail15_L/Tail151_L/Tail152_L/Tail153_L/Tail154_L/Tail155_L/Tail156_L/Tail157_L/Tail158_L/Tail159_L/Tail1510_L/Tail1511_L/Tail1512_L/Tail6_L/Tail6_L_end/Tail6_L_end_end/Tail6_L_end_end_end/LeftTailTip_Anchor/Glow_4Leg_L
  aim VFX right: PlayerYoru_1.1/Cat_All_10_Tails_v4/Group/DeformationSystem/root/Root_M/Tail15_R/Tail151_R/Tail152_R/Tail153_R/Tail154_R/Tail155_R/Tail156_R/Tail157_R/Tail158_R/Tail159_R/Tail1510_R/Tail1511_R/Tail1512_R/Tail6_R/Tail6_R_end/Tail6_R_end_end/Tail6_R_end_end_end/RightTailTip_Anchor/Glow_4Leg_R
[     1    0.000 x1.00] LOG  [TailAirShot] Ready. drawState=RightTail_Fast castParam=TailCastSpeed (found)
  arrow leaves: PlayerYoru_1.1/Cat_All_10_Tails_v4/Group/DeformationSystem/root/Root_M/Tail15_R/Tail151_R/Tail152_R/Tail153_R/Tail154_R/Tail155_R/Tail156_R/Tail157_R/Tail158_R/Tail159_R/Tail1510_R/Tail1511_R/Tail1512_R/Tail6_R/Tail6_R_end/Tail6_R_end_end/Tail6_R_end_end_end/RightTailTip_Anchor
  aim VFX: PlayerYoru_1.1/Cat_All_10_Tails_v4/Group/DeformationSystem/root/Root_M/Tail15_R/Tail151_R/Tail152_R/Tail153_R/Tail154_R/Tail155_R/Tail156_R/Tail157_R/Tail158_R/Tail159_R/Tail1510_R/Tail1511_R/Tail1512_R/Tail6_R/Tail6_R_end/Tail6_R_end_end/Tail6_R_end_end_end/RightTailTip_Anchor/vfx_Muzzle_Fireball01Blue
[     1    0.000 x1.00] LOG  [PlayerCombat] Phase 2 form gate CONNECTED (FormController found on this GameObject).
[     1    0.000 x1.00] LOG  [RingMesh] VFX Status:
[     1    0.000 x1.00] LOG    Left: Prefab=✓, Spawn=Tail6_L_end_end_end
[     1    0.000 x1.00] LOG    Right: Prefab=✓, Spawn=Tail6_R_end_end_end
[     1    0.000 x1.00] LOG  === VFX MANAGER INITIALIZED ===
[     1    0.000 x1.00] LOG  Auto-detect animations: False
[     1    0.000 x1.00] LOG  Parent effects to tail: True
[     1    0.000 x1.00] LOG  Prefabs: Jump=True, Land=True, LTail=True, RTail=True
[     1    0.000 x1.00] LOG  ✅ Left Tail Tip: LeftTailVFX
[     1    0.000 x1.00] LOG  ✅ Right Tail Tip: RightTailTip_Anchor
[     1    0.000 x1.00] LOG  [StormWeather] layer 'TerrainLayer_Dirt_01' dry smoothness=0.00 (restore to this if a crash ever leaves it wet)
[     1    0.000 x1.00] LOG  [StormWeather] Ready. Rain on, floor drying... wait, soaking.
[     1    0.000 x1.00] LOG  OniBoss initialized with 500 HP
[     1    0.000 x1.00] LOG  [OniBoss] ANIMATOR SETUP: cullingMode=CullUpdateTransforms updateMode=Normal applyRootMotion=False speed=1
[     1    0.000 x1.00] LOG  [OniBoss] Initialized
[     1    0.000 x1.00] LOG  [OniBoss:Layer] facing: minFlat 1m, snapOnAttack off, trackInHitReact off
[     1    0.000 x1.00] LOG  [OniBoss:Layer] skinned meshes: 46 renderer(s), updateWhenOffscreen ON, body renderer 'Body' rootBone 'Hips'
[     1    0.000 x1.00] LOG  [OniBoss:Layer] charge travel bone: 'Hips' at depth 1 under 'OniBoss', rest local (0.00, 3.24, -0.24)
[     1    0.000 x1.00] LOG  [OniBoss:Layer] charge drive ON (windup to 0.35 at x1.3, rush 14m/s stops at 2.6m, steers 0.35s then commits, strike section from 0.58, strike moment 0.76, trail VFX off)
[     1    0.000 x1.00] LOG  [OniBoss:Layer] attack armor ON (his swings are not interrupted by light/medium hits; heavy hits and rapid-hit bursts still stop him)
[     1    0.000 x1.00] LOG  [OniBoss:Layer] strike moments overridden: Club_Swing=0.55 ClubSwing2=0.32 ClubSlam=0.52 KanaboSweep=0.48
[     1    0.000 x1.00] LOG  [OniBoss:Layer] hold-ground ON (backstep 1.5m @ 1.4m/s after own attacks, watch 'Watch', attack facing LOCKED)
[     1    0.000 x1.00] LOG  [OniBoss:Layer] OniBoss layer ready (reactions, wake-on-hit, watch stance, boss bar). player=found
[     1    0.000 x1.00] WARN [OniBoss] animator state 'KanaboSweep' uses the SAME clip as 'Idle' — the sweep attack plays the idle pose. Drag the 'Oni Kanabo sweep' clip onto KanaboSweep's Motion field.
[     1    0.000 x1.00] LOG  [OniBoss:Layer] charge clip 'Oni Charge.fbx' imports with Root Motion Node = None (in place) — good.
[     1    0.000 x1.00] LOG  [OniBoss:Layer] clips importing with Root Transform Position (Y) NOT baked into pose (12): Oni_Alert(Oni Alert), Club_Slam(Oni Club Slam), Club_Swing(Oni Club Swing), Club_swing2(Oni Club Swing 2), Death(Oni Death Kneel), Hit_react_light(Oni Hit react lighter light), KanaboSweep(Oni Idle), Phase_Transition(Oni Phase transition), run(Oni Run), Walk(Oni Walk), Watch(Oni Watch), Idle(Oni Idle) — their hips' up/down motion is stripped (see round notes; optional).
[     1    0.000 x1.00] LOG  [VolumetricFogController] Found VolumetricFog component on mainCamera (1)
[     1    0.000 x1.00] LOG  [VolumetricFogController] Reflection init: density=True, height=True, baselineHeight=True, alpha=True, noiseStrength=True, lightScatteringExposure=True
[     1    0.000 x1.00] LOG  [VolumetricFogController] Initialized with Neutral preset (height=60, baselineHeight=0)
[     1    0.000 x1.00] WARN [VolumetricFogController] WorldStateManager not found!
[     1    0.000 x1.00] LOG  [CameraGameFeel] CameraGameFeel initialized (shake + FOV)
[     1    2.096 x1.00] LOG  [OniBoss] Playing animation: Idle
[    51    2.793 x1.00] LOG  💨 Landing VFX spawned!
[    98    3.015 x1.00] LOG  ✅ LANDED! (was jump #0)
[  1495    9.990 x1.00] LOG  🐾 4-LEG JUMP #0
[  1495    9.990 x1.00] LOG  🐾 Jump 1 VFX spawned!
[  1607   10.523 x0.10] LOG  [TailAirShot4Leg] ENTER 4 leg, slow on for up to 3s real, waiting for the fire button, drawState=shoot_4Leg | y=1.89 ts=0.10 fdt=0.0020
[  1607   10.523 x0.10] LOG  [TailAirShot] entry refused: this airtime is not a 2 leg jump | y=1.89 ts=0.10 fdt=0.0020
[  1607   10.523 x0.10] LOG  [AirPosePin] engaged, holding body at 2.218m above the transform
[  1674   10.846 x0.10] LOG  [TailAirShot4Leg] DRAW started | y=1.85 ts=0.10 fdt=0.0020
[  1708   11.017 x0.10] LOG  [TailAirShot4Leg] READY, frozen on frame 5 | y=1.82 ts=0.10 fdt=0.0020
[  1870   11.841 x1.00] LOG  [TailAirShot4Leg] CANCEL (R released on ready pose), no arrow | y=1.58 ts=1.00 fdt=0.0200
[  1870   11.841 x1.00] LOG  [AirPosePin] released, peak correction was 1.447m
[  1919   12.101 x1.00] LOG  💨 Landing VFX spawned!
[  1919   12.101 x1.00] LOG  ✅ LANDED! (was jump #1)
[  2067   12.862 x1.00] LOG  [OniBoss:Layer] watch stance ON (player 14.9m)
[  2087   12.972 x1.00] LOG  🐾 4-LEG JUMP #0
[  2087   12.972 x1.00] LOG  🐾 Jump 1 VFX spawned!
[  2156   13.317 x0.10] LOG  [TailAirShot4Leg] ENTER 4 leg, slow on for up to 3s real, waiting for the fire button, drawState=shoot_4Leg | y=1.70 ts=0.10 fdt=0.0020
[  2156   13.317 x0.10] LOG  [TailAirShot] entry refused: this airtime is not a 2 leg jump | y=1.70 ts=0.10 fdt=0.0020
[  2156   13.317 x0.10] LOG  [AirPosePin] engaged, holding body at 1.200m above the transform
[  2179   13.444 x0.10] LOG  [TailAirShot4Leg] DRAW started | y=1.76 ts=0.10 fdt=0.0020
[  2214   13.618 x0.10] LOG  [TailAirShot4Leg] READY, frozen on frame 5 | y=1.80 ts=0.10 fdt=0.0020
[  2272   13.921 x0.10] LOG  [TailAirShot4Leg] SHOT released (released from ready pose) | y=1.85 ts=0.10 fdt=0.0020
[  2285   13.986 x1.00] LOG  [TailAirShot4Leg] FINISHER (R released mid motion), motion completes and fires | y=1.86 ts=1.00 fdt=0.0200
[  2307   14.092 x1.00] LOG  [TailAirShot4Leg] FIRE, arrow away, dir=(0.02, -0.29, 0.96) damage=40 (20 x 2.00) | y=1.91 ts=1.00 fdt=0.0200
[  2385   14.507 x1.00] LOG  💨 Landing VFX spawned!
[  2385   14.507 x1.00] LOG  ✅ LANDED! (was jump #1)
[  2385   14.507 x1.00] LOG  [AirPosePin] released, peak correction was 0.508m
[  2394   14.552 x1.00] LOG  [TailAirShot4Leg] finisher done, fully idle | y=-0.02 ts=1.00 fdt=0.0200
[  2402   14.584 x1.00] LOG  OniBoss took 40 damage. HP: 460/500
[  2402   14.584 x1.00] LOG  [OniBoss] LostSoul → Stagger
[  2402   14.584 x1.00] LOG  [OniBoss] Playing animation: Stagger
[  2402   14.584 x1.00] LOG  [OniBoss] STAGGERED for 2.5s
[  2402   14.584 x1.00] LOG  [OniBoss:Layer] heavy knock-back react (40 dmg) → 'HitReact_Heavy', down for 1.80s
[  2403   14.592 x1.00] LOG  [BossBar] Showing bar for: Oni (460/500)
[  2403   14.592 x1.00] LOG  [OniBoss:Layer] boss bar shown
[  2759   16.388 x1.00] LOG  [OniBoss] Stagger → Chase
[  2760   16.392 x1.00] LOG  [OniBoss] Ranged combo started: Charge→Slam: (2 steps, dist 18.7m)
[  2760   16.392 x1.00] LOG  [OniBoss] Chase → Attack
[  2760   16.392 x1.00] LOG  [OniBoss] Attack: Oni_Charge (18 dmg)

[  2760   16.392 x1.00] TEL ────────── CHARGE ──────────
[  2760   16.392 x1.00] LOG  [OniBoss:Layer] charge begin: travel bone 'Hips' depth 1, local now (0.00, 3.24, -0.24) vs rest (0.00, 3.24, -0.24); pin ON; drive windup→rush→strike; engine Attack, AnimSpeed 1.30, clip at 0.00, dist 18.7m
[  2760   16.392 x1.00] TEL charge Windup n=0.00 spd=1.30 mult=1.00 st=Attack anim=h-1757638897/Charge drift=0.00 cut=0.00 meshOff=0.24m vis bounds+0.1m pos=(481.9,456.3) dist=18.7 vel=0.0
[  2776   16.478 x1.00] TEL charge Windup n=0.05 spd=1.30 mult=1.00 st=Attack anim=h-1757638897/Charge drift=0.12 cut=0.12 meshOff=0.24m vis bounds+0.0m pos=(481.9,456.3) dist=18.9 vel=0.0
[  2792   16.562 x1.00] TEL charge Windup n=0.11 spd=1.30 mult=1.30 st=Attack anim=Charge/- drift=0.63 cut=0.63 meshOff=0.24m vis bounds+0.3m pos=(481.9,456.3) dist=19.1 vel=0.0
[  2809   16.648 x1.00] TEL charge Windup n=0.16 spd=1.30 mult=1.30 st=Attack anim=Charge/- drift=1.02 cut=1.02 meshOff=0.24m vis bounds+0.2m pos=(481.9,456.3) dist=19.4 vel=0.0
[  2826   16.732 x1.00] TEL charge Windup n=0.21 spd=1.30 mult=1.30 st=Attack anim=Charge/- drift=1.14 cut=1.14 meshOff=0.24m vis bounds+0.3m pos=(481.9,456.3) dist=19.4 vel=0.0
[  2843   16.818 x1.00] TEL charge Windup n=0.27 spd=1.30 mult=1.30 st=Attack anim=Charge/- drift=0.91 cut=0.91 meshOff=0.24m vis bounds+0.4m pos=(481.9,456.3) dist=19.4 vel=0.0
[  2860   16.902 x1.00] TEL charge Windup n=0.32 spd=1.30 mult=1.30 st=Attack anim=Charge/- drift=0.55 cut=0.55 meshOff=0.24m vis bounds+0.3m pos=(481.9,456.3) dist=19.5 vel=0.0
[  2871   16.958 x1.00] LOG  [OniBoss:Layer] charge RUSH: clip frozen at 0.35, 19.5m to go at 14m/s
[  2877   16.988 x1.00] TEL charge Rush   n=0.35 spd=0.00 mult=0.00 st=Attack anim=Charge/- drift=3.58 cut=3.58 meshOff=0.24m vis bounds+0.3m pos=(481.7,456.0) dist=19.0 vel=0.0
[  2894   17.072 x1.00] TEL charge Rush   n=0.35 spd=0.00 mult=0.00 st=Attack anim=Charge/- drift=3.58 cut=3.58 meshOff=0.24m vis bounds+0.3m pos=(481.2,454.9) dist=17.9 vel=0.0
[  2911   17.158 x1.00] TEL charge Rush   n=0.35 spd=0.00 mult=0.00 st=Attack anim=Charge/- drift=3.58 cut=3.58 meshOff=0.24m vis bounds+0.3m pos=(480.6,453.8) dist=16.7 vel=0.0
[  2925   17.242 x1.00] TEL charge Rush   n=0.35 spd=0.00 mult=0.00 st=Attack anim=Charge/- drift=3.58 cut=3.58 meshOff=0.24m vis bounds+0.3m pos=(480.1,452.8) dist=15.5 vel=0.0
[  2942   17.328 x1.00] TEL charge Rush   n=0.35 spd=0.00 mult=0.00 st=Attack anim=Charge/- drift=3.58 cut=3.58 meshOff=0.24m vis bounds+0.3m pos=(479.6,451.7) dist=14.3 vel=0.0
[  2959   17.412 x1.00] TEL charge Rush   n=0.35 spd=0.00 mult=0.00 st=Attack anim=Charge/- drift=3.58 cut=3.58 meshOff=0.24m vis bounds+0.3m pos=(479.0,450.7) dist=13.1 vel=0.0
[  2976   17.498 x1.00] TEL charge Rush   n=0.35 spd=0.00 mult=0.00 st=Attack anim=Charge/- drift=3.58 cut=3.58 meshOff=0.24m vis bounds+0.3m pos=(478.5,449.6) dist=11.9 vel=0.0
[  2993   17.582 x1.00] TEL charge Rush   n=0.35 spd=0.00 mult=0.00 st=Attack anim=Charge/- drift=3.58 cut=3.58 meshOff=0.24m vis bounds+0.3m pos=(478.0,448.5) dist=10.7 vel=0.0
[  3011   17.668 x1.00] TEL charge Rush   n=0.35 spd=0.00 mult=0.00 st=Attack anim=Charge/- drift=3.58 cut=3.58 meshOff=0.24m vis bounds+0.3m pos=(477.4,447.4) dist=9.6 vel=0.0
[  3030   17.752 x1.00] TEL charge Rush   n=0.35 spd=0.00 mult=0.00 st=Attack anim=Charge/- drift=3.58 cut=3.58 meshOff=0.24m vis bounds+0.3m pos=(476.9,446.4) dist=8.5 vel=0.0
[  3047   17.838 x1.00] TEL charge Rush   n=0.35 spd=0.00 mult=0.00 st=Attack anim=Charge/- drift=3.58 cut=3.58 meshOff=0.24m vis bounds+0.3m pos=(476.4,445.3) dist=7.5 vel=0.0
[  3063   17.929 x1.00] TEL charge Rush   n=0.35 spd=0.00 mult=0.00 st=Attack anim=Charge/- drift=3.58 cut=3.58 meshOff=0.24m vis bounds+0.3m pos=(475.8,444.2) dist=6.6 vel=0.0
[  3080   18.012 x1.00] TEL charge Rush   n=0.35 spd=0.00 mult=0.00 st=Attack anim=Charge/- drift=3.58 cut=3.58 meshOff=0.24m vis bounds+0.3m pos=(475.3,443.1) dist=5.9 vel=0.0
[  3097   18.098 x1.00] TEL charge Rush   n=0.35 spd=0.00 mult=0.00 st=Attack anim=Charge/- drift=3.58 cut=3.58 meshOff=0.24m vis bounds+0.3m pos=(474.7,442.1) dist=5.4 vel=0.0
[  3111   18.168 x1.00] LOG  [OniBoss:Layer] charge STRIKE: arrived 2.6m from the lock point after 1.21s real — clip 0.35 → 0.58 (blend 0.10s), strike moment 0.76, Yoru 5.3m away
[  3114   18.182 x1.00] TEL charge Strike n=0.58 spd=1.00 mult=1.00 st=Attack anim=Charge/Charge drift=5.61 cut=5.61 meshOff=0.24m vis bounds+0.3m pos=(474.3,441.3) dist=5.3 vel=0.0
[  3132   18.266 x1.00] TEL charge Strike n=0.62 spd=1.00 mult=1.00 st=Attack anim=Charge/Charge drift=14.87 cut=14.87 meshOff=0.24m vis bounds+0.5m pos=(474.3,441.3) dist=5.8 vel=0.0
[  3149   18.354 x1.00] TEL charge Strike n=0.67 spd=1.00 mult=1.00 st=Attack anim=Charge/- drift=15.81 cut=15.81 meshOff=0.24m vis bounds+0.5m pos=(474.3,441.3) dist=6.5 vel=0.0
[  3164   18.438 x1.00] TEL charge Strike n=0.71 spd=1.00 mult=1.00 st=Attack anim=Charge/- drift=16.33 cut=16.33 meshOff=0.24m vis bounds+0.6m pos=(474.3,441.3) dist=7.0 vel=0.0
[  3181   18.522 x1.00] TEL charge Strike n=0.75 spd=1.00 mult=1.00 st=Attack anim=Charge/- drift=16.74 cut=16.74 meshOff=0.24m vis bounds+0.6m pos=(474.3,441.3) dist=7.5 vel=0.0
[  3186   18.552 x1.00] LOG  [CameraGameFeel] Shake: intensity=0.45 duration=0.350s
[  3186   18.552 x1.00] LOG  [OniBoss] Attack missed, player out of range (7.8m > 3.5m)
[  3197   18.608 x1.00] TEL charge Strike n=0.79 spd=1.00 mult=1.00 st=Attack anim=Charge/- drift=17.10 cut=17.10 meshOff=0.24m vis bounds+0.6m pos=(474.3,441.3) dist=8.2 vel=0.0
[  3214   18.691 x1.00] TEL charge Strike n=0.83 spd=1.00 mult=1.00 st=Attack anim=Charge/- drift=17.42 cut=17.42 meshOff=0.24m vis bounds+0.4m pos=(474.3,441.3) dist=8.7 vel=0.0
[  3231   18.778 x1.00] TEL charge Strike n=0.87 spd=1.00 mult=1.00 st=Attack anim=Charge/- drift=17.70 cut=17.70 meshOff=0.24m vis bounds+0.2m pos=(474.3,441.3) dist=9.2 vel=0.0
[  3249   18.868 x1.00] TEL charge Strike n=0.91 spd=1.00 mult=1.00 st=Attack anim=Charge/- drift=17.91 cut=17.91 meshOff=0.24m vis bounds+0.3m pos=(474.3,441.3) dist=9.9 vel=0.0
[  3267   18.958 x1.00] TEL charge Strike n=0.96 spd=1.00 mult=1.00 st=Attack anim=Charge/- drift=18.03 cut=18.03 meshOff=0.24m vis bounds+0.1m pos=(474.3,441.3) dist=10.4 vel=0.0
[  3282   19.031 x1.00] LOG  [OniBoss] Attack → Recovery
[  3282   19.031 x1.00] LOG  [OniBoss] Playing animation: Watch
[  3282   19.031 x1.00] LOG  [OniBoss:Layer] charge complete: engine left Attack (now Recovery) during Strike
[  3284   19.045 x1.00] TEL charge None   n=1.00 spd=1.00 mult=1.00 st=Recovery anim=Charge/h-1849006814 drift=16.85 cut=16.85 meshOff=0.24m vis bounds+0.0m pos=(474.3,441.3) dist=10.5 vel=0.0
[  3306   19.130 x1.00] TEL charge None   n=1.04 spd=1.00 mult=1.00 st=Recovery anim=Charge/h-1849006814 drift=10.71 cut=10.71 meshOff=0.24m vis bounds+0.1m pos=(474.3,441.3) dist=10.7 vel=0.0
[  3318   19.183 x1.00] LOG  [OniBoss] Recovery → Attack
[  3318   19.183 x1.00] LOG  [OniBoss] Attack: ClubSlam (20 dmg)
[  3324   19.213 x1.00] TEL charge None   n=1.07 spd=2.00 mult=2.00 st=Attack anim=Charge/h283984468 drift=5.52 cut=5.52 meshOff=0.24m vis bounds+0.1m pos=(474.2,441.3) dist=10.7 vel=0.0
[  3341   19.299 x1.00] TEL charge None   n=1.07 spd=2.00 mult=2.00 st=Attack anim=Charge/h283984468 drift=1.50 cut=1.50 meshOff=0.24m vis bounds+0.3m pos=(473.7,441.4) dist=10.3 vel=0.0
[  3348   19.333 x1.00] LOG  [OniBoss:Layer] charge end (clip left the animator) after 2.94s real: pin measured 588 frames, cancelled on 582, max raw drift 18.07m, max cancelled 18.07m — travel WAS baked in, pin held it
[  3446   19.842 x1.00] LOG  [CameraGameFeel] Shake: intensity=0.50 duration=0.400s
[  3446   19.842 x1.00] LOG  [OniBoss] Attack missed, player out of range (9.0m > 3.5m)
[  3558   20.428 x1.00] LOG  [OniBoss] Attack → Recovery
[  3558   20.428 x1.00] LOG  [OniBoss] Playing animation: Watch
[  3588   20.579 x1.00] LOG  [OniBoss] Recovery → Chase
[  3589   20.582 x1.00] LOG  [OniBoss] Playing animation: run
[  4181   23.582 x1.00] LOG  [OniBoss] Pull-band decision: RUN-IN (dist 5.2m, pullRange 0m, chance 0.50)
[  5349   29.203 x1.00] LOG  [OniBoss] hold-ground: BACKSTEP 1.5m (player 3.5m)
[  5581   30.279 x1.00] LOG  [OniBoss] hold-ground: backstep done (1.50m), WATCH (player 3.7m, cooldown 0.0s)
[  5581   30.279 x1.00] LOG  [OniBoss] Playing animation: Watch
[  5582   30.283 x1.00] LOG  [OniBoss] hold-ground: cooldown over, player 3.7m > 3.5m — APPROACH
[  5582   30.283 x1.00] LOG  [OniBoss] Playing animation: Walk
[  5599   30.353 x1.00] LOG  [ComboTrace] START step=1 state='Combo1' queued=0 target='OniBoss' at 7.0m
[  5599   30.353 x1.00] LOG  [ComboTrace] LAUNCH OniBoss dist=1.37m in 0.13s
[  5683   30.704 x1.00] LOG  [OniBoss] Combo started: ClubSwing1 → ClubSwing2 → ClubSlam (3 steps remaining)
[  5683   30.704 x1.00] LOG  [OniBoss] Chase → Attack
[  5683   30.704 x1.00] LOG  [OniBoss] Attack: Club_Swing (16 dmg)
[  5686   30.717 x1.00] LOG  [OniBoss:Layer] step-in: 'Club_Swing' closed 0.08m, Yoru now 3.0m away (range 3.5)
[  5732   30.895 x1.00] LOG  [ComboTrace] QUEUED #1 during step 1
[  5788   31.123 x1.00] LOG  🐾 VFX_AttackPaw triggered!
[  5820   31.268 x1.00] LOG  [ComboTrace] START step=2 state='Combo2' queued=0 target='OniBoss' at 3.0m
[  5820   31.268 x1.00] LOG  [ComboTrace] LAUNCH OniBoss dist=0.80m in 0.13s
[  5836   31.332 x1.00] LOG  [CameraGameFeel] Shake: intensity=0.20 duration=0.250s
[  5836   31.332 x1.00] LOG  [CameraGameFeel] Shake: intensity=0.09 duration=0.150s
[  5836   31.332 x1.00] LOG  [CameraGameFeel] FOV punch: player damage (-2.0°)
[  5836   31.332 x1.00] LOG  [OniBoss] Hit player for 16 (Club_Swing)
[  5836   31.332 x1.00] LOG  [AirPosePin] engaged, holding body at 0.644m above the transform
[  5868   31.470 x1.00] LOG  [AirPosePin] released, peak correction was 0.033m
[  5955   31.828 x1.00] LOG  [OniBoss] Attack → Recovery
[  5955   31.828 x1.00] LOG  [OniBoss] Playing animation: Watch
[  5991   31.980 x1.00] LOG  [OniBoss] Recovery → Attack
[  5991   31.980 x1.00] LOG  [OniBoss] Attack: ClubSwing2 (16 dmg)
[  6045   32.216 x1.00] LOG  [ComboTrace] START step=1 state='Combo1' queued=0 target='OniBoss' at 2.5m
[  6045   32.216 x1.00] LOG  [ComboTrace] LAUNCH OniBoss dist=0.80m in 0.13s
[  6110   32.490 x1.00] LOG  [CameraGameFeel] Shake: intensity=0.20 duration=0.250s
[  6110   32.490 x1.00] LOG  [CameraGameFeel] Shake: intensity=0.09 duration=0.150s
[  6110   32.490 x1.00] LOG  [CameraGameFeel] FOV punch: player damage (-2.0°)
[  6110   32.490 x1.00] LOG  [OniBoss] Hit player for 16 (ClubSwing2)
[  6110   32.490 x1.00] LOG  [AirPosePin] engaged, holding body at 0.644m above the transform
[  6144   32.629 x1.00] LOG  [AirPosePin] released, peak correction was 0.032m
[  6364   33.546 x1.00] LOG  [OniBoss] Attack → Recovery
[  6364   33.546 x1.00] LOG  [OniBoss] Playing animation: Watch
[  6367   33.559 x1.00] LOG  [ComboTrace] START step=1 state='Combo1' queued=0 target='OniBoss' at 2.0m
[  6367   33.559 x1.00] LOG  [ComboTrace] LAUNCH OniBoss dist=0.80m in 0.13s
[  6399   33.697 x1.00] LOG  [OniBoss] Recovery → Attack
[  6399   33.697 x1.00] LOG  [OniBoss] Attack: ClubSlam (20 dmg)
[  6414   33.757 x1.00] LOG  [ComboTrace] QUEUED #1 during step 1
[  6456   33.940 x1.00] LOG  [ComboTrace] QUEUED #2 during step 1
[  6512   34.161 x1.00] LOG  [ComboTrace] CLICK IGNORED (step=1 queued=2)
[  6514   34.171 x1.00] LOG  OniBoss took 10 damage. HP: 450/500
[  6514   34.171 x1.00] LOG  [OniBoss] 🤕 Hit during Attack — flash only
[  6514   34.171 x1.00] LOG  [CameraGameFeel] Shake: intensity=0.15 duration=0.150s
[  6514   34.171 x1.00] LOG  [CameraGameFeel] FOV punch: hit light (+1.5°)
[  6554   34.371 x1.00] LOG  🐾 VFX_AttackPaw triggered!
[  6559   34.393 x1.00] LOG  [CameraGameFeel] Shake: intensity=0.50 duration=0.400s
[  6559   34.393 x1.00] LOG  [CameraGameFeel] Shake: intensity=0.28 duration=0.150s
[  6559   34.393 x1.00] LOG  [CameraGameFeel] FOV punch: player damage (-3.0°)
[  6559   34.393 x1.00] LOG  [OniBoss] Hit player for 20 (ClubSlam)
[  6559   34.393 x1.00] LOG  [AirPosePin] engaged, holding body at 0.648m above the transform
[  6586   34.531 x1.00] LOG  [AirPosePin] released, peak correction was 0.036m
[  6677   34.979 x1.00] LOG  [OniBoss] Attack → Recovery
[  6677   34.979 x1.00] LOG  [OniBoss] Playing animation: Watch
[  6713   35.132 x1.00] LOG  [OniBoss] Recovery → Chase
[  6714   35.136 x1.00] LOG  [OniBoss] hold-ground: BACKSTEP 1.5m (player 2.0m)
[  6874   35.808 x1.00] LOG  [OniBoss] hold-ground: backstep done (0.94m), WATCH (player 4.3m, cooldown 2.3s)
[  6874   35.808 x1.00] LOG  [OniBoss] Playing animation: Watch
[  6895   35.887 x1.00] LOG  [OniBoss] Playing animation: run
[  7039   36.508 x1.00] LOG  [ComboTrace] START step=1 state='Combo1' queued=0 target='OniBoss' at 9.1m
[  7039   36.508 x1.00] LOG  [ComboTrace] LAUNCH OniBoss dist=3.46m in 0.17s
[  7077   36.678 x1.00] LOG  [ComboTrace] QUEUED #1 during step 1
[  7086   36.721 x1.00] LOG  [StormWeather] ⚡ strike at (473.30, 45.00, 450.86)
[  7111   36.852 x1.00] LOG  [ComboTrace] QUEUED #2 during step 1
[  7145   37.031 x1.00] LOG  [OniBoss] Playing animation: Watch
[  7148   37.044 x1.00] LOG  [ComboTrace] CLICK IGNORED (step=1 queued=2)
[  7187   37.245 x1.00] LOG  [ComboTrace] CLICK IGNORED (step=1 queued=2)
[  7194   37.281 x1.00] LOG  🐾 VFX_AttackPaw triggered!
[  7221   37.421 x1.00] LOG  [ComboTrace] START step=2 state='Combo2' queued=1 target='OniBoss' at 3.5m
[  7221   37.421 x1.00] LOG  [ComboTrace] LAUNCH OniBoss dist=1.17m in 0.13s
[  7225   37.442 x1.00] LOG  [ComboTrace] CLICK DROPPED by attackCooldown (0.10s, 0.02s since last attack) step=2
[  7271   37.648 x1.00] LOG  [ComboTrace] QUEUED #2 during step 2
[  7317   37.856 x1.00] LOG  [ComboTrace] CLICK IGNORED (step=2 queued=2)
[  7364   38.075 x1.00] LOG  [ComboTrace] CLICK IGNORED (step=2 queued=2)
[  7375   38.134 x1.00] LOG  [OniBoss] Combo started: ClubSwing1 → ClubSwing2 → ClubSlam (3 steps remaining)
[  7375   38.134 x1.00] LOG  [OniBoss] Chase → Attack
[  7375   38.134 x1.00] LOG  [OniBoss] Attack: Club_Swing (16 dmg)
[  7394   38.231 x1.00] LOG  [OniBoss:Layer] step-in: 'Club_Swing' closed 0.47m, Yoru now 3.0m away (range 3.5)
[  7394   38.231 x1.00] LOG  🐾🐾 VFX_TowPaw triggered!
[  7408   38.302 x1.00] LOG  [ComboTrace] CLICK IGNORED (step=2 queued=2)
[  7452   38.525 x1.00] LOG  [ComboTrace] CLICK IGNORED (step=2 queued=2)
[  7490   38.714 x1.00] LOG  🐾🐾 VFX_TowPaw triggered!
[  7492   38.725 x1.00] LOG  [ComboTrace] CLICK IGNORED (step=2 queued=2)
[  7498   38.754 x1.00] LOG  [ComboTrace] START step=3 state='Combo3' queued=1 target='OniBoss' at 3.0m
[  7498   38.754 x1.00] LOG  [ComboTrace] LAUNCH OniBoss dist=0.80m in 0.13s
[  7500   38.764 x1.00] LOG  [CameraGameFeel] Shake: intensity=0.20 duration=0.250s
[  7500   38.764 x1.00] LOG  [CameraGameFeel] Shake: intensity=0.09 duration=0.150s
[  7500   38.764 x1.00] LOG  [CameraGameFeel] FOV punch: player damage (-2.0°)
[  7500   38.764 x1.00] LOG  [OniBoss] Hit player for 16 (Club_Swing)
[  7500   38.764 x1.00] LOG  [AirPosePin] engaged, holding body at 0.646m above the transform
[  7525   38.892 x1.00] LOG  [AirPosePin] released, peak correction was 0.035m
[  7599   39.262 x1.00] LOG  [OniBoss] Attack → Recovery
[  7599   39.262 x1.00] LOG  [OniBoss] Playing animation: Watch
[  7630   39.414 x1.00] LOG  [OniBoss] Recovery → Attack
[  7630   39.414 x1.00] LOG  [OniBoss] Attack: ClubSwing2 (16 dmg)
[  7639   39.462 x1.00] LOG  [ComboTrace] START step=1 state='Combo1' queued=0 target='OniBoss' at 2.5m
[  7639   39.462 x1.00] LOG  [ComboTrace] LAUNCH OniBoss dist=0.80m in 0.13s
[  7728   39.905 x1.00] LOG  [ComboTrace] QUEUED #1 during step 1
[  7732   39.924 x1.00] LOG  [CameraGameFeel] Shake: intensity=0.20 duration=0.250s
[  7732   39.924 x1.00] LOG  [CameraGameFeel] Shake: intensity=0.09 duration=0.150s
[  7732   39.924 x1.00] LOG  [CameraGameFeel] FOV punch: player damage (-2.0°)
[  7732   39.924 x1.00] LOG  [OniBoss] Hit player for 16 (ClubSwing2)
[  7732   39.924 x1.00] LOG  [AirPosePin] engaged, holding body at 0.650m above the transform
[  7757   40.052 x1.00] LOG  [AirPosePin] released, peak correction was 0.039m
[  7841   40.472 x1.00] LOG  [ComboTrace] START step=1 state='Combo1' queued=0 target='OniBoss' at 2.0m
[  7841   40.472 x1.00] LOG  [ComboTrace] LAUNCH OniBoss dist=0.80m in 0.13s
[  7879   40.662 x1.00] LOG  [ComboTrace] QUEUED #1 during step 1
[  7917   40.852 x1.00] LOG  [ComboTrace] QUEUED #2 during step 1
[  7944   40.985 x1.00] LOG  [OniBoss] Attack → Recovery
[  7944   40.985 x1.00] LOG  [OniBoss] Playing animation: Watch
[  7957   41.052 x1.00] LOG  [ComboTrace] CLICK IGNORED (step=1 queued=2)
[  7963   41.082 x1.00] LOG  OniBoss took 10 damage. HP: 440/500
[  7963   41.082 x1.00] LOG  [OniBoss] Recovery → HitReact
[  7963   41.082 x1.00] LOG  [OniBoss:Layer] react tier: LIGHT (10 dmg) → 'Hit_react_light'
[  7963   41.082 x1.00] LOG  [CameraGameFeel] Shake: intensity=0.15 duration=0.150s
[  7963   41.082 x1.00] LOG  [CameraGameFeel] FOV punch: hit light (+1.5°)
[  8004   41.266 x1.00] LOG  [ComboTrace] CLICK IGNORED (step=1 queued=2)
[  8008   41.283 x1.00] LOG  🐾 VFX_AttackPaw triggered!
[  8039   41.423 x1.00] LOG  [ComboTrace] START step=2 state='Combo2' queued=1 target='OniBoss' at 2.0m
[  8039   41.423 x1.00] LOG  [ComboTrace] LAUNCH OniBoss dist=0.80m in 0.13s
[  8055   41.494 x1.00] LOG  [ComboTrace] CLICK DROPPED by attackCooldown (0.10s, 0.07s since last attack) step=2
[  8105   41.710 x1.00] LOG  [ComboTrace] QUEUED #2 during step 2
[  8144   41.883 x1.00] LOG  [OniBoss] HitReact → Chase
[  8145   41.888 x1.00] LOG  [OniBoss] Playing animation: Watch
[  8145   41.888 x1.00] LOG  [OniBoss] Combo started: ClubSwing1 → ClubSwing2 → ClubSlam (3 steps remaining)
[  8145   41.888 x1.00] LOG  [OniBoss] Chase → Attack
[  8145   41.888 x1.00] LOG  [OniBoss] Attack: Club_Swing (16 dmg)
[  8178   42.037 x1.00] LOG  [ComboTrace] CLICK IGNORED (step=2 queued=2)
[  8216   42.232 x1.00] LOG  🐾🐾 VFX_TowPaw triggered!
[  8220   42.253 x1.00] LOG  [ComboTrace] CLICK IGNORED (step=2 queued=2)
[  8222   42.262 x1.00] LOG  OniBoss took 20 damage. HP: 420/500
[  8222   42.262 x1.00] LOG  [OniBoss] 🤕 Hit during Attack — flash only
[  8222   42.262 x1.00] LOG  [CameraGameFeel] Shake: intensity=0.15 duration=0.150s
[  8222   42.262 x1.00] LOG  [CameraGameFeel] FOV punch: hit light (+1.5°)
[  8263   42.465 x1.00] LOG  [ComboTrace] CLICK IGNORED (step=2 queued=2)
[  8281   42.555 x1.00] LOG  [CameraGameFeel] Shake: intensity=0.20 duration=0.250s
[  8281   42.555 x1.00] LOG  [CameraGameFeel] Shake: intensity=0.09 duration=0.150s
[  8281   42.555 x1.00] LOG  [CameraGameFeel] FOV punch: player damage (-2.0°)
[  8281   42.555 x1.00] LOG  [OniBoss] Hit player for 16 (Club_Swing)
[  8281   42.555 x1.00] LOG  [AirPosePin] engaged, holding body at 0.646m above the transform
[  8308   42.692 x1.00] LOG  [AirPosePin] released, peak correction was 0.034m
[  8380   43.055 x1.00] LOG  [OniBoss] Attack → Recovery
[  8380   43.055 x1.00] LOG  [OniBoss] Playing animation: Watch
[  8391   43.113 x1.00] LOG  [ComboTrace] START step=1 state='Combo1' queued=0 target='OniBoss' at 2.0m
[  8391   43.113 x1.00] LOG  [ComboTrace] LAUNCH OniBoss dist=0.80m in 0.13s
[  8410   43.205 x1.00] LOG  [OniBoss] Recovery → Attack
[  8410   43.205 x1.00] LOG  [OniBoss] Attack: ClubSwing2 (16 dmg)
[  8433   43.323 x1.00] LOG  [ComboTrace] QUEUED #1 during step 1
[  8477   43.543 x1.00] LOG  [ComboTrace] QUEUED #2 during step 1
[  8512   43.715 x1.00] LOG  [CameraGameFeel] Shake: intensity=0.20 duration=0.250s
[  8512   43.715 x1.00] LOG  [CameraGameFeel] Shake: intensity=0.09 duration=0.150s
[  8512   43.715 x1.00] LOG  [CameraGameFeel] FOV punch: player damage (-2.0°)
[  8512   43.715 x1.00] LOG  [OniBoss] Hit player for 16 (ClubSwing2)
[  8512   43.715 x1.00] LOG  [AirPosePin] engaged, holding body at 0.647m above the transform
[  8513   43.723 x1.00] LOG  OniBoss took 10 damage. HP: 410/500
[  8513   43.723 x1.00] LOG  [OniBoss] 🤕 Hit during Attack — flash only
[  8513   43.723 x1.00] LOG  [CameraGameFeel] Shake: intensity=0.15 duration=0.150s
[  8513   43.723 x1.00] LOG  [CameraGameFeel] FOV punch: hit light (+1.5°)
[  8539   43.852 x1.00] LOG  [AirPosePin] released, peak correction was 0.037m
[  8666   44.493 x1.00] LOG  🚶 2-LEG JUMP
[  8666   44.493 x1.00] LOG  🐾 Jump 1 VFX spawned!
[  8737   44.813 x1.00] LOG  [OniBoss] Attack → Recovery
[  8737   44.813 x1.00] LOG  [OniBoss] Playing animation: Watch
[  8756   44.907 x1.00] LOG  OniBoss took 10 damage. HP: 400/500
[  8756   44.907 x1.00] LOG  [OniBoss] Recovery → HitReact
[  8756   44.907 x1.00] LOG  [OniBoss:Layer] react tier: LIGHT (10 dmg) → 'Hit_react_light'
[  8756   44.907 x1.00] LOG  [CameraGameFeel] Shake: intensity=0.15 duration=0.150s
[  8756   44.907 x1.00] LOG  [CameraGameFeel] FOV punch: hit light (+1.5°)
[  8756   44.907 x1.00] LOG  [AirPosePin] engaged, holding body at 2.122m above the transform
[  8786   45.057 x1.00] LOG  OniBoss took 10 damage. HP: 390/500
[  8786   45.057 x1.00] LOG  [OniBoss:Layer] burst: 2 hits / 20 dmg → flinch upgraded to 'HitReact_medium'
[  8786   45.057 x1.00] LOG  [CameraGameFeel] Shake: intensity=0.05 duration=0.150s
[  8813   45.216 x1.00] LOG  OniBoss took 10 damage. HP: 380/500
[  8813   45.216 x1.00] LOG  [OniBoss] HitReact → Stagger
[  8813   45.216 x1.00] LOG  [OniBoss] Playing animation: Stagger
[  8813   45.216 x1.00] LOG  [OniBoss] STAGGERED for 2.5s
[  8813   45.216 x1.00] LOG  [OniBoss:Layer] heavy knock-back react (swirl burst, 3 hits / 30 dmg) → 'HitReact_Heavy', down for 1.80s
[  8813   45.216 x1.00] LOG  [OniBoss:Layer] burst: 3 hits / 30 dmg inside 0.8s → knock-back + 0.90m push
[  8813   45.216 x1.00] LOG  [CameraGameFeel] Shake: intensity=0.05 duration=0.150s
[  8853   45.428 x1.00] LOG  💨 Landing VFX spawned!
[  8853   45.428 x1.00] LOG  ✅ LANDED! (was jump #1)
[  8853   45.428 x1.00] LOG  [AirPosePin] released, peak correction was 1.338m
[  8875   45.543 x1.00] LOG  [ComboTrace] CLICK IGNORED (step=3 queued=0)
[  8880   45.567 x1.00] LOG  🚶 2-LEG JUMP
[  8880   45.567 x1.00] LOG  🐾 Jump 1 VFX spawned!
[  8884   45.593 x1.00] LOG  [AirPosePin] engaged, holding body at 0.736m above the transform
[  8897   45.657 x1.00] LOG  [ComboTrace] END step=3 clipProgress=0.90 clipLen=0.79s queued=0 elapsed=0.75s
[  8898   45.663 x1.00] LOG  [AirPosePin] released, peak correction was 0.048m
[  9076   46.506 x1.00] LOG  💨 Landing VFX spawned!
[  9076   46.506 x1.00] LOG  ✅ LANDED! (was jump #1)
[  9157   46.914 x1.00] LOG  🚶 2-LEG JUMP
[  9157   46.914 x1.00] LOG  🐾 Jump 1 VFX spawned!
[  9179   47.023 x1.00] LOG  [OniBoss] Stagger → Chase
[  9180   47.026 x1.00] LOG  [OniBoss] Playing animation: Watch
[  9180   47.026 x1.00] LOG  [OniBoss] Chase → Attack
[  9180   47.026 x1.00] LOG  [OniBoss] Attack: Club_Swing (16 dmg)
[  9246   47.356 x1.00] LOG  [AirPosePin] engaged, holding body at 2.164m above the transform
[  9305   47.654 x1.00] LOG  [CameraGameFeel] Shake: intensity=0.20 duration=0.250s
[  9305   47.654 x1.00] LOG  [CameraGameFeel] Shake: intensity=0.09 duration=0.150s
[  9305   47.654 x1.00] LOG  [CameraGameFeel] FOV punch: player damage (-2.0°)
[  9305   47.654 x1.00] LOG  [OniBoss] Hit player for 16 (Club_Swing)
[  9345   47.850 x1.00] LOG  💨 Landing VFX spawned!
[  9345   47.850 x1.00] LOG  [AirPosePin] released, peak correction was 1.550m
[  9414   48.152 x1.00] LOG  [OniBoss] Attack → Recovery
[  9414   48.152 x1.00] LOG  [OniBoss] Playing animation: Watch
[  9415   48.156 x1.00] LOG  ✅ LANDED! (was jump #1)
[  9420   48.177 x1.00] LOG  🚶 2-LEG JUMP
[  9420   48.177 x1.00] LOG  🐾 Jump 1 VFX spawned!
[  9450   48.304 x1.00] LOG  [OniBoss] Recovery → Chase
[  9451   48.313 x1.00] LOG  [OniBoss] hold-ground: BACKSTEP 1.5m (player 2.5m)
[  9509   48.584 x1.00] LOG  OniBoss took 10 damage. HP: 370/500
[  9509   48.584 x1.00] LOG  [OniBoss] Chase → HitReact
[  9509   48.584 x1.00] LOG  [OniBoss:Layer] react tier: LIGHT (10 dmg) → 'Hit_react_light'
[  9509   48.584 x1.00] LOG  [CameraGameFeel] Shake: intensity=0.15 duration=0.150s
[  9509   48.584 x1.00] LOG  [CameraGameFeel] FOV punch: hit light (+1.5°)
[  9509   48.584 x1.00] LOG  [AirPosePin] engaged, holding body at 2.084m above the transform
[  9538   48.736 x1.00] LOG  OniBoss took 10 damage. HP: 360/500
[  9538   48.736 x1.00] LOG  [OniBoss:Layer] burst: 2 hits / 20 dmg → flinch upgraded to 'HitReact_medium'
[  9538   48.736 x1.00] LOG  [CameraGameFeel] Shake: intensity=0.05 duration=0.150s
[  9567   48.889 x1.00] LOG  OniBoss took 10 damage. HP: 350/500
[  9567   48.889 x1.00] LOG  [OniBoss] HitReact → Stagger
[  9567   48.889 x1.00] LOG  [OniBoss] Playing animation: Stagger
[  9567   48.889 x1.00] LOG  [OniBoss] STAGGERED for 2.5s
[  9567   48.889 x1.00] LOG  [OniBoss:Layer] heavy knock-back react (swirl burst, 3 hits / 30 dmg) → 'HitReact_Heavy', down for 1.80s
[  9567   48.889 x1.00] LOG  [OniBoss:Layer] burst: 3 hits / 30 dmg inside 0.8s → knock-back + 0.90m push
[  9567   48.889 x1.00] LOG  [CameraGameFeel] Shake: intensity=0.05 duration=0.150s
[  9608   49.106 x1.00] LOG  💨 Landing VFX spawned!
[  9608   49.106 x1.00] LOG  ✅ LANDED! (was jump #1)
[  9608   49.106 x1.00] LOG  [AirPosePin] released, peak correction was 1.300m
[  9651   49.324 x1.00] LOG  🚶 2-LEG JUMP
[  9651   49.324 x1.00] LOG  🐾 Jump 1 VFX spawned!
[  9652   49.327 x1.00] LOG  [AirPosePin] engaged, holding body at 0.693m above the transform
[  9654   49.336 x1.00] LOG  [ComboTrace] END step=3 clipProgress=0.90 clipLen=0.79s queued=0 elapsed=0.75s
[  9655   49.343 x1.00] LOG  [AirPosePin] released, peak correction was 0.006m
[  9836   50.246 x1.00] LOG  💨 Landing VFX spawned!
[  9836   50.246 x1.00] LOG  ✅ LANDED! (was jump #1)
[  9869   50.414 x1.00] LOG  [ComboTrace] START step=1 state='Combo1' queued=0 target='OniBoss' at 3.7m
[  9869   50.414 x1.00] LOG  [ComboTrace] LAUNCH OniBoss dist=1.34m in 0.13s
[  9925   50.694 x1.00] LOG  [OniBoss] Stagger → Chase
[  9926   50.696 x1.00] LOG  [OniBoss] Playing animation: Watch
[  9926   50.696 x1.00] LOG  [OniBoss] hold-ground: cooldown over, player 3.7m > 3.5m — APPROACH
[  9926   50.696 x1.00] LOG  [OniBoss] Playing animation: Walk
[ 10004   51.094 x1.00] LOG  [OniBoss] Chase → Attack
[ 10004   51.094 x1.00] LOG  [OniBoss] Attack: ClubSwing2 (16 dmg)
[ 10006   51.104 x1.00] LOG  [OniBoss:Layer] step-in: 'ClubSwing2' closed 0.09m, Yoru now 3.0m away (range 3.5)
[ 10022   51.184 x1.00] LOG  🐾 VFX_AttackPaw triggered!
[ 10077   51.457 x1.00] LOG  [ComboTrace] END step=1 clipProgress=0.85 clipLen=1.23s queued=0 elapsed=1.04s
[ 10083   51.488 x1.00] LOG  🚶 2-LEG JUMP
[ 10083   51.488 x1.00] LOG  🐾 Jump 1 VFX spawned!
[ 10107   51.607 x1.00] LOG  [CameraGameFeel] Shake: intensity=0.20 duration=0.250s
[ 10107   51.607 x1.00] LOG  [CameraGameFeel] Shake: intensity=0.09 duration=0.150s
[ 10107   51.607 x1.00] LOG  [CameraGameFeel] FOV punch: player damage (-2.0°)
[ 10107   51.607 x1.00] LOG  [OniBoss] Hit player for 16 (ClubSwing2)
[ 10107   51.607 x1.00] LOG  [AirPosePin] engaged, holding body at 0.708m above the transform
[ 10208   52.114 x1.00] LOG  [AirPosePin] released, peak correction was 0.023m
[ 10234   52.247 x1.00] LOG  OniBoss took 10 damage. HP: 340/500
[ 10234   52.247 x1.00] LOG  [OniBoss] 🤕 Hit during Attack — flash only
[ 10234   52.247 x1.00] LOG  [CameraGameFeel] Shake: intensity=0.15 duration=0.150s
[ 10234   52.247 x1.00] LOG  [CameraGameFeel] FOV punch: hit light (+1.5°)
[ 10234   52.247 x1.00] LOG  [AirPosePin] engaged, holding body at 2.636m above the transform
[ 10264   52.404 x1.00] LOG  OniBoss took 10 damage. HP: 330/500
[ 10264   52.404 x1.00] LOG  [OniBoss] 🤕 Hit during Attack — flash only
[ 10264   52.404 x1.00] LOG  [CameraGameFeel] Shake: intensity=0.05 duration=0.150s
[ 10269   52.427 x1.00] LOG  💨 Landing VFX spawned!
[ 10269   52.427 x1.00] LOG  ✅ LANDED! (was jump #1)
[ 10269   52.427 x1.00] LOG  [AirPosePin] released, peak correction was 1.888m
[ 10280   52.484 x1.00] LOG  [ComboTrace] CLICK IGNORED (step=3 queued=0)
[ 10294   52.554 x1.00] LOG  OniBoss took 10 damage. HP: 320/500
[ 10294   52.554 x1.00] LOG  [OniBoss] 🤕 Hit during Attack — flash only
[ 10294   52.554 x1.00] LOG  [OniBoss] Attack → Stagger
[ 10294   52.554 x1.00] LOG  [OniBoss] Playing animation: Stagger
[ 10294   52.554 x1.00] LOG  [OniBoss] STAGGERED for 2.5s
[ 10294   52.554 x1.00] LOG  [OniBoss:Layer] heavy knock-back react (swirl burst, 3 hits / 30 dmg) → 'HitReact_Heavy', down for 1.80s
[ 10294   52.554 x1.00] LOG  [OniBoss:Layer] burst: 3 hits / 30 dmg inside 0.8s → knock-back + 0.90m push
[ 10294   52.554 x1.00] LOG  [CameraGameFeel] Shake: intensity=0.05 duration=0.150s
[ 10330   52.730 x1.00] LOG  [ComboTrace] CLICK IGNORED (step=3 queued=0)
[ 10356   52.855 x1.00] LOG  🚶 2-LEG JUMP
[ 10356   52.855 x1.00] LOG  🐾 Jump 1 VFX spawned!
[ 10359   52.870 x1.00] LOG  [AirPosePin] engaged, holding body at 0.776m above the transform
[ 10384   52.997 x1.00] LOG  [ComboTrace] END step=3 clipProgress=0.90 clipLen=0.79s queued=0 elapsed=0.75s
[ 10385   53.004 x1.00] LOG  [AirPosePin] released, peak correction was 0.088m
[ 10541   53.788 x1.00] LOG  💨 Landing VFX spawned!
[ 10541   53.788 x1.00] LOG  ✅ LANDED! (was jump #1)
[ 10545   53.807 x1.00] LOG  [ComboTrace] START step=1 state='Combo1' queued=0 target='OniBoss' at 3.4m
[ 10545   53.807 x1.00] LOG  [ComboTrace] LAUNCH OniBoss dist=1.10m in 0.13s
[ 10590   54.035 x1.00] LOG  [ComboTrace] QUEUED #1 during step 1
[ 10641   54.287 x1.00] LOG  [ComboTrace] QUEUED #2 during step 1
[ 10654   54.354 x1.00] LOG  [OniBoss] Stagger → Chase
[ 10655   54.357 x1.00] LOG  [OniBoss] Playing animation: Watch
[ 10655   54.357 x1.00] LOG  [OniBoss] Chase → Attack
[ 10655   54.357 x1.00] LOG  [OniBoss] Attack: ClubSwing2 (16 dmg)
[ 10670   54.438 x1.00] LOG  [OniBoss:Layer] step-in: 'ClubSwing2' closed 0.40m, Yoru now 3.0m away (range 3.5)
[ 10698   54.577 x1.00] LOG  🐾 VFX_AttackPaw triggered!
[ 10725   54.718 x1.00] LOG  [ComboTrace] START step=2 state='Combo2' queued=1 target='OniBoss' at 3.0m
[ 10725   54.718 x1.00] LOG  [ComboTrace] LAUNCH OniBoss dist=0.80m in 0.13s
[ 10758   54.869 x1.00] LOG  [CameraGameFeel] Shake: intensity=0.20 duration=0.250s
[ 10758   54.869 x1.00] LOG  [CameraGameFeel] Shake: intensity=0.09 duration=0.150s
[ 10758   54.869 x1.00] LOG  [CameraGameFeel] FOV punch: player damage (-2.0°)
[ 10758   54.869 x1.00] LOG  [OniBoss] Hit player for 16 (ClubSwing2)
[ 10758   54.869 x1.00] LOG  [AirPosePin] engaged, holding body at 0.643m above the transform
[ 10786   55.006 x1.00] LOG  [AirPosePin] released, peak correction was 0.032m
[ 10871   55.390 x1.00] LOG  [ComboTrace] START step=1 state='Combo1' queued=0 target='OniBoss' at 2.5m
[ 10871   55.390 x1.00] LOG  [ComboTrace] LAUNCH OniBoss dist=0.80m in 0.13s
[ 10932   55.660 x1.00] LOG  [ComboTrace] QUEUED #1 during step 1
[ 10991   55.928 x1.00] LOG  [OniBoss] Attack → Recovery
[ 10991   55.928 x1.00] LOG  [OniBoss] Playing animation: Watch
[ 11003   55.971 x1.00] LOG  [ComboTrace] QUEUED #2 during step 1
[ 11010   56.000 x1.00] LOG  OniBoss took 10 damage. HP: 310/500
[ 11010   56.000 x1.00] LOG  [OniBoss] Recovery → HitReact
[ 11010   56.000 x1.00] LOG  [OniBoss:Layer] react tier: LIGHT (10 dmg) → 'Hit_react_light'
[ 11010   56.000 x1.00] LOG  [CameraGameFeel] Shake: intensity=0.15 duration=0.150s
[ 11010   56.000 x1.00] LOG  [CameraGameFeel] FOV punch: hit light (+1.5°)
[ 11053   56.198 x1.00] LOG  🐾 VFX_AttackPaw triggered!
[ 11076   56.299 x1.00] LOG  [ComboTrace] CLICK IGNORED (step=1 queued=2)
[ 11085   56.342 x1.00] LOG  [ComboTrace] START step=2 state='Combo2' queued=1 target='OniBoss' at 2.5m
[ 11085   56.342 x1.00] LOG  [ComboTrace] LAUNCH OniBoss dist=0.80m in 0.13s
[ 11128   56.548 x1.00] LOG  [ComboTrace] QUEUED #2 during step 2
[ 11179   56.805 x1.00] LOG  [OniBoss] HitReact → Chase
[ 11180   56.807 x1.00] LOG  [OniBoss] Playing animation: Watch
[ 11180   56.807 x1.00] LOG  [OniBoss] Chase → Attack
[ 11180   56.807 x1.00] LOG  [OniBoss] Attack: ClubSlam (20 dmg)
[ 11183   56.825 x1.00] LOG  [ComboTrace] CLICK IGNORED (step=2 queued=2)
[ 11187   56.845 x1.00] LOG  [StormWeather] ⚡ strike at (486.81, 45.00, 452.68)
[ 11249   57.155 x1.00] LOG  🐾🐾 VFX_TowPaw triggered!
[ 11254   57.177 x1.00] LOG  OniBoss took 20 damage. HP: 290/500
[ 11254   57.177 x1.00] LOG  [OniBoss] 🤕 Hit during Attack — flash only
[ 11254   57.177 x1.00] LOG  [CameraGameFeel] Shake: intensity=0.15 duration=0.150s
[ 11254   57.177 x1.00] LOG  [CameraGameFeel] FOV punch: hit light (+1.5°)
[ 11320   57.508 x1.00] LOG  [CameraGameFeel] Shake: intensity=0.50 duration=0.400s
[ 11320   57.508 x1.00] LOG  [CameraGameFeel] Shake: intensity=0.28 duration=0.150s
[ 11320   57.508 x1.00] LOG  [CameraGameFeel] FOV punch: player damage (-3.0°)
[ 11320   57.508 x1.00] LOG  [OniBoss] Hit player for 20 (ClubSlam)
[ 11320   57.508 x1.00] LOG  [AirPosePin] engaged, holding body at 0.647m above the transform
[ 11347   57.648 x1.00] LOG  [AirPosePin] released, peak correction was 0.035m
[ 11436   58.095 x1.00] LOG  [OniBoss] Attack → Recovery
[ 11436   58.095 x1.00] LOG  [OniBoss] Playing animation: Watch
[ 11467   58.247 x1.00] LOG  [OniBoss] Recovery → Chase
[ 11468   58.255 x1.00] LOG  [OniBoss] hold-ground: BACKSTEP 1.5m (player 2.4m)
[ 11581   58.818 x1.00] LOG  [ComboTrace] START step=1 state='Combo1' queued=0 target='OniBoss' at 7.1m
[ 11581   58.818 x1.00] LOG  [ComboTrace] LAUNCH OniBoss dist=1.58m in 0.13s
[ 11641   59.118 x1.00] LOG  [OniBoss] hold-ground: backstep done (1.22m), WATCH (player 4.3m, cooldown 2.1s)
[ 11641   59.118 x1.00] LOG  [OniBoss] Playing animation: Watch
[ 11734   59.588 x1.00] LOG  🐾 VFX_AttackPaw triggered!
[ 11737   59.606 x1.00] LOG  [ComboTrace] QUEUED #1 during step 1
[ 11763   59.735 x1.00] LOG  [ComboTrace] START step=2 state='Combo2' queued=0 target='OniBoss' at 4.3m
[ 11763   59.735 x1.00] LOG  [ComboTrace] LAUNCH OniBoss dist=1.99m in 0.13s
[ 11794   59.889 x1.00] LOG  [ComboTrace] QUEUED #1 during step 2
[ 11924   60.546 x1.00] LOG  🐾🐾 VFX_TowPaw triggered!
[ 12021   61.036 x1.00] LOG  🐾🐾 VFX_TowPaw triggered!
[ 12028   61.069 x1.00] LOG  [ComboTrace] START step=3 state='Combo3' queued=0 target='OniBoss' at 4.3m
[ 12028   61.069 x1.00] LOG  [ComboTrace] LAUNCH OniBoss dist=1.99m in 0.13s
[ 12064   61.248 x1.00] LOG  [OniBoss] hold-ground: cooldown over, player 4.3m > 3.5m — APPROACH
[ 12064   61.248 x1.00] LOG  [OniBoss] Playing animation: Walk
[ 12184   61.836 x1.00] LOG  [ComboTrace] END step=3 clipProgress=0.95 clipLen=0.79s queued=0 elapsed=0.77s
[ 12195   61.899 x1.00] LOG  [OniBoss] Combo started: swing1-2 (2 steps remaining)
[ 12195   61.899 x1.00] LOG  [OniBoss] Chase → Attack
[ 12195   61.899 x1.00] LOG  [OniBoss] Attack: Club_Swing (16 dmg)
[ 12196   61.906 x1.00] LOG  [OniBoss:Layer] step-in: 'Club_Swing' closed 0.04m, Yoru now 3.0m away (range 3.5)
[ 12199   61.919 x1.00] LOG  🚶 2-LEG JUMP
[ 12199   61.919 x1.00] LOG  🐾 Jump 1 VFX spawned!
[ 12291   62.389 x1.00] LOG  OniBoss took 10 damage. HP: 280/500
[ 12291   62.389 x1.00] LOG  [OniBoss] 🤕 Hit during Attack — flash only
[ 12291   62.389 x1.00] LOG  [CameraGameFeel] Shake: intensity=0.15 duration=0.150s
[ 12291   62.389 x1.00] LOG  [CameraGameFeel] FOV punch: hit light (+1.5°)
[ 12291   62.389 x1.00] LOG  [AirPosePin] engaged, holding body at 2.352m above the transform
[ 12321   62.546 x1.00] LOG  OniBoss took 10 damage. HP: 270/500
[ 12321   62.546 x1.00] LOG  [OniBoss] 🤕 Hit during Attack — flash only
[ 12321   62.546 x1.00] LOG  [CameraGameFeel] Shake: intensity=0.05 duration=0.150s
[ 12326   62.569 x1.00] LOG  [CameraGameFeel] Shake: intensity=0.20 duration=0.250s
[ 12326   62.569 x1.00] LOG  [CameraGameFeel] Shake: intensity=0.09 duration=0.150s
[ 12326   62.569 x1.00] LOG  [CameraGameFeel] FOV punch: player damage (-2.0°)
[ 12326   62.569 x1.00] LOG  [OniBoss] Hit player for 16 (Club_Swing)
[ 12381   62.846 x1.00] LOG  💨 Landing VFX spawned!
[ 12381   62.846 x1.00] LOG  [AirPosePin] released, peak correction was 1.727m
[ 12434   63.066 x1.00] LOG  [OniBoss] Attack → Recovery
[ 12434   63.066 x1.00] LOG  [OniBoss] Playing animation: Watch
[ 12435   63.071 x1.00] LOG  ✅ LANDED! (was jump #1)
[ 12437   63.080 x1.00] LOG  [ComboTrace] START step=1 state='Combo1' queued=0 target='OniBoss' at 2.0m
[ 12437   63.080 x1.00] LOG  [ComboTrace] LAUNCH OniBoss dist=0.80m in 0.13s
[ 12467   63.217 x1.00] LOG  [OniBoss] Recovery → Attack
[ 12467   63.217 x1.00] LOG  [OniBoss] Attack: ClubSwing2 (16 dmg)
[ 12516   63.441 x1.00] LOG  [ComboTrace] QUEUED #1 during step 1
[ 12575   63.697 x1.00] LOG  OniBoss took 10 damage. HP: 260/500
[ 12575   63.697 x1.00] LOG  [OniBoss] 🤕 Hit during Attack — flash only
[ 12575   63.697 x1.00] LOG  [CameraGameFeel] Shake: intensity=0.15 duration=0.150s
[ 12575   63.697 x1.00] LOG  [CameraGameFeel] FOV punch: hit light (+1.5°)
[ 12586   63.740 x1.00] LOG  [ComboTrace] QUEUED #2 during step 1
[ 12592   63.766 x1.00] LOG  [CameraGameFeel] Shake: intensity=0.20 duration=0.250s
[ 12592   63.766 x1.00] LOG  [CameraGameFeel] Shake: intensity=0.28 duration=0.150s
[ 12592   63.766 x1.00] LOG  [CameraGameFeel] FOV punch: player damage (-3.0°)
[ 12592   63.766 x1.00] LOG  [OniBoss] Hit player for 16 (ClubSwing2)
[ 12592   63.766 x1.00] LOG  [AirPosePin] engaged, holding body at 0.643m above the transform
[ 12618   63.888 x1.00] LOG  [AirPosePin] released, peak correction was 0.032m
[ 12813   64.826 x1.00] LOG  [OniBoss] Attack → Recovery
[ 12813   64.826 x1.00] LOG  [OniBoss] Playing animation: Watch
[ 12843   64.976 x1.00] LOG  [OniBoss] Recovery → Chase
[ 12844   64.979 x1.00] LOG  [OniBoss] hold-ground: BACKSTEP 1.5m (player 2.0m)
[ 12860   65.059 x1.00] LOG  [ComboTrace] START step=1 state='Combo1' queued=0 target='OniBoss' at 2.1m
[ 12860   65.059 x1.00] LOG  [ComboTrace] LAUNCH OniBoss dist=0.80m in 0.13s
[ 12935   65.436 x1.00] LOG  [ComboTrace] QUEUED #1 during step 1
[ 12977   65.647 x1.00] LOG  [ComboTrace] QUEUED #2 during step 1
[ 13014   65.829 x1.00] LOG  🐾 VFX_AttackPaw triggered!
[ 13034   65.929 x1.00] LOG  [ComboTrace] CLICK IGNORED (step=1 queued=2)
[ 13042   65.969 x1.00] LOG  [ComboTrace] START step=2 state='Combo2' queued=1 target='OniBoss' at 3.4m
[ 13042   65.969 x1.00] LOG  [ComboTrace] LAUNCH OniBoss dist=1.06m in 0.13s
[ 13061   66.057 x1.00] LOG  [OniBoss] hold-ground: backstep done (1.51m), WATCH (player 3.5m, cooldown 1.9s)
[ 13061   66.057 x1.00] LOG  [OniBoss] Playing animation: Watch
[ 13220   66.783 x1.00] LOG  🐾🐾 VFX_TowPaw triggered!
[ 13317   67.267 x1.00] LOG  🐾🐾 VFX_TowPaw triggered!
[ 13325   67.307 x1.00] LOG  [ComboTrace] START step=3 state='Combo3' queued=0 target='OniBoss' at 3.5m
[ 13325   67.307 x1.00] LOG  [ComboTrace] LAUNCH OniBoss dist=1.17m in 0.13s
[ 13459   67.977 x1.00] LOG  [OniBoss] Combo started: ClubSwing1 → ClubSwing2 → ClubSlam (3 steps remaining)
[ 13459   67.977 x1.00] LOG  [OniBoss] Chase → Attack
[ 13459   67.977 x1.00] LOG  [OniBoss] Attack: Club_Swing (16 dmg)
[ 13478   68.069 x1.00] LOG  [ComboTrace] END step=3 clipProgress=0.96 clipLen=0.79s queued=0 elapsed=0.76s
[ 13479   68.077 x1.00] LOG  [OniBoss:Layer] step-in: 'Club_Swing' closed 0.48m, Yoru now 3.0m away (range 3.5)
[ 13583   68.607 x1.00] LOG  [CameraGameFeel] Shake: intensity=0.20 duration=0.250s
[ 13583   68.607 x1.00] LOG  [CameraGameFeel] Shake: intensity=0.09 duration=0.150s
[ 13583   68.607 x1.00] LOG  [CameraGameFeel] FOV punch: player damage (-2.0°)
[ 13583   68.607 x1.00] LOG  [OniBoss] Hit player for 16 (Club_Swing)
[ 13583   68.607 x1.00] LOG  [AirPosePin] engaged, holding body at 0.626m above the transform
[ 13611   68.747 x1.00] LOG  [AirPosePin] released, peak correction was 0.014m
[ 13681   69.100 x1.00] LOG  [OniBoss] Attack → Recovery
[ 13681   69.100 x1.00] LOG  [OniBoss] Playing animation: Watch
[ 13711   69.250 x1.00] LOG  [OniBoss] Recovery → Attack
[ 13711   69.250 x1.00] LOG  [OniBoss] Attack: ClubSwing2 (16 dmg)
[ 13726   69.328 x1.00] LOG  🚶 2-LEG JUMP
[ 13726   69.328 x1.00] LOG  🐾 Jump 1 VFX spawned!
[ 13813   69.764 x1.00] LOG  [CameraGameFeel] Shake: intensity=0.20 duration=0.250s
[ 13813   69.764 x1.00] LOG  [CameraGameFeel] Shake: intensity=0.09 duration=0.150s
[ 13813   69.764 x1.00] LOG  [CameraGameFeel] FOV punch: player damage (-2.0°)
[ 13813   69.764 x1.00] LOG  [OniBoss] Hit player for 16 (ClubSwing2)
[ 13813   69.764 x1.00] LOG  [AirPosePin] engaged, holding body at 2.037m above the transform
[ 13914   70.267 x1.00] LOG  💨 Landing VFX spawned!
[ 13914   70.267 x1.00] LOG  ✅ LANDED! (was jump #1)
[ 13914   70.267 x1.00] LOG  [AirPosePin] released, peak correction was 1.350m
[ 13923   70.310 x1.00] LOG  [ComboTrace] START step=1 state='Combo1' queued=0 target='OniBoss' at 2.0m
[ 13923   70.310 x1.00] LOG  [ComboTrace] LAUNCH OniBoss dist=0.80m in 0.13s
[ 14025   70.820 x1.00] LOG  [OniBoss] Attack → Recovery
[ 14025   70.820 x1.00] LOG  [OniBoss] Playing animation: Watch
[ 14045   70.920 x1.00] LOG  OniBoss took 10 damage. HP: 250/500
[ 14045   70.920 x1.00] LOG  [OniBoss] Recovery → HitReact
[ 14045   70.920 x1.00] LOG  [OniBoss:Layer] react tier: LIGHT (10 dmg) → 'Hit_react_light'
[ 14045   70.920 x1.00] LOG  [CameraGameFeel] Shake: intensity=0.15 duration=0.150s
[ 14045   70.920 x1.00] LOG  [CameraGameFeel] FOV punch: hit light (+1.5°)
[ 14046   70.927 x1.00] LOG  [OniBoss] ⚡ PHASE 2 ACTIVATED
[ 14046   70.927 x1.00] LOG  [OniBoss] HitReact → Stagger
[ 14046   70.927 x1.00] LOG  [OniBoss] Playing animation: Stagger
[ 14046   70.927 x1.00] LOG  [OniBoss] STAGGERED for 2.5s
[ 14046   70.927 x1.00] LOG  [OniBoss] STAGGERED (parry) for 3s
[ 14046   70.927 x1.00] LOG  [OniBoss:Layer] PHASE 2: transition 'Phase_Transition' driven at x0.60 + 0.6s hold — untouchable, roar at 0.60
[ 14047   70.931 x1.00] LOG  [StormWeather] ⚡ strike at (486.94, 45.00, 446.39)
[ 14047   70.931 x1.00] LOG  [StormWeather] PHASE 2 - storm breaking.
[ 14047   70.931 x1.00] LOG  [OniBoss:Layer] PHASE 2: clip is 2.42s → 4.63s on screen
[ 14084   71.117 x1.00] LOG  🐾 VFX_AttackPaw triggered!
[ 14139   71.391 x1.00] LOG  [ComboTrace] END step=1 clipProgress=0.85 clipLen=1.23s queued=0 elapsed=1.08s
[ 14140   71.397 x1.00] LOG  🐾⚡ Heavy charge buildup spawned at LeftPawVFX (pos (486.61, 0.55, 445.81)). PS found: True
[ 14280   72.021 x1.00] LOG  [StormWeather] ⚡ strike at (479.20, 45.00, 447.87)
[ 14464   72.888 x1.00] LOG  [ComboTrace] LAUNCH OniBoss dist=0.80m in 0.13s
[ 14464   72.888 x1.00] LOG  🐾⚡ Heavy charge buildup stopped
[ 14464   72.888 x1.00] LOG  🐾⚡ Heavy release VFX spawned at RightPawVFX. PS found: True
[ 14507   73.095 x1.00] LOG  [CameraGameFeel] Shake: intensity=0.35 duration=0.150s
[ 14507   73.095 x1.00] LOG  [CameraGameFeel] FOV punch: hit heavy (+4.0°)
[ 14554   73.350 x1.00] LOG  [CameraGameFeel] Shake: intensity=0.60 duration=0.500s
[ 14554   73.350 x1.00] LOG  [OniBoss:Layer] PHASE 2: roar at 2.42s
[ 14555   73.358 x1.00] LOG  [BossBar] Bar switched to phase 2
[ 14555   73.358 x1.00] LOG  [OniBoss:Layer] boss bar → phase 2 crimson
[ 14574   73.458 x1.00] LOG  [ComboTrace] END step=0 clipProgress=0.81 clipLen=0.60s queued=0 elapsed=0.57s
[ 14994   75.559 x1.00] LOG  [OniBoss] Stagger → Chase
[ 14994   75.559 x1.00] LOG  [OniBoss:Layer] PHASE 2: transition over after 4.63s real — he is back, and angrier
[ 14995   75.562 x1.00] LOG  [OniBoss] Playing animation: Watch
[ 14995   75.562 x1.00] LOG  [OniBoss] hold-ground: cooldown over, player 4.4m > 3.5m — APPROACH
[ 14995   75.562 x1.00] LOG  [OniBoss] Playing animation: Walk
[ 15205   76.611 x1.00] LOG  [OniBoss] Chase → Attack
[ 15205   76.611 x1.00] LOG  [OniBoss] Attack: ClubSwing2 (16 dmg)
[ 15208   76.629 x1.00] LOG  [OniBoss:Layer] step-in: 'ClubSwing2' closed 0.07m, Yoru now 3.0m away (range 3.5)
[ 15307   77.121 x1.00] LOG  [CameraGameFeel] Shake: intensity=0.20 duration=0.250s
[ 15307   77.121 x1.00] LOG  [CameraGameFeel] Shake: intensity=0.09 duration=0.150s
[ 15307   77.121 x1.00] LOG  [CameraGameFeel] FOV punch: player damage (-2.0°)
[ 15307   77.121 x1.00] LOG  [OniBoss] Hit player for 16 (ClubSwing2)
[ 15307   77.121 x1.00] LOG  [AirPosePin] engaged, holding body at 0.647m above the transform
[ 15332   77.249 x1.00] LOG  [AirPosePin] released, peak correction was 0.036m
[ 15517   78.179 x1.00] LOG  [OniBoss] Attack → Recovery
[ 15517   78.179 x1.00] LOG  [OniBoss] Playing animation: Watch
[ 15545   78.331 x1.00] LOG  [OniBoss] Recovery → Chase
[ 15546   78.339 x1.00] LOG  [OniBoss] hold-ground: BACKSTEP 1.5m (player 2.5m)
[ 15746   79.410 x1.00] LOG  [OniBoss] hold-ground: backstep done (1.50m), WATCH (player 4.0m, cooldown 0.9s)
[ 15746   79.410 x1.00] LOG  [OniBoss] Playing animation: Watch
[ 15812   79.761 x1.00] LOG  [StormWeather] terrain layers restored to dry values.
# end — 619 lines
