# Oni combat log — 2026-09-07 22:57:23
# Unity 6000.2.7f2 | scene 'CaveScene_Oni_Boss1' | platform OSXEditor
# columns: [frame realSeconds timeScale] KIND message      (KIND: LOG WARN ERR EXC TEL)
#
[     0    0.000 x1.00] LOG  [OniLog] console + telemetry → /Users/asenahazal/Documents/Yoru/OniLogs/oni_2026-09-07_22-57-23.log
[     0    0.000 x1.00] LOG  [RingMesh] Auto-found 11/11 left, 11/11 right meshes
[     1    0.000 x1.00] LOG  [BossBar] BossHealthBarUI initialized
[     1    0.000 x1.00] LOG  [StormWeather] layer 'TerrainLayer_Dirt_01' dry smoothness=0.00 (restore to this if a crash ever leaves it wet)
[     1    0.000 x1.00] LOG  [StormWeather] post volumes ready on layer 9 (storm priority 10, flash priority 11).
[     1    0.000 x1.00] LOG  [StormWeather] COZY bridge: Rain_Cave retired — COZY owns the rain now.
[     1    0.000 x1.00] LOG  [StormWeather] COZY → 'Clear' (pre-fight - open sky, 0 s)
[     1    0.000 x1.00] LOG  [StormWeather] Ready. Open sky, dry floor. Waiting for the fight.
[     1    0.000 x1.00] LOG  [FreezeDebug v3] Armed. Manual=L. Auto=True. Buffer=60 snaps @ 0.1s = 6.0s history.
[     1    0.000 x1.00] LOG  OniBoss initialized with 500 HP
[     1    0.000 x1.00] LOG  [OniBoss] ANIMATOR SETUP: cullingMode=CullUpdateTransforms updateMode=Normal applyRootMotion=False speed=1
[     1    0.000 x1.00] LOG  [OniBoss] Initialized
[     1    0.000 x1.00] LOG  [OniBoss:Layer] facing: minFlat 1m, snapOnAttack off, trackInHitReact off
[     1    0.000 x1.00] LOG  [OniBoss:Layer] Yoru launch model ON: launches ALL THE WAY to an enemy within 4.7m of its surface at 10m/s (stop gap 0.00m, NO minimum distance), else steps 0.90m forward. Targeting cone left exactly as her prefab has it.
[     1    0.000 x1.00] LOG  [OniBoss:Layer] Yoru launch ROUND 9: airborne attacks launch too (ON), edge probe now runs on its OWN layer mask (Everything) instead of the line-of-sight mask - the Ground-only mask found no floor in this cave and was cancelling 100% of launches at 0.00m travelled.
[     1    0.000 x1.00] LOG  [OniBoss:Layer] animator speed x1.35 — his 1.13s swing now plays in 0.84s.
[     1    0.000 x1.00] LOG  [OniBoss:Layer] chase speed pushed: phase1 4.5, phase2 5.5 (Yoru runs at 7).
[     1    0.000 x1.00] LOG  [OniBoss:Layer] ground wave ON (round 38): half the club's damage on TOUCH, 12m/s x 6.0m from 1.6m in front at 0.35m height — a club hit cancels that swing's wave, jumping clears it. Per-attack effects come from the Swing Wave VFX By Attack rows. PlayerHealth found, PlayerMovement found.
[     1    0.000 x1.00] LOG  [StormWeather] storm break HELD (waiting for the lightning beat)
[     1    0.000 x1.00] LOG  [OniBoss:Layer] storm break HELD — it releases at the lightning-on-the-club beat.
[     1    0.000 x1.00] LOG  [OniBoss:Layer] club tracking ON — tip 'Kanabo3' (depth 4), shaft root 'kanabo'.
[     1    0.000 x1.00] LOG  [OniBoss:Layer] skinned meshes: 46 renderer(s), updateWhenOffscreen ON, body renderer 'Body' rootBone 'Hips'
[     1    0.000 x1.00] LOG  [OniBoss:Layer] charge travel bone: 'Hips' at depth 1 under 'OniBoss', rest local (0.00, 3.24, -0.24)
[     1    0.000 x1.00] LOG  [OniBoss:Layer] anti-kite ON: thrown swing after 4s of failed chase (within 7.6m), charge after 6s.
[     1    0.000 x1.00] LOG  [OniBoss:Layer] charge drive ON (windup to 0.40 at x1.3, rush 14m/s stops at 2.6m, steers 0.35s then commits, strike section from 0.58, strike moment 0.76, trail VFX off)
[     1    0.000 x1.00] LOG  [OniBoss:Layer] attack armor ON (his swings are not interrupted by light/medium hits; heavy hits and rapid-hit bursts still stop him)
[     1    0.000 x1.00] LOG  [OniBoss:Layer] strike moments overridden: Club_Swing=0.42 ClubSwing2=0.32 ClubSlam=0.85 KanaboSweep=0.48
[     1    0.000 x1.00] LOG  [OniBoss:Layer] club TOUCH hits ON (radius 0.70m, min tip speed 50m/s, armed from 0.20 of the clip): Club_Swing ClubSwing2 ClubSlam KanaboSweep. First touch wins — club full damage, wave half, one hit per swing.
[     1    0.000 x1.00] LOG  [OniBoss:Layer] combo damage ramp ON: mid x1.25, finisher x1.50 — finisher wave carries FULL damage at x2.0 size, x2.0 travel.
[     1    0.000 x1.00] LOG  [OniBoss:Layer] charge follow-up ON: 90 % of solo charges chain into a random melee finisher.
[     1    0.000 x1.00] LOG  [OniBoss:Layer] hold-ground ON (backstep 1.5m @ 1.6m/s after own attacks, watch 'Watch', attack facing LOCKED)
[     1    0.000 x1.00] LOG  [OniBoss:Layer] OniBoss layer ready (reactions, wake-on-hit, watch stance, boss bar). player=found
[     1    0.000 x1.00] LOG  [OniBoss:Layer] charge clip 'Oni Charge.fbx' imports with Root Motion Node = None (in place) — good.
[     1    0.000 x1.00] LOG  [OniBoss:Layer] clips importing with Root Transform Position (Y) NOT baked into pose (12): Oni_Alert(Oni Alert), Club_Slam(Oni Club Slam), Club_Swing(Oni Club Swing), Club_swing2(Oni Club Swing 2), Death(Oni Death Kneel), Hit_react_light(Oni Hit react lighter light), KanaboSweep(Oni Kanabo sweep), Phase_Transition(Oni Phase transition), run(Oni Run), Walk(Oni Walk), Watch(Oni Watch), Idle(Oni Idle) — their hips' up/down motion is stripped (see round notes; optional).
[     1    0.000 x1.00] LOG  === VFX MANAGER INITIALIZED ===
[     1    0.000 x1.00] LOG  Auto-detect animations: False
[     1    0.000 x1.00] LOG  Parent effects to tail: True
[     1    0.000 x1.00] LOG  Prefabs: Jump=True, Land=True, LTail=True, RTail=True
[     1    0.000 x1.00] LOG  ✅ Left Tail Tip: LeftTailVFX
[     1    0.000 x1.00] LOG  ✅ Right Tail Tip: RightTailTip_Anchor
[     1    0.000 x1.00] LOG  [VolumetricFogController] applyPresets is OFF in this scene. The Volumetric Fog component keeps its hand-set inspector values.
[     1    0.000 x1.00] LOG  [TailAirShot] Ready. drawState=RightTail_Fast castParam=TailCastSpeed (found)
  arrow leaves: PlayerYoru_1.1/Cat_All_10_Tails_v4/Group/DeformationSystem/root/Root_M/Tail15_R/Tail151_R/Tail152_R/Tail153_R/Tail154_R/Tail155_R/Tail156_R/Tail157_R/Tail158_R/Tail159_R/Tail1510_R/Tail1511_R/Tail1512_R/Tail6_R/Tail6_R_end/Tail6_R_end_end/Tail6_R_end_end_end/RightTailTip_Anchor
  aim VFX: PlayerYoru_1.1/Cat_All_10_Tails_v4/Group/DeformationSystem/root/Root_M/Tail15_R/Tail151_R/Tail152_R/Tail153_R/Tail154_R/Tail155_R/Tail156_R/Tail157_R/Tail158_R/Tail159_R/Tail1510_R/Tail1511_R/Tail1512_R/Tail6_R/Tail6_R_end/Tail6_R_end_end/Tail6_R_end_end_end/RightTailTip_Anchor/vfx_Muzzle_Fireball01Blue
[     1    0.000 x1.00] LOG  [RingMesh] VFX Status:
[     1    0.000 x1.00] LOG    Left: Prefab=✓, Spawn=Tail6_L_end_end_end
[     1    0.000 x1.00] LOG    Right: Prefab=✓, Spawn=Tail6_R_end_end_end
[     1    0.000 x1.00] LOG  [TailAirShot4Leg] Ready. drawState=shoot_4Leg castParam=Shoot4LegSpeed (found) readyFrame=5 fireFrame=10 frames=24 slowBudget=3s real damageMultiplier=2.00
  arrow leaves: PlayerYoru_1.1/Cat_All_10_Tails_v4/Group/DeformationSystem/root/Root_M/Tail15_R/Tail151_R/Tail152_R/Tail153_R/Tail154_R/Tail155_R/Tail156_R/Tail157_R/Tail158_R/Tail159_R/Tail1510_R/Tail1511_R/Tail1512_R/Tail6_R/Tail6_R_end/Tail6_R_end_end/Tail6_R_end_end_end/RightTailTip_Anchor
  aim VFX left:  PlayerYoru_1.1/Cat_All_10_Tails_v4/Group/DeformationSystem/root/Root_M/Tail15_L/Tail151_L/Tail152_L/Tail153_L/Tail154_L/Tail155_L/Tail156_L/Tail157_L/Tail158_L/Tail159_L/Tail1510_L/Tail1511_L/Tail1512_L/Tail6_L/Tail6_L_end/Tail6_L_end_end/Tail6_L_end_end_end/LeftTailTip_Anchor/Glow_4Leg_L
  aim VFX right: PlayerYoru_1.1/Cat_All_10_Tails_v4/Group/DeformationSystem/root/Root_M/Tail15_R/Tail151_R/Tail152_R/Tail153_R/Tail154_R/Tail155_R/Tail156_R/Tail157_R/Tail158_R/Tail159_R/Tail1510_R/Tail1511_R/Tail1512_R/Tail6_R/Tail6_R_end/Tail6_R_end_end/Tail6_R_end_end_end/RightTailTip_Anchor/Glow_4Leg_R
[     1    0.000 x1.00] LOG  [PlayerCombat] Phase 2 form gate CONNECTED (FormController found on this GameObject).
[     1    0.000 x1.00] LOG  [Combat] PlayerCombat initialized — Phase 3C v27
[     1    0.000 x1.00] LOG  [CameraGameFeel] CameraGameFeel initialized (shake + FOV)
[     1    2.403 x1.00] LOG  [OniBoss] Playing animation: Idle
[     1    2.403 x1.00] LOG  [OniBoss:Layer] watch stance ON (player 13.4m)
[    13    3.314 x1.00] LOG  💨 Landing VFX spawned!
[    13    3.314 x1.00] LOG  ✅ LANDED! (was jump #0)
[    61    4.079 x1.00] LOG  
==================== [FREEZE-DEBUG v3] ====================
  Reason : WASD-NOMOVE: WASD recent + speed 0.00m/s for 0.41s
  Time   : 1.187s   Frame: 61   Snaps: 12
===========================================================

--- CURRENT STATE ---
  Flags: atk=False hvy=False dod=False dsh=False
         grd=False hit=False aerial=False lockPos=False
         comboStep=0
  Anim : speed=1.00  combatLayer hash=-792875657 normT=1.166 weight=1.00 inTransition=False
  CC   : grounded=True  enabled=True  pos=(474.50, -0.02, 426.47)  vel=(0.00, 0.00, 0.00)
  Move : IsRunning=False
  Input: H=0.00 V=-1.00  LMB=False MMB=False Q=False Sp=False Sh=False C=False
         WASD pressed in last 0.5s: True (last 0.00s ago)

--- FLIGHT RECORDER (12 snapshots, oldest first, dt=0.10s) ---
  Legend: flags = A(tk) H(vy) D(od) S(sh) G(rd) R(eact) Y(aerial) L(ock)   gnd/cc: Y/n
  t-now    flags     step gnd cc anSp normT layW tr | posX     posZ     spd   | H    V    LMB MMB Q  Sp Sh C
  ------   --------  ---- --- -- ---- ----- ---- -- | -----    -----    ----  | ---- ---- --- --- -- -- -- -
  - 1.19s  --------    0  n   Y  1.00  0.00 1.00 -  |   474.5    427.2  0.00 |  0.0  0.0 0   0   0  0  0  0
  - 1.08s  --------    0  n   Y  1.00  0.07 1.00 -  |   474.5    427.2  0.00 |  0.0  0.0 0   0   0  0  0  0
  - 0.96s  --------    0  n   Y  1.00  0.18 1.00 -  |   474.5    427.2  0.00 |  0.0  0.0 0   0   0  0  0  0
  - 0.86s  --------    0  n   Y  1.00  0.30 1.00 -  |   474.5    427.2  0.00 |  0.0  0.0 0   0   0  0  0  0
  - 0.74s  --------    0  Y   Y  1.00  0.42 1.00 -  |   474.5    427.2  0.00 |  0.0  0.0 0   0   0  0  0  0
  - 0.63s  --------    0  Y   Y  1.00  0.54 1.00 -  |   474.5    427.2  0.00 |  0.0  0.0 0   0   0  0  0  0
  - 0.52s  --------    0  Y   Y  1.00  0.65 1.00 -  |   474.5    427.2  0.00 |  0.0  0.0 0   0   0  0  0  0
  - 0.41s  --------    0  Y   Y  1.00  0.76 1.00 -  |   474.5    427.2  0.00 |  0.0  0.0 0   0   0  0  0  0
  - 0.31s  --------    0  Y   Y  1.00  0.86 1.00 -  |   474.5    427.1  0.00 |  0.0 -1.0 0   0   0  0  0  0
  - 0.21s  --------    0  Y   Y  1.00  0.96 1.00 -  |   474.5    426.9  0.00 |  0.0 -1.0 0   0   0  0  0  0
  - 0.10s  --------    0  Y   Y  1.00  1.07 1.00 -  |   474.5    426.7  0.00 |  0.0 -1.0 0   0   0  0  0  0
  - 0.00s  --------    0  Y   Y  1.00  1.17 1.00 -  |   474.5    426.5  0.00 |  0.0 -1.0 0   0   0  0  0  0
=========================================================== END

[  2052   32.301 x1.00] LOG  
==================== [FREEZE-DEBUG v3] ====================
  Reason : WASD-NOMOVE: WASD recent + speed 0.00m/s for 0.41s
  Time   : 29.409s   Frame: 2052   Snaps: 60
===========================================================

--- CURRENT STATE ---
  Flags: atk=False hvy=False dod=False dsh=False
         grd=False hit=False aerial=False lockPos=False
         comboStep=0
  Anim : speed=1.00  combatLayer hash=-792875657 normT=29.396 weight=1.00 inTransition=False
  CC   : grounded=True  enabled=True  pos=(474.44, -0.02, 423.71)  vel=(0.00, 0.00, 0.00)
  Move : IsRunning=False
  Input: H=0.00 V=-1.00  LMB=False MMB=False Q=False Sp=False Sh=False C=False
         WASD pressed in last 0.5s: True (last 0.00s ago)

--- FLIGHT RECORDER (60 snapshots, oldest first, dt=0.10s) ---
  Legend: flags = A(tk) H(vy) D(od) S(sh) G(rd) R(eact) Y(aerial) L(ock)   gnd/cc: Y/n
  t-now    flags     step gnd cc anSp normT layW tr | posX     posZ     spd   | H    V    LMB MMB Q  Sp Sh C
  ------   --------  ---- --- -- ---- ----- ---- -- | -----    -----    ----  | ---- ---- --- --- -- -- -- -
  - 6.44s  --------    0  Y   Y  1.00 22.96 1.00 -  |   474.5    424.4  0.00 |  0.0  0.0 0   0   0  0  0  0
  - 6.33s  --------    0  Y   Y  1.00 23.06 1.00 -  |   474.5    424.4  0.00 |  0.0  0.0 0   0   0  0  0  0
  - 6.23s  --------    0  Y   Y  1.00 23.17 1.00 -  |   474.5    424.4  0.00 |  0.0  0.0 0   0   0  0  0  0
  - 6.12s  --------    0  Y   Y  1.00 23.28 1.00 -  |   474.5    424.4  0.00 |  0.0  0.0 0   0   0  0  0  0
  - 6.01s  --------    0  Y   Y  1.00 23.39 1.00 -  |   474.5    424.4  0.00 |  0.0  0.0 0   0   0  0  0  0
  - 5.91s  --------    0  Y   Y  1.00 23.49 1.00 -  |   474.5    424.4  0.00 |  0.0  0.0 0   0   0  0  0  0
  - 5.80s  --------    0  Y   Y  1.00 23.60 1.00 -  |   474.5    424.4  0.00 |  0.0  0.0 0   0   0  0  0  0
  - 5.69s  --------    0  Y   Y  1.00 23.70 1.00 -  |   474.5    424.4  0.00 |  0.0  0.0 0   0   0  0  0  0
  - 5.59s  --------    0  Y   Y  1.00 23.81 1.00 -  |   474.5    424.4  0.00 |  0.0  0.0 0   0   0  0  0  0
  - 5.48s  --------    0  Y   Y  1.00 23.92 1.00 -  |   474.5    424.4  0.00 |  0.0  0.0 0   0   0  0  0  0
  - 5.38s  --------    0  Y   Y  1.00 24.01 1.00 -  |   474.5    424.4  0.00 |  0.0  0.0 0   0   0  0  0  0
  - 5.27s  --------    0  Y   Y  1.00 24.13 1.00 -  |   474.5    424.4  0.00 |  0.0  0.0 0   0   0  0  0  0
  - 5.16s  --------    0  Y   Y  1.00 24.23 1.00 -  |   474.5    424.4  0.00 |  0.0  0.0 0   0   0  0  0  0
  - 5.06s  --------    0  Y   Y  1.00 24.33 1.00 -  |   474.5    424.4  0.00 |  0.0  0.0 0   0   0  0  0  0
  - 4.96s  --------    0  Y   Y  1.00 24.44 1.00 -  |   474.5    424.4  0.00 |  0.0  0.0 0   0   0  0  0  0
  - 4.86s  --------    0  Y   Y  1.00 24.54 1.00 -  |   474.5    424.4  0.00 |  0.0  0.0 0   0   0  0  0  0
  - 4.74s  --------    0  Y   Y  1.00 24.65 1.00 -  |   474.5    424.4  0.00 |  0.0  0.0 0   0   0  0  0  0
  - 4.64s  --------    0  Y   Y  1.00 24.76 1.00 -  |   474.5    424.4  0.00 |  0.0  0.0 0   0   0  0  0  0
  - 4.53s  --------    0  Y   Y  1.00 24.87 1.00 -  |   474.5    424.4  0.00 |  0.0  0.0 0   0   0  0  0  0
  - 4.42s  --------    0  Y   Y  1.00 24.98 1.00 -  |   474.5    424.4  0.00 |  0.0  0.0 0   0   0  0  0  0
  - 4.31s  --------    0  Y   Y  1.00 25.08 1.00 -  |   474.5    424.4  0.00 |  0.0  0.0 0   0   0  0  0  0
  - 4.21s  --------    0  Y   Y  1.00 25.19 1.00 -  |   474.5    424.4  0.00 |  0.0  0.0 0   0   0  0  0  0
  - 4.10s  --------    0  Y   Y  1.00 25.30 1.00 -  |   474.5    424.4  0.00 |  0.0  0.0 0   0   0  0  0  0
  - 3.99s  --------    0  Y   Y  1.00 25.41 1.00 -  |   474.5    424.4  0.00 |  0.0  0.0 0   0   0  0  0  0
  - 3.88s  --------    0  Y   Y  1.00 25.51 1.00 -  |   474.5    424.4  0.00 |  0.0  0.0 0   0   0  0  0  0
  - 3.78s  --------    0  Y   Y  1.00 25.62 1.00 -  |   474.5    424.4  0.00 |  0.0  0.0 0   0   0  0  0  0
  - 3.67s  --------    0  Y   Y  1.00 25.73 1.00 -  |   474.5    424.4  0.00 |  0.0  0.0 0   0   0  0  0  0
  - 3.56s  --------    0  Y   Y  1.00 25.84 1.00 -  |   474.5    424.4  0.00 |  0.0  0.0 0   0   0  0  0  0
  - 3.45s  --------    0  Y   Y  1.00 25.94 1.00 -  |   474.5    424.4  0.00 |  0.0  0.0 0   0   0  0  0  0
  - 3.35s  --------    0  Y   Y  1.00 26.05 1.00 -  |   474.5    424.4  0.00 |  0.0  0.0 0   0   0  0  0  0
  - 3.24s  --------    0  Y   Y  1.00 26.16 1.00 -  |   474.5    424.4  0.00 |  0.0  0.0 0   0   0  0  0  0
  - 3.13s  --------    0  Y   Y  1.00 26.27 1.00 -  |   474.5    424.4  0.00 |  0.0  0.0 0   0   0  0  0  0
  - 3.02s  --------    0  Y   Y  1.00 26.38 1.00 -  |   474.5    424.4  0.00 |  0.0  0.0 0   0   0  0  0  0
  - 2.91s  --------    0  Y   Y  1.00 26.48 1.00 -  |   474.5    424.4  0.00 |  0.0  0.0 0   0   0  0  0  0
  - 2.80s  --------    0  Y   Y  1.00 26.59 1.00 -  |   474.5    424.4  0.00 |  0.0  0.0 0   0   0  0  0  0
  - 2.69s  --------    0  Y   Y  1.00 26.70 1.00 -  |   474.5    424.4  0.00 |  0.0  0.0 0   0   0  0  0  0
  - 2.58s  --------    0  Y   Y  1.00 26.81 1.00 -  |   474.5    424.4  0.00 |  0.0  0.0 0   0   0  0  0  0
  - 2.48s  --------    0  Y   Y  1.00 26.92 1.00 -  |   474.5    424.4  0.00 |  0.0  0.0 0   0   0  0  0  0
  - 2.37s  --------    0  Y   Y  1.00 27.03 1.00 -  |   474.5    424.4  0.00 |  0.0  0.0 0   0   0  0  0  0
  - 2.26s  --------    0  Y   Y  1.00 27.13 1.00 -  |   474.5    424.4  0.00 |  0.0  0.0 0   0   0  0  0  0
  - 2.16s  --------    0  Y   Y  1.00 27.24 1.00 -  |   474.5    424.4  0.00 |  0.0  0.0 0   0   0  0  0  0
  - 2.06s  --------    0  Y   Y  1.00 27.34 1.00 -  |   474.5    424.4  0.00 |  0.0  0.0 0   0   0  0  0  0
  - 1.95s  --------    0  Y   Y  1.00 27.44 1.00 -  |   474.5    424.4  0.00 |  0.0  0.0 0   0   0  0  0  0
  - 1.85s  --------    0  Y   Y  1.00 27.55 1.00 -  |   474.5    424.4  0.00 |  0.0  0.0 0   0   0  0  0  0
  - 1.74s  --------    0  Y   Y  1.00 27.66 1.00 -  |   474.5    424.4  0.00 |  0.0  0.0 0   0   0  0  0  0
  - 1.63s  --------    0  Y   Y  1.00 27.77 1.00 -  |   474.5    424.4  0.00 |  0.0  0.0 0   0   0  0  0  0
  - 1.52s  --------    0  Y   Y  1.00 27.88 1.00 -  |   474.5    424.4  0.00 |  0.0  0.0 0   0   0  0  0  0
  - 1.41s  --------    0  Y   Y  1.00 27.99 1.00 -  |   474.5    424.4  0.00 |  0.0  0.0 0   0   0  0  0  0
  - 1.30s  --------    0  Y   Y  1.00 28.10 1.00 -  |   474.5    424.4  0.00 |  0.0  0.0 0   0   0  0  0  0
  - 1.19s  --------    0  Y   Y  1.00 28.21 1.00 -  |   474.5    424.4  0.00 |  0.0  0.0 0   0   0  0  0  0
  - 1.07s  --------    0  Y   Y  1.00 28.32 1.00 -  |   474.5    424.4  0.00 |  0.0  0.0 0   0   0  0  0  0
  - 0.97s  --------    0  Y   Y  1.00 28.43 1.00 -  |   474.5    424.4  0.00 |  0.0  0.0 0   0   0  0  0  0
  - 0.85s  --------    0  Y   Y  1.00 28.54 1.00 -  |   474.5    424.4  0.00 |  0.0  0.0 0   0   0  0  0  0
  - 0.75s  --------    0  Y   Y  1.00 28.65 1.00 -  |   474.5    424.4  0.00 |  0.0  0.0 0   0   0  0  0  0
  - 0.64s  --------    0  Y   Y  1.00 28.75 1.00 -  |   474.5    424.4  0.00 |  0.0  0.0 0   0   0  0  0  0
  - 0.53s  --------    0  Y   Y  1.00 28.86 1.00 -  |   474.5    424.4  0.00 |  0.0  0.0 0   0   0  0  0  0
  - 0.42s  --------    0  Y   Y  1.00 28.97 1.00 -  |   474.5    424.4  0.00 |  0.0  0.0 0   0   0  0  0  0
  - 0.30s  --------    0  Y   Y  1.00 29.09 1.00 -  |   474.5    424.3  0.00 |  0.0 -1.0 0   0   0  0  0  0
  - 0.19s  --------    0  Y   Y  1.00 29.20 1.00 -  |   474.5    424.1  0.00 |  0.0 -1.0 0   0   0  0  0  0
  - 0.08s  --------    0  Y   Y  1.00 29.31 1.00 -  |   474.5    423.9  0.00 |  0.0 -1.0 0   0   0  0  0  0
=========================================================== END

[  2057   32.393 x1.00] LOG  [OniBoss:Layer] watch stance OFF, back to Idle (player 16.5m)
[  8120  115.229 x1.00] LOG  [StormWeather] terrain layers restored to dry values.
# end — 57 lines
