# Oni combat log — 2026-09-22 19:29:41
# Unity 6000.2.7f2 | scene 'CaveScene_Oni_Boss1' | platform OSXEditor
# columns: [frame realSeconds timeScale] KIND message      (KIND: LOG WARN ERR EXC TEL)
#
[     0    0.000 x1.00] LOG  [OniLog] console + telemetry → /Users/asenahazal/Documents/Yoru/OniLogs/oni_2026-09-22_19-29-41.log
[     0    0.000 x1.00] LOG  [OniHairShadows] shadow casting off on 27 hair renderers
[     0    0.000 x1.00] LOG  [RingMesh] Auto-found 11/11 left, 11/11 right meshes
[     1    0.000 x1.00] LOG  [GameOver] ready (sumi-e): PlayerCombat found, ink shader ok, paper set, kanji set, font YujiSyuku-Regular SDF, Main Menu faint (no scene set)
[     1    0.000 x1.00] LOG  [PeachUI] row ready: 4 peaches, 64 px, TopLeft, bleed sprite set, PlayerHealth found
[     1    0.000 x1.00] LOG  [Pause] ready: key Escape, paper shader ok, paper set, kanji set, font YujiSyuku-Regular SDF, capture ScreenGrab, Main Menu faint (no scene set)
[     1    0.000 x1.00] LOG  [BossBar] BossHealthBarUI initialized
[     1    0.000 x1.00] LOG  [StormWeather] layer 'TerrainLayer_Dirt_01' dry smoothness=0.00 (restore to this if a crash ever leaves it wet)
[     1    0.000 x1.00] LOG  [StormWeather] post volumes ready on layer 9 (storm priority 10, flash priority 11).
[     1    0.000 x1.00] LOG  [StormWeather] ROUND 80: fur weather ready on 'Weather Zone'. Rain 0, wind 0.50 in the open, sky check 30 m from 'PlayerYoru_1.1'.
[     1    0.000 x1.00] LOG  [StormWeather] COZY bridge: Rain_Cave retired, COZY owns the rain now.
[     1    0.000 x1.00] LOG  [StormWeather] COZY → 'Clear' (pre-fight - open sky, 0 s)
[     1    0.000 x1.00] LOG  [StormWeather] Ready. Open sky, dry floor. Waiting for the fight.
[     1    0.000 x1.00] LOG  OniBoss initialized with 2500 HP
[     1    0.000 x1.00] LOG  [OniBoss] ANIMATOR SETUP: cullingMode=CullUpdateTransforms updateMode=Normal applyRootMotion=False speed=1
[     1    0.000 x1.00] LOG  [OniBoss] Initialized
[     1    0.000 x1.00] LOG  [OniBoss:Layer] facing: minFlat 1m, snapOnAttack off, trackInHitReact off, aimTurn 540 deg/s for the first 0.20 of the swing
[     1    0.000 x1.00] LOG  [OniBoss:Layer] Yoru launch model ON: launches ALL THE WAY to an enemy within 4.7m of its surface at 10m/s (stop gap 0.00m, NO minimum distance), else steps 0.90m forward. Targeting cone left exactly as her prefab has it.
[     1    0.000 x1.00] LOG  [OniBoss:Layer] Yoru launch ROUND 9: airborne attacks launch too (ON), edge probe now runs on its OWN layer mask (Everything) instead of the line-of-sight mask - the Ground-only mask found no floor in this cave and was cancelling 100% of launches at 0.00m travelled.
[     1    0.000 x1.00] LOG  [OniBoss:Layer] animator speed x1.35 — his 1.13s swing now plays in 0.84s.
[     1    0.000 x1.00] LOG  [OniBoss:Layer] chase speed pushed: phase1 4.5, phase2 5.5 (Yoru runs at 7).
[     1    0.000 x1.00] LOG  [OniBoss:Layer] ground wave ON (round 38): half the club's damage on TOUCH, 12m/s x 6.0m from 1.6m in front at 0.35m height — a club hit cancels that swing's wave, jumping clears it. Per-attack effects come from the Swing Wave VFX By Attack rows. PlayerHealth found, PlayerMovement found.
[     1    0.000 x1.00] LOG  [StormWeather] storm break HELD (waiting for the lightning beat)
[     1    0.000 x1.00] LOG  [OniBoss:Layer] storm break HELD — it releases at the lightning-on-the-club beat.
[     1    0.000 x1.00] LOG  [OniBoss:Layer] club tracking ON — tip 'Kanabo3' (depth 4), shaft root 'kanabo'.
[     1    0.000 x1.00] LOG  [OniBoss:Layer] skinned meshes: 46 renderer(s), updateWhenOffscreen ON, body renderer 'Body' rootBone 'Hips'
[     1    0.000 x1.00] LOG  [OniBoss:Layer] charge travel bone: 'Hips' at depth 1 under 'OniBoss', rest local (0.00, 3.24, -0.24)
[     1    0.000 x1.00] LOG  [OniBoss:Layer] anti-kite ON: thrown swing after 4s of failed chase (within 7.6m), charge after 6s.
[     1    0.000 x1.00] LOG  [OniBoss:Layer] charge drive ON (windup to 0.40 at x1.3, rush 14m/s stops at 2.6m, steers 0.35s then commits, strike section from 0.58, strike moment 0.76, trail VFX off)
[     1    0.000 x1.00] LOG  [OniBoss:Layer] attack armor ON (his swings are not interrupted by light/medium hits; heavy hits and rapid-hit bursts still stop him)
[     1    0.000 x1.00] LOG  [OniBoss:Layer] strike moments overridden: Club_Swing=0.42 ClubSwing2=0.32 ClubSlam=0.85 KanaboSweep=0.48
[     1    0.000 x1.00] LOG  [OniBoss:Layer] club TOUCH hits ON (radius 0.70m, min tip speed 50m/s, armed from 0.20 of the clip): Club_Swing ClubSwing2 ClubSlam KanaboSweep. First touch wins — club full damage, wave half, one hit per swing.
[     1    0.000 x1.00] LOG  [OniBoss:Layer] combo damage ramp ON: mid x1.25, finisher x1.50 — finisher wave carries FULL damage at x2.0 size, x2.0 travel.
[     1    0.000 x1.00] LOG  [OniBoss:Layer] charge follow-up ON: 90 % of solo charges chain into a random melee finisher.
[     1    0.000 x1.00] LOG  [OniBoss:Layer] hold-ground ON (backstep 1.5m @ 1.6m/s after own attacks, watch 'Watch', attack facing LOCKED)
[     1    0.000 x1.00] LOG  [OniBoss:Layer] OniBoss layer ready (reactions, wake-on-hit, watch stance, boss bar). player=found
[     1    0.000 x1.00] LOG  [OniBoss:Layer] charge clip 'Oni Charge.fbx' imports with Root Motion Node = None (in place) — good.
[     1    0.000 x1.00] LOG  [OniBoss:Layer] clips importing with Root Transform Position (Y) NOT baked into pose (12): Oni_Alert(Oni Alert), Club_Slam(Oni Club Slam), Club_Swing(Oni Club Swing), Club_swing2(Oni Club Swing 2), Death(Oni Death Kneel), KanaboSweep(Oni Kanabo sweep), Phase_Transition(Oni Phase transition), run(Oni Run), Walk(Oni Walk), Watch(Oni Watch), Idle(Oni Idle), Hit_react_light(Oni NEWHit react light) — their hips' up/down motion is stripped (see round notes; optional).
[     1    0.000 x1.00] LOG  === VFX MANAGER INITIALIZED ===
[     1    0.000 x1.00] LOG  Auto-detect animations: False
[     1    0.000 x1.00] LOG  Parent effects to tail: True
[     1    0.000 x1.00] LOG  Prefabs: Jump=True, Land=True, LTail=True, RTail=True
[     1    0.000 x1.00] LOG  ✅ Left Tail Tip: LeftTailTip_Anchor
[     1    0.000 x1.00] LOG  ✅ Right Tail Tip: RightTailTip_Anchor
[     1    0.000 x1.00] LOG  [VolumetricFogController] applyPresets is OFF in this scene. The Volumetric Fog component keeps its hand-set inspector values.
[     1    0.000 x1.00] LOG  [TailAirShot] Ready. drawState=RightTail_Fast castParam=TailCastSpeed (found)
  arrow leaves: PlayerYoru_1.1/Cat_All_10_Tails_v4/Group/DeformationSystem/root/Root_M/Tail15_R/Tail151_R/Tail152_R/Tail153_R/Tail154_R/Tail155_R/Tail156_R/Tail157_R/Tail158_R/Tail159_R/Tail1510_R/Tail1511_R/Tail1512_R/Tail6_R/Tail6_R_end/Tail6_R_end_end/Tail6_R_end_end_end/RightTailTip_Anchor
  aim VFX: PlayerYoru_1.1/Cat_All_10_Tails_v4/Group/DeformationSystem/root/Root_M/Tail15_R/Tail151_R/Tail152_R/Tail153_R/Tail154_R/Tail155_R/Tail156_R/Tail157_R/Tail158_R/Tail159_R/Tail1510_R/Tail1511_R/Tail1512_R/Tail6_R/Tail6_R_end/Tail6_R_end_end/Tail6_R_end_end_end/RightTailTip_Anchor/vfx_Muzzle_Fireball01Blue
[     1    0.000 x1.00] LOG  [RingMesh] VFX Status:
[     1    0.000 x1.00] LOG    Left: Prefab=✓, Spawn=Tail6_L_end_end_end
[     1    0.000 x1.00] LOG    Right: Prefab=✓, Spawn=Tail6_R_end_end_end
[     1    0.000 x1.00] LOG  [TailAirShot4Leg] Ready. drawState=shoot_4Leg castParam=Shoot4LegSpeed (found) readyFrame=5 fireFrame=10 frames=24 slowBudget=3s real damageMultiplier=2.00
  arrow leaves: PlayerYoru_1.1/Cat_All_10_Tails_v4/Group/DeformationSystem/root/Root_M/Tail15_R/Tail151_R/Tail152_R/Tail153_R/Tail154_R/Tail155_R/Tail156_R/Tail157_R/Tail158_R/Tail159_R/Tail1510_R/Tail1511_R/Tail1512_R/Tail6_R/Tail6_R_end/Tail6_R_end_end/Tail6_R_end_end_end/RightTailTip_Anchor
  aim VFX left:  PlayerYoru_1.1/Cat_All_10_Tails_v4/Group/DeformationSystem/root/Root_M/Tail15_L/Tail151_L/Tail152_L/Tail153_L/Tail154_L/Tail155_L/Tail156_L/Tail157_L/Tail158_L/Tail159_L/Tail1510_L/Tail1511_L/Tail1512_L/Tail6_L/Tail6_L_end/Tail6_L_end_end/Tail6_L_end_end_end/LeftTailTip_Anchor/Glow_4Leg_L
  aim VFX right: PlayerYoru_1.1/Cat_All_10_Tails_v4/Group/DeformationSystem/root/Root_M/Tail15_R/Tail151_R/Tail152_R/Tail153_R/Tail154_R/Tail155_R/Tail156_R/Tail157_R/Tail158_R/Tail159_R/Tail1510_R/Tail1511_R/Tail1512_R/Tail6_R/Tail6_R_end/Tail6_R_end_end/Tail6_R_end_end_end/RightTailTip_Anchor/Glow_4Leg_R
[     1    0.000 x1.00] LOG  [PlayerCombat] Phase 2 form gate CONNECTED (FormController found on this GameObject).
[     1    0.000 x1.00] LOG  [Combat] PlayerCombat initialized, Phase 3C v27
[     1    0.000 x1.00] LOG  [CameraGameFeel] CameraGameFeel initialized (shake + FOV)
[     1    6.538 x1.00] LOG  [OniBoss] Playing animation: Idle
[    46    8.462 x1.00] LOG  💨 Landing VFX spawned!
[    46    8.462 x1.00] LOG  ✅ LANDED! (was jump #0)
[   435   11.021 x1.00] LOG  [OniBoss:Layer] watch stance ON (player 15.0m)
[   561   11.881 x1.00] LOG  [OniBoss] LostSoul → Alert
[   561   11.881 x1.00] LOG  [OniBoss] Playing animation: Oni_Alert
[   561   11.881 x1.00] LOG  [BossBar] Showing bar for: Oni (2500/2500)
[   561   11.881 x1.00] LOG  [OniBoss:Layer] boss bar shown
[   562   11.890 x1.00] LOG  [StormWeather] COZY → 'Yoru_Oni_Phase1_Storm' (fight engaged - storm rolls in, 0 s)
[   562   11.890 x1.00] LOG  [StormWeather] FIGHT STARTED (he engaged) - storm on, floor starts to soak.
[   563   11.897 x1.00] WARN The referenced script on this Behaviour (Game Object '<null>') is missing!
[   563   11.897 x1.00] WARN The referenced script on this Behaviour (Game Object 'Lightning Light') is missing!
[   563   11.897 x1.00] WARN The referenced script on this Behaviour (Game Object 'Lightning Light') is missing!
[   612   12.229 x1.00] LOG  [StormWeather] fur: rain reaching the coat (intensity 0.01, follows floor wetness).
[   634   12.385 x1.00] LOG  [OniBoss] Alert → Chase
[   635   12.391 x1.00] LOG  [OniBoss] Pull-band decision: RUN-IN (dist 7.2m, pullRange 0m, chance 0.50)
[   635   12.391 x1.00] LOG  [OniBoss] Playing animation: run
[   639   12.417 x1.00] LOG  [Combat] Combo 1: 10 dmg
[   639   12.417 x1.00] LOG  [ComboTrace] START step=1 state='Combo1' queued=0 target='OniBoss' at 7.3m
[   639   12.417 x1.00] LOG  [ComboTrace] LAUNCH STEP (too far: OniBoss at 5.8m > engage 4.7m) dist=0.90m in 0.13s
[   659   12.553 x1.00] LOG  [ComboTrace] LAUNCH RESULT wanted=0.90m actually moved=0.90m, completed
[   680   12.697 x1.00] LOG  [StormWeather] storm post weight -> 0.40
[   726   13.009 x1.00] LOG  🐾 VFX_AttackPaw triggered!
[   755   13.222 x1.00] LOG  [ComboTrace] END step=1 clipProgress=0.85 clipLen=0.95s queued=0 elapsed=0.81s
[   769   13.321 x1.00] LOG  [OniBoss] Playing animation: Idle
[   769   13.321 x1.00] LOG  [OniBoss] Combo started: swing1-2 (2 steps remaining)
[   769   13.321 x1.00] LOG  [OniBoss] Chase → Attack
[   769   13.321 x1.00] LOG  [OniBoss] Attack: Club_Swing (16 dmg)
[   769   13.321 x1.00] LOG  [OniBoss:Trail] Club_Swing trail START at clip 1.00 (transition done).
[   777   13.381 x1.00] LOG  [OniBoss:Layer] step-in: 'Club_Swing' closed 0.30m, Yoru now 3.0m away (range 3.5)
[   821   13.681 x1.00] LOG  [OniBoss:ClubPos] Club_Swing at strike: club tip 3.02m up, 2.50m in front, -2.96m to his right (3.87m out from his centre). Club faces -82deg from his forward, pitch 0.41. (the ground wave is born 1.6m in front of him at 0.35m.)
[   821   13.681 x1.00] LOG  [OniBoss:Layer] Club_Swing: club has not connected — ground wave released ARMED, 1.6m in front, 12m/s x 6.0m = 0.50s, carrying 8 (half of the club's 16).
[   822   13.689 x1.00] LOG  [Peach] light hit 8 dmg: 1 bite. 15/16 bites = 3.75 of 4 peaches
[   822   13.689 x1.00] LOG  [Combat] Combo memory: light hit, keeping step 1
[   822   13.689 x1.00] LOG  [Combat] Hit react: HitReact_Light_2Leg (0.5s, clip starts at 0.35s)
[   822   13.689 x1.00] LOG  [CameraGameFeel] Shake: intensity=0.30 duration=0.200s
[   822   13.689 x1.00] LOG  [CameraGameFeel] FOV punch: player damage (-2.0°)
[   822   13.689 x1.00] LOG  [OniBoss:Wave] wave TOUCHED Yoru (grounded) for 8 after 0.1m / 0.01s of travel.
[   825   13.711 x1.00] LOG  [HitReactTrace] asked for 'HitReact_Light_2Leg' (0.50s, clip start 0.35s): playing it, blend resolved after 22 ms, state 1.21s long at speed 1.00, now at 0.37s, layer weight 1.00, animator.speed 1.00.
[   891   14.158 x1.00] LOG  [OniBoss] Attack → Recovery
[   891   14.158 x1.00] LOG  [OniBoss] Playing animation: Watch
[   891   14.158 x1.00] LOG  [OniBoss:Trail] trail END at clip 0.99, fading over 0.40s.
[   891   14.158 x1.00] LOG  [OniBoss:Strike] Club_Swing: club tip closest to Yoru at 0.94m, clip position 0.91 | damage fires at 0.42 | clip 0.84s => damage fires 413 ms BEFORE the club is closest
[   911   14.310 x1.00] LOG  [OniBoss] Recovery → Attack
[   911   14.310 x1.00] LOG  [OniBoss] Attack: ClubSwing2 (16 dmg)
[   911   14.310 x1.00] LOG  [OniBoss:Trail] ClubSwing2 trail START at clip 1.00 (transition still blending).
[   946   14.559 x1.00] LOG  [Combat] Combo 2: 20 dmg
[   946   14.559 x1.00] LOG  [ComboTrace] START step=2 state='Combo2' queued=0 target='OniBoss' at 2.1m
[   946   14.559 x1.00] LOG  [ComboTrace] LAUNCH OniBoss at 0.8m dist=0.84m in 0.13s
[   959   14.638 x1.00] LOG  [CameraGameFeel] Shake: intensity=0.20 duration=0.250s
[   959   14.638 x1.00] LOG  [Peach] heavy hit 24 dmg: 3 bites. 12/16 bites = 3 of 4 peaches
[   959   14.638 x1.00] LOG  [Combat] Hit react: HitReact_Heavy_2Leg (0.9s, clip starts at 0.35s)
[   959   14.638 x1.00] LOG  [CameraGameFeel] Shake: intensity=0.60 duration=0.200s
[   959   14.638 x1.00] LOG  [CameraGameFeel] FOV punch: player damage (-3.0°)
[   959   14.638 x1.00] LOG  [OniBoss] Hit player for 24 (ClubSwing2) [combo x1.50]
[   959   14.638 x1.00] LOG  [OniBoss:Touch] ClubSwing2: club TOUCHED Yoru at clip 0.28, shaft 0.68m from her body line, head 0.48 along the club, tip 1.87m up, tip speed 91m/s, ONE FRAME EARLY (predicted). Full club hit delivered this frame.
[   960   14.648 x1.00] LOG  [HitReactTrace] asked for 'HitReact_Heavy_2Leg' (0.90s, clip start 0.35s): NOT playing it, another state took the combat layer, blend resolved after 10 ms, state 1.35s long at speed 1.60, now at 0.08s, layer weight 1.00, animator.speed 1.00.
[   966   14.697 x1.00] LOG  [OniBoss:ClubPos] ClubSwing2 at strike: club tip 0.06m up, 1.89m in front, 2.32m to his right (2.99m out from his centre). Club faces 1deg from his forward, pitch -0.87. (the ground wave is born 1.6m in front of him at 0.35m.)
[   966   14.697 x1.00] LOG  [OniBoss:Layer] ClubSwing2: club already hit — ground wave released as VISUAL only (0 damage), finisher size x2.0.
[  1073   15.473 x1.00] LOG  [OniBoss] Attack → Recovery
[  1073   15.473 x1.00] LOG  [OniBoss] Playing animation: Watch
[  1073   15.473 x1.00] LOG  [OniBoss:Trail] trail END at clip 0.99, fading over 0.40s.
[  1073   15.473 x1.00] LOG  [OniBoss:Strike] ClubSwing2: club tip closest to Yoru at 1.28m, clip position 0.30 | damage fires at 0.32 | clip 1.17s => MATCHED (within one or two frames)
[  1093   15.626 x1.00] LOG  [OniBoss] Recovery → Chase
[  1094   15.636 x1.00] LOG  [OniBoss] hold-ground: BACKSTEP 1.5m (player 2.0m)
[  1216   16.456 x1.00] LOG  [Combat] Combo 1: 10 dmg
[  1216   16.456 x1.00] LOG  [ComboTrace] START step=1 state='Combo1' queued=0 target='OniBoss' at 3.3m
[  1216   16.456 x1.00] LOG  [ComboTrace] LAUNCH OniBoss at 2.0m dist=2.00m in 0.20s
[  1234   16.573 x1.00] LOG  [OniBoss] hold-ground: backstep done (1.51m), WATCH (player 2.0m, cooldown 0.9s)
[  1234   16.573 x1.00] LOG  [OniBoss] Playing animation: Idle
[  1244   16.655 x1.00] LOG  [ComboTrace] LAUNCH RESULT wanted=2.00m actually moved=1.51m, completed
[  1280   16.928 x1.00] LOG  OniBoss took 10 damage. HP: 2490/2500
[  1280   16.928 x1.00] LOG  [OniBoss] Chase → HitReact
[  1280   16.928 x1.00] LOG  [OniBoss:Layer] react tier: LIGHT (10 dmg) → 'Hit_react_light'
[  1280   16.928 x1.00] LOG  [OniReactTrace] #1 LIGHT (10 dmg) asked for 'Hit_react_light': crossfade 0.08s, animator speed 1.35, world x1.00
[  1280   16.928 x1.00] LOG  [Momentum] 0 -> 1 (hit), speed x1.05, damage x1.05, impact x1.05
[  1280   16.928 x1.00] LOG  [CameraGameFeel] Shake: intensity=0.06 duration=0.080s
[  1280   16.928 x1.00] LOG  [Combat] Hit OniBoss for 10
[  1280   16.928 x1.00] LOG  [CameraGameFeel] Shake: intensity=0.53 duration=0.200s
[  1280   16.928 x1.00] LOG  [CameraGameFeel] FOV punch: hit light (+1.5°)
[  1281   16.969 x1.00] LOG  [OniReactTrace] #1 +0.04s state SOMETHING ELSE, clip on his bones 'Take 001' weight 1.00, layer weight 1.00, animator speed 0.00, world x1.00, engine HitReact
[  1290   17.029 x1.00] LOG  [OniReactTrace] #1 +0.10s state SOMETHING ELSE, clip on his bones 'Take 001' weight 0.09, blending INTO 'Hit_react_light', layer weight 1.00, animator speed 1.35, world x1.00, engine HitReact
[  1300   17.092 x1.00] LOG  🐾 VFX_AttackPaw triggered!
[  1313   17.179 x1.00] LOG  [OniReactTrace] #1 +0.25s state 'Hit_react_light' at 33 % of its 0.62s, clip on his bones 'Take 001' weight 1.00, layer weight 1.00, animator speed 1.35, world x1.00, engine HitReact
[  1330   17.298 x1.00] LOG  [ComboTrace] END step=1 clipProgress=0.85 clipLen=0.95s queued=0 elapsed=0.84s
[  1343   17.386 x1.00] LOG  [OniReactTrace] #1 +0.46s state 'Hit_react_light' at 66 % of its 0.62s, clip on his bones 'Take 001' weight 1.00, layer weight 1.00, animator speed 1.35, world x1.00, engine HitReact
[  1377   17.629 x1.00] LOG  [OniReactTrace] #1 +0.70s state 'Hit_react_light' at 100 % of its 0.62s, clip on his bones 'Take 001' weight 1.00, layer weight 1.00, animator speed 1.35, world x1.00, engine HitReact
[  1391   17.731 x1.00] LOG  [OniBoss] HitReact → Chase
[  1392   17.737 x1.00] LOG  [OniBoss] Playing animation: Watch
[  1392   17.737 x1.00] LOG  [OniBoss] Chase → Attack
[  1392   17.737 x1.00] LOG  [OniBoss] Attack: ClubSlam (20 dmg)
[  1392   17.737 x1.00] LOG  [OniBoss:Trail] ClubSlam trail START at clip 1.00 (transition done).
[  1414   17.887 x1.00] LOG  [OniReactTrace] #1 +0.96s state SOMETHING ELSE, clip on his bones 'Take 001' weight 1.00, layer weight 1.00, animator speed 1.35, world x1.00, engine Attack
[  1414   17.887 x1.00] LOG  [OniReactTrace] #1 LIGHT verdict: played to 100 % of the clip, so the reaction IS on screen and what is missing is movement inside the clip itself
[  1457   18.161 x1.00] LOG  [CameraGameFeel] Shake: intensity=0.50 duration=0.400s
[  1457   18.161 x1.00] LOG  [Peach] heavy hit 20 dmg: 3 bites. 9/16 bites = 2.25 of 4 peaches
[  1457   18.161 x1.00] LOG  [Momentum] 1 -> 0 (heavy hit taken, reset), speed x1.00, damage x1.00, impact x1.00
[  1457   18.161 x1.00] LOG  [Combat] Hit react: HitReact_Heavy_2Leg (0.9s, clip starts at 0.35s)
[  1457   18.161 x1.00] LOG  [CameraGameFeel] Shake: intensity=0.60 duration=0.200s
[  1457   18.161 x1.00] LOG  [CameraGameFeel] FOV punch: player damage (-3.0°)
[  1457   18.161 x1.00] LOG  [OniBoss] Hit player for 20 (ClubSlam)
[  1457   18.161 x1.00] LOG  [OniBoss:Touch] ClubSlam: club TOUCHED Yoru at clip 0.46, shaft 0.15m from her body line, head 0.44 along the club, tip 2.46m up, tip speed 105m/s. Full club hit delivered this frame.
[  1458   18.169 x1.00] LOG  [HitReactTrace] asked for 'HitReact_Heavy_2Leg' (0.90s, clip start 0.35s): NOT playing it, another state took the combat layer, blend resolved after 8 ms, state 1.00s long at speed 1.00, now at 0.86s, layer weight 1.00, animator.speed 1.00.
[  1506   18.533 x1.00] LOG  [OniBoss:ClubPos] ClubSlam at strike: club tip 0.56m up, 2.91m in front, -0.17m to his right (2.91m out from his centre). Club faces 6deg from his forward, pitch -0.25. (the ground wave is born 1.6m in front of him at 0.35m.)
[  1506   18.533 x1.00] LOG  [OniBoss:Layer] ClubSlam: club already hit — ground wave released as VISUAL only (0 damage).
[  1523   18.663 x1.00] LOG  [OniBoss] Attack → Recovery
[  1523   18.663 x1.00] LOG  [OniBoss] Playing animation: Watch
[  1523   18.663 x1.00] LOG  [OniBoss:Trail] trail END at clip 0.99, fading over 0.40s.
[  1523   18.663 x1.00] LOG  [OniBoss:Strike] ClubSlam: club tip closest to Yoru at 0.33m, clip position 0.94 | damage fires at 0.85 | clip 0.93s => damage fires 84 ms BEFORE the club is closest
[  1543   18.818 x1.00] LOG  [OniBoss] Recovery → Chase
[  1544   18.826 x1.00] LOG  [OniBoss] hold-ground: BACKSTEP 1.5m (player 2.0m)
[  1588   19.164 x1.00] LOG  [Combat] Combo 1: 10 dmg
[  1588   19.164 x1.00] LOG  [ComboTrace] START step=1 state='Combo1' queued=0 target='OniBoss' at 2.5m
[  1588   19.164 x1.00] LOG  [ComboTrace] LAUNCH OniBoss at 1.2m dist=1.24m in 0.13s
[  1606   19.294 x1.00] LOG  [ComboTrace] LAUNCH RESULT wanted=1.24m actually moved=0.71m, completed
[  1655   19.638 x1.00] LOG  OniBoss took 10 damage. HP: 2480/2500
[  1655   19.638 x1.00] LOG  [OniBoss] Chase → HitReact
[  1655   19.638 x1.00] LOG  [OniBoss:Layer] react tier: LIGHT (10 dmg) → 'Hit_react_light'
[  1655   19.638 x1.00] LOG  [OniReactTrace] #2 LIGHT (10 dmg) asked for 'Hit_react_light': crossfade 0.08s, animator speed 1.35, world x1.00
[  1655   19.638 x1.00] LOG  [Momentum] 0 -> 1 (hit), speed x1.05, damage x1.05, impact x1.05
[  1655   19.638 x1.00] LOG  [CameraGameFeel] Shake: intensity=0.06 duration=0.080s
[  1655   19.638 x1.00] LOG  [Combat] Hit OniBoss for 10
[  1655   19.638 x1.00] LOG  [CameraGameFeel] Shake: intensity=0.53 duration=0.200s
[  1655   19.638 x1.00] LOG  [CameraGameFeel] FOV punch: hit light (+1.5°)
[  1656   19.646 x1.00] LOG  [OniReactTrace] #2 +0.01s state SOMETHING ELSE, clip on his bones 'Take 001' weight 1.00, layer weight 1.00, animator speed 0.00, world x1.00, engine HitReact
[  1664   19.698 x1.00] WARN The referenced script on this Behaviour (Game Object '<null>') is missing!
[  1664   19.698 x1.00] WARN The referenced script on this Behaviour (Game Object 'Lightning Light') is missing!
[  1664   19.698 x1.00] WARN The referenced script on this Behaviour (Game Object 'Lightning Light') is missing!
[  1669   19.740 x1.00] LOG  [OniReactTrace] #2 +0.10s state SOMETHING ELSE, clip on his bones 'Take 001' weight 0.18, blending INTO 'Hit_react_light', layer weight 1.00, animator speed 1.35, world x1.00, engine HitReact
[  1677   19.797 x1.00] LOG  🐾 VFX_AttackPaw triggered!
[  1690   19.892 x1.00] LOG  [OniReactTrace] #2 +0.25s state 'Hit_react_light' at 33 % of its 0.62s, clip on his bones 'Take 001' weight 1.00, layer weight 1.00, animator speed 1.35, world x1.00, engine HitReact
[  1706   20.009 x1.00] LOG  [ComboTrace] END step=1 clipProgress=0.85 clipLen=0.95s queued=0 elapsed=0.85s
[  1716   20.089 x1.00] LOG  [OniReactTrace] #2 +0.45s state 'Hit_react_light' at 65 % of its 0.62s, clip on his bones 'Take 001' weight 1.00, layer weight 1.00, animator speed 1.35, world x1.00, engine HitReact
[  1751   20.339 x1.00] LOG  [OniReactTrace] #2 +0.70s state 'Hit_react_light' at 100 % of its 0.62s, clip on his bones 'Take 001' weight 1.00, layer weight 1.00, animator speed 1.35, world x1.00, engine HitReact
[  1765   20.439 x1.00] LOG  [OniBoss] HitReact → Chase
[  1766   20.445 x1.00] LOG  [OniBoss] Playing animation: Idle
[  1786   20.589 x1.00] LOG  [OniReactTrace] #2 +0.95s state 'Hit_react_light' at 100 % of its 0.62s, clip on his bones 'Take 001' weight 0.22, blending into a DIFFERENT state, layer weight 1.00, animator speed 1.35, world x1.00, engine Chase
[  1786   20.589 x1.00] LOG  [OniReactTrace] #2 LIGHT verdict: played to 100 % of the clip, so the reaction IS on screen and what is missing is movement inside the clip itself
[  1791   20.620 x1.00] LOG  [OniBoss] Combo started: swing1-2 (2 steps remaining)
[  1791   20.620 x1.00] LOG  [OniBoss] Chase → Attack
[  1791   20.620 x1.00] LOG  [OniBoss] Attack: Club_Swing (16 dmg)
[  1791   20.620 x1.00] LOG  [OniBoss:Trail] Club_Swing trail START at clip 1.00 (transition still blending).
[  1842   20.988 x1.00] LOG  [OniBoss:ClubPos] Club_Swing at strike: club tip 3.03m up, 2.22m in front, -3.09m to his right (3.80m out from his centre). Club faces -88deg from his forward, pitch 0.41. (the ground wave is born 1.6m in front of him at 0.35m.)
[  1842   20.988 x1.00] LOG  [OniBoss:Layer] Club_Swing: club has not connected — ground wave released ARMED, 1.6m in front, 12m/s x 6.0m = 0.50s, carrying 8 (half of the club's 16).
[  1843   20.995 x1.00] LOG  [Peach] light hit 8 dmg: 1 bite. 8/16 bites = 2 of 4 peaches
[  1843   20.995 x1.00] LOG  [Momentum] 1 -> 0 (light hit taken, 50% = -1), speed x1.00, damage x1.00, impact x1.00
[  1843   20.995 x1.00] LOG  [Combat] Combo memory: light hit, keeping step 1
[  1843   20.995 x1.00] LOG  [Combat] Hit react: HitReact_Light_2Leg (0.5s, clip starts at 0.35s)
[  1843   20.995 x1.00] LOG  [CameraGameFeel] Shake: intensity=0.30 duration=0.200s
[  1843   20.995 x1.00] LOG  [CameraGameFeel] FOV punch: player damage (-2.0°)
[  1843   20.995 x1.00] LOG  [OniBoss:Wave] wave TOUCHED Yoru (grounded) for 8 after 0.1m / 0.01s of travel.
[  1846   21.017 x1.00] LOG  [HitReactTrace] asked for 'HitReact_Light_2Leg' (0.50s, clip start 0.35s): playing it, blend resolved after 22 ms, state 1.21s long at speed 1.00, now at 0.37s, layer weight 1.00, animator.speed 1.00.
[  1907   21.458 x1.00] LOG  [OniBoss] Attack → Recovery
[  1907   21.458 x1.00] LOG  [OniBoss] Playing animation: Watch
[  1907   21.458 x1.00] LOG  [OniBoss:Trail] trail END at clip 0.99, fading over 0.40s.
[  1907   21.458 x1.00] LOG  [OniBoss:Strike] Club_Swing: club tip closest to Yoru at 1.14m, clip position 0.90 | damage fires at 0.42 | clip 0.84s => damage fires 405 ms BEFORE the club is closest
[  1929   21.609 x1.00] LOG  [OniBoss] Recovery → Attack
[  1929   21.609 x1.00] LOG  [OniBoss] Attack: ClubSwing2 (16 dmg)
[  1929   21.609 x1.00] LOG  [OniBoss:Trail] ClubSwing2 trail START at clip 1.00 (transition still blending).
[  1941   21.703 x1.00] LOG  [Combat] Combo 2: 20 dmg
[  1941   21.703 x1.00] LOG  [ComboTrace] START step=2 state='Combo2' queued=0 target='OniBoss' at 2.6m
[  1941   21.703 x1.00] LOG  [ComboTrace] LAUNCH OniBoss at 1.3m dist=1.28m in 0.13s
[  1941   21.703 x1.00] LOG  [AirPosePin] engaged, holding body at 0.655m above the transform
[  1944   21.723 x1.00] LOG  [AirPosePin] released, peak correction was 0.000m
[  1962   21.844 x1.00] LOG  [ComboTrace] LAUNCH RESULT wanted=1.28m actually moved=0.60m, completed
[  1974   21.938 x1.00] LOG  [CameraGameFeel] Shake: intensity=0.20 duration=0.250s
[  1974   21.938 x1.00] LOG  [Peach] heavy hit 24 dmg: 3 bites. 5/16 bites = 1.25 of 4 peaches
[  1974   21.938 x1.00] LOG  [Combat] Hit react: HitReact_Heavy_2Leg (0.9s, clip starts at 0.35s)
[  1974   21.938 x1.00] LOG  [CameraGameFeel] Shake: intensity=0.60 duration=0.200s
[  1974   21.938 x1.00] LOG  [CameraGameFeel] FOV punch: player damage (-3.0°)
[  1974   21.938 x1.00] LOG  [OniBoss] Hit player for 24 (ClubSwing2) [combo x1.50]
[  1974   21.938 x1.00] LOG  [OniBoss:Touch] ClubSwing2: club TOUCHED Yoru at clip 0.28, shaft 0.50m from her body line, head 0.49 along the club, tip 1.45m up, tip speed 90m/s, ONE FRAME EARLY (predicted). Full club hit delivered this frame.
[  1975   21.947 x1.00] LOG  [HitReactTrace] asked for 'HitReact_Heavy_2Leg' (0.90s, clip start 0.35s): NOT playing it, another state took the combat layer, blend resolved after 8 ms, state 1.35s long at speed 1.60, now at 0.24s, layer weight 1.00, animator.speed 1.00.
[  1981   21.995 x1.00] LOG  [OniBoss:ClubPos] ClubSwing2 at strike: club tip 0.17m up, 1.63m in front, 2.63m to his right (3.09m out from his centre). Club faces 14deg from his forward, pitch -0.89. (the ground wave is born 1.6m in front of him at 0.35m.)
[  1981   21.995 x1.00] LOG  [OniBoss:Layer] ClubSwing2: club already hit — ground wave released as VISUAL only (0 damage), finisher size x2.0.
[  2084   22.777 x1.00] LOG  [OniBoss] Attack → Recovery
[  2084   22.777 x1.00] LOG  [OniBoss] Playing animation: Watch
[  2084   22.777 x1.00] LOG  [OniBoss:Trail] trail END at clip 0.99, fading over 0.40s.
[  2084   22.777 x1.00] LOG  [OniBoss:Strike] ClubSwing2: club tip closest to Yoru at 1.41m, clip position 0.30 | damage fires at 0.32 | clip 1.17s => MATCHED (within one or two frames)
[  2097   22.877 x1.00] LOG  [Combat] Combo 1: 10 dmg
[  2097   22.877 x1.00] LOG  [ComboTrace] START step=1 state='Combo1' queued=0 target='OniBoss' at 2.0m
[  2097   22.877 x1.00] LOG  [ComboTrace] LAUNCH OniBoss at 0.8m dist=0.75m in 0.13s
[  2104   22.927 x1.00] LOG  [OniBoss] Recovery → Chase
[  2105   22.938 x1.00] LOG  [OniBoss] hold-ground: BACKSTEP 1.5m (player 2.0m)
[  2116   23.009 x1.00] LOG  [ComboTrace] LAUNCH RESULT wanted=0.75m actually moved=0.07m, completed
[  2142   23.188 x1.00] LOG  [Combat] Queued click #1 (combo 1)
[  2142   23.188 x1.00] LOG  [ComboTrace] QUEUED #1 during step 1
[  2167   23.351 x1.00] LOG  OniBoss took 10 damage. HP: 2470/2500
[  2167   23.351 x1.00] LOG  [OniBoss] Chase → HitReact
[  2167   23.351 x1.00] LOG  [OniBoss:Layer] react tier: LIGHT (10 dmg) → 'Hit_react_light'
[  2167   23.351 x1.00] LOG  [OniReactTrace] #3 LIGHT (10 dmg) asked for 'Hit_react_light': crossfade 0.08s, animator speed 1.35, world x1.00
[  2167   23.351 x1.00] LOG  [Momentum] 0 -> 1 (hit), speed x1.05, damage x1.05, impact x1.05
[  2167   23.351 x1.00] LOG  [CameraGameFeel] Shake: intensity=0.06 duration=0.080s
[  2167   23.351 x1.00] LOG  [Combat] Hit OniBoss for 10
[  2167   23.351 x1.00] LOG  [CameraGameFeel] Shake: intensity=0.53 duration=0.200s
[  2167   23.351 x1.00] LOG  [CameraGameFeel] FOV punch: hit light (+1.5°)
[  2168   23.359 x1.00] LOG  [OniReactTrace] #3 +0.01s state SOMETHING ELSE, clip on his bones 'Take 001' weight 1.00, layer weight 1.00, animator speed 0.00, world x1.00, engine HitReact
[  2181   23.456 x1.00] LOG  [OniReactTrace] #3 +0.11s state 'Hit_react_light' at 10 % of its 0.62s, clip on his bones 'Take 001' weight 1.00, layer weight 1.00, animator speed 1.35, world x1.00, engine HitReact
[  2189   23.509 x1.00] LOG  🐾 VFX_AttackPaw triggered!
[  2201   23.604 x1.00] LOG  [OniReactTrace] #3 +0.25s state 'Hit_react_light' at 34 % of its 0.62s, clip on his bones 'Take 001' weight 1.00, layer weight 1.00, animator speed 1.35, world x1.00, engine HitReact
[  2203   23.617 x1.00] LOG  [Combat] Combo 2: 20 dmg
[  2203   23.617 x1.00] LOG  [ComboTrace] START step=2 state='Combo2' queued=0 target='OniBoss' at 2.6m
[  2203   23.617 x1.00] LOG  [ComboTrace] LAUNCH OniBoss at 1.3m dist=1.29m in 0.13s
[  2220   23.752 x1.00] LOG  [ComboTrace] LAUNCH RESULT wanted=1.29m actually moved=0.61m, completed
[  2226   23.795 x1.00] LOG  [Combat] Queued click #1 (combo 2)
[  2226   23.795 x1.00] LOG  [ComboTrace] QUEUED #1 during step 2
[  2227   23.802 x1.00] LOG  [OniReactTrace] #3 +0.45s state 'Hit_react_light' at 66 % of its 0.62s, clip on his bones 'Take 001' weight 1.00, layer weight 1.00, animator speed 1.35, world x1.00, engine HitReact
[  2262   24.057 x1.00] LOG  [OniReactTrace] #3 +0.71s state 'Hit_react_light' at 100 % of its 0.62s, clip on his bones 'Take 001' weight 1.00, layer weight 1.00, animator speed 1.35, world x1.00, engine HitReact
[  2265   24.078 x1.00] LOG  [Combat] Queued click #2 (combo 2)
[  2265   24.078 x1.00] LOG  [ComboTrace] QUEUED #2 during step 2
[  2276   24.152 x1.00] LOG  [OniBoss] HitReact → Chase
[  2277   24.158 x1.00] LOG  [OniBoss] Playing animation: Idle
[  2285   24.220 x1.00] LOG  🐾🐾 VFX_TowPaw triggered!
[  2288   24.239 x1.00] LOG  OniBoss took 21 damage. HP: 2449/2500
[  2288   24.239 x1.00] LOG  [OniBoss] 🤕 Hit during Chase — flash only
[  2288   24.239 x1.00] LOG  [Momentum] 1 -> 2 (hit), speed x1.10, damage x1.10, impact x1.10
[  2288   24.239 x1.00] LOG  [CameraGameFeel] Shake: intensity=0.06 duration=0.080s
[  2288   24.239 x1.00] LOG  [Combat] Hit OniBoss for 21
[  2288   24.239 x1.00] LOG  [CameraGameFeel] Shake: intensity=0.55 duration=0.200s
[  2288   24.239 x1.00] LOG  [CameraGameFeel] FOV punch: hit light (+1.5°)
[  2296   24.306 x1.00] LOG  [OniReactTrace] #3 +0.95s state 'Hit_react_light' at 100 % of its 0.62s, clip on his bones 'Take 001' weight 0.42, blending into a DIFFERENT state, layer weight 1.00, animator speed 1.35, world x1.00, engine Chase
[  2296   24.306 x1.00] LOG  [OniReactTrace] #3 LIGHT verdict: played to 100 % of the clip, so the reaction IS on screen and what is missing is movement inside the clip itself
[  2315   24.440 x1.00] LOG  [ComboTrace] CLICK IGNORED (step=2 queued=2)
[  2340   24.615 x1.00] LOG  🐾🐾 VFX_TowPaw triggered!
[  2344   24.639 x1.00] LOG  [Combat] Combo 3: 35 dmg
[  2344   24.639 x1.00] LOG  [ComboTrace] START step=3 state='Combo3' queued=1 target='OniBoss' at 2.3m
[  2344   24.639 x1.00] LOG  [ComboTrace] LAUNCH OniBoss at 1.0m dist=1.05m in 0.13s
[  2344   24.639 x1.00] LOG  [YoruVFX] Ground hazard: 'VFX_Void_Area_GroundSpinYORU' laid at GroundVFX ((482.97, 0.77, 405.01)), floor tilt 6.1 deg, 17 delays shifted by 2.00s, own lifetime 8.98s
[  2344   24.639 x1.00] LOG  [Combat] Hazard zone tick: OniBoss for 25
[  2344   24.639 x1.00] LOG  [Combat] Hazard zone laid: 8.98s, 25 dmg every 0.50s in 2.00m
[  2352   24.702 x1.00] LOG  OniBoss took 38 damage. HP: 2386/2500
[  2352   24.702 x1.00] LOG  [OniBoss] Chase → Stagger
[  2352   24.702 x1.00] LOG  [OniBoss] Playing animation: Stagger
[  2352   24.702 x1.00] LOG  [OniBoss] STAGGERED for 2.5s
[  2352   24.702 x1.00] LOG  [OniBoss:Layer] heavy knock-back react (38 dmg) → 'HitReact_Heavy', down for 1.80s
[  2352   24.702 x1.00] LOG  [OniReactTrace] #4 HEAVY (0 dmg) asked for 'HitReact_Heavy': crossfade 0.08s, animator speed 1.35, world x1.00
[  2352   24.702 x1.00] LOG  [Momentum] 2 -> 3 (hit), speed x1.15, damage x1.15, impact x1.15
[  2352   24.702 x1.00] LOG  [CameraGameFeel] Shake: intensity=0.06 duration=0.080s
[  2352   24.702 x1.00] LOG  [CameraGameFeel] Shake: intensity=0.58 duration=0.200s
[  2352   24.702 x1.00] LOG  [CameraGameFeel] FOV punch: hit light (+1.5°)
[  2353   24.712 x1.00] LOG  [OniReactTrace] #4 +0.01s state SOMETHING ELSE, clip on his bones 'Take 001' weight 1.00, blending INTO 'HitReact_Heavy', layer weight 1.00, animator speed 0.00, world x1.00, engine Stagger
[  2362   24.774 x1.00] LOG  [ComboTrace] LAUNCH RESULT wanted=1.05m actually moved=0.47m, completed
[  2367   24.808 x1.00] LOG  [OniReactTrace] #4 +0.11s state 'HitReact_Heavy' at 5 % of its 1.11s, clip on his bones 'Take 001' weight 1.00, layer weight 1.00, animator speed 1.35, world x1.00, engine Stagger
[  2373   24.854 x1.00] LOG  [ComboTrace] CLICK IGNORED (step=3 queued=1)
[  2388   24.957 x1.00] LOG  [OniReactTrace] #4 +0.25s state 'HitReact_Heavy' at 18 % of its 1.11s, clip on his bones 'Take 001' weight 1.00, layer weight 1.00, animator speed 1.35, world x1.00, engine Stagger
[  2412   25.143 x1.00] LOG  [Combat] Hazard zone tick: OniBoss for 25
[  2414   25.156 x1.00] LOG  [OniReactTrace] #4 +0.45s state 'HitReact_Heavy' at 36 % of its 1.11s, clip on his bones 'Take 001' weight 1.00, layer weight 1.00, animator speed 1.35, world x1.00, engine Stagger
[  2448   25.404 x1.00] LOG  [OniReactTrace] #4 +0.70s state 'HitReact_Heavy' at 59 % of its 1.11s, clip on his bones 'Take 001' weight 1.00, layer weight 1.00, animator speed 1.35, world x1.00, engine Stagger
[  2456   25.465 x1.00] LOG  [ComboTrace] END step=3 clipProgress=0.95 clipLen=0.79s queued=0 elapsed=0.83s
[  2480   25.648 x1.00] LOG  [Combat] Hazard zone tick: OniBoss for 25
[  2481   25.655 x1.00] LOG  [OniReactTrace] #4 +0.95s state 'HitReact_Heavy' at 81 % of its 1.11s, clip on his bones 'Take 001' weight 1.00, layer weight 1.00, animator speed 1.35, world x1.00, engine Stagger
[  2481   25.655 x1.00] LOG  [OniReactTrace] #4 HEAVY verdict: played to 81 % of the clip, so the reaction IS on screen and what is missing is movement inside the clip itself
[  2549   26.152 x1.00] LOG  [Combat] Hazard zone tick: OniBoss for 25
[  2599   26.507 x1.00] LOG  [OniBoss] Stagger → Chase
[  2600   26.513 x1.00] LOG  [OniBoss] Playing animation: Watch
[  2600   26.513 x1.00] LOG  [OniBoss] Combo started: ClubSwing1 → ClubSwing2 → ClubSlam (3 steps remaining)
[  2600   26.513 x1.00] LOG  [OniBoss] Chase → Attack
[  2600   26.513 x1.00] LOG  [OniBoss] Attack: Club_Swing (16 dmg)
[  2600   26.513 x1.00] LOG  [OniBoss:Trail] Club_Swing trail START at clip 1.00 (transition done).
[  2620   26.655 x1.00] LOG  [Combat] Hazard zone tick: OniBoss for 25
[  2652   26.878 x1.00] LOG  [OniBoss:ClubPos] Club_Swing at strike: club tip 3.03m up, 2.11m in front, -3.13m to his right (3.77m out from his centre). Club faces -90deg from his forward, pitch 0.41. (the ground wave is born 1.6m in front of him at 0.35m.)
[  2652   26.878 x1.00] LOG  [OniBoss:Layer] Club_Swing: club has not connected — ground wave released ARMED, 1.6m in front, 12m/s x 6.0m = 0.50s, carrying 8 (half of the club's 16).
[  2653   26.889 x1.00] LOG  [Peach] light hit 8 dmg: 1 bite. 4/16 bites = 1 of 4 peaches
[  2653   26.889 x1.00] LOG  [Momentum] 3 -> 1 (light hit taken, 50% = -2), speed x1.05, damage x1.05, impact x1.05
[  2653   26.889 x1.00] LOG  [Combat] Combo memory: light hit, keeping step 3
[  2653   26.889 x1.00] LOG  [Combat] Hit react: HitReact_Light_2Leg (0.5s, clip starts at 0.35s)
[  2653   26.889 x1.00] LOG  [CameraGameFeel] Shake: intensity=0.30 duration=0.200s
[  2653   26.889 x1.00] LOG  [CameraGameFeel] FOV punch: player damage (-2.0°)
[  2653   26.889 x1.00] LOG  [OniBoss:Wave] wave TOUCHED Yoru (grounded) for 8 after 0.1m / 0.01s of travel.
[  2654   26.897 x1.00] LOG  [PeachUI] LOW HEALTH cue ON: 4 bites left, heartbeat 1.00s, bleed on, sound set
[  2656   26.912 x1.00] LOG  [HitReactTrace] asked for 'HitReact_Light_2Leg' (0.50s, clip start 0.35s): playing it, blend resolved after 23 ms, state 1.21s long at speed 1.00, now at 0.37s, layer weight 1.00, animator.speed 1.00.
[  2688   27.157 x1.00] LOG  [Combat] Hazard zone tick: OniBoss for 25
[  2694   27.202 x1.00] LOG  [Momentum] 1 -> 0 (drain), speed x1.00, damage x1.00, impact x1.00
[  2714   27.353 x1.00] LOG  [OniBoss] Attack → Recovery
[  2714   27.353 x1.00] LOG  [OniBoss] Playing animation: Watch
[  2714   27.353 x1.00] LOG  [OniBoss:Trail] trail END at clip 0.99, fading over 0.40s.
[  2714   27.353 x1.00] LOG  [OniBoss:Strike] Club_Swing: club tip closest to Yoru at 1.30m, clip position 0.91 | damage fires at 0.42 | clip 0.84s => damage fires 413 ms BEFORE the club is closest
[  2735   27.509 x1.00] LOG  [OniBoss] Recovery → Attack
[  2735   27.509 x1.00] LOG  [OniBoss] Attack: ClubSwing2 (16 dmg)
[  2735   27.509 x1.00] LOG  [OniBoss:Trail] ClubSwing2 trail START at clip 1.00 (transition still blending).
[  2754   27.661 x1.00] LOG  [Combat] Hazard zone tick: OniBoss for 25
[  2774   27.843 x1.00] LOG  [CameraGameFeel] Shake: intensity=0.20 duration=0.250s
[  2774   27.843 x1.00] LOG  [Peach] light hit 20 dmg: 2 bites. 2/16 bites = 0.5 of 4 peaches
[  2774   27.843 x1.00] LOG  [Momentum] light hit inside the 1.0s grace, no cost (count 0)
[  2774   27.843 x1.00] LOG  [Combat] Combo memory: light hit, keeping step 3
[  2774   27.843 x1.00] LOG  [Combat] Hit react: HitReact_Light_2Leg (0.5s, clip starts at 0.35s)
[  2774   27.843 x1.00] LOG  [CameraGameFeel] Shake: intensity=0.30 duration=0.200s
[  2774   27.843 x1.00] LOG  [CameraGameFeel] FOV punch: player damage (-2.0°)
[  2774   27.843 x1.00] LOG  [OniBoss] Hit player for 20 (ClubSwing2) [combo x1.25]
[  2774   27.843 x1.00] LOG  [OniBoss:Touch] ClubSwing2: club TOUCHED Yoru at clip 0.29, shaft 0.61m from her body line, head 0.72 along the club, tip 0.98m up, tip speed 95m/s, ONE FRAME EARLY (predicted). Full club hit delivered this frame.
[  2775   27.852 x1.00] LOG  [HitReactTrace] asked for 'HitReact_Light_2Leg' (0.50s, clip start 0.35s): NOT playing it, another state took the combat layer, blend resolved after 9 ms, state 1.00s long at speed 1.00, now at 0.45s, layer weight 1.00, animator.speed 1.00.
[  2780   27.893 x1.00] LOG  [OniBoss:ClubPos] ClubSwing2 at strike: club tip 0.11m up, 1.76m in front, 2.47m to his right (3.04m out from his centre). Club faces 7deg from his forward, pitch -0.88. (the ground wave is born 1.6m in front of him at 0.35m.)
[  2780   27.893 x1.00] LOG  [OniBoss:Layer] ClubSwing2: club already hit — ground wave released as VISUAL only (0 damage).
[  2818   28.165 x1.00] LOG  [Combat] Hazard zone tick: OniBoss for 25
[  2887   28.671 x1.00] LOG  [Combat] Hazard zone tick: OniBoss for 25
[  2888   28.683 x1.00] LOG  [OniBoss] Attack → Recovery
[  2888   28.683 x1.00] LOG  [OniBoss] Playing animation: Watch
[  2888   28.683 x1.00] LOG  [OniBoss:Trail] trail END at clip 0.99, fading over 0.40s.
[  2888   28.683 x1.00] LOG  [OniBoss:Strike] ClubSwing2: club tip closest to Yoru at 0.86m, clip position 0.30 | damage fires at 0.32 | clip 1.17s => MATCHED (within one or two frames)
[  2903   28.799 x1.00] LOG  [Combat] Combo 1: 10 dmg
[  2903   28.799 x1.00] LOG  [ComboTrace] START step=1 state='Combo1' queued=0 target='OniBoss' at 2.8m
[  2903   28.799 x1.00] LOG  [ComboTrace] LAUNCH OniBoss at 1.4m dist=1.44m in 0.14s
[  2903   28.799 x1.00] LOG  [AirPosePin] engaged, holding body at 0.652m above the transform
[  2908   28.837 x1.00] LOG  [OniBoss] Recovery → Attack
[  2908   28.837 x1.00] LOG  [OniBoss] Attack: ClubSlam (20 dmg)
[  2908   28.837 x1.00] LOG  [OniBoss:Trail] ClubSlam trail START at clip 1.00 (transition still blending).
[  2908   28.837 x1.00] LOG  [AirPosePin] released, peak correction was 0.000m
[  2922   28.943 x1.00] LOG  [ComboTrace] LAUNCH RESULT wanted=1.44m actually moved=0.78m, completed
[  2954   29.175 x1.00] LOG  [Combat] Hazard zone tick: OniBoss for 25
[  2967   29.263 x1.00] LOG  [CameraGameFeel] Shake: intensity=0.50 duration=0.400s
[  2967   29.263 x1.00] LOG  [Peach] heavy hit 30 dmg: 4 bites. 0/16 bites = 0 of 4 peaches
[  2967   29.263 x1.00] LOG  [Health] Player died (heavy killing hit). Game over menu: next pass.
[  2967   29.263 x1.00] LOG  [CameraGameFeel] Shake: intensity=0.60 duration=0.200s
[  2967   29.263 x1.00] LOG  [CameraGameFeel] FOV punch: player damage (-3.0°)
[  2967   29.263 x0.15] LOG  [Death] Yoru died on the ground on 2 legs (heavy hit): HR_Die_2legs. Slow motion x0.15 for 0.8s then x0.50, death sound set.
[  2967   29.263 x0.15] LOG  [OniBoss] Hit player for 30 (ClubSlam) [combo x1.50]
[  2967   29.263 x0.15] LOG  [OniBoss:Touch] ClubSlam: club TOUCHED Yoru at clip 0.46, shaft 0.15m from her body line, head 0.44 along the club, tip 2.21m up, tip speed 103m/s. Full club hit delivered this frame.
[  2968   29.274 x0.15] LOG  [GameOver] Yoru died: waiting for the death animation to finish, then 1.0s, then ink 3.0s, title 2.0s, buttons 1.5s
[  2968   29.274 x0.15] LOG  [PeachUI] LOW HEALTH cue OFF (she died: heartbeat stops, bleed holds at full)
[  3177   30.911 x0.48] LOG  [OniBoss:ClubPos] ClubSlam at strike: club tip 0.58m up, 2.90m in front, -0.23m to his right (2.91m out from his centre). Club faces 5deg from his forward, pitch -0.25. (the ground wave is born 1.6m in front of him at 0.35m.)
[  3177   30.911 x0.48] LOG  [OniBoss:Layer] ClubSlam: club already hit — ground wave released as VISUAL only (0 damage), finisher size x2.0.
[  3210   31.173 x0.50] LOG  [OniBoss] Attack → Recovery
[  3210   31.173 x0.50] LOG  [OniBoss] Playing animation: Watch
[  3210   31.173 x0.50] LOG  [OniBoss:Trail] trail END at clip 0.99, fading over 0.40s.
[  3210   31.173 x0.50] LOG  [OniBoss:Strike] ClubSlam: club tip closest to Yoru at 0.35m, clip position 0.94 | damage fires at 0.85 | clip 0.93s => damage fires 80 ms BEFORE the club is closest
[  3211   31.180 x0.50] LOG  [OniBoss] Yoru is dead: standing down
[  3211   31.180 x0.50] LOG  [OniBoss] Recovery → Idle
[  3211   31.180 x0.50] LOG  [OniBoss] Playing animation: Idle
[  3211   31.180 x0.50] LOG  [OniBoss:Layer] watch stance ON (player 2.0m)
[  3211   31.180 x0.50] LOG  [BossBar] Hiding bar (Oni disengaged)
[  3211   31.180 x0.50] LOG  [OniBoss:Layer] boss bar hidden (disengage)
[  3228   31.312 x0.50] LOG  [Pause] Esc ignored: Yoru is dead, the game over screen owns the screen
[  3301   31.909 x0.50] WARN The referenced script on this Behaviour (Game Object '<null>') is missing!
[  3301   31.909 x0.50] WARN The referenced script on this Behaviour (Game Object 'Lightning Light') is missing!
[  3301   31.909 x0.50] WARN The referenced script on this Behaviour (Game Object 'Lightning Light') is missing!
[  3378   32.532 x0.50] LOG  [StormWeather] terrain layers restored to dry values.
# end — 389 lines
