# Oni combat log — 2026-09-19 13:12:02
# Unity 6000.2.7f2 | scene 'CaveScene_Oni_Boss1' | platform OSXEditor
# columns: [frame realSeconds timeScale] KIND message      (KIND: LOG WARN ERR EXC TEL)
#
[     0    0.000 x1.00] LOG  [OniLog] console + telemetry → /Users/asenahazal/Documents/Yoru/OniLogs/oni_2026-09-19_13-12-02.log
[     0    0.000 x1.00] LOG  [OniHairShadows] shadow casting off on 27 hair renderers
[     0    0.000 x1.00] LOG  [RingMesh] Auto-found 11/11 left, 11/11 right meshes
[     1    0.000 x1.00] LOG  [BossBar] BossHealthBarUI initialized
[     1    0.000 x1.00] LOG  [StormWeather] layer 'TerrainLayer_Dirt_01' dry smoothness=0.00 (restore to this if a crash ever leaves it wet)
[     1    0.000 x1.00] LOG  [StormWeather] post volumes ready on layer 9 (storm priority 10, flash priority 11).
[     1    0.000 x1.00] LOG  [StormWeather] ROUND 80: fur weather ready on 'Weather Zone'. Rain 0, wind 0.50 in the open, sky check 30 m from 'PlayerYoru_1.1'.
[     1    0.000 x1.00] LOG  [StormWeather] COZY bridge: Rain_Cave retired, COZY owns the rain now.
[     1    0.000 x1.00] LOG  [StormWeather] COZY → 'Clear' (pre-fight - open sky, 0 s)
[     1    0.000 x1.00] LOG  [StormWeather] Ready. Open sky, dry floor. Waiting for the fight.
[     1    0.000 x1.00] LOG  OniBoss initialized with 2500 HP
[     1    0.000 x1.00] LOG  [OniBoss] ANIMATOR SETUP: cullingMode=CullUpdateTransforms updateMode=Normal applyRootMotion=False speed=1
[     1    0.000 x1.00] LOG  [OniBoss] Initialized
[     1    0.000 x1.00] LOG  [OniBoss:Layer] facing: minFlat 1m, snapOnAttack off, trackInHitReact off, aimTurn 540 deg/s for the first 0.20 of the swing
[     1    0.000 x1.00] LOG  [OniBoss:Layer] Yoru launch model ON: launches ALL THE WAY to an enemy within 4.7m of its surface at 10m/s (stop gap 0.00m, NO minimum distance), else steps 0.90m forward. Targeting cone left exactly as her prefab has it.
[     1    0.000 x1.00] LOG  [OniBoss:Layer] Yoru launch ROUND 9: airborne attacks launch too (ON), edge probe now runs on its OWN layer mask (Everything) instead of the line-of-sight mask - the Ground-only mask found no floor in this cave and was cancelling 100% of launches at 0.00m travelled.
[     1    0.000 x1.00] LOG  [OniBoss:Layer] animator speed x1.35 — his 1.13s swing now plays in 0.84s.
[     1    0.000 x1.00] LOG  [OniBoss:Layer] chase speed pushed: phase1 4.5, phase2 5.5 (Yoru runs at 7).
[     1    0.000 x1.00] LOG  [OniBoss:Layer] ground wave ON (round 38): half the club's damage on TOUCH, 12m/s x 6.0m from 1.6m in front at 0.35m height — a club hit cancels that swing's wave, jumping clears it. Per-attack effects come from the Swing Wave VFX By Attack rows. PlayerHealth found, PlayerMovement found.
[     1    0.000 x1.00] LOG  [StormWeather] storm break HELD (waiting for the lightning beat)
[     1    0.000 x1.00] LOG  [OniBoss:Layer] storm break HELD — it releases at the lightning-on-the-club beat.
[     1    0.000 x1.00] LOG  [OniBoss:Layer] club tracking ON — tip 'Kanabo3' (depth 4), shaft root 'kanabo'.
[     1    0.000 x1.00] LOG  [OniBoss:Layer] skinned meshes: 46 renderer(s), updateWhenOffscreen ON, body renderer 'Body' rootBone 'Hips'
[     1    0.000 x1.00] LOG  [OniBoss:Layer] charge travel bone: 'Hips' at depth 1 under 'OniBoss', rest local (0.00, 3.24, -0.24)
[     1    0.000 x1.00] LOG  [OniBoss:Layer] anti-kite ON: thrown swing after 4s of failed chase (within 7.6m), charge after 6s.
[     1    0.000 x1.00] LOG  [OniBoss:Layer] charge drive ON (windup to 0.40 at x1.3, rush 14m/s stops at 2.6m, steers 0.35s then commits, strike section from 0.58, strike moment 0.76, trail VFX off)
[     1    0.000 x1.00] LOG  [OniBoss:Layer] attack armor ON (his swings are not interrupted by light/medium hits; heavy hits and rapid-hit bursts still stop him)
[     1    0.000 x1.00] LOG  [OniBoss:Layer] strike moments overridden: Club_Swing=0.42 ClubSwing2=0.32 ClubSlam=0.85 KanaboSweep=0.48
[     1    0.000 x1.00] LOG  [OniBoss:Layer] club TOUCH hits ON (radius 0.70m, min tip speed 50m/s, armed from 0.20 of the clip): Club_Swing ClubSwing2 ClubSlam KanaboSweep. First touch wins — club full damage, wave half, one hit per swing.
[     1    0.000 x1.00] LOG  [OniBoss:Layer] combo damage ramp ON: mid x1.25, finisher x1.50 — finisher wave carries FULL damage at x2.0 size, x2.0 travel.
[     1    0.000 x1.00] LOG  [OniBoss:Layer] charge follow-up ON: 90 % of solo charges chain into a random melee finisher.
[     1    0.000 x1.00] LOG  [OniBoss:Layer] hold-ground ON (backstep 1.5m @ 1.6m/s after own attacks, watch 'Watch', attack facing LOCKED)
[     1    0.000 x1.00] LOG  [OniBoss:Layer] OniBoss layer ready (reactions, wake-on-hit, watch stance, boss bar). player=found
[     1    0.000 x1.00] LOG  [OniBoss:Layer] charge clip 'Oni Charge.fbx' imports with Root Motion Node = None (in place) — good.
[     1    0.000 x1.00] LOG  [OniBoss:Layer] clips importing with Root Transform Position (Y) NOT baked into pose (12): Oni_Alert(Oni Alert), Club_Slam(Oni Club Slam), Club_Swing(Oni Club Swing), Club_swing2(Oni Club Swing 2), Death(Oni Death Kneel), Hit_react_light(Oni Hit react lighter light), KanaboSweep(Oni Kanabo sweep), Phase_Transition(Oni Phase transition), run(Oni Run), Walk(Oni Walk), Watch(Oni Watch), Idle(Oni Idle) — their hips' up/down motion is stripped (see round notes; optional).
[     1    0.000 x1.00] LOG  === VFX MANAGER INITIALIZED ===
[     1    0.000 x1.00] LOG  Auto-detect animations: False
[     1    0.000 x1.00] LOG  Parent effects to tail: True
[     1    0.000 x1.00] LOG  Prefabs: Jump=True, Land=True, LTail=True, RTail=True
[     1    0.000 x1.00] LOG  ✅ Left Tail Tip: LeftTailTip_Anchor
[     1    0.000 x1.00] LOG  ✅ Right Tail Tip: RightTailTip_Anchor
[     1    0.000 x1.00] LOG  [VolumetricFogController] applyPresets is OFF in this scene. The Volumetric Fog component keeps its hand-set inspector values.
[     1    0.000 x1.00] LOG  [TailAirShot] Ready. drawState=RightTail_Fast castParam=TailCastSpeed (found)
  arrow leaves: PlayerYoru_1.1/Cat_All_10_Tails_v4/Group/DeformationSystem/root/Root_M/Tail15_R/Tail151_R/Tail152_R/Tail153_R/Tail154_R/Tail155_R/Tail156_R/Tail157_R/Tail158_R/Tail159_R/Tail1510_R/Tail1511_R/Tail1512_R/Tail6_R/Tail6_R_end/Tail6_R_end_end/Tail6_R_end_end_end/RightTailTip_Anchor
  aim VFX: PlayerYoru_1.1/Cat_All_10_Tails_v4/Group/DeformationSystem/root/Root_M/Tail15_R/Tail151_R/Tail152_R/Tail153_R/Tail154_R/Tail155_R/Tail156_R/Tail157_R/Tail158_R/Tail159_R/Tail1510_R/Tail1511_R/Tail1512_R/Tail6_R/Tail6_R_end/Tail6_R_end_end/Tail6_R_end_end_end/RightTailTip_Anchor/vfx_Muzzle_Fireball01Blue
[     1    0.000 x1.00] LOG  [RingMesh] VFX Status:
[     1    0.000 x1.00] LOG    Left: Prefab=✓, Spawn=Tail6_L_end_end_end
[     1    0.000 x1.00] LOG    Right: Prefab=✓, Spawn=Tail6_R_end_end_end
[     1    0.000 x1.00] LOG  [TailAirShot4Leg] Ready. drawState=shoot_4Leg castParam=Shoot4LegSpeed (found) readyFrame=5 fireFrame=10 frames=24 slowBudget=3s real damageMultiplier=2.00
  arrow leaves: PlayerYoru_1.1/Cat_All_10_Tails_v4/Group/DeformationSystem/root/Root_M/Tail15_R/Tail151_R/Tail152_R/Tail153_R/Tail154_R/Tail155_R/Tail156_R/Tail157_R/Tail158_R/Tail159_R/Tail1510_R/Tail1511_R/Tail1512_R/Tail6_R/Tail6_R_end/Tail6_R_end_end/Tail6_R_end_end_end/RightTailTip_Anchor
  aim VFX left:  PlayerYoru_1.1/Cat_All_10_Tails_v4/Group/DeformationSystem/root/Root_M/Tail15_L/Tail151_L/Tail152_L/Tail153_L/Tail154_L/Tail155_L/Tail156_L/Tail157_L/Tail158_L/Tail159_L/Tail1510_L/Tail1511_L/Tail1512_L/Tail6_L/Tail6_L_end/Tail6_L_end_end/Tail6_L_end_end_end/LeftTailTip_Anchor/Glow_4Leg_L
  aim VFX right: PlayerYoru_1.1/Cat_All_10_Tails_v4/Group/DeformationSystem/root/Root_M/Tail15_R/Tail151_R/Tail152_R/Tail153_R/Tail154_R/Tail155_R/Tail156_R/Tail157_R/Tail158_R/Tail159_R/Tail1510_R/Tail1511_R/Tail1512_R/Tail6_R/Tail6_R_end/Tail6_R_end_end/Tail6_R_end_end_end/RightTailTip_Anchor/Glow_4Leg_R
[     1    0.000 x1.00] LOG  [PlayerCombat] Phase 2 form gate CONNECTED (FormController found on this GameObject).
[     1    0.000 x1.00] LOG  [Combat] PlayerCombat initialized, Phase 3C v27
[     1    0.000 x1.00] LOG  [CameraGameFeel] CameraGameFeel initialized (shake + FOV)
[     1    4.489 x1.00] LOG  [OniBoss] Playing animation: Idle
[     6    6.082 x1.00] LOG  💨 Landing VFX spawned!
[     6    6.082 x1.00] LOG  ✅ LANDED! (was jump #0)
[  2420   18.021 x1.00] LOG  [OniBoss:Layer] watch stance ON (player 15.0m)
[  3533   23.800 x1.00] LOG  [OniBoss] LostSoul → Alert
[  3533   23.800 x1.00] LOG  [OniBoss] Playing animation: Oni_Alert
[  3533   23.800 x1.00] LOG  [BossBar] Showing bar for: Oni (2500/2500)
[  3533   23.800 x1.00] LOG  [OniBoss:Layer] boss bar shown
[  3534   23.809 x1.00] LOG  [StormWeather] COZY → 'Yoru_Oni_Phase1_Storm' (fight engaged - storm rolls in, 0 s)
[  3534   23.809 x1.00] LOG  [StormWeather] FIGHT STARTED (he engaged) - storm on, floor starts to soak.
[  3535   23.819 x1.00] WARN The referenced script on this Behaviour (Game Object '<null>') is missing!
[  3535   23.819 x1.00] WARN The referenced script on this Behaviour (Game Object 'Lightning Light') is missing!
[  3535   23.819 x1.00] WARN The referenced script on this Behaviour (Game Object 'Lightning Light') is missing!
[  3568   24.019 x1.00] LOG  [StormWeather] fur: rain reaching the coat (intensity 0.01, follows floor wetness).
[  3614   24.303 x1.00] LOG  [OniBoss] Alert → Chase
[  3615   24.311 x1.00] LOG  [OniBoss] Pull-band decision: RUN-IN (dist 5.5m, pullRange 0m, chance 0.50)
[  3615   24.311 x1.00] LOG  [OniBoss] Playing animation: run
[  3661   24.606 x1.00] LOG  [OniBoss] Playing animation: Idle
[  3661   24.606 x1.00] LOG  [OniBoss] Chase → Attack
[  3661   24.606 x1.00] LOG  [OniBoss] Attack: Club_Swing (16 dmg)
[  3661   24.606 x1.00] LOG  [OniBoss:Trail] Club_Swing trail START at clip 0.31 (transition done).
[  3662   24.615 x1.00] LOG  [StormWeather] storm post weight -> 0.40
[  3673   24.706 x1.00] LOG  [OniBoss:Layer] step-in: 'Club_Swing' closed 0.49m, Yoru now 3.0m away (range 3.5)
[  3691   24.801 x1.00] LOG  [OniBoss:Layer] step-in: 'Club_Swing' closed 0.53m, Yoru now 3.0m away (range 3.5)
[  3696   24.840 x1.00] LOG  [OniBoss:Layer] step-in: 'Club_Swing' closed 0.60m, Yoru now 3.0m away (range 3.5)
[  3720   24.961 x1.00] LOG  [OniBoss:ClubPos] Club_Swing at strike: club tip 3.02m up, 2.82m in front, -2.77m to his right (3.95m out from his centre). Club faces -76deg from his forward, pitch 0.40. (the ground wave is born 1.6m in front of him at 0.35m.)
[  3720   24.961 x1.00] LOG  [OniBoss:Layer] Club_Swing: club has not connected — ground wave released ARMED, 1.6m in front, 12m/s x 6.0m = 0.50s, carrying 8 (half of the club's 16).
[  3725   25.002 x1.00] LOG  [HitReactTrace] 4-leg LIGHT hit at 8.14 m/s (running threshold 3.00) => RUNNING reaction.
[  3725   25.002 x1.00] LOG  [CameraGameFeel] Shake: intensity=0.30 duration=0.200s
[  3725   25.002 x1.00] LOG  [CameraGameFeel] FOV punch: player damage (-2.0°)
[  3725   25.002 x1.00] LOG  [Combat] Running hit react: HitReact_Running_4Leg (0.45s then a 0.25s blend back into the run, clip starts at 0.10s, movement NOT blocked)
[  3725   25.002 x1.00] LOG  [OniBoss:Wave] wave TOUCHED Yoru (grounded) for 8 after 0.5m / 0.04s of travel.
[  3736   25.072 x1.00] LOG  [HitReactTrace] running flinch 'HitReact_Running_4Leg' on screen 11 frame(s) / 70 ms after the hit, run still moving.
[  3744   25.118 x1.00] LOG  [AirPosePin] engaged, holding body at 0.474m above the transform
[  3748   25.141 x1.00] LOG  [AirPosePin] released, peak correction was 0.001m
[  3751   25.160 x1.00] LOG  [AirPosePin] engaged, holding body at 0.456m above the transform
[  3755   25.180 x1.00] LOG  [AirPosePin] released, peak correction was 0.000m
[  3757   25.198 x1.00] LOG  [AirPosePin] engaged, holding body at 0.455m above the transform
[  3762   25.221 x1.00] LOG  [AirPosePin] released, peak correction was 0.000m
[  3765   25.239 x1.00] LOG  [AirPosePin] engaged, holding body at 0.451m above the transform
[  3767   25.262 x1.00] LOG  [AirPosePin] released, peak correction was 0.000m
[  3771   25.280 x1.00] LOG  [AirPosePin] engaged, holding body at 0.438m above the transform
[  3773   25.302 x1.00] LOG  [AirPosePin] released, peak correction was 0.000m
[  3799   25.450 x1.00] LOG  [OniBoss] Attack → Recovery
[  3799   25.450 x1.00] LOG  [OniBoss] Playing animation: Watch
[  3799   25.450 x1.00] LOG  [OniBoss:Trail] trail END at clip 1.00, fading over 0.40s.
[  3799   25.450 x1.00] LOG  [OniBoss:Strike] Club_Swing: club tip closest to Yoru at 2.77m, clip position 0.40 | damage fires at 0.42 | clip 0.84s => MATCHED (within one or two frames)
[  3821   25.604 x1.00] LOG  [OniBoss] Recovery → Chase
[  3822   25.612 x1.00] LOG  [OniBoss] Playing animation: run
[  4233   28.944 x1.00] LOG  [OniBoss] Pull-band decision: RUN-IN (dist 9.0m, pullRange 0m, chance 0.50)
[  4245   29.046 x1.00] LOG  🚶 2-LEG JUMP
[  4245   29.046 x1.00] LOG  🐾 Jump 1 VFX spawned!
[  4298   29.497 x1.00] LOG  [ComboTrace] LAUNCH STEP (too far: OniBoss at 6.1m > engage 4.7m) dist=0.90m in 0.13s [AIRBORNE]
[  4298   29.497 x1.00] LOG  [Combat] Aerial spin, 25 dmg
[  4298   29.497 x1.00] LOG  [YoruVFX] Air spin: 'VFX_Void_Burst_AirSpinYoru' at CenterVFX, 46 systems, longest 1.00s fitted to 0.79s at speed 1.27, 8 forced Local, 38 delays zeroed, tail 2.37s
[  4298   29.497 x1.00] LOG  [AirPosePin] engaged, holding body at 1.815m above the transform
[  4311   29.610 x1.00] LOG  [OniBoss] chase punish: 4s of failed chase — throwing Club_Swing from 6.6m so the wave flies at her.
[  4311   29.610 x1.00] LOG  [OniBoss] Chase → Attack
[  4311   29.610 x1.00] LOG  [OniBoss] Attack: Club_Swing (16 dmg)
[  4311   29.610 x1.00] LOG  [OniBoss:Trail] Club_Swing trail START at clip 1.00 (transition done).
[  4313   29.627 x1.00] LOG  [ComboTrace] LAUNCH RESULT wanted=0.90m actually moved=0.64m, completed
[  4356   29.976 x1.00] LOG  [OniBoss:ClubPos] Club_Swing at strike: club tip 3.03m up, 2.07m in front, -3.14m to his right (3.76m out from his centre). Club faces -91deg from his forward, pitch 0.41. (the ground wave is born 1.6m in front of him at 0.35m.)
[  4356   29.976 x1.00] LOG  [OniBoss:Layer] Club_Swing: club has not connected — ground wave released ARMED, 1.6m in front, 12m/s x 6.0m = 0.50s, carrying 8 (half of the club's 16).
[  4357   29.981 x1.00] LOG  💨 Landing VFX spawned!
[  4357   29.981 x1.00] LOG  ✅ LANDED! (was jump #1)
[  4357   29.981 x1.00] LOG  [AirPosePin] released, peak correction was 0.000m
[  4394   30.182 x1.00] LOG  [YoruVFX] Spin VFX stopped, fading for 2.37s
[  4399   30.204 x1.00] LOG  [Combat] Combo memory: light hit, keeping step 3
[  4399   30.204 x1.00] LOG  [Combat] Hit react: HitReact_Light_2Leg (0.5s, clip starts at 0.35s)
[  4399   30.204 x1.00] LOG  [CameraGameFeel] Shake: intensity=0.30 duration=0.200s
[  4399   30.204 x1.00] LOG  [CameraGameFeel] FOV punch: player damage (-2.0°)
[  4399   30.204 x1.00] LOG  [OniBoss:Wave] wave TOUCHED Yoru (grounded) for 8 after 2.7m / 0.23s of travel.
[  4404   30.226 x1.00] LOG  [HitReactTrace] asked for 'HitReact_Light_2Leg' (0.50s, clip start 0.35s): playing it, blend resolved after 23 ms, state 1.21s long at speed 1.00, now at 0.37s, layer weight 1.00, animator.speed 1.00.
[  4446   30.453 x1.00] LOG  [OniBoss] Attack → Recovery
[  4446   30.453 x1.00] LOG  [OniBoss] Playing animation: Watch
[  4446   30.453 x1.00] LOG  [OniBoss:Trail] trail END at clip 0.99, fading over 0.40s.
[  4446   30.453 x1.00] LOG  [OniBoss:Strike] Club_Swing: club tip closest to Yoru at 2.68m, clip position 0.39 | damage fires at 0.42 | clip 0.84s => MATCHED (within one or two frames)
[  4479   30.604 x1.00] LOG  [OniBoss] Recovery → Chase
[  4480   30.608 x1.00] LOG  [OniBoss] Playing animation: run
[  4518   30.837 x1.00] LOG  🚶 2-LEG JUMP
[  4518   30.837 x1.00] LOG  🐾 Jump 1 VFX spawned!
[  4541   31.017 x1.00] WARN The referenced script on this Behaviour (Game Object '<null>') is missing!
[  4541   31.017 x1.00] WARN The referenced script on this Behaviour (Game Object 'Lightning Light') is missing!
[  4541   31.017 x1.00] WARN The referenced script on this Behaviour (Game Object 'Lightning Light') is missing!
[  4573   31.284 x1.00] LOG  [ComboTrace] LAUNCH OniBoss at 2.5m dist=2.53m in 0.25s [AIRBORNE]
[  4573   31.284 x1.00] LOG  [Combat] Aerial spin, 25 dmg
[  4573   31.284 x1.00] LOG  [YoruVFX] Air spin: 'VFX_Void_Burst_AirSpinYoru' at CenterVFX, 46 systems, longest 1.00s fitted to 0.79s at speed 1.27, 8 forced Local, 38 delays zeroed, tail 2.37s
[  4573   31.284 x1.00] LOG  [AirPosePin] engaged, holding body at 1.962m above the transform
[  4577   31.323 x1.00] LOG  [OniBoss] hold-ground: BACKSTEP 1.5m (player 3.5m)
[  4588   31.435 x1.00] LOG  OniBoss took 10 damage. HP: 2490/2500
[  4588   31.435 x1.00] LOG  [OniBoss] Chase → HitReact
[  4588   31.435 x1.00] LOG  [OniBoss:Layer] react tier: LIGHT (10 dmg) → 'Hit_react_light'
[  4588   31.435 x1.00] LOG  [Momentum] 0 -> 1 (hit), speed x1.05, damage x1.05, impact x1.05
[  4588   31.435 x1.00] LOG  [CameraGameFeel] Shake: intensity=0.06 duration=0.080s
[  4588   31.435 x1.00] LOG  [CameraGameFeel] Shake: intensity=0.53 duration=0.200s
[  4588   31.435 x1.00] LOG  [CameraGameFeel] FOV punch: hit light (+1.5°)
[  4600   31.538 x1.00] LOG  [ComboTrace] LAUNCH RESULT wanted=2.53m actually moved=1.42m, completed
[  4609   31.603 x1.00] LOG  OniBoss took 10 damage. HP: 2480/2500
[  4609   31.603 x1.00] LOG  [OniBoss:Layer] burst: 2 hits / 20 dmg → flinch upgraded to 'HitReact_medium'
[  4609   31.603 x1.00] LOG  [CameraGameFeel] Shake: intensity=0.18 duration=0.200s
[  4631   31.756 x1.00] LOG  OniBoss took 10 damage. HP: 2470/2500
[  4631   31.756 x1.00] LOG  [OniBoss] HitReact → Stagger
[  4631   31.756 x1.00] LOG  [OniBoss] Playing animation: Stagger
[  4631   31.756 x1.00] LOG  [OniBoss] STAGGERED for 2.5s
[  4631   31.756 x1.00] LOG  [OniBoss:Layer] heavy knock-back react (swirl burst, 3 hits / 30 dmg) → 'HitReact_Heavy', down for 1.80s
[  4631   31.756 x1.00] LOG  [OniBoss:Layer] burst: 3 hits / 30 dmg inside 0.8s → knock-back + 0.90m push
[  4631   31.756 x1.00] LOG  [Momentum] 1 -> 2 (hit), speed x1.10, damage x1.10, impact x1.10
[  4631   31.756 x1.00] LOG  [CameraGameFeel] Shake: intensity=0.06 duration=0.080s
[  4631   31.756 x1.00] LOG  [CameraGameFeel] Shake: intensity=0.19 duration=0.200s
[  4634   31.783 x1.00] LOG  💨 Landing VFX spawned!
[  4634   31.783 x1.00] LOG  ✅ LANDED! (was jump #1)
[  4634   31.783 x1.00] LOG  [AirPosePin] released, peak correction was 0.000m
[  4670   32.019 x1.00] LOG  [YoruVFX] Spin VFX stopped, fading for 2.37s
[  4677   32.050 x1.00] LOG  [ComboTrace] END step=3 clipProgress=0.90 clipLen=0.79s queued=0 elapsed=0.77s
[  4699   32.159 x1.00] LOG  🚶 2-LEG JUMP
[  4699   32.159 x1.00] LOG  🐾 Jump 1 VFX spawned!
[  4755   32.497 x1.00] LOG  [ComboTrace] LAUNCH OniBoss at 1.3m dist=1.34m in 0.13s [AIRBORNE]
[  4755   32.497 x1.00] LOG  [Combat] Aerial spin, 25 dmg
[  4755   32.497 x1.00] LOG  [YoruVFX] Air spin: 'VFX_Void_Burst_AirSpinYoru' at CenterVFX, 46 systems, longest 1.00s fitted to 0.79s at speed 1.27, 8 forced Local, 38 delays zeroed, tail 2.37s
[  4755   32.497 x1.00] LOG  OniBoss punish window! 11 → 16 (x1.5)
[  4755   32.497 x1.00] LOG  OniBoss took 16 damage. HP: 2454/2500
[  4755   32.497 x1.00] LOG  [Momentum] 2 -> 3 (hit), speed x1.15, damage x1.15, impact x1.15
[  4755   32.497 x1.00] LOG  [CameraGameFeel] Shake: intensity=0.06 duration=0.080s
[  4755   32.497 x1.00] LOG  [CameraGameFeel] Shake: intensity=0.58 duration=0.200s
[  4755   32.497 x1.00] LOG  [CameraGameFeel] FOV punch: hit light (+1.5°)
[  4755   32.497 x1.00] LOG  [AirPosePin] engaged, holding body at 1.734m above the transform
[  4769   32.629 x1.00] LOG  [ComboTrace] LAUNCH RESULT wanted=1.34m actually moved=1.40m, completed
[  4772   32.650 x1.00] LOG  OniBoss punish window! 12 → 18 (x1.5)
[  4772   32.650 x1.00] LOG  OniBoss took 18 damage. HP: 2436/2500
[  4772   32.650 x1.00] LOG  [CameraGameFeel] Shake: intensity=0.20 duration=0.200s
[  4796   32.801 x1.00] LOG  OniBoss punish window! 12 → 18 (x1.5)
[  4796   32.801 x1.00] LOG  OniBoss took 18 damage. HP: 2418/2500
[  4796   32.801 x1.00] LOG  [Momentum] 3 -> 4 (hit), speed x1.20, damage x1.20, impact x1.20
[  4796   32.801 x1.00] LOG  [CameraGameFeel] Shake: intensity=0.06 duration=0.080s
[  4796   32.801 x1.00] LOG  [CameraGameFeel] Shake: intensity=0.21 duration=0.200s
[  4835   33.098 x1.00] LOG  💨 Landing VFX spawned!
[  4835   33.098 x1.00] LOG  ✅ LANDED! (was jump #1)
[  4835   33.098 x1.00] LOG  [AirPosePin] released, peak correction was 0.000m
[  4859   33.225 x1.00] LOG  [YoruVFX] Spin VFX stopped, fading for 2.37s
[  4863   33.254 x1.00] LOG  [ComboTrace] END step=3 clipProgress=0.90 clipLen=0.79s queued=0 elapsed=0.76s
[  4924   33.557 x1.00] LOG  [OniBoss] Stagger → Chase
[  4925   33.560 x1.00] LOG  [OniBoss] Playing animation: Idle
[  4925   33.560 x1.00] LOG  [OniBoss] Chase → Attack
[  4925   33.560 x1.00] LOG  [OniBoss] Attack: ClubSlam (20 dmg)
[  4925   33.560 x1.00] LOG  [OniBoss:Trail] ClubSlam trail START at clip 1.00 (transition done).
[  5012   33.984 x1.00] LOG  [CameraGameFeel] Shake: intensity=0.50 duration=0.400s
[  5012   33.984 x1.00] LOG  [Momentum] 4 -> 0 (heavy hit taken, reset), speed x1.00, damage x1.00, impact x1.00
[  5012   33.984 x1.00] LOG  [Combat] Hit react: HitReact_Heavy_2Leg (0.9s, clip starts at 0.35s)
[  5012   33.984 x1.00] LOG  [CameraGameFeel] Shake: intensity=0.60 duration=0.200s
[  5012   33.984 x1.00] LOG  [CameraGameFeel] FOV punch: player damage (-3.0°)
[  5012   33.984 x1.00] LOG  [OniBoss] Hit player for 20 (ClubSlam)
[  5012   33.984 x1.00] LOG  [OniBoss:Touch] ClubSlam: club TOUCHED Yoru at clip 0.46, shaft 0.22m from her body line, head 0.65 along the club, tip 2.35m up, tip speed 105m/s. Full club hit delivered this frame.
[  5013   33.992 x1.00] LOG  [HitReactTrace] asked for 'HitReact_Heavy_2Leg' (0.90s, clip start 0.35s): NOT playing it, another state took the combat layer, blend resolved after 7 ms, state 1.00s long at speed 1.00, now at 0.73s, layer weight 1.00, animator.speed 1.00.
[  5085   34.356 x1.00] LOG  [OniBoss:ClubPos] ClubSlam at strike: club tip 0.59m up, 2.90m in front, -0.25m to his right (2.91m out from his centre). Club faces 4deg from his forward, pitch -0.24. (the ground wave is born 1.6m in front of him at 0.35m.)
[  5085   34.356 x1.00] LOG  [OniBoss:Layer] ClubSlam: club already hit — ground wave released as VISUAL only (0 damage).
[  5109   34.487 x1.00] LOG  [OniBoss] Attack → Recovery
[  5109   34.487 x1.00] LOG  [OniBoss] Playing animation: Watch
[  5109   34.487 x1.00] LOG  [OniBoss:Trail] trail END at clip 1.00, fading over 0.40s.
[  5109   34.487 x1.00] LOG  [OniBoss:Strike] ClubSlam: club tip closest to Yoru at 0.41m, clip position 0.85 | damage fires at 0.85 | clip 0.93s => MATCHED (within one or two frames)
[  5139   34.638 x1.00] LOG  [OniBoss] Recovery → Chase
[  5140   34.643 x1.00] LOG  [OniBoss] hold-ground: BACKSTEP 1.5m (player 2.9m)
[  5251   35.528 x1.00] LOG  [OniBoss] hold-ground: backstep done (1.41m), WATCH (player 4.3m, cooldown 0.9s)
[  5251   35.528 x1.00] LOG  [OniBoss] Playing animation: Watch
[  5252   35.536 x1.00] LOG  [OniBoss] Playing animation: Walk
[  5332   36.042 x1.00] LOG  [OniBoss] Playing animation: Watch
[  5417   36.444 x1.00] LOG  [OniBoss] hold-ground: cooldown over, player 3.9m > 3.5m — APPROACH
[  5417   36.444 x1.00] LOG  [OniBoss] Playing animation: Walk
[  5488   36.944 x1.00] LOG  [OniBoss] Chase → Attack
[  5488   36.944 x1.00] LOG  [OniBoss] Attack: ClubSlam (20 dmg)
[  5488   36.944 x1.00] LOG  [OniBoss:Trail] ClubSlam trail START at clip 0.27 (transition done).
[  5489   36.955 x1.00] LOG  [OniBoss:Layer] step-in: 'ClubSlam' closed 0.06m, Yoru now 3.0m away (range 3.5)
[  5578   37.367 x1.00] LOG  [CameraGameFeel] Shake: intensity=0.50 duration=0.400s
[  5578   37.367 x1.00] LOG  [Combat] Hit react: HitReact_Heavy_2Leg (0.9s, clip starts at 0.35s)
[  5578   37.367 x1.00] LOG  [CameraGameFeel] Shake: intensity=0.60 duration=0.200s
[  5578   37.367 x1.00] LOG  [CameraGameFeel] FOV punch: player damage (-3.0°)
[  5578   37.367 x1.00] LOG  [OniBoss] Hit player for 20 (ClubSlam)
[  5578   37.367 x1.00] LOG  [OniBoss:Touch] ClubSlam: club TOUCHED Yoru at clip 0.46, shaft 0.22m from her body line, head 0.67 along the club, tip 2.34m up, tip speed 103m/s. Full club hit delivered this frame.
[  5579   37.373 x1.00] LOG  [HitReactTrace] asked for 'HitReact_Heavy_2Leg' (0.90s, clip start 0.35s): NOT playing it, another state took the combat layer, blend resolved after 6 ms, state 1.00s long at speed 1.00, now at 2.51s, layer weight 1.00, animator.speed 1.00.
[  5654   37.744 x1.00] LOG  [OniBoss:ClubPos] ClubSlam at strike: club tip 0.56m up, 2.90m in front, -0.18m to his right (2.91m out from his centre). Club faces 6deg from his forward, pitch -0.25. (the ground wave is born 1.6m in front of him at 0.35m.)
[  5654   37.744 x1.00] LOG  [OniBoss:Layer] ClubSlam: club already hit — ground wave released as VISUAL only (0 damage).
[  5679   37.870 x1.00] LOG  [OniBoss] Attack → Recovery
[  5679   37.870 x1.00] LOG  [OniBoss] Playing animation: Watch
[  5679   37.870 x1.00] LOG  [OniBoss:Trail] trail END at clip 1.00, fading over 0.40s.
[  5679   37.870 x1.00] LOG  [OniBoss:Strike] ClubSlam: club tip closest to Yoru at 0.41m, clip position 0.85 | damage fires at 0.85 | clip 0.93s => MATCHED (within one or two frames)
[  5709   38.023 x1.00] LOG  [OniBoss] Recovery → Chase
[  5710   38.027 x1.00] LOG  [OniBoss] hold-ground: BACKSTEP 1.5m (player 3.0m)
[  5808   38.859 x1.00] LOG  [OniBoss] hold-ground: backstep done (1.33m), WATCH (player 4.3m, cooldown 1.0s)
[  5808   38.859 x1.00] LOG  [OniBoss] Playing animation: Idle
[  6019   39.823 x1.00] LOG  [OniBoss] hold-ground: cooldown over, player 4.3m > 3.5m — APPROACH
[  6019   39.823 x1.00] LOG  [OniBoss] Playing animation: Walk
[  6114   40.524 x1.00] LOG  [OniBoss] Combo started: ClubSwing1 → ClubSwing2 → ClubSlam (3 steps remaining)
[  6114   40.524 x1.00] LOG  [OniBoss] Chase → Attack
[  6114   40.524 x1.00] LOG  [OniBoss] Attack: Club_Swing (16 dmg)
[  6114   40.524 x1.00] LOG  [OniBoss:Trail] Club_Swing trail START at clip 0.37 (transition done).
[  6116   40.547 x1.00] LOG  [OniBoss:Layer] step-in: 'Club_Swing' closed 0.07m, Yoru now 3.0m away (range 3.5)
[  6190   40.890 x1.00] LOG  [OniBoss:ClubPos] Club_Swing at strike: club tip 3.03m up, 2.06m in front, -3.14m to his right (3.76m out from his centre). Club faces -92deg from his forward, pitch 0.41. (the ground wave is born 1.6m in front of him at 0.35m.)
[  6190   40.890 x1.00] LOG  [OniBoss:Layer] Club_Swing: club has not connected — ground wave released ARMED, 1.6m in front, 12m/s x 6.0m = 0.50s, carrying 8 (half of the club's 16).
[  6191   40.898 x1.00] LOG  [Combat] Hit react: HitReact_Light_2Leg (0.5s, clip starts at 0.35s)
[  6191   40.898 x1.00] LOG  [CameraGameFeel] Shake: intensity=0.30 duration=0.200s
[  6191   40.898 x1.00] LOG  [CameraGameFeel] FOV punch: player damage (-2.0°)
[  6191   40.898 x1.00] LOG  [OniBoss:Wave] wave TOUCHED Yoru (grounded) for 8 after 0.1m / 0.01s of travel.
[  6194   40.920 x1.00] LOG  [HitReactTrace] asked for 'HitReact_Light_2Leg' (0.50s, clip start 0.35s): playing it, blend resolved after 22 ms, state 1.21s long at speed 1.00, now at 0.37s, layer weight 1.00, animator.speed 1.00.
[  6284   41.359 x1.00] LOG  [OniBoss] Attack → Recovery
[  6284   41.359 x1.00] LOG  [OniBoss] Playing animation: Watch
[  6284   41.359 x1.00] LOG  [OniBoss:Trail] trail END at clip 0.99, fading over 0.40s.
[  6284   41.359 x1.00] LOG  [OniBoss:Strike] Club_Swing: club tip closest to Yoru at 1.53m, clip position 0.91 | damage fires at 0.42 | clip 0.84s => damage fires 408 ms BEFORE the club is closest
[  6316   41.511 x1.00] LOG  [OniBoss] Recovery → Attack
[  6316   41.511 x1.00] LOG  [OniBoss] Attack: ClubSwing2 (16 dmg)
[  6316   41.511 x1.00] LOG  [OniBoss:Trail] ClubSwing2 trail START at clip 1.00 (transition still blending).
[  6343   41.642 x1.00] WARN The referenced script on this Behaviour (Game Object '<null>') is missing!
[  6343   41.642 x1.00] WARN The referenced script on this Behaviour (Game Object 'Lightning Light') is missing!
[  6343   41.642 x1.00] WARN The referenced script on this Behaviour (Game Object 'Lightning Light') is missing!
[  6384   41.848 x1.00] LOG  [CameraGameFeel] Shake: intensity=0.20 duration=0.250s
[  6384   41.848 x1.00] LOG  [Momentum] light hit inside the 1.0s grace, no cost (count 0)
[  6384   41.848 x1.00] LOG  [Combat] Hit react: HitReact_Light_2Leg (0.5s, clip starts at 0.35s)
[  6384   41.848 x1.00] LOG  [CameraGameFeel] Shake: intensity=0.30 duration=0.200s
[  6384   41.848 x1.00] LOG  [CameraGameFeel] FOV punch: player damage (-2.0°)
[  6384   41.848 x1.00] LOG  [OniBoss] Hit player for 20 (ClubSwing2) [combo x1.25]
[  6384   41.848 x1.00] LOG  [OniBoss:Touch] ClubSwing2: club TOUCHED Yoru at clip 0.29, shaft 0.62m from her body line, head 0.80 along the club, tip 0.92m up, tip speed 98m/s, ONE FRAME EARLY (predicted). Full club hit delivered this frame.
[  6385   41.854 x1.00] LOG  [HitReactTrace] asked for 'HitReact_Light_2Leg' (0.50s, clip start 0.35s): NOT playing it, another state took the combat layer, blend resolved after 6 ms, state 1.00s long at speed 1.00, now at 0.45s, layer weight 1.00, animator.speed 1.00.
[  6392   41.899 x1.00] LOG  [OniBoss:ClubPos] ClubSwing2 at strike: club tip 0.32m up, 1.39m in front, 2.90m to his right (3.22m out from his centre). Club faces 28deg from his forward, pitch -0.89. (the ground wave is born 1.6m in front of him at 0.35m.)
[  6392   41.899 x1.00] LOG  [OniBoss:Layer] ClubSwing2: club already hit — ground wave released as VISUAL only (0 damage).
[  6554   42.674 x1.00] LOG  [OniBoss] Attack → Recovery
[  6554   42.674 x1.00] LOG  [OniBoss] Playing animation: Watch
[  6554   42.674 x1.00] LOG  [OniBoss:Trail] trail END at clip 0.99, fading over 0.40s.
[  6554   42.674 x1.00] LOG  [OniBoss:Strike] ClubSwing2: club tip closest to Yoru at 0.64m, clip position 0.30 | damage fires at 0.32 | clip 1.17s => MATCHED (within one or two frames)
[  6582   42.831 x1.00] LOG  [OniBoss] Recovery → Attack
[  6582   42.831 x1.00] LOG  [OniBoss] Attack: ClubSlam (20 dmg)
[  6582   42.831 x1.00] LOG  [OniBoss:Trail] ClubSlam trail START at clip 1.00 (transition still blending).
[  6583   42.838 x1.00] LOG  [OniBoss] Finisher step-in: ClubSlam, she is 0.00m out of reach, walking up to 1.5m
[  6672   43.254 x1.00] LOG  [CameraGameFeel] Shake: intensity=0.50 duration=0.400s
[  6672   43.254 x1.00] LOG  [Combat] Hit react: HitReact_Heavy_2Leg (0.9s, clip starts at 0.35s)
[  6672   43.254 x1.00] LOG  [CameraGameFeel] Shake: intensity=0.60 duration=0.200s
[  6672   43.254 x1.00] LOG  [CameraGameFeel] FOV punch: player damage (-3.0°)
[  6672   43.254 x1.00] LOG  [OniBoss] Hit player for 30 (ClubSlam) [combo x1.50]
[  6672   43.254 x1.00] LOG  [OniBoss:Touch] ClubSlam: club TOUCHED Yoru at clip 0.46, shaft 0.22m from her body line, head 0.66 along the club, tip 2.44m up, tip speed 105m/s. Full club hit delivered this frame.
[  6673   43.265 x1.00] LOG  [HitReactTrace] asked for 'HitReact_Heavy_2Leg' (0.90s, clip start 0.35s): NOT playing it, another state took the combat layer, blend resolved after 10 ms, state 1.00s long at speed 1.00, now at 0.90s, layer weight 1.00, animator.speed 1.00.
[  6739   43.631 x1.00] LOG  [OniBoss:ClubPos] ClubSlam at strike: club tip 0.69m up, 2.85m in front, -0.47m to his right (2.89m out from his centre). Club faces -2deg from his forward, pitch -0.22. (the ground wave is born 1.6m in front of him at 0.35m.)
[  6739   43.631 x1.00] LOG  [OniBoss:Layer] ClubSlam: club already hit — ground wave released as VISUAL only (0 damage), finisher size x2.0.
[  6758   43.727 x1.00] LOG  [StormWeather] terrain layers restored to dry values.
# end — 290 lines
