# Oni combat log — 2026-09-12 17:43:48
# Unity 6000.2.7f2 | scene 'CaveScene_Oni_Boss1' | platform OSXEditor
# columns: [frame realSeconds timeScale] KIND message      (KIND: LOG WARN ERR EXC TEL)
#
[     0    0.000 x1.00] LOG  [OniLog] console + telemetry → /Users/asenahazal/Documents/Yoru/OniLogs/oni_2026-09-12_17-43-48.log
[     0    0.000 x1.00] LOG  [OniHairShadows] shadow casting off on 27 hair renderers
[     0    0.000 x1.00] LOG  [RingMesh] Auto-found 11/11 left, 11/11 right meshes
[     1    0.000 x1.00] LOG  [BossBar] BossHealthBarUI initialized
[     1    0.000 x1.00] LOG  [StormWeather] layer 'TerrainLayer_Dirt_01' dry smoothness=0.00 (restore to this if a crash ever leaves it wet)
[     1    0.000 x1.00] LOG  [StormWeather] post volumes ready on layer 9 (storm priority 10, flash priority 11).
[     1    0.000 x1.00] LOG  [StormWeather] ROUND 80: fur weather ready on 'Weather Zone'. Rain 0, wind 0.50 in the open, sky check 30 m from 'PlayerYoru_1.1'.
[     1    0.000 x1.00] LOG  [StormWeather] COZY bridge: Rain_Cave retired, COZY owns the rain now.
[     1    0.000 x1.00] LOG  [StormWeather] COZY → 'Clear' (pre-fight - open sky, 0 s)
[     1    0.000 x1.00] LOG  [StormWeather] Ready. Open sky, dry floor. Waiting for the fight.
[     1    0.000 x1.00] LOG  OniBoss initialized with 500 HP
[     1    0.000 x1.00] LOG  [OniBoss] ANIMATOR SETUP: cullingMode=CullUpdateTransforms updateMode=Normal applyRootMotion=False speed=1
[     1    0.000 x1.00] LOG  [OniBoss] Initialized
[     1    0.000 x1.00] LOG  [OniBoss:Layer] facing: minFlat 1m, snapOnAttack off, trackInHitReact off
[     1    0.000 x1.00] LOG  [OniBoss:Layer] Yoru launch model ON: launches ALL THE WAY to an enemy within 4.7m of its surface at 10m/s (stop gap 0.00m, NO minimum distance), else steps 0.90m forward. Targeting cone left exactly as her prefab has it.
[     1    0.000 x1.00] LOG  [OniBoss:Layer] Yoru launch ROUND 9: airborne attacks launch too (ON), edge probe now runs on its OWN layer mask (Everything) instead of the line-of-sight mask - the Ground-only mask found no floor in this cave and was cancelling 100% of launches at 0.00m travelled.
[     1    0.000 x1.00] LOG  [OniBoss:Layer] animator speed x1.35 — his 1.13s swing now plays in 0.84s.
[     1    0.000 x1.00] LOG  [OniBoss:Layer] chase speed pushed: phase1 4.5, phase2 5.5 (Yoru runs at 7).
[     1    0.000 x1.00] LOG  [OniBoss:Layer] ground wave ON (round 38): half the club's damage on TOUCH, 12m/s x 6.0m from 1.6m in front at 0.35m height — a club hit cancels that swing's wave, jumping clears it. Per-attack effects come from the Swing Wave VFX By Attack rows. PlayerHealth found, PlayerMovement found.
[     1    0.000 x1.00] LOG  [StormWeather] storm break HELD (waiting for the lightning beat)
[     1    0.000 x1.00] LOG  [OniBoss:Layer] storm break HELD — it releases at the lightning-on-the-club beat.
[     1    0.000 x1.00] LOG  [OniBoss:Layer] club tracking ON — tip 'Kanabo3' (depth 4), shaft root 'kanabo'.
[     1    0.000 x1.00] LOG  [OniBoss:Layer] skinned meshes: 46 renderer(s), updateWhenOffscreen ON, body renderer 'Body' rootBone 'Hips'
[     1    0.000 x1.00] LOG  [OniBoss:Layer] charge travel bone: 'Hips' at depth 1 under 'OniBoss', rest local (0.00, 3.24, -0.24)
[     1    0.000 x1.00] LOG  [OniBoss:Layer] anti-kite ON: thrown swing after 4s of failed chase (within 7.6m), charge after 6s.
[     1    0.000 x1.00] LOG  [OniBoss:Layer] charge drive ON (windup to 0.40 at x1.3, rush 14m/s stops at 2.6m, steers 0.35s then commits, strike section from 0.58, strike moment 0.76, trail VFX off)
[     1    0.000 x1.00] LOG  [OniBoss:Layer] attack armor ON (his swings are not interrupted by light/medium hits; heavy hits and rapid-hit bursts still stop him)
[     1    0.000 x1.00] LOG  [OniBoss:Layer] strike moments overridden: Club_Swing=0.42 ClubSwing2=0.32 ClubSlam=0.85 KanaboSweep=0.48
[     1    0.000 x1.00] LOG  [OniBoss:Layer] club TOUCH hits ON (radius 0.70m, min tip speed 50m/s, armed from 0.20 of the clip): Club_Swing ClubSwing2 ClubSlam KanaboSweep. First touch wins — club full damage, wave half, one hit per swing.
[     1    0.000 x1.00] LOG  [OniBoss:Layer] combo damage ramp ON: mid x1.25, finisher x1.50 — finisher wave carries FULL damage at x2.0 size, x2.0 travel.
[     1    0.000 x1.00] LOG  [OniBoss:Layer] charge follow-up ON: 90 % of solo charges chain into a random melee finisher.
[     1    0.000 x1.00] LOG  [OniBoss:Layer] hold-ground ON (backstep 1.5m @ 1.6m/s after own attacks, watch 'Watch', attack facing LOCKED)
[     1    0.000 x1.00] LOG  [OniBoss:Layer] OniBoss layer ready (reactions, wake-on-hit, watch stance, boss bar). player=found
[     1    0.000 x1.00] LOG  [OniBoss:Layer] charge clip 'Oni Charge.fbx' imports with Root Motion Node = None (in place) — good.
[     1    0.000 x1.00] LOG  [OniBoss:Layer] clips importing with Root Transform Position (Y) NOT baked into pose (12): Oni_Alert(Oni Alert), Club_Slam(Oni Club Slam), Club_Swing(Oni Club Swing), Club_swing2(Oni Club Swing 2), Death(Oni Death Kneel), Hit_react_light(Oni Hit react lighter light), KanaboSweep(Oni Kanabo sweep), Phase_Transition(Oni Phase transition), run(Oni Run), Walk(Oni Walk), Watch(Oni Watch), Idle(Oni Idle) — their hips' up/down motion is stripped (see round notes; optional).
[     1    0.000 x1.00] LOG  === VFX MANAGER INITIALIZED ===
[     1    0.000 x1.00] LOG  Auto-detect animations: False
[     1    0.000 x1.00] LOG  Parent effects to tail: True
[     1    0.000 x1.00] LOG  Prefabs: Jump=True, Land=True, LTail=True, RTail=True
[     1    0.000 x1.00] LOG  ✅ Left Tail Tip: LeftTailVFX
[     1    0.000 x1.00] LOG  ✅ Right Tail Tip: RightTailTip_Anchor
[     1    0.000 x1.00] LOG  [VolumetricFogController] applyPresets is OFF in this scene. The Volumetric Fog component keeps its hand-set inspector values.
[     1    0.000 x1.00] LOG  [TailAirShot] Ready. drawState=RightTail_Fast castParam=TailCastSpeed (found)
  arrow leaves: PlayerYoru_1.1/Cat_All_10_Tails_v4/Group/DeformationSystem/root/Root_M/Tail15_R/Tail151_R/Tail152_R/Tail153_R/Tail154_R/Tail155_R/Tail156_R/Tail157_R/Tail158_R/Tail159_R/Tail1510_R/Tail1511_R/Tail1512_R/Tail6_R/Tail6_R_end/Tail6_R_end_end/Tail6_R_end_end_end/RightTailTip_Anchor
  aim VFX: PlayerYoru_1.1/Cat_All_10_Tails_v4/Group/DeformationSystem/root/Root_M/Tail15_R/Tail151_R/Tail152_R/Tail153_R/Tail154_R/Tail155_R/Tail156_R/Tail157_R/Tail158_R/Tail159_R/Tail1510_R/Tail1511_R/Tail1512_R/Tail6_R/Tail6_R_end/Tail6_R_end_end/Tail6_R_end_end_end/RightTailTip_Anchor/vfx_Muzzle_Fireball01Blue
[     1    0.000 x1.00] LOG  [RingMesh] VFX Status:
[     1    0.000 x1.00] LOG    Left: Prefab=✓, Spawn=Tail6_L_end_end_end
[     1    0.000 x1.00] LOG    Right: Prefab=✓, Spawn=Tail6_R_end_end_end
[     1    0.000 x1.00] LOG  [TailAirShot4Leg] Ready. drawState=shoot_4Leg castParam=Shoot4LegSpeed (found) readyFrame=5 fireFrame=10 frames=24 slowBudget=3s real damageMultiplier=2.00
  arrow leaves: PlayerYoru_1.1/Cat_All_10_Tails_v4/Group/DeformationSystem/root/Root_M/Tail15_R/Tail151_R/Tail152_R/Tail153_R/Tail154_R/Tail155_R/Tail156_R/Tail157_R/Tail158_R/Tail159_R/Tail1510_R/Tail1511_R/Tail1512_R/Tail6_R/Tail6_R_end/Tail6_R_end_end/Tail6_R_end_end_end/RightTailTip_Anchor
  aim VFX left:  PlayerYoru_1.1/Cat_All_10_Tails_v4/Group/DeformationSystem/root/Root_M/Tail15_L/Tail151_L/Tail152_L/Tail153_L/Tail154_L/Tail155_L/Tail156_L/Tail157_L/Tail158_L/Tail159_L/Tail1510_L/Tail1511_L/Tail1512_L/Tail6_L/Tail6_L_end/Tail6_L_end_end/Tail6_L_end_end_end/LeftTailTip_Anchor/Glow_4Leg_L
  aim VFX right: PlayerYoru_1.1/Cat_All_10_Tails_v4/Group/DeformationSystem/root/Root_M/Tail15_R/Tail151_R/Tail152_R/Tail153_R/Tail154_R/Tail155_R/Tail156_R/Tail157_R/Tail158_R/Tail159_R/Tail1510_R/Tail1511_R/Tail1512_R/Tail6_R/Tail6_R_end/Tail6_R_end_end/Tail6_R_end_end_end/RightTailTip_Anchor/Glow_4Leg_R
[     1    0.000 x1.00] LOG  [PlayerCombat] Phase 2 form gate CONNECTED (FormController found on this GameObject).
[     1    0.000 x1.00] LOG  [Combat] PlayerCombat initialized, Phase 3C v27
[     1    0.000 x1.00] LOG  [CameraGameFeel] CameraGameFeel initialized (shake + FOV)
[     1    1.906 x1.00] LOG  [OniBoss] Playing animation: Idle
[     1    1.906 x1.00] LOG  [OniBoss:Layer] watch stance ON (player 13.4m)
[    23    2.724 x1.00] LOG  💨 Landing VFX spawned!
[    23    2.724 x1.00] LOG  ✅ LANDED! (was jump #0)
[  1096    7.510 x1.00] LOG  🐾 4-LEG JUMP #0
[  1096    7.510 x1.00] LOG  🐾 Jump 1 VFX spawned!
[  1192    8.053 x1.00] LOG  [ComboTrace] LAUNCH STEP (too far: OniBoss at 6.0m > engage 4.7m) dist=0.90m in 0.13s [AIRBORNE]
[  1192    8.053 x1.00] LOG  [Combat] Aerial spin, 25 dmg
[  1192    8.053 x1.00] LOG  [AirPosePin] engaged, holding body at 2.119m above the transform
[  1209    8.193 x1.00] LOG  [ComboTrace] LAUNCH RESULT wanted=0.90m actually moved=1.53m, completed
[  1253    8.451 x1.00] LOG  💨 Landing VFX spawned!
[  1253    8.451 x1.00] LOG  ✅ LANDED! (was jump #1)
[  1253    8.451 x1.00] LOG  [AirPosePin] released, peak correction was 1.336m
[  1266    8.524 x1.00] LOG  🐾 4-LEG JUMP #0
[  1266    8.524 x1.00] LOG  🐾 Jump 1 VFX spawned!
[  1267    8.527 x1.00] LOG  [AirPosePin] engaged, holding body at 0.784m above the transform
[  1309    8.767 x1.00] LOG  [ComboTrace] END step=3 clipProgress=0.90 clipLen=0.79s queued=0 elapsed=0.71s
[  1310    8.771 x1.00] LOG  [AirPosePin] released, peak correction was 0.098m
[  1430    9.438 x1.00] LOG  💨 Landing VFX spawned!
[  1430    9.438 x1.00] LOG  ✅ LANDED! (was jump #1)
[  1457    9.569 x1.00] LOG  [Combat] Combo 1: 10 dmg
[  1457    9.569 x1.00] LOG  [ComboTrace] START step=1 state='Combo1' queued=0 target='OniBoss' at 3.2m
[  1457    9.569 x1.00] LOG  [ComboTrace] LAUNCH OniBoss at 0.7m dist=0.75m in 0.13s
[  1483    9.701 x1.00] LOG  [ComboTrace] LAUNCH RESULT wanted=0.75m actually moved=0.00m, completed
[  1499    9.770 x1.00] LOG  [Combat] Queued click #1 (combo 1)
[  1499    9.770 x1.00] LOG  [ComboTrace] QUEUED #1 during step 1
[  1599   10.179 x1.00] LOG  OniBoss took 10 damage. HP: 490/500
[  1599   10.179 x1.00] LOG  [OniBoss] 🤕 Hit during LostSoul — flash only
[  1599   10.179 x1.00] LOG  [OniBoss] LostSoul → Alert
[  1599   10.179 x1.00] LOG  [OniBoss] Playing animation: Oni_Alert
[  1599   10.179 x1.00] LOG  [OniBoss] Became HOSTILE
[  1599   10.179 x1.00] LOG  [OniBoss:Layer] woken by damage (10) — back attacks count.
[  1599   10.179 x1.00] LOG  [Combat] Hit OniBoss for 10
[  1599   10.179 x1.00] LOG  [CameraGameFeel] Shake: intensity=0.50 duration=0.200s
[  1599   10.179 x1.00] LOG  [CameraGameFeel] FOV punch: hit light (+1.5°)
[  1600   10.189 x1.00] LOG  [StormWeather] COZY → 'Yoru_Oni_Phase1_Storm' (fight engaged - storm rolls in, 0 s)
[  1600   10.189 x1.00] LOG  [StormWeather] FIGHT STARTED (he engaged) - storm on, floor starts to soak.
[  1600   10.189 x1.00] LOG  [BossBar] Showing bar for: Oni (490/500)
[  1600   10.189 x1.00] LOG  [OniBoss:Layer] boss bar shown
[  1601   10.201 x1.00] EXC  NullReferenceException: Object reference not set to an instance of an object
        at DistantLands.Cozy.Data.ThunderFX.InitializeEffect (DistantLands.Cozy.CozyWeather weather) (at ./Packages/com.distantlands.cozy.core/Runtime/Data/FX/ThunderFX.cs:52)
        at DistantLands.Cozy.Data.ThunderFX.PlayEffect (System.Single weight) (at ./Packages/com.distantlands.cozy.core/Runtime/Data/FX/ThunderFX.cs:36)
        at DistantLands.Cozy.Data.WeatherProfile.SetWeatherWeight (System.Single weightVal) (at ./Packages/com.distantlands.cozy.core/Runtime/Data/WeatherProfile.cs:44)
        at DistantLands.Cozy.CozyWeatherModule.UpdateFXWeights () (at ./Packages/com.distantlands.cozy.core/Runtime/Modules/CozyWeatherModule.cs:129)
[  1602   10.206 x1.00] WARN The referenced script on this Behaviour (Game Object '<null>') is missing!
[  1602   10.206 x1.00] WARN The referenced script on this Behaviour (Game Object 'Lightning Light') is missing!
[  1602   10.206 x1.00] WARN The referenced script on this Behaviour (Game Object 'Lightning Light') is missing!
[  1636   10.385 x1.00] LOG  🐾 VFX_AttackPaw triggered!
[  1649   10.456 x1.00] LOG  [StormWeather] fur: rain reaching the coat (intensity 0.01, follows floor wetness).
[  1662   10.520 x1.00] LOG  [Combat] Combo 2: 20 dmg
[  1662   10.520 x1.00] LOG  [ComboTrace] START step=2 state='Combo2' queued=0 target='OniBoss' at 1.9m
[  1662   10.520 x1.00] LOG  [ComboTrace] LAUNCH OniBoss at 0.7m dist=0.75m in 0.13s
[  1684   10.650 x1.00] LOG  [ComboTrace] LAUNCH RESULT wanted=0.75m actually moved=0.00m, completed
[  1691   10.687 x1.00] LOG  [OniBoss] Alert → Chase
[  1692   10.697 x1.00] LOG  [OniBoss] Playing animation: Idle
[  1692   10.697 x1.00] LOG  [OniBoss] Chase → Attack
[  1692   10.697 x1.00] LOG  [OniBoss] Attack: ClubSwing2 (16 dmg)
[  1692   10.697 x1.00] LOG  [OniBoss:Trail] ClubSwing2 trail START at clip 0.30 (transition done).
[  1750   10.987 x1.00] LOG  [StormWeather] storm post weight -> 0.40
[  1761   11.035 x1.00] LOG  [CameraGameFeel] Shake: intensity=0.20 duration=0.250s
[  1761   11.035 x1.00] LOG  [Combat] Hit react: HitReact_Light_2Leg (0.5s, clip starts at 0.35s)
[  1761   11.035 x1.00] LOG  [CameraGameFeel] Shake: intensity=0.30 duration=0.200s
[  1761   11.035 x1.00] LOG  [CameraGameFeel] FOV punch: player damage (-2.0°)
[  1761   11.035 x1.00] LOG  [OniBoss] Hit player for 16 (ClubSwing2)
[  1761   11.035 x1.00] LOG  [OniBoss:Touch] ClubSwing2: club TOUCHED Yoru at clip 0.29 — shaft 0.70m from her body line, tip speed 101m/s. Full club hit delivered this frame.
[  1762   11.046 x1.00] LOG  [HitReactTrace] asked for 'HitReact_Light_2Leg' (0.50s, clip start 0.35s): NOT playing it, another state took the combat layer, blend resolved after 11 ms, state 1.75s long at speed 1.60, now at 0.51s, layer weight 1.00, animator.speed 1.00.
[  1768   11.077 x1.00] LOG  [OniBoss:ClubPos] ClubSwing2 at strike: club tip 0.06m up, 1.91m in front, 2.30m to his right (2.99m out from his centre). Club faces 0deg from his forward, pitch -0.87. (the ground wave is born 1.6m in front of him at 0.35m.)
[  1768   11.077 x1.00] LOG  [OniBoss:Layer] ClubSwing2: club already hit — ground wave released as VISUAL only (0 damage).
[  1918   11.861 x1.00] LOG  [OniBoss] Attack → Recovery
[  1918   11.861 x1.00] LOG  [OniBoss] Playing animation: Watch
[  1918   11.861 x1.00] LOG  [OniBoss:Trail] trail END at clip 0.99, fading over 0.40s.
[  1918   11.861 x1.00] LOG  [OniBoss:Strike] ClubSwing2: club tip closest to Yoru at 1.35m, clip position 0.30 | damage fires at 0.32 | clip 1.17s => MATCHED (within one or two frames)
[  1949   12.016 x1.00] LOG  [OniBoss] Recovery → Chase
[  1950   12.020 x1.00] LOG  [OniBoss] hold-ground: BACKSTEP 1.5m (player 1.9m)
[  2069   12.968 x1.00] LOG  [OniBoss] hold-ground: backstep done (1.51m), WATCH (player 3.4m, cooldown 0.8s)
[  2069   12.968 x1.00] LOG  [OniBoss] Playing animation: Watch
[  2247   13.818 x1.00] LOG  [OniBoss] Chase → Attack
[  2247   13.818 x1.00] LOG  [OniBoss] Attack: ClubSlam (20 dmg)
[  2247   13.818 x1.00] LOG  [OniBoss:Trail] ClubSlam trail START at clip 0.55 (transition done).
[  2258   13.910 x1.00] LOG  [OniBoss:Layer] step-in: 'ClubSlam' closed 0.42m, Yoru now 3.0m away (range 3.5)
[  2325   14.227 x1.00] LOG  [CameraGameFeel] Shake: intensity=0.50 duration=0.400s
[  2325   14.227 x1.00] LOG  [Combat] Hit react: HitReact_Heavy_2Leg (0.9s, clip starts at 0.35s)
[  2325   14.227 x1.00] LOG  [CameraGameFeel] Shake: intensity=0.60 duration=0.200s
[  2325   14.227 x1.00] LOG  [CameraGameFeel] FOV punch: player damage (-3.0°)
[  2325   14.227 x1.00] LOG  [OniBoss] Hit player for 20 (ClubSlam)
[  2325   14.227 x1.00] LOG  [OniBoss:Touch] ClubSlam: club TOUCHED Yoru at clip 0.44 — shaft 0.60m from her body line, tip speed 116m/s, ONE FRAME EARLY (predicted). Full club hit delivered this frame.
[  2326   14.238 x1.00] LOG  [HitReactTrace] asked for 'HitReact_Heavy_2Leg' (0.90s, clip start 0.35s): NOT playing it, another state took the combat layer, blend resolved after 11 ms, state 1.00s long at speed 1.00, now at 2.69s, layer weight 1.00, animator.speed 1.00.
[  2402   14.613 x1.00] LOG  [OniBoss:ClubPos] ClubSlam at strike: club tip 0.58m up, 2.90m in front, -0.21m to his right (2.91m out from his centre). Club faces 5deg from his forward, pitch -0.25. (the ground wave is born 1.6m in front of him at 0.35m.)
[  2402   14.613 x1.00] LOG  [OniBoss:Layer] ClubSlam: club already hit — ground wave released as VISUAL only (0 damage).
[  2427   14.742 x1.00] LOG  [OniBoss] Attack → Recovery
[  2427   14.742 x1.00] LOG  [OniBoss] Playing animation: Watch
[  2427   14.742 x1.00] LOG  [OniBoss:Trail] trail END at clip 0.99, fading over 0.40s.
[  2427   14.742 x1.00] LOG  [OniBoss:Strike] ClubSlam: club tip closest to Yoru at 0.23m, clip position 0.85 | damage fires at 0.85 | clip 0.93s => MATCHED (within one or two frames)
[  2457   14.893 x1.00] LOG  [OniBoss] Recovery → Chase
[  2458   14.897 x1.00] LOG  [OniBoss] hold-ground: BACKSTEP 1.5m (player 3.0m)
[  2567   15.738 x1.00] LOG  [OniBoss] hold-ground: backstep done (1.34m), WATCH (player 4.3m, cooldown 1.0s)
[  2567   15.738 x1.00] LOG  [OniBoss] Playing animation: Idle
[  2779   16.694 x1.00] LOG  [OniBoss] hold-ground: cooldown over, player 4.3m > 3.5m — APPROACH
[  2779   16.694 x1.00] LOG  [OniBoss] Playing animation: Walk
[  2875   17.368 x1.00] WARN The referenced script on this Behaviour (Game Object '<null>') is missing!
[  2875   17.368 x1.00] WARN The referenced script on this Behaviour (Game Object 'Lightning Light') is missing!
[  2875   17.368 x1.00] WARN The referenced script on this Behaviour (Game Object 'Lightning Light') is missing!
[  2878   17.399 x1.00] LOG  [OniBoss] Combo started: swing1-2 (2 steps remaining)
[  2878   17.399 x1.00] LOG  [OniBoss] Chase → Attack
[  2878   17.399 x1.00] LOG  [OniBoss] Attack: Club_Swing (16 dmg)
[  2878   17.399 x1.00] LOG  [OniBoss:Trail] Club_Swing trail START at clip 0.37 (transition done).
[  2880   17.416 x1.00] LOG  [OniBoss:Layer] step-in: 'Club_Swing' closed 0.08m, Yoru now 3.0m away (range 3.5)
[  2939   17.725 x1.00] LOG  [CameraGameFeel] Shake: intensity=0.20 duration=0.250s
[  2939   17.725 x1.00] LOG  [Combat] Hit react: HitReact_Light_2Leg (0.5s, clip starts at 0.35s)
[  2939   17.725 x1.00] LOG  [CameraGameFeel] Shake: intensity=0.30 duration=0.200s
[  2939   17.725 x1.00] LOG  [CameraGameFeel] FOV punch: player damage (-2.0°)
[  2939   17.725 x1.00] LOG  [OniBoss] Hit player for 16 (Club_Swing)
[  2939   17.725 x1.00] LOG  [OniBoss:Touch] Club_Swing: club TOUCHED Yoru at clip 0.39 — shaft 0.69m from her body line, tip speed 162m/s, ONE FRAME EARLY (predicted). Full club hit delivered this frame.
[  2940   17.730 x1.00] LOG  [HitReactTrace] asked for 'HitReact_Light_2Leg' (0.50s, clip start 0.35s): NOT playing it, another state took the combat layer, blend resolved after 5 ms, state 1.00s long at speed 1.00, now at 2.62s, layer weight 1.00, animator.speed 1.00.
[  2945   17.763 x1.00] LOG  [OniBoss:ClubPos] Club_Swing at strike: club tip 3.03m up, 1.92m in front, -3.19m to his right (3.72m out from his centre). Club faces -94deg from his forward, pitch 0.41. (the ground wave is born 1.6m in front of him at 0.35m.)
[  2945   17.763 x1.00] LOG  [OniBoss:Layer] Club_Swing: club already hit — ground wave released as VISUAL only (0 damage).
[  3044   18.233 x1.00] LOG  [OniBoss] Attack → Recovery
[  3044   18.233 x1.00] LOG  [OniBoss] Playing animation: Watch
[  3044   18.233 x1.00] LOG  [OniBoss:Trail] trail END at clip 0.99, fading over 0.40s.
[  3044   18.233 x1.00] LOG  [OniBoss:Strike] Club_Swing: club tip closest to Yoru at 1.49m, clip position 0.91 | damage fires at 0.42 | clip 0.84s => damage fires 413 ms BEFORE the club is closest
[  3078   18.387 x1.00] LOG  [OniBoss] Recovery → Attack
[  3078   18.387 x1.00] LOG  [OniBoss] Attack: ClubSwing2 (16 dmg)
[  3078   18.387 x1.00] LOG  [OniBoss:Trail] ClubSwing2 trail START at clip 1.00 (transition still blending).
[  3148   18.720 x1.00] LOG  [CameraGameFeel] Shake: intensity=0.20 duration=0.250s
[  3148   18.720 x1.00] LOG  [Combat] Hit react: HitReact_Heavy_2Leg (0.9s, clip starts at 0.35s)
[  3148   18.720 x1.00] LOG  [CameraGameFeel] Shake: intensity=0.60 duration=0.200s
[  3148   18.720 x1.00] LOG  [CameraGameFeel] FOV punch: player damage (-3.0°)
[  3148   18.720 x1.00] LOG  [OniBoss] Hit player for 24 (ClubSwing2) [combo x1.50]
[  3148   18.720 x1.00] LOG  [OniBoss:Touch] ClubSwing2: club TOUCHED Yoru at clip 0.29 — shaft 0.66m from her body line, tip speed 94m/s, ONE FRAME EARLY (predicted). Full club hit delivered this frame.
[  3149   18.727 x1.00] LOG  [HitReactTrace] asked for 'HitReact_Heavy_2Leg' (0.90s, clip start 0.35s): NOT playing it, another state took the combat layer, blend resolved after 7 ms, state 1.00s long at speed 1.00, now at 0.49s, layer weight 1.00, animator.speed 1.00.
[  3157   18.766 x1.00] LOG  [OniBoss:ClubPos] ClubSwing2 at strike: club tip 0.07m up, 1.88m in front, 2.33m to his right (3.00m out from his centre). Club faces 1deg from his forward, pitch -0.87. (the ground wave is born 1.6m in front of him at 0.35m.)
[  3157   18.766 x1.00] LOG  [OniBoss:Layer] ClubSwing2: club already hit — ground wave released as VISUAL only (0 damage), finisher size x2.0.
[  3323   19.552 x1.00] LOG  [OniBoss] Attack → Recovery
[  3323   19.552 x1.00] LOG  [OniBoss] Playing animation: Watch
[  3323   19.552 x1.00] LOG  [OniBoss:Trail] trail END at clip 0.99, fading over 0.40s.
[  3323   19.552 x1.00] LOG  [OniBoss:Strike] ClubSwing2: club tip closest to Yoru at 0.52m, clip position 0.30 | damage fires at 0.32 | clip 1.17s => MATCHED (within one or two frames)
[  3355   19.704 x1.00] LOG  [OniBoss] Recovery → Chase
[  3356   19.708 x1.00] LOG  [OniBoss] hold-ground: BACKSTEP 1.5m (player 3.0m)
[  3468   20.550 x1.00] LOG  [OniBoss] hold-ground: backstep done (1.34m), WATCH (player 4.3m, cooldown 1.0s)
[  3468   20.550 x1.00] LOG  [OniBoss] Playing animation: Watch
[  3663   21.508 x1.00] LOG  [OniBoss] hold-ground: cooldown over, player 4.3m > 3.5m — APPROACH
[  3663   21.508 x1.00] LOG  [OniBoss] Playing animation: Walk
[  3770   22.213 x1.00] LOG  [OniBoss] Chase → Attack
[  3770   22.213 x1.00] LOG  [OniBoss] Attack: ClubSlam (20 dmg)
[  3770   22.213 x1.00] LOG  [OniBoss:Trail] ClubSlam trail START at clip 0.38 (transition done).
[  3772   22.229 x1.00] LOG  [OniBoss:Layer] step-in: 'ClubSlam' closed 0.08m, Yoru now 3.0m away (range 3.5)
[  3850   22.624 x1.00] LOG  [CameraGameFeel] Shake: intensity=0.50 duration=0.400s
[  3850   22.624 x1.00] LOG  [Combat] Hit react: HitReact_Heavy_2Leg (0.9s, clip starts at 0.35s)
[  3850   22.624 x1.00] LOG  [CameraGameFeel] Shake: intensity=0.60 duration=0.200s
[  3850   22.624 x1.00] LOG  [CameraGameFeel] FOV punch: player damage (-3.0°)
[  3850   22.624 x1.00] LOG  [OniBoss] Hit player for 20 (ClubSlam)
[  3850   22.624 x1.00] LOG  [OniBoss:Touch] ClubSlam: club TOUCHED Yoru at clip 0.44 — shaft 0.66m from her body line, tip speed 115m/s, ONE FRAME EARLY (predicted). Full club hit delivered this frame.
[  3851   22.629 x1.00] LOG  [HitReactTrace] asked for 'HitReact_Heavy_2Leg' (0.90s, clip start 0.35s): NOT playing it, another state took the combat layer, blend resolved after 5 ms, state 1.00s long at speed 1.00, now at 3.03s, layer weight 1.00, animator.speed 1.00.
[  3934   23.013 x1.00] LOG  [OniBoss:ClubPos] ClubSlam at strike: club tip 0.71m up, 2.84m in front, -0.52m to his right (2.89m out from his centre). Club faces -4deg from his forward, pitch -0.21. (the ground wave is born 1.6m in front of him at 0.35m.)
[  3934   23.013 x1.00] LOG  [OniBoss:Layer] ClubSlam: club already hit — ground wave released as VISUAL only (0 damage).
[  3960   23.138 x1.00] LOG  [OniBoss] Attack → Recovery
[  3960   23.138 x1.00] LOG  [OniBoss] Playing animation: Watch
[  3960   23.138 x1.00] LOG  [OniBoss:Trail] trail END at clip 0.99, fading over 0.40s.
[  3960   23.138 x1.00] LOG  [OniBoss:Strike] ClubSlam: club tip closest to Yoru at 0.23m, clip position 0.85 | damage fires at 0.85 | clip 0.93s => MATCHED (within one or two frames)
[  3991   23.288 x1.00] LOG  [OniBoss] Recovery → Chase
[  3992   23.293 x1.00] LOG  [OniBoss] hold-ground: BACKSTEP 1.5m (player 3.0m)
[  4094   24.129 x1.00] LOG  [OniBoss] hold-ground: backstep done (1.33m), WATCH (player 4.3m, cooldown 1.0s)
[  4094   24.129 x1.00] LOG  [OniBoss] Playing animation: Idle
[  4095   24.142 x1.00] LOG  [OniBoss] Playing animation: Walk
[  4179   24.692 x1.00] LOG  [OniBoss] Playing animation: Idle
[  4264   25.089 x1.00] LOG  [OniBoss] hold-ground: cooldown over, player 3.8m > 3.5m — APPROACH
[  4264   25.089 x1.00] LOG  [OniBoss] Playing animation: Walk
[  4331   25.567 x1.00] LOG  [OniBoss] Combo started: swing1-2 (2 steps remaining)
[  4331   25.567 x1.00] LOG  [OniBoss] Chase → Attack
[  4331   25.567 x1.00] LOG  [OniBoss] Attack: Club_Swing (16 dmg)
[  4331   25.567 x1.00] LOG  [OniBoss:Trail] Club_Swing trail START at clip 0.25 (transition done).
[  4393   25.924 x1.00] LOG  [OniBoss:ClubPos] Club_Swing at strike: club tip 3.02m up, 2.76m in front, -2.80m to his right (3.94m out from his centre). Club faces -77deg from his forward, pitch 0.40. (the ground wave is born 1.6m in front of him at 0.35m.)
[  4393   25.924 x1.00] LOG  [OniBoss:Layer] Club_Swing: club has not connected — ground wave released ARMED, 1.6m in front, 12m/s x 6.0m = 0.50s, carrying 8 (half of the club's 16).
[  4394   25.929 x1.00] LOG  [Combat] Hit react: HitReact_Light_2Leg (0.5s, clip starts at 0.35s)
[  4394   25.929 x1.00] LOG  [CameraGameFeel] Shake: intensity=0.30 duration=0.200s
[  4394   25.929 x1.00] LOG  [CameraGameFeel] FOV punch: player damage (-2.0°)
[  4394   25.929 x1.00] LOG  [OniBoss:Wave] wave TOUCHED Yoru (grounded) for 8 after 0.1m / 0.00s of travel.
[  4398   25.953 x1.00] LOG  [HitReactTrace] asked for 'HitReact_Light_2Leg' (0.50s, clip start 0.35s): playing it, blend resolved after 24 ms, state 1.21s long at speed 1.00, now at 0.37s, layer weight 1.00, animator.speed 1.00.
[  4496   26.402 x1.00] LOG  [OniBoss] Attack → Recovery
[  4496   26.402 x1.00] LOG  [OniBoss] Playing animation: Watch
[  4496   26.402 x1.00] LOG  [OniBoss:Trail] trail END at clip 0.99, fading over 0.40s.
[  4496   26.402 x1.00] LOG  [OniBoss:Strike] Club_Swing: club tip closest to Yoru at 1.49m, clip position 0.91 | damage fires at 0.42 | clip 0.84s => damage fires 410 ms BEFORE the club is closest
[  4530   26.556 x1.00] LOG  [OniBoss] Recovery → Attack
[  4530   26.556 x1.00] LOG  [OniBoss] Attack: ClubSwing2 (16 dmg)
[  4530   26.556 x1.00] LOG  [OniBoss:Trail] ClubSwing2 trail START at clip 1.00 (transition still blending).
[  4600   26.892 x1.00] LOG  [CameraGameFeel] Shake: intensity=0.20 duration=0.250s
[  4600   26.892 x1.00] LOG  [Combat] Hit react: HitReact_Heavy_2Leg (0.9s, clip starts at 0.35s)
[  4600   26.892 x1.00] LOG  [CameraGameFeel] Shake: intensity=0.60 duration=0.200s
[  4600   26.892 x1.00] LOG  [CameraGameFeel] FOV punch: player damage (-3.0°)
[  4600   26.892 x1.00] LOG  [OniBoss] Hit player for 24 (ClubSwing2) [combo x1.50]
[  4600   26.892 x1.00] LOG  [OniBoss:Touch] ClubSwing2: club TOUCHED Yoru at clip 0.29 — shaft 0.65m from her body line, tip speed 99m/s, ONE FRAME EARLY (predicted). Full club hit delivered this frame.
[  4601   26.898 x1.00] LOG  [HitReactTrace] asked for 'HitReact_Heavy_2Leg' (0.90s, clip start 0.35s): NOT playing it, another state took the combat layer, blend resolved after 6 ms, state 1.00s long at speed 1.00, now at 0.46s, layer weight 1.00, animator.speed 1.00.
[  4609   26.939 x1.00] LOG  [OniBoss:ClubPos] ClubSwing2 at strike: club tip 0.12m up, 1.75m in front, 2.48m to his right (3.04m out from his centre). Club faces 8deg from his forward, pitch -0.88. (the ground wave is born 1.6m in front of him at 0.35m.)
[  4609   26.939 x1.00] LOG  [OniBoss:Layer] ClubSwing2: club already hit — ground wave released as VISUAL only (0 damage), finisher size x2.0.
[  4775   27.717 x1.00] LOG  [OniBoss] Attack → Recovery
[  4775   27.717 x1.00] LOG  [OniBoss] Playing animation: Watch
[  4775   27.717 x1.00] LOG  [OniBoss:Trail] trail END at clip 0.99, fading over 0.40s.
[  4775   27.717 x1.00] LOG  [OniBoss:Strike] ClubSwing2: club tip closest to Yoru at 0.51m, clip position 0.30 | damage fires at 0.32 | clip 1.17s => MATCHED (within one or two frames)
[  4808   27.868 x1.00] LOG  [OniBoss] Recovery → Chase
[  4809   27.871 x1.00] LOG  [OniBoss] hold-ground: BACKSTEP 1.5m (player 3.0m)
[  4850   28.186 x1.00] LOG  [StormWeather] terrain layers restored to dry values.
# end — 247 lines
