# Oni combat log — 2026-09-26 16:19:45
# Unity 6000.2.7f2 | scene 'DemoScene_BlueNight' | platform OSXEditor
# columns: [frame realSeconds timeScale] KIND message      (KIND: LOG WARN ERR EXC TEL)
#
[     0    0.000 x1.00] LOG  [OniLog] console + telemetry → /Users/asenahazal/Documents/Yoru/OniLogs/oni_2026-09-26_16-19-45.log
[     1    0.000 x1.00] LOG  [VolumetricFogController] Found VolumetricFog component on mainCamera (1)
[     1    0.000 x1.00] LOG  [VolumetricFogController] Reflection init: density=True, height=True, baselineHeight=True, alpha=True, noiseStrength=True, lightScatteringExposure=True
[     1    0.000 x1.00] LOG  [VolumetricFogController] Initialized with Neutral preset (height=6, baselineHeight=0)
[     1    0.000 x1.00] WARN [VolumetricFogController] WorldStateManager not found!
[     1    0.000 x1.00] LOG  [Camera] DOF auto-control on 1 volume(s): Post-Processing Volume. Off below 4 m, on above. Focus follows Yoru (1 m above her feet).
[     1    0.000 x1.00] LOG  [TailAirShot4Leg] Ready. drawState=shoot_4Leg castParam=Shoot4LegSpeed (found) readyFrame=5 fireFrame=10 frames=24 slowBudget=3s real damageMultiplier=2.00
  arrow leaves: PlayerYoru_1.1/Cat_All_10_Tails_v4/Group/DeformationSystem/root/Root_M/Tail15_R/Tail151_R/Tail152_R/Tail153_R/Tail154_R/Tail155_R/Tail156_R/Tail157_R/Tail158_R/Tail159_R/Tail1510_R/Tail1511_R/Tail1512_R/Tail6_R/Tail6_R_end/Tail6_R_end_end/Tail6_R_end_end_end/RightTailTip_Anchor
  aim VFX left:  PlayerYoru_1.1/Cat_All_10_Tails_v4/Group/DeformationSystem/root/Root_M/Tail15_L/Tail151_L/Tail152_L/Tail153_L/Tail154_L/Tail155_L/Tail156_L/Tail157_L/Tail158_L/Tail159_L/Tail1510_L/Tail1511_L/Tail1512_L/Tail6_L/Tail6_L_end/Tail6_L_end_end/Tail6_L_end_end_end/LeftTailTip_Anchor/Glow_4Leg_L
  aim VFX right: PlayerYoru_1.1/Cat_All_10_Tails_v4/Group/DeformationSystem/root/Root_M/Tail15_R/Tail151_R/Tail152_R/Tail153_R/Tail154_R/Tail155_R/Tail156_R/Tail157_R/Tail158_R/Tail159_R/Tail1510_R/Tail1511_R/Tail1512_R/Tail6_R/Tail6_R_end/Tail6_R_end_end/Tail6_R_end_end_end/RightTailTip_Anchor/Glow_4Leg_R
[     1    0.000 x1.00] LOG  [TailAirShot] Ready. drawState=RightTail_Fast castParam=TailCastSpeed (found)
  arrow leaves: PlayerYoru_1.1/Cat_All_10_Tails_v4/Group/DeformationSystem/root/Root_M/Tail15_R/Tail151_R/Tail152_R/Tail153_R/Tail154_R/Tail155_R/Tail156_R/Tail157_R/Tail158_R/Tail159_R/Tail1510_R/Tail1511_R/Tail1512_R/Tail6_R/Tail6_R_end/Tail6_R_end_end/Tail6_R_end_end_end/RightTailTip_Anchor
  aim VFX: PlayerYoru_1.1/Cat_All_10_Tails_v4/Group/DeformationSystem/root/Root_M/Tail15_R/Tail151_R/Tail152_R/Tail153_R/Tail154_R/Tail155_R/Tail156_R/Tail157_R/Tail158_R/Tail159_R/Tail1510_R/Tail1511_R/Tail1512_R/Tail6_R/Tail6_R_end/Tail6_R_end_end/Tail6_R_end_end_end/RightTailTip_Anchor/vfx_Muzzle_Fireball01Blue
[     1    0.000 x1.00] LOG  [PlayerCombat] Phase 2 form gate CONNECTED (FormController found on this GameObject).
[     1    0.000 x1.00] LOG  [Combat] PlayerCombat initialized, Phase 3C v27
[     1    0.000 x1.00] LOG  [RingMesh] VFX Status:
[     1    0.000 x1.00] LOG    Left: Prefab=✓, Spawn=Tail6_L_end_end_end
[     1    0.000 x1.00] LOG    Right: Prefab=✓, Spawn=Tail6_R_end_end_end
[     1    0.000 x1.00] LOG  === VFX MANAGER INITIALIZED ===
[     1    0.000 x1.00] LOG  Auto-detect animations: False
[     1    0.000 x1.00] LOG  Parent effects to tail: True
[     1    0.000 x1.00] LOG  Prefabs: Jump=True, Land=True, LTail=True, RTail=True
[     1    0.000 x1.00] LOG  ✅ Left Tail Tip: LeftTailTip_Anchor
[     1    0.000 x1.00] LOG  ✅ Right Tail Tip: RightTailTip_Anchor
[     1    0.000 x1.00] LOG  GhostEffect3D: Setup complete - 1 materials prepared
[     1    0.000 x1.00] LOG  GhostEffect3D Setup: Renderers: 1, Materials: 1
[     1    0.000 x1.00] LOG  Yuki Setup: Found 1 hiding spots
[     1    0.000 x1.00] LOG  === APPEARING NEAR ELEMENT 0 === Distance 6.2m from PF_EastLands_Lamp_Tall_Moss (22)
[     1    0.000 x1.00] LOG  === GAME STARTED === Element 0, Round 1
[     1    0.000 x1.00] WARN [YoruFurWeather] no XFur Weather Manager in this scene, made a runtime one at rain 0 so her fur cannot soak by default.
[     1    0.000 x1.00] LOG  [YoruFurWeather] fur weather ready on 'XFur Weather (runtime fallback)'. Rain 0, wind 0.50 in the open, roof check 30 m above her. No StormWeather in this scene: calm wind and a dry floor.
[     1    0.000 x1.00] LOG  [CameraGameFeel] CameraGameFeel initialized (shake + FOV)
[     1   14.073 x1.00] LOG  [EyeGlow] first reading: light on her 0.24 (sun 0.14 clear, sky 0.10 open, the scene's sun 'Directional Light') -> eyes x1.00
[     1   14.073 x1.00] LOG  [EyeGlow] last 10 s: 1 readings, light on her 0.24 to 0.24 (sun 0.14 clear 100%, sky 0.10 open 100%), eyes x1.00
[   112   17.777 x1.00] LOG  === NOW WAITING === Near Element 0 for player to get close (detection range: 8)
[   708   24.139 x1.00] LOG  === YUKI RUNNING TO SPOT === Element 0: PF_EastLands_Lamp_Tall_Moss (22)
[   722   24.286 x1.00] LOG  [EyeGlow] last 10 s: 32 readings, light on her 0.24 to 0.24 (sun 0.14 clear 100%, sky 0.10 open 100%), eyes x1.00
[   735   24.423 x1.00] LOG  🐾 4-LEG JUMP #0
[   735   24.423 x1.00] LOG  🐾 Jump 1 VFX spawned!
[   770   24.781 x1.00] LOG  🐾 4-LEG JUMP #1
[   770   24.781 x1.00] LOG  🐾 Jump 2 VFX spawned!
[   795   25.038 x1.00] LOG  🐾 4-LEG JUMP #2
[   795   25.038 x1.00] LOG  🐾 Jump 3 VFX spawned!
[   795   25.038 x1.00] LOG  🚫 Max jumps reached!
[   887   25.995 x1.00] LOG  💨 Landing VFX spawned!
[   887   25.995 x1.00] LOG  ✅ LANDED! (was jump #3)
[   948   26.621 x1.00] LOG  [Combat] Dodge: Dodge_4Leg (3m, 4leg)
[   948   26.621 x1.00] LOG  [AirPosePin] engaged, holding body at 0.821m above the transform
[  1017   27.320 x1.00] LOG  [Combat] Dodge early exit at 86% (movement input)
[  1017   27.320 x1.00] LOG  [DodgeTrace] 4leg flip: clip 0.80s, ran 0.71s, asked 3.0m, actually moved 2.64m forward and rose 2.20m at the peak (Dodge Height 1.5), travel never completed (cut short).
[  1017   27.320 x1.00] LOG  [Combat] Dodge ended
[  1017   27.320 x1.00] LOG  [AirPosePin] released, peak correction was -0.588m
[  1024   27.395 x1.00] LOG  💨 Landing VFX spawned!
[  1024   27.395 x1.00] LOG  ✅ LANDED! (was jump #0)
[  1056   27.737 x1.00] LOG  [Combat] Dash: DodgeDash_4Leg (4.5m, 20 dmg, 4leg)
[  1056   27.737 x1.00] LOG  [YoruVFX] dash trail 'LightningFloorPurpleTrail 1' started, riding with her
[  1056   27.737 x1.00] LOG  [Combat] Dash movement: 4.5m over 0.40s (Dash Move Duration) = 11.3 m/s
[  1096   28.145 x1.00] LOG  [Combat] Dash done: ground dash, grounded 40/40 frames, pose pin off, pin correction now 0.000m, manual lift 0.150m, controller height wobble 15.4cm
[  1096   28.145 x1.00] LOG  [Combat] Dash ended
[  1213   29.356 x1.00] LOG  [Combat] Dash: DodgeDash_2Leg (4m, 20 dmg, 2leg)
[  1213   29.356 x1.00] LOG  [YoruVFX] dash trail 'LightningFloorPurpleTrail 1' started, riding with her
[  1213   29.356 x1.00] LOG  [Combat] Dash movement: 4.0m over 0.40s (Dash Move Duration) = 10.0 m/s
[  1213   29.356 x1.00] LOG  [AirPosePin] engaged, holding body at 0.544m above the transform
[  1226   29.503 x1.00] LOG  [AirPosePin] released, peak correction was 0.000m
[  1227   29.513 x1.00] LOG  💨 Landing VFX spawned!
[  1251   29.766 x1.00] LOG  [Combat] Dash done: ground dash, grounded 25/38 frames, pose pin off, pin correction now 0.000m, manual lift 0.150m, controller height wobble 21.1cm
[  1251   29.766 x1.00] LOG  [Combat] Dash ended
[  1252   29.776 x1.00] LOG  ✅ LANDED! (was jump #0)
[  1267   29.930 x1.00] LOG  === REACHED FINAL SPOT === Element 0, waiting for discovery
[  1285   30.112 x1.00] LOG  [Combat] Dodge: Dodge_2Leg (4m, 2leg)
[  1285   30.112 x1.00] LOG  [AirPosePin] engaged, holding body at 0.604m above the transform
[  1350   30.791 x1.00] LOG  [DodgeTrace] 2leg flip: clip 0.67s, ran 0.69s, asked 4.0m, actually moved 4.07m forward and rose 1.50m at the peak (Dodge Height 1.5), travel finished at 0.69s, leaving 0.00s of clip with nothing moving.
[  1350   30.791 x1.00] LOG  [Combat] Dodge ended
[  1350   30.791 x1.00] LOG  [AirPosePin] released, peak correction was -0.012m
[  1356   30.857 x1.00] LOG  💨 Landing VFX spawned!
[  1356   30.857 x1.00] LOG  ✅ LANDED! (was jump #0)
[  1394   31.275 x1.00] LOG  [Combat] Combo 1: 10 dmg
[  1394   31.275 x1.00] LOG  [ComboTrace] START step=1 state='Combo1' queued=0 target=none: no collider on enemyLayer within 8m
[  1394   31.275 x1.00] LOG  [ComboTrace] LAUNCH STEP (no enemy) dist=0.90m in 0.13s
[  1406   31.411 x1.00] LOG  [ComboTrace] LAUNCH RESULT wanted=0.90m actually moved=0.90m, completed
[  1408   31.433 x1.00] LOG  [Combat] Queued click #1 (combo 1)
[  1408   31.433 x1.00] LOG  [ComboTrace] QUEUED #1 during step 1
[  1422   31.581 x1.00] LOG  [Combat] Queued click #2 (combo 1)
[  1422   31.581 x1.00] LOG  [ComboTrace] QUEUED #2 during step 1
[  1439   31.759 x1.00] LOG  [ComboTrace] CLICK IGNORED (step=1 queued=2)
[  1450   31.871 x1.00] LOG  🐾 VFX_AttackPaw triggered!
[  1454   31.915 x1.00] LOG  [ComboTrace] CLICK IGNORED (step=1 queued=2)
[  1460   31.978 x1.00] LOG  [Combat] Combo 2: 20 dmg
[  1460   31.978 x1.00] LOG  [ComboTrace] START step=2 state='Combo2' queued=1 target=none: no collider on enemyLayer within 8m
[  1460   31.978 x1.00] LOG  [ComboTrace] LAUNCH STEP (no enemy) dist=0.90m in 0.13s
[  1470   32.084 x1.00] LOG  [Combat] Queued click #2 (combo 2)
[  1470   32.084 x1.00] LOG  [ComboTrace] QUEUED #2 during step 2
[  1473   32.115 x1.00] LOG  [ComboTrace] LAUNCH RESULT wanted=0.90m actually moved=0.90m, completed
[  1487   32.265 x1.00] LOG  [ComboTrace] CLICK IGNORED (step=2 queued=2)
[  1506   32.463 x1.00] LOG  [ComboTrace] CLICK IGNORED (step=2 queued=2)
[  1520   32.611 x1.00] LOG  🐾🐾 VFX_TowPaw triggered!
[  1522   32.632 x1.00] LOG  [ComboTrace] CLICK IGNORED (step=2 queued=2)
[  1537   32.791 x1.00] LOG  [ComboTrace] CLICK IGNORED (step=2 queued=2)
[  1556   32.987 x1.00] LOG  [ComboTrace] CLICK IGNORED (step=2 queued=2)
[  1556   32.987 x1.00] LOG  🐾🐾 VFX_TowPaw triggered!
[  1558   33.011 x1.00] LOG  [Combat] Combo 3: 35 dmg
[  1558   33.011 x1.00] LOG  [ComboTrace] START step=3 state='Combo3' queued=1 target=none: no collider on enemyLayer within 8m
[  1558   33.011 x1.00] LOG  [ComboTrace] LAUNCH STEP (no enemy) dist=0.90m in 0.13s
[  1558   33.011 x1.00] LOG  [YoruVFX] Ground hazard: 'VFX_Void_Area_GroundSpinYORU' laid at GroundVFX ((830.53, 99.46, 1041.12)), floor tilt 13.0 deg, 17 delays shifted by 2.00s, own lifetime 8.98s
[  1558   33.011 x1.00] LOG  [Combat] Hazard zone laid: 8.98s, 25 dmg every 0.50s in 2.00m
[  1570   33.142 x1.00] LOG  [ComboTrace] LAUNCH RESULT wanted=0.90m actually moved=0.90m, completed
[  1572   33.172 x1.00] LOG  [ComboTrace] CLICK IGNORED (step=3 queued=1)
[  1591   33.371 x1.00] LOG  [ComboTrace] CLICK IGNORED (step=3 queued=1)
[  1632   33.791 x1.00] LOG  [ComboTrace] END step=3 clipProgress=0.95 clipLen=0.79s queued=0 elapsed=0.78s
[  1651   33.986 x1.00] LOG  🚶 2-LEG JUMP
[  1651   33.986 x1.00] LOG  🐾 Jump 1 VFX spawned!
[  1688   34.372 x1.00] LOG  [ComboTrace] LAUNCH STEP (no enemy) dist=0.90m in 0.13s [AIRBORNE]
[  1688   34.372 x1.00] LOG  [Combat] Aerial spin, 25 dmg
[  1688   34.372 x1.00] LOG  [YoruVFX] Air spin: 'VFX_Void_Burst_AirSpinYoru' at CenterVFX, 46 systems, longest 1.00s fitted to 0.79s at speed 1.27, 8 forced Local, 38 delays zeroed, tail 2.37s
[  1688   34.372 x1.00] LOG  [AirPosePin] engaged, holding body at 1.739m above the transform
[  1695   34.465 x1.00] LOG  [EyeGlow] last 10 s: 40 readings, light on her 0.24 to 0.24 (sun 0.14 clear 100%, sky 0.10 open 100%), eyes x1.00
[  1699   34.511 x1.00] LOG  [ComboTrace] LAUNCH RESULT wanted=0.90m actually moved=0.96m, completed
[  1735   34.912 x1.00] LOG  💨 Landing VFX spawned!
[  1735   34.912 x1.00] LOG  ✅ LANDED! (was jump #1)
[  1735   34.912 x1.00] LOG  [AirPosePin] released, peak correction was 0.081m
[  1749   35.061 x1.00] LOG  [YoruVFX] Spin VFX stopped, fading for 2.37s
[  1752   35.091 x1.00] LOG  [ComboTrace] END step=3 clipProgress=0.91 clipLen=0.79s queued=0 elapsed=0.72s
[  1757   35.142 x1.00] LOG  🚶 2-LEG JUMP
[  1757   35.142 x1.00] LOG  🐾 Jump 1 VFX spawned!
[  1806   35.654 x1.00] LOG  [ComboTrace] LAUNCH STEP (no enemy) dist=0.90m in 0.13s [AIRBORNE]
[  1806   35.654 x1.00] LOG  [Combat] Aerial spin, 25 dmg
[  1806   35.654 x1.00] LOG  [YoruVFX] Air spin: 'VFX_Void_Burst_AirSpinYoru' at CenterVFX, 46 systems, longest 1.00s fitted to 0.79s at speed 1.27, 8 forced Local, 38 delays zeroed, tail 2.37s
[  1806   35.654 x1.00] LOG  [AirPosePin] engaged, holding body at 2.055m above the transform
[  1818   35.788 x1.00] LOG  [ComboTrace] LAUNCH RESULT wanted=0.90m actually moved=0.95m, completed
[  1844   36.079 x1.00] LOG  💨 Landing VFX spawned!
[  1844   36.079 x1.00] LOG  ✅ LANDED! (was jump #1)
[  1844   36.079 x1.00] LOG  [AirPosePin] released, peak correction was 0.088m
[  1869   36.343 x1.00] LOG  [YoruVFX] Spin VFX stopped, fading for 2.37s
[  1872   36.373 x1.00] LOG  [ComboTrace] END step=3 clipProgress=0.91 clipLen=0.79s queued=0 elapsed=0.72s
# end — 129 lines
