# Oni combat log — 2026-08-20 22:20:46
# Unity 6000.2.7f2 | scene 'CaveScene_Oni_Boss1' | platform OSXEditor
# columns: [frame realSeconds timeScale] KIND message      (KIND: LOG WARN ERR EXC TEL)
#
[     0    0.000 x1.00] LOG  [OniLog] console + telemetry → /Users/asenahazal/Documents/Yoru/OniLogs/oni_2026-08-20_22-20-46.log
[     1    0.000 x1.00] LOG  [TailAirShot4Leg] Ready. drawState=shoot_4Leg castParam=Shoot4LegSpeed (found) readyFrame=5 fireFrame=10 frames=24 slowBudget=3s real damageMultiplier=2.00
  arrow leaves: PlayerYoru_1.1/Cat_All_10_Tails_v4/Group/DeformationSystem/root/Root_M/Tail15_R/Tail151_R/Tail152_R/Tail153_R/Tail154_R/Tail155_R/Tail156_R/Tail157_R/Tail158_R/Tail159_R/Tail1510_R/Tail1511_R/Tail1512_R/Tail6_R/Tail6_R_end/Tail6_R_end_end/Tail6_R_end_end_end/RightTailTip_Anchor
  aim VFX left:  PlayerYoru_1.1/Cat_All_10_Tails_v4/Group/DeformationSystem/root/Root_M/Tail15_L/Tail151_L/Tail152_L/Tail153_L/Tail154_L/Tail155_L/Tail156_L/Tail157_L/Tail158_L/Tail159_L/Tail1510_L/Tail1511_L/Tail1512_L/Tail6_L/Tail6_L_end/Tail6_L_end_end/Tail6_L_end_end_end/LeftTailTip_Anchor/Glow_4Leg_L
  aim VFX right: PlayerYoru_1.1/Cat_All_10_Tails_v4/Group/DeformationSystem/root/Root_M/Tail15_R/Tail151_R/Tail152_R/Tail153_R/Tail154_R/Tail155_R/Tail156_R/Tail157_R/Tail158_R/Tail159_R/Tail1510_R/Tail1511_R/Tail1512_R/Tail6_R/Tail6_R_end/Tail6_R_end_end/Tail6_R_end_end_end/RightTailTip_Anchor/Glow_4Leg_R
[     1    0.000 x1.00] LOG  [TailAirShot] Ready. drawState=RightTail_Fast castParam=TailCastSpeed (found)
  arrow leaves: PlayerYoru_1.1/Cat_All_10_Tails_v4/Group/DeformationSystem/root/Root_M/Tail15_R/Tail151_R/Tail152_R/Tail153_R/Tail154_R/Tail155_R/Tail156_R/Tail157_R/Tail158_R/Tail159_R/Tail1510_R/Tail1511_R/Tail1512_R/Tail6_R/Tail6_R_end/Tail6_R_end_end/Tail6_R_end_end_end/RightTailTip_Anchor
  aim VFX: PlayerYoru_1.1/Cat_All_10_Tails_v4/Group/DeformationSystem/root/Root_M/Tail15_R/Tail151_R/Tail152_R/Tail153_R/Tail154_R/Tail155_R/Tail156_R/Tail157_R/Tail158_R/Tail159_R/Tail1510_R/Tail1511_R/Tail1512_R/Tail6_R/Tail6_R_end/Tail6_R_end_end/Tail6_R_end_end_end/RightTailTip_Anchor/vfx_Muzzle_Fireball01Blue
[     1    0.000 x1.00] LOG  [PlayerCombat] Phase 2 form gate CONNECTED (FormController found on this GameObject).
[     1    0.000 x1.00] LOG  [Combat] PlayerCombat initialized — Phase 3C v27
[     1    0.000 x1.00] LOG  [RingMesh] VFX Status:
[     1    0.000 x1.00] LOG    Left: Prefab=✓, Spawn=Tail6_L_end_end_end
[     1    0.000 x1.00] LOG    Right: Prefab=✓, Spawn=Tail6_R_end_end_end
[     1    0.000 x1.00] LOG  === VFX MANAGER INITIALIZED ===
[     1    0.000 x1.00] LOG  Auto-detect animations: False
[     1    0.000 x1.00] LOG  Parent effects to tail: True
[     1    0.000 x1.00] LOG  Prefabs: Jump=True, Land=True, LTail=True, RTail=True
[     1    0.000 x1.00] LOG  ✅ Left Tail Tip: LeftTailVFX
[     1    0.000 x1.00] LOG  ✅ Right Tail Tip: RightTailTip_Anchor
[     1    0.000 x1.00] LOG  [StormWeather] layer 'TerrainLayer_Dirt_01' dry smoothness=0.00 (restore to this if a crash ever leaves it wet)
[     1    0.000 x1.00] LOG  [StormWeather] Ready. Rain on, floor drying... wait, soaking.
[     1    0.000 x1.00] LOG  [FreezeDebug v3] Armed. Manual=L. Auto=True. Buffer=60 snaps @ 0.1s = 6.0s history.
[     1    0.000 x1.00] LOG  [BossBar] BossHealthBarUI initialized
[     1    0.000 x1.00] LOG  OniBoss initialized with 500 HP
[     1    0.000 x1.00] LOG  [OniBoss] ANIMATOR SETUP: cullingMode=CullUpdateTransforms updateMode=Normal applyRootMotion=False speed=1
[     1    0.000 x1.00] LOG  [OniBoss] Initialized
[     1    0.000 x1.00] LOG  [OniBoss:Layer] facing: minFlat 1m, snapOnAttack off, trackInHitReact off
[     1    0.000 x1.00] LOG  [OniBoss:Layer] Yoru launch model ON: launches ALL THE WAY to an enemy within 4.7m of its surface at 10m/s (stop gap 0.00m, NO minimum distance), else steps 0.90m forward. Targeting cone left exactly as her prefab has it.
[     1    0.000 x1.00] LOG  [OniBoss:Layer] Yoru launch ROUND 9: airborne attacks launch too (ON), edge probe now runs on its OWN layer mask (Everything) instead of the line-of-sight mask - the Ground-only mask found no floor in this cave and was cancelling 100% of launches at 0.00m travelled.
[     1    0.000 x1.00] LOG  [OniBoss:Layer] animator speed x1.35 — his 1.13s swing now plays in 0.84s.
[     1    0.000 x1.00] LOG  [OniBoss:Layer] chase speed pushed: phase1 4.5, phase2 5.5 (Yoru runs at 7).
[     1    0.000 x1.00] LOG  [OniBoss:Layer] swing wave ON: 8 dmg out to 5.5m in a 120deg arc, only when the club itself missed. VFX NOT SET — damage only. PlayerHealth found.
[     1    0.000 x1.00] LOG  [OniBoss:Layer] strike contact measurement ON — tracking 'Kanabo3' at depth 4.
[     1    0.000 x1.00] LOG  [OniBoss:Layer] skinned meshes: 46 renderer(s), updateWhenOffscreen ON, body renderer 'Body' rootBone 'Hips'
[     1    0.000 x1.00] LOG  [OniBoss:Layer] charge travel bone: 'Hips' at depth 1 under 'OniBoss', rest local (0.00, 3.24, -0.24)
[     1    0.000 x1.00] LOG  [OniBoss:Layer] charge drive ON (windup to 0.40 at x1.3, rush 14m/s stops at 2.6m, steers 0.35s then commits, strike section from 0.58, strike moment 0.76, trail VFX off)
[     1    0.000 x1.00] LOG  [OniBoss:Layer] attack armor ON (his swings are not interrupted by light/medium hits; heavy hits and rapid-hit bursts still stop him)
[     1    0.000 x1.00] LOG  [OniBoss:Layer] strike moments overridden: Club_Swing=0.55 ClubSwing2=0.32 ClubSlam=0.52 KanaboSweep=0.48
[     1    0.000 x1.00] LOG  [OniBoss:Layer] hold-ground ON (backstep 1.5m @ 1.6m/s after own attacks, watch 'Watch', attack facing LOCKED)
[     1    0.000 x1.00] LOG  [OniBoss:Layer] OniBoss layer ready (reactions, wake-on-hit, watch stance, boss bar). player=found
[     1    0.000 x1.00] WARN [OniBoss] animator state 'KanaboSweep' uses the SAME clip as 'Idle' — the sweep attack plays the idle pose. Drag the 'Oni Kanabo sweep' clip onto KanaboSweep's Motion field.
[     1    0.000 x1.00] LOG  [OniBoss:Layer] charge clip 'Oni Charge.fbx' imports with Root Motion Node = None (in place) — good.
[     1    0.000 x1.00] LOG  [OniBoss:Layer] clips importing with Root Transform Position (Y) NOT baked into pose (12): Oni_Alert(Oni Alert), Club_Slam(Oni Club Slam), Club_Swing(Oni Club Swing), Club_swing2(Oni Club Swing 2), Death(Oni Death Kneel), Hit_react_light(Oni Hit react lighter light), KanaboSweep(Oni Idle), Phase_Transition(Oni Phase transition), run(Oni Run), Walk(Oni Walk), Watch(Oni Watch), Idle(Oni Idle) — their hips' up/down motion is stripped (see round notes; optional).
[     1    0.000 x1.00] LOG  [VolumetricFogController] Found VolumetricFog component on mainCamera (1)
[     1    0.000 x1.00] LOG  [VolumetricFogController] Reflection init: density=True, height=True, baselineHeight=True, alpha=True, noiseStrength=True, lightScatteringExposure=True
[     1    0.000 x1.00] LOG  [VolumetricFogController] Initialized with Neutral preset (height=60, baselineHeight=0)
[     1    0.000 x1.00] WARN [VolumetricFogController] WorldStateManager not found!
[     1    0.000 x1.00] LOG  [CameraGameFeel] CameraGameFeel initialized (shake + FOV)
[     1    2.059 x1.00] LOG  [OniBoss] Playing animation: Idle
[    51    2.774 x1.00] LOG  💨 Landing VFX spawned!
[    51    2.774 x1.00] LOG  ✅ LANDED! (was jump #0)
[   433    4.660 x1.00] LOG  
==================== [FREEZE-DEBUG v3] ====================
  Reason : WASD-NOMOVE: WASD recent + speed 0.00m/s for 0.40s
  Time   : 2.168s   Frame: 433   Snaps: 22
===========================================================

--- CURRENT STATE ---
  Flags: atk=False hvy=False dod=False dsh=False
         grd=False hit=False aerial=False lockPos=False
         comboStep=0
  Anim : speed=1.00  combatLayer hash=-792875657 normT=2.164 weight=1.00 inTransition=False
  CC   : grounded=True  enabled=True  pos=(475.22, 1.25, 427.23)  vel=(0.00, 0.00, 0.00)
  Move : IsRunning=False
  Input: H=1.00 V=0.00  LMB=False MMB=False Q=False Sp=False Sh=False C=False
         WASD pressed in last 0.5s: True (last 0.00s ago)

--- FLIGHT RECORDER (22 snapshots, oldest first, dt=0.10s) ---
  Legend: flags = A(tk) H(vy) D(od) S(sh) G(rd) R(eact) Y(aerial) L(ock)   gnd/cc: Y/n
  t-now    flags     step gnd cc anSp normT layW tr | posX     posZ     spd   | H    V    LMB MMB Q  Sp Sh C
  ------   --------  ---- --- -- ---- ----- ---- -- | -----    -----    ----  | ---- ---- --- --- -- -- -- -
  - 2.17s  --------    0  n   Y  1.00  0.00 1.00 -  |   474.5    427.2  0.00 |  0.0  0.0 0   0   0  0  0  0
  - 2.07s  --------    0  n   Y  1.00  0.10 1.00 -  |   474.5    427.2  0.00 |  0.0  0.0 0   0   0  0  0  0
  - 1.96s  --------    0  n   Y  1.00  0.19 1.00 -  |   474.5    427.2  0.00 |  0.0  0.0 0   0   0  0  0  0
  - 1.86s  --------    0  Y   Y  1.00  0.31 1.00 -  |   474.5    427.2  0.00 |  0.0  0.0 0   0   0  0  0  0
  - 1.76s  --------    0  Y   Y  1.00  0.41 1.00 -  |   474.5    427.2  0.00 |  0.0  0.0 0   0   0  0  0  0
  - 1.65s  --------    0  Y   Y  1.00  0.51 1.00 -  |   474.5    427.2  0.00 |  0.0  0.0 0   0   0  0  0  0
  - 1.55s  --------    0  Y   Y  1.00  0.61 1.00 -  |   474.5    427.2  0.00 |  0.0  0.0 0   0   0  0  0  0
  - 1.44s  --------    0  Y   Y  1.00  0.72 1.00 -  |   474.5    427.2  0.00 |  0.0  0.0 0   0   0  0  0  0
  - 1.34s  --------    0  Y   Y  1.00  0.82 1.00 -  |   474.5    427.2  0.00 |  0.0  0.0 0   0   0  0  0  0
  - 1.24s  --------    0  Y   Y  1.00  0.92 1.00 -  |   474.5    427.2  0.00 |  0.0  0.0 0   0   0  0  0  0
  - 1.14s  --------    0  Y   Y  1.00  1.02 1.00 -  |   474.5    427.2  0.00 |  0.0  0.0 0   0   0  0  0  0
  - 1.03s  --------    0  Y   Y  1.00  1.13 1.00 -  |   474.5    427.2  0.00 |  0.0  0.0 0   0   0  0  0  0
  - 0.93s  --------    0  Y   Y  1.00  1.23 1.00 -  |   474.5    427.2  0.00 |  0.0  0.0 0   0   0  0  0  0
  - 0.83s  --------    0  Y   Y  1.00  1.33 1.00 -  |   474.5    427.2  0.00 |  0.0  0.0 0   0   0  0  0  0
  - 0.73s  --------    0  Y   Y  1.00  1.43 1.00 -  |   474.5    427.2  0.00 |  0.0  0.0 0   0   0  0  0  0
  - 0.62s  --------    0  Y   Y  1.00  1.54 1.00 -  |   474.5    427.2  0.00 |  0.0  0.0 0   0   0  0  0  0
  - 0.52s  --------    0  Y   Y  1.00  1.64 1.00 -  |   474.5    427.2  0.00 |  0.0  0.0 0   0   0  0  0  0
  - 0.42s  --------    0  Y   Y  1.00  1.74 1.00 -  |   474.5    427.2  0.00 |  0.0  0.0 0   0   0  0  0  0
  - 0.32s  --------    0  Y   Y  1.00  1.84 1.00 -  |   474.6    427.2  0.00 |  1.0  0.0 0   0   0  0  0  0
  - 0.22s  --------    0  Y   Y  1.00  1.94 1.00 -  |   474.8    427.2  0.00 |  1.0  0.0 0   0   0  0  0  0
  - 0.12s  --------    0  Y   Y  1.00  2.04 1.00 -  |   475.0    427.2  0.00 |  1.0  0.0 0   0   0  0  0  0
  - 0.01s  --------    0  Y   Y  1.00  2.15 1.00 -  |   475.2    427.2  0.00 |  1.0  0.0 0   0   0  0  0  0
=========================================================== END

[   650    5.677 x1.00] LOG  🚶 2-LEG JUMP
[   650    5.677 x1.00] LOG  🐾 Jump 1 VFX spawned!
[   849    6.677 x1.00] LOG  💨 Landing VFX spawned!
[   849    6.677 x1.00] LOG  ✅ LANDED! (was jump #1)
[   895    6.921 x1.00] LOG  🚶 2-LEG JUMP
[   895    6.921 x1.00] LOG  🐾 Jump 1 VFX spawned!
[  1084    7.897 x1.00] LOG  💨 Landing VFX spawned!
[  1084    7.897 x1.00] LOG  ✅ LANDED! (was jump #1)
[  1417    9.521 x1.00] LOG  
==================== [FREEZE-DEBUG v3] ====================
  Reason : WASD-NOMOVE: WASD recent + speed 0.00m/s for 0.40s
  Time   : 7.029s   Frame: 1417   Snaps: 60
===========================================================

--- CURRENT STATE ---
  Flags: atk=False hvy=False dod=False dsh=False
         grd=False hit=False aerial=False lockPos=False
         comboStep=0
  Anim : speed=1.00  combatLayer hash=-792875657 normT=7.024 weight=1.00 inTransition=False
  CC   : grounded=True  enabled=True  pos=(482.42, 0.27, 427.23)  vel=(0.00, 0.00, 0.00)
  Move : IsRunning=True
  Input: H=-1.00 V=0.00  LMB=False MMB=False Q=False Sp=False Sh=True C=False
         WASD pressed in last 0.5s: True (last 0.00s ago)

--- FLIGHT RECORDER (60 snapshots, oldest first, dt=0.10s) ---
  Legend: flags = A(tk) H(vy) D(od) S(sh) G(rd) R(eact) Y(aerial) L(ock)   gnd/cc: Y/n
  t-now    flags     step gnd cc anSp normT layW tr | posX     posZ     spd   | H    V    LMB MMB Q  Sp Sh C
  ------   --------  ---- --- -- ---- ----- ---- -- | -----    -----    ----  | ---- ---- --- --- -- -- -- -
  - 6.10s  --------    0  Y   Y  1.00  0.92 1.00 -  |   474.5    427.2  0.00 |  0.0  0.0 0   0   0  0  0  0
  - 6.00s  --------    0  Y   Y  1.00  1.02 1.00 -  |   474.5    427.2  0.00 |  0.0  0.0 0   0   0  0  0  0
  - 5.89s  --------    0  Y   Y  1.00  1.13 1.00 -  |   474.5    427.2  0.00 |  0.0  0.0 0   0   0  0  0  0
  - 5.79s  --------    0  Y   Y  1.00  1.23 1.00 -  |   474.5    427.2  0.00 |  0.0  0.0 0   0   0  0  0  0
  - 5.69s  --------    0  Y   Y  1.00  1.33 1.00 -  |   474.5    427.2  0.00 |  0.0  0.0 0   0   0  0  0  0
  - 5.59s  --------    0  Y   Y  1.00  1.43 1.00 -  |   474.5    427.2  0.00 |  0.0  0.0 0   0   0  0  0  0
  - 5.48s  --------    0  Y   Y  1.00  1.54 1.00 -  |   474.5    427.2  0.00 |  0.0  0.0 0   0   0  0  0  0
  - 5.38s  --------    0  Y   Y  1.00  1.64 1.00 -  |   474.5    427.2  0.00 |  0.0  0.0 0   0   0  0  0  0
  - 5.28s  --------    0  Y   Y  1.00  1.74 1.00 -  |   474.5    427.2  0.00 |  0.0  0.0 0   0   0  0  0  0
  - 5.18s  --------    0  Y   Y  1.00  1.84 1.00 -  |   474.6    427.2  0.00 |  1.0  0.0 0   0   0  0  0  0
  - 5.08s  --------    0  Y   Y  1.00  1.94 1.00 -  |   474.8    427.2  0.00 |  1.0  0.0 0   0   0  0  0  0
  - 4.98s  --------    0  Y   Y  1.00  2.04 1.00 -  |   475.0    427.2  0.00 |  1.0  0.0 0   0   0  0  0  0
  - 4.87s  --------    0  Y   Y  1.00  2.15 1.00 -  |   475.2    427.2  0.00 |  1.0  0.0 0   0   0  0  0  0
  - 4.77s  --------    0  Y   Y  1.00  2.25 1.00 -  |   475.4    427.2  0.00 |  1.0  0.0 0   0   0  0  0  0
  - 4.67s  --------    0  Y   Y  1.00  2.36 1.00 -  |   475.6    427.2  0.00 |  1.0  0.0 0   0   0  0  0  0
  - 4.56s  --------    0  Y   Y  1.00  2.46 1.00 -  |   475.8    427.2  0.00 |  1.0  0.0 0   0   0  0  0  0
  - 4.46s  --------    0  Y   Y  1.00  2.56 1.00 -  |   476.0    427.2  0.00 |  1.0  0.0 0   0   0  0  0  0
  - 4.36s  --------    0  Y   Y  1.00  2.67 1.00 -  |   476.2    427.2  0.00 |  1.0  0.0 0   0   0  0  0  0
  - 4.26s  --------    0  Y   Y  1.00  2.77 1.00 -  |   476.4    427.2  0.00 |  1.0  0.0 0   0   0  0  0  0
  - 4.16s  --------    0  Y   Y  1.00  2.87 1.00 -  |   476.6    427.2  0.00 |  1.0  0.0 0   0   0  0  0  0
  - 4.06s  --------    0  Y   Y  1.00  2.97 1.00 -  |   476.8    427.2  0.00 |  1.0  0.0 0   0   0  0  0  0
  - 3.95s  --------    0  Y   Y  1.00  3.07 1.00 -  |   477.0    427.2  0.00 |  1.0  0.0 0   0   0  0  0  0
  - 3.85s  --------    0  Y   Y  1.00  3.17 1.00 -  |   477.2    427.2  0.00 |  1.0  0.0 0   0   0  0  0  0
  - 3.75s  --------    0  n   Y  1.00  3.27 1.00 -  |   477.5    427.2  0.00 |  1.0  0.0 0   0   0  1  0  0
  - 3.65s  --------    0  n   Y  1.00  3.38 1.00 -  |   477.8    427.2  0.00 |  1.0  0.0 0   0   0  0  0  0
  - 3.54s  --------    0  n   Y  1.00  3.48 1.00 -  |   478.1    427.2  0.00 |  1.0  0.0 0   0   0  0  0  0
  - 3.44s  --------    0  n   Y  1.00  3.58 1.00 -  |   478.4    427.2  0.00 |  1.0  0.0 0   0   0  0  0  0
  - 3.33s  --------    0  n   Y  1.00  3.69 1.00 -  |   478.7    427.2  0.00 |  1.0  0.0 0   0   0  0  0  0
  - 3.23s  --------    0  n   Y  1.00  3.79 1.00 -  |   479.0    427.2  0.00 |  1.0  0.0 0   0   0  0  0  1
  - 3.12s  --------    0  n   Y  1.00  3.90 1.00 -  |   479.4    427.2  0.00 |  1.0  0.0 0   0   0  0  0  0
  - 3.02s  --------    0  n   Y  1.00  4.00 1.00 -  |   479.7    427.2  0.00 |  1.0  0.0 0   0   0  0  0  0
  - 2.92s  --------    0  n   Y  1.00  4.10 1.00 -  |   480.0    427.2  0.00 |  1.0  0.0 0   0   0  0  0  0
  - 2.82s  --------    0  Y   Y  1.00  4.20 1.00 -  |   480.3    427.2  0.00 |  1.0  0.0 0   0   0  0  0  0
  - 2.71s  --------    0  Y   Y  1.00  4.31 1.00 -  |   480.5    427.2  0.00 |  1.0  0.0 0   0   0  0  0  0
  - 2.61s  --------    0  Y   Y  1.00  4.41 1.00 -  |   480.7    427.2  0.00 |  1.0  0.0 0   0   0  0  0  0
  - 2.51s  --------    0  n   Y  1.00  4.52 1.00 -  |   480.9    427.2  0.00 |  1.0  0.0 0   0   0  1  0  0
  - 2.41s  --------    0  n   Y  1.00  4.62 1.00 -  |   481.2    427.2  0.00 |  0.0  0.0 0   0   0  0  0  0
  - 2.31s  --------    0  n   Y  1.00  4.72 1.00 -  |   481.5    427.2  0.00 |  0.0  0.0 0   0   0  0  0  0
  - 2.20s  --------    0  n   Y  1.00  4.82 1.00 -  |   481.9    427.2  0.00 |  0.0  0.0 0   0   0  0  0  0
  - 2.10s  --------    0  n   Y  1.00  4.93 1.00 -  |   482.2    427.2  0.00 |  0.0  0.0 0   0   0  0  0  0
  - 1.99s  --------    0  n   Y  1.00  5.03 1.00 -  |   482.5    427.2  0.00 |  0.0  0.0 0   0   0  0  0  1
  - 1.89s  --------    0  n   Y  1.00  5.13 1.00 -  |   482.8    427.2  0.00 |  0.0  0.0 0   0   0  0  0  0
  - 1.79s  --------    0  n   Y  1.00  5.23 1.00 -  |   483.1    427.2  0.00 |  0.0  0.0 0   0   0  0  0  0
  - 1.69s  --------    0  n   Y  1.00  5.34 1.00 -  |   483.5    427.2  0.00 |  0.0  0.0 0   0   0  0  0  0
  - 1.58s  --------    0  Y   Y  1.00  5.44 1.00 -  |   483.6    427.2  0.00 |  0.0  0.0 0   0   0  0  0  0
  - 1.48s  --------    0  Y   Y  1.00  5.55 1.00 -  |   483.6    427.2  0.00 |  0.0  0.0 0   0   0  0  0  0
  - 1.38s  --------    0  Y   Y  1.00  5.64 1.00 -  |   483.6    427.2  0.00 |  0.0  0.0 0   0   0  0  0  0
  - 1.28s  --------    0  Y   Y  1.00  5.75 1.00 -  |   483.6    427.2  0.00 |  0.0  0.0 0   0   0  0  0  0
  - 1.18s  --------    0  Y   Y  1.00  5.85 1.00 -  |   483.6    427.2  0.00 |  0.0  0.0 0   0   0  0  0  0
  - 1.08s  --------    0  Y   Y  1.00  5.95 1.00 -  |   483.6    427.2  0.00 |  0.0  0.0 0   0   0  0  0  0
  - 0.97s  --------    0  Y   Y  1.00  6.05 1.00 -  |   483.6    427.2  0.00 |  0.0  0.0 0   0   0  0  0  0
  - 0.87s  --------    0  Y   Y  1.00  6.15 1.00 -  |   483.6    427.2  0.00 |  0.0  0.0 0   0   0  0  0  0
  - 0.77s  --------    0  Y   Y  1.00  6.25 1.00 -  |   483.6    427.2  0.00 |  0.0  0.0 0   0   0  0  0  0
  - 0.67s  --------    0  Y   Y  1.00  6.36 1.00 -  |   483.6    427.2  0.00 |  0.0  0.0 0   0   0  0  0  0
  - 0.57s  --------    0  Y   Y  1.00  6.46 1.00 -  |   483.6    427.2  0.00 |  0.0  0.0 0   0   0  0  0  0
  - 0.46s  --------    0  Y   Y  1.00  6.56 1.00 -  |   483.6    427.2  0.00 |  0.0  0.0 0   0   0  0  0  0
  - 0.36s  --------    0  Y   Y  1.00  6.67 1.00 -  |   483.6    427.2  0.00 | -1.0  0.0 0   0   0  0  0  0
  - 0.25s  --------    0  Y   Y  1.00  6.77 1.00 -  |   483.4    427.2  0.00 | -1.0  0.0 0   0   0  0  0  0
  - 0.15s  --------    0  Y   Y  1.00  6.87 1.00 -  |   483.2    427.2  0.00 | -1.0  0.0 0   0   0  0  0  0
  - 0.05s  --------    0  Y   Y  1.00  6.98 1.00 -  |   482.8    427.2  0.00 | -1.0  0.0 0   0   0  0  1  0
=========================================================== END

[  1497    9.891 x1.00] LOG  🚶 2-LEG JUMP
[  1497    9.891 x1.00] LOG  🐾 Jump 1 VFX spawned!
[  1669   10.738 x1.00] LOG  💨 Landing VFX spawned!
[  1669   10.738 x1.00] LOG  ✅ LANDED! (was jump #1)
[  1754   11.146 x1.00] LOG  🚶 2-LEG JUMP
[  1754   11.146 x1.00] LOG  🐾 Jump 1 VFX spawned!
[  1814   11.428 x1.00] LOG  [Combat] Dodge: Dodge_2Leg (3m, 2leg)
[  1814   11.428 x1.00] LOG  [AirPosePin] engaged, holding body at 1.459m above the transform
[  1932   12.000 x1.00] LOG  [Combat] Dodge early exit at 85% (movement input)
[  1932   12.000 x1.00] LOG  [DodgeTrace] 2leg flip: clip 0.67s, ran 0.58s, skipped 0.00s of wind-up, 3.0m — travel never completed (cut short).
[  1932   12.000 x1.00] LOG  [Combat] Dodge ended
[  1932   12.000 x1.00] LOG  [AirPosePin] released, peak correction was 0.737m
[  2004   12.356 x1.00] LOG  💨 Landing VFX spawned!
[  2004   12.356 x1.00] LOG  ✅ LANDED! (was jump #1)
[  2076   12.701 x1.00] LOG  🚶 2-LEG JUMP
[  2076   12.701 x1.00] LOG  🐾 Jump 1 VFX spawned!
[  2152   13.072 x1.00] LOG  [Combat] Dodge: Dodge_2Leg (3m, 2leg)
[  2152   13.072 x1.00] LOG  [AirPosePin] engaged, holding body at 1.905m above the transform
[  2264   13.648 x1.00] LOG  [Combat] Dodge early exit at 85% (movement input)
[  2264   13.648 x1.00] LOG  [DodgeTrace] 2leg flip: clip 0.67s, ran 0.58s, skipped 0.00s of wind-up, 3.0m — travel never completed (cut short).
[  2264   13.648 x1.00] LOG  [Combat] Dodge ended
[  2264   13.648 x1.00] LOG  [AirPosePin] released, peak correction was 1.185m
[  2327   13.978 x1.00] LOG  💨 Landing VFX spawned!
[  2327   13.978 x1.00] LOG  ✅ LANDED! (was jump #1)
[  2345   14.054 x1.00] LOG  
==================== [FREEZE-DEBUG v3] ====================
  Reason : WASD-NOMOVE: WASD recent + speed 0.00m/s for 0.40s
  Time   : 11.562s   Frame: 2345   Snaps: 60
===========================================================

--- CURRENT STATE ---
  Flags: atk=False hvy=False dod=False dsh=False
         grd=False hit=False aerial=False lockPos=False
         comboStep=0
  Anim : speed=1.00  combatLayer hash=-792875657 normT=0.401 weight=1.00 inTransition=False
  CC   : grounded=True  enabled=True  pos=(467.20, 0.00, 426.75)  vel=(0.00, 0.00, 0.00)
  Move : IsRunning=False
  Input: H=-1.00 V=0.00  LMB=False MMB=False Q=False Sp=False Sh=False C=False
         WASD pressed in last 0.5s: True (last 0.00s ago)

--- FLIGHT RECORDER (60 snapshots, oldest first, dt=0.10s) ---
  Legend: flags = A(tk) H(vy) D(od) S(sh) G(rd) R(eact) Y(aerial) L(ock)   gnd/cc: Y/n
  t-now    flags     step gnd cc anSp normT layW tr | posX     posZ     spd   | H    V    LMB MMB Q  Sp Sh C
  ------   --------  ---- --- -- ---- ----- ---- -- | -----    -----    ----  | ---- ---- --- --- -- -- -- -
  - 6.12s  --------    0  Y   Y  1.00  5.44 1.00 -  |   483.6    427.2  0.00 |  0.0  0.0 0   0   0  0  0  0
  - 6.01s  --------    0  Y   Y  1.00  5.55 1.00 -  |   483.6    427.2  0.00 |  0.0  0.0 0   0   0  0  0  0
  - 5.91s  --------    0  Y   Y  1.00  5.64 1.00 -  |   483.6    427.2  0.00 |  0.0  0.0 0   0   0  0  0  0
  - 5.81s  --------    0  Y   Y  1.00  5.75 1.00 -  |   483.6    427.2  0.00 |  0.0  0.0 0   0   0  0  0  0
  - 5.71s  --------    0  Y   Y  1.00  5.85 1.00 -  |   483.6    427.2  0.00 |  0.0  0.0 0   0   0  0  0  0
  - 5.61s  --------    0  Y   Y  1.00  5.95 1.00 -  |   483.6    427.2  0.00 |  0.0  0.0 0   0   0  0  0  0
  - 5.51s  --------    0  Y   Y  1.00  6.05 1.00 -  |   483.6    427.2  0.00 |  0.0  0.0 0   0   0  0  0  0
  - 5.40s  --------    0  Y   Y  1.00  6.15 1.00 -  |   483.6    427.2  0.00 |  0.0  0.0 0   0   0  0  0  0
  - 5.30s  --------    0  Y   Y  1.00  6.25 1.00 -  |   483.6    427.2  0.00 |  0.0  0.0 0   0   0  0  0  0
  - 5.20s  --------    0  Y   Y  1.00  6.36 1.00 -  |   483.6    427.2  0.00 |  0.0  0.0 0   0   0  0  0  0
  - 5.10s  --------    0  Y   Y  1.00  6.46 1.00 -  |   483.6    427.2  0.00 |  0.0  0.0 0   0   0  0  0  0
  - 5.00s  --------    0  Y   Y  1.00  6.56 1.00 -  |   483.6    427.2  0.00 |  0.0  0.0 0   0   0  0  0  0
  - 4.89s  --------    0  Y   Y  1.00  6.67 1.00 -  |   483.6    427.2  0.00 | -1.0  0.0 0   0   0  0  0  0
  - 4.79s  --------    0  Y   Y  1.00  6.77 1.00 -  |   483.4    427.2  0.00 | -1.0  0.0 0   0   0  0  0  0
  - 4.68s  --------    0  Y   Y  1.00  6.87 1.00 -  |   483.2    427.2  0.00 | -1.0  0.0 0   0   0  0  0  0
  - 4.58s  --------    0  Y   Y  1.00  6.98 1.00 -  |   482.8    427.2  0.00 | -1.0  0.0 0   0   0  0  1  0
  - 4.48s  --------    0  Y   Y  1.00  7.08 1.00 -  |   482.0    427.2  0.00 | -1.0  0.0 0   0   0  0  1  0
  - 4.38s  --------    0  Y   Y  1.00  7.17 1.00 -  |   481.3    427.2  0.00 | -1.0  0.0 0   0   0  0  1  0
  - 4.27s  --------    0  Y   Y  1.00  7.28 1.00 -  |   480.6    427.2  0.00 | -1.0  0.0 0   0   0  0  0  0
  - 4.17s  --------    0  Y   Y  1.00  7.39 1.00 -  |   480.4    427.2  0.00 | -1.0  0.0 0   0   0  0  0  0
  - 4.07s  --------    0  n   Y  1.00  7.49 1.00 -  |   480.1    427.2  0.00 | -1.0  0.0 0   0   0  0  0  0
  - 3.97s  --------    0  n   Y  1.00  7.59 1.00 -  |   479.8    427.2  0.00 | -1.0  0.0 0   0   0  0  0  0
  - 3.87s  --------    0  n   Y  1.00  7.69 1.00 -  |   479.5    427.2  0.00 | -1.0  0.0 0   0   0  0  0  0
  - 3.77s  --------    0  n   Y  1.00  7.79 1.00 -  |   479.2    427.2  0.00 | -1.0  0.0 0   0   0  1  0  0
  - 3.67s  --------    0  n   Y  1.00  7.89 1.00 -  |   478.9    427.2  0.00 | -1.0  0.0 0   0   0  1  0  0
  - 3.56s  --------    0  n   Y  1.00  8.00 1.00 -  |   478.6    427.2  0.00 | -1.0  0.0 0   0   0  0  0  0
  - 3.46s  --------    0  n   Y  1.00  8.10 1.00 -  |   478.3    427.2  0.00 | -1.0  0.0 0   0   0  0  0  0
  - 3.36s  --------    0  n   Y  1.00  8.20 1.00 -  |   478.0    427.2  0.00 | -1.0  0.0 0   0   0  0  0  0
  - 3.26s  --------    0  Y   Y  1.00  8.30 1.00 -  |   477.7    427.2  0.00 | -1.0  0.0 0   0   0  0  0  0
  - 3.15s  --------    0  Y   Y  1.00  8.40 1.00 -  |   477.5    427.2  0.00 | -1.0  0.0 0   0   0  0  0  0
  - 3.05s  --------    0  Y   Y  1.00  8.51 1.00 -  |   477.3    427.2  0.00 | -1.0  0.0 0   0   0  0  0  0
  - 2.95s  --------    0  Y   Y  1.00  8.61 1.00 -  |   477.1    427.2  0.00 | -1.0  0.0 0   0   0  0  0  0
  - 2.84s  --------    0  n   Y  1.00  8.72 1.00 -  |   476.9    427.2  0.00 | -1.0  0.0 0   0   0  1  0  0
  - 2.74s  --------    0  n   Y  1.00  8.82 1.00 -  |   476.5    427.2  0.00 | -1.0  0.0 0   0   0  1  0  0
  - 2.64s  --------    0  n   Y  1.00  8.92 1.00 -  |   476.2    427.2  0.00 | -1.0  0.0 0   0   0  0  0  0
  - 2.54s  --D-----    0  n   Y  1.00  9.02 1.00 T  |   475.8    427.2  5.05 | -1.0  0.0 0   0   0  0  0  1
  - 2.44s  --D-----    0  n   Y  1.00  0.28 1.00 -  |   475.3    427.1  4.95 | -1.0  0.0 0   0   0  0  0  0
  - 2.34s  --D-----    0  n   Y  1.00  0.43 1.00 -  |   474.8    427.1  5.08 | -1.0  0.0 0   0   0  0  0  0
  - 2.23s  --D-----    0  n   Y  1.00  0.58 1.00 -  |   474.4    427.1  3.92 | -1.0  0.0 0   0   0  0  0  0
  - 2.13s  --D-----    0  n   Y  1.00  0.74 1.00 -  |   473.9    427.0  3.46 | -1.0  0.0 0   0   0  0  0  0
  - 2.02s  --------    0  n   Y  1.00  0.90 1.00 T  |   473.6    427.0  0.00 | -1.0  0.0 0   0   0  0  0  0
  - 1.92s  --------    0  n   Y  1.00  1.05 1.00 T  |   473.4    427.0  0.00 | -1.0  0.0 0   0   0  0  0  0
  - 1.82s  --------    0  n   Y  1.00  1.20 1.00 T  |   473.0    427.0  0.00 | -1.0  0.0 0   0   0  0  0  0
  - 1.72s  --------    0  n   Y  1.00  0.33 1.00 -  |   472.7    427.0  0.00 | -1.0  0.0 0   0   0  0  0  0
  - 1.61s  --------    0  Y   Y  1.00  0.44 1.00 -  |   472.5    427.0  0.00 | -1.0  0.0 0   0   0  0  0  0
  - 1.51s  --------    0  Y   Y  1.00  0.54 1.00 -  |   472.3    427.0  0.00 | -1.0  0.0 0   0   0  0  0  0
  - 1.41s  --------    0  Y   Y  1.00  0.64 1.00 -  |   472.1    427.0  0.00 | -1.0  0.0 0   0   0  0  0  0
  - 1.31s  --------    0  n   Y  1.00  0.74 1.00 -  |   471.9    427.0  0.00 | -1.0  0.0 0   0   0  1  0  0
  - 1.20s  --------    0  n   Y  1.00  0.85 1.00 -  |   471.6    427.0  0.00 | -1.0  0.0 0   0   0  1  0  0
  - 1.10s  --------    0  n   Y  1.00  0.95 1.00 -  |   471.2    427.0  0.00 | -1.0  0.0 0   0   0  0  0  0
  - 1.00s  --------    0  n   Y  1.00  1.05 1.00 -  |   470.9    427.0  0.00 | -1.0  0.0 0   0   0  0  0  0
  - 0.90s  --D-----    0  n   Y  1.00  1.15 1.00 T  |   470.5    427.0  8.82 | -1.0  0.0 0   0   0  0  0  1
  - 0.79s  --D-----    0  n   Y  1.00  0.28 1.00 -  |   470.0    426.9  2.70 | -1.0  0.0 0   0   0  0  0  0
  - 0.69s  --D-----    0  n   Y  1.00  0.44 1.00 -  |   469.5    426.9  8.68 | -1.0  0.0 0   0   0  0  0  0
  - 0.58s  --D-----    0  n   Y  1.00  0.59 1.00 -  |   469.0    426.8  2.10 | -1.0  0.0 0   0   0  0  0  0
  - 0.48s  --D-----    0  n   Y  1.00  0.74 1.00 -  |   468.6    426.8  2.09 | -1.0  0.0 0   0   0  0  0  0
  - 0.38s  --------    0  n   Y  1.00  0.89 1.00 T  |   468.2    426.8  0.00 | -1.0  0.0 0   0   0  0  0  0
  - 0.28s  --------    0  n   Y  1.00  1.04 1.00 T  |   468.0    426.8  0.00 | -1.0  0.0 0   0   0  0  0  0
  - 0.18s  --------    0  n   Y  1.00  1.20 1.00 T  |   467.7    426.8  0.00 | -1.0  0.0 0   0   0  0  0  0
  - 0.07s  --------    0  Y   Y  1.00  0.33 1.00 -  |   467.4    426.8  0.00 | -1.0  0.0 0   0   0  0  0  0
=========================================================== END

[  2427   14.437 x1.00] LOG  🚶 2-LEG JUMP
[  2427   14.437 x1.00] LOG  🐾 Jump 1 VFX spawned!
[  2505   14.784 x1.00] LOG  [Combat] Dodge: Dodge_2Leg (3m, 2leg)
[  2505   14.784 x1.00] LOG  [AirPosePin] engaged, holding body at 1.786m above the transform
[  2620   15.359 x1.00] LOG  [Combat] Dodge early exit at 85% (movement input)
[  2620   15.359 x1.00] LOG  [DodgeTrace] 2leg flip: clip 0.67s, ran 0.58s, skipped 0.00s of wind-up, 3.0m — travel never completed (cut short).
[  2620   15.359 x1.00] LOG  [Combat] Dodge ended
[  2620   15.359 x1.00] LOG  [AirPosePin] released, peak correction was 1.064m
[  2666   15.599 x1.00] LOG  💨 Landing VFX spawned!
[  2666   15.599 x1.00] LOG  ✅ LANDED! (was jump #1)
[  2778   16.113 x1.00] LOG  🚶 2-LEG JUMP
[  2778   16.113 x1.00] LOG  🐾 Jump 1 VFX spawned!
[  2870   16.553 x1.00] LOG  [Combat] Dodge: Dodge_2Leg (3m, 2leg)
[  2870   16.553 x1.00] LOG  [AirPosePin] engaged, holding body at 2.197m above the transform
[  2985   17.127 x1.00] LOG  [Combat] Dodge early exit at 85% (movement input)
[  2985   17.127 x1.00] LOG  [DodgeTrace] 2leg flip: clip 0.67s, ran 0.58s, skipped 0.00s of wind-up, 3.0m — travel never completed (cut short).
[  2985   17.127 x1.00] LOG  [Combat] Dodge ended
[  2985   17.127 x1.00] LOG  [AirPosePin] released, peak correction was 1.476m
[  3043   17.412 x1.00] LOG  💨 Landing VFX spawned!
[  3043   17.412 x1.00] LOG  ✅ LANDED! (was jump #1)
[  3099   17.700 x1.00] LOG  🚶 2-LEG JUMP
[  3099   17.700 x1.00] LOG  🐾 Jump 1 VFX spawned!
[  3165   18.034 x1.00] LOG  [Combat] Dodge: Dodge_2Leg (3m, 2leg)
[  3165   18.034 x1.00] LOG  [AirPosePin] engaged, holding body at 1.724m above the transform
[  3276   18.609 x1.00] LOG  [Combat] Dodge early exit at 85% (movement input)
[  3276   18.609 x1.00] LOG  [DodgeTrace] 2leg flip: clip 0.67s, ran 0.58s, skipped 0.00s of wind-up, 3.0m — travel never completed (cut short).
[  3276   18.609 x1.00] LOG  [Combat] Dodge ended
[  3276   18.609 x1.00] LOG  [AirPosePin] released, peak correction was 1.003m
[  3301   18.739 x1.00] LOG  💨 Landing VFX spawned!
[  3301   18.739 x1.00] LOG  ✅ LANDED! (was jump #1)
[  3355   19.013 x1.00] LOG  
==================== [FREEZE-DEBUG v3] ====================
  Reason : WASD-NOMOVE: WASD recent + speed 0.00m/s for 0.40s
  Time   : 16.521s   Frame: 3355   Snaps: 60
===========================================================

--- CURRENT STATE ---
  Flags: atk=False hvy=False dod=False dsh=False
         grd=False hit=False aerial=False lockPos=False
         comboStep=0
  Anim : speed=1.00  combatLayer hash=-792875657 normT=0.401 weight=1.00 inTransition=False
  CC   : grounded=True  enabled=True  pos=(451.97, 0.24, 426.04)  vel=(0.00, -0.38, 0.00)
  Move : IsRunning=False
  Input: H=1.00 V=0.00  LMB=False MMB=False Q=False Sp=False Sh=False C=False
         WASD pressed in last 0.5s: True (last 0.00s ago)

--- FLIGHT RECORDER (60 snapshots, oldest first, dt=0.10s) ---
  Legend: flags = A(tk) H(vy) D(od) S(sh) G(rd) R(eact) Y(aerial) L(ock)   gnd/cc: Y/n
  t-now    flags     step gnd cc anSp normT layW tr | posX     posZ     spd   | H    V    LMB MMB Q  Sp Sh C
  ------   --------  ---- --- -- ---- ----- ---- -- | -----    -----    ----  | ---- ---- --- --- -- -- -- -
  - 6.06s  --------    0  n   Y  1.00  0.95 1.00 -  |   471.2    427.0  0.00 | -1.0  0.0 0   0   0  0  0  0
  - 5.96s  --------    0  n   Y  1.00  1.05 1.00 -  |   470.9    427.0  0.00 | -1.0  0.0 0   0   0  0  0  0
  - 5.85s  --D-----    0  n   Y  1.00  1.15 1.00 T  |   470.5    427.0  8.82 | -1.0  0.0 0   0   0  0  0  1
  - 5.75s  --D-----    0  n   Y  1.00  0.28 1.00 -  |   470.0    426.9  2.70 | -1.0  0.0 0   0   0  0  0  0
  - 5.64s  --D-----    0  n   Y  1.00  0.44 1.00 -  |   469.5    426.9  8.68 | -1.0  0.0 0   0   0  0  0  0
  - 5.54s  --D-----    0  n   Y  1.00  0.59 1.00 -  |   469.0    426.8  2.10 | -1.0  0.0 0   0   0  0  0  0
  - 5.44s  --D-----    0  n   Y  1.00  0.74 1.00 -  |   468.6    426.8  2.09 | -1.0  0.0 0   0   0  0  0  0
  - 5.34s  --------    0  n   Y  1.00  0.89 1.00 T  |   468.2    426.8  0.00 | -1.0  0.0 0   0   0  0  0  0
  - 5.24s  --------    0  n   Y  1.00  1.04 1.00 T  |   468.0    426.8  0.00 | -1.0  0.0 0   0   0  0  0  0
  - 5.13s  --------    0  n   Y  1.00  1.20 1.00 T  |   467.7    426.8  0.00 | -1.0  0.0 0   0   0  0  0  0
  - 5.03s  --------    0  Y   Y  1.00  0.33 1.00 -  |   467.4    426.8  0.00 | -1.0  0.0 0   0   0  0  0  0
  - 4.93s  --------    0  Y   Y  1.00  0.43 1.00 -  |   467.2    426.8  0.00 | -1.0  0.0 0   0   0  0  0  0
  - 4.83s  --------    0  Y   Y  1.00  0.53 1.00 -  |   467.0    426.8  0.00 | -1.0  0.0 0   0   0  0  0  0
  - 4.72s  --------    0  Y   Y  1.00  0.64 1.00 -  |   466.8    426.8  0.00 | -1.0  0.0 0   0   0  0  0  0
  - 4.62s  --------    0  Y   Y  1.00  0.74 1.00 -  |   466.5    426.8  0.00 | -1.0  0.0 0   0   0  0  0  0
  - 4.52s  --------    0  n   Y  1.00  0.85 1.00 -  |   466.3    426.8  0.00 | -1.0  0.0 0   0   0  1  0  0
  - 4.42s  --------    0  n   Y  1.00  0.95 1.00 -  |   466.0    426.8  0.00 | -1.0  0.0 0   0   0  1  0  0
  - 4.31s  --------    0  n   Y  1.00  1.05 1.00 -  |   465.7    426.8  0.00 | -1.0  0.0 0   0   0  0  0  0
  - 4.21s  --D-----    0  n   Y  1.00  1.15 1.00 T  |   465.4    426.8  4.09 | -1.0  0.0 0   0   0  0  0  1
  - 4.11s  --D-----    0  n   Y  1.00  1.25 1.00 T  |   464.9    426.7  3.02 | -1.0  0.0 0   0   0  0  0  1
  - 4.01s  --D-----    0  n   Y  1.00  0.32 1.00 -  |   464.4    426.7  5.24 | -1.0  0.0 0   0   0  0  0  0
  - 3.91s  --D-----    0  n   Y  1.00  0.48 1.00 -  |   463.9    426.6  4.04 | -1.0  0.0 0   0   0  0  0  0
  - 3.80s  --D-----    0  n   Y  1.00  0.63 1.00 -  |   463.4    426.6  8.39 | -1.0  0.0 0   0   0  0  0  0
  - 3.70s  --D-----    0  n   Y  1.00  0.79 1.00 -  |   463.0    426.5  2.39 | -1.0  0.0 0   0   0  0  0  0
  - 3.59s  --------    0  n   Y  1.00  0.94 1.00 T  |   462.7    426.5  0.00 | -1.0  0.0 0   0   0  0  0  0
  - 3.49s  --------    0  n   Y  1.00  1.09 1.00 T  |   462.5    426.5  0.00 | -1.0  0.0 0   0   0  0  0  0
  - 3.39s  --------    0  Y   Y  1.00  0.25 1.00 -  |   462.2    426.5  0.00 | -1.0  0.0 0   0   0  0  0  0
  - 3.29s  --------    0  Y   Y  1.00  0.36 1.00 -  |   462.0    426.5  0.00 | -1.0  0.0 0   0   0  0  0  0
  - 3.19s  --------    0  Y   Y  1.00  0.46 1.00 -  |   461.8    426.5  0.00 | -1.0  0.0 0   0   0  0  0  0
  - 3.09s  --------    0  Y   Y  1.00  0.56 1.00 -  |   461.6    426.5  0.00 | -1.0  0.0 0   0   0  0  0  0
  - 2.99s  --------    0  Y   Y  1.00  0.66 1.00 -  |   461.4    426.5  0.00 | -1.0  0.0 0   0   0  0  0  0
  - 2.89s  --------    0  Y   Y  1.00  0.77 1.00 -  |   461.2    426.5  0.00 | -1.0  0.0 0   0   0  1  0  0
  - 2.78s  --------    0  n   Y  1.00  0.87 1.00 -  |   460.9    426.5  0.00 | -1.0  0.0 0   0   0  1  0  0
  - 2.68s  --------    0  n   Y  1.00  0.97 1.00 -  |   460.6    426.5  0.00 | -1.0  0.0 0   0   0  1  0  0
  - 2.58s  --------    0  n   Y  1.00  1.07 1.00 -  |   460.2    426.5  0.00 | -1.0  0.0 0   0   0  0  0  0
  - 2.48s  --------    0  n   Y  1.00  1.17 1.00 -  |   459.9    426.5  0.00 | -1.0  0.0 0   0   0  0  0  0
  - 2.37s  --D-----    0  n   Y  1.00  1.27 1.00 T  |   459.5    426.5  8.20 | -1.0  0.0 0   0   0  0  0  1
  - 2.27s  --D-----    0  n   Y  1.00  0.27 1.00 -  |   459.0    426.4  5.84 | -1.0  0.0 0   0   0  0  0  0
  - 2.17s  --D-----    0  n   Y  1.00  0.43 1.00 -  |   458.5    426.4  4.98 | -1.0  0.0 0   0   0  0  0  0
  - 2.06s  --D-----    0  n   Y  1.00  0.58 1.00 -  |   458.0    426.3  8.60 | -1.0  0.0 0   0   0  0  0  0
  - 1.96s  --D-----    0  n   Y  1.00  0.74 1.00 -  |   457.5    426.3  4.41 | -1.0  0.0 0   0   0  0  0  0
  - 1.86s  --------    0  n   Y  1.00  0.90 1.00 T  |   457.2    426.3  0.00 | -1.0  0.0 0   0   0  0  0  0
  - 1.75s  --------    0  n   Y  1.00  1.05 1.00 T  |   456.9    426.3  0.00 | -1.0  0.0 0   0   0  0  0  0
  - 1.65s  --------    0  n   Y  1.00  1.21 1.00 T  |   456.6    426.3  0.00 | -1.0  0.0 0   0   0  0  0  0
  - 1.54s  --------    0  Y   Y  1.00  0.33 1.00 -  |   456.4    426.3  0.00 | -1.0  0.0 0   0   0  0  0  0
  - 1.44s  --------    0  Y   Y  1.00  0.44 1.00 -  |   456.1    426.3  0.00 | -1.0  0.0 0   0   0  0  0  0
  - 1.34s  --------    0  Y   Y  1.00  0.54 1.00 -  |   455.9    426.3  0.00 | -1.0  0.0 0   0   0  0  0  0
  - 1.23s  --------    0  n   Y  1.00  0.64 1.00 -  |   455.7    426.3  0.00 | -1.0  0.0 0   0   0  1  0  0
  - 1.13s  --------    0  n   Y  1.00  0.75 1.00 -  |   455.4    426.3  0.00 | -1.0  0.0 0   0   0  0  0  0
  - 1.03s  --------    0  n   Y  1.00  0.85 1.00 -  |   455.1    426.3  0.00 | -1.0  0.0 0   0   0  0  0  0
  - 0.92s  --D-----    0  n   Y  1.00  0.95 1.00 T  |   454.7    426.3  17.27 | -1.0  0.0 0   0   0  0  0  1
  - 0.82s  --D-----    0  n   Y  1.00  0.22 1.00 -  |   454.2    426.2  10.07 | -1.0  0.0 0   0   0  0  0  0
  - 0.72s  --D-----    0  n   Y  1.00  0.38 1.00 -  |   453.7    426.2  2.13 | -1.0  0.0 0   0   0  0  0  0
  - 0.62s  --D-----    0  n   Y  1.00  0.53 1.00 -  |   453.2    426.1  1.81 | -1.0  0.0 0   0   0  0  0  0
  - 0.51s  --D-----    0  n   Y  1.00  0.69 1.00 -  |   452.7    426.1  11.48 | -1.0  0.0 0   0   0  0  0  0
  - 0.41s  --D-----    0  n   Y  1.00  0.85 1.00 -  |   452.3    426.0  1.74 | -1.0  0.0 0   0   0  0  0  0
  - 0.30s  --------    0  n   Y  1.00  1.00 1.00 T  |   452.1    426.0  0.00 | -1.0  0.0 0   0   0  0  0  0
  - 0.20s  --------    0  Y   Y  1.00  1.15 1.00 T  |   451.9    426.0  0.00 |  0.0  0.0 0   0   0  0  0  0
  - 0.10s  --------    0  Y   Y  1.00  0.29 1.00 -  |   451.7    426.0  0.00 |  1.0  0.0 0   0   0  0  0  0
  - 0.00s  --------    0  Y   Y  1.00  0.40 1.00 -  |   452.0    426.0  0.00 |  1.0  0.0 0   0   0  0  0  0
=========================================================== END

[  3712   20.857 x1.00] LOG  🐾 4-LEG JUMP #0
[  3712   20.857 x1.00] LOG  🐾 Jump 1 VFX spawned!
[  3791   21.245 x1.00] LOG  🐾 4-LEG JUMP #1
[  3791   21.245 x1.00] LOG  🐾 Jump 2 VFX spawned!
[  3857   21.581 x1.00] LOG  [Combat] Dodge: Dodge_4Leg (4m, 4leg)
[  3857   21.581 x1.00] LOG  [AirPosePin] engaged, holding body at 1.105m above the transform
[  3952   22.090 x1.00] LOG  [Combat] Dodge early exit at 85% (movement input)
[  3952   22.090 x1.00] LOG  [DodgeTrace] 4leg flip: clip 0.80s, ran 0.52s, skipped 0.18s of wind-up, 4.0m — travel never completed (cut short).
[  3952   22.090 x1.00] LOG  [Combat] Dodge ended
[  3952   22.090 x1.00] LOG  [AirPosePin] released, peak correction was -0.924m
[  4040   22.513 x1.00] LOG  💨 Landing VFX spawned!
[  4040   22.513 x1.00] LOG  ✅ LANDED! (was jump #2)
[  4098   22.790 x1.00] LOG  🐾 4-LEG JUMP #0
[  4098   22.790 x1.00] LOG  🐾 Jump 1 VFX spawned!
[  4177   23.185 x1.00] LOG  🐾 4-LEG JUMP #1
[  4177   23.185 x1.00] LOG  🐾 Jump 2 VFX spawned!
[  4201   23.299 x1.00] LOG  
==================== [FREEZE-DEBUG v3] ====================
  Reason : WASD-NOMOVE: WASD recent + speed 0.00m/s for 0.40s
  Time   : 20.806s   Frame: 4201   Snaps: 60
===========================================================

--- CURRENT STATE ---
  Flags: atk=False hvy=False dod=False dsh=False
         grd=False hit=False aerial=False lockPos=False
         comboStep=0
  Anim : speed=1.00  combatLayer hash=-792875657 normT=1.204 weight=1.00 inTransition=False
  CC   : grounded=False  enabled=True  pos=(474.57, 3.13, 425.48)  vel=(0.00, 4.91, 0.00)
  Move : IsRunning=True
  Input: H=1.00 V=0.00  LMB=False MMB=False Q=False Sp=True Sh=True C=False
         WASD pressed in last 0.5s: True (last 0.00s ago)

--- FLIGHT RECORDER (60 snapshots, oldest first, dt=0.10s) ---
  Legend: flags = A(tk) H(vy) D(od) S(sh) G(rd) R(eact) Y(aerial) L(ock)   gnd/cc: Y/n
  t-now    flags     step gnd cc anSp normT layW tr | posX     posZ     spd   | H    V    LMB MMB Q  Sp Sh C
  ------   --------  ---- --- -- ---- ----- ---- -- | -----    -----    ----  | ---- ---- --- --- -- -- -- -
  - 6.14s  --------    0  n   Y  1.00  0.90 1.00 T  |   457.2    426.3  0.00 | -1.0  0.0 0   0   0  0  0  0
  - 6.04s  --------    0  n   Y  1.00  1.05 1.00 T  |   456.9    426.3  0.00 | -1.0  0.0 0   0   0  0  0  0
  - 5.94s  --------    0  n   Y  1.00  1.21 1.00 T  |   456.6    426.3  0.00 | -1.0  0.0 0   0   0  0  0  0
  - 5.83s  --------    0  Y   Y  1.00  0.33 1.00 -  |   456.4    426.3  0.00 | -1.0  0.0 0   0   0  0  0  0
  - 5.73s  --------    0  Y   Y  1.00  0.44 1.00 -  |   456.1    426.3  0.00 | -1.0  0.0 0   0   0  0  0  0
  - 5.63s  --------    0  Y   Y  1.00  0.54 1.00 -  |   455.9    426.3  0.00 | -1.0  0.0 0   0   0  0  0  0
  - 5.52s  --------    0  n   Y  1.00  0.64 1.00 -  |   455.7    426.3  0.00 | -1.0  0.0 0   0   0  1  0  0
  - 5.42s  --------    0  n   Y  1.00  0.75 1.00 -  |   455.4    426.3  0.00 | -1.0  0.0 0   0   0  0  0  0
  - 5.32s  --------    0  n   Y  1.00  0.85 1.00 -  |   455.1    426.3  0.00 | -1.0  0.0 0   0   0  0  0  0
  - 5.21s  --D-----    0  n   Y  1.00  0.95 1.00 T  |   454.7    426.3  17.27 | -1.0  0.0 0   0   0  0  0  1
  - 5.11s  --D-----    0  n   Y  1.00  0.22 1.00 -  |   454.2    426.2  10.07 | -1.0  0.0 0   0   0  0  0  0
  - 5.01s  --D-----    0  n   Y  1.00  0.38 1.00 -  |   453.7    426.2  2.13 | -1.0  0.0 0   0   0  0  0  0
  - 4.91s  --D-----    0  n   Y  1.00  0.53 1.00 -  |   453.2    426.1  1.81 | -1.0  0.0 0   0   0  0  0  0
  - 4.80s  --D-----    0  n   Y  1.00  0.69 1.00 -  |   452.7    426.1  11.48 | -1.0  0.0 0   0   0  0  0  0
  - 4.70s  --D-----    0  n   Y  1.00  0.85 1.00 -  |   452.3    426.0  1.74 | -1.0  0.0 0   0   0  0  0  0
  - 4.59s  --------    0  n   Y  1.00  1.00 1.00 T  |   452.1    426.0  0.00 | -1.0  0.0 0   0   0  0  0  0
  - 4.49s  --------    0  Y   Y  1.00  1.15 1.00 T  |   451.9    426.0  0.00 |  0.0  0.0 0   0   0  0  0  0
  - 4.39s  --------    0  Y   Y  1.00  0.29 1.00 -  |   451.7    426.0  0.00 |  1.0  0.0 0   0   0  0  0  0
  - 4.29s  --------    0  Y   Y  1.00  0.40 1.00 -  |   452.0    426.0  0.00 |  1.0  0.0 0   0   0  0  0  0
  - 4.18s  --------    0  Y   Y  1.00  0.50 1.00 -  |   452.2    426.0  0.00 |  1.0  0.0 0   0   0  0  0  0
  - 4.08s  --------    0  Y   Y  1.00  0.60 1.00 -  |   452.4    426.0  0.00 |  1.0  0.0 0   0   0  0  0  0
  - 3.97s  --------    0  Y   Y  1.00  0.71 1.00 -  |   452.6    426.0  0.00 |  1.0  0.0 0   0   0  0  0  0
  - 3.87s  --------    0  Y   Y  1.00  0.81 1.00 -  |   452.8    426.0  0.00 |  1.0  0.0 0   0   0  0  0  0
  - 3.76s  --------    0  Y   Y  1.00  0.92 1.00 -  |   453.0    426.0  0.00 |  1.0  0.0 0   0   0  0  0  0
  - 3.66s  --------    0  Y   Y  1.00  1.02 1.00 -  |   453.6    426.0  0.00 |  1.0  0.0 0   0   0  0  1  0
  - 3.56s  --------    0  Y   Y  1.00  1.13 1.00 -  |   454.3    426.0  0.00 |  1.0  0.0 0   0   0  0  1  0
  - 3.46s  --------    0  Y   Y  1.00  1.23 1.00 -  |   455.0    426.0  0.00 |  1.0  0.0 0   0   0  0  1  0
  - 3.36s  --------    0  Y   Y  1.00  1.33 1.00 -  |   455.7    426.0  0.00 |  1.0  0.0 0   0   0  0  1  0
  - 3.25s  --------    0  Y   Y  1.00  1.43 1.00 -  |   456.4    426.0  0.00 |  1.0  0.0 0   0   0  0  1  0
  - 3.15s  --------    0  Y   Y  1.00  1.53 1.00 -  |   457.1    426.0  0.00 |  1.0  0.0 0   0   0  0  1  0
  - 3.05s  --------    0  Y   Y  1.00  1.64 1.00 -  |   457.8    426.0  0.00 |  1.0  0.0 0   0   0  0  1  0
  - 2.94s  --------    0  Y   Y  1.00  1.74 1.00 -  |   458.7    426.0  0.00 |  1.0  0.0 0   0   0  0  1  0
  - 2.84s  --------    0  Y   Y  1.00  1.84 1.00 -  |   459.4    426.0  0.00 |  1.0  0.0 0   0   0  0  1  0
  - 2.74s  --------    0  Y   Y  1.00  1.94 1.00 -  |   460.1    426.0  0.00 |  1.0  0.0 0   0   0  0  1  0
  - 2.64s  --------    0  Y   Y  1.00  2.05 1.00 -  |   460.8    426.0  0.00 |  1.0  0.0 0   0   0  0  1  0
  - 2.53s  --------    0  Y   Y  1.00  2.15 1.00 -  |   461.5    426.0  0.00 |  1.0  0.0 0   0   0  0  1  0
  - 2.43s  --------    0  Y   Y  1.00  2.25 1.00 -  |   462.2    426.0  0.00 |  1.0  0.0 0   0   0  1  1  0
  - 2.33s  --------    0  n   Y  1.00  2.35 1.00 -  |   462.7    426.0  0.00 |  1.0  0.0 0   0   0  1  1  0
  - 2.23s  --------    0  n   Y  1.00  2.45 1.00 -  |   463.1    426.0  0.00 |  1.0  0.0 0   0   0  0  1  0
  - 2.13s  --------    0  n   Y  1.00  2.55 1.00 -  |   463.6    426.0  0.00 |  1.0  0.0 0   0   0  0  1  0
  - 2.03s  --------    0  n   Y  1.00  2.65 1.00 -  |   464.0    426.0  0.00 |  1.0  0.0 0   0   0  1  1  0
  - 1.93s  --------    0  n   Y  1.00  2.76 1.00 -  |   464.5    426.0  0.00 |  1.0  0.0 0   0   0  1  1  0
  - 1.83s  --------    0  n   Y  1.00  2.85 1.00 -  |   464.9    426.0  0.00 |  1.0  0.0 0   0   0  0  1  0
  - 1.72s  --------    0  n   Y  1.00  2.96 1.00 -  |   465.4    426.0  0.00 |  1.0  0.0 0   0   0  0  1  0
  - 1.62s  --D-----    0  n   Y  1.00  3.06 1.00 T  |   466.4    425.9  8.29 |  1.0  0.0 0   0   0  0  1  1
  - 1.52s  --D-----    0  n   Y  1.00  0.47 1.00 -  |   467.5    425.7  16.74 |  1.0  0.0 0   0   0  0  1  0
  - 1.42s  --D-----    0  n   Y  1.00  0.59 1.00 -  |   468.2    425.6  3.10 |  1.0  0.0 0   0   0  0  1  0
  - 1.31s  --D-----    0  n   Y  1.00  0.72 1.00 -  |   468.9    425.5  2.67 |  1.0  0.0 0   0   0  0  1  0
  - 1.21s  --D-----    0  n   Y  1.00  0.85 1.00 -  |   469.2    425.5  1.85 |  1.0  0.0 0   0   0  0  1  0
  - 1.11s  --------    0  n   Y  1.00  0.99 1.00 T  |   469.4    425.5  0.00 |  1.0  0.0 0   0   0  0  1  0
  - 1.00s  --------    0  n   Y  1.00  1.11 1.00 T  |   469.7    425.5  0.00 |  1.0  0.0 0   0   0  0  1  0
  - 0.90s  --------    0  n   Y  1.00  0.31 1.00 -  |   470.0    425.5  0.00 |  1.0  0.0 0   0   0  0  1  0
  - 0.80s  --------    0  n   Y  1.00  0.40 1.00 -  |   470.3    425.5  0.00 |  1.0  0.0 0   0   0  0  1  0
  - 0.69s  --------    0  Y   Y  1.00  0.51 1.00 -  |   470.9    425.5  0.00 |  1.0  0.0 0   0   0  0  1  0
  - 0.59s  --------    0  Y   Y  1.00  0.61 1.00 -  |   471.6    425.5  0.00 |  1.0  0.0 0   0   0  0  1  0
  - 0.49s  --------    0  n   Y  1.00  0.71 1.00 -  |   472.3    425.5  0.00 |  1.0  0.0 0   0   0  1  1  0
  - 0.39s  --------    0  n   Y  1.00  0.81 1.00 -  |   472.8    425.5  0.00 |  1.0  0.0 0   0   0  1  1  0
  - 0.29s  --------    0  n   Y  1.00  0.92 1.00 -  |   473.3    425.5  0.00 |  1.0  0.0 0   0   0  0  1  0
  - 0.18s  --------    0  n   Y  1.00  1.02 1.00 -  |   473.8    425.5  0.00 |  1.0  0.0 0   0   0  0  1  0
  - 0.08s  --------    0  n   Y  1.00  1.12 1.00 -  |   474.2    425.5  0.00 |  1.0  0.0 0   0   0  1  1  0
=========================================================== END

[  4248   23.531 x1.00] LOG  [Combat] Dodge: Dodge_4Leg (4m, 4leg)
[  4248   23.531 x1.00] LOG  [AirPosePin] engaged, holding body at 1.173m above the transform
[  4339   24.040 x1.00] LOG  [Combat] Dodge early exit at 85% (movement input)
[  4339   24.040 x1.00] LOG  [DodgeTrace] 4leg flip: clip 0.80s, ran 0.52s, skipped 0.18s of wind-up, 4.0m — travel never completed (cut short).
[  4339   24.040 x1.00] LOG  [Combat] Dodge ended
[  4339   24.040 x1.00] LOG  [AirPosePin] released, peak correction was -0.851m
[  4430   24.475 x1.00] LOG  💨 Landing VFX spawned!
[  4430   24.475 x1.00] LOG  ✅ LANDED! (was jump #2)
[  4489   24.750 x1.00] LOG  🐾 4-LEG JUMP #0
[  4489   24.750 x1.00] LOG  🐾 Jump 1 VFX spawned!
[  4563   25.151 x1.00] LOG  🐾 4-LEG JUMP #1
[  4563   25.151 x1.00] LOG  🐾 Jump 2 VFX spawned!
[  4643   25.565 x1.00] LOG  [Combat] Dodge: Dodge_4Leg (4m, 4leg)
[  4643   25.565 x1.00] LOG  [AirPosePin] engaged, holding body at 1.643m above the transform
[  4738   26.074 x1.00] LOG  [Combat] Dodge early exit at 86% (movement input)
[  4738   26.074 x1.00] LOG  [DodgeTrace] 4leg flip: clip 0.80s, ran 0.51s, skipped 0.18s of wind-up, 4.0m — travel never completed (cut short).
[  4738   26.074 x1.00] LOG  [Combat] Dodge ended
[  4738   26.074 x1.00] LOG  [AirPosePin] released, peak correction was -0.372m
[  4840   26.594 x1.00] LOG  💨 Landing VFX spawned!
[  4840   26.594 x1.00] LOG  ✅ LANDED! (was jump #2)
[  4863   26.697 x1.00] LOG  🐾 4-LEG JUMP #0
[  4863   26.697 x1.00] LOG  🐾 Jump 1 VFX spawned!
[  4940   27.102 x1.00] LOG  🐾 4-LEG JUMP #1
[  4940   27.102 x1.00] LOG  🐾 Jump 2 VFX spawned!
[  5022   27.516 x1.00] LOG  [Combat] Dodge: Dodge_4Leg (4m, 4leg)
[  5022   27.516 x1.00] LOG  [AirPosePin] engaged, holding body at 1.643m above the transform
[  5120   28.031 x1.00] LOG  [Combat] Dodge early exit at 86% (movement input)
[  5120   28.031 x1.00] LOG  [DodgeTrace] 4leg flip: clip 0.80s, ran 0.52s, skipped 0.18s of wind-up, 4.0m — travel never completed (cut short).
[  5120   28.031 x1.00] LOG  [Combat] Dodge ended
[  5120   28.031 x1.00] LOG  [AirPosePin] released, peak correction was -0.372m
[  5198   28.431 x1.00] LOG  
==================== [FREEZE-DEBUG v3] ====================
  Reason : WASD-NOMOVE: WASD recent + speed 0.00m/s for 0.40s
  Time   : 25.939s   Frame: 5198   Snaps: 60
===========================================================

--- CURRENT STATE ---
  Flags: atk=False hvy=False dod=False dsh=False
         grd=False hit=False aerial=False lockPos=False
         comboStep=0
  Anim : speed=1.00  combatLayer hash=-792875657 normT=0.393 weight=1.00 inTransition=False
  CC   : grounded=False  enabled=True  pos=(500.60, 0.52, 423.82)  vel=(0.00, -8.85, 0.00)
  Move : IsRunning=True
  Input: H=1.00 V=0.00  LMB=False MMB=False Q=False Sp=False Sh=True C=False
         WASD pressed in last 0.5s: True (last 0.00s ago)

--- FLIGHT RECORDER (60 snapshots, oldest first, dt=0.10s) ---
  Legend: flags = A(tk) H(vy) D(od) S(sh) G(rd) R(eact) Y(aerial) L(ock)   gnd/cc: Y/n
  t-now    flags     step gnd cc anSp normT layW tr | posX     posZ     spd   | H    V    LMB MMB Q  Sp Sh C
  ------   --------  ---- --- -- ---- ----- ---- -- | -----    -----    ----  | ---- ---- --- --- -- -- -- -
  - 6.13s  --------    0  n   Y  1.00  1.11 1.00 T  |   469.7    425.5  0.00 |  1.0  0.0 0   0   0  0  1  0
  - 6.03s  --------    0  n   Y  1.00  0.31 1.00 -  |   470.0    425.5  0.00 |  1.0  0.0 0   0   0  0  1  0
  - 5.93s  --------    0  n   Y  1.00  0.40 1.00 -  |   470.3    425.5  0.00 |  1.0  0.0 0   0   0  0  1  0
  - 5.83s  --------    0  Y   Y  1.00  0.51 1.00 -  |   470.9    425.5  0.00 |  1.0  0.0 0   0   0  0  1  0
  - 5.73s  --------    0  Y   Y  1.00  0.61 1.00 -  |   471.6    425.5  0.00 |  1.0  0.0 0   0   0  0  1  0
  - 5.62s  --------    0  n   Y  1.00  0.71 1.00 -  |   472.3    425.5  0.00 |  1.0  0.0 0   0   0  1  1  0
  - 5.52s  --------    0  n   Y  1.00  0.81 1.00 -  |   472.8    425.5  0.00 |  1.0  0.0 0   0   0  1  1  0
  - 5.42s  --------    0  n   Y  1.00  0.92 1.00 -  |   473.3    425.5  0.00 |  1.0  0.0 0   0   0  0  1  0
  - 5.32s  --------    0  n   Y  1.00  1.02 1.00 -  |   473.8    425.5  0.00 |  1.0  0.0 0   0   0  0  1  0
  - 5.22s  --------    0  n   Y  1.00  1.12 1.00 -  |   474.2    425.5  0.00 |  1.0  0.0 0   0   0  1  1  0
  - 5.11s  --------    0  n   Y  1.00  1.22 1.00 -  |   474.7    425.5  0.00 |  1.0  0.0 0   0   0  1  1  0
  - 5.01s  --------    0  n   Y  1.00  1.33 1.00 -  |   475.1    425.5  0.00 |  1.0  0.0 0   0   0  0  1  0
  - 4.91s  --------    0  n   Y  1.00  1.43 1.00 -  |   475.6    425.5  0.00 |  1.0  0.0 0   0   0  0  1  0
  - 4.81s  --D-----    0  n   Y  1.00  1.53 1.00 T  |   476.6    425.3  10.75 |  1.0  0.0 0   0   0  0  1  1
  - 4.70s  --D-----    0  n   Y  1.00  0.47 1.00 -  |   477.6    425.2  16.13 |  1.0  0.0 0   0   0  0  1  0
  - 4.60s  --D-----    0  n   Y  1.00  0.60 1.00 -  |   478.4    425.1  4.23 |  1.0  0.0 0   0   0  0  1  0
  - 4.49s  --D-----    0  n   Y  1.00  0.73 1.00 -  |   479.0    425.0  9.34 |  1.0  0.0 0   0   0  0  1  0
  - 4.39s  --------    0  n   Y  1.00  0.86 1.00 T  |   479.4    424.9  1.31 |  1.0  0.0 0   0   0  0  1  0
  - 4.28s  --------    0  n   Y  1.00  0.99 1.00 T  |   479.5    424.9  0.00 |  1.0  0.0 0   0   0  0  1  0
  - 4.18s  --------    0  n   Y  1.00  1.12 1.00 T  |   479.8    424.9  0.00 |  1.0  0.0 0   0   0  0  1  0
  - 4.08s  --------    0  n   Y  1.00  0.31 1.00 -  |   480.2    424.9  0.00 |  1.0  0.0 0   0   0  0  1  0
  - 3.97s  --------    0  n   Y  1.00  0.41 1.00 -  |   480.5    424.9  0.00 |  1.0  0.0 0   0   0  0  1  0
  - 3.87s  --------    0  Y   Y  1.00  0.51 1.00 -  |   481.1    424.9  0.00 |  1.0  0.0 0   0   0  0  1  0
  - 3.77s  --------    0  Y   Y  1.00  0.62 1.00 -  |   481.8    424.9  0.00 |  1.0  0.0 0   0   0  0  1  0
  - 3.66s  --------    0  n   Y  1.00  0.72 1.00 -  |   482.5    424.9  0.00 |  1.0  0.0 0   0   0  1  1  0
  - 3.56s  --------    0  n   Y  1.00  0.82 1.00 -  |   483.0    424.9  0.00 |  1.0  0.0 0   0   0  1  1  0
  - 3.46s  --------    0  n   Y  1.00  0.93 1.00 -  |   483.5    424.9  0.00 |  1.0  0.0 0   0   0  0  1  0
  - 3.36s  --------    0  n   Y  1.00  1.03 1.00 -  |   483.9    424.9  0.00 |  1.0  0.0 0   0   0  0  1  0
  - 3.26s  --------    0  n   Y  1.00  1.13 1.00 -  |   484.4    424.9  0.00 |  1.0  0.0 0   0   0  1  1  0
  - 3.15s  --------    0  n   Y  1.00  1.23 1.00 -  |   484.8    424.9  0.00 |  1.0  0.0 0   0   0  1  1  0
  - 3.05s  --------    0  n   Y  1.00  1.34 1.00 -  |   485.3    424.9  0.00 |  1.0  0.0 0   0   0  0  1  0
  - 2.95s  --------    0  n   Y  1.00  1.44 1.00 -  |   485.7    424.9  0.00 |  1.0  0.0 0   0   0  0  1  0
  - 2.84s  --D-----    0  n   Y  1.00  1.54 1.00 T  |   486.3    424.9  35.40 |  1.0  0.0 0   0   0  0  1  1
  - 2.74s  --D-----    0  n   Y  1.00  0.37 1.00 -  |   487.4    424.7  9.54 |  1.0  0.0 0   0   0  0  1  0
  - 2.64s  --D-----    0  n   Y  1.00  0.51 1.00 -  |   488.4    424.6  4.83 |  1.0  0.0 0   0   0  0  1  0
  - 2.53s  --D-----    0  n   Y  1.00  0.63 1.00 -  |   489.1    424.5  4.18 |  1.0  0.0 0   0   0  0  1  0
  - 2.43s  --D-----    0  n   Y  1.00  0.76 1.00 -  |   489.7    424.4  7.03 |  1.0  0.0 0   0   0  0  1  0
  - 2.33s  --------    0  n   Y  1.00  0.89 1.00 T  |   489.9    424.4  0.00 |  1.0  0.0 0   0   0  0  1  0
  - 2.23s  --------    0  n   Y  1.00  1.02 1.00 T  |   490.1    424.4  0.00 |  1.0  0.0 0   0   0  0  1  0
  - 2.12s  --------    0  n   Y  1.00  1.15 1.00 T  |   490.4    424.4  0.00 |  1.0  0.0 0   0   0  0  1  0
  - 2.02s  --------    0  n   Y  1.00  0.33 1.00 -  |   490.7    424.4  0.00 |  1.0  0.0 0   0   0  0  1  0
  - 1.92s  --------    0  n   Y  1.00  0.43 1.00 -  |   491.0    424.4  0.00 |  1.0  0.0 0   0   0  0  1  0
  - 1.82s  --------    0  Y   Y  1.00  0.54 1.00 -  |   491.5    424.4  0.00 |  1.0  0.0 0   0   0  0  1  0
  - 1.71s  --------    0  n   Y  1.00  0.64 1.00 -  |   492.2    424.4  0.00 |  1.0  0.0 0   0   0  1  1  0
  - 1.61s  --------    0  n   Y  1.00  0.74 1.00 -  |   492.6    424.4  0.00 |  1.0  0.0 0   0   0  1  1  0
  - 1.51s  --------    0  n   Y  1.00  0.83 1.00 -  |   493.1    424.4  0.00 |  1.0  0.0 0   0   0  0  1  0
  - 1.41s  --------    0  n   Y  1.00  0.94 1.00 -  |   493.5    424.4  0.00 |  1.0  0.0 0   0   0  0  1  0
  - 1.31s  --------    0  n   Y  1.00  1.05 1.00 -  |   494.0    424.4  0.00 |  1.0  0.0 0   0   0  1  1  0
  - 1.20s  --------    0  n   Y  1.00  1.15 1.00 -  |   494.4    424.4  0.00 |  1.0  0.0 0   0   0  1  1  0
  - 1.10s  --------    0  n   Y  1.00  1.25 1.00 -  |   494.9    424.4  0.00 |  1.0  0.0 0   0   0  0  1  0
  - 1.00s  --------    0  n   Y  1.00  1.36 1.00 -  |   495.4    424.4  0.00 |  1.0  0.0 0   0   0  0  1  0
  - 0.89s  --D-----    0  n   Y  1.00  1.46 1.00 T  |   496.0    424.3  21.11 |  1.0  0.0 0   0   0  0  1  1
  - 0.79s  --D-----    0  n   Y  1.00  0.37 1.00 -  |   497.1    424.2  8.26 |  1.0  0.0 0   0   0  0  1  0
  - 0.69s  --D-----    0  n   Y  1.00  0.50 1.00 -  |   498.1    424.0  14.79 |  1.0  0.0 0   0   0  0  1  0
  - 0.59s  --D-----    0  n   Y  1.00  0.62 1.00 -  |   498.7    423.9  4.16 |  1.0  0.0 0   0   0  0  1  0
  - 0.49s  --D-----    0  n   Y  1.00  0.76 1.00 -  |   499.3    423.9  1.80 |  1.0  0.0 0   0   0  0  1  0
  - 0.39s  --------    0  n   Y  1.00  0.88 1.00 T  |   499.6    423.8  0.00 |  1.0  0.0 0   0   0  0  1  0
  - 0.28s  --------    0  n   Y  1.00  1.01 1.00 T  |   499.8    423.8  0.00 |  1.0  0.0 0   0   0  0  1  0
  - 0.18s  --------    0  n   Y  1.00  1.14 1.00 T  |   500.1    423.8  0.00 |  1.0  0.0 0   0   0  0  1  0
  - 0.08s  --------    0  n   Y  1.00  0.31 1.00 -  |   500.4    423.8  0.00 |  1.0  0.0 0   0   0  0  1  0
=========================================================== END

[  5207   28.474 x1.00] LOG  💨 Landing VFX spawned!
[  5207   28.474 x1.00] LOG  ✅ LANDED! (was jump #2)
[  5370   29.311 x1.00] LOG  [StormWeather] ⚡ strike at (479.18, 45.00, 455.72)
[  6008   32.561 x1.00] LOG  
==================== [FREEZE-DEBUG v3] ====================
  Reason : WASD-NOMOVE: WASD recent + speed 0.00m/s for 0.40s
  Time   : 30.069s   Frame: 6008   Snaps: 60
===========================================================

--- CURRENT STATE ---
  Flags: atk=False hvy=False dod=False dsh=False
         grd=False hit=False aerial=False lockPos=False
         comboStep=0
  Anim : speed=1.00  combatLayer hash=-792875657 normT=4.525 weight=1.00 inTransition=False
  CC   : grounded=True  enabled=True  pos=(485.04, 0.01, 428.06)  vel=(0.00, 0.00, 0.00)
  Move : IsRunning=True
  Input: H=0.00 V=1.00  LMB=False MMB=False Q=False Sp=False Sh=True C=False
         WASD pressed in last 0.5s: True (last 0.00s ago)

--- FLIGHT RECORDER (60 snapshots, oldest first, dt=0.10s) ---
  Legend: flags = A(tk) H(vy) D(od) S(sh) G(rd) R(eact) Y(aerial) L(ock)   gnd/cc: Y/n
  t-now    flags     step gnd cc anSp normT layW tr | posX     posZ     spd   | H    V    LMB MMB Q  Sp Sh C
  ------   --------  ---- --- -- ---- ----- ---- -- | -----    -----    ----  | ---- ---- --- --- -- -- -- -
  - 6.05s  --------    0  n   Y  1.00  0.43 1.00 -  |   491.0    424.4  0.00 |  1.0  0.0 0   0   0  0  1  0
  - 5.95s  --------    0  Y   Y  1.00  0.54 1.00 -  |   491.5    424.4  0.00 |  1.0  0.0 0   0   0  0  1  0
  - 5.84s  --------    0  n   Y  1.00  0.64 1.00 -  |   492.2    424.4  0.00 |  1.0  0.0 0   0   0  1  1  0
  - 5.74s  --------    0  n   Y  1.00  0.74 1.00 -  |   492.6    424.4  0.00 |  1.0  0.0 0   0   0  1  1  0
  - 5.64s  --------    0  n   Y  1.00  0.83 1.00 -  |   493.1    424.4  0.00 |  1.0  0.0 0   0   0  0  1  0
  - 5.54s  --------    0  n   Y  1.00  0.94 1.00 -  |   493.5    424.4  0.00 |  1.0  0.0 0   0   0  0  1  0
  - 5.44s  --------    0  n   Y  1.00  1.05 1.00 -  |   494.0    424.4  0.00 |  1.0  0.0 0   0   0  1  1  0
  - 5.33s  --------    0  n   Y  1.00  1.15 1.00 -  |   494.4    424.4  0.00 |  1.0  0.0 0   0   0  1  1  0
  - 5.23s  --------    0  n   Y  1.00  1.25 1.00 -  |   494.9    424.4  0.00 |  1.0  0.0 0   0   0  0  1  0
  - 5.13s  --------    0  n   Y  1.00  1.36 1.00 -  |   495.4    424.4  0.00 |  1.0  0.0 0   0   0  0  1  0
  - 5.02s  --D-----    0  n   Y  1.00  1.46 1.00 T  |   496.0    424.3  21.11 |  1.0  0.0 0   0   0  0  1  1
  - 4.92s  --D-----    0  n   Y  1.00  0.37 1.00 -  |   497.1    424.2  8.26 |  1.0  0.0 0   0   0  0  1  0
  - 4.82s  --D-----    0  n   Y  1.00  0.50 1.00 -  |   498.1    424.0  14.79 |  1.0  0.0 0   0   0  0  1  0
  - 4.72s  --D-----    0  n   Y  1.00  0.62 1.00 -  |   498.7    423.9  4.16 |  1.0  0.0 0   0   0  0  1  0
  - 4.62s  --D-----    0  n   Y  1.00  0.76 1.00 -  |   499.3    423.9  1.80 |  1.0  0.0 0   0   0  0  1  0
  - 4.52s  --------    0  n   Y  1.00  0.88 1.00 T  |   499.6    423.8  0.00 |  1.0  0.0 0   0   0  0  1  0
  - 4.41s  --------    0  n   Y  1.00  1.01 1.00 T  |   499.8    423.8  0.00 |  1.0  0.0 0   0   0  0  1  0
  - 4.31s  --------    0  n   Y  1.00  1.14 1.00 T  |   500.1    423.8  0.00 |  1.0  0.0 0   0   0  0  1  0
  - 4.21s  --------    0  n   Y  1.00  0.31 1.00 -  |   500.4    423.8  0.00 |  1.0  0.0 0   0   0  0  1  0
  - 4.11s  --------    0  n   Y  1.00  0.42 1.00 -  |   500.7    423.8  0.00 |  1.0  0.0 0   0   0  0  1  0
  - 4.01s  --------    0  Y   Y  1.00  0.52 1.00 -  |   501.3    423.8  0.00 |  1.0  0.0 0   0   0  0  1  0
  - 3.91s  --------    0  Y   Y  1.00  0.62 1.00 -  |   502.0    423.8  0.00 |  1.0  0.0 0   0   0  0  1  0
  - 3.80s  --------    0  Y   Y  1.00  0.72 1.00 -  |   502.7    423.8  0.00 |  0.0  0.0 0   0   0  0  1  0
  - 3.70s  --------    0  Y   Y  1.00  0.82 1.00 -  |   503.4    423.8  0.00 |  0.0  0.0 0   0   0  0  1  0
  - 3.60s  --------    0  Y   Y  1.00  0.93 1.00 -  |   503.6    423.8  0.00 |  0.0  0.0 0   0   0  0  0  0
  - 3.50s  --------    0  Y   Y  1.00  1.03 1.00 -  |   503.7    423.8  0.00 |  0.0  0.0 0   0   0  0  0  0
  - 3.39s  --------    0  Y   Y  1.00  1.13 1.00 -  |   503.7    423.8  0.00 |  0.0  0.0 0   0   0  0  0  0
  - 3.29s  --------    0  Y   Y  1.00  1.23 1.00 -  |   503.7    423.8  0.00 |  0.0  0.0 0   0   0  0  0  0
  - 3.19s  --------    0  Y   Y  1.00  1.33 1.00 -  |   503.7    423.8  0.00 | -1.0  0.0 0   0   0  0  0  0
  - 3.09s  --------    0  Y   Y  1.00  1.44 1.00 -  |   503.5    423.8  0.00 | -1.0  0.0 0   0   0  0  0  0
  - 2.99s  --------    0  Y   Y  1.00  1.54 1.00 -  |   502.9    423.8  0.00 | -1.0  0.0 0   0   0  0  1  0
  - 2.88s  --------    0  Y   Y  1.00  1.64 1.00 -  |   502.2    423.8  0.00 | -1.0  0.0 0   0   0  0  1  0
  - 2.78s  --------    0  Y   Y  1.00  1.74 1.00 -  |   501.5    423.8  0.00 | -1.0  0.0 0   0   0  0  1  0
  - 2.68s  --------    0  Y   Y  1.00  1.85 1.00 -  |   500.8    423.8  0.00 | -1.0  0.0 0   0   0  0  1  0
  - 2.57s  --------    0  Y   Y  1.00  1.95 1.00 -  |   500.1    423.8  0.00 | -1.0  0.0 0   0   0  0  1  0
  - 2.47s  --------    0  Y   Y  1.00  2.05 1.00 -  |   499.4    423.8  0.00 | -1.0  0.0 0   0   0  0  1  0
  - 2.37s  --------    0  Y   Y  1.00  2.16 1.00 -  |   498.6    423.8  0.00 | -1.0  0.0 0   0   0  0  1  0
  - 2.27s  --------    0  Y   Y  1.00  2.26 1.00 -  |   497.9    423.8  0.00 | -1.0  0.0 0   0   0  0  1  0
  - 2.16s  --------    0  Y   Y  1.00  2.36 1.00 -  |   497.2    423.8  0.00 | -1.0  0.0 0   0   0  0  1  0
  - 2.06s  --------    0  Y   Y  1.00  2.47 1.00 -  |   496.5    423.8  0.00 | -1.0  0.0 0   0   0  0  1  0
  - 1.95s  --------    0  Y   Y  1.00  2.57 1.00 -  |   495.8    423.8  0.00 | -1.0  0.0 0   0   0  0  1  0
  - 1.85s  --------    0  Y   Y  1.00  2.67 1.00 -  |   495.1    423.8  0.00 | -1.0  0.0 0   0   0  0  1  0
  - 1.75s  --------    0  Y   Y  1.00  2.78 1.00 -  |   494.2    423.8  0.00 | -1.0  0.0 0   0   0  0  1  0
  - 1.65s  --------    0  Y   Y  1.00  2.88 1.00 -  |   493.5    423.8  0.00 | -1.0  0.0 0   0   0  0  1  0
  - 1.54s  --------    0  Y   Y  1.00  2.98 1.00 -  |   492.8    423.8  0.00 | -1.0  0.0 0   0   0  0  1  0
  - 1.44s  --------    0  Y   Y  1.00  3.08 1.00 -  |   492.1    423.8  0.00 | -1.0  0.0 0   0   0  0  1  0
  - 1.34s  --------    0  Y   Y  1.00  3.19 1.00 -  |   491.4    423.8  0.00 | -1.0  0.0 0   0   0  0  1  0
  - 1.24s  --------    0  Y   Y  1.00  3.29 1.00 -  |   490.7    423.8  0.00 | -1.0  0.0 0   0   0  0  1  0
  - 1.14s  --------    0  Y   Y  1.00  3.39 1.00 -  |   490.0    423.8  0.00 | -1.0  0.0 0   0   0  0  1  0
  - 1.03s  --------    0  Y   Y  1.00  3.49 1.00 -  |   489.3    423.8  0.00 | -1.0  0.0 0   0   0  0  1  0
  - 0.93s  --------    0  Y   Y  1.00  3.60 1.00 -  |   488.5    423.8  0.00 | -1.0  0.0 0   0   0  0  1  0
  - 0.82s  --------    0  Y   Y  1.00  3.70 1.00 -  |   487.8    423.8  0.00 | -1.0  1.0 0   0   0  0  1  0
  - 0.72s  --------    0  Y   Y  1.00  3.80 1.00 -  |   487.1    423.9  0.00 | -1.0  1.0 0   0   0  0  1  0
  - 0.62s  --------    0  Y   Y  1.00  3.91 1.00 -  |   486.5    424.2  0.00 | -1.0  1.0 0   0   0  0  1  0
  - 0.52s  --------    0  Y   Y  1.00  4.01 1.00 -  |   485.9    424.7  0.00 |  0.0  1.0 0   0   0  0  1  0
  - 0.42s  --------    0  Y   Y  1.00  4.11 1.00 -  |   485.5    425.2  0.00 |  0.0  1.0 0   0   0  0  1  0
  - 0.31s  --------    0  Y   Y  1.00  4.21 1.00 -  |   485.2    425.8  0.00 |  0.0  1.0 0   0   0  0  1  0
  - 0.21s  --------    0  Y   Y  1.00  4.32 1.00 -  |   485.0    426.7  0.00 |  0.0  1.0 0   0   0  0  1  0
  - 0.10s  --------    0  Y   Y  1.00  4.42 1.00 -  |   485.0    427.4  0.00 |  0.0  1.0 0   0   0  0  1  0
  - 0.00s  --------    0  Y   Y  1.00  4.53 1.00 -  |   485.0    428.1  0.00 |  0.0  1.0 0   0   0  0  1  0
=========================================================== END

[  6555   35.440 x1.00] LOG  🐾 4-LEG JUMP #0
[  6555   35.440 x1.00] LOG  🐾 Jump 1 VFX spawned!
[  6622   35.796 x1.00] LOG  🐾 4-LEG JUMP #1
[  6622   35.796 x1.00] LOG  🐾 Jump 2 VFX spawned!
[  6684   36.119 x1.00] LOG  [Combat] Dodge: Dodge_4Leg (4m, 4leg)
[  6684   36.119 x1.00] LOG  [AirPosePin] engaged, holding body at 1.024m above the transform
[  6781   36.627 x1.00] LOG  [Combat] Dodge early exit at 85% (movement input)
[  6781   36.627 x1.00] LOG  [DodgeTrace] 4leg flip: clip 0.80s, ran 0.51s, skipped 0.18s of wind-up, 4.0m — travel never completed (cut short).
[  6781   36.627 x1.00] LOG  [Combat] Dodge ended
[  6781   36.627 x1.00] LOG  [AirPosePin] released, peak correction was -0.996m
[  6859   37.033 x1.00] LOG  
==================== [FREEZE-DEBUG v3] ====================
  Reason : WASD-NOMOVE: WASD recent + speed 0.00m/s for 0.41s
  Time   : 34.540s   Frame: 6859   Snaps: 60
===========================================================

--- CURRENT STATE ---
  Flags: atk=False hvy=False dod=False dsh=False
         grd=False hit=False aerial=False lockPos=False
         comboStep=0
  Anim : speed=1.00  combatLayer hash=-792875657 normT=0.398 weight=1.00 inTransition=False
  CC   : grounded=False  enabled=True  pos=(470.06, 0.31, 436.32)  vel=(0.00, -9.30, 0.00)
  Move : IsRunning=True
  Input: H=-1.00 V=0.00  LMB=False MMB=False Q=False Sp=False Sh=True C=False
         WASD pressed in last 0.5s: True (last 0.00s ago)

--- FLIGHT RECORDER (60 snapshots, oldest first, dt=0.10s) ---
  Legend: flags = A(tk) H(vy) D(od) S(sh) G(rd) R(eact) Y(aerial) L(ock)   gnd/cc: Y/n
  t-now    flags     step gnd cc anSp normT layW tr | posX     posZ     spd   | H    V    LMB MMB Q  Sp Sh C
  ------   --------  ---- --- -- ---- ----- ---- -- | -----    -----    ----  | ---- ---- --- --- -- -- -- -
  - 6.12s  --------    0  Y   Y  1.00  2.88 1.00 -  |   493.5    423.8  0.00 | -1.0  0.0 0   0   0  0  1  0
  - 6.02s  --------    0  Y   Y  1.00  2.98 1.00 -  |   492.8    423.8  0.00 | -1.0  0.0 0   0   0  0  1  0
  - 5.91s  --------    0  Y   Y  1.00  3.08 1.00 -  |   492.1    423.8  0.00 | -1.0  0.0 0   0   0  0  1  0
  - 5.81s  --------    0  Y   Y  1.00  3.19 1.00 -  |   491.4    423.8  0.00 | -1.0  0.0 0   0   0  0  1  0
  - 5.71s  --------    0  Y   Y  1.00  3.29 1.00 -  |   490.7    423.8  0.00 | -1.0  0.0 0   0   0  0  1  0
  - 5.61s  --------    0  Y   Y  1.00  3.39 1.00 -  |   490.0    423.8  0.00 | -1.0  0.0 0   0   0  0  1  0
  - 5.50s  --------    0  Y   Y  1.00  3.49 1.00 -  |   489.3    423.8  0.00 | -1.0  0.0 0   0   0  0  1  0
  - 5.40s  --------    0  Y   Y  1.00  3.60 1.00 -  |   488.5    423.8  0.00 | -1.0  0.0 0   0   0  0  1  0
  - 5.30s  --------    0  Y   Y  1.00  3.70 1.00 -  |   487.8    423.8  0.00 | -1.0  1.0 0   0   0  0  1  0
  - 5.19s  --------    0  Y   Y  1.00  3.80 1.00 -  |   487.1    423.9  0.00 | -1.0  1.0 0   0   0  0  1  0
  - 5.09s  --------    0  Y   Y  1.00  3.91 1.00 -  |   486.5    424.2  0.00 | -1.0  1.0 0   0   0  0  1  0
  - 4.99s  --------    0  Y   Y  1.00  4.01 1.00 -  |   485.9    424.7  0.00 |  0.0  1.0 0   0   0  0  1  0
  - 4.89s  --------    0  Y   Y  1.00  4.11 1.00 -  |   485.5    425.2  0.00 |  0.0  1.0 0   0   0  0  1  0
  - 4.78s  --------    0  Y   Y  1.00  4.21 1.00 -  |   485.2    425.8  0.00 |  0.0  1.0 0   0   0  0  1  0
  - 4.68s  --------    0  Y   Y  1.00  4.32 1.00 -  |   485.0    426.7  0.00 |  0.0  1.0 0   0   0  0  1  0
  - 4.58s  --------    0  Y   Y  1.00  4.42 1.00 -  |   485.0    427.4  0.00 |  0.0  1.0 0   0   0  0  1  0
  - 4.47s  --------    0  Y   Y  1.00  4.53 1.00 -  |   485.0    428.1  0.00 |  0.0  1.0 0   0   0  0  1  0
  - 4.37s  --------    0  Y   Y  1.00  4.63 1.00 -  |   485.0    428.8  0.00 |  0.0  1.0 0   0   0  0  1  0
  - 4.27s  --------    0  Y   Y  1.00  4.73 1.00 -  |   485.0    429.5  0.00 |  0.0  1.0 0   0   0  0  1  0
  - 4.17s  --------    0  Y   Y  1.00  4.83 1.00 -  |   485.0    430.2  0.00 |  0.0  1.0 0   0   0  0  1  0
  - 4.07s  --------    0  Y   Y  1.00  4.93 1.00 -  |   485.0    430.9  0.00 |  0.0  1.0 0   0   0  0  1  0
  - 3.96s  --------    0  Y   Y  1.00  5.03 1.00 -  |   485.0    431.7  0.00 |  0.0  1.0 0   0   0  0  1  0
  - 3.86s  --------    0  Y   Y  1.00  5.14 1.00 -  |   485.0    432.4  0.00 |  0.0  1.0 0   0   0  0  1  0
  - 3.75s  --------    0  Y   Y  1.00  5.24 1.00 -  |   485.0    433.1  0.00 |  0.0  1.0 0   0   0  0  1  0
  - 3.65s  --------    0  Y   Y  1.00  5.35 1.00 -  |   485.0    433.8  0.00 |  0.0  1.0 0   0   0  0  1  0
  - 3.55s  --------    0  Y   Y  1.00  5.45 1.00 -  |   485.0    434.5  0.00 |  0.0  1.0 0   0   0  0  1  0
  - 3.44s  --------    0  Y   Y  1.00  5.55 1.00 -  |   485.0    435.2  0.00 |  0.0  0.0 0   0   0  0  1  0
  - 3.34s  --------    0  Y   Y  1.00  5.65 1.00 -  |   485.0    435.9  0.00 |  0.0  0.0 0   0   0  0  1  0
  - 3.24s  --------    0  Y   Y  1.00  5.76 1.00 -  |   485.0    436.7  0.00 |  0.0  0.0 0   0   0  0  1  0
  - 3.13s  --------    0  Y   Y  1.00  5.86 1.00 -  |   485.0    436.9  0.00 |  0.0  0.0 0   0   0  0  1  0
  - 3.03s  --------    0  Y   Y  1.00  5.97 1.00 -  |   485.0    436.9  0.00 |  0.0  0.0 0   0   0  0  1  0
  - 2.92s  --------    0  Y   Y  1.00  6.07 1.00 -  |   485.0    436.9  0.00 |  0.0  0.0 0   0   0  0  1  0
  - 2.82s  --------    0  Y   Y  1.00  6.18 1.00 -  |   485.0    436.9  0.00 |  0.0  0.0 0   0   0  0  1  0
  - 2.71s  --------    0  Y   Y  1.00  6.28 1.00 -  |   485.0    436.9  0.00 |  0.0  0.0 0   0   0  0  1  0
  - 2.61s  --------    0  Y   Y  1.00  6.38 1.00 -  |   485.0    436.9  0.00 | -1.0  0.0 0   0   0  0  1  0
  - 2.51s  --------    0  Y   Y  1.00  6.49 1.00 -  |   484.5    436.9  0.00 | -1.0  0.0 0   0   0  0  1  0
  - 2.41s  --------    0  Y   Y  1.00  6.59 1.00 -  |   483.8    436.9  0.00 | -1.0  0.0 0   0   0  0  1  0
  - 2.30s  --------    0  Y   Y  1.00  6.69 1.00 -  |   483.1    436.9  0.00 | -1.0  0.0 0   0   0  0  1  0
  - 2.20s  --------    0  Y   Y  1.00  6.80 1.00 -  |   482.2    436.9  0.00 | -1.0  0.0 0   0   0  0  1  0
  - 2.10s  --------    0  Y   Y  1.00  6.89 1.00 -  |   481.5    436.9  0.00 | -1.0  0.0 0   0   0  0  1  0
  - 2.00s  --------    0  Y   Y  1.00  7.00 1.00 -  |   480.8    436.9  0.00 | -1.0  0.0 0   0   0  0  1  0
  - 1.90s  --------    0  Y   Y  1.00  7.10 1.00 -  |   480.1    436.9  0.00 | -1.0  0.0 0   0   0  0  1  0
  - 1.79s  --------    0  Y   Y  1.00  7.20 1.00 -  |   479.4    436.9  0.00 | -1.0  0.0 0   0   0  0  1  0
  - 1.69s  --------    0  Y   Y  1.00  7.30 1.00 -  |   478.7    436.9  0.00 | -1.0  0.0 0   0   0  0  1  0
  - 1.59s  --------    0  Y   Y  1.00  7.40 1.00 -  |   478.0    436.9  0.00 | -1.0  0.0 0   0   0  1  1  0
  - 1.49s  --------    0  n   Y  1.00  7.51 1.00 -  |   477.5    436.9  0.00 | -1.0  0.0 0   0   0  1  1  0
  - 1.39s  --------    0  n   Y  1.00  7.61 1.00 -  |   477.1    436.9  0.00 | -1.0  0.0 0   0   0  0  1  0
  - 1.29s  --------    0  n   Y  1.00  7.71 1.00 -  |   476.6    436.9  0.00 | -1.0  0.0 0   0   0  0  1  0
  - 1.19s  --------    0  n   Y  1.00  7.81 1.00 -  |   476.2    436.9  0.00 | -1.0  0.0 0   0   0  1  1  0
  - 1.09s  --------    0  n   Y  1.00  7.91 1.00 -  |   475.7    436.9  0.00 | -1.0  0.0 0   0   0  0  1  0
  - 0.98s  --------    0  n   Y  1.00  8.01 1.00 -  |   475.2    436.9  0.00 | -1.0  0.0 0   0   0  0  1  0
  - 0.88s  --D-----    0  n   Y  1.00  8.12 1.00 T  |   474.6    436.8  13.53 | -1.0  0.0 0   0   0  0  1  1
  - 0.77s  --D-----    0  n   Y  1.00  0.40 1.00 -  |   473.4    436.7  14.07 | -1.0  0.0 0   0   0  0  1  0
  - 0.67s  --D-----    0  n   Y  1.00  0.53 1.00 -  |   472.5    436.5  7.18 | -1.0  0.0 0   0   0  0  1  0
  - 0.57s  --D-----    0  n   Y  1.00  0.66 1.00 -  |   471.8    436.4  2.89 | -1.0  0.0 0   0   0  0  1  0
  - 0.46s  --D-----    0  n   Y  1.00  0.78 1.00 -  |   471.3    436.3  11.68 | -1.0  0.0 0   0   0  0  1  0
  - 0.36s  --------    0  n   Y  1.00  0.92 1.00 T  |   471.1    436.3  0.00 | -1.0  0.0 0   0   0  0  1  0
  - 0.26s  --------    0  n   Y  1.00  1.04 1.00 T  |   470.8    436.3  0.00 | -1.0  0.0 0   0   0  0  1  0
  - 0.15s  --------    0  n   Y  1.00  0.25 1.00 -  |   470.5    436.3  0.00 | -1.0  0.0 0   0   0  0  1  0
  - 0.05s  --------    0  n   Y  1.00  0.36 1.00 -  |   470.2    436.3  0.00 | -1.0  0.0 0   0   0  0  1  0
=========================================================== END

[  6867   37.073 x1.00] LOG  💨 Landing VFX spawned!
[  6867   37.073 x1.00] LOG  ✅ LANDED! (was jump #2)
[  7183   38.721 x1.00] LOG  [StormWeather] terrain layers restored to dry values.
# end — 178 lines
