# Oni combat log — 2026-09-23 14:39:38
# Unity 6000.2.7f2 | scene 'CaveScene_Oni_Boss1' | platform OSXEditor
# columns: [frame realSeconds timeScale] KIND message      (KIND: LOG WARN ERR EXC TEL)
#
[     0    0.000 x1.00] LOG  [OniLog] console + telemetry → /Users/asenahazal/Documents/Yoru/OniLogs/oni_2026-09-23_14-39-38.log
[     0    0.000 x1.00] LOG  [OniHairShadows] shadow casting off on 27 hair renderers
[     0    0.000 x1.00] LOG  [RingMesh] Auto-found 11/11 left, 11/11 right meshes
[     1    0.000 x1.00] LOG  [Pause] ready: key Escape, paper shader ok, paper set, kanji set, font YujiSyuku-Regular SDF, capture ScreenGrab, Main Menu faint (no scene set)
[     1    0.000 x1.00] LOG  [PeachUI] row ready: 4 peaches, 64 px, TopLeft, bleed sprite set, PlayerHealth found
[     1    0.000 x1.00] LOG  [GameOver] ready (sumi-e): PlayerCombat found, ink shader ok, paper set, kanji set, font YujiSyuku-Regular SDF, Main Menu faint (no scene set)
[     1    0.000 x1.00] LOG  [BossBar] BossHealthBarUI initialized
[     1    0.000 x1.00] LOG  [StormWeather] layer 'TerrainLayer_Dirt_01' dry smoothness=0.00 (restore to this if a crash ever leaves it wet)
[     1    0.000 x1.00] LOG  [StormWeather] post volumes ready on layer 9 (storm priority 10, flash priority 11).
[     1    0.000 x1.00] LOG  [StormWeather] ROUND 80: fur weather ready on 'Weather Zone'. Rain 0, wind 0.50 in the open, sky check 30 m from 'PlayerYoru_1.1'.
[     1    0.000 x1.00] LOG  [StormWeather] COZY bridge: Rain_Cave retired, COZY owns the rain now.
[     1    0.000 x1.00] LOG  [StormWeather] COZY → 'Clear' (pre-fight - open sky, 0 s)
[     1    0.000 x1.00] LOG  [StormWeather] Ready. Open sky, dry floor. Waiting for the fight.
[     1    0.000 x1.00] LOG  OniBoss initialized with 2500 HP
[     1    0.000 x1.00] LOG  [OniBoss] ANIMATOR SETUP: cullingMode=CullUpdateTransforms updateMode=Normal applyRootMotion=False speed=1
[     1    0.000 x1.00] LOG  [OniBoss] Initialized
[     1    0.000 x1.00] LOG  [OniBoss:Layer] facing: minFlat 1m, snapOnAttack off, trackInHitReact off, aimTurn 540 deg/s for the first 0.20 of the swing
[     1    0.000 x1.00] LOG  [OniBoss:Layer] Yoru launch model ON: launches ALL THE WAY to an enemy within 4.7m of its surface at 10m/s (stop gap 0.00m, NO minimum distance), else steps 0.90m forward. Targeting cone left exactly as her prefab has it.
[     1    0.000 x1.00] LOG  [OniBoss:Layer] Yoru launch ROUND 9: airborne attacks launch too (ON), edge probe now runs on its OWN layer mask (Everything) instead of the line-of-sight mask - the Ground-only mask found no floor in this cave and was cancelling 100% of launches at 0.00m travelled.
[     1    0.000 x1.00] LOG  [OniBoss:Layer] animator speed x1.35 — his 1.13s swing now plays in 0.84s.
[     1    0.000 x1.00] LOG  [OniBoss:Layer] chase speed pushed: phase1 4.5, phase2 5.5 (Yoru runs at 7).
[     1    0.000 x1.00] LOG  [OniBoss:Layer] ground wave ON (round 38): half the club's damage on TOUCH, 12m/s x 6.0m from 1.6m in front at 0.35m height — a club hit cancels that swing's wave, jumping clears it. Per-attack effects come from the Swing Wave VFX By Attack rows. PlayerHealth found, PlayerMovement found.
[     1    0.000 x1.00] LOG  [StormWeather] storm break HELD (waiting for the lightning beat)
[     1    0.000 x1.00] LOG  [OniBoss:Layer] storm break HELD — it releases at the lightning-on-the-club beat.
[     1    0.000 x1.00] LOG  [OniBoss:Layer] club tracking ON — tip 'Kanabo3' (depth 4), shaft root 'kanabo'.
[     1    0.000 x1.00] LOG  [OniBoss:Layer] skinned meshes: 46 renderer(s), updateWhenOffscreen ON, body renderer 'Body' rootBone 'Hips'
[     1    0.000 x1.00] LOG  [OniBoss:Layer] charge travel bone: 'Hips' at depth 1 under 'OniBoss', rest local (0.00, 3.24, -0.24)
[     1    0.000 x1.00] LOG  [OniBoss:Layer] anti-kite ON: thrown swing after 4s of failed chase (within 7.6m), charge after 6s.
[     1    0.000 x1.00] LOG  [OniBoss:Layer] charge drive ON (windup to 0.40 at x1.3, rush 14m/s stops at 2.6m, steers 0.35s then commits, strike section from 0.58, strike moment 0.76, trail VFX off)
[     1    0.000 x1.00] LOG  [OniBoss:Layer] attack armor ON (his swings are not interrupted by light/medium hits; heavy hits and rapid-hit bursts still stop him)
[     1    0.000 x1.00] LOG  [OniBoss:Layer] strike moments overridden: Club_Swing=0.42 ClubSwing2=0.32 ClubSlam=0.85 KanaboSweep=0.48
[     1    0.000 x1.00] LOG  [OniBoss:Layer] club TOUCH hits ON (radius 0.70m, min tip speed 50m/s, armed from 0.20 of the clip): Club_Swing ClubSwing2 ClubSlam KanaboSweep. First touch wins — club full damage, wave half, one hit per swing.
[     1    0.000 x1.00] LOG  [OniBoss:Layer] combo damage ramp ON: mid x1.25, finisher x1.50 — finisher wave carries FULL damage at x2.0 size, x2.0 travel.
[     1    0.000 x1.00] LOG  [OniBoss:Layer] charge follow-up ON: 90 % of solo charges chain into a random melee finisher.
[     1    0.000 x1.00] LOG  [OniBoss:Layer] hold-ground ON (backstep 1.5m @ 1.6m/s after own attacks, watch 'Watch', attack facing LOCKED)
[     1    0.000 x1.00] LOG  [OniBoss:Layer] OniBoss layer ready (reactions, wake-on-hit, watch stance, boss bar). player=found
[     1    0.000 x1.00] LOG  [OniBoss:Layer] charge clip 'Oni Charge.fbx' imports with Root Motion Node = None (in place) — good.
[     1    0.000 x1.00] LOG  [OniBoss:Layer] clips importing with Root Transform Position (Y) NOT baked into pose (12): Oni_Alert(Oni Alert), Club_Slam(Oni Club Slam), Club_Swing(Oni Club Swing), Club_swing2(Oni Club Swing 2), Death(Oni Death Kneel), KanaboSweep(Oni Kanabo sweep), Phase_Transition(Oni Phase transition), run(Oni Run), Walk(Oni Walk), Watch(Oni Watch), Idle(Oni Idle), HitReactLight(Oni NEWHit react light) — their hips' up/down motion is stripped (see round notes; optional).
[     1    0.000 x1.00] LOG  === VFX MANAGER INITIALIZED ===
[     1    0.000 x1.00] LOG  Auto-detect animations: False
[     1    0.000 x1.00] LOG  Parent effects to tail: True
[     1    0.000 x1.00] LOG  Prefabs: Jump=True, Land=True, LTail=True, RTail=True
[     1    0.000 x1.00] LOG  ✅ Left Tail Tip: LeftTailTip_Anchor
[     1    0.000 x1.00] LOG  ✅ Right Tail Tip: RightTailTip_Anchor
[     1    0.000 x1.00] LOG  [VolumetricFogController] applyPresets is OFF in this scene. The Volumetric Fog component keeps its hand-set inspector values.
[     1    0.000 x1.00] LOG  [TailAirShot] Ready. drawState=RightTail_Fast castParam=TailCastSpeed (found)
  arrow leaves: PlayerYoru_1.1/Cat_All_10_Tails_v4/Group/DeformationSystem/root/Root_M/Tail15_R/Tail151_R/Tail152_R/Tail153_R/Tail154_R/Tail155_R/Tail156_R/Tail157_R/Tail158_R/Tail159_R/Tail1510_R/Tail1511_R/Tail1512_R/Tail6_R/Tail6_R_end/Tail6_R_end_end/Tail6_R_end_end_end/RightTailTip_Anchor
  aim VFX: PlayerYoru_1.1/Cat_All_10_Tails_v4/Group/DeformationSystem/root/Root_M/Tail15_R/Tail151_R/Tail152_R/Tail153_R/Tail154_R/Tail155_R/Tail156_R/Tail157_R/Tail158_R/Tail159_R/Tail1510_R/Tail1511_R/Tail1512_R/Tail6_R/Tail6_R_end/Tail6_R_end_end/Tail6_R_end_end_end/RightTailTip_Anchor/vfx_Muzzle_Fireball01Blue
[     1    0.000 x1.00] LOG  [RingMesh] VFX Status:
[     1    0.000 x1.00] LOG    Left: Prefab=✓, Spawn=Tail6_L_end_end_end
[     1    0.000 x1.00] LOG    Right: Prefab=✓, Spawn=Tail6_R_end_end_end
[     1    0.000 x1.00] LOG  [TailAirShot4Leg] Ready. drawState=shoot_4Leg castParam=Shoot4LegSpeed (found) readyFrame=5 fireFrame=10 frames=24 slowBudget=3s real damageMultiplier=2.00
  arrow leaves: PlayerYoru_1.1/Cat_All_10_Tails_v4/Group/DeformationSystem/root/Root_M/Tail15_R/Tail151_R/Tail152_R/Tail153_R/Tail154_R/Tail155_R/Tail156_R/Tail157_R/Tail158_R/Tail159_R/Tail1510_R/Tail1511_R/Tail1512_R/Tail6_R/Tail6_R_end/Tail6_R_end_end/Tail6_R_end_end_end/RightTailTip_Anchor
  aim VFX left:  PlayerYoru_1.1/Cat_All_10_Tails_v4/Group/DeformationSystem/root/Root_M/Tail15_L/Tail151_L/Tail152_L/Tail153_L/Tail154_L/Tail155_L/Tail156_L/Tail157_L/Tail158_L/Tail159_L/Tail1510_L/Tail1511_L/Tail1512_L/Tail6_L/Tail6_L_end/Tail6_L_end_end/Tail6_L_end_end_end/LeftTailTip_Anchor/Glow_4Leg_L
  aim VFX right: PlayerYoru_1.1/Cat_All_10_Tails_v4/Group/DeformationSystem/root/Root_M/Tail15_R/Tail151_R/Tail152_R/Tail153_R/Tail154_R/Tail155_R/Tail156_R/Tail157_R/Tail158_R/Tail159_R/Tail1510_R/Tail1511_R/Tail1512_R/Tail6_R/Tail6_R_end/Tail6_R_end_end/Tail6_R_end_end_end/RightTailTip_Anchor/Glow_4Leg_R
[     1    0.000 x1.00] LOG  [PlayerCombat] Phase 2 form gate CONNECTED (FormController found on this GameObject).
[     1    0.000 x1.00] LOG  [Combat] PlayerCombat initialized, Phase 3C v27
[     1    0.000 x1.00] LOG  [CameraGameFeel] CameraGameFeel initialized (shake + FOV)
[     1    6.667 x1.00] LOG  [OniBoss] Playing animation: Idle
[    26    8.529 x1.00] LOG  💨 Landing VFX spawned!
[    26    8.529 x1.00] LOG  ✅ LANDED! (was jump #0)
[   426   11.133 x1.00] LOG  🐾 4-LEG JUMP #0
[   426   11.133 x1.00] LOG  🐾 Jump 1 VFX spawned!
[   479   11.478 x1.00] LOG  🐾 4-LEG JUMP #1
[   479   11.478 x1.00] LOG  🐾 Jump 2 VFX spawned!
[   519   11.708 x1.00] LOG  🐾 4-LEG JUMP #2
[   519   11.708 x1.00] LOG  🐾 Jump 3 VFX spawned!
[   519   11.708 x1.00] LOG  🚫 Max jumps reached!
[   601   12.224 x1.00] LOG  [ComboTrace] LAUNCH STEP (no enemy) dist=0.90m in 0.13s [AIRBORNE]
[   601   12.224 x1.00] LOG  [Combat] Aerial spin, 25 dmg
[   601   12.224 x1.00] LOG  [YoruVFX] Air spin: 'VFX_Void_Burst_AirSpinYoru' at CenterVFX, 46 systems, longest 1.00s fitted to 0.79s at speed 1.27, 8 forced Local, 38 delays zeroed, tail 2.37s
[   601   12.224 x1.00] LOG  [AirPosePin] engaged, holding body at 2.056m above the transform
[   621   12.358 x1.00] LOG  [ComboTrace] LAUNCH RESULT wanted=0.90m actually moved=1.53m, completed
[   639   12.487 x1.00] LOG  [OniBoss:Layer] watch stance ON (player 15.0m)
[   671   12.707 x1.00] LOG  💨 Landing VFX spawned!
[   671   12.707 x1.00] LOG  ✅ LANDED! (was jump #3)
[   671   12.707 x1.00] LOG  [AirPosePin] released, peak correction was 0.080m
[   703   12.907 x1.00] LOG  [YoruVFX] Spin VFX stopped, fading for 2.37s
[   707   12.938 x1.00] LOG  [ComboTrace] END step=3 clipProgress=0.90 clipLen=0.79s queued=0 elapsed=0.71s
[   782   13.418 x1.00] LOG  [Combat] Combo 1: 10 dmg
[   782   13.418 x1.00] LOG  [ComboTrace] START step=1 state='Combo1' queued=0 target='OniBoss' at 9.3m
[   782   13.418 x1.00] LOG  [ComboTrace] LAUNCH STEP (too far: OniBoss at 7.7m > engage 4.7m) dist=0.90m in 0.13s
[   783   13.427 x1.00] LOG  [OniBoss] LostSoul → Alert
[   783   13.427 x1.00] LOG  [OniBoss] Playing animation: Oni_Alert
[   783   13.427 x1.00] LOG  [BossBar] Showing bar for: Oni (2500/2500)
[   783   13.427 x1.00] LOG  [OniBoss:Layer] boss bar shown
[   784   13.436 x1.00] LOG  [StormWeather] COZY → 'Yoru_Oni_Phase1_Storm' (fight engaged - storm rolls in, 0 s)
[   784   13.436 x1.00] LOG  [StormWeather] FIGHT STARTED (he engaged) - storm on, floor starts to soak.
[   785   13.442 x1.00] WARN The referenced script on this Behaviour (Game Object '<null>') is missing!
[   785   13.442 x1.00] WARN The referenced script on this Behaviour (Game Object 'Lightning Light') is missing!
[   785   13.442 x1.00] WARN The referenced script on this Behaviour (Game Object 'Lightning Light') is missing!
[   800   13.544 x1.00] LOG  [ComboTrace] LAUNCH RESULT wanted=0.90m actually moved=0.90m, completed
[   808   13.608 x1.00] LOG  [Combat] Queued click #1 (combo 1)
[   808   13.608 x1.00] LOG  [ComboTrace] QUEUED #1 during step 1
[   813   13.645 x1.00] LOG  [StormWeather] fur: rain reaching the coat (intensity 0.01, follows floor wetness).
[   849   13.927 x1.00] LOG  [OniBoss] Alert → Chase
[   850   13.934 x1.00] LOG  [OniBoss] Pull-band decision: RUN-IN (dist 8.2m, pullRange 0m, chance 0.50)
[   850   13.934 x1.00] LOG  [OniBoss] Playing animation: run
[   862   14.017 x1.00] LOG  🐾 VFX_AttackPaw triggered!
[   876   14.119 x1.00] LOG  [Combat] Combo 2: 20 dmg
[   876   14.119 x1.00] LOG  [ComboTrace] START step=2 state='Combo2' queued=0 target='OniBoss' at 8.0m
[   876   14.119 x1.00] LOG  [ComboTrace] LAUNCH STEP (too far: OniBoss at 6.7m > engage 4.7m) dist=0.90m in 0.13s
[   893   14.235 x1.00] LOG  [StormWeather] storm post weight -> 0.40
[   895   14.248 x1.00] LOG  [ComboTrace] LAUNCH RESULT wanted=0.90m actually moved=0.90m, completed
[   968   14.747 x1.00] LOG  🐾🐾 VFX_TowPaw triggered!
[  1022   15.088 x1.00] LOG  [OniBoss] Playing animation: Watch
[  1022   15.088 x1.00] LOG  [OniBoss] Chase → Attack
[  1022   15.088 x1.00] LOG  [OniBoss] Attack: Club_Swing (16 dmg)
[  1022   15.088 x1.00] LOG  [OniBoss:Trail] Club_Swing trail START at clip 1.00 (transition done).
[  1027   15.122 x1.00] LOG  [Combat] Safety: movement stuck 1.0s (atk=True dod=False dsh=False hvy=False hit=False animSpeed=1), forcing reset
[  1027   15.122 x1.00] LOG  [Combat] Combat reset
[  1027   15.122 x1.00] LOG  🐾🐾 VFX_TowPaw triggered!
[  1030   15.139 x1.00] LOG  [OniBoss:Layer] step-in: 'Club_Swing' closed 0.23m, Yoru now 3.0m away (range 3.5)
[  1079   15.448 x1.00] LOG  [OniBoss:ClubPos] Club_Swing at strike: club tip 3.02m up, 2.39m in front, -3.01m to his right (3.85m out from his centre). Club faces -85deg from his forward, pitch 0.41. (the ground wave is born 1.6m in front of him at 0.35m.)
[  1079   15.448 x1.00] LOG  [OniBoss:Layer] Club_Swing: club has not connected — ground wave released ARMED, 1.6m in front, 12m/s x 6.0m = 0.50s, carrying 8 (half of the club's 16).
[  1080   15.460 x1.00] LOG  [Peach] light hit 8 dmg: 1 bite. 15/16 bites = 3.75 of 4 peaches
[  1080   15.460 x1.00] LOG  [HitReactTrace] 4-leg LIGHT hit at 0.00 m/s (running threshold 3.00) => standing (medium) reaction.
[  1080   15.460 x1.00] LOG  [Combat] Hit react: HitReact_Light_4Leg (0.5s, clip starts at 0.28s)
[  1080   15.460 x1.00] LOG  [CameraGameFeel] Shake: intensity=0.30 duration=0.200s
[  1080   15.460 x1.00] LOG  [CameraGameFeel] FOV punch: player damage (-2.0°)
[  1080   15.460 x1.00] LOG  [OniBoss:Wave] wave TOUCHED Yoru (grounded) for 8 after 0.1m / 0.01s of travel.
[  1082   15.476 x1.00] LOG  [HitReactTrace] asked for 'HitReact_Light_4Leg' (0.50s, clip start 0.28s): playing it, blend resolved after 16 ms, state 1.97s long at speed 1.00, now at 0.29s, layer weight 1.00, animator.speed 1.00.
[  1143   15.928 x1.00] LOG  [OniBoss] Attack → Recovery
[  1143   15.928 x1.00] LOG  [OniBoss] Playing animation: Watch
[  1143   15.928 x1.00] LOG  [OniBoss:Trail] trail END at clip 0.99, fading over 0.40s.
[  1143   15.928 x1.00] LOG  [OniBoss:Strike] Club_Swing: club tip closest to Yoru at 0.76m, clip position 0.93 | damage fires at 0.42 | clip 0.84s => damage fires 428 ms BEFORE the club is closest
[  1164   16.078 x1.00] LOG  [OniBoss] Recovery → Chase
[  1165   16.084 x1.00] LOG  [OniBoss] hold-ground: BACKSTEP 1.5m (player 2.1m)
[  1224   16.494 x1.00] LOG  [Combat] Combo 1: 10 dmg
[  1224   16.494 x1.00] LOG  [ComboTrace] START step=1 state='Combo1' queued=0 target='OniBoss' at 3.3m
[  1224   16.494 x1.00] LOG  [ComboTrace] LAUNCH OniBoss at 1.5m dist=1.54m in 0.15s
[  1248   16.660 x1.00] LOG  [ComboTrace] LAUNCH RESULT wanted=1.54m actually moved=0.84m, completed
[  1295   16.968 x1.00] LOG  OniBoss took 10 damage. HP: 2490/2500
[  1295   16.968 x1.00] LOG  [OniBoss] Chase → HitReact
[  1295   16.968 x1.00] WARN Animator.GotoState: State could not be found
[  1295   16.968 x1.00] ERR  [OniBoss] Animator state 'Hit_react_light' not found — check the state name.
        at UnityEngine.Debug:LogError (object)
        at OniBoss:HasState (string) (at Assets/Scripts/Enemy/OniBoss.cs:3937)
        at OniBoss:HandleDamaged (int,bool) (at Assets/Scripts/Enemy/OniBoss.cs:2387)
        at EnemyHealth:TakeDamage (int,bool) (at Assets/Scripts/Enemy/EnemyHealth.cs:222)
[  1295   16.968 x1.00] LOG  [Momentum] 0 -> 1 (hit), speed x1.05, damage x1.05, impact x1.05
[  1295   16.968 x1.00] LOG  [CameraGameFeel] Shake: intensity=0.06 duration=0.080s
[  1295   16.968 x1.00] LOG  [Combat] Hit OniBoss for 10
[  1295   16.968 x1.00] LOG  [CameraGameFeel] Shake: intensity=0.53 duration=0.200s
[  1295   16.968 x1.00] LOG  [CameraGameFeel] FOV punch: hit light (+1.5°)
[  1318   17.129 x1.00] LOG  🐾 VFX_AttackPaw triggered!
[  1347   17.340 x1.00] LOG  [ComboTrace] END step=1 clipProgress=0.85 clipLen=0.95s queued=0 elapsed=0.85s
[  1411   17.769 x1.00] LOG  [OniBoss] HitReact → Chase
[  1412   17.775 x1.00] LOG  [OniBoss] Playing animation: Idle
[  1419   17.824 x0.00] LOG  [Pause] screen frozen: 1426 x 802 from screen copy, turned the right way up (Auto), levels 0.11 to 0.48 (measured), world 0.58, blur mip 3.0
[  1481   18.278 x0.00] LOG  [Pause] paused: world clock was x1.00, screen frozen and blurred, up in 0.45s real
[  1601   19.117 x0.00] LOG  [StormWeather] terrain layers restored to dry values.
# end — 143 lines
