# Oni combat log — 2026-09-20 15:55:08
# Unity 6000.2.7f2 | scene 'CaveScene_Oni_Boss1' | platform OSXEditor
# columns: [frame realSeconds timeScale] KIND message      (KIND: LOG WARN ERR EXC TEL)
#
[     0    0.000 x1.00] LOG  [OniLog] console + telemetry → /Users/asenahazal/Documents/Yoru/OniLogs/oni_2026-09-20_15-55-08.log
[     0    0.000 x1.00] LOG  [OniHairShadows] shadow casting off on 27 hair renderers
[     0    0.000 x1.00] LOG  [RingMesh] Auto-found 11/11 left, 11/11 right meshes
[     1    0.000 x1.00] LOG  [BossBar] BossHealthBarUI initialized
[     1    0.000 x1.00] LOG  [StormWeather] layer 'TerrainLayer_Dirt_01' dry smoothness=0.00 (restore to this if a crash ever leaves it wet)
[     1    0.000 x1.00] LOG  [StormWeather] post volumes ready on layer 9 (storm priority 10, flash priority 11).
[     1    0.000 x1.00] LOG  [StormWeather] ROUND 80: fur weather ready on 'Weather Zone'. Rain 0, wind 0.50 in the open, sky check 30 m from 'PlayerYoru_1.1'.
[     1    0.000 x1.00] LOG  [StormWeather] COZY bridge: Rain_Cave retired, COZY owns the rain now.
[     1    0.000 x1.00] LOG  [StormWeather] COZY → 'Clear' (pre-fight - open sky, 0 s)
[     1    0.000 x1.00] LOG  [StormWeather] Ready. Open sky, dry floor. Waiting for the fight.
[     1    0.000 x1.00] LOG  OniBoss initialized with 2500 HP
[     1    0.000 x1.00] LOG  [OniBoss] ANIMATOR SETUP: cullingMode=CullUpdateTransforms updateMode=Normal applyRootMotion=False speed=1
[     1    0.000 x1.00] LOG  [OniBoss] Initialized
[     1    0.000 x1.00] LOG  [OniBoss:Layer] facing: minFlat 1m, snapOnAttack off, trackInHitReact off, aimTurn 540 deg/s for the first 0.20 of the swing
[     1    0.000 x1.00] LOG  [OniBoss:Layer] Yoru launch model ON: launches ALL THE WAY to an enemy within 4.7m of its surface at 10m/s (stop gap 0.00m, NO minimum distance), else steps 0.90m forward. Targeting cone left exactly as her prefab has it.
[     1    0.000 x1.00] LOG  [OniBoss:Layer] Yoru launch ROUND 9: airborne attacks launch too (ON), edge probe now runs on its OWN layer mask (Everything) instead of the line-of-sight mask - the Ground-only mask found no floor in this cave and was cancelling 100% of launches at 0.00m travelled.
[     1    0.000 x1.00] LOG  [OniBoss:Layer] animator speed x1.35 — his 1.13s swing now plays in 0.84s.
[     1    0.000 x1.00] LOG  [OniBoss:Layer] chase speed pushed: phase1 4.5, phase2 5.5 (Yoru runs at 7).
[     1    0.000 x1.00] LOG  [OniBoss:Layer] ground wave ON (round 38): half the club's damage on TOUCH, 12m/s x 6.0m from 1.6m in front at 0.35m height — a club hit cancels that swing's wave, jumping clears it. Per-attack effects come from the Swing Wave VFX By Attack rows. PlayerHealth found, PlayerMovement found.
[     1    0.000 x1.00] LOG  [StormWeather] storm break HELD (waiting for the lightning beat)
[     1    0.000 x1.00] LOG  [OniBoss:Layer] storm break HELD — it releases at the lightning-on-the-club beat.
[     1    0.000 x1.00] LOG  [OniBoss:Layer] club tracking ON — tip 'Kanabo3' (depth 4), shaft root 'kanabo'.
[     1    0.000 x1.00] LOG  [OniBoss:Layer] skinned meshes: 46 renderer(s), updateWhenOffscreen ON, body renderer 'Body' rootBone 'Hips'
[     1    0.000 x1.00] LOG  [OniBoss:Layer] charge travel bone: 'Hips' at depth 1 under 'OniBoss', rest local (0.00, 3.24, -0.24)
[     1    0.000 x1.00] LOG  [OniBoss:Layer] anti-kite ON: thrown swing after 4s of failed chase (within 7.6m), charge after 6s.
[     1    0.000 x1.00] LOG  [OniBoss:Layer] charge drive ON (windup to 0.40 at x1.3, rush 14m/s stops at 2.6m, steers 0.35s then commits, strike section from 0.58, strike moment 0.76, trail VFX off)
[     1    0.000 x1.00] LOG  [OniBoss:Layer] attack armor ON (his swings are not interrupted by light/medium hits; heavy hits and rapid-hit bursts still stop him)
[     1    0.000 x1.00] LOG  [OniBoss:Layer] strike moments overridden: Club_Swing=0.42 ClubSwing2=0.32 ClubSlam=0.85 KanaboSweep=0.48
[     1    0.000 x1.00] LOG  [OniBoss:Layer] club TOUCH hits ON (radius 0.70m, min tip speed 50m/s, armed from 0.20 of the clip): Club_Swing ClubSwing2 ClubSlam KanaboSweep. First touch wins — club full damage, wave half, one hit per swing.
[     1    0.000 x1.00] LOG  [OniBoss:Layer] combo damage ramp ON: mid x1.25, finisher x1.50 — finisher wave carries FULL damage at x2.0 size, x2.0 travel.
[     1    0.000 x1.00] LOG  [OniBoss:Layer] charge follow-up ON: 90 % of solo charges chain into a random melee finisher.
[     1    0.000 x1.00] LOG  [OniBoss:Layer] hold-ground ON (backstep 1.5m @ 1.6m/s after own attacks, watch 'Watch', attack facing LOCKED)
[     1    0.000 x1.00] LOG  [OniBoss:Layer] OniBoss layer ready (reactions, wake-on-hit, watch stance, boss bar). player=found
[     1    0.000 x1.00] LOG  [OniBoss:Layer] charge clip 'Oni Charge.fbx' imports with Root Motion Node = None (in place) — good.
[     1    0.000 x1.00] LOG  [OniBoss:Layer] clips importing with Root Transform Position (Y) NOT baked into pose (12): Oni_Alert(Oni Alert), Club_Slam(Oni Club Slam), Club_Swing(Oni Club Swing), Club_swing2(Oni Club Swing 2), Death(Oni Death Kneel), Hit_react_light(Oni Hit react lighter light), KanaboSweep(Oni Kanabo sweep), Phase_Transition(Oni Phase transition), run(Oni Run), Walk(Oni Walk), Watch(Oni Watch), Idle(Oni Idle) — their hips' up/down motion is stripped (see round notes; optional).
[     1    0.000 x1.00] LOG  === VFX MANAGER INITIALIZED ===
[     1    0.000 x1.00] LOG  Auto-detect animations: False
[     1    0.000 x1.00] LOG  Parent effects to tail: True
[     1    0.000 x1.00] LOG  Prefabs: Jump=True, Land=True, LTail=True, RTail=True
[     1    0.000 x1.00] LOG  ✅ Left Tail Tip: LeftTailTip_Anchor
[     1    0.000 x1.00] LOG  ✅ Right Tail Tip: RightTailTip_Anchor
[     1    0.000 x1.00] LOG  [VolumetricFogController] applyPresets is OFF in this scene. The Volumetric Fog component keeps its hand-set inspector values.
[     1    0.000 x1.00] LOG  [TailAirShot] Ready. drawState=RightTail_Fast castParam=TailCastSpeed (found)
  arrow leaves: PlayerYoru_1.1/Cat_All_10_Tails_v4/Group/DeformationSystem/root/Root_M/Tail15_R/Tail151_R/Tail152_R/Tail153_R/Tail154_R/Tail155_R/Tail156_R/Tail157_R/Tail158_R/Tail159_R/Tail1510_R/Tail1511_R/Tail1512_R/Tail6_R/Tail6_R_end/Tail6_R_end_end/Tail6_R_end_end_end/RightTailTip_Anchor
  aim VFX: PlayerYoru_1.1/Cat_All_10_Tails_v4/Group/DeformationSystem/root/Root_M/Tail15_R/Tail151_R/Tail152_R/Tail153_R/Tail154_R/Tail155_R/Tail156_R/Tail157_R/Tail158_R/Tail159_R/Tail1510_R/Tail1511_R/Tail1512_R/Tail6_R/Tail6_R_end/Tail6_R_end_end/Tail6_R_end_end_end/RightTailTip_Anchor/vfx_Muzzle_Fireball01Blue
[     1    0.000 x1.00] LOG  [RingMesh] VFX Status:
[     1    0.000 x1.00] LOG    Left: Prefab=✓, Spawn=Tail6_L_end_end_end
[     1    0.000 x1.00] LOG    Right: Prefab=✓, Spawn=Tail6_R_end_end_end
[     1    0.000 x1.00] LOG  [TailAirShot4Leg] Ready. drawState=shoot_4Leg castParam=Shoot4LegSpeed (found) readyFrame=5 fireFrame=10 frames=24 slowBudget=3s real damageMultiplier=2.00
  arrow leaves: PlayerYoru_1.1/Cat_All_10_Tails_v4/Group/DeformationSystem/root/Root_M/Tail15_R/Tail151_R/Tail152_R/Tail153_R/Tail154_R/Tail155_R/Tail156_R/Tail157_R/Tail158_R/Tail159_R/Tail1510_R/Tail1511_R/Tail1512_R/Tail6_R/Tail6_R_end/Tail6_R_end_end/Tail6_R_end_end_end/RightTailTip_Anchor
  aim VFX left:  PlayerYoru_1.1/Cat_All_10_Tails_v4/Group/DeformationSystem/root/Root_M/Tail15_L/Tail151_L/Tail152_L/Tail153_L/Tail154_L/Tail155_L/Tail156_L/Tail157_L/Tail158_L/Tail159_L/Tail1510_L/Tail1511_L/Tail1512_L/Tail6_L/Tail6_L_end/Tail6_L_end_end/Tail6_L_end_end_end/LeftTailTip_Anchor/Glow_4Leg_L
  aim VFX right: PlayerYoru_1.1/Cat_All_10_Tails_v4/Group/DeformationSystem/root/Root_M/Tail15_R/Tail151_R/Tail152_R/Tail153_R/Tail154_R/Tail155_R/Tail156_R/Tail157_R/Tail158_R/Tail159_R/Tail1510_R/Tail1511_R/Tail1512_R/Tail6_R/Tail6_R_end/Tail6_R_end_end/Tail6_R_end_end_end/RightTailTip_Anchor/Glow_4Leg_R
[     1    0.000 x1.00] LOG  [PlayerCombat] Phase 2 form gate CONNECTED (FormController found on this GameObject).
[     1    0.000 x1.00] LOG  [Combat] PlayerCombat initialized, Phase 3C v27
[     1    0.000 x1.00] LOG  [CameraGameFeel] CameraGameFeel initialized (shake + FOV)
[     1    4.794 x1.00] LOG  [OniBoss] Playing animation: Idle
[     8    6.552 x1.00] LOG  💨 Landing VFX spawned!
[     8    6.552 x1.00] LOG  ✅ LANDED! (was jump #0)
[  5436   43.371 x1.00] LOG  [OniBoss:Layer] watch stance ON (player 14.9m)
[  5548   44.235 x1.00] LOG  [OniBoss] LostSoul → Alert
[  5548   44.235 x1.00] LOG  [OniBoss] Playing animation: Oni_Alert
[  5548   44.235 x1.00] LOG  [BossBar] Showing bar for: Oni (2500/2500)
[  5548   44.235 x1.00] LOG  [OniBoss:Layer] boss bar shown
[  5549   44.244 x1.00] LOG  [StormWeather] COZY → 'Yoru_Oni_Phase1_Storm' (fight engaged - storm rolls in, 0 s)
[  5549   44.244 x1.00] LOG  [StormWeather] FIGHT STARTED (he engaged) - storm on, floor starts to soak.
[  5550   44.256 x1.00] WARN The referenced script on this Behaviour (Game Object '<null>') is missing!
[  5550   44.256 x1.00] WARN The referenced script on this Behaviour (Game Object 'Lightning Light') is missing!
[  5550   44.256 x1.00] WARN The referenced script on this Behaviour (Game Object 'Lightning Light') is missing!
[  5579   44.502 x1.00] LOG  [StormWeather] fur: rain reaching the coat (intensity 0.01, follows floor wetness).
[  5596   44.654 x1.00] LOG  🐾 4-LEG JUMP #0
[  5596   44.654 x1.00] LOG  🐾 Jump 1 VFX spawned!
[  5606   44.737 x1.00] LOG  [OniBoss] Alert → Chase
[  5607   44.746 x1.00] LOG  [OniBoss] Pull-band decision: RUN-IN (dist 5.6m, pullRange 0m, chance 0.50)
[  5607   44.746 x1.00] LOG  [OniBoss] Playing animation: run
[  5628   44.914 x1.00] LOG  [ComboTrace] LAUNCH OniBoss at 3.2m dist=3.20m in 0.32s (capped short) [AIRBORNE]
[  5628   44.914 x1.00] LOG  [Combat] Aerial spin, 25 dmg
[  5628   44.914 x1.00] LOG  [YoruVFX] Air spin: 'VFX_Void_Burst_AirSpinYoru' at CenterVFX, 46 systems, longest 1.00s fitted to 0.79s at speed 1.27, 8 forced Local, 38 delays zeroed, tail 2.37s
[  5628   44.914 x1.00] LOG  [AirPosePin] engaged, holding body at 0.664m above the transform
[  5635   44.993 x1.00] LOG  [OniBoss] Playing animation: Idle
[  5635   44.993 x1.00] LOG  [OniBoss] Combo started: swing1-2 (2 steps remaining)
[  5635   44.993 x1.00] LOG  [OniBoss] Chase → Attack
[  5635   44.993 x1.00] LOG  [OniBoss] Attack: Club_Swing (16 dmg)
[  5635   44.993 x1.00] LOG  [OniBoss:Trail] Club_Swing trail START at clip 0.26 (transition done).
[  5640   45.053 x1.00] LOG  [StormWeather] storm post weight -> 0.40
[  5642   45.074 x1.00] LOG  OniBoss took 10 damage. HP: 2490/2500
[  5642   45.074 x1.00] LOG  [Stance] OniBoss 10/100 (+10 light)
[  5642   45.074 x1.00] LOG  [OniBoss] 🤕 Hit during Attack — flash only
[  5642   45.074 x1.00] LOG  [Momentum] 0 -> 1 (hit), speed x1.05, damage x1.05, impact x1.05
[  5642   45.074 x1.00] LOG  [CameraGameFeel] Shake: intensity=0.06 duration=0.080s
[  5642   45.074 x1.00] LOG  [CameraGameFeel] Shake: intensity=0.53 duration=0.200s
[  5642   45.074 x1.00] LOG  [CameraGameFeel] FOV punch: hit light (+1.5°)
[  5657   45.227 x1.00] LOG  [ComboTrace] LAUNCH RESULT wanted=3.20m actually moved=2.64m, completed
[  5657   45.227 x1.00] LOG  OniBoss took 10 damage. HP: 2480/2500
[  5657   45.227 x1.00] LOG  [Stance] OniBoss 20/100 (+10 light)
[  5657   45.227 x1.00] LOG  [OniBoss] 🤕 Hit during Attack — flash only
[  5657   45.227 x1.00] LOG  [CameraGameFeel] Shake: intensity=0.18 duration=0.200s
[  5674   45.373 x1.00] LOG  [CameraGameFeel] Shake: intensity=0.20 duration=0.250s
[  5674   45.373 x1.00] LOG  [Peach] light hit 16 dmg: 2 bites. 14/16 bites = 3.5 of 4 peaches
[  5674   45.373 x1.00] ERR  Material 'M_VFX_Disc_Windup_Air_01 (Instance)' with Shader 'Vefects/SH_Vefects_BIRP_Disc_Windup_01' doesn't have a color property '_Color'
        at UnityEngine.Material:get_color ()
        at PlayerCombat:FlashDamage () (at Assets/Scripts/Combat/PlayerCombat.cs:2832)
        at PlayerCombat:PlayHitReaction (bool,UnityEngine.Vector3,bool) (at Assets/Scripts/Combat/PlayerCombat.cs:2361)
        at PlayerHealth:TakeDamage (int,bool,UnityEngine.Vector3,bool) (at Assets/Scripts/Player/PlayerHealth.cs:210)
[  5674   45.373 x1.00] ERR  Material 'M_VFX_Disc_Windup_Air_02 (Instance)' with Shader 'Vefects/SH_Vefects_BIRP_Disc_Windup_01' doesn't have a color property '_Color'
        at UnityEngine.Material:get_color ()
        at PlayerCombat:FlashDamage () (at Assets/Scripts/Combat/PlayerCombat.cs:2832)
        at PlayerCombat:PlayHitReaction (bool,UnityEngine.Vector3,bool) (at Assets/Scripts/Combat/PlayerCombat.cs:2361)
        at PlayerHealth:TakeDamage (int,bool,UnityEngine.Vector3,bool) (at Assets/Scripts/Player/PlayerHealth.cs:210)
[  5674   45.373 x1.00] ERR  Material 'M_VFX_Windup_Core_Add_02_Void (Instance)' with Shader 'Vefects/SH_Vefects_BIRP_Windup_Core_Add_01' doesn't have a color property '_Color'
        at UnityEngine.Material:get_color ()
        at PlayerCombat:FlashDamage () (at Assets/Scripts/Combat/PlayerCombat.cs:2832)
        at PlayerCombat:PlayHitReaction (bool,UnityEngine.Vector3,bool) (at Assets/Scripts/Combat/PlayerCombat.cs:2361)
        at PlayerHealth:TakeDamage (int,bool,UnityEngine.Vector3,bool) (at Assets/Scripts/Player/PlayerHealth.cs:210)
[  5674   45.373 x1.00] ERR  Material 'M_VFX_Glow_01 (Instance)' with Shader 'Vefects/SH_Vefects_BIRP_Unlit_Simple_01' doesn't have a color property '_Color'
        at UnityEngine.Material:get_color ()
        at PlayerCombat:FlashDamage () (at Assets/Scripts/Combat/PlayerCombat.cs:2832)
        at PlayerCombat:PlayHitReaction (bool,UnityEngine.Vector3,bool) (at Assets/Scripts/Combat/PlayerCombat.cs:2361)
        at PlayerHealth:TakeDamage (int,bool,UnityEngine.Vector3,bool) (at Assets/Scripts/Player/PlayerHealth.cs:210)
[  5674   45.373 x1.00] ERR  Material 'M_VFX_Glow_01 (Instance)' with Shader 'Vefects/SH_Vefects_BIRP_Unlit_Simple_01' doesn't have a color property '_Color'
        at UnityEngine.Material:get_color ()
        at PlayerCombat:FlashDamage () (at Assets/Scripts/Combat/PlayerCombat.cs:2832)
        at PlayerCombat:PlayHitReaction (bool,UnityEngine.Vector3,bool) (at Assets/Scripts/Combat/PlayerCombat.cs:2361)
        at PlayerHealth:TakeDamage (int,bool,UnityEngine.Vector3,bool) (at Assets/Scripts/Player/PlayerHealth.cs:210)
[  5674   45.373 x1.00] ERR  Material 'M_VFX_Glow_01 (Instance)' with Shader 'Vefects/SH_Vefects_BIRP_Unlit_Simple_01' doesn't have a color property '_Color'
        at UnityEngine.Material:get_color ()
        at PlayerCombat:FlashDamage () (at Assets/Scripts/Combat/PlayerCombat.cs:2832)
        at PlayerCombat:PlayHitReaction (bool,UnityEngine.Vector3,bool) (at Assets/Scripts/Combat/PlayerCombat.cs:2361)
        at PlayerHealth:TakeDamage (int,bool,UnityEngine.Vector3,bool) (at Assets/Scripts/Player/PlayerHealth.cs:210)
[  5674   45.373 x1.00] ERR  Material 'M_VFX_Glow_01 (Instance)' with Shader 'Vefects/SH_Vefects_BIRP_Unlit_Simple_01' doesn't have a color property '_Color'
        at UnityEngine.Material:get_color ()
        at PlayerCombat:FlashDamage () (at Assets/Scripts/Combat/PlayerCombat.cs:2832)
        at PlayerCombat:PlayHitReaction (bool,UnityEngine.Vector3,bool) (at Assets/Scripts/Combat/PlayerCombat.cs:2361)
        at PlayerHealth:TakeDamage (int,bool,UnityEngine.Vector3,bool) (at Assets/Scripts/Player/PlayerHealth.cs:210)
[  5674   45.373 x1.00] ERR  Material 'M_VFX_Embers_01 (Instance)' with Shader 'Vefects/SH_Vefects_BIRP_Unlit_Simple_01' doesn't have a color property '_Color'
        at UnityEngine.Material:get_color ()
        at PlayerCombat:FlashDamage () (at Assets/Scripts/Combat/PlayerCombat.cs:2832)
        at PlayerCombat:PlayHitReaction (bool,UnityEngine.Vector3,bool) (at Assets/Scripts/Combat/PlayerCombat.cs:2361)
        at PlayerHealth:TakeDamage (int,bool,UnityEngine.Vector3,bool) (at Assets/Scripts/Player/PlayerHealth.cs:210)
[  5674   45.373 x1.00] ERR  Material 'M_VFX_Embers_01 (Instance)' with Shader 'Vefects/SH_Vefects_BIRP_Unlit_Simple_01' doesn't have a color property '_Color'
        at UnityEngine.Material:get_color ()
        at PlayerCombat:FlashDamage () (at Assets/Scripts/Combat/PlayerCombat.cs:2832)
        at PlayerCombat:PlayHitReaction (bool,UnityEngine.Vector3,bool) (at Assets/Scripts/Combat/PlayerCombat.cs:2361)
        at PlayerHealth:TakeDamage (int,bool,UnityEngine.Vector3,bool) (at Assets/Scripts/Player/PlayerHealth.cs:210)
[  5674   45.373 x1.00] ERR  Material 'M_VFX_Refraction_Shockwave_01 (Instance)' with Shader 'Vefects/SH_Vefects_BIRP_Refraction_Shockwave_01' doesn't have a color property '_Color'
        at UnityEngine.Material:get_color ()
        at PlayerCombat:FlashDamage () (at Assets/Scripts/Combat/PlayerCombat.cs:2832)
        at PlayerCombat:PlayHitReaction (bool,UnityEngine.Vector3,bool) (at Assets/Scripts/Combat/PlayerCombat.cs:2361)
        at PlayerHealth:TakeDamage (int,bool,UnityEngine.Vector3,bool) (at Assets/Scripts/Player/PlayerHealth.cs:210)
[  5674   45.373 x1.00] ERR  Material 'M_VFX_Refraction_Shockwave_01 (Instance)' with Shader 'Vefects/SH_Vefects_BIRP_Refraction_Shockwave_01' doesn't have a color property '_Color'
        at UnityEngine.Material:get_color ()
        at PlayerCombat:FlashDamage () (at Assets/Scripts/Combat/PlayerCombat.cs:2832)
        at PlayerCombat:PlayHitReaction (bool,UnityEngine.Vector3,bool) (at Assets/Scripts/Combat/PlayerCombat.cs:2361)
        at PlayerHealth:TakeDamage (int,bool,UnityEngine.Vector3,bool) (at Assets/Scripts/Player/PlayerHealth.cs:210)
[  5674   45.373 x1.00] ERR  Material 'M_VFX_Ring_Burst_02_Dark (Instance)' with Shader 'Vefects/SH_Vefects_BIRP_Unlit_Simple_LUT_01' doesn't have a color property '_Color'
        at UnityEngine.Material:get_color ()
        at PlayerCombat:FlashDamage () (at Assets/Scripts/Combat/PlayerCombat.cs:2832)
        at PlayerCombat:PlayHitReaction (bool,UnityEngine.Vector3,bool) (at Assets/Scripts/Combat/PlayerCombat.cs:2361)
        at PlayerHealth:TakeDamage (int,bool,UnityEngine.Vector3,bool) (at Assets/Scripts/Player/PlayerHealth.cs:210)
[  5674   45.373 x1.00] ERR  Material 'M_VFX_Ring_Burst_02_Dark_Add (Instance)' with Shader 'Vefects/SH_Vefects_BIRP_Unlit_Simple_LUT_01' doesn't have a color property '_Color'
        at UnityEngine.Material:get_color ()
        at PlayerCombat:FlashDamage () (at Assets/Scripts/Combat/PlayerCombat.cs:2832)
        at PlayerCombat:PlayHitReaction (bool,UnityEngine.Vector3,bool) (at Assets/Scripts/Combat/PlayerCombat.cs:2361)
        at PlayerHealth:TakeDamage (int,bool,UnityEngine.Vector3,bool) (at Assets/Scripts/Player/PlayerHealth.cs:210)
[  5674   45.373 x1.00] ERR  Material 'M_VFX_Impact_Hemisphere_02_Void (Instance)' with Shader 'Vefects/SH_Vefects_BIRP_Impact_Hemisphere_01' doesn't have a color property '_Color'
        at UnityEngine.Material:get_color ()
        at PlayerCombat:FlashDamage () (at Assets/Scripts/Combat/PlayerCombat.cs:2832)
        at PlayerCombat:PlayHitReaction (bool,UnityEngine.Vector3,bool) (at Assets/Scripts/Combat/PlayerCombat.cs:2361)
        at PlayerHealth:TakeDamage (int,bool,UnityEngine.Vector3,bool) (at Assets/Scripts/Player/PlayerHealth.cs:210)
[  5674   45.373 x1.00] ERR  Material 'M_VFX_Impact_Hemisphere_02_Void_Inverted (Instance)' with Shader 'Vefects/SH_Vefects_BIRP_Impact_Hemisphere_01' doesn't have a color property '_Color'
        at UnityEngine.Material:get_color ()
        at PlayerCombat:FlashDamage () (at Assets/Scripts/Combat/PlayerCombat.cs:2832)
        at PlayerCombat:PlayHitReaction (bool,UnityEngine.Vector3,bool) (at Assets/Scripts/Combat/PlayerCombat.cs:2361)
        at PlayerHealth:TakeDamage (int,bool,UnityEngine.Vector3,bool) (at Assets/Scripts/Player/PlayerHealth.cs:210)
[  5674   45.373 x1.00] ERR  Material 'M_VFX_Impact_HP_01_Dark (Instance)' with Shader 'Vefects/SH_Vefects_BIRP_Unlit_Simple_LUT_01' doesn't have a color property '_Color'
        at UnityEngine.Material:get_color ()
        at PlayerCombat:FlashDamage () (at Assets/Scripts/Combat/PlayerCombat.cs:2832)
        at PlayerCombat:PlayHitReaction (bool,UnityEngine.Vector3,bool) (at Assets/Scripts/Combat/PlayerCombat.cs:2361)
        at PlayerHealth:TakeDamage (int,bool,UnityEngine.Vector3,bool) (at Assets/Scripts/Player/PlayerHealth.cs:210)
[  5674   45.373 x1.00] ERR  Material 'M_VFX_Impact_HP_01_Dark (Instance)' with Shader 'Vefects/SH_Vefects_BIRP_Unlit_Simple_LUT_01' doesn't have a color property '_Color'
        at UnityEngine.Material:get_color ()
        at PlayerCombat:FlashDamage () (at Assets/Scripts/Combat/PlayerCombat.cs:2832)
        at PlayerCombat:PlayHitReaction (bool,UnityEngine.Vector3,bool) (at Assets/Scripts/Combat/PlayerCombat.cs:2361)
        at PlayerHealth:TakeDamage (int,bool,UnityEngine.Vector3,bool) (at Assets/Scripts/Player/PlayerHealth.cs:210)
[  5674   45.373 x1.00] ERR  Material 'M_VFX_Spike_01 (Instance)' with Shader 'Vefects/SH_Vefects_BIRP_Unlit_Simple_01' doesn't have a color property '_Color'
        at UnityEngine.Material:get_color ()
        at PlayerCombat:FlashDamage () (at Assets/Scripts/Combat/PlayerCombat.cs:2832)
        at PlayerCombat:PlayHitReaction (bool,UnityEngine.Vector3,bool) (at Assets/Scripts/Combat/PlayerCombat.cs:2361)
        at PlayerHealth:TakeDamage (int,bool,UnityEngine.Vector3,bool) (at Assets/Scripts/Player/PlayerHealth.cs:210)
[  5674   45.373 x1.00] ERR  Material 'M_VFX_Energy_Balls_01 (Instance)' with Shader 'Vefects/SH_Vefects_BIRP_Thin_Smoke_01' doesn't have a color property '_Color'
        at UnityEngine.Material:get_color ()
        at PlayerCombat:FlashDamage () (at Assets/Scripts/Combat/PlayerCombat.cs:2832)
        at PlayerCombat:PlayHitReaction (bool,UnityEngine.Vector3,bool) (at Assets/Scripts/Combat/PlayerCombat.cs:2361)
        at PlayerHealth:TakeDamage (int,bool,UnityEngine.Vector3,bool) (at Assets/Scripts/Player/PlayerHealth.cs:210)
[  5674   45.373 x1.00] ERR  Material 'M_VFX_Central_Area_01_Void (Instance)' with Shader 'Vefects/SH_Vefects_BIRP_Central_Area_01' doesn't have a color property '_Color'
        at UnityEngine.Material:get_color ()
        at PlayerCombat:FlashDamage () (at Assets/Scripts/Combat/PlayerCombat.cs:2832)
        at PlayerCombat:PlayHitReaction (bool,UnityEngine.Vector3,bool) (at Assets/Scripts/Combat/PlayerCombat.cs:2361)
        at PlayerHealth:TakeDamage (int,bool,UnityEngine.Vector3,bool) (at Assets/Scripts/Player/PlayerHealth.cs:210)
[  5674   45.373 x1.00] ERR  Material 'M_VFX_Central_Area_02_Void (Instance)' with Shader 'Vefects/SH_Vefects_BIRP_Central_Area_01' doesn't have a color property '_Color'
        at UnityEngine.Material:get_color ()
        at PlayerCombat:FlashDamage () (at Assets/Scripts/Combat/PlayerCombat.cs:2832)
        at PlayerCombat:PlayHitReaction (bool,UnityEngine.Vector3,bool) (at Assets/Scripts/Combat/PlayerCombat.cs:2361)
        at PlayerHealth:TakeDamage (int,bool,UnityEngine.Vector3,bool) (at Assets/Scripts/Player/PlayerHealth.cs:210)
[  5674   45.373 x1.00] ERR  Material 'M_VFX_Disc_Windup_Air_01 (Instance)' with Shader 'Vefects/SH_Vefects_BIRP_Disc_Windup_01' doesn't have a color property '_Color'
        at UnityEngine.Material:get_color ()
        at PlayerCombat:FlashDamage () (at Assets/Scripts/Combat/PlayerCombat.cs:2832)
        at PlayerCombat:PlayHitReaction (bool,UnityEngine.Vector3,bool) (at Assets/Scripts/Combat/PlayerCombat.cs:2361)
        at PlayerHealth:TakeDamage (int,bool,UnityEngine.Vector3,bool) (at Assets/Scripts/Player/PlayerHealth.cs:210)
[  5674   45.373 x1.00] ERR  Material 'M_VFX_Disc_Windup_Air_02 (Instance)' with Shader 'Vefects/SH_Vefects_BIRP_Disc_Windup_01' doesn't have a color property '_Color'
        at UnityEngine.Material:get_color ()
        at PlayerCombat:FlashDamage () (at Assets/Scripts/Combat/PlayerCombat.cs:2832)
        at PlayerCombat:PlayHitReaction (bool,UnityEngine.Vector3,bool) (at Assets/Scripts/Combat/PlayerCombat.cs:2361)
        at PlayerHealth:TakeDamage (int,bool,UnityEngine.Vector3,bool) (at Assets/Scripts/Player/PlayerHealth.cs:210)
[  5674   45.373 x1.00] ERR  Material 'M_VFX_Windup_Core_Add_02_Void (Instance)' with Shader 'Vefects/SH_Vefects_BIRP_Windup_Core_Add_01' doesn't have a color property '_Color'
        at UnityEngine.Material:get_color ()
        at PlayerCombat:FlashDamage () (at Assets/Scripts/Combat/PlayerCombat.cs:2832)
        at PlayerCombat:PlayHitReaction (bool,UnityEngine.Vector3,bool) (at Assets/Scripts/Combat/PlayerCombat.cs:2361)
        at PlayerHealth:TakeDamage (int,bool,UnityEngine.Vector3,bool) (at Assets/Scripts/Player/PlayerHealth.cs:210)
[  5674   45.373 x1.00] ERR  Material 'M_VFX_Glow_01 (Instance)' with Shader 'Vefects/SH_Vefects_BIRP_Unlit_Simple_01' doesn't have a color property '_Color'
        at UnityEngine.Material:get_color ()
        at PlayerCombat:FlashDamage () (at Assets/Scripts/Combat/PlayerCombat.cs:2832)
        at PlayerCombat:PlayHitReaction (bool,UnityEngine.Vector3,bool) (at Assets/Scripts/Combat/PlayerCombat.cs:2361)
        at PlayerHealth:TakeDamage (int,bool,UnityEngine.Vector3,bool) (at Assets/Scripts/Player/PlayerHealth.cs:210)
[  5674   45.373 x1.00] ERR  Material 'M_VFX_Glow_01 (Instance)' with Shader 'Vefects/SH_Vefects_BIRP_Unlit_Simple_01' doesn't have a color property '_Color'
        at UnityEngine.Material:get_color ()
        at PlayerCombat:FlashDamage () (at Assets/Scripts/Combat/PlayerCombat.cs:2832)
        at PlayerCombat:PlayHitReaction (bool,UnityEngine.Vector3,bool) (at Assets/Scripts/Combat/PlayerCombat.cs:2361)
        at PlayerHealth:TakeDamage (int,bool,UnityEngine.Vector3,bool) (at Assets/Scripts/Player/PlayerHealth.cs:210)
[  5674   45.373 x1.00] ERR  Material 'M_VFX_Glow_01 (Instance)' with Shader 'Vefects/SH_Vefects_BIRP_Unlit_Simple_01' doesn't have a color property '_Color'
        at UnityEngine.Material:get_color ()
        at PlayerCombat:FlashDamage () (at Assets/Scripts/Combat/PlayerCombat.cs:2832)
        at PlayerCombat:PlayHitReaction (bool,UnityEngine.Vector3,bool) (at Assets/Scripts/Combat/PlayerCombat.cs:2361)
        at PlayerHealth:TakeDamage (int,bool,UnityEngine.Vector3,bool) (at Assets/Scripts/Player/PlayerHealth.cs:210)
[  5674   45.373 x1.00] ERR  Material 'M_VFX_Glow_01 (Instance)' with Shader 'Vefects/SH_Vefects_BIRP_Unlit_Simple_01' doesn't have a color property '_Color'
        at UnityEngine.Material:get_color ()
        at PlayerCombat:FlashDamage () (at Assets/Scripts/Combat/PlayerCombat.cs:2832)
        at PlayerCombat:PlayHitReaction (bool,UnityEngine.Vector3,bool) (at Assets/Scripts/Combat/PlayerCombat.cs:2361)
        at PlayerHealth:TakeDamage (int,bool,UnityEngine.Vector3,bool) (at Assets/Scripts/Player/PlayerHealth.cs:210)
[  5674   45.373 x1.00] ERR  Material 'M_VFX_Embers_01 (Instance)' with Shader 'Vefects/SH_Vefects_BIRP_Unlit_Simple_01' doesn't have a color property '_Color'
        at UnityEngine.Material:get_color ()
        at PlayerCombat:FlashDamage () (at Assets/Scripts/Combat/PlayerCombat.cs:2832)
        at PlayerCombat:PlayHitReaction (bool,UnityEngine.Vector3,bool) (at Assets/Scripts/Combat/PlayerCombat.cs:2361)
        at PlayerHealth:TakeDamage (int,bool,UnityEngine.Vector3,bool) (at Assets/Scripts/Player/PlayerHealth.cs:210)
[  5674   45.373 x1.00] ERR  Material 'M_VFX_Embers_01 (Instance)' with Shader 'Vefects/SH_Vefects_BIRP_Unlit_Simple_01' doesn't have a color property '_Color'
        at UnityEngine.Material:get_color ()
        at PlayerCombat:FlashDamage () (at Assets/Scripts/Combat/PlayerCombat.cs:2832)
        at PlayerCombat:PlayHitReaction (bool,UnityEngine.Vector3,bool) (at Assets/Scripts/Combat/PlayerCombat.cs:2361)
        at PlayerHealth:TakeDamage (int,bool,UnityEngine.Vector3,bool) (at Assets/Scripts/Player/PlayerHealth.cs:210)
[  5674   45.373 x1.00] ERR  Material 'M_VFX_Refraction_Shockwave_01 (Instance)' with Shader 'Vefects/SH_Vefects_BIRP_Refraction_Shockwave_01' doesn't have a color property '_Color'
        at UnityEngine.Material:get_color ()
        at PlayerCombat:FlashDamage () (at Assets/Scripts/Combat/PlayerCombat.cs:2832)
        at PlayerCombat:PlayHitReaction (bool,UnityEngine.Vector3,bool) (at Assets/Scripts/Combat/PlayerCombat.cs:2361)
        at PlayerHealth:TakeDamage (int,bool,UnityEngine.Vector3,bool) (at Assets/Scripts/Player/PlayerHealth.cs:210)
[  5674   45.373 x1.00] ERR  Material 'M_VFX_Refraction_Shockwave_01 (Instance)' with Shader 'Vefects/SH_Vefects_BIRP_Refraction_Shockwave_01' doesn't have a color property '_Color'
        at UnityEngine.Material:get_color ()
        at PlayerCombat:FlashDamage () (at Assets/Scripts/Combat/PlayerCombat.cs:2832)
        at PlayerCombat:PlayHitReaction (bool,UnityEngine.Vector3,bool) (at Assets/Scripts/Combat/PlayerCombat.cs:2361)
        at PlayerHealth:TakeDamage (int,bool,UnityEngine.Vector3,bool) (at Assets/Scripts/Player/PlayerHealth.cs:210)
[  5674   45.373 x1.00] ERR  Material 'M_VFX_Ring_Burst_02_Dark (Instance)' with Shader 'Vefects/SH_Vefects_BIRP_Unlit_Simple_LUT_01' doesn't have a color property '_Color'
        at UnityEngine.Material:get_color ()
        at PlayerCombat:FlashDamage () (at Assets/Scripts/Combat/PlayerCombat.cs:2832)
        at PlayerCombat:PlayHitReaction (bool,UnityEngine.Vector3,bool) (at Assets/Scripts/Combat/PlayerCombat.cs:2361)
        at PlayerHealth:TakeDamage (int,bool,UnityEngine.Vector3,bool) (at Assets/Scripts/Player/PlayerHealth.cs:210)
[  5674   45.373 x1.00] ERR  Material 'M_VFX_Ring_Burst_02_Dark_Add (Instance)' with Shader 'Vefects/SH_Vefects_BIRP_Unlit_Simple_LUT_01' doesn't have a color property '_Color'
        at UnityEngine.Material:get_color ()
        at PlayerCombat:FlashDamage () (at Assets/Scripts/Combat/PlayerCombat.cs:2832)
        at PlayerCombat:PlayHitReaction (bool,UnityEngine.Vector3,bool) (at Assets/Scripts/Combat/PlayerCombat.cs:2361)
        at PlayerHealth:TakeDamage (int,bool,UnityEngine.Vector3,bool) (at Assets/Scripts/Player/PlayerHealth.cs:210)
[  5674   45.373 x1.00] ERR  Material 'M_VFX_Impact_Hemisphere_02_Void (Instance)' with Shader 'Vefects/SH_Vefects_BIRP_Impact_Hemisphere_01' doesn't have a color property '_Color'
        at UnityEngine.Material:get_color ()
        at PlayerCombat:FlashDamage () (at Assets/Scripts/Combat/PlayerCombat.cs:2832)
        at PlayerCombat:PlayHitReaction (bool,UnityEngine.Vector3,bool) (at Assets/Scripts/Combat/PlayerCombat.cs:2361)
        at PlayerHealth:TakeDamage (int,bool,UnityEngine.Vector3,bool) (at Assets/Scripts/Player/PlayerHealth.cs:210)
[  5674   45.373 x1.00] ERR  Material 'M_VFX_Impact_Hemisphere_02_Void_Inverted (Instance)' with Shader 'Vefects/SH_Vefects_BIRP_Impact_Hemisphere_01' doesn't have a color property '_Color'
        at UnityEngine.Material:get_color ()
        at PlayerCombat:FlashDamage () (at Assets/Scripts/Combat/PlayerCombat.cs:2832)
        at PlayerCombat:PlayHitReaction (bool,UnityEngine.Vector3,bool) (at Assets/Scripts/Combat/PlayerCombat.cs:2361)
        at PlayerHealth:TakeDamage (int,bool,UnityEngine.Vector3,bool) (at Assets/Scripts/Player/PlayerHealth.cs:210)
[  5674   45.373 x1.00] ERR  Material 'M_VFX_Impact_HP_01_Dark (Instance)' with Shader 'Vefects/SH_Vefects_BIRP_Unlit_Simple_LUT_01' doesn't have a color property '_Color'
        at UnityEngine.Material:get_color ()
        at PlayerCombat:FlashDamage () (at Assets/Scripts/Combat/PlayerCombat.cs:2832)
        at PlayerCombat:PlayHitReaction (bool,UnityEngine.Vector3,bool) (at Assets/Scripts/Combat/PlayerCombat.cs:2361)
        at PlayerHealth:TakeDamage (int,bool,UnityEngine.Vector3,bool) (at Assets/Scripts/Player/PlayerHealth.cs:210)
[  5674   45.373 x1.00] ERR  Material 'M_VFX_Impact_HP_01_Dark (Instance)' with Shader 'Vefects/SH_Vefects_BIRP_Unlit_Simple_LUT_01' doesn't have a color property '_Color'
        at UnityEngine.Material:get_color ()
        at PlayerCombat:FlashDamage () (at Assets/Scripts/Combat/PlayerCombat.cs:2832)
        at PlayerCombat:PlayHitReaction (bool,UnityEngine.Vector3,bool) (at Assets/Scripts/Combat/PlayerCombat.cs:2361)
        at PlayerHealth:TakeDamage (int,bool,UnityEngine.Vector3,bool) (at Assets/Scripts/Player/PlayerHealth.cs:210)
[  5674   45.373 x1.00] ERR  Material 'M_VFX_Spike_01 (Instance)' with Shader 'Vefects/SH_Vefects_BIRP_Unlit_Simple_01' doesn't have a color property '_Color'
        at UnityEngine.Material:get_color ()
        at PlayerCombat:FlashDamage () (at Assets/Scripts/Combat/PlayerCombat.cs:2832)
        at PlayerCombat:PlayHitReaction (bool,UnityEngine.Vector3,bool) (at Assets/Scripts/Combat/PlayerCombat.cs:2361)
        at PlayerHealth:TakeDamage (int,bool,UnityEngine.Vector3,bool) (at Assets/Scripts/Player/PlayerHealth.cs:210)
[  5674   45.373 x1.00] ERR  Material 'M_VFX_Energy_Balls_01 (Instance)' with Shader 'Vefects/SH_Vefects_BIRP_Thin_Smoke_01' doesn't have a color property '_Color'
        at UnityEngine.Material:get_color ()
        at PlayerCombat:FlashDamage () (at Assets/Scripts/Combat/PlayerCombat.cs:2832)
        at PlayerCombat:PlayHitReaction (bool,UnityEngine.Vector3,bool) (at Assets/Scripts/Combat/PlayerCombat.cs:2361)
        at PlayerHealth:TakeDamage (int,bool,UnityEngine.Vector3,bool) (at Assets/Scripts/Player/PlayerHealth.cs:210)
[  5674   45.373 x1.00] ERR  Material 'M_VFX_Central_Area_01_Void (Instance)' with Shader 'Vefects/SH_Vefects_BIRP_Central_Area_01' doesn't have a color property '_Color'
        at UnityEngine.Material:get_color ()
        at PlayerCombat:FlashDamage () (at Assets/Scripts/Combat/PlayerCombat.cs:2832)
        at PlayerCombat:PlayHitReaction (bool,UnityEngine.Vector3,bool) (at Assets/Scripts/Combat/PlayerCombat.cs:2361)
        at PlayerHealth:TakeDamage (int,bool,UnityEngine.Vector3,bool) (at Assets/Scripts/Player/PlayerHealth.cs:210)
[  5674   45.373 x1.00] ERR  Material 'M_VFX_Central_Area_02_Void (Instance)' with Shader 'Vefects/SH_Vefects_BIRP_Central_Area_01' doesn't have a color property '_Color'
        at UnityEngine.Material:get_color ()
        at PlayerCombat:FlashDamage () (at Assets/Scripts/Combat/PlayerCombat.cs:2832)
        at PlayerCombat:PlayHitReaction (bool,UnityEngine.Vector3,bool) (at Assets/Scripts/Combat/PlayerCombat.cs:2361)
        at PlayerHealth:TakeDamage (int,bool,UnityEngine.Vector3,bool) (at Assets/Scripts/Player/PlayerHealth.cs:210)
[  5674   45.373 x1.00] LOG  [Momentum] 1 -> 0 (light hit taken, 50% = -1), speed x1.00, damage x1.00, impact x1.00
[  5674   45.373 x1.00] LOG  [YoruVFX] Spin VFX stopped, fading for 2.37s
[  5674   45.373 x1.00] LOG  [Combat] Combo memory: light hit, keeping step 3
[  5674   45.373 x1.00] LOG  [Combat] Hit react: HitReact_Light_2Leg (0.5s, clip starts at 0.35s)
[  5674   45.373 x1.00] LOG  [CameraGameFeel] Shake: intensity=0.30 duration=0.200s
[  5674   45.373 x1.00] LOG  [CameraGameFeel] FOV punch: player damage (-2.0°)
[  5674   45.373 x1.00] LOG  [OniBoss] Hit player for 16 (Club_Swing)
[  5674   45.373 x1.00] LOG  [OniBoss:Touch] Club_Swing: club TOUCHED Yoru at clip 0.38, shaft 0.55m from her body line, head 0.44 along the club, tip 2.07m up, tip speed 169m/s, ONE FRAME EARLY (predicted). Full club hit delivered this frame.
[  5675   45.390 x1.00] LOG  [HitReactTrace] asked for 'HitReact_Light_2Leg' (0.50s, clip start 0.35s): NOT playing it, another state took the combat layer, blend resolved after 16 ms, state 0.79s long at speed 0.80, now at 0.40s, layer weight 1.00, animator.speed 1.00.
[  5678   45.417 x1.00] LOG  [OniBoss:ClubPos] Club_Swing at strike: club tip 3.02m up, 2.42m in front, -3.00m to his right (3.85m out from his centre). Club faces -84deg from his forward, pitch 0.41. (the ground wave is born 1.6m in front of him at 0.35m.)
[  5678   45.417 x1.00] LOG  [OniBoss:Layer] Club_Swing: club already hit — ground wave released as VISUAL only (0 damage).
[  5705   45.632 x1.00] LOG  💨 Landing VFX spawned!
[  5705   45.632 x1.00] LOG  [AirPosePin] released, peak correction was 0.000m
[  5740   45.879 x1.00] LOG  ✅ LANDED! (was jump #0)
[  5742   45.891 x1.00] LOG  [OniBoss] Attack → Recovery
[  5742   45.891 x1.00] LOG  [OniBoss] Playing animation: Watch
[  5742   45.891 x1.00] LOG  [OniBoss:Trail] trail END at clip 1.00, fading over 0.40s.
[  5742   45.891 x1.00] LOG  [OniBoss:Strike] Club_Swing: club tip closest to Yoru at 0.48m, clip position 0.88 | damage fires at 0.42 | clip 0.84s => damage fires 382 ms BEFORE the club is closest
[  5763   46.050 x1.00] LOG  [OniBoss] Recovery → Attack
[  5763   46.050 x1.00] LOG  [OniBoss] Attack: ClubSwing2 (16 dmg)
[  5763   46.050 x1.00] LOG  [OniBoss:Trail] ClubSwing2 trail START at clip 1.00 (transition still blending).
[  5808   46.381 x1.00] LOG  [CameraGameFeel] Shake: intensity=0.20 duration=0.250s
[  5808   46.381 x1.00] LOG  [Peach] heavy hit 24 dmg: 3 bites. 11/16 bites = 2.75 of 4 peaches
[  5808   46.381 x1.00] LOG  [Combat] Hit react: HitReact_Heavy_2Leg (0.9s, clip starts at 0.35s)
[  5808   46.381 x1.00] LOG  [CameraGameFeel] Shake: intensity=0.60 duration=0.200s
[  5808   46.381 x1.00] LOG  [CameraGameFeel] FOV punch: player damage (-3.0°)
[  5808   46.381 x1.00] LOG  [OniBoss] Hit player for 24 (ClubSwing2) [combo x1.50]
[  5808   46.381 x1.00] LOG  [OniBoss:Touch] ClubSwing2: club TOUCHED Yoru at clip 0.28, shaft 0.58m from her body line, head 0.48 along the club, tip 1.54m up, tip speed 93m/s, ONE FRAME EARLY (predicted). Full club hit delivered this frame.
[  5809   46.390 x1.00] LOG  [HitReactTrace] asked for 'HitReact_Heavy_2Leg' (0.90s, clip start 0.35s): NOT playing it, another state took the combat layer, blend resolved after 9 ms, state 1.00s long at speed 1.00, now at 0.51s, layer weight 1.00, animator.speed 1.00.
[  5814   46.443 x1.00] LOG  [OniBoss:ClubPos] ClubSwing2 at strike: club tip 0.45m up, 1.20m in front, 3.10m to his right (3.32m out from his centre). Club faces 39deg from his forward, pitch -0.89. (the ground wave is born 1.6m in front of him at 0.35m.)
[  5814   46.443 x1.00] LOG  [OniBoss:Layer] ClubSwing2: club already hit — ground wave released as VISUAL only (0 damage), finisher size x2.0.
[  5914   47.215 x1.00] LOG  [OniBoss] Attack → Recovery
[  5914   47.215 x1.00] LOG  [OniBoss] Playing animation: Watch
[  5914   47.215 x1.00] LOG  [OniBoss:Trail] trail END at clip 0.99, fading over 0.40s.
[  5914   47.215 x1.00] LOG  [OniBoss:Strike] ClubSwing2: club tip closest to Yoru at 1.36m, clip position 0.30 | damage fires at 0.32 | clip 1.17s => MATCHED (within one or two frames)
[  5936   47.370 x1.00] LOG  [OniBoss] Recovery → Chase
[  5937   47.376 x1.00] LOG  [OniBoss] hold-ground: BACKSTEP 1.5m (player 1.9m)
[  5942   47.419 x1.00] LOG  [Combat] Combo 1: 10 dmg
[  5942   47.419 x1.00] LOG  [ComboTrace] START step=1 state='Combo1' queued=0 target='OniBoss' at 2.6m
[  5942   47.419 x1.00] LOG  [ComboTrace] LAUNCH OniBoss at 0.8m dist=0.84m in 0.13s
[  5958   47.553 x1.00] LOG  [ComboTrace] LAUNCH RESULT wanted=0.84m actually moved=0.19m, completed
[  5971   47.634 x1.00] LOG  [Combat] Queued click #1 (combo 1)
[  5971   47.634 x1.00] LOG  [ComboTrace] QUEUED #1 during step 1
[  5996   47.818 x1.00] LOG  [Combat] Queued click #2 (combo 1)
[  5996   47.818 x1.00] LOG  [ComboTrace] QUEUED #2 during step 1
[  6007   47.892 x1.00] LOG  OniBoss took 10 damage. HP: 2470/2500
[  6007   47.892 x1.00] LOG  [Stance] OniBoss 10/100 (+10 light)
[  6007   47.892 x1.00] LOG  [OniBoss] Chase → HitReact
[  6007   47.892 x1.00] LOG  [OniBoss:Layer] react tier: LIGHT (10 dmg) → 'Hit_react_light'
[  6007   47.892 x1.00] LOG  [Momentum] 0 -> 1 (hit), speed x1.05, damage x1.05, impact x1.05
[  6007   47.892 x1.00] LOG  [CameraGameFeel] Shake: intensity=0.06 duration=0.080s
[  6007   47.892 x1.00] LOG  [Combat] Hit OniBoss for 10
[  6007   47.892 x1.00] LOG  [CameraGameFeel] Shake: intensity=0.53 duration=0.200s
[  6007   47.892 x1.00] LOG  [CameraGameFeel] FOV punch: hit light (+1.5°)
[  6024   48.023 x1.00] LOG  [ComboTrace] CLICK IGNORED (step=1 queued=2)
[  6028   48.050 x1.00] LOG  🐾 VFX_AttackPaw triggered!
[  6042   48.160 x1.00] LOG  [Combat] Combo 2: 20 dmg
[  6042   48.160 x1.00] LOG  [ComboTrace] START step=2 state='Combo2' queued=1 target='OniBoss' at 2.6m
[  6042   48.160 x1.00] LOG  [ComboTrace] LAUNCH OniBoss at 1.3m dist=1.33m in 0.13s
[  6047   48.208 x1.00] LOG  [ComboTrace] CLICK DROPPED by attackCooldown (0.10s, 0.05s since last attack) step=2
[  6059   48.290 x1.00] LOG  [ComboTrace] LAUNCH RESULT wanted=1.33m actually moved=0.60m, completed
[  6076   48.399 x1.00] LOG  [Combat] Queued click #2 (combo 2)
[  6076   48.399 x1.00] LOG  [ComboTrace] QUEUED #2 during step 2
[  6106   48.611 x1.00] LOG  [ComboTrace] CLICK IGNORED (step=2 queued=2)
[  6118   48.702 x1.00] LOG  [OniBoss] HitReact → Chase
[  6119   48.710 x1.00] LOG  [OniBoss] Playing animation: Watch
[  6119   48.710 x1.00] LOG  [OniBoss] Playing animation: Walk
[  6126   48.759 x1.00] LOG  🐾🐾 VFX_TowPaw triggered!
[  6128   48.771 x1.00] LOG  [OniBoss] Playing animation: Watch
[  6130   48.783 x1.00] LOG  OniBoss took 21 damage. HP: 2449/2500
[  6130   48.783 x1.00] LOG  [Stance] OniBoss 20/100 (+10 light)
[  6130   48.783 x1.00] LOG  [OniBoss] 🤕 Hit during Chase — flash only
[  6130   48.783 x1.00] LOG  [Momentum] 1 -> 2 (hit), speed x1.10, damage x1.10, impact x1.10
[  6130   48.783 x1.00] LOG  [CameraGameFeel] Shake: intensity=0.06 duration=0.080s
[  6130   48.783 x1.00] LOG  [Combat] Hit OniBoss for 21
[  6130   48.783 x1.00] LOG  [CameraGameFeel] Shake: intensity=0.55 duration=0.200s
[  6130   48.783 x1.00] LOG  [CameraGameFeel] FOV punch: hit light (+1.5°)
[  6132   48.800 x1.00] LOG  [ComboTrace] CLICK IGNORED (step=2 queued=2)
[  6164   49.018 x1.00] LOG  [ComboTrace] CLICK IGNORED (step=2 queued=2)
[  6182   49.155 x1.00] LOG  🐾🐾 VFX_TowPaw triggered!
[  6185   49.173 x1.00] LOG  [OniBoss] Chase → Attack
[  6185   49.173 x1.00] LOG  [OniBoss] Attack: ClubSlam (20 dmg)
[  6185   49.173 x1.00] LOG  [OniBoss:Trail] ClubSlam trail START at clip 0.23 (transition done).
[  6186   49.186 x1.00] LOG  [Combat] Combo 3: 35 dmg
[  6186   49.186 x1.00] LOG  [ComboTrace] START step=3 state='Combo3' queued=1 target='OniBoss' at 2.3m
[  6186   49.186 x1.00] LOG  [ComboTrace] LAUNCH OniBoss at 1.1m dist=1.10m in 0.13s
[  6186   49.186 x1.00] LOG  [YoruVFX] Ground hazard: 'VFX_Void_Area_GroundSpinYORU' laid at GroundVFX ((482.60, 0.65, 403.52)), floor tilt 12.6 deg, 17 delays shifted by 2.00s, own lifetime 8.98s
[  6186   49.186 x1.00] LOG  [Combat] Hazard zone tick: OniBoss for 25
[  6186   49.186 x1.00] LOG  [Combat] Hazard zone laid: 8.98s, 25 dmg every 0.50s in 2.00m
[  6190   49.226 x1.00] LOG  [ComboTrace] CLICK DROPPED by attackCooldown (0.10s, 0.04s since last attack) step=3
[  6193   49.250 x1.00] LOG  OniBoss took 38 damage. HP: 2386/2500
[  6193   49.250 x1.00] LOG  [Stance] OniBoss 30/100 (+10 light)
[  6193   49.250 x1.00] LOG  [OniBoss] 🤕 Hit during Attack — flash only
[  6193   49.250 x1.00] LOG  [Momentum] 2 -> 3 (hit), speed x1.15, damage x1.15, impact x1.15
[  6193   49.250 x1.00] LOG  [CameraGameFeel] Shake: intensity=0.06 duration=0.080s
[  6193   49.250 x1.00] LOG  [CameraGameFeel] Shake: intensity=0.58 duration=0.200s
[  6193   49.250 x1.00] LOG  [CameraGameFeel] FOV punch: hit light (+1.5°)
[  6200   49.319 x1.00] LOG  [ComboTrace] LAUNCH RESULT wanted=1.10m actually moved=0.49m, completed
[  6212   49.420 x1.00] LOG  [ComboTrace] CLICK IGNORED (step=3 queued=1)
[  6241   49.630 x1.00] LOG  [ComboTrace] CLICK IGNORED (step=3 queued=1)
[  6243   49.648 x1.00] LOG  [CameraGameFeel] Shake: intensity=0.50 duration=0.400s
[  6243   49.648 x1.00] LOG  [Peach] heavy hit 20 dmg: 3 bites. 8/16 bites = 2 of 4 peaches
[  6243   49.648 x1.00] LOG  [Momentum] 3 -> 0 (heavy hit taken, reset), speed x1.00, damage x1.00, impact x1.00
[  6243   49.648 x1.00] LOG  [Combat] Hit react: HitReact_Heavy_2Leg (0.9s, clip starts at 0.35s)
[  6243   49.648 x1.00] LOG  [CameraGameFeel] Shake: intensity=0.60 duration=0.200s
[  6243   49.648 x1.00] LOG  [CameraGameFeel] FOV punch: player damage (-3.0°)
[  6243   49.648 x1.00] LOG  [OniBoss] Hit player for 20 (ClubSlam)
[  6243   49.648 x1.00] LOG  [OniBoss:Touch] ClubSlam: club TOUCHED Yoru at clip 0.46, shaft 0.18m from her body line, head 0.50 along the club, tip 2.03m up, tip speed 97m/s. Full club hit delivered this frame.
[  6244   49.657 x1.00] LOG  [HitReactTrace] asked for 'HitReact_Heavy_2Leg' (0.90s, clip start 0.35s): NOT playing it, another state took the combat layer, blend resolved after 9 ms, state 0.79s long at speed 0.80, now at 0.40s, layer weight 1.00, animator.speed 1.00.
[  6248   49.686 x1.00] LOG  [Combat] Hazard zone tick: OniBoss for 25
[  6288   50.013 x1.00] LOG  [OniBoss:ClubPos] ClubSlam at strike: club tip 0.53m up, 2.91m in front, -0.12m to his right (2.91m out from his centre). Club faces 8deg from his forward, pitch -0.26. (the ground wave is born 1.6m in front of him at 0.35m.)
[  6288   50.013 x1.00] LOG  [OniBoss:Layer] ClubSlam: club already hit — ground wave released as VISUAL only (0 damage).
[  6304   50.143 x1.00] LOG  [OniBoss] Attack → Recovery
[  6304   50.143 x1.00] LOG  [OniBoss] Playing animation: Watch
[  6304   50.143 x1.00] LOG  [OniBoss:Trail] trail END at clip 0.99, fading over 0.40s.
[  6304   50.143 x1.00] LOG  [OniBoss:Strike] ClubSlam: club tip closest to Yoru at 0.40m, clip position 0.93 | damage fires at 0.85 | clip 0.93s => damage fires 78 ms BEFORE the club is closest
[  6310   50.191 x1.00] LOG  [Combat] Hazard zone tick: OniBoss for 25
[  6324   50.296 x1.00] LOG  [OniBoss] Recovery → Chase
[  6325   50.303 x1.00] LOG  [OniBoss] hold-ground: BACKSTEP 1.5m (player 2.2m)
[  6356   50.553 x1.00] LOG  [Combat] Combo 1: 10 dmg
[  6356   50.553 x1.00] LOG  [ComboTrace] START step=1 state='Combo1' queued=0 target='OniBoss' at 2.6m
[  6356   50.553 x1.00] LOG  [ComboTrace] LAUNCH OniBoss at 1.4m dist=1.35m in 0.14s
[  6370   50.683 x1.00] LOG  [ComboTrace] LAUNCH RESULT wanted=1.35m actually moved=0.77m, completed
[  6372   50.695 x1.00] LOG  [Combat] Hazard zone tick: OniBoss for 25
[  6380   50.771 x1.00] LOG  [Combat] Queued click #1 (combo 1)
[  6380   50.771 x1.00] LOG  [ComboTrace] QUEUED #1 during step 1
[  6409   50.990 x1.00] LOG  [Combat] Queued click #2 (combo 1)
[  6409   50.990 x1.00] LOG  [ComboTrace] QUEUED #2 during step 1
[  6413   51.025 x1.00] LOG  OniBoss took 10 damage. HP: 2301/2500
[  6413   51.025 x1.00] LOG  [Stance] OniBoss 34/100 (+10 light)
[  6413   51.025 x1.00] LOG  [OniBoss] Chase → HitReact
[  6413   51.025 x1.00] LOG  [OniBoss:Layer] react tier: LIGHT (10 dmg) → 'Hit_react_light'
[  6413   51.025 x1.00] LOG  [Momentum] 0 -> 1 (hit), speed x1.05, damage x1.05, impact x1.05
[  6413   51.025 x1.00] LOG  [CameraGameFeel] Shake: intensity=0.06 duration=0.080s
[  6413   51.025 x1.00] LOG  [Combat] Hit OniBoss for 10
[  6413   51.025 x1.00] LOG  [CameraGameFeel] Shake: intensity=0.53 duration=0.200s
[  6413   51.025 x1.00] LOG  [CameraGameFeel] FOV punch: hit light (+1.5°)
[  6435   51.185 x1.00] LOG  🐾 VFX_AttackPaw triggered!
[  6442   51.232 x1.00] LOG  [ComboTrace] CLICK IGNORED (step=1 queued=2)
[  6450   51.302 x1.00] LOG  [Combat] Combo 2: 20 dmg
[  6450   51.302 x1.00] LOG  [ComboTrace] START step=2 state='Combo2' queued=1 target='OniBoss' at 2.6m
[  6450   51.302 x1.00] LOG  [ComboTrace] LAUNCH OniBoss at 1.3m dist=1.34m in 0.13s
[  6467   51.431 x1.00] LOG  [ComboTrace] LAUNCH RESULT wanted=1.34m actually moved=0.61m, completed
[  6474   51.475 x1.00] LOG  [Combat] Queued click #2 (combo 2)
[  6474   51.475 x1.00] LOG  [ComboTrace] QUEUED #2 during step 2
[  6507   51.719 x1.00] LOG  [ComboTrace] CLICK IGNORED (step=2 queued=2)
[  6523   51.830 x1.00] LOG  [OniBoss] HitReact → Chase
[  6524   51.836 x1.00] LOG  [OniBoss] Playing animation: Idle
[  6534   51.903 x1.00] LOG  🐾🐾 VFX_TowPaw triggered!
[  6537   51.920 x1.00] LOG  OniBoss took 21 damage. HP: 2280/2500
[  6537   51.920 x1.00] LOG  [Stance] OniBoss 44/100 (+10 light)
[  6537   51.920 x1.00] LOG  [OniBoss] 🤕 Hit during Chase — flash only
[  6537   51.920 x1.00] LOG  [Momentum] 1 -> 2 (hit), speed x1.10, damage x1.10, impact x1.10
[  6537   51.920 x1.00] LOG  [CameraGameFeel] Shake: intensity=0.06 duration=0.080s
[  6537   51.920 x1.00] LOG  [Combat] Hit OniBoss for 21
[  6537   51.920 x1.00] LOG  [CameraGameFeel] Shake: intensity=0.55 duration=0.200s
[  6537   51.920 x1.00] LOG  [CameraGameFeel] FOV punch: hit light (+1.5°)
[  6547   51.990 x1.00] WARN The referenced script on this Behaviour (Game Object '<null>') is missing!
[  6547   51.990 x1.00] WARN The referenced script on this Behaviour (Game Object 'Lightning Light') is missing!
[  6547   51.990 x1.00] WARN The referenced script on this Behaviour (Game Object 'Lightning Light') is missing!
[  6563   52.098 x1.00] LOG  [OniBoss] Chase → Attack
[  6563   52.098 x1.00] LOG  [OniBoss] Attack: ClubSwing2 (16 dmg)
[  6563   52.098 x1.00] LOG  [OniBoss:Trail] ClubSwing2 trail START at clip 0.14 (transition done).
[  6589   52.303 x1.00] LOG  🐾🐾 VFX_TowPaw triggered!
[  6593   52.331 x1.00] LOG  [Combat] Combo 3: 35 dmg
[  6593   52.331 x1.00] LOG  [ComboTrace] START step=3 state='Combo3' queued=1 target='OniBoss' at 2.3m
[  6593   52.331 x1.00] LOG  [ComboTrace] LAUNCH OniBoss at 1.1m dist=1.11m in 0.13s
[  6593   52.331 x1.00] LOG  [YoruVFX] Ground hazard: 'VFX_Void_Area_GroundSpinYORU' laid at GroundVFX ((484.34, 0.63, 403.94)), floor tilt 6.9 deg, 17 delays shifted by 2.00s, own lifetime 8.98s
[  6593   52.331 x1.00] LOG  [Combat] Hazard zone tick: OniBoss for 25
[  6593   52.331 x1.00] LOG  [Combat] Hazard zone laid: 8.98s, 25 dmg every 0.50s in 2.00m
[  6599   52.394 x1.00] LOG  OniBoss took 38 damage. HP: 2217/2500
[  6599   52.394 x1.00] LOG  [Stance] OniBoss 54/100 (+10 light)
[  6599   52.394 x1.00] LOG  [OniBoss] 🤕 Hit during Attack — flash only
[  6599   52.394 x1.00] LOG  [Momentum] 2 -> 3 (hit), speed x1.15, damage x1.15, impact x1.15
[  6599   52.394 x1.00] LOG  [CameraGameFeel] Shake: intensity=0.06 duration=0.080s
[  6599   52.394 x1.00] LOG  [CameraGameFeel] Shake: intensity=0.58 duration=0.200s
[  6599   52.394 x1.00] LOG  [CameraGameFeel] FOV punch: hit light (+1.5°)
[  6606   52.469 x1.00] LOG  [ComboTrace] LAUNCH RESULT wanted=1.11m actually moved=0.48m, completed
[  6608   52.483 x1.00] LOG  [CameraGameFeel] Shake: intensity=0.20 duration=0.250s
[  6608   52.483 x1.00] LOG  [Peach] light hit 16 dmg: 2 bites. 6/16 bites = 1.5 of 4 peaches
[  6608   52.483 x1.00] LOG  [Momentum] 3 -> 1 (light hit taken, 50% = -2), speed x1.05, damage x1.05, impact x1.05
[  6608   52.483 x1.00] LOG  [Combat] Combo memory: light hit, keeping step 3
[  6608   52.483 x1.00] LOG  [Combat] Hit react: HitReact_Light_2Leg (0.5s, clip starts at 0.35s)
[  6608   52.483 x1.00] LOG  [CameraGameFeel] Shake: intensity=0.30 duration=0.200s
[  6608   52.483 x1.00] LOG  [CameraGameFeel] FOV punch: player damage (-2.0°)
[  6608   52.483 x1.00] LOG  [OniBoss] Hit player for 16 (ClubSwing2)
[  6608   52.483 x1.00] LOG  [OniBoss:Touch] ClubSwing2: club TOUCHED Yoru at clip 0.29, shaft 0.67m from her body line, head 0.55 along the club, tip 1.23m up, tip speed 96m/s. Full club hit delivered this frame.
[  6609   52.491 x1.00] LOG  [HitReactTrace] asked for 'HitReact_Light_2Leg' (0.50s, clip start 0.35s): NOT playing it, another state took the combat layer, blend resolved after 8 ms, state 0.79s long at speed 0.80, now at 0.09s, layer weight 1.00, animator.speed 1.00.
[  6614   52.531 x1.00] LOG  [OniBoss:ClubPos] ClubSwing2 at strike: club tip 0.07m up, 1.87m in front, 2.34m to his right (3.00m out from his centre). Club faces 2deg from his forward, pitch -0.87. (the ground wave is born 1.6m in front of him at 0.35m.)
[  6614   52.531 x1.00] LOG  [OniBoss:Layer] ClubSwing2: club already hit — ground wave released as VISUAL only (0 damage).
[  6653   52.841 x1.00] LOG  [Combat] Hazard zone tick: OniBoss for 25
[  6712   53.319 x1.00] LOG  [OniBoss] Attack → Recovery
[  6712   53.319 x1.00] LOG  [OniBoss] Playing animation: Watch
[  6712   53.319 x1.00] LOG  [OniBoss:Trail] trail END at clip 1.00, fading over 0.40s.
[  6712   53.319 x1.00] LOG  [OniBoss:Strike] ClubSwing2: club tip closest to Yoru at 1.17m, clip position 0.30 | damage fires at 0.32 | clip 1.17s => MATCHED (within one or two frames)
[  6715   53.350 x1.00] LOG  [Combat] Hazard zone tick: OniBoss for 25
[  6730   53.473 x1.00] LOG  [OniBoss] Recovery → Chase
[  6731   53.481 x1.00] LOG  [OniBoss] hold-ground: BACKSTEP 1.5m (player 2.9m)
[  6764   53.757 x1.00] LOG  [OniBoss] hold-ground: backstep done (0.43m), WATCH (player 4.4m, cooldown 1.5s)
[  6764   53.757 x1.00] LOG  [OniBoss] Playing animation: Idle
[  6765   53.763 x1.00] LOG  [OniBoss] Playing animation: Walk
[  6771   53.817 x1.00] LOG  [OniBoss] Playing animation: run
[  6775   53.851 x1.00] LOG  [Combat] Hazard zone tick: OniBoss for 25
[  6834   54.356 x1.00] LOG  [Combat] Hazard zone tick: OniBoss for 25
[  6868   54.727 x1.00] LOG  [Combat] Hazard zone tick: OniBoss for 25
[  6884   54.861 x1.00] LOG  [Combat] Hazard zone tick: OniBoss for 25
[  6888   54.898 x1.00] LOG  [Momentum] 1 -> 0 (drain), speed x1.00, damage x1.00, impact x1.00
[  6927   55.230 x1.00] LOG  [Combat] Hazard zone tick: OniBoss for 25
[  6932   55.275 x1.00] LOG  [OniBoss] Pull-band decision: RUN-IN (dist 6.5m, pullRange 0m, chance 0.50)
[  7192   57.396 x1.00] LOG  🚶 2-LEG JUMP
[  7192   57.396 x1.00] LOG  🐾 Jump 1 VFX spawned!
[  7196   57.430 x1.00] LOG  [ComboTrace] LAUNCH OniBoss at 2.3m dist=2.31m in 0.23s [AIRBORNE]
[  7196   57.430 x1.00] LOG  [Combat] Aerial spin, 25 dmg
[  7196   57.430 x1.00] LOG  [YoruVFX] Air spin: 'VFX_Void_Burst_AirSpinYoru' at CenterVFX, 46 systems, longest 1.00s fitted to 0.79s at speed 1.27, 8 forced Local, 38 delays zeroed, tail 2.37s
[  7196   57.430 x1.00] LOG  [AirPosePin] engaged, holding body at 0.565m above the transform
[  7197   57.440 x1.00] LOG  [OniBoss] Playing animation: Idle
[  7197   57.440 x1.00] LOG  [OniBoss] Combo started: ClubSwing1 → ClubSwing2 → ClubSlam (3 steps remaining)
[  7197   57.440 x1.00] LOG  [OniBoss] Chase → Attack
[  7197   57.440 x1.00] LOG  [OniBoss] Attack: Club_Swing (16 dmg)
[  7197   57.440 x1.00] LOG  [OniBoss:Trail] Club_Swing trail START at clip 1.00 (transition done).
[  7210   57.589 x1.00] LOG  OniBoss took 10 damage. HP: 2032/2500
[  7210   57.589 x1.00] LOG  [Stance] OniBoss 10/100 (+10 light)
[  7210   57.589 x1.00] LOG  [OniBoss] 🤕 Hit during Attack — flash only
[  7210   57.589 x1.00] LOG  [Momentum] 0 -> 1 (hit), speed x1.05, damage x1.05, impact x1.05
[  7210   57.589 x1.00] LOG  [CameraGameFeel] Shake: intensity=0.06 duration=0.080s
[  7210   57.589 x1.00] LOG  [CameraGameFeel] Shake: intensity=0.53 duration=0.200s
[  7210   57.589 x1.00] LOG  [CameraGameFeel] FOV punch: hit light (+1.5°)
[  7217   57.673 x1.00] LOG  [ComboTrace] LAUNCH RESULT wanted=2.31m actually moved=1.87m, completed
[  7225   57.749 x1.00] LOG  OniBoss took 10 damage. HP: 2022/2500
[  7225   57.749 x1.00] LOG  [Stance] OniBoss 20/100 (+10 light)
[  7225   57.749 x1.00] LOG  [OniBoss] 🤕 Hit during Attack — flash only
[  7225   57.749 x1.00] LOG  [CameraGameFeel] Shake: intensity=0.18 duration=0.200s
[  7231   57.807 x1.00] LOG  [CameraGameFeel] Shake: intensity=0.20 duration=0.250s
[  7231   57.807 x1.00] LOG  [Peach] light hit 16 dmg: 2 bites. 4/16 bites = 1 of 4 peaches
[  7231   57.807 x1.00] LOG  [Momentum] 1 -> 0 (light hit taken, 50% = -1), speed x1.00, damage x1.00, impact x1.00
[  7231   57.807 x1.00] LOG  [YoruVFX] Spin VFX stopped, fading for 2.37s
[  7231   57.807 x1.00] LOG  [Combat] Combo memory: light hit, keeping step 3
[  7231   57.807 x1.00] LOG  [Combat] Hit react: HitReact_Light_2Leg (0.5s, clip starts at 0.35s)
[  7231   57.807 x1.00] LOG  [CameraGameFeel] Shake: intensity=0.30 duration=0.200s
[  7231   57.807 x1.00] LOG  [CameraGameFeel] FOV punch: player damage (-2.0°)
[  7231   57.807 x1.00] LOG  [OniBoss] Hit player for 16 (Club_Swing)
[  7231   57.807 x1.00] LOG  [OniBoss:Touch] Club_Swing: club TOUCHED Yoru at clip 0.38, shaft 0.65m from her body line, head 0.41 along the club, tip 2.22m up, tip speed 170m/s, ONE FRAME EARLY (predicted). Full club hit delivered this frame.
[  7232   57.820 x1.00] LOG  [HitReactTrace] asked for 'HitReact_Light_2Leg' (0.50s, clip start 0.35s): NOT playing it, another state took the combat layer, blend resolved after 13 ms, state 0.79s long at speed 0.80, now at 0.33s, layer weight 1.00, animator.speed 1.00.
[  7236   57.855 x1.00] LOG  [OniBoss:ClubPos] Club_Swing at strike: club tip 3.03m up, 2.22m in front, -3.08m to his right (3.80m out from his centre). Club faces -88deg from his forward, pitch 0.41. (the ground wave is born 1.6m in front of him at 0.35m.)
[  7236   57.855 x1.00] LOG  [OniBoss:Layer] Club_Swing: club already hit — ground wave released as VISUAL only (0 damage).
[  7288   58.313 x1.00] LOG  [AirPosePin] released, peak correction was -0.006m
[  7290   58.330 x1.00] LOG  [OniBoss] Attack → Recovery
[  7290   58.330 x1.00] LOG  [OniBoss] Playing animation: Watch
[  7290   58.330 x1.00] LOG  [OniBoss:Trail] trail END at clip 0.99, fading over 0.40s.
[  7290   58.330 x1.00] LOG  [OniBoss:Strike] Club_Swing: club tip closest to Yoru at 0.66m, clip position 0.87 | damage fires at 0.42 | clip 0.84s => damage fires 376 ms BEFORE the club is closest
[  7291   58.336 x1.00] LOG  ✅ LANDED! (was jump #1)
[  7291   58.336 x1.00] LOG  💨 Landing VFX spawned!
[  7298   58.392 x1.00] LOG  🚶 2-LEG JUMP
[  7298   58.392 x1.00] LOG  🐾 Jump 1 VFX spawned!
[  7310   58.488 x1.00] LOG  [OniBoss] Recovery → Attack
[  7310   58.488 x1.00] LOG  [OniBoss] Attack: ClubSwing2 (16 dmg)
[  7310   58.488 x1.00] LOG  [OniBoss:Trail] ClubSwing2 trail START at clip 1.00 (transition still blending).
[  7328   58.639 x1.00] LOG  [ComboTrace] LAUNCH OniBoss at 0.7m dist=0.66m in 0.13s [AIRBORNE]
[  7328   58.639 x1.00] LOG  [Combat] Aerial spin, 25 dmg
[  7328   58.639 x1.00] LOG  [YoruVFX] Air spin: 'VFX_Void_Burst_AirSpinYoru' at CenterVFX, 46 systems, longest 1.00s fitted to 0.79s at speed 1.27, 8 forced Local, 38 delays zeroed, tail 2.37s
[  7328   58.639 x1.00] LOG  OniBoss took 10 damage. HP: 2012/2500
[  7328   58.639 x1.00] LOG  [Stance] OniBoss 30/100 (+10 light)
[  7328   58.639 x1.00] LOG  [OniBoss] 🤕 Hit during Attack — flash only
[  7328   58.639 x1.00] LOG  [Momentum] 0 -> 1 (hit), speed x1.05, damage x1.05, impact x1.05
[  7328   58.639 x1.00] LOG  [CameraGameFeel] Shake: intensity=0.06 duration=0.080s
[  7328   58.639 x1.00] LOG  [CameraGameFeel] Shake: intensity=0.53 duration=0.200s
[  7328   58.639 x1.00] LOG  [CameraGameFeel] FOV punch: hit light (+1.5°)
[  7328   58.639 x1.00] LOG  [AirPosePin] engaged, holding body at 1.267m above the transform
[  7341   58.778 x1.00] LOG  [ComboTrace] LAUNCH RESULT wanted=0.66m actually moved=0.12m, completed
[  7343   58.796 x1.00] LOG  OniBoss took 10 damage. HP: 2002/2500
[  7343   58.796 x1.00] LOG  [Stance] OniBoss 40/100 (+10 light)
[  7343   58.796 x1.00] LOG  [OniBoss] 🤕 Hit during Attack — flash only
[  7343   58.796 x1.00] LOG  [CameraGameFeel] Shake: intensity=0.18 duration=0.200s
[  7356   58.923 x1.00] LOG  [OniBoss:ClubPos] ClubSwing2 at strike: club tip 0.08m up, 1.85m in front, 2.37m to his right (3.01m out from his centre). Club faces 3deg from his forward, pitch -0.87. (the ground wave is born 1.6m in front of him at 0.35m.)
[  7356   58.923 x1.00] LOG  [OniBoss:Layer] ClubSwing2: club has not connected — ground wave released ARMED, 1.6m in front, 12m/s x 6.0m = 0.50s, carrying 10 (half of the club's 20).
[  7359   58.955 x1.00] LOG  OniBoss took 10 damage. HP: 1992/2500
[  7359   58.955 x1.00] LOG  [Stance] OniBoss 50/100 (+10 light)
[  7359   58.955 x1.00] LOG  [OniBoss] 🤕 Hit during Attack — flash only
[  7359   58.955 x1.00] LOG  [Momentum] 1 -> 2 (hit), speed x1.10, damage x1.10, impact x1.10
[  7359   58.955 x1.00] LOG  [CameraGameFeel] Shake: intensity=0.06 duration=0.080s
[  7359   58.955 x1.00] LOG  [CameraGameFeel] Shake: intensity=0.19 duration=0.200s
[  7376   59.118 x1.00] LOG  OniBoss took 11 damage. HP: 1981/2500
[  7376   59.118 x1.00] LOG  [Stance] OniBoss 60/100 (+10 light)
[  7376   59.118 x1.00] LOG  [OniBoss] 🤕 Hit during Attack — flash only
[  7376   59.118 x1.00] LOG  [CameraGameFeel] Shake: intensity=0.19 duration=0.200s
[  7393   59.271 x1.00] LOG  OniBoss took 11 damage. HP: 1970/2500
[  7393   59.271 x1.00] LOG  [Stance] OniBoss 70/100 (+10 light)
[  7393   59.271 x1.00] LOG  [OniBoss] 🤕 Hit during Attack — flash only
[  7393   59.271 x1.00] LOG  [Momentum] 2 -> 3 (hit), speed x1.15, damage x1.15, impact x1.15
[  7393   59.271 x1.00] LOG  [CameraGameFeel] Shake: intensity=0.06 duration=0.080s
[  7393   59.271 x1.00] LOG  [CameraGameFeel] Shake: intensity=0.20 duration=0.200s
[  7400   59.331 x1.00] LOG  ✅ LANDED! (was jump #1)
[  7400   59.331 x1.00] LOG  💨 Landing VFX spawned!
[  7400   59.331 x1.00] LOG  [AirPosePin] released, peak correction was 0.000m
[  7404   59.370 x1.00] LOG  [YoruVFX] Spin VFX stopped, fading for 2.37s
[  7408   59.399 x1.00] LOG  [ComboTrace] END step=3 clipProgress=0.90 clipLen=0.79s queued=0 elapsed=0.76s
[  7412   59.428 x1.00] LOG  [OniBoss:Wave] armed wave expired UNTOUCHED — closest 0.07m to Yoru (hit width 1.60), she was AIRBORNE at the closest moment.
[  7423   59.518 x1.00] LOG  🚶 2-LEG JUMP
[  7423   59.518 x1.00] LOG  🐾 Jump 1 VFX spawned!
[  7445   59.712 x1.00] LOG  [OniBoss] Attack → Recovery
[  7445   59.712 x1.00] LOG  [OniBoss] Playing animation: Watch
[  7445   59.712 x1.00] LOG  [OniBoss:Trail] trail END at clip 0.99, fading over 0.40s.
[  7445   59.712 x1.00] LOG  [OniBoss:Touch] ClubSwing2: no touch this swing, closest 1.36m at clip 0.28 (head 0.52 along the club), fastest tip 108m/s (radius 0.70, min speed 50, max tip height 2.5m).
[  7445   59.712 x1.00] LOG  [OniBoss:Strike] ClubSwing2: club tip closest to Yoru at 2.27m, clip position 0.93 | damage fires at 0.32 | clip 1.17s => damage fires 717 ms BEFORE the club is closest
[  7451   59.763 x1.00] LOG  [ComboTrace] LAUNCH OniBoss at 0.5m dist=0.54m in 0.13s [AIRBORNE]
[  7451   59.763 x1.00] LOG  [Combat] Aerial spin, 25 dmg
[  7451   59.763 x1.00] LOG  [YoruVFX] Air spin: 'VFX_Void_Burst_AirSpinYoru' at CenterVFX, 46 systems, longest 1.00s fitted to 0.79s at speed 1.27, 8 forced Local, 38 delays zeroed, tail 2.37s
[  7451   59.763 x1.00] LOG  OniBoss took 12 damage. HP: 1958/2500
[  7451   59.763 x1.00] LOG  [Stance] OniBoss 80/100 (+10 light)
[  7451   59.763 x1.00] LOG  [OniBoss] Recovery → HitReact
[  7451   59.763 x1.00] LOG  [OniBoss:Layer] burst: 6 hits / 64 dmg → flinch upgraded to 'HitReact_medium'
[  7451   59.763 x1.00] LOG  [OniBoss:Layer] react tier: LIGHT (12 dmg) → 'Hit_react_light'
[  7451   59.763 x1.00] LOG  [Momentum] 3 -> 4 (hit), speed x1.20, damage x1.20, impact x1.20
[  7451   59.763 x1.00] LOG  [CameraGameFeel] Shake: intensity=0.06 duration=0.080s
[  7451   59.763 x1.00] LOG  [CameraGameFeel] Shake: intensity=0.60 duration=0.200s
[  7451   59.763 x1.00] LOG  [CameraGameFeel] FOV punch: hit light (+1.5°)
[  7451   59.763 x1.00] LOG  [AirPosePin] engaged, holding body at 1.260m above the transform
[  7465   59.901 x1.00] LOG  [ComboTrace] LAUNCH RESULT wanted=0.54m actually moved=0.00m, completed
[  7467   59.918 x1.00] LOG  OniBoss took 12 damage. HP: 1946/2500
[  7467   59.918 x1.00] LOG  [Stance] OniBoss 90/100 (+10 light)
[  7467   59.918 x1.00] LOG  [CameraGameFeel] Shake: intensity=0.21 duration=0.200s
[  7485   60.075 x1.00] LOG  OniBoss took 12 damage. HP: 1934/2500
[  7485   60.075 x1.00] LOG  [Stance] OniBoss BREAK #1 at 100, next break needs 150, immune 3.5s
[  7485   60.075 x1.00] LOG  [OniBoss] HitReact → Stagger
[  7485   60.075 x1.00] LOG  [OniBoss] Playing animation: Stagger
[  7485   60.075 x1.00] LOG  [OniBoss] STAGGERED for 2.5s
[  7485   60.075 x1.00] LOG  [OniBoss:Layer] heavy knock-back react (12 dmg) → 'HitReact_Heavy', down for 1.80s
[  7485   60.075 x1.00] LOG  [Momentum] 4 -> 5 (hit), speed x1.25, damage x1.25, impact x1.25
[  7485   60.075 x1.00] LOG  [CameraGameFeel] Shake: intensity=0.14 duration=0.080s
[  7485   60.075 x1.00] LOG  [CameraGameFeel] Shake: intensity=0.22 duration=0.200s
[  7502   60.231 x1.00] LOG  OniBoss punish window! 12 → 18 (x1.5)
[  7502   60.231 x1.00] LOG  OniBoss took 18 damage. HP: 1916/2500
[  7502   60.231 x1.00] LOG  [Stance] OniBoss immune for 3.3s more, hit adds nothing
[  7502   60.231 x1.00] LOG  [CameraGameFeel] Shake: intensity=0.22 duration=0.200s
[  7519   60.389 x1.00] LOG  OniBoss punish window! 12 → 18 (x1.5)
[  7519   60.389 x1.00] LOG  OniBoss took 18 damage. HP: 1898/2500
[  7519   60.389 x1.00] LOG  [Stance] OniBoss immune for 3.2s more, hit adds nothing
[  7519   60.389 x1.00] LOG  [Momentum] 5 -> 6 (hit), speed x1.30, damage x1.30, impact x1.30
[  7519   60.389 x1.00] LOG  [CameraGameFeel] Shake: intensity=0.06 duration=0.080s
[  7519   60.389 x1.00] LOG  [CameraGameFeel] Shake: intensity=0.23 duration=0.200s
[  7527   60.460 x1.00] LOG  ✅ LANDED! (was jump #1)
[  7527   60.460 x1.00] LOG  💨 Landing VFX spawned!
[  7527   60.460 x1.00] LOG  [AirPosePin] released, peak correction was 0.000m
[  7531   60.491 x1.00] LOG  [YoruVFX] Spin VFX stopped, fading for 2.37s
[  7535   60.516 x1.00] LOG  [ComboTrace] END step=3 clipProgress=0.90 clipLen=0.79s queued=0 elapsed=0.75s
[  7536   60.523 x1.00] LOG  🚶 2-LEG JUMP
[  7536   60.523 x1.00] LOG  🐾 Jump 1 VFX spawned!
[  7580   60.910 x1.00] LOG  [ComboTrace] LAUNCH OniBoss at 2.1m dist=2.09m in 0.21s [AIRBORNE]
[  7580   60.910 x1.00] LOG  [Combat] Aerial spin, 25 dmg
[  7580   60.910 x1.00] LOG  [YoruVFX] Air spin: 'VFX_Void_Burst_AirSpinYoru' at CenterVFX, 46 systems, longest 1.00s fitted to 0.79s at speed 1.27, 8 forced Local, 38 delays zeroed, tail 2.37s
[  7580   60.910 x1.00] LOG  [AirPosePin] engaged, holding body at 1.724m above the transform
[  7593   61.062 x1.00] LOG  OniBoss punish window! 13 → 20 (x1.5)
[  7593   61.062 x1.00] LOG  OniBoss took 20 damage. HP: 1878/2500
[  7593   61.062 x1.00] LOG  [Stance] OniBoss immune for 2.5s more, hit adds nothing
[  7593   61.062 x1.00] LOG  [Momentum] 6 -> 7 (hit), speed x1.35, damage x1.35, impact x1.35
[  7593   61.062 x1.00] LOG  [CameraGameFeel] Shake: intensity=0.06 duration=0.080s
[  7593   61.062 x1.00] LOG  [CameraGameFeel] Shake: intensity=0.68 duration=0.200s
[  7593   61.062 x1.00] LOG  [CameraGameFeel] FOV punch: hit light (+1.5°)
[  7598   61.120 x1.00] LOG  [ComboTrace] LAUNCH RESULT wanted=2.09m actually moved=1.62m, completed
[  7635   61.454 x1.00] LOG  ✅ LANDED! (was jump #1)
[  7635   61.454 x1.00] LOG  💨 Landing VFX spawned!
[  7635   61.454 x1.00] LOG  [AirPosePin] released, peak correction was 0.000m
[  7645   61.525 x1.00] LOG  [ComboTrace] CLICK IGNORED (step=3 queued=0)
[  7650   61.562 x1.00] WARN The referenced script on this Behaviour (Game Object '<null>') is missing!
[  7650   61.562 x1.00] WARN The referenced script on this Behaviour (Game Object 'Lightning Light') is missing!
[  7650   61.562 x1.00] WARN The referenced script on this Behaviour (Game Object 'Lightning Light') is missing!
[  7662   61.654 x1.00] LOG  [YoruVFX] Spin VFX stopped, fading for 2.37s
[  7667   61.691 x1.00] LOG  [ComboTrace] END step=3 clipProgress=0.91 clipLen=0.79s queued=0 elapsed=0.78s
[  7679   61.779 x1.00] LOG  [ComboTrace] CLICK DROPPED by attackCooldown (0.10s, 0.09s since last attack) step=3
[  7690   61.875 x1.00] LOG  [OniBoss] Stagger → Chase
[  7691   61.882 x1.00] LOG  [OniBoss] Playing animation: Watch
[  7691   61.882 x1.00] LOG  [OniBoss] Combo started: ClubSwing1 → ClubSwing2 → ClubSlam (3 steps remaining)
[  7691   61.882 x1.00] LOG  [OniBoss] Chase → Attack
[  7691   61.882 x1.00] LOG  [OniBoss] Attack: Club_Swing (16 dmg)
[  7691   61.882 x1.00] LOG  [OniBoss:Trail] Club_Swing trail START at clip 1.00 (transition done).
[  7703   61.976 x1.00] LOG  [OniBoss:Layer] step-in: 'Club_Swing' closed 0.47m, Yoru now 3.0m away (range 3.5)
[  7703   61.976 x1.00] LOG  [Combat] Combo 1: 10 dmg
[  7703   61.976 x1.00] LOG  [ComboTrace] START step=1 state='Combo1' queued=0 target='OniBoss' at 3.0m
[  7703   61.976 x1.00] LOG  [ComboTrace] LAUNCH OniBoss at 1.7m dist=1.73m in 0.17s
[  7724   62.153 x1.00] LOG  [ComboTrace] LAUNCH RESULT wanted=1.73m actually moved=1.02m, completed
[  7738   62.243 x1.00] LOG  [OniBoss:ClubPos] Club_Swing at strike: club tip 3.02m up, 2.43m in front, -3.00m to his right (3.85m out from his centre). Club faces -84deg from his forward, pitch 0.41. (the ground wave is born 1.6m in front of him at 0.35m.)
[  7738   62.243 x1.00] LOG  [OniBoss:Layer] Club_Swing: club has not connected — ground wave released ARMED, 1.6m in front, 12m/s x 6.0m = 0.50s, carrying 8 (half of the club's 16).
[  7739   62.251 x1.00] LOG  [Peach] light hit 8 dmg: 1 bite. 3/16 bites = 0.75 of 4 peaches
[  7739   62.251 x1.00] LOG  [Momentum] 7 -> 3 (light hit taken, 50% = -4), speed x1.15, damage x1.15, impact x1.15
[  7739   62.251 x1.00] LOG  [Combat] Combo memory: light hit, keeping step 1
[  7739   62.251 x1.00] LOG  [Combat] Hit react: HitReact_Light_2Leg (0.5s, clip starts at 0.35s)
[  7739   62.251 x1.00] LOG  [CameraGameFeel] Shake: intensity=0.30 duration=0.200s
[  7739   62.251 x1.00] LOG  [CameraGameFeel] FOV punch: player damage (-2.0°)
[  7739   62.251 x1.00] LOG  [OniBoss:Wave] wave TOUCHED Yoru (grounded) for 8 after 0.1m / 0.01s of travel.
[  7742   62.271 x1.00] LOG  [HitReactTrace] asked for 'HitReact_Light_2Leg' (0.50s, clip start 0.35s): playing it, blend resolved after 21 ms, state 1.21s long at speed 1.00, now at 0.36s, layer weight 1.00, animator.speed 1.00.
[  7799   62.717 x1.00] LOG  [OniBoss] Attack → Recovery
[  7799   62.717 x1.00] LOG  [OniBoss] Playing animation: Watch
[  7799   62.717 x1.00] LOG  [OniBoss:Trail] trail END at clip 0.99, fading over 0.40s.
[  7799   62.717 x1.00] LOG  [OniBoss:Strike] Club_Swing: club tip closest to Yoru at 0.49m, clip position 0.91 | damage fires at 0.42 | clip 0.84s => damage fires 410 ms BEFORE the club is closest
[  7806   62.769 x1.00] LOG  [Combat] Combo 2: 20 dmg
[  7806   62.769 x1.00] LOG  [ComboTrace] START step=2 state='Combo2' queued=0 target='OniBoss' at 2.0m
[  7806   62.769 x1.00] LOG  [ComboTrace] LAUNCH OniBoss at 0.8m dist=0.84m in 0.13s
[  7820   62.872 x1.00] LOG  [OniBoss] Recovery → Attack
[  7820   62.872 x1.00] LOG  [OniBoss] Attack: ClubSwing2 (16 dmg)
[  7820   62.872 x1.00] LOG  [OniBoss:Trail] ClubSwing2 trail START at clip 1.00 (transition still blending).
[  7823   62.894 x1.00] LOG  [ComboTrace] LAUNCH RESULT wanted=0.84m actually moved=0.00m, completed
[  7835   62.973 x1.00] LOG  [Combat] Queued click #1 (combo 2)
[  7835   62.973 x1.00] LOG  [ComboTrace] QUEUED #1 during step 2
[  7869   63.202 x1.00] LOG  [Combat] Queued click #2 (combo 2)
[  7869   63.202 x1.00] LOG  [ComboTrace] QUEUED #2 during step 2
[  7869   63.202 x1.00] LOG  [CameraGameFeel] Shake: intensity=0.20 duration=0.250s
[  7869   63.202 x1.00] LOG  [Peach] light hit 20 dmg: 2 bites. 1/16 bites = 0.25 of 4 peaches
[  7869   63.202 x1.00] LOG  [Momentum] light hit inside the 1.0s grace, no cost (count 3)
[  7869   63.202 x1.00] LOG  [Combat] Combo memory: light hit, keeping step 2
[  7869   63.202 x1.00] LOG  [Combat] Hit react: HitReact_Light_2Leg (0.5s, clip starts at 0.35s)
[  7869   63.202 x1.00] LOG  [CameraGameFeel] Shake: intensity=0.30 duration=0.200s
[  7869   63.202 x1.00] LOG  [CameraGameFeel] FOV punch: player damage (-2.0°)
[  7869   63.202 x1.00] LOG  [OniBoss] Hit player for 20 (ClubSwing2) [combo x1.25]
[  7869   63.202 x1.00] LOG  [OniBoss:Touch] ClubSwing2: club TOUCHED Yoru at clip 0.28, shaft 0.55m from her body line, head 0.49 along the club, tip 1.72m up, tip speed 92m/s, ONE FRAME EARLY (predicted). Full club hit delivered this frame.
[  7870   63.212 x1.00] LOG  [HitReactTrace] asked for 'HitReact_Light_2Leg' (0.50s, clip start 0.35s): NOT playing it, another state took the combat layer, blend resolved after 10 ms, state 1.17s long at speed 1.60, now at 0.43s, layer weight 1.00, animator.speed 1.00.
[  7876   63.255 x1.00] LOG  [OniBoss:ClubPos] ClubSwing2 at strike: club tip 0.11m up, 1.77m in front, 2.47m to his right (3.04m out from his centre). Club faces 7deg from his forward, pitch -0.88. (the ground wave is born 1.6m in front of him at 0.35m.)
[  7876   63.255 x1.00] LOG  [OniBoss:Layer] ClubSwing2: club already hit — ground wave released as VISUAL only (0 damage).
[  7916   63.567 x1.00] LOG  [Momentum] 3 -> 2 (drain), speed x1.10, damage x1.10, impact x1.10
[  7939   63.729 x1.00] LOG  [Combat] Combo 3: 35 dmg
[  7939   63.729 x1.00] LOG  [ComboTrace] START step=3 state='Combo3' queued=0 target='OniBoss' at 2.0m
[  7939   63.729 x1.00] LOG  [ComboTrace] LAUNCH OniBoss at 0.8m dist=0.84m in 0.13s
[  7939   63.729 x1.00] LOG  [YoruVFX] Ground hazard: 'VFX_Void_Area_GroundSpinYORU' laid at GroundVFX ((481.96, 0.05, 415.01)), floor tilt 0.0 deg, 17 delays shifted by 2.00s, own lifetime 8.98s
[  7939   63.729 x1.00] LOG  [Combat] Hazard zone tick: OniBoss for 25
[  7939   63.729 x1.00] LOG  [Combat] Hazard zone laid: 8.98s, 25 dmg every 0.50s in 2.00m
[  7948   63.794 x1.00] LOG  OniBoss took 38 damage. HP: 1815/2500
[  7948   63.794 x1.00] LOG  [Stance] OniBoss 10/150 (+10 light)
[  7948   63.794 x1.00] LOG  [OniBoss] 🤕 Hit during Attack — flash only
[  7948   63.794 x1.00] LOG  [Momentum] 2 -> 3 (hit), speed x1.15, damage x1.15, impact x1.15
[  7948   63.794 x1.00] LOG  [CameraGameFeel] Shake: intensity=0.06 duration=0.080s
[  7948   63.794 x1.00] LOG  [CameraGameFeel] Shake: intensity=0.58 duration=0.200s
[  7948   63.794 x1.00] LOG  [CameraGameFeel] FOV punch: hit light (+1.5°)
[  7956   63.869 x1.00] LOG  [ComboTrace] LAUNCH RESULT wanted=0.84m actually moved=0.10m, completed
[  7965   63.933 x1.00] LOG  [ComboTrace] CLICK IGNORED (step=3 queued=0)
[  7985   64.102 x1.00] LOG  [OniBoss] Attack → Recovery
[  7985   64.102 x1.00] LOG  [OniBoss] Playing animation: Watch
[  7985   64.102 x1.00] LOG  [OniBoss:Trail] trail END at clip 1.00, fading over 0.40s.
[  7985   64.102 x1.00] LOG  [OniBoss:Strike] ClubSwing2: club tip closest to Yoru at 1.33m, clip position 0.31 | damage fires at 0.32 | clip 1.17s => MATCHED (within one or two frames)
[  7990   64.144 x1.00] LOG  [ComboTrace] CLICK IGNORED (step=3 queued=0)
[  8003   64.234 x1.00] LOG  [Combat] Hazard zone tick: OniBoss for 25
[  8005   64.255 x1.00] LOG  [OniBoss] Recovery → Attack
[  8005   64.255 x1.00] LOG  [OniBoss] Attack: ClubSlam (20 dmg)
[  8005   64.255 x1.00] LOG  [OniBoss:Trail] ClubSlam trail START at clip 1.00 (transition still blending).
[  8019   64.358 x1.00] LOG  [ComboTrace] CLICK IGNORED (step=3 queued=0)
[  8045   64.552 x1.00] LOG  [ComboTrace] END step=3 clipProgress=0.96 clipLen=0.79s queued=0 elapsed=0.82s
[  8049   64.583 x1.00] LOG  [ComboTrace] CLICK DROPPED by attackCooldown (0.10s, 0.03s since last attack) step=3
[  8055   64.634 x1.00] LOG  🚶 2-LEG JUMP
[  8055   64.634 x1.00] LOG  🐾 Jump 1 VFX spawned!
[  8062   64.683 x1.00] LOG  [CameraGameFeel] Shake: intensity=0.50 duration=0.400s
[  8062   64.683 x1.00] LOG  [Peach] heavy hit 30 dmg: 4 bites. 0/16 bites = 0 of 4 peaches
[  8062   64.683 x1.00] LOG  [Health] Player died (heavy killing hit). Game over menu: next pass.
[  8062   64.683 x1.00] LOG  [CameraGameFeel] Shake: intensity=0.60 duration=0.200s
[  8062   64.683 x1.00] LOG  [CameraGameFeel] FOV punch: player damage (-3.0°)
[  8062   64.683 x1.00] LOG  [Death] Yoru died in the air (heavy hit): Heavyhit_jumping_Die_4 from 34 %
[  8062   64.683 x1.00] LOG  [OniBoss] Hit player for 30 (ClubSlam) [combo x1.50]
[  8062   64.683 x1.00] LOG  [OniBoss:Touch] ClubSlam: club TOUCHED Yoru at clip 0.46, shaft 0.18m from her body line, head 0.50 along the club, tip 2.09m up, tip speed 101m/s. Full club hit delivered this frame.
[  8063   64.697 x1.00] LOG  [AirPosePin] engaged, holding body at 0.851m above the transform
[  8067   64.735 x1.00] LOG  [Combat] Hazard zone tick: OniBoss for 25
[  8103   65.059 x1.00] LOG  [OniBoss:ClubPos] ClubSlam at strike: club tip 0.70m up, 2.84m in front, -0.50m to his right (2.89m out from his centre). Club faces -3deg from his forward, pitch -0.21. (the ground wave is born 1.6m in front of him at 0.35m.)
[  8103   65.059 x1.00] LOG  [OniBoss:Layer] ClubSlam: club already hit — ground wave released as VISUAL only (0 damage), finisher size x2.0.
[  8117   65.184 x1.00] LOG  [OniBoss] Attack → Recovery
[  8117   65.184 x1.00] LOG  [OniBoss] Playing animation: Watch
[  8117   65.184 x1.00] LOG  [OniBoss:Trail] trail END at clip 0.99, fading over 0.40s.
[  8117   65.184 x1.00] LOG  [OniBoss:Strike] ClubSlam: club tip closest to Yoru at 1.68m, clip position 0.51 | damage fires at 0.85 | clip 0.93s => damage fires 318 ms AFTER the club is closest — it lands once the club has passed her
[  8123   65.237 x1.00] LOG  [Combat] Hazard zone tick: OniBoss for 25
[  8134   65.337 x1.00] LOG  [OniBoss] Recovery → Chase
[  8135   65.343 x1.00] LOG  [OniBoss] hold-ground: BACKSTEP 1.5m (player 2.3m)
[  8160   65.574 x1.00] LOG  💨 Landing VFX spawned!
[  8160   65.574 x1.00] LOG  [AirPosePin] released, peak correction was 0.000m
[  8183   65.739 x1.00] LOG  [Combat] Hazard zone tick: OniBoss for 25
[  8255   66.283 x1.00] LOG  [OniBoss] hold-ground: backstep done (1.50m), WATCH (player 3.4m, cooldown 0.9s)
[  8255   66.283 x1.00] LOG  [OniBoss] Playing animation: Watch
[  8257   66.295 x1.00] LOG  [Momentum] 3 -> 2 (drain), speed x1.10, damage x1.10, impact x1.10
[  8331   66.799 x1.00] LOG  [Momentum] 2 -> 1 (drain), speed x1.05, damage x1.05, impact x1.05
[  8351   66.923 x1.00] LOG  [StormWeather] ⚡ strike at (478.95, 45.00, 448.59)
[  8368   67.230 x1.00] LOG  [OniBoss] Combo started: swing1-2 (2 steps remaining)
[  8368   67.230 x1.00] LOG  [OniBoss] Chase → Attack
[  8368   67.230 x1.00] LOG  [OniBoss] Attack: Club_Swing (16 dmg)
[  8368   67.230 x1.00] LOG  [OniBoss:Trail] Club_Swing trail START at clip 0.52 (transition done).
[  8377   67.302 x1.00] LOG  [Momentum] 1 -> 0 (drain), speed x1.00, damage x1.00, impact x1.00
[  8378   67.308 x1.00] LOG  [OniBoss:Layer] step-in: 'Club_Swing' closed 0.38m, Yoru now 3.0m away (range 3.5)
[  8419   67.593 x1.00] LOG  [OniBoss:ClubPos] Club_Swing at strike: club tip 3.02m up, 2.24m in front, -3.08m to his right (3.81m out from his centre). Club faces -88deg from his forward, pitch 0.41. (the ground wave is born 1.6m in front of him at 0.35m.)
[  8419   67.593 x1.00] LOG  [OniBoss:Layer] Club_Swing: club has not connected — ground wave released ARMED, 1.6m in front, 12m/s x 6.0m = 0.50s, carrying 8 (half of the club's 16).
[  8420   67.604 x1.00] LOG  [OniBoss:Wave] wave TOUCHED Yoru (grounded) for 8 after 0.1m / 0.01s of travel.
[  8481   68.071 x1.00] LOG  [OniBoss] Attack → Recovery
[  8481   68.071 x1.00] LOG  [OniBoss] Playing animation: Watch
[  8481   68.071 x1.00] LOG  [OniBoss:Trail] trail END at clip 1.00, fading over 0.40s.
[  8481   68.071 x1.00] LOG  [OniBoss:Strike] Club_Swing: club tip closest to Yoru at 1.50m, clip position 0.91 | damage fires at 0.42 | clip 0.84s => damage fires 413 ms BEFORE the club is closest
[  8502   68.223 x1.00] LOG  [OniBoss] Recovery → Attack
[  8502   68.223 x1.00] LOG  [OniBoss] Attack: ClubSwing2 (16 dmg)
[  8502   68.223 x1.00] LOG  [OniBoss:Trail] ClubSwing2 trail START at clip 1.00 (transition still blending).
[  8503   68.233 x1.00] LOG  [OniBoss] Finisher step-in: ClubSwing2, she is 0.00m out of reach, walking up to 1.5m
[  8507   68.266 x1.00] WARN The referenced script on this Behaviour (Game Object '<null>') is missing!
[  8507   68.266 x1.00] WARN The referenced script on this Behaviour (Game Object 'Lightning Light') is missing!
[  8507   68.266 x1.00] WARN The referenced script on this Behaviour (Game Object 'Lightning Light') is missing!
[  8546   68.557 x1.00] LOG  [CameraGameFeel] Shake: intensity=0.20 duration=0.250s
[  8546   68.557 x1.00] LOG  [OniBoss] Hit player for 24 (ClubSwing2) [combo x1.50]
[  8546   68.557 x1.00] LOG  [OniBoss:Touch] ClubSwing2: club TOUCHED Yoru at clip 0.29, shaft 0.65m from her body line, head 0.79 along the club, tip 1.45m up, tip speed 95m/s, ONE FRAME EARLY (predicted). Full club hit delivered this frame.
[  8553   68.615 x1.00] LOG  [OniBoss:ClubPos] ClubSwing2 at strike: club tip 0.22m up, 1.55m in front, 2.72m to his right (3.13m out from his centre). Club faces 19deg from his forward, pitch -0.89. (the ground wave is born 1.6m in front of him at 0.35m.)
[  8553   68.615 x1.00] LOG  [OniBoss:Layer] ClubSwing2: club already hit — ground wave released as VISUAL only (0 damage), finisher size x2.0.
[  8658   69.392 x1.00] LOG  [OniBoss] Attack → Recovery
[  8658   69.392 x1.00] LOG  [OniBoss] Playing animation: Watch
[  8658   69.392 x1.00] LOG  [OniBoss:Trail] trail END at clip 0.99, fading over 0.40s.
[  8658   69.392 x1.00] LOG  [OniBoss:Strike] ClubSwing2: club tip closest to Yoru at 0.38m, clip position 0.30 | damage fires at 0.32 | clip 1.17s => MATCHED (within one or two frames)
[  8679   69.546 x1.00] LOG  [OniBoss] Recovery → Chase
[  8680   69.552 x1.00] LOG  [OniBoss] hold-ground: BACKSTEP 1.5m (player 3.0m)
[  8803   70.379 x1.00] LOG  [OniBoss] hold-ground: backstep done (1.32m), WATCH (player 4.3m, cooldown 1.0s)
[  8803   70.379 x1.00] LOG  [OniBoss] Playing animation: Watch
[  8804   70.385 x1.00] LOG  [OniBoss] Playing animation: Walk
[  8878   70.949 x1.00] LOG  [OniBoss] Playing animation: Watch
[  8939   71.354 x1.00] LOG  [OniBoss] hold-ground: cooldown over, player 3.8m > 3.5m — APPROACH
[  8939   71.354 x1.00] LOG  [OniBoss] Playing animation: Walk
[  9007   71.824 x1.00] LOG  [OniBoss] Combo started: ClubSwing1 → ClubSwing2 → ClubSlam (3 steps remaining)
[  9007   71.824 x1.00] LOG  [OniBoss] Chase → Attack
[  9007   71.824 x1.00] LOG  [OniBoss] Attack: Club_Swing (16 dmg)
[  9007   71.824 x1.00] LOG  [OniBoss:Trail] Club_Swing trail START at clip 0.25 (transition done).
[  9009   71.836 x1.00] LOG  [OniBoss:Layer] step-in: 'Club_Swing' closed 0.07m, Yoru now 3.0m away (range 3.5)
[  9056   72.182 x1.00] LOG  [OniBoss:ClubPos] Club_Swing at strike: club tip 3.02m up, 2.80m in front, -2.78m to his right (3.94m out from his centre). Club faces -76deg from his forward, pitch 0.40. (the ground wave is born 1.6m in front of him at 0.35m.)
[  9056   72.182 x1.00] LOG  [OniBoss:Layer] Club_Swing: club has not connected — ground wave released ARMED, 1.6m in front, 12m/s x 6.0m = 0.50s, carrying 8 (half of the club's 16).
[  9057   72.189 x1.00] LOG  [OniBoss:Wave] wave TOUCHED Yoru (grounded) for 8 after 0.1m / 0.01s of travel.
[  9124   72.662 x1.00] LOG  [OniBoss] Attack → Recovery
[  9124   72.662 x1.00] LOG  [OniBoss] Playing animation: Watch
[  9124   72.662 x1.00] LOG  [OniBoss:Trail] trail END at clip 0.99, fading over 0.40s.
[  9124   72.662 x1.00] LOG  [OniBoss:Strike] Club_Swing: club tip closest to Yoru at 1.50m, clip position 0.91 | damage fires at 0.42 | clip 0.84s => damage fires 410 ms BEFORE the club is closest
[  9146   72.813 x1.00] LOG  [OniBoss] Recovery → Attack
[  9146   72.813 x1.00] LOG  [OniBoss] Attack: ClubSwing2 (16 dmg)
[  9146   72.813 x1.00] LOG  [OniBoss:Trail] ClubSwing2 trail START at clip 1.00 (transition still blending).
[  9194   73.156 x1.00] LOG  [CameraGameFeel] Shake: intensity=0.20 duration=0.250s
[  9194   73.156 x1.00] LOG  [OniBoss] Hit player for 20 (ClubSwing2) [combo x1.25]
[  9194   73.156 x1.00] LOG  [OniBoss:Touch] ClubSwing2: club TOUCHED Yoru at clip 0.29, shaft 0.45m from her body line, head 0.84 along the club, tip 0.88m up, tip speed 101m/s. Full club hit delivered this frame.
[  9201   73.206 x1.00] LOG  [OniBoss:ClubPos] ClubSwing2 at strike: club tip 0.26m up, 1.48m in front, 2.80m to his right (3.17m out from his centre). Club faces 23deg from his forward, pitch -0.89. (the ground wave is born 1.6m in front of him at 0.35m.)
[  9201   73.206 x1.00] LOG  [OniBoss:Layer] ClubSwing2: club already hit — ground wave released as VISUAL only (0 damage).
[  9309   73.980 x1.00] LOG  [OniBoss] Attack → Recovery
[  9309   73.980 x1.00] LOG  [OniBoss] Playing animation: Watch
[  9309   73.980 x1.00] LOG  [OniBoss:Trail] trail END at clip 0.99, fading over 0.40s.
[  9309   73.980 x1.00] LOG  [OniBoss:Strike] ClubSwing2: club tip closest to Yoru at 0.36m, clip position 0.30 | damage fires at 0.32 | clip 1.17s => MATCHED (within one or two frames)
[  9333   74.135 x1.00] LOG  [OniBoss] Recovery → Attack
[  9333   74.135 x1.00] LOG  [OniBoss] Attack: ClubSlam (20 dmg)
[  9333   74.135 x1.00] LOG  [OniBoss:Trail] ClubSlam trail START at clip 1.00 (transition still blending).
[  9334   74.145 x1.00] LOG  [OniBoss] Finisher step-in: ClubSlam, she is 0.00m out of reach, walking up to 1.5m
[  9398   74.564 x1.00] LOG  [CameraGameFeel] Shake: intensity=0.50 duration=0.400s
[  9398   74.564 x1.00] LOG  [OniBoss] Hit player for 30 (ClubSlam) [combo x1.50]
[  9398   74.564 x1.00] LOG  [OniBoss:Touch] ClubSlam: club TOUCHED Yoru at clip 0.46, shaft 0.25m from her body line, head 0.68 along the club, tip 2.26m up, tip speed 99m/s. Full club hit delivered this frame.
[  9448   74.928 x1.00] LOG  [OniBoss:ClubPos] ClubSlam at strike: club tip 0.53m up, 2.91m in front, -0.10m to his right (2.91m out from his centre). Club faces 8deg from his forward, pitch -0.26. (the ground wave is born 1.6m in front of him at 0.35m.)
[  9448   74.928 x1.00] LOG  [OniBoss:Layer] ClubSlam: club already hit — ground wave released as VISUAL only (0 damage), finisher size x2.0.
[  9467   75.061 x1.00] LOG  [OniBoss] Attack → Recovery
[  9467   75.061 x1.00] LOG  [OniBoss] Playing animation: Watch
[  9467   75.061 x1.00] LOG  [OniBoss:Trail] trail END at clip 0.99, fading over 0.40s.
[  9467   75.061 x1.00] LOG  [OniBoss:Strike] ClubSlam: club tip closest to Yoru at 0.14m, clip position 0.85 | damage fires at 0.85 | clip 0.93s => MATCHED (within one or two frames)
[  9489   75.215 x1.00] LOG  [OniBoss] Recovery → Chase
[  9490   75.221 x1.00] LOG  [OniBoss] hold-ground: BACKSTEP 1.5m (player 3.0m)
[  9615   76.044 x1.00] LOG  [OniBoss] hold-ground: backstep done (1.32m), WATCH (player 4.3m, cooldown 1.0s)
[  9615   76.044 x1.00] LOG  [OniBoss] Playing animation: Watch
[  9752   77.015 x1.00] LOG  [OniBoss] hold-ground: cooldown over, player 4.3m > 3.5m — APPROACH
[  9752   77.015 x1.00] LOG  [OniBoss] Playing animation: Walk
[  9856   77.718 x1.00] LOG  [OniBoss] Combo started: ClubSwing1 → ClubSwing2 → ClubSlam (3 steps remaining)
[  9856   77.718 x1.00] LOG  [OniBoss] Chase → Attack
[  9856   77.718 x1.00] LOG  [OniBoss] Attack: Club_Swing (16 dmg)
[  9856   77.718 x1.00] LOG  [OniBoss:Trail] Club_Swing trail START at clip 0.37 (transition done).
[  9859   77.736 x1.00] LOG  [OniBoss:Layer] step-in: 'Club_Swing' closed 0.07m, Yoru now 3.0m away (range 3.5)
[  9909   78.077 x1.00] LOG  [OniBoss:ClubPos] Club_Swing at strike: club tip 3.02m up, 2.77m in front, -2.80m to his right (3.94m out from his centre). Club faces -77deg from his forward, pitch 0.40. (the ground wave is born 1.6m in front of him at 0.35m.)
[  9909   78.077 x1.00] LOG  [OniBoss:Layer] Club_Swing: club has not connected — ground wave released ARMED, 1.6m in front, 12m/s x 6.0m = 0.50s, carrying 8 (half of the club's 16).
[  9910   78.085 x1.00] LOG  [OniBoss:Wave] wave TOUCHED Yoru (grounded) for 8 after 0.1m / 0.01s of travel.
[  9922   78.205 x1.00] LOG  [StormWeather] terrain layers restored to dry values.
# end — 698 lines
