# Oni combat log — 2026-09-02 23:37:16
# Unity 6000.2.7f2 | scene 'CaveScene_Oni_Boss1' | platform OSXEditor
# columns: [frame realSeconds timeScale] KIND message      (KIND: LOG WARN ERR EXC TEL)
#
[     0    0.000 x1.00] LOG  [OniLog] console + telemetry → /Users/asenahazal/Documents/Yoru/OniLogs/oni_2026-09-02_23-37-16.log
[     1    0.000 x1.00] LOG  [TailAirShot4Leg] Ready. drawState=shoot_4Leg castParam=Shoot4LegSpeed (found) readyFrame=5 fireFrame=10 frames=24 slowBudget=3s real damageMultiplier=2.00
  arrow leaves: PlayerYoru_1.1/Cat_All_10_Tails_v4/Group/DeformationSystem/root/Root_M/Tail15_R/Tail151_R/Tail152_R/Tail153_R/Tail154_R/Tail155_R/Tail156_R/Tail157_R/Tail158_R/Tail159_R/Tail1510_R/Tail1511_R/Tail1512_R/Tail6_R/Tail6_R_end/Tail6_R_end_end/Tail6_R_end_end_end/RightTailTip_Anchor
  aim VFX left:  PlayerYoru_1.1/Cat_All_10_Tails_v4/Group/DeformationSystem/root/Root_M/Tail15_L/Tail151_L/Tail152_L/Tail153_L/Tail154_L/Tail155_L/Tail156_L/Tail157_L/Tail158_L/Tail159_L/Tail1510_L/Tail1511_L/Tail1512_L/Tail6_L/Tail6_L_end/Tail6_L_end_end/Tail6_L_end_end_end/LeftTailTip_Anchor/Glow_4Leg_L
  aim VFX right: PlayerYoru_1.1/Cat_All_10_Tails_v4/Group/DeformationSystem/root/Root_M/Tail15_R/Tail151_R/Tail152_R/Tail153_R/Tail154_R/Tail155_R/Tail156_R/Tail157_R/Tail158_R/Tail159_R/Tail1510_R/Tail1511_R/Tail1512_R/Tail6_R/Tail6_R_end/Tail6_R_end_end/Tail6_R_end_end_end/RightTailTip_Anchor/Glow_4Leg_R
[     1    0.000 x1.00] LOG  [TailAirShot] Ready. drawState=RightTail_Fast castParam=TailCastSpeed (found)
  arrow leaves: PlayerYoru_1.1/Cat_All_10_Tails_v4/Group/DeformationSystem/root/Root_M/Tail15_R/Tail151_R/Tail152_R/Tail153_R/Tail154_R/Tail155_R/Tail156_R/Tail157_R/Tail158_R/Tail159_R/Tail1510_R/Tail1511_R/Tail1512_R/Tail6_R/Tail6_R_end/Tail6_R_end_end/Tail6_R_end_end_end/RightTailTip_Anchor
  aim VFX: PlayerYoru_1.1/Cat_All_10_Tails_v4/Group/DeformationSystem/root/Root_M/Tail15_R/Tail151_R/Tail152_R/Tail153_R/Tail154_R/Tail155_R/Tail156_R/Tail157_R/Tail158_R/Tail159_R/Tail1510_R/Tail1511_R/Tail1512_R/Tail6_R/Tail6_R_end/Tail6_R_end_end/Tail6_R_end_end_end/RightTailTip_Anchor/vfx_Muzzle_Fireball01Blue
[     1    0.000 x1.00] LOG  [PlayerCombat] Phase 2 form gate CONNECTED (FormController found on this GameObject).
[     1    0.000 x1.00] LOG  [Combat] PlayerCombat initialized — Phase 3C v27
[     1    0.000 x1.00] LOG  [RingMesh] VFX Status:
[     1    0.000 x1.00] LOG    Left: Prefab=✓, Spawn=Tail6_L_end_end_end
[     1    0.000 x1.00] LOG    Right: Prefab=✓, Spawn=Tail6_R_end_end_end
[     1    0.000 x1.00] LOG  === VFX MANAGER INITIALIZED ===
[     1    0.000 x1.00] LOG  Auto-detect animations: False
[     1    0.000 x1.00] LOG  Parent effects to tail: True
[     1    0.000 x1.00] LOG  Prefabs: Jump=True, Land=True, LTail=True, RTail=True
[     1    0.000 x1.00] LOG  ✅ Left Tail Tip: LeftTailVFX
[     1    0.000 x1.00] LOG  ✅ Right Tail Tip: RightTailTip_Anchor
[     1    0.000 x1.00] LOG  [StormWeather] layer 'TerrainLayer_Dirt_01' dry smoothness=0.00 (restore to this if a crash ever leaves it wet)
[     1    0.000 x1.00] LOG  [StormWeather] COZY bridge: Rain_Cave retired — COZY owns the rain now.
[     1    0.000 x1.00] LOG  [StormWeather] COZY → 'Receeding Storm' (phase 1 — dark clouds gather)
[     1    0.000 x1.00] LOG  [StormWeather] Ready. Rain on, floor drying... wait, soaking.
[     1    0.000 x1.00] LOG  [FreezeDebug v3] Armed. Manual=L. Auto=True. Buffer=60 snaps @ 0.1s = 6.0s history.
[     1    0.000 x1.00] LOG  [BossBar] BossHealthBarUI initialized
[     1    0.000 x1.00] LOG  OniBoss initialized with 500 HP
[     1    0.000 x1.00] LOG  [OniBoss] ANIMATOR SETUP: cullingMode=CullUpdateTransforms updateMode=Normal applyRootMotion=False speed=1
[     1    0.000 x1.00] LOG  [OniBoss] Initialized
[     1    0.000 x1.00] LOG  [OniBoss:Layer] facing: minFlat 1m, snapOnAttack off, trackInHitReact off
[     1    0.000 x1.00] LOG  [OniBoss:Layer] Yoru launch model ON: launches ALL THE WAY to an enemy within 4.7m of its surface at 10m/s (stop gap 0.00m, NO minimum distance), else steps 0.90m forward. Targeting cone left exactly as her prefab has it.
[     1    0.000 x1.00] LOG  [OniBoss:Layer] Yoru launch ROUND 9: airborne attacks launch too (ON), edge probe now runs on its OWN layer mask (Everything) instead of the line-of-sight mask - the Ground-only mask found no floor in this cave and was cancelling 100% of launches at 0.00m travelled.
[     1    0.000 x1.00] LOG  [OniBoss:Layer] animator speed x1.35 — his 1.13s swing now plays in 0.84s.
[     1    0.000 x1.00] LOG  [OniBoss:Layer] chase speed pushed: phase1 4.5, phase2 5.5 (Yoru runs at 7).
[     1    0.000 x1.00] LOG  [OniBoss:Layer] ground wave ON (round 38): half the club's damage on TOUCH, 12m/s x 6.0m from 1.6m in front at 0.35m height — a club hit cancels that swing's wave, jumping clears it. Per-attack effects come from the Swing Wave VFX By Attack rows. PlayerHealth found, PlayerMovement found.
[     1    0.000 x1.00] LOG  [StormWeather] storm break HELD (waiting for the lightning beat)
[     1    0.000 x1.00] LOG  [OniBoss:Layer] storm break HELD — it releases at the lightning-on-the-club beat.
[     1    0.000 x1.00] LOG  [OniBoss:Layer] club tracking ON — tip 'Kanabo3' (depth 4), shaft root 'kanabo'.
[     1    0.000 x1.00] LOG  [OniBoss:Layer] skinned meshes: 46 renderer(s), updateWhenOffscreen ON, body renderer 'Body' rootBone 'Hips'
[     1    0.000 x1.00] LOG  [OniBoss:Layer] charge travel bone: 'Hips' at depth 1 under 'OniBoss', rest local (0.00, 3.24, -0.24)
[     1    0.000 x1.00] LOG  [OniBoss:Layer] anti-kite ON: thrown swing after 4s of failed chase (within 7.6m), charge after 6s.
[     1    0.000 x1.00] LOG  [OniBoss:Layer] charge drive ON (windup to 0.40 at x1.3, rush 14m/s stops at 2.6m, steers 0.35s then commits, strike section from 0.58, strike moment 0.76, trail VFX off)
[     1    0.000 x1.00] LOG  [OniBoss:Layer] attack armor ON (his swings are not interrupted by light/medium hits; heavy hits and rapid-hit bursts still stop him)
[     1    0.000 x1.00] LOG  [OniBoss:Layer] strike moments overridden: Club_Swing=0.42 ClubSwing2=0.32 ClubSlam=0.85 KanaboSweep=0.48
[     1    0.000 x1.00] LOG  [OniBoss:Layer] club TOUCH hits ON (radius 0.70m, min tip speed 50m/s, armed from 0.20 of the clip): Club_Swing ClubSwing2 ClubSlam KanaboSweep. First touch wins — club full damage, wave half, one hit per swing.
[     1    0.000 x1.00] LOG  [OniBoss:Layer] combo damage ramp ON: mid x1.25, finisher x1.50 — finisher wave carries FULL damage at x2.0 size, x2.0 travel.
[     1    0.000 x1.00] LOG  [OniBoss:Layer] charge follow-up ON: 90 % of solo charges chain into a random melee finisher.
[     1    0.000 x1.00] LOG  [OniBoss:Layer] hold-ground ON (backstep 1.5m @ 1.6m/s after own attacks, watch 'Watch', attack facing LOCKED)
[     1    0.000 x1.00] LOG  [OniBoss:Layer] OniBoss layer ready (reactions, wake-on-hit, watch stance, boss bar). player=found
[     1    0.000 x1.00] LOG  [OniBoss:Layer] charge clip 'Oni Charge.fbx' imports with Root Motion Node = None (in place) — good.
[     1    0.000 x1.00] LOG  [OniBoss:Layer] clips importing with Root Transform Position (Y) NOT baked into pose (12): Oni_Alert(Oni Alert), Club_Slam(Oni Club Slam), Club_Swing(Oni Club Swing), Club_swing2(Oni Club Swing 2), Death(Oni Death Kneel), Hit_react_light(Oni Hit react lighter light), KanaboSweep(Oni Kanabo sweep), Phase_Transition(Oni Phase transition), run(Oni Run), Walk(Oni Walk), Watch(Oni Watch), Idle(Oni Idle) — their hips' up/down motion is stripped (see round notes; optional).
[     1    0.000 x1.00] LOG  [VolumetricFogController] Found VolumetricFog component on mainCamera (1)
[     1    0.000 x1.00] LOG  [VolumetricFogController] Reflection init: density=True, height=True, baselineHeight=True, alpha=True, noiseStrength=True, lightScatteringExposure=True
[     1    0.000 x1.00] LOG  [VolumetricFogController] Initialized with Neutral preset (height=60, baselineHeight=0)
[     1    0.000 x1.00] WARN [VolumetricFogController] WorldStateManager not found!
[     1    0.000 x1.00] LOG  [CameraGameFeel] CameraGameFeel initialized (shake + FOV)
[     1    2.599 x1.00] LOG  [OniBoss] Playing animation: Idle
[     1    2.599 x1.00] LOG  [OniBoss:Layer] watch stance ON (player 13.4m)
[    59    3.342 x1.00] LOG  💨 Landing VFX spawned!
[    59    3.342 x1.00] LOG  ✅ LANDED! (was jump #0)
[   596    5.734 x1.00] LOG  
==================== [FREEZE-DEBUG v3] ====================
  Reason : WASD-NOMOVE: WASD recent + speed 0.00m/s for 0.40s
  Time   : 2.674s   Frame: 596   Snaps: 27
===========================================================

--- CURRENT STATE ---
  Flags: atk=False hvy=False dod=False dsh=False
         grd=False hit=False aerial=False lockPos=False
         comboStep=0
  Anim : speed=1.00  combatLayer hash=-792875657 normT=2.670 weight=1.00 inTransition=False
  CC   : grounded=True  enabled=True  pos=(473.50, 0.78, 427.43)  vel=(0.00, -2.06, 0.00)
  Move : IsRunning=True
  Input: H=0.00 V=1.00  LMB=False MMB=False Q=False Sp=False Sh=True C=False
         WASD pressed in last 0.5s: True (last 0.00s ago)

--- FLIGHT RECORDER (27 snapshots, oldest first, dt=0.10s) ---
  Legend: flags = A(tk) H(vy) D(od) S(sh) G(rd) R(eact) Y(aerial) L(ock)   gnd/cc: Y/n
  t-now    flags     step gnd cc anSp normT layW tr | posX     posZ     spd   | H    V    LMB MMB Q  Sp Sh C
  ------   --------  ---- --- -- ---- ----- ---- -- | -----    -----    ----  | ---- ---- --- --- -- -- -- -
  - 2.67s  --------    0  n   Y  1.00  0.00 1.00 -  |   474.5    427.2  0.00 |  0.0  0.0 0   0   0  0  0  0
  - 2.57s  --------    0  n   Y  1.00  0.10 1.00 -  |   474.5    427.2  0.00 |  0.0  0.0 0   0   0  0  0  0
  - 2.47s  --------    0  n   Y  1.00  0.20 1.00 -  |   474.5    427.2  0.00 |  0.0  0.0 0   0   0  0  0  0
  - 2.37s  --------    0  Y   Y  1.00  0.30 1.00 -  |   474.5    427.2  0.00 |  0.0  0.0 0   0   0  0  0  0
  - 2.26s  --------    0  Y   Y  1.00  0.41 1.00 -  |   474.5    427.2  0.00 |  0.0  0.0 0   0   0  0  0  0
  - 2.16s  --------    0  Y   Y  1.00  0.51 1.00 -  |   474.5    427.2  0.00 |  0.0  0.0 0   0   0  0  0  0
  - 2.06s  --------    0  Y   Y  1.00  0.61 1.00 -  |   474.5    427.2  0.00 |  0.0  0.0 0   0   0  0  0  0
  - 1.96s  --------    0  Y   Y  1.00  0.71 1.00 -  |   474.5    427.2  0.00 |  0.0  0.0 0   0   0  0  0  0
  - 1.86s  --------    0  Y   Y  1.00  0.81 1.00 -  |   474.5    427.2  0.00 |  0.0  0.0 0   0   0  0  0  0
  - 1.76s  --------    0  Y   Y  1.00  0.91 1.00 -  |   474.5    427.2  0.00 |  0.0  0.0 0   0   0  0  0  0
  - 1.65s  --------    0  Y   Y  1.00  1.02 1.00 -  |   474.5    427.2  0.00 |  0.0  0.0 0   0   0  0  0  0
  - 1.55s  --------    0  Y   Y  1.00  1.12 1.00 -  |   474.5    427.2  0.00 |  0.0  0.0 0   0   0  0  0  0
  - 1.45s  --------    0  Y   Y  1.00  1.22 1.00 -  |   474.5    427.2  0.00 |  0.0  0.0 0   0   0  0  0  0
  - 1.34s  --------    0  Y   Y  1.00  1.33 1.00 -  |   474.5    427.2  0.00 |  0.0  0.0 0   0   0  0  0  0
  - 1.24s  --------    0  Y   Y  1.00  1.43 1.00 -  |   474.5    427.2  0.00 |  0.0  0.0 0   0   0  0  0  0
  - 1.14s  --------    0  Y   Y  1.00  1.53 1.00 -  |   474.5    427.2  0.00 |  0.0  0.0 0   0   0  0  0  0
  - 1.03s  --------    0  Y   Y  1.00  1.64 1.00 -  |   474.5    427.2  0.00 |  0.0  0.0 0   0   0  0  0  0
  - 0.93s  --------    0  Y   Y  1.00  1.74 1.00 -  |   474.5    427.2  0.00 |  0.0  0.0 0   0   0  0  0  0
  - 0.83s  --------    0  Y   Y  1.00  1.84 1.00 -  |   474.5    427.2  0.00 |  0.0  0.0 0   0   0  0  0  0
  - 0.72s  --------    0  Y   Y  1.00  1.94 1.00 -  |   474.5    427.2  0.00 |  0.0  0.0 0   0   0  0  0  0
  - 0.62s  --------    0  Y   Y  1.00  2.05 1.00 -  |   474.5    427.2  0.00 |  0.0  0.0 0   0   0  0  0  0
  - 0.51s  --------    0  Y   Y  1.00  2.15 1.00 -  |   474.5    427.2  0.00 |  0.0  0.0 0   0   0  0  0  0
  - 0.41s  --------    0  Y   Y  1.00  2.26 1.00 -  |   474.5    427.2  0.00 |  0.0  0.0 0   0   0  0  0  0
  - 0.31s  --------    0  Y   Y  1.00  2.36 1.00 -  |   474.4    427.3  0.00 |  0.0  1.0 0   0   0  0  0  0
  - 0.21s  --------    0  Y   Y  1.00  2.46 1.00 -  |   474.2    427.3  0.00 |  0.0  1.0 0   0   0  0  0  0
  - 0.11s  --------    0  Y   Y  1.00  2.56 1.00 -  |   474.0    427.3  0.00 |  0.0  1.0 0   0   0  0  0  0
  - 0.00s  --------    0  Y   Y  1.00  2.67 1.00 -  |   473.5    427.4  0.00 |  0.0  1.0 0   0   0  0  1  0
=========================================================== END

[   992    7.560 x1.00] LOG  [OniBoss:Layer] watch stance OFF, back to Idle (player 16.5m)
[  1462    9.754 x1.00] LOG  
==================== [FREEZE-DEBUG v3] ====================
  Reason : WASD-NOMOVE: WASD recent + speed 0.00m/s for 0.40s
  Time   : 6.694s   Frame: 1462   Snaps: 60
===========================================================

--- CURRENT STATE ---
  Flags: atk=False hvy=False dod=False dsh=False
         grd=False hit=False aerial=False lockPos=False
         comboStep=0
  Anim : speed=1.00  combatLayer hash=-792875657 normT=6.690 weight=1.00 inTransition=False
  CC   : grounded=True  enabled=True  pos=(455.74, -0.02, 413.13)  vel=(0.00, 0.00, 0.00)
  Move : IsRunning=True
  Input: H=-1.00 V=1.00  LMB=False MMB=False Q=False Sp=False Sh=True C=False
         WASD pressed in last 0.5s: True (last 0.00s ago)

--- FLIGHT RECORDER (60 snapshots, oldest first, dt=0.10s) ---
  Legend: flags = A(tk) H(vy) D(od) S(sh) G(rd) R(eact) Y(aerial) L(ock)   gnd/cc: Y/n
  t-now    flags     step gnd cc anSp normT layW tr | posX     posZ     spd   | H    V    LMB MMB Q  Sp Sh C
  ------   --------  ---- --- -- ---- ----- ---- -- | -----    -----    ----  | ---- ---- --- --- -- -- -- -
  - 6.08s  --------    0  Y   Y  1.00  0.61 1.00 -  |   474.5    427.2  0.00 |  0.0  0.0 0   0   0  0  0  0
  - 5.98s  --------    0  Y   Y  1.00  0.71 1.00 -  |   474.5    427.2  0.00 |  0.0  0.0 0   0   0  0  0  0
  - 5.88s  --------    0  Y   Y  1.00  0.81 1.00 -  |   474.5    427.2  0.00 |  0.0  0.0 0   0   0  0  0  0
  - 5.78s  --------    0  Y   Y  1.00  0.91 1.00 -  |   474.5    427.2  0.00 |  0.0  0.0 0   0   0  0  0  0
  - 5.67s  --------    0  Y   Y  1.00  1.02 1.00 -  |   474.5    427.2  0.00 |  0.0  0.0 0   0   0  0  0  0
  - 5.57s  --------    0  Y   Y  1.00  1.12 1.00 -  |   474.5    427.2  0.00 |  0.0  0.0 0   0   0  0  0  0
  - 5.47s  --------    0  Y   Y  1.00  1.22 1.00 -  |   474.5    427.2  0.00 |  0.0  0.0 0   0   0  0  0  0
  - 5.36s  --------    0  Y   Y  1.00  1.33 1.00 -  |   474.5    427.2  0.00 |  0.0  0.0 0   0   0  0  0  0
  - 5.26s  --------    0  Y   Y  1.00  1.43 1.00 -  |   474.5    427.2  0.00 |  0.0  0.0 0   0   0  0  0  0
  - 5.16s  --------    0  Y   Y  1.00  1.53 1.00 -  |   474.5    427.2  0.00 |  0.0  0.0 0   0   0  0  0  0
  - 5.05s  --------    0  Y   Y  1.00  1.64 1.00 -  |   474.5    427.2  0.00 |  0.0  0.0 0   0   0  0  0  0
  - 4.95s  --------    0  Y   Y  1.00  1.74 1.00 -  |   474.5    427.2  0.00 |  0.0  0.0 0   0   0  0  0  0
  - 4.85s  --------    0  Y   Y  1.00  1.84 1.00 -  |   474.5    427.2  0.00 |  0.0  0.0 0   0   0  0  0  0
  - 4.74s  --------    0  Y   Y  1.00  1.94 1.00 -  |   474.5    427.2  0.00 |  0.0  0.0 0   0   0  0  0  0
  - 4.64s  --------    0  Y   Y  1.00  2.05 1.00 -  |   474.5    427.2  0.00 |  0.0  0.0 0   0   0  0  0  0
  - 4.53s  --------    0  Y   Y  1.00  2.15 1.00 -  |   474.5    427.2  0.00 |  0.0  0.0 0   0   0  0  0  0
  - 4.43s  --------    0  Y   Y  1.00  2.26 1.00 -  |   474.5    427.2  0.00 |  0.0  0.0 0   0   0  0  0  0
  - 4.33s  --------    0  Y   Y  1.00  2.36 1.00 -  |   474.4    427.3  0.00 |  0.0  1.0 0   0   0  0  0  0
  - 4.23s  --------    0  Y   Y  1.00  2.46 1.00 -  |   474.2    427.3  0.00 |  0.0  1.0 0   0   0  0  0  0
  - 4.13s  --------    0  Y   Y  1.00  2.56 1.00 -  |   474.0    427.3  0.00 |  0.0  1.0 0   0   0  0  0  0
  - 4.02s  --------    0  Y   Y  1.00  2.67 1.00 -  |   473.5    427.4  0.00 |  0.0  1.0 0   0   0  0  1  0
  - 3.92s  --------    0  Y   Y  1.00  2.77 1.00 -  |   472.8    427.5  0.00 |  0.0  1.0 0   0   0  0  1  0
  - 3.81s  --------    0  Y   Y  1.00  2.87 1.00 -  |   472.1    427.6  0.00 |  0.0  1.0 0   0   0  0  1  0
  - 3.71s  --------    0  Y   Y  1.00  2.98 1.00 -  |   471.3    427.7  0.00 |  0.0  1.0 0   0   0  0  1  0
  - 3.61s  --------    0  Y   Y  1.00  3.08 1.00 -  |   470.6    427.8  0.00 |  0.0  1.0 0   0   0  0  1  0
  - 3.51s  --------    0  Y   Y  1.00  3.18 1.00 -  |   469.9    427.8  0.00 |  0.0  1.0 0   0   0  0  1  0
  - 3.40s  --------    0  Y   Y  1.00  3.28 1.00 -  |   469.2    427.9  0.00 |  0.0  1.0 0   0   0  0  1  0
  - 3.30s  --------    0  Y   Y  1.00  3.39 1.00 -  |   468.5    427.9  0.00 | -1.0  1.0 0   0   0  0  1  0
  - 3.20s  --------    0  Y   Y  1.00  3.49 1.00 -  |   467.8    427.7  0.00 | -1.0  1.0 0   0   0  0  1  0
  - 3.09s  --------    0  Y   Y  1.00  3.59 1.00 -  |   467.1    427.2  0.00 | -1.0  1.0 0   0   0  0  1  0
  - 2.99s  --------    0  Y   Y  1.00  3.70 1.00 -  |   466.5    426.9  0.00 | -1.0  0.0 0   0   0  0  1  0
  - 2.89s  --------    0  Y   Y  1.00  3.80 1.00 -  |   465.9    426.4  0.00 | -1.0  0.0 0   0   0  0  1  0
  - 2.78s  --------    0  Y   Y  1.00  3.90 1.00 -  |   465.4    426.0  0.00 | -1.0  0.0 0   0   0  0  1  0
  - 2.68s  --------    0  Y   Y  1.00  4.00 1.00 -  |   465.0    425.4  0.00 | -1.0  0.0 0   0   0  0  1  0
  - 2.58s  --------    0  Y   Y  1.00  4.10 1.00 -  |   464.7    424.8  0.00 | -1.0  0.0 0   0   0  0  1  0
  - 2.48s  --------    0  Y   Y  1.00  4.21 1.00 -  |   464.2    424.3  0.00 | -1.0  0.0 0   0   0  0  1  0
  - 2.37s  --------    0  Y   Y  1.00  4.31 1.00 -  |   463.6    423.7  0.00 | -1.0  0.0 0   0   0  0  1  0
  - 2.27s  --------    0  Y   Y  1.00  4.42 1.00 -  |   463.1    423.2  0.00 | -1.0  0.0 0   0   0  0  1  0
  - 2.17s  --------    0  Y   Y  1.00  4.52 1.00 -  |   462.6    422.8  0.00 | -1.0  0.0 0   0   0  0  1  0
  - 2.07s  --------    0  Y   Y  1.00  4.62 1.00 -  |   462.0    422.4  0.00 | -1.0  0.0 0   0   0  0  1  0
  - 1.97s  --------    0  Y   Y  1.00  4.72 1.00 -  |   461.4    421.9  0.00 | -1.0 -1.0 0   0   0  0  1  0
  - 1.86s  --------    0  Y   Y  1.00  4.82 1.00 -  |   461.0    421.4  0.00 |  0.0 -1.0 0   0   0  0  1  0
  - 1.76s  --------    0  Y   Y  1.00  4.93 1.00 -  |   460.8    420.7  0.00 |  0.0 -1.0 0   0   0  0  0  0
  - 1.65s  --------    0  Y   Y  1.00  5.03 1.00 -  |   460.8    420.5  0.00 |  0.0 -1.0 0   0   0  0  0  0
  - 1.55s  --------    0  Y   Y  1.00  5.13 1.00 -  |   460.9    420.3  0.00 |  0.0 -1.0 0   0   0  0  0  0
  - 1.45s  --------    0  Y   Y  1.00  5.23 1.00 -  |   461.2    419.9  0.00 |  0.0 -1.0 0   0   0  0  1  0
  - 1.35s  --------    0  Y   Y  1.00  5.34 1.00 -  |   461.5    419.3  0.00 |  0.0 -1.0 0   0   0  0  1  0
  - 1.24s  --------    0  Y   Y  1.00  5.44 1.00 -  |   461.7    418.6  0.00 | -1.0 -1.0 0   0   0  0  1  0
  - 1.14s  --------    0  Y   Y  1.00  5.55 1.00 -  |   461.6    417.9  0.00 | -1.0 -1.0 0   0   0  0  1  0
  - 1.04s  --------    0  Y   Y  1.00  5.65 1.00 -  |   461.3    417.3  0.00 | -1.0 -1.0 0   0   0  0  1  0
  - 0.94s  --------    0  Y   Y  1.00  5.75 1.00 -  |   460.9    416.7  0.00 | -1.0 -1.0 0   0   0  0  1  0
  - 0.83s  --------    0  Y   Y  1.00  5.86 1.00 -  |   460.4    416.0  0.00 | -1.0  0.0 0   0   0  0  1  0
  - 0.73s  --------    0  Y   Y  1.00  5.96 1.00 -  |   459.9    415.6  0.00 | -1.0 -1.0 0   0   0  0  1  0
  - 0.62s  --------    0  Y   Y  1.00  6.07 1.00 -  |   459.4    415.0  0.00 | -1.0 -1.0 0   0   0  0  1  0
  - 0.52s  --------    0  Y   Y  1.00  6.17 1.00 -  |   459.0    414.4  0.00 | -1.0  0.0 0   0   0  0  1  0
  - 0.42s  --------    0  Y   Y  1.00  6.27 1.00 -  |   458.5    414.0  0.00 | -1.0  0.0 0   0   0  0  1  0
  - 0.32s  --------    0  Y   Y  1.00  6.37 1.00 -  |   457.9    413.6  0.00 | -1.0  0.0 0   0   0  0  1  0
  - 0.22s  --------    0  Y   Y  1.00  6.47 1.00 -  |   457.3    413.4  0.00 | -1.0  0.0 0   0   0  0  1  0
  - 0.11s  --------    0  Y   Y  1.00  6.58 1.00 -  |   456.4    413.2  0.00 | -1.0  0.0 0   0   0  0  1  0
  - 0.01s  --------    0  Y   Y  1.00  6.68 1.00 -  |   455.7    413.1  0.00 | -1.0  1.0 0   0   0  0  1  0
=========================================================== END

[  2200   13.794 x1.00] LOG  
==================== [FREEZE-DEBUG v3] ====================
  Reason : WASD-NOMOVE: WASD recent + speed 0.00m/s for 0.40s
  Time   : 10.734s   Frame: 2200   Snaps: 60
===========================================================

--- CURRENT STATE ---
  Flags: atk=False hvy=False dod=False dsh=False
         grd=False hit=False aerial=False lockPos=False
         comboStep=0
  Anim : speed=1.00  combatLayer hash=-792875657 normT=10.731 weight=1.00 inTransition=False
  CC   : grounded=True  enabled=True  pos=(432.52, -0.02, 412.14)  vel=(0.00, 0.00, 0.00)
  Move : IsRunning=True
  Input: H=0.00 V=1.00  LMB=False MMB=False Q=False Sp=False Sh=True C=False
         WASD pressed in last 0.5s: True (last 0.00s ago)

--- FLIGHT RECORDER (60 snapshots, oldest first, dt=0.10s) ---
  Legend: flags = A(tk) H(vy) D(od) S(sh) G(rd) R(eact) Y(aerial) L(ock)   gnd/cc: Y/n
  t-now    flags     step gnd cc anSp normT layW tr | posX     posZ     spd   | H    V    LMB MMB Q  Sp Sh C
  ------   --------  ---- --- -- ---- ----- ---- -- | -----    -----    ----  | ---- ---- --- --- -- -- -- -
  - 6.11s  --------    0  Y   Y  1.00  4.62 1.00 -  |   462.0    422.4  0.00 | -1.0  0.0 0   0   0  0  1  0
  - 6.01s  --------    0  Y   Y  1.00  4.72 1.00 -  |   461.4    421.9  0.00 | -1.0 -1.0 0   0   0  0  1  0
  - 5.90s  --------    0  Y   Y  1.00  4.82 1.00 -  |   461.0    421.4  0.00 |  0.0 -1.0 0   0   0  0  1  0
  - 5.80s  --------    0  Y   Y  1.00  4.93 1.00 -  |   460.8    420.7  0.00 |  0.0 -1.0 0   0   0  0  0  0
  - 5.69s  --------    0  Y   Y  1.00  5.03 1.00 -  |   460.8    420.5  0.00 |  0.0 -1.0 0   0   0  0  0  0
  - 5.59s  --------    0  Y   Y  1.00  5.13 1.00 -  |   460.9    420.3  0.00 |  0.0 -1.0 0   0   0  0  0  0
  - 5.49s  --------    0  Y   Y  1.00  5.23 1.00 -  |   461.2    419.9  0.00 |  0.0 -1.0 0   0   0  0  1  0
  - 5.39s  --------    0  Y   Y  1.00  5.34 1.00 -  |   461.5    419.3  0.00 |  0.0 -1.0 0   0   0  0  1  0
  - 5.28s  --------    0  Y   Y  1.00  5.44 1.00 -  |   461.7    418.6  0.00 | -1.0 -1.0 0   0   0  0  1  0
  - 5.18s  --------    0  Y   Y  1.00  5.55 1.00 -  |   461.6    417.9  0.00 | -1.0 -1.0 0   0   0  0  1  0
  - 5.08s  --------    0  Y   Y  1.00  5.65 1.00 -  |   461.3    417.3  0.00 | -1.0 -1.0 0   0   0  0  1  0
  - 4.98s  --------    0  Y   Y  1.00  5.75 1.00 -  |   460.9    416.7  0.00 | -1.0 -1.0 0   0   0  0  1  0
  - 4.87s  --------    0  Y   Y  1.00  5.86 1.00 -  |   460.4    416.0  0.00 | -1.0  0.0 0   0   0  0  1  0
  - 4.77s  --------    0  Y   Y  1.00  5.96 1.00 -  |   459.9    415.6  0.00 | -1.0 -1.0 0   0   0  0  1  0
  - 4.66s  --------    0  Y   Y  1.00  6.07 1.00 -  |   459.4    415.0  0.00 | -1.0 -1.0 0   0   0  0  1  0
  - 4.56s  --------    0  Y   Y  1.00  6.17 1.00 -  |   459.0    414.4  0.00 | -1.0  0.0 0   0   0  0  1  0
  - 4.46s  --------    0  Y   Y  1.00  6.27 1.00 -  |   458.5    414.0  0.00 | -1.0  0.0 0   0   0  0  1  0
  - 4.36s  --------    0  Y   Y  1.00  6.37 1.00 -  |   457.9    413.6  0.00 | -1.0  0.0 0   0   0  0  1  0
  - 4.26s  --------    0  Y   Y  1.00  6.47 1.00 -  |   457.3    413.4  0.00 | -1.0  0.0 0   0   0  0  1  0
  - 4.15s  --------    0  Y   Y  1.00  6.58 1.00 -  |   456.4    413.2  0.00 | -1.0  0.0 0   0   0  0  1  0
  - 4.05s  --------    0  Y   Y  1.00  6.68 1.00 -  |   455.7    413.1  0.00 | -1.0  1.0 0   0   0  0  1  0
  - 3.94s  --------    0  Y   Y  1.00  6.78 1.00 -  |   455.0    413.2  0.00 | -1.0  1.0 0   0   0  0  1  0
  - 3.84s  --------    0  Y   Y  1.00  6.89 1.00 -  |   454.4    413.5  0.00 | -1.0  1.0 0   0   0  0  1  0
  - 3.74s  --------    0  Y   Y  1.00  6.99 1.00 -  |   453.9    414.0  0.00 | -1.0  1.0 0   0   0  0  1  0
  - 3.64s  --------    0  Y   Y  1.00  7.09 1.00 -  |   453.4    414.4  0.00 | -1.0  1.0 0   0   0  0  1  0
  - 3.53s  --------    0  Y   Y  1.00  7.19 1.00 -  |   452.8    414.9  0.00 | -1.0  1.0 0   0   0  0  1  0
  - 3.43s  --------    0  Y   Y  1.00  7.30 1.00 -  |   452.0    415.2  0.00 | -1.0  1.0 0   0   0  0  1  0
  - 3.33s  --------    0  Y   Y  1.00  7.39 1.00 -  |   451.4    415.3  0.00 | -1.0  1.0 0   0   0  0  1  0
  - 3.23s  --------    0  Y   Y  1.00  7.49 1.00 -  |   450.7    415.3  0.00 | -1.0  1.0 0   0   0  0  1  0
  - 3.12s  --------    0  Y   Y  1.00  7.60 1.00 -  |   450.0    415.1  0.00 | -1.0  1.0 0   0   0  0  1  0
  - 3.02s  --------    0  Y   Y  1.00  7.71 1.00 -  |   449.3    414.9  0.00 | -1.0  1.0 0   0   0  0  1  0
  - 2.92s  --------    0  Y   Y  1.00  7.81 1.00 -  |   448.7    414.6  0.00 | -1.0  1.0 0   0   0  0  1  0
  - 2.81s  --------    0  Y   Y  1.00  7.91 1.00 -  |   447.9    414.3  0.00 | -1.0  1.0 0   0   0  0  1  0
  - 2.71s  --------    0  Y   Y  1.00  8.02 1.00 -  |   447.3    413.9  0.00 | -1.0  1.0 0   0   0  0  1  0
  - 2.60s  --------    0  Y   Y  1.00  8.12 1.00 -  |   446.9    413.4  0.00 | -1.0  1.0 0   0   0  0  1  0
  - 2.50s  --------    0  Y   Y  1.00  8.23 1.00 -  |   446.5    412.8  0.00 | -1.0  1.0 0   0   0  0  1  0
  - 2.39s  --------    0  Y   Y  1.00  8.33 1.00 -  |   446.1    412.0  0.00 | -1.0  1.0 0   0   0  0  1  0
  - 2.29s  --------    0  Y   Y  1.00  8.43 1.00 -  |   445.8    411.4  0.00 | -1.0  1.0 0   0   0  0  1  0
  - 2.19s  --------    0  Y   Y  1.00  8.54 1.00 -  |   445.5    410.8  0.00 | -1.0  1.0 0   0   0  0  1  0
  - 2.08s  --------    0  Y   Y  1.00  8.64 1.00 -  |   445.2    410.1  0.00 | -1.0  1.0 0   0   0  0  1  0
  - 1.98s  --------    0  Y   Y  1.00  8.74 1.00 -  |   444.9    409.5  0.00 |  0.0  1.0 0   0   0  0  1  0
  - 1.88s  --------    0  Y   Y  1.00  8.85 1.00 -  |   444.5    408.9  0.00 |  0.0  1.0 0   0   0  0  1  0
  - 1.77s  --------    0  Y   Y  1.00  8.95 1.00 -  |   443.7    408.6  0.00 |  0.0  1.0 0   0   0  0  1  0
  - 1.67s  --------    0  Y   Y  1.00  9.06 1.00 -  |   443.0    408.6  0.00 |  0.0  1.0 0   0   0  0  1  0
  - 1.56s  --------    0  Y   Y  1.00  9.16 1.00 -  |   442.4    408.9  0.00 |  0.0  1.0 0   0   0  0  1  0
  - 1.45s  --------    0  Y   Y  1.00  9.27 1.00 -  |   441.7    409.3  0.00 |  0.0  1.0 0   0   0  0  1  0
  - 1.35s  --------    0  Y   Y  1.00  9.37 1.00 -  |   441.1    409.7  0.00 |  0.0  1.0 0   0   0  0  1  0
  - 1.25s  --------    0  Y   Y  1.00  9.47 1.00 -  |   440.5    410.1  0.00 |  0.0  1.0 0   0   0  0  1  0
  - 1.15s  --------    0  Y   Y  1.00  9.58 1.00 -  |   440.0    410.5  0.00 |  0.0  1.0 0   0   0  0  1  0
  - 1.04s  --------    0  Y   Y  1.00  9.68 1.00 -  |   439.4    410.9  0.00 |  0.0  1.0 0   0   0  0  1  0
  - 0.94s  --------    0  Y   Y  1.00  9.78 1.00 -  |   438.8    411.3  0.00 |  0.0  1.0 0   0   0  0  1  0
  - 0.84s  --------    0  Y   Y  1.00  9.89 1.00 -  |   438.3    411.8  0.00 |  0.0  1.0 0   0   0  0  1  0
  - 0.74s  --------    0  Y   Y  1.00  9.99 1.00 -  |   437.7    412.1  0.00 |  0.0  1.0 0   0   0  0  1  0
  - 0.63s  --------    0  Y   Y  1.00 10.09 1.00 -  |   436.9    412.3  0.00 |  0.0  1.0 0   0   0  0  1  0
  - 0.53s  --------    0  Y   Y  1.00 10.20 1.00 -  |   436.2    412.4  0.00 |  0.0  1.0 0   0   0  0  1  0
  - 0.43s  --------    0  Y   Y  1.00 10.30 1.00 -  |   435.5    412.4  0.00 |  0.0  1.0 0   0   0  0  1  0
  - 0.32s  --------    0  Y   Y  1.00 10.40 1.00 -  |   434.8    412.3  0.00 |  0.0  1.0 0   0   0  0  1  0
  - 0.22s  --------    0  Y   Y  1.00 10.51 1.00 -  |   434.1    412.3  0.00 |  0.0  1.0 0   0   0  0  1  0
  - 0.12s  --------    0  Y   Y  1.00 10.61 1.00 -  |   433.4    412.2  0.00 |  0.0  1.0 0   0   0  0  1  0
  - 0.01s  --------    0  Y   Y  1.00 10.71 1.00 -  |   432.5    412.1  0.00 |  0.0  1.0 0   0   0  0  1  0
=========================================================== END

[  2874   17.822 x1.00] LOG  
==================== [FREEZE-DEBUG v3] ====================
  Reason : WASD-NOMOVE: WASD recent + speed 0.00m/s for 0.40s
  Time   : 14.762s   Frame: 2874   Snaps: 60
===========================================================

--- CURRENT STATE ---
  Flags: atk=False hvy=False dod=False dsh=False
         grd=False hit=False aerial=False lockPos=False
         comboStep=0
  Anim : speed=1.00  combatLayer hash=-792875657 normT=14.754 weight=1.00 inTransition=False
  CC   : grounded=True  enabled=True  pos=(414.49, -0.02, 407.34)  vel=(0.00, 0.00, 0.00)
  Move : IsRunning=True
  Input: H=-1.00 V=0.00  LMB=False MMB=False Q=False Sp=False Sh=True C=False
         WASD pressed in last 0.5s: True (last 0.00s ago)

--- FLIGHT RECORDER (60 snapshots, oldest first, dt=0.10s) ---
  Legend: flags = A(tk) H(vy) D(od) S(sh) G(rd) R(eact) Y(aerial) L(ock)   gnd/cc: Y/n
  t-now    flags     step gnd cc anSp normT layW tr | posX     posZ     spd   | H    V    LMB MMB Q  Sp Sh C
  ------   --------  ---- --- -- ---- ----- ---- -- | -----    -----    ----  | ---- ---- --- --- -- -- -- -
  - 6.22s  --------    0  Y   Y  1.00  8.54 1.00 -  |   445.5    410.8  0.00 | -1.0  1.0 0   0   0  0  1  0
  - 6.11s  --------    0  Y   Y  1.00  8.64 1.00 -  |   445.2    410.1  0.00 | -1.0  1.0 0   0   0  0  1  0
  - 6.01s  --------    0  Y   Y  1.00  8.74 1.00 -  |   444.9    409.5  0.00 |  0.0  1.0 0   0   0  0  1  0
  - 5.91s  --------    0  Y   Y  1.00  8.85 1.00 -  |   444.5    408.9  0.00 |  0.0  1.0 0   0   0  0  1  0
  - 5.80s  --------    0  Y   Y  1.00  8.95 1.00 -  |   443.7    408.6  0.00 |  0.0  1.0 0   0   0  0  1  0
  - 5.70s  --------    0  Y   Y  1.00  9.06 1.00 -  |   443.0    408.6  0.00 |  0.0  1.0 0   0   0  0  1  0
  - 5.59s  --------    0  Y   Y  1.00  9.16 1.00 -  |   442.4    408.9  0.00 |  0.0  1.0 0   0   0  0  1  0
  - 5.48s  --------    0  Y   Y  1.00  9.27 1.00 -  |   441.7    409.3  0.00 |  0.0  1.0 0   0   0  0  1  0
  - 5.38s  --------    0  Y   Y  1.00  9.37 1.00 -  |   441.1    409.7  0.00 |  0.0  1.0 0   0   0  0  1  0
  - 5.28s  --------    0  Y   Y  1.00  9.47 1.00 -  |   440.5    410.1  0.00 |  0.0  1.0 0   0   0  0  1  0
  - 5.17s  --------    0  Y   Y  1.00  9.58 1.00 -  |   440.0    410.5  0.00 |  0.0  1.0 0   0   0  0  1  0
  - 5.07s  --------    0  Y   Y  1.00  9.68 1.00 -  |   439.4    410.9  0.00 |  0.0  1.0 0   0   0  0  1  0
  - 4.97s  --------    0  Y   Y  1.00  9.78 1.00 -  |   438.8    411.3  0.00 |  0.0  1.0 0   0   0  0  1  0
  - 4.87s  --------    0  Y   Y  1.00  9.89 1.00 -  |   438.3    411.8  0.00 |  0.0  1.0 0   0   0  0  1  0
  - 4.77s  --------    0  Y   Y  1.00  9.99 1.00 -  |   437.7    412.1  0.00 |  0.0  1.0 0   0   0  0  1  0
  - 4.66s  --------    0  Y   Y  1.00 10.09 1.00 -  |   436.9    412.3  0.00 |  0.0  1.0 0   0   0  0  1  0
  - 4.56s  --------    0  Y   Y  1.00 10.20 1.00 -  |   436.2    412.4  0.00 |  0.0  1.0 0   0   0  0  1  0
  - 4.46s  --------    0  Y   Y  1.00 10.30 1.00 -  |   435.5    412.4  0.00 |  0.0  1.0 0   0   0  0  1  0
  - 4.35s  --------    0  Y   Y  1.00 10.40 1.00 -  |   434.8    412.3  0.00 |  0.0  1.0 0   0   0  0  1  0
  - 4.25s  --------    0  Y   Y  1.00 10.51 1.00 -  |   434.1    412.3  0.00 |  0.0  1.0 0   0   0  0  1  0
  - 4.15s  --------    0  Y   Y  1.00 10.61 1.00 -  |   433.4    412.2  0.00 |  0.0  1.0 0   0   0  0  1  0
  - 4.04s  --------    0  Y   Y  1.00 10.71 1.00 -  |   432.5    412.1  0.00 |  0.0  1.0 0   0   0  0  1  0
  - 3.94s  --------    0  Y   Y  1.00 10.82 1.00 -  |   431.8    412.1  0.00 |  0.0  1.0 0   0   0  0  1  0
  - 3.83s  --------    0  Y   Y  1.00 10.92 1.00 -  |   431.1    412.1  0.00 |  0.0  1.0 0   0   0  0  1  0
  - 3.72s  --------    0  Y   Y  1.00 11.03 1.00 -  |   430.3    412.3  0.00 |  0.0  1.0 0   0   0  0  1  0
  - 3.62s  --------    0  Y   Y  1.00 11.14 1.00 -  |   429.6    412.5  0.00 |  0.0  1.0 0   0   0  0  1  0
  - 3.51s  --------    0  Y   Y  1.00 11.24 1.00 -  |   429.0    412.8  0.00 |  0.0  1.0 0   0   0  0  1  0
  - 3.40s  --------    0  Y   Y  1.00 11.35 1.00 -  |   428.2    413.1  0.00 |  0.0  1.0 0   0   0  0  1  0
  - 3.29s  --------    0  Y   Y  1.00 11.46 1.00 -  |   427.6    413.4  0.00 | -1.0  1.0 0   0   0  0  1  0
  - 3.19s  --------    0  Y   Y  1.00 11.56 1.00 -  |   426.9    413.6  0.00 | -1.0  1.0 0   0   0  0  1  0
  - 3.08s  --------    0  Y   Y  1.00 11.67 1.00 -  |   426.1    413.5  0.00 |  0.0  1.0 0   0   0  0  1  0
  - 2.98s  --------    0  Y   Y  1.00 11.78 1.00 -  |   425.4    413.7  0.00 |  0.0  1.0 0   0   0  0  1  0
  - 2.88s  --------    0  Y   Y  1.00 11.88 1.00 -  |   424.7    413.9  0.00 |  0.0  1.0 0   0   0  0  1  0
  - 2.77s  --------    0  Y   Y  1.00 11.98 1.00 -  |   424.1    414.2  0.00 |  0.0  1.0 0   0   0  0  1  0
  - 2.67s  --------    0  Y   Y  1.00 12.08 1.00 -  |   423.5    414.5  0.00 |  0.0  1.0 0   0   0  0  1  0
  - 2.57s  --------    0  Y   Y  1.00 12.19 1.00 -  |   422.8    414.8  0.00 |  0.0  1.0 0   0   0  0  1  0
  - 2.46s  --------    0  Y   Y  1.00 12.29 1.00 -  |   422.1    415.1  0.00 |  0.0  1.0 0   0   0  0  1  0
  - 2.35s  --------    0  Y   Y  1.00 12.40 1.00 -  |   421.4    415.4  0.00 |  0.0  1.0 0   0   0  0  1  0
  - 2.25s  --------    0  Y   Y  1.00 12.51 1.00 -  |   420.8    415.7  0.00 |  0.0  1.0 0   0   0  0  1  0
  - 2.14s  --------    0  Y   Y  1.00 12.61 1.00 -  |   420.0    416.0  0.00 |  0.0  1.0 0   0   0  0  1  0
  - 2.04s  --------    0  Y   Y  1.00 12.72 1.00 -  |   419.3    416.1  0.00 |  0.0  1.0 0   0   0  0  1  0
  - 1.94s  --------    0  Y   Y  1.00 12.82 1.00 -  |   418.6    416.1  0.00 |  0.0  1.0 0   0   0  0  1  0
  - 1.83s  --------    0  Y   Y  1.00 12.92 1.00 -  |   417.9    416.1  0.00 |  0.0  1.0 0   0   0  0  1  0
  - 1.73s  --------    0  Y   Y  1.00 13.03 1.00 -  |   417.2    416.0  0.00 |  0.0  1.0 0   0   0  0  1  0
  - 1.63s  --------    0  Y   Y  1.00 13.13 1.00 -  |   416.5    415.8  0.00 |  0.0  1.0 0   0   0  0  1  0
  - 1.53s  --------    0  Y   Y  1.00 13.23 1.00 -  |   415.8    415.7  0.00 |  0.0  1.0 0   0   0  0  1  0
  - 1.43s  --------    0  Y   Y  1.00 13.33 1.00 -  |   415.2    415.5  0.00 |  0.0  1.0 0   0   0  0  1  0
  - 1.32s  --------    0  Y   Y  1.00 13.43 1.00 -  |   414.4    415.2  0.00 |  0.0  1.0 0   0   0  0  1  0
  - 1.22s  --------    0  Y   Y  1.00 13.53 1.00 -  |   413.7    415.0  0.00 |  0.0  1.0 0   0   0  0  1  0
  - 1.11s  --------    0  Y   Y  1.00 13.64 1.00 -  |   413.1    414.6  0.00 | -1.0  0.0 0   0   0  0  1  0
  - 1.00s  --------    0  Y   Y  1.00 13.75 1.00 -  |   412.7    414.1  0.00 | -1.0  0.0 0   0   0  0  1  0
  - 0.90s  --------    0  Y   Y  1.00 13.85 1.00 -  |   412.6    413.2  0.00 | -1.0  0.0 0   0   0  0  1  0
  - 0.80s  --------    0  Y   Y  1.00 13.96 1.00 -  |   412.7    412.5  0.00 | -1.0  0.0 0   0   0  0  1  0
  - 0.69s  --------    0  Y   Y  1.00 14.06 1.00 -  |   412.8    411.8  0.00 | -1.0  0.0 0   0   0  0  1  0
  - 0.59s  --------    0  Y   Y  1.00 14.16 1.00 -  |   412.8    411.1  0.00 | -1.0  0.0 0   0   0  0  1  0
  - 0.48s  --------    0  Y   Y  1.00 14.27 1.00 -  |   413.0    410.3  0.00 | -1.0  0.0 0   0   0  0  1  0
  - 0.38s  --------    0  Y   Y  1.00 14.38 1.00 -  |   413.2    409.6  0.00 | -1.0  0.0 0   0   0  0  1  0
  - 0.27s  --------    0  Y   Y  1.00 14.48 1.00 -  |   413.5    409.0  0.00 | -1.0  0.0 0   0   0  0  1  0
  - 0.17s  --------    0  Y   Y  1.00 14.59 1.00 -  |   413.8    408.4  0.00 | -1.0  0.0 0   0   0  0  1  0
  - 0.07s  --------    0  Y   Y  1.00 14.69 1.00 -  |   414.2    407.8  0.00 | -1.0  0.0 0   0   0  0  1  0
=========================================================== END

[  3477   21.867 x1.00] LOG  
==================== [FREEZE-DEBUG v3] ====================
  Reason : WASD-NOMOVE: WASD recent + speed 0.00m/s for 0.40s
  Time   : 18.807s   Frame: 3477   Snaps: 60
===========================================================

--- CURRENT STATE ---
  Flags: atk=False hvy=False dod=False dsh=False
         grd=False hit=False aerial=False lockPos=False
         comboStep=0
  Anim : speed=1.00  combatLayer hash=-792875657 normT=18.800 weight=1.00 inTransition=False
  CC   : grounded=True  enabled=True  pos=(436.25, -0.02, 409.77)  vel=(0.00, 0.00, 0.00)
  Move : IsRunning=True
  Input: H=0.00 V=1.00  LMB=False MMB=False Q=False Sp=False Sh=True C=False
         WASD pressed in last 0.5s: True (last 0.00s ago)

--- FLIGHT RECORDER (60 snapshots, oldest first, dt=0.10s) ---
  Legend: flags = A(tk) H(vy) D(od) S(sh) G(rd) R(eact) Y(aerial) L(ock)   gnd/cc: Y/n
  t-now    flags     step gnd cc anSp normT layW tr | posX     posZ     spd   | H    V    LMB MMB Q  Sp Sh C
  ------   --------  ---- --- -- ---- ----- ---- -- | -----    -----    ----  | ---- ---- --- --- -- -- -- -
  - 6.19s  --------    0  Y   Y  1.00 12.61 1.00 -  |   420.0    416.0  0.00 |  0.0  1.0 0   0   0  0  1  0
  - 6.09s  --------    0  Y   Y  1.00 12.72 1.00 -  |   419.3    416.1  0.00 |  0.0  1.0 0   0   0  0  1  0
  - 5.98s  --------    0  Y   Y  1.00 12.82 1.00 -  |   418.6    416.1  0.00 |  0.0  1.0 0   0   0  0  1  0
  - 5.88s  --------    0  Y   Y  1.00 12.92 1.00 -  |   417.9    416.1  0.00 |  0.0  1.0 0   0   0  0  1  0
  - 5.78s  --------    0  Y   Y  1.00 13.03 1.00 -  |   417.2    416.0  0.00 |  0.0  1.0 0   0   0  0  1  0
  - 5.67s  --------    0  Y   Y  1.00 13.13 1.00 -  |   416.5    415.8  0.00 |  0.0  1.0 0   0   0  0  1  0
  - 5.57s  --------    0  Y   Y  1.00 13.23 1.00 -  |   415.8    415.7  0.00 |  0.0  1.0 0   0   0  0  1  0
  - 5.47s  --------    0  Y   Y  1.00 13.33 1.00 -  |   415.2    415.5  0.00 |  0.0  1.0 0   0   0  0  1  0
  - 5.37s  --------    0  Y   Y  1.00 13.43 1.00 -  |   414.4    415.2  0.00 |  0.0  1.0 0   0   0  0  1  0
  - 5.27s  --------    0  Y   Y  1.00 13.53 1.00 -  |   413.7    415.0  0.00 |  0.0  1.0 0   0   0  0  1  0
  - 5.15s  --------    0  Y   Y  1.00 13.64 1.00 -  |   413.1    414.6  0.00 | -1.0  0.0 0   0   0  0  1  0
  - 5.05s  --------    0  Y   Y  1.00 13.75 1.00 -  |   412.7    414.1  0.00 | -1.0  0.0 0   0   0  0  1  0
  - 4.95s  --------    0  Y   Y  1.00 13.85 1.00 -  |   412.6    413.2  0.00 | -1.0  0.0 0   0   0  0  1  0
  - 4.84s  --------    0  Y   Y  1.00 13.96 1.00 -  |   412.7    412.5  0.00 | -1.0  0.0 0   0   0  0  1  0
  - 4.73s  --------    0  Y   Y  1.00 14.06 1.00 -  |   412.8    411.8  0.00 | -1.0  0.0 0   0   0  0  1  0
  - 4.63s  --------    0  Y   Y  1.00 14.16 1.00 -  |   412.8    411.1  0.00 | -1.0  0.0 0   0   0  0  1  0
  - 4.53s  --------    0  Y   Y  1.00 14.27 1.00 -  |   413.0    410.3  0.00 | -1.0  0.0 0   0   0  0  1  0
  - 4.42s  --------    0  Y   Y  1.00 14.38 1.00 -  |   413.2    409.6  0.00 | -1.0  0.0 0   0   0  0  1  0
  - 4.31s  --------    0  Y   Y  1.00 14.48 1.00 -  |   413.5    409.0  0.00 | -1.0  0.0 0   0   0  0  1  0
  - 4.21s  --------    0  Y   Y  1.00 14.59 1.00 -  |   413.8    408.4  0.00 | -1.0  0.0 0   0   0  0  1  0
  - 4.11s  --------    0  Y   Y  1.00 14.69 1.00 -  |   414.2    407.8  0.00 | -1.0  0.0 0   0   0  0  1  0
  - 4.00s  --------    0  Y   Y  1.00 14.79 1.00 -  |   414.6    407.1  0.00 | -1.0  0.0 0   0   0  0  1  0
  - 3.89s  --------    0  Y   Y  1.00 14.90 1.00 -  |   415.1    406.5  0.00 | -1.0  0.0 0   0   0  0  1  0
  - 3.78s  --------    0  Y   Y  1.00 15.01 1.00 -  |   415.8    406.2  0.00 | -1.0  0.0 0   0   0  0  1  0
  - 3.68s  --------    0  Y   Y  1.00 15.12 1.00 -  |   416.5    406.3  0.00 | -1.0  0.0 0   0   0  0  1  0
  - 3.58s  --------    0  Y   Y  1.00 15.22 1.00 -  |   417.2    406.6  0.00 | -1.0  0.0 0   0   0  0  1  0
  - 3.48s  --------    0  Y   Y  1.00 15.32 1.00 -  |   417.8    406.9  0.00 | -1.0  0.0 0   0   0  0  1  0
  - 3.37s  --------    0  Y   Y  1.00 15.42 1.00 -  |   418.4    407.3  0.00 | -1.0  0.0 0   0   0  0  1  0
  - 3.26s  --------    0  Y   Y  1.00 15.53 1.00 -  |   419.1    407.7  0.00 | -1.0  0.0 0   0   0  0  1  0
  - 3.16s  --------    0  Y   Y  1.00 15.62 1.00 -  |   419.7    408.0  0.00 | -1.0  0.0 0   0   0  0  1  0
  - 3.06s  --------    0  Y   Y  1.00 15.73 1.00 -  |   420.3    408.4  0.00 |  0.0  0.0 0   0   0  0  1  0
  - 2.96s  --------    0  Y   Y  1.00 15.84 1.00 -  |   420.9    408.7  0.00 |  0.0  1.0 0   0   0  0  1  0
  - 2.85s  --------    0  Y   Y  1.00 15.94 1.00 -  |   421.6    408.5  0.00 |  0.0  1.0 0   0   0  0  1  0
  - 2.75s  --------    0  Y   Y  1.00 16.05 1.00 -  |   422.0    407.9  0.00 |  0.0  1.0 0   0   0  0  1  0
  - 2.63s  --------    0  Y   Y  1.00 16.16 1.00 -  |   422.4    407.2  0.00 |  0.0  1.0 0   0   0  0  1  0
  - 2.52s  --------    0  Y   Y  1.00 16.27 1.00 -  |   422.8    406.4  0.00 |  0.0  1.0 0   0   0  0  1  0
  - 2.41s  --------    0  Y   Y  1.00 16.38 1.00 -  |   423.2    405.8  0.00 |  0.0  1.0 0   0   0  0  1  0
  - 2.31s  --------    0  Y   Y  1.00 16.49 1.00 -  |   423.5    405.2  0.00 |  0.0  1.0 0   0   0  0  1  0
  - 2.20s  --------    0  Y   Y  1.00 16.59 1.00 -  |   424.1    404.7  0.00 |  0.0  1.0 0   0   0  0  1  0
  - 2.10s  --------    0  Y   Y  1.00 16.70 1.00 -  |   424.7    404.3  0.00 |  0.0  1.0 0   0   0  0  1  0
  - 2.00s  --------    0  Y   Y  1.00 16.81 1.00 -  |   425.4    404.0  0.00 |  0.0  1.0 0   0   0  0  1  0
  - 1.89s  --------    0  Y   Y  1.00 16.90 1.00 -  |   426.0    403.7  0.00 |  0.0  1.0 0   0   0  0  1  0
  - 1.79s  --------    0  Y   Y  1.00 17.01 1.00 -  |   426.7    403.5  0.00 |  0.0  1.0 0   0   0  0  1  0
  - 1.68s  --------    0  Y   Y  1.00 17.11 1.00 -  |   427.5    403.2  0.00 |  0.0  1.0 0   0   0  0  1  0
  - 1.58s  --------    0  Y   Y  1.00 17.22 1.00 -  |   428.1    403.0  0.00 |  0.0  1.0 0   0   0  0  1  0
  - 1.48s  --------    0  Y   Y  1.00 17.31 1.00 -  |   428.8    402.9  0.00 |  0.0  1.0 0   0   0  0  1  0
  - 1.38s  --------    0  Y   Y  1.00 17.42 1.00 -  |   429.4    403.2  0.00 |  0.0  1.0 0   0   0  0  1  0
  - 1.28s  --------    0  Y   Y  1.00 17.52 1.00 -  |   429.9    403.6  0.00 |  0.0  1.0 0   0   0  0  1  0
  - 1.18s  --------    0  Y   Y  1.00 17.62 1.00 -  |   430.4    404.2  0.00 |  0.0  1.0 0   0   0  0  1  0
  - 1.08s  --------    0  Y   Y  1.00 17.72 1.00 -  |   430.9    404.7  0.00 |  0.0  1.0 0   0   0  0  1  0
  - 0.97s  --------    0  Y   Y  1.00 17.83 1.00 -  |   431.3    405.2  0.00 |  0.0  1.0 0   0   0  0  1  0
  - 0.87s  --------    0  Y   Y  1.00 17.93 1.00 -  |   431.8    405.8  0.00 |  0.0  1.0 0   0   0  0  1  0
  - 0.76s  --------    0  Y   Y  1.00 18.03 1.00 -  |   432.3    406.4  0.00 |  0.0  1.0 0   0   0  0  1  0
  - 0.66s  --------    0  Y   Y  1.00 18.13 1.00 -  |   432.7    407.0  0.00 |  0.0  1.0 0   0   0  0  1  0
  - 0.55s  --------    0  Y   Y  1.00 18.24 1.00 -  |   433.2    407.5  0.00 |  0.0  1.0 0   0   0  0  1  0
  - 0.45s  --------    0  Y   Y  1.00 18.35 1.00 -  |   433.6    408.1  0.00 |  0.0  1.0 0   0   0  0  1  0
  - 0.34s  --------    0  Y   Y  1.00 18.46 1.00 -  |   434.2    408.7  0.00 |  0.0  1.0 0   0   0  0  1  0
  - 0.24s  --------    0  Y   Y  1.00 18.56 1.00 -  |   434.7    409.1  0.00 |  0.0  1.0 0   0   0  0  1  0
  - 0.14s  --------    0  Y   Y  1.00 18.66 1.00 -  |   435.3    409.5  0.00 |  0.0  1.0 0   0   0  0  1  0
  - 0.03s  --------    0  Y   Y  1.00 18.77 1.00 -  |   436.0    409.7  0.00 |  0.0  1.0 0   0   0  0  1  0
=========================================================== END

[  3776   24.056 x1.00] LOG  [StormWeather] ⚡ strike at (485.71, 45.00, 449.37)
[  4042   25.917 x1.00] LOG  
==================== [FREEZE-DEBUG v3] ====================
  Reason : WASD-NOMOVE: WASD recent + speed 0.00m/s for 0.40s
  Time   : 22.857s   Frame: 4042   Snaps: 60
===========================================================

--- CURRENT STATE ---
  Flags: atk=False hvy=False dod=False dsh=False
         grd=False hit=False aerial=False lockPos=False
         comboStep=0
  Anim : speed=1.00  combatLayer hash=-792875657 normT=22.853 weight=1.00 inTransition=False
  CC   : grounded=True  enabled=True  pos=(460.80, -0.02, 414.23)  vel=(0.00, 0.00, 0.00)
  Move : IsRunning=True
  Input: H=0.00 V=1.00  LMB=False MMB=False Q=False Sp=False Sh=True C=False
         WASD pressed in last 0.5s: True (last 0.00s ago)

--- FLIGHT RECORDER (60 snapshots, oldest first, dt=0.10s) ---
  Legend: flags = A(tk) H(vy) D(od) S(sh) G(rd) R(eact) Y(aerial) L(ock)   gnd/cc: Y/n
  t-now    flags     step gnd cc anSp normT layW tr | posX     posZ     spd   | H    V    LMB MMB Q  Sp Sh C
  ------   --------  ---- --- -- ---- ----- ---- -- | -----    -----    ----  | ---- ---- --- --- -- -- -- -
  - 6.15s  --------    0  Y   Y  1.00 16.70 1.00 -  |   424.7    404.3  0.00 |  0.0  1.0 0   0   0  0  1  0
  - 6.05s  --------    0  Y   Y  1.00 16.81 1.00 -  |   425.4    404.0  0.00 |  0.0  1.0 0   0   0  0  1  0
  - 5.94s  --------    0  Y   Y  1.00 16.90 1.00 -  |   426.0    403.7  0.00 |  0.0  1.0 0   0   0  0  1  0
  - 5.84s  --------    0  Y   Y  1.00 17.01 1.00 -  |   426.7    403.5  0.00 |  0.0  1.0 0   0   0  0  1  0
  - 5.73s  --------    0  Y   Y  1.00 17.11 1.00 -  |   427.5    403.2  0.00 |  0.0  1.0 0   0   0  0  1  0
  - 5.63s  --------    0  Y   Y  1.00 17.22 1.00 -  |   428.1    403.0  0.00 |  0.0  1.0 0   0   0  0  1  0
  - 5.53s  --------    0  Y   Y  1.00 17.31 1.00 -  |   428.8    402.9  0.00 |  0.0  1.0 0   0   0  0  1  0
  - 5.43s  --------    0  Y   Y  1.00 17.42 1.00 -  |   429.4    403.2  0.00 |  0.0  1.0 0   0   0  0  1  0
  - 5.33s  --------    0  Y   Y  1.00 17.52 1.00 -  |   429.9    403.6  0.00 |  0.0  1.0 0   0   0  0  1  0
  - 5.23s  --------    0  Y   Y  1.00 17.62 1.00 -  |   430.4    404.2  0.00 |  0.0  1.0 0   0   0  0  1  0
  - 5.13s  --------    0  Y   Y  1.00 17.72 1.00 -  |   430.9    404.7  0.00 |  0.0  1.0 0   0   0  0  1  0
  - 5.02s  --------    0  Y   Y  1.00 17.83 1.00 -  |   431.3    405.2  0.00 |  0.0  1.0 0   0   0  0  1  0
  - 4.92s  --------    0  Y   Y  1.00 17.93 1.00 -  |   431.8    405.8  0.00 |  0.0  1.0 0   0   0  0  1  0
  - 4.81s  --------    0  Y   Y  1.00 18.03 1.00 -  |   432.3    406.4  0.00 |  0.0  1.0 0   0   0  0  1  0
  - 4.71s  --------    0  Y   Y  1.00 18.13 1.00 -  |   432.7    407.0  0.00 |  0.0  1.0 0   0   0  0  1  0
  - 4.60s  --------    0  Y   Y  1.00 18.24 1.00 -  |   433.2    407.5  0.00 |  0.0  1.0 0   0   0  0  1  0
  - 4.50s  --------    0  Y   Y  1.00 18.35 1.00 -  |   433.6    408.1  0.00 |  0.0  1.0 0   0   0  0  1  0
  - 4.39s  --------    0  Y   Y  1.00 18.46 1.00 -  |   434.2    408.7  0.00 |  0.0  1.0 0   0   0  0  1  0
  - 4.29s  --------    0  Y   Y  1.00 18.56 1.00 -  |   434.7    409.1  0.00 |  0.0  1.0 0   0   0  0  1  0
  - 4.19s  --------    0  Y   Y  1.00 18.66 1.00 -  |   435.3    409.5  0.00 |  0.0  1.0 0   0   0  0  1  0
  - 4.08s  --------    0  Y   Y  1.00 18.77 1.00 -  |   436.0    409.7  0.00 |  0.0  1.0 0   0   0  0  1  0
  - 3.98s  --------    0  Y   Y  1.00 18.87 1.00 -  |   436.6    409.9  0.00 |  0.0  1.0 0   0   0  0  1  0
  - 3.88s  --------    0  Y   Y  1.00 18.97 1.00 -  |   437.3    410.1  0.00 |  0.0  1.0 0   0   0  0  1  0
  - 3.77s  --------    0  Y   Y  1.00 19.06 1.00 -  |   438.1    410.4  0.00 |  0.0  1.0 0   0   0  0  1  0
  - 3.67s  --------    0  Y   Y  1.00 19.18 1.00 -  |   438.8    410.6  0.00 |  0.0  1.0 0   0   0  0  1  0
  - 3.56s  --------    0  Y   Y  1.00 19.29 1.00 -  |   439.4    410.8  0.00 |  0.0  1.0 0   0   0  0  1  0
  - 3.46s  --------    0  Y   Y  1.00 19.39 1.00 -  |   440.1    411.0  0.00 |  0.0  1.0 0   0   0  0  1  0
  - 3.35s  --------    0  Y   Y  1.00 19.49 1.00 -  |   440.9    411.3  0.00 |  0.0  1.0 0   0   0  0  1  0
  - 3.25s  --------    0  Y   Y  1.00 19.60 1.00 -  |   441.6    411.5  0.00 |  0.0  1.0 0   0   0  0  1  0
  - 3.14s  --------    0  Y   Y  1.00 19.70 1.00 -  |   442.3    411.7  0.00 |  0.0  1.0 0   0   0  0  1  0
  - 3.04s  --------    0  Y   Y  1.00 19.81 1.00 -  |   442.9    411.8  0.00 |  0.0  1.0 0   0   0  0  1  0
  - 2.93s  --------    0  Y   Y  1.00 19.92 1.00 -  |   443.8    412.0  0.00 |  0.0  1.0 0   0   0  0  1  0
  - 2.81s  --------    0  Y   Y  1.00 20.02 1.00 -  |   444.6    412.1  0.00 |  0.0  1.0 0   0   0  0  1  0
  - 2.70s  --------    0  Y   Y  1.00 20.14 1.00 -  |   445.3    412.2  0.00 |  0.0  1.0 0   0   0  0  1  0
  - 2.59s  --------    0  Y   Y  1.00 20.25 1.00 -  |   446.1    412.3  0.00 |  0.0  1.0 0   0   0  0  1  0
  - 2.49s  --------    0  Y   Y  1.00 20.36 1.00 -  |   446.8    412.4  0.00 |  0.0  1.0 0   0   0  0  1  0
  - 2.39s  --------    0  Y   Y  1.00 20.46 1.00 -  |   447.5    412.5  0.00 |  0.0  1.0 0   0   0  0  1  0
  - 2.29s  --------    0  Y   Y  1.00 20.56 1.00 -  |   448.2    412.6  0.00 |  0.0  1.0 0   0   0  0  1  0
  - 2.18s  --------    0  Y   Y  1.00 20.67 1.00 -  |   448.9    412.6  0.00 |  0.0  1.0 0   0   0  0  1  0
  - 2.08s  --------    0  Y   Y  1.00 20.75 1.00 -  |   449.6    412.8  0.00 |  0.0  1.0 0   0   0  0  1  0
  - 1.97s  --------    0  Y   Y  1.00 20.87 1.00 -  |   450.4    413.1  0.00 |  0.0  1.0 0   0   0  0  1  0
  - 1.87s  --------    0  Y   Y  1.00 20.98 1.00 -  |   451.0    413.3  0.00 |  0.0  1.0 0   0   0  0  1  0
  - 1.76s  --------    0  Y   Y  1.00 21.09 1.00 -  |   451.6    413.7  0.00 |  0.0  1.0 0   0   0  0  1  0
  - 1.66s  --------    0  Y   Y  1.00 21.19 1.00 -  |   452.2    414.1  0.00 |  0.0  1.0 0   0   0  0  1  0
  - 1.56s  --------    0  Y   Y  1.00 21.29 1.00 -  |   452.6    414.7  0.00 |  0.0  1.0 0   0   0  0  1  0
  - 1.45s  --------    0  Y   Y  1.00 21.40 1.00 -  |   453.1    415.4  0.00 |  0.0  1.0 0   0   0  0  1  0
  - 1.34s  --------    0  Y   Y  1.00 21.50 1.00 -  |   453.4    416.0  0.00 |  0.0  1.0 0   0   0  0  1  0
  - 1.24s  --------    0  Y   Y  1.00 21.61 1.00 -  |   453.8    416.6  0.00 |  0.0  1.0 0   0   0  0  1  0
  - 1.14s  --------    0  Y   Y  1.00 21.70 1.00 -  |   454.2    417.1  0.00 |  0.0  1.0 0   0   0  0  1  0
  - 1.04s  --------    0  Y   Y  1.00 21.81 1.00 -  |   454.8    417.6  0.00 |  0.0  1.0 0   0   0  0  1  0
  - 0.94s  --------    0  Y   Y  1.00 21.91 1.00 -  |   455.5    417.6  0.00 |  0.0  1.0 0   0   0  0  1  0
  - 0.83s  --------    0  Y   Y  1.00 22.02 1.00 -  |   456.3    417.5  0.00 |  0.0  1.0 0   0   0  0  1  0
  - 0.72s  --------    0  Y   Y  1.00 22.12 1.00 -  |   457.0    417.3  0.00 |  0.0  1.0 0   0   0  0  1  0
  - 0.62s  --------    0  Y   Y  1.00 22.23 1.00 -  |   457.6    417.1  0.00 |  0.0  1.0 0   0   0  0  1  0
  - 0.52s  --------    0  Y   Y  1.00 22.32 1.00 -  |   458.2    416.8  0.00 |  0.0  1.0 0   0   0  0  1  0
  - 0.42s  --------    0  Y   Y  1.00 22.43 1.00 -  |   458.8    416.4  0.00 |  0.0  1.0 0   0   0  0  1  0
  - 0.32s  --------    0  Y   Y  1.00 22.53 1.00 -  |   459.5    415.8  0.00 |  0.0  1.0 0   0   0  0  1  0
  - 0.21s  --------    0  Y   Y  1.00 22.63 1.00 -  |   459.9    415.3  0.00 |  0.0  1.0 0   0   0  0  1  0
  - 0.11s  --------    0  Y   Y  1.00 22.74 1.00 -  |   460.4    414.8  0.00 |  0.0  1.0 0   0   0  0  1  0
  - 0.01s  --------    0  Y   Y  1.00 22.85 1.00 -  |   460.8    414.2  0.00 |  0.0  1.0 0   0   0  0  1  0
=========================================================== END

[  4617   29.817 x1.00] LOG  [StormWeather] terrain layers restored to dry values.
# end — 63 lines
