# Oni combat log — 2026-09-15 14:28:15
# Unity 6000.2.7f2 | scene 'CaveScene_Oni_Boss1' | platform OSXEditor
# columns: [frame realSeconds timeScale] KIND message      (KIND: LOG WARN ERR EXC TEL)
#
[     0    0.000 x1.00] LOG  [OniLog] console + telemetry → /Users/asenahazal/Documents/Yoru/OniLogs/oni_2026-09-15_14-28-15.log
[     0    0.000 x1.00] LOG  [OniHairShadows] shadow casting off on 27 hair renderers
[     0    0.000 x1.00] LOG  [RingMesh] Auto-found 11/11 left, 11/11 right meshes
[     1    0.000 x1.00] LOG  [BossBar] BossHealthBarUI initialized
[     1    0.000 x1.00] LOG  [StormWeather] layer 'TerrainLayer_Dirt_01' dry smoothness=0.00 (restore to this if a crash ever leaves it wet)
[     1    0.000 x1.00] LOG  [StormWeather] post volumes ready on layer 9 (storm priority 10, flash priority 11).
[     1    0.000 x1.00] LOG  [StormWeather] ROUND 80: fur weather ready on 'Weather Zone'. Rain 0, wind 0.50 in the open, sky check 30 m from 'PlayerYoru_1.1'.
[     1    0.000 x1.00] LOG  [StormWeather] COZY bridge: Rain_Cave retired, COZY owns the rain now.
[     1    0.000 x1.00] LOG  [StormWeather] COZY → 'Clear' (pre-fight - open sky, 0 s)
[     1    0.000 x1.00] LOG  [StormWeather] Ready. Open sky, dry floor. Waiting for the fight.
[     1    0.000 x1.00] LOG  OniBoss initialized with 500 HP
[     1    0.000 x1.00] LOG  [OniBoss] ANIMATOR SETUP: cullingMode=CullUpdateTransforms updateMode=Normal applyRootMotion=False speed=1
[     1    0.000 x1.00] LOG  [OniBoss] Initialized
[     1    0.000 x1.00] LOG  [OniBoss:Layer] facing: minFlat 1m, snapOnAttack off, trackInHitReact off
[     1    0.000 x1.00] LOG  [OniBoss:Layer] Yoru launch model ON: launches ALL THE WAY to an enemy within 4.7m of its surface at 10m/s (stop gap 0.00m, NO minimum distance), else steps 0.90m forward. Targeting cone left exactly as her prefab has it.
[     1    0.000 x1.00] LOG  [OniBoss:Layer] Yoru launch ROUND 9: airborne attacks launch too (ON), edge probe now runs on its OWN layer mask (Everything) instead of the line-of-sight mask - the Ground-only mask found no floor in this cave and was cancelling 100% of launches at 0.00m travelled.
[     1    0.000 x1.00] LOG  [OniBoss:Layer] animator speed x1.35 — his 1.13s swing now plays in 0.84s.
[     1    0.000 x1.00] LOG  [OniBoss:Layer] chase speed pushed: phase1 4.5, phase2 5.5 (Yoru runs at 7).
[     1    0.000 x1.00] LOG  [OniBoss:Layer] ground wave ON (round 38): half the club's damage on TOUCH, 12m/s x 6.0m from 1.6m in front at 0.35m height — a club hit cancels that swing's wave, jumping clears it. Per-attack effects come from the Swing Wave VFX By Attack rows. PlayerHealth found, PlayerMovement found.
[     1    0.000 x1.00] LOG  [StormWeather] storm break HELD (waiting for the lightning beat)
[     1    0.000 x1.00] LOG  [OniBoss:Layer] storm break HELD — it releases at the lightning-on-the-club beat.
[     1    0.000 x1.00] LOG  [OniBoss:Layer] club tracking ON — tip 'Kanabo3' (depth 4), shaft root 'kanabo'.
[     1    0.000 x1.00] LOG  [OniBoss:Layer] skinned meshes: 46 renderer(s), updateWhenOffscreen ON, body renderer 'Body' rootBone 'Hips'
[     1    0.000 x1.00] LOG  [OniBoss:Layer] charge travel bone: 'Hips' at depth 1 under 'OniBoss', rest local (0.00, 3.24, -0.24)
[     1    0.000 x1.00] LOG  [OniBoss:Layer] anti-kite ON: thrown swing after 4s of failed chase (within 7.6m), charge after 6s.
[     1    0.000 x1.00] LOG  [OniBoss:Layer] charge drive ON (windup to 0.40 at x1.3, rush 14m/s stops at 2.6m, steers 0.35s then commits, strike section from 0.58, strike moment 0.76, trail VFX off)
[     1    0.000 x1.00] LOG  [OniBoss:Layer] attack armor ON (his swings are not interrupted by light/medium hits; heavy hits and rapid-hit bursts still stop him)
[     1    0.000 x1.00] LOG  [OniBoss:Layer] strike moments overridden: Club_Swing=0.42 ClubSwing2=0.32 ClubSlam=0.85 KanaboSweep=0.48
[     1    0.000 x1.00] LOG  [OniBoss:Layer] club TOUCH hits ON (radius 0.70m, min tip speed 50m/s, armed from 0.20 of the clip): Club_Swing ClubSwing2 ClubSlam KanaboSweep. First touch wins — club full damage, wave half, one hit per swing.
[     1    0.000 x1.00] LOG  [OniBoss:Layer] combo damage ramp ON: mid x1.25, finisher x1.50 — finisher wave carries FULL damage at x2.0 size, x2.0 travel.
[     1    0.000 x1.00] LOG  [OniBoss:Layer] charge follow-up ON: 90 % of solo charges chain into a random melee finisher.
[     1    0.000 x1.00] LOG  [OniBoss:Layer] hold-ground ON (backstep 1.5m @ 1.6m/s after own attacks, watch 'Watch', attack facing LOCKED)
[     1    0.000 x1.00] LOG  [OniBoss:Layer] OniBoss layer ready (reactions, wake-on-hit, watch stance, boss bar). player=found
[     1    0.000 x1.00] LOG  [OniBoss:Layer] charge clip 'Oni Charge.fbx' imports with Root Motion Node = None (in place) — good.
[     1    0.000 x1.00] LOG  [OniBoss:Layer] clips importing with Root Transform Position (Y) NOT baked into pose (12): Oni_Alert(Oni Alert), Club_Slam(Oni Club Slam), Club_Swing(Oni Club Swing), Club_swing2(Oni Club Swing 2), Death(Oni Death Kneel), Hit_react_light(Oni Hit react lighter light), KanaboSweep(Oni Kanabo sweep), Phase_Transition(Oni Phase transition), run(Oni Run), Walk(Oni Walk), Watch(Oni Watch), Idle(Oni Idle) — their hips' up/down motion is stripped (see round notes; optional).
[     1    0.000 x1.00] LOG  === VFX MANAGER INITIALIZED ===
[     1    0.000 x1.00] LOG  Auto-detect animations: False
[     1    0.000 x1.00] LOG  Parent effects to tail: True
[     1    0.000 x1.00] LOG  Prefabs: Jump=True, Land=True, LTail=True, RTail=True
[     1    0.000 x1.00] LOG  ✅ Left Tail Tip: LeftTailTip_Anchor
[     1    0.000 x1.00] LOG  ✅ Right Tail Tip: RightTailTip_Anchor
[     1    0.000 x1.00] LOG  [VolumetricFogController] applyPresets is OFF in this scene. The Volumetric Fog component keeps its hand-set inspector values.
[     1    0.000 x1.00] LOG  [TailAirShot] Ready. drawState=RightTail_Fast castParam=TailCastSpeed (found)
  arrow leaves: PlayerYoru_1.1/Cat_All_10_Tails_v4/Group/DeformationSystem/root/Root_M/Tail15_R/Tail151_R/Tail152_R/Tail153_R/Tail154_R/Tail155_R/Tail156_R/Tail157_R/Tail158_R/Tail159_R/Tail1510_R/Tail1511_R/Tail1512_R/Tail6_R/Tail6_R_end/Tail6_R_end_end/Tail6_R_end_end_end/RightTailTip_Anchor
  aim VFX: PlayerYoru_1.1/Cat_All_10_Tails_v4/Group/DeformationSystem/root/Root_M/Tail15_R/Tail151_R/Tail152_R/Tail153_R/Tail154_R/Tail155_R/Tail156_R/Tail157_R/Tail158_R/Tail159_R/Tail1510_R/Tail1511_R/Tail1512_R/Tail6_R/Tail6_R_end/Tail6_R_end_end/Tail6_R_end_end_end/RightTailTip_Anchor/vfx_Muzzle_Fireball01Blue
[     1    0.000 x1.00] LOG  [RingMesh] VFX Status:
[     1    0.000 x1.00] LOG    Left: Prefab=✓, Spawn=Tail6_L_end_end_end
[     1    0.000 x1.00] LOG    Right: Prefab=✓, Spawn=Tail6_R_end_end_end
[     1    0.000 x1.00] LOG  [TailAirShot4Leg] Ready. drawState=shoot_4Leg castParam=Shoot4LegSpeed (found) readyFrame=5 fireFrame=10 frames=24 slowBudget=3s real damageMultiplier=2.00
  arrow leaves: PlayerYoru_1.1/Cat_All_10_Tails_v4/Group/DeformationSystem/root/Root_M/Tail15_R/Tail151_R/Tail152_R/Tail153_R/Tail154_R/Tail155_R/Tail156_R/Tail157_R/Tail158_R/Tail159_R/Tail1510_R/Tail1511_R/Tail1512_R/Tail6_R/Tail6_R_end/Tail6_R_end_end/Tail6_R_end_end_end/RightTailTip_Anchor
  aim VFX left:  PlayerYoru_1.1/Cat_All_10_Tails_v4/Group/DeformationSystem/root/Root_M/Tail15_L/Tail151_L/Tail152_L/Tail153_L/Tail154_L/Tail155_L/Tail156_L/Tail157_L/Tail158_L/Tail159_L/Tail1510_L/Tail1511_L/Tail1512_L/Tail6_L/Tail6_L_end/Tail6_L_end_end/Tail6_L_end_end_end/LeftTailTip_Anchor/Glow_4Leg_L
  aim VFX right: PlayerYoru_1.1/Cat_All_10_Tails_v4/Group/DeformationSystem/root/Root_M/Tail15_R/Tail151_R/Tail152_R/Tail153_R/Tail154_R/Tail155_R/Tail156_R/Tail157_R/Tail158_R/Tail159_R/Tail1510_R/Tail1511_R/Tail1512_R/Tail6_R/Tail6_R_end/Tail6_R_end_end/Tail6_R_end_end_end/RightTailTip_Anchor/Glow_4Leg_R
[     1    0.000 x1.00] LOG  [PlayerCombat] Phase 2 form gate CONNECTED (FormController found on this GameObject).
[     1    0.000 x1.00] LOG  [Combat] PlayerCombat initialized, Phase 3C v27
[     1    0.000 x1.00] LOG  [CameraGameFeel] CameraGameFeel initialized (shake + FOV)
[     1    2.702 x1.00] LOG  [OniBoss] Playing animation: Idle
[     1    2.702 x1.00] LOG  [OniBoss:Layer] watch stance ON (player 13.4m)
[    17    3.695 x1.00] LOG  💨 Landing VFX spawned!
[    17    3.695 x1.00] LOG  ✅ LANDED! (was jump #0)
[    58    3.885 x1.00] LOG  🚶 2-LEG JUMP
[    58    3.885 x1.00] LOG  🐾 Jump 1 VFX spawned!
[   112    4.195 x1.00] LOG  [ComboTrace] LAUNCH STEP (no enemy) dist=0.90m in 0.13s [AIRBORNE]
[   112    4.195 x1.00] LOG  [Combat] Aerial spin, 25 dmg
[   112    4.195 x1.00] LOG  [YoruVFX] Air spin VFX spawned at CenterVFX. PS found: True
[   112    4.195 x1.00] LOG  [AirPosePin] engaged, holding body at 1.528m above the transform
[   125    4.330 x1.00] LOG  [ComboTrace] LAUNCH RESULT wanted=0.90m actually moved=0.96m, completed
[   196    4.807 x1.00] LOG  💨 Landing VFX spawned!
[   196    4.807 x1.00] LOG  ✅ LANDED! (was jump #1)
[   196    4.807 x1.00] LOG  [AirPosePin] released, peak correction was 0.765m
[   210    4.882 x1.00] LOG  [YoruVFX] Spin VFX stopped
[   216    4.905 x1.00] LOG  [ComboTrace] END step=3 clipProgress=0.90 clipLen=0.79s queued=0 elapsed=0.71s
[   352    5.568 x1.00] LOG  🚶 2-LEG JUMP
[   352    5.568 x1.00] LOG  🐾 Jump 1 VFX spawned!
[   421    5.963 x1.00] LOG  [ComboTrace] LAUNCH STEP (no enemy) dist=0.90m in 0.13s [AIRBORNE]
[   421    5.963 x1.00] LOG  [Combat] Aerial spin, 25 dmg
[   421    5.963 x1.00] LOG  [YoruVFX] Air spin VFX spawned at CenterVFX. PS found: True
[   421    5.963 x1.00] LOG  [AirPosePin] engaged, holding body at 1.730m above the transform
[   435    6.092 x1.00] LOG  [ComboTrace] LAUNCH RESULT wanted=0.90m actually moved=0.96m, completed
[   501    6.510 x1.00] LOG  💨 Landing VFX spawned!
[   501    6.510 x1.00] LOG  ✅ LANDED! (was jump #1)
[   501    6.510 x1.00] LOG  [AirPosePin] released, peak correction was 0.946m
[   525    6.646 x1.00] LOG  [YoruVFX] Spin VFX stopped
[   531    6.692 x1.00] LOG  [ComboTrace] END step=3 clipProgress=0.92 clipLen=0.79s queued=0 elapsed=0.73s
[   673    7.416 x1.00] LOG  🚶 2-LEG JUMP
[   673    7.416 x1.00] LOG  🐾 Jump 1 VFX spawned!
[   724    7.713 x1.00] LOG  [ComboTrace] LAUNCH STEP (no enemy) dist=0.90m in 0.13s [AIRBORNE]
[   724    7.713 x1.00] LOG  [Combat] Aerial spin, 25 dmg
[   724    7.713 x1.00] LOG  [YoruVFX] Air spin VFX spawned at CenterVFX. PS found: True
[   724    7.713 x1.00] LOG  [AirPosePin] engaged, holding body at 1.216m above the transform
[   738    7.834 x1.00] LOG  [ComboTrace] LAUNCH RESULT wanted=0.90m actually moved=0.95m, completed
[   816    8.353 x1.00] LOG  💨 Landing VFX spawned!
[   816    8.353 x1.00] LOG  ✅ LANDED! (was jump #1)
[   816    8.353 x1.00] LOG  [AirPosePin] released, peak correction was 0.461m
[   824    8.401 x1.00] LOG  [YoruVFX] Spin VFX stopped
[   830    8.425 x1.00] LOG  [ComboTrace] END step=3 clipProgress=0.90 clipLen=0.79s queued=0 elapsed=0.71s
[   864    8.615 x1.00] LOG  [Combat] Combo 1: 10 dmg
[   864    8.615 x1.00] LOG  [ComboTrace] START step=1 state='Combo1' queued=0 target=none: no collider on enemyLayer within 8m
[   864    8.615 x1.00] LOG  [ComboTrace] LAUNCH STEP (no enemy) dist=0.90m in 0.13s
[   879    8.749 x1.00] LOG  [ComboTrace] LAUNCH RESULT wanted=0.90m actually moved=0.90m, completed
[   888    8.796 x1.00] LOG  [Combat] Queued click #1 (combo 1)
[   888    8.796 x1.00] LOG  [ComboTrace] QUEUED #1 during step 1
[   924    8.990 x1.00] LOG  [Combat] Queued click #2 (combo 1)
[   924    8.990 x1.00] LOG  [ComboTrace] QUEUED #2 during step 1
[   967    9.185 x1.00] LOG  [ComboTrace] CLICK IGNORED (step=1 queued=2)
[  1009    9.383 x1.00] LOG  [ComboTrace] CLICK IGNORED (step=1 queued=2)
[  1010    9.388 x1.00] LOG  🐾 VFX_AttackPaw triggered!
[  1039    9.527 x1.00] LOG  [Combat] Combo 2: 20 dmg
[  1039    9.527 x1.00] LOG  [ComboTrace] START step=2 state='Combo2' queued=1 target=none: no collider on enemyLayer within 8m
[  1039    9.527 x1.00] LOG  [ComboTrace] LAUNCH STEP (no enemy) dist=0.90m in 0.13s
[  1045    9.576 x1.00] LOG  [ComboTrace] CLICK DROPPED by attackCooldown (0.10s, 0.05s since last attack) step=2
[  1055    9.662 x1.00] LOG  [ComboTrace] LAUNCH RESULT wanted=0.90m actually moved=0.90m, completed
[  1082    9.784 x1.00] LOG  [Combat] Queued click #2 (combo 2)
[  1082    9.784 x1.00] LOG  [ComboTrace] QUEUED #2 during step 2
[  1123    9.989 x1.00] LOG  [ComboTrace] CLICK IGNORED (step=2 queued=2)
[  1164   10.194 x1.00] LOG  [ComboTrace] CLICK IGNORED (step=2 queued=2)
[  1198   10.338 x1.00] LOG  🐾🐾 VFX_TowPaw triggered!
[  1206   10.379 x1.00] LOG  [ComboTrace] CLICK IGNORED (step=2 queued=2)
[  1306   10.823 x1.00] LOG  🐾🐾 VFX_TowPaw triggered!
[  1315   10.861 x1.00] LOG  [Combat] Combo 3: 35 dmg
[  1315   10.861 x1.00] LOG  [ComboTrace] START step=3 state='Combo3' queued=1 target='OniBoss' at 9.8m
[  1315   10.861 x1.00] LOG  [ComboTrace] LAUNCH STEP (too far: OniBoss at 7.4m > engage 4.7m) dist=0.90m in 0.13s
[  1315   10.861 x1.00] LOG  [YoruVFX] Ground spin VFX spawned at CenterVFX. PS found: True
[  1329   10.991 x1.00] LOG  [ComboTrace] LAUNCH RESULT wanted=0.90m actually moved=0.90m, completed
[  1436   11.551 x1.00] LOG  [YoruVFX] Spin VFX stopped
[  1451   11.630 x1.00] LOG  [ComboTrace] END step=3 clipProgress=0.95 clipLen=0.79s queued=0 elapsed=0.77s
[  5492   31.260 x1.00] WARN Could not create a custom UI for the shader 'Vefects/SH_Vefects_BIRP_Area_Indicator_01'. The shader has the following: 'CustomEditor = ASEMaterialInspector'. Does the custom editor specified include its namespace? And does the class either derive from ShaderGUI or MaterialEditor?
[  6302   35.551 x1.00] LOG  [StormWeather] terrain layers restored to dry values.
# end — 122 lines
